#
# There is insufficient memory for the Java Runtime Environment to continue.
# Native memory allocation (malloc) failed to allocate 946016 bytes. Error detail: Chunk::new
# Possible reasons:
#   The system is out of physical RAM or swap space
#   This process is running with CompressedOops enabled, and the Java Heap may be blocking the growth of the native heap
# Possible solutions:
#   Reduce memory load on the system
#   Increase physical memory or swap space
#   Check if swap backing store is full
#   Decrease Java heap size (-Xmx/-Xms)
#   Decrease number of Java threads
#   Decrease Java thread stack sizes (-Xss)
#   Set larger code cache with -XX:ReservedCodeCacheSize=
#   JVM is running with Unscaled Compressed Oops mode in which the Java heap is
#     placed in the first 4GB address space. The Java Heap base address is the
#     maximum limit for the native heap growth. Please use -XX:HeapBaseMinAddress
#     to set the Java Heap base and to place the Java Heap above 4GB virtual address.
# This output file may be truncated or incomplete.
#
#  Out of Memory Error (arena.cpp:168), pid=16392, tid=16468
#
# JRE version: OpenJDK Runtime Environment Temurin-21.0.10+7 (21.0.10+7) (build 21.0.10+7-LTS)
# Java VM: OpenJDK 64-Bit Server VM Temurin-21.0.10+7 (21.0.10+7-LTS, mixed mode, sharing, tiered, compressed oops, compressed class ptrs, parallel gc, windows-amd64)
# No core dump will be written. Minidumps are not enabled by default on client versions of Windows
#

---------------  S U M M A R Y ------------

Command Line: --add-modules=ALL-SYSTEM --add-opens=java.base/java.util=ALL-UNNAMED --add-opens=java.base/java.lang=ALL-UNNAMED --add-opens=java.base/sun.nio.fs=ALL-UNNAMED -Declipse.application=org.eclipse.jdt.ls.core.id1 -Dosgi.bundles.defaultStartLevel=4 -Declipse.product=org.eclipse.jdt.ls.core.product -Djava.import.generatesMetadataFilesAtProjectRoot=false -DDetectVMInstallationsJob.disabled=true -Dfile.encoding=utf8 -XX:+UseParallelGC -XX:GCTimeRatio=4 -XX:AdaptiveSizePolicyWeight=90 -Dsun.zip.disableMemoryMapping=true -Xmx2G -Xms100m -Xlog:disable -javaagent:c:\Users\jibri\.antigravity\extensions\redhat.java-1.54.0-win32-x64\lombok\lombok-1.18.39-4050.jar -XX:+HeapDumpOnOutOfMemoryError -XX:HeapDumpPath=c:\Users\jibri\AppData\Roaming\Antigravity\User\workspaceStorage\8b75b7c593fc459511d45e689933c160\redhat.java -Daether.dependencyCollector.impl=bf c:\Users\jibri\.antigravity\extensions\redhat.java-1.54.0-win32-x64\server\plugins\org.eclipse.equinox.launcher_1.7.100.v20251111-0406.jar -configuration c:\Users\jibri\AppData\Roaming\Antigravity\User\globalStorage\redhat.java\1.54.0\config_win -data c:\Users\jibri\AppData\Roaming\Antigravity\User\workspaceStorage\8b75b7c593fc459511d45e689933c160\redhat.java\jdt_ws --pipe=\\.\pipe\lsp-11da5e6a5f0472e067b2c01a086c51eb-sock

Host: 13th Gen Intel(R) Core(TM) i5-13500HX, 20 cores, 7G,  Windows 11 , 64 bit Build 26100 (10.0.26100.8246)
Time: Tue May  5 07:48:00 2026 Malay Peninsula Standard Time elapsed time: 72.996458 seconds (0d 0h 1m 12s)

---------------  T H R E A D  ---------------

Current thread (0x0000015c7122e2e0):  JavaThread "C2 CompilerThread1" daemon [_thread_in_native, id=16468, stack(0x0000002a63000000,0x0000002a63100000) (1024K)]


Current CompileTask:
C2:72996 12108       4       java.lang.invoke.MethodType::makeImpl (109 bytes)

Stack: [0x0000002a63000000,0x0000002a63100000]
Native frames: (J=compiled Java code, j=interpreted, Vv=VM code, C=native code)
V  [jvm.dll+0x6d7a39]
V  [jvm.dll+0x8b4b26]
V  [jvm.dll+0x8b70de]
V  [jvm.dll+0x8b77c3]
V  [jvm.dll+0x284346]
V  [jvm.dll+0xc66ed]
V  [jvm.dll+0xc6c31]
V  [jvm.dll+0x2fb29e]
V  [jvm.dll+0x5fe884]
V  [jvm.dll+0x255b17]
V  [jvm.dll+0x255edd]
V  [jvm.dll+0x24e500]
V  [jvm.dll+0x24ba42]
V  [jvm.dll+0x1cb34e]
V  [jvm.dll+0x25b85d]
V  [jvm.dll+0x259dea]
V  [jvm.dll+0x3f857e]
V  [jvm.dll+0x85f59d]
V  [jvm.dll+0x6d626d]
C  [ucrtbase.dll+0x37b0]
C  [KERNEL32.DLL+0x2e8d7]
C  [ntdll.dll+0x8c3fc]


---------------  P R O C E S S  ---------------

Threads class SMR info:
_java_thread_list=0x0000015c7131d080, length=73, elements={
0x0000015c1644f990, 0x0000015c164f3f60, 0x0000015c164f5b40, 0x0000015c164faa40,
0x0000015c164fe9f0, 0x0000015c710d7050, 0x0000015c16508250, 0x0000015c710d8fd0,
0x0000015c710dd0a0, 0x0000015c713ceed0, 0x0000015c770b9750, 0x0000015c77cef460,
0x0000015c7701d850, 0x0000015c713884b0, 0x0000015c7791dfd0, 0x0000015c777eee70,
0x0000015c783640f0, 0x0000015c77fb65c0, 0x0000015c77c67ba0, 0x0000015c77c65440,
0x0000015c77c66e80, 0x0000015c77c65ad0, 0x0000015c77c66160, 0x0000015c7136bfb0,
0x0000015c7136a570, 0x0000015c7136ac00, 0x0000015c7136b920, 0x0000015c7136c640,
0x0000015c7136ccd0, 0x0000015c71369850, 0x0000015c7136d360, 0x0000015c71369ee0,
0x0000015c7136fac0, 0x0000015c7136d9f0, 0x0000015c71370e70, 0x0000015c7136eda0,
0x0000015c7136f430, 0x0000015c7136e080, 0x0000015c7136e710, 0x0000015c71370150,
0x0000015c713707e0, 0x0000015c791307f0, 0x0000015c7912e720, 0x0000015c7912da00,
0x0000015c7912edb0, 0x0000015c7912fad0, 0x0000015c7912f440, 0x0000015c79130e80,
0x0000015c79130160, 0x0000015c79131510, 0x0000015c791328c0, 0x0000015c79132230,
0x0000015c79134990, 0x0000015c79132f50, 0x0000015c79133c70, 0x0000015c79134300,
0x0000015c777766b0, 0x0000015c777773d0, 0x0000015c777780f0, 0x0000015c77778780,
0x0000015c77777a60, 0x0000015c77776020, 0x0000015c77775300, 0x0000015c77776d40,
0x0000015c77778e10, 0x0000015c77775990, 0x0000015c777794a0, 0x0000015c7777a850,
0x0000015c7777aee0, 0x0000015c7777c920, 0x0000015c7b801e00, 0x0000015c7122e2e0,
0x0000015c7b7fe980
}

Java Threads: ( => current thread )
  0x0000015c1644f990 JavaThread "main"                              [_thread_blocked, id=25928, stack(0x0000002a63100000,0x0000002a63200000) (1024K)]
  0x0000015c164f3f60 JavaThread "Reference Handler"          daemon [_thread_blocked, id=11128, stack(0x0000002a63500000,0x0000002a63600000) (1024K)]
  0x0000015c164f5b40 JavaThread "Finalizer"                  daemon [_thread_blocked, id=26132, stack(0x0000002a63600000,0x0000002a63700000) (1024K)]
  0x0000015c164faa40 JavaThread "Signal Dispatcher"          daemon [_thread_blocked, id=28588, stack(0x0000002a63700000,0x0000002a63800000) (1024K)]
  0x0000015c164fe9f0 JavaThread "Attach Listener"            daemon [_thread_blocked, id=30220, stack(0x0000002a63800000,0x0000002a63900000) (1024K)]
  0x0000015c710d7050 JavaThread "Service Thread"             daemon [_thread_blocked, id=6068, stack(0x0000002a63900000,0x0000002a63a00000) (1024K)]
  0x0000015c16508250 JavaThread "Monitor Deflation Thread"   daemon [_thread_blocked, id=29436, stack(0x0000002a63a00000,0x0000002a63b00000) (1024K)]
  0x0000015c710d8fd0 JavaThread "C2 CompilerThread0"         daemon [_thread_in_native, id=22552, stack(0x0000002a63b00000,0x0000002a63c00000) (1024K)]
  0x0000015c710dd0a0 JavaThread "C1 CompilerThread0"         daemon [_thread_blocked, id=27388, stack(0x0000002a63c00000,0x0000002a63d00000) (1024K)]
  0x0000015c713ceed0 JavaThread "Common-Cleaner"             daemon [_thread_blocked, id=24032, stack(0x0000002a64100000,0x0000002a64200000) (1024K)]
  0x0000015c770b9750 JavaThread "Notification Thread"        daemon [_thread_blocked, id=2852, stack(0x0000002a64300000,0x0000002a64400000) (1024K)]
  0x0000015c77cef460 JavaThread "Active Thread: Equinox Container: b79de042-d6a1-4d61-8849-c4f4046256b6"        [_thread_blocked, id=28268, stack(0x0000002a64b00000,0x0000002a64c00000) (1024K)]
  0x0000015c7701d850 JavaThread "Refresh Thread: Equinox Container: b79de042-d6a1-4d61-8849-c4f4046256b6" daemon [_thread_blocked, id=1144, stack(0x0000002a63e00000,0x0000002a63f00000) (1024K)]
  0x0000015c713884b0 JavaThread "Framework Event Dispatcher: Equinox Container: b79de042-d6a1-4d61-8849-c4f4046256b6" daemon [_thread_blocked, id=26036, stack(0x0000002a63f00000,0x0000002a64000000) (1024K)]
  0x0000015c7791dfd0 JavaThread "Start Level: Equinox Container: b79de042-d6a1-4d61-8849-c4f4046256b6" daemon [_thread_blocked, id=25396, stack(0x0000002a64000000,0x0000002a64100000) (1024K)]
  0x0000015c777eee70 JavaThread "Bundle File Closer"         daemon [_thread_blocked, id=23104, stack(0x0000002a64f00000,0x0000002a65000000) (1024K)]
  0x0000015c783640f0 JavaThread "SCR Component Actor"        daemon [_thread_blocked, id=29924, stack(0x0000002a64d00000,0x0000002a64e00000) (1024K)]
  0x0000015c77fb65c0 JavaThread "Worker-JM"                         [_thread_blocked, id=25616, stack(0x0000002a65200000,0x0000002a65300000) (1024K)]
  0x0000015c77c67ba0 JavaThread "JNA Cleaner"                daemon [_thread_blocked, id=2448, stack(0x0000002a65000000,0x0000002a65100000) (1024K)]
  0x0000015c77c65440 JavaThread "Worker-0"                          [_thread_blocked, id=21296, stack(0x0000002a65700000,0x0000002a65800000) (1024K)]
  0x0000015c77c66e80 JavaThread "Worker-1"                          [_thread_blocked, id=26288, stack(0x0000002a65900000,0x0000002a65a00000) (1024K)]
  0x0000015c77c65ad0 JavaThread "Worker-2"                          [_thread_blocked, id=22728, stack(0x0000002a65b00000,0x0000002a65c00000) (1024K)]
  0x0000015c77c66160 JavaThread "Java indexing"              daemon [_thread_blocked, id=29152, stack(0x0000002a65d00000,0x0000002a65e00000) (1024K)]
  0x0000015c7136bfb0 JavaThread "Worker-3"                          [_thread_blocked, id=4300, stack(0x0000002a66000000,0x0000002a66100000) (1024K)]
  0x0000015c7136a570 JavaThread "Worker-4"                          [_thread_blocked, id=15096, stack(0x0000002a66100000,0x0000002a66200000) (1024K)]
  0x0000015c7136ac00 JavaThread "Thread-1"                   daemon [_thread_in_native, id=27248, stack(0x0000002a66200000,0x0000002a66300000) (1024K)]
  0x0000015c7136b920 JavaThread "Thread-2"                   daemon [_thread_in_native, id=6392, stack(0x0000002a66300000,0x0000002a66400000) (1024K)]
  0x0000015c7136c640 JavaThread "Thread-3"                   daemon [_thread_in_native, id=5956, stack(0x0000002a66400000,0x0000002a66500000) (1024K)]
  0x0000015c7136ccd0 JavaThread "Thread-4"                   daemon [_thread_in_native, id=22876, stack(0x0000002a66500000,0x0000002a66600000) (1024K)]
  0x0000015c71369850 JavaThread "Thread-5"                   daemon [_thread_in_native, id=28320, stack(0x0000002a66600000,0x0000002a66700000) (1024K)]
  0x0000015c7136d360 JavaThread "Thread-6"                   daemon [_thread_in_native, id=30544, stack(0x0000002a66700000,0x0000002a66800000) (1024K)]
  0x0000015c71369ee0 JavaThread "Thread-7"                   daemon [_thread_in_native, id=17364, stack(0x0000002a66800000,0x0000002a66900000) (1024K)]
  0x0000015c7136fac0 JavaThread "Thread-8"                   daemon [_thread_in_native, id=21912, stack(0x0000002a66900000,0x0000002a66a00000) (1024K)]
  0x0000015c7136d9f0 JavaThread "Thread-9"                   daemon [_thread_in_native, id=24740, stack(0x0000002a66a00000,0x0000002a66b00000) (1024K)]
  0x0000015c71370e70 JavaThread "Thread-10"                  daemon [_thread_in_native, id=29260, stack(0x0000002a66b00000,0x0000002a66c00000) (1024K)]
  0x0000015c7136eda0 JavaThread "Thread-11"                  daemon [_thread_in_native, id=25876, stack(0x0000002a66c00000,0x0000002a66d00000) (1024K)]
  0x0000015c7136f430 JavaThread "Thread-12"                  daemon [_thread_in_native, id=24928, stack(0x0000002a66d00000,0x0000002a66e00000) (1024K)]
  0x0000015c7136e080 JavaThread "Thread-13"                  daemon [_thread_in_native, id=9616, stack(0x0000002a66e00000,0x0000002a66f00000) (1024K)]
  0x0000015c7136e710 JavaThread "Thread-14"                  daemon [_thread_in_native, id=15180, stack(0x0000002a66f00000,0x0000002a67000000) (1024K)]
  0x0000015c71370150 JavaThread "Thread-15"                  daemon [_thread_in_native, id=14672, stack(0x0000002a67000000,0x0000002a67100000) (1024K)]
  0x0000015c713707e0 JavaThread "Thread-16"                  daemon [_thread_in_native, id=25404, stack(0x0000002a67100000,0x0000002a67200000) (1024K)]
  0x0000015c791307f0 JavaThread "Thread-17"                  daemon [_thread_in_native, id=3300, stack(0x0000002a67200000,0x0000002a67300000) (1024K)]
  0x0000015c7912e720 JavaThread "Thread-18"                  daemon [_thread_in_native, id=30436, stack(0x0000002a67300000,0x0000002a67400000) (1024K)]
  0x0000015c7912da00 JavaThread "Thread-19"                  daemon [_thread_in_native, id=28044, stack(0x0000002a67400000,0x0000002a67500000) (1024K)]
  0x0000015c7912edb0 JavaThread "Thread-20"                  daemon [_thread_in_native, id=13580, stack(0x0000002a67500000,0x0000002a67600000) (1024K)]
  0x0000015c7912fad0 JavaThread "Thread-21"                  daemon [_thread_in_native, id=25056, stack(0x0000002a67600000,0x0000002a67700000) (1024K)]
  0x0000015c7912f440 JavaThread "pool-2-thread-1"                   [_thread_blocked, id=23816, stack(0x0000002a67700000,0x0000002a67800000) (1024K)]
  0x0000015c79130e80 JavaThread "Worker-5: Initialize workspace"        [_thread_blocked, id=20964, stack(0x0000002a67800000,0x0000002a67900000) (1024K)]
  0x0000015c79130160 JavaThread "WorkspaceEventsHandler"            [_thread_blocked, id=6816, stack(0x0000002a67900000,0x0000002a67a00000) (1024K)]
  0x0000015c79131510 JavaThread "pool-1-thread-1"                   [_thread_blocked, id=26496, stack(0x0000002a67a00000,0x0000002a67b00000) (1024K)]
  0x0000015c791328c0 JavaThread "ForkJoinPool.commonPool-worker-1" daemon [_thread_blocked, id=18964, stack(0x0000002a67b00000,0x0000002a67c00000) (1024K)]
  0x0000015c79132230 JavaThread "ForkJoinPool.commonPool-worker-2" daemon [_thread_blocked, id=10288, stack(0x0000002a67c00000,0x0000002a67d00000) (1024K)]
  0x0000015c79134990 JavaThread "ForkJoinPool.commonPool-worker-3" daemon [_thread_blocked, id=8356, stack(0x0000002a67d00000,0x0000002a67e00000) (1024K)]
  0x0000015c79132f50 JavaThread "ForkJoinPool.commonPool-worker-4" daemon [_thread_blocked, id=476, stack(0x0000002a67e00000,0x0000002a67f00000) (1024K)]
  0x0000015c79133c70 JavaThread "ForkJoinPool.commonPool-worker-5" daemon [_thread_blocked, id=28344, stack(0x0000002a67f00000,0x0000002a68000000) (1024K)]
  0x0000015c79134300 JavaThread "ForkJoinPool.commonPool-worker-6" daemon [_thread_blocked, id=29288, stack(0x0000002a68000000,0x0000002a68100000) (1024K)]
  0x0000015c777766b0 JavaThread "ForkJoinPool.commonPool-worker-7" daemon [_thread_blocked, id=14128, stack(0x0000002a68100000,0x0000002a68200000) (1024K)]
  0x0000015c777773d0 JavaThread "ForkJoinPool.commonPool-worker-8" daemon [_thread_blocked, id=25628, stack(0x0000002a68200000,0x0000002a68300000) (1024K)]
  0x0000015c777780f0 JavaThread "ForkJoinPool.commonPool-worker-9" daemon [_thread_blocked, id=2368, stack(0x0000002a68300000,0x0000002a68400000) (1024K)]
  0x0000015c77778780 JavaThread "ForkJoinPool.commonPool-worker-10" daemon [_thread_blocked, id=21680, stack(0x0000002a68400000,0x0000002a68500000) (1024K)]
  0x0000015c77777a60 JavaThread "ForkJoinPool.commonPool-worker-11" daemon [_thread_blocked, id=16676, stack(0x0000002a68500000,0x0000002a68600000) (1024K)]
  0x0000015c77776020 JavaThread "ForkJoinPool.commonPool-worker-12" daemon [_thread_blocked, id=21944, stack(0x0000002a68600000,0x0000002a68700000) (1024K)]
  0x0000015c77775300 JavaThread "ForkJoinPool.commonPool-worker-13" daemon [_thread_blocked, id=21940, stack(0x0000002a68700000,0x0000002a68800000) (1024K)]
  0x0000015c77776d40 JavaThread "ForkJoinPool.commonPool-worker-14" daemon [_thread_blocked, id=18292, stack(0x0000002a68800000,0x0000002a68900000) (1024K)]
  0x0000015c77778e10 JavaThread "ForkJoinPool.commonPool-worker-15" daemon [_thread_blocked, id=23896, stack(0x0000002a68900000,0x0000002a68a00000) (1024K)]
  0x0000015c77775990 JavaThread "ForkJoinPool.commonPool-worker-16" daemon [_thread_blocked, id=11436, stack(0x0000002a68a00000,0x0000002a68b00000) (1024K)]
  0x0000015c777794a0 JavaThread "ForkJoinPool.commonPool-worker-17" daemon [_thread_blocked, id=26020, stack(0x0000002a68b00000,0x0000002a68c00000) (1024K)]
  0x0000015c7777a850 JavaThread "ForkJoinPool.commonPool-worker-18" daemon [_thread_blocked, id=13496, stack(0x0000002a68c00000,0x0000002a68d00000) (1024K)]
  0x0000015c7777aee0 JavaThread "ForkJoinPool.commonPool-worker-19" daemon [_thread_blocked, id=13172, stack(0x0000002a68d00000,0x0000002a68e00000) (1024K)]
  0x0000015c7777c920 JavaThread "Timer-0"                           [_thread_blocked, id=30000, stack(0x0000002a65300000,0x0000002a65400000) (1024K)]
  0x0000015c7b801e00 JavaThread "Connection worker"                 [_thread_blocked, id=27524, stack(0x0000002a62e00000,0x0000002a62f00000) (1024K)]
=>0x0000015c7122e2e0 JavaThread "C2 CompilerThread1"         daemon [_thread_in_native, id=16468, stack(0x0000002a63000000,0x0000002a63100000) (1024K)]
  0x0000015c7b7fe980 JavaThread "pool-4-thread-1"                   [_thread_blocked, id=17960, stack(0x0000002a65100000,0x0000002a65200000) (1024K)]
Total: 73

Other Threads:
  0x0000015c164efa00 VMThread "VM Thread"                           [id=29720, stack(0x0000002a63400000,0x0000002a63500000) (1024K)]
  0x0000015c2ea8ca00 WatcherThread "VM Periodic Task Thread"        [id=28400, stack(0x0000002a63300000,0x0000002a63400000) (1024K)]
  0x0000015c1646dd10 WorkerThread "GC Thread#0"                     [id=6840, stack(0x0000002a63200000,0x0000002a63300000) (1024K)]
  0x0000015c7793da90 WorkerThread "GC Thread#1"                     [id=29588, stack(0x0000002a64400000,0x0000002a64500000) (1024K)]
  0x0000015c77854d70 WorkerThread "GC Thread#2"                     [id=30620, stack(0x0000002a64500000,0x0000002a64600000) (1024K)]
  0x0000015c77b61dc0 WorkerThread "GC Thread#3"                     [id=30456, stack(0x0000002a64600000,0x0000002a64700000) (1024K)]
  0x0000015c778573f0 WorkerThread "GC Thread#4"                     [id=27288, stack(0x0000002a64700000,0x0000002a64800000) (1024K)]
  0x0000015c77b58c60 WorkerThread "GC Thread#5"                     [id=1696, stack(0x0000002a64800000,0x0000002a64900000) (1024K)]
  0x0000015c77b59010 WorkerThread "GC Thread#6"                     [id=14440, stack(0x0000002a64900000,0x0000002a64a00000) (1024K)]
  0x0000015c77bb9c90 WorkerThread "GC Thread#7"                     [id=19744, stack(0x0000002a64c00000,0x0000002a64d00000) (1024K)]
  0x0000015c773be670 WorkerThread "GC Thread#8"                     [id=24620, stack(0x0000002a63d00000,0x0000002a63e00000) (1024K)]
  0x0000015c773bee30 WorkerThread "GC Thread#9"                     [id=16592, stack(0x0000002a64200000,0x0000002a64300000) (1024K)]
  0x0000015c773bf1e0 WorkerThread "GC Thread#10"                    [id=29408, stack(0x0000002a64a00000,0x0000002a64b00000) (1024K)]
  0x0000015c7783f690 WorkerThread "GC Thread#11"                    [id=17580, stack(0x0000002a65500000,0x0000002a65600000) (1024K)]
  0x0000015c7783fdf0 WorkerThread "GC Thread#12"                    [id=21492, stack(0x0000002a65600000,0x0000002a65700000) (1024K)]
  0x0000015c7783eb80 WorkerThread "GC Thread#13"                    [id=3788, stack(0x0000002a64e00000,0x0000002a64f00000) (1024K)]
  0x0000015c7783fa40 WorkerThread "GC Thread#14"                    [id=22644, stack(0x0000002a65800000,0x0000002a65900000) (1024K)]
Total: 17

Threads with active compile tasks:
C2 CompilerThread0  73025 12122   !   4       java.util.jar.JarFile::getManifestFromReference (197 bytes)
C2 CompilerThread1  73025 12108       4       java.lang.invoke.MethodType::makeImpl (109 bytes)
Total: 2

VM state: at safepoint (normal execution)

VM Mutex/Monitor currently owned by a thread:  ([mutex/lock_event])
[0x00007ffc9471e560] Threads_lock - owner thread: 0x0000015c164efa00
[0x00007ffc9471e660] Heap_lock - owner thread: 0x0000015c7b801e00

Heap address: 0x0000000080000000, size: 2048 MB, Compressed Oops mode: 32-bit

CDS archive(s) mapped at: [0x0000015c2f000000-0x0000015c2fba0000-0x0000015c2fba0000), size 12189696, SharedBaseAddress: 0x0000015c2f000000, ArchiveRelocationMode: 1.
Compressed class space mapped at: 0x0000015c30000000-0x0000015c70000000, reserved size: 1073741824
Narrow klass base: 0x0000015c2f000000, Narrow klass shift: 0, Narrow klass range: 0x100000000

GC Precious Log:
 CardTable entry size: 512
 CPUs: 20 total, 20 available
 Memory: 7911M
 Large Page Support: Disabled
 NUMA Support: Disabled
 Compressed Oops: Enabled (32-bit)
 Alignments: Space 512K, Generation 512K, Heap 2M
 Heap Min Capacity: 100M
 Heap Initial Capacity: 100M
 Heap Max Capacity: 2G
 Pre-touch: Disabled
 Parallel Workers: 15

Heap:
 PSYoungGen      total 4608K, used 550K [0x00000000d5580000, 0x00000000d5b00000, 0x0000000100000000)
  eden space 3584K, 1% used [0x00000000d5580000,0x00000000d5591990,0x00000000d5900000)
  from space 1024K, 46% used [0x00000000d5a00000,0x00000000d5a78000,0x00000000d5b00000)
  to   space 1024K, 0% used [0x00000000d5900000,0x00000000d5900000,0x00000000d5a00000)
 ParOldGen       total 253440K, used 253299K [0x0000000080000000, 0x000000008f780000, 0x00000000d5580000)
  object space 253440K, 99% used [0x0000000080000000,0x000000008f75cce8,0x000000008f780000)
 Metaspace       used 76930K, committed 78528K, reserved 1179648K
  class space    used 9239K, committed 9920K, reserved 1048576K

Card table byte_map: [0x0000015c29ef0000,0x0000015c2a300000] _byte_map_base: 0x0000015c29af0000

Marking Bits: (ParMarkBitMap*) 0x00007ffc94723450
 Begin Bits: [0x0000015c2a5b0000, 0x0000015c2c5b0000)
 End Bits:   [0x0000015c2c5b0000, 0x0000015c2e5b0000)

Polling page: 0x0000015c160b0000

Metaspace:

Usage:
  Non-class:     66.10 MB used.
      Class:      9.02 MB used.
       Both:     75.13 MB used.

Virtual space:
  Non-class space:      128.00 MB reserved,      67.00 MB ( 52%) committed,  2 nodes.
      Class space:        1.00 GB reserved,       9.69 MB ( <1%) committed,  1 nodes.
             Both:        1.12 GB reserved,      76.69 MB (  7%) committed. 

Chunk freelists:
   Non-Class:  12.19 MB
       Class:  6.22 MB
        Both:  18.41 MB

MaxMetaspaceSize: unlimited
CompressedClassSpaceSize: 1.00 GB
Initial GC threshold: 21.00 MB
Current GC threshold: 97.31 MB
CDS: on
 - commit_granule_bytes: 65536.
 - commit_granule_words: 8192.
 - virtual_space_node_default_size: 8388608.
 - enlarge_chunks_in_place: 1.
 - use_allocation_guard: 0.


Internal statistics:

num_allocs_failed_limit: 9.
num_arena_births: 1344.
num_arena_deaths: 40.
num_vsnodes_births: 3.
num_vsnodes_deaths: 0.
num_space_committed: 1227.
num_space_uncommitted: 0.
num_chunks_returned_to_freelist: 58.
num_chunks_taken_from_freelist: 4522.
num_chunk_merges: 16.
num_chunk_splits: 2939.
num_chunks_enlarged: 1920.
num_inconsistent_stats: 0.

CodeHeap 'non-profiled nmethods': size=119168Kb used=10174Kb max_used=10174Kb free=108993Kb
 bounds [0x0000015c228b0000, 0x0000015c232a0000, 0x0000015c29d10000]
CodeHeap 'profiled nmethods': size=119104Kb used=24513Kb max_used=24513Kb free=94590Kb
 bounds [0x0000015c1ad10000, 0x0000015c1c510000, 0x0000015c22160000]
CodeHeap 'non-nmethods': size=7488Kb used=1453Kb max_used=3237Kb free=6034Kb
 bounds [0x0000015c22160000, 0x0000015c22490000, 0x0000015c228b0000]
CodeCache: size=245760Kb, used=36140Kb, max_used=37924Kb, free=209617Kb
 total_blobs=11998, nmethods=11231, adapters=673, full_count=0
Compilation: enabled, stopped_count=0, restarted_count=0

Compilation events (20 events):
Event: 69.959 Thread 0x0000015c710d8fd0 12109   !   4       java.security.AccessController::doPrivileged (26 bytes)
Event: 69.962 Thread 0x0000015c710d8fd0 nmethod 12109 0x0000015c2329ba10 code [0x0000015c2329bbc0, 0x0000015c2329bd98]
Event: 69.972 Thread 0x0000015c710d8fd0 12110   !   4       java.io.BufferedInputStream::read (69 bytes)
Event: 69.978 Thread 0x0000015c711dede0 12111       3       java.util.Formatter$FormatSpecifier::print (57 bytes)
Event: 69.978 Thread 0x0000015c710dd0a0 12112       3       java.util.Formatter::<init> (18 bytes)
Event: 70.989 Thread 0x0000015c710dd0a0 nmethod 12112 0x0000015c1c4fb190 code [0x0000015c1c4fb360, 0x0000015c1c4fb6a8]
Event: 70.989 Thread 0x0000015c710dd0a0 12116       3       java.util.Formatter$FormatSpecifier::printString (97 bytes)
Event: 70.989 Thread 0x0000015c711dede0 nmethod 12111 0x0000015c1c4fb810 code [0x0000015c1c4fba80, 0x0000015c1c4fc430]
Event: 70.989 Thread 0x0000015c711dede0 12113       3       java.util.Formatter::<init> (15 bytes)
Event: 70.989 Thread 0x0000015c711dede0 nmethod 12113 0x0000015c1c4fc810 code [0x0000015c1c4fc9c0, 0x0000015c1c4fcb58]
Event: 70.989 Thread 0x0000015c711dede0 12114       3       java.util.Formatter::format (11 bytes)
Event: 70.990 Thread 0x0000015c711dede0 nmethod 12114 0x0000015c1c4fcc10 code [0x0000015c1c4fcdc0, 0x0000015c1c4fcf10]
Event: 70.990 Thread 0x0000015c711dede0 12115       3       java.util.Formatter::toString (14 bytes)
Event: 70.990 Thread 0x0000015c710dd0a0 nmethod 12116 0x0000015c1c4fcf90 code [0x0000015c1c4fd260, 0x0000015c1c4fe090]
Event: 70.990 Thread 0x0000015c710dd0a0 12117       3       java.lang.String::format (16 bytes)
Event: 70.990 Thread 0x0000015c711dede0 nmethod 12115 0x0000015c1c4fe590 code [0x0000015c1c4fe760, 0x0000015c1c4fea48]
Event: 70.990 Thread 0x0000015c711dede0 12118       3       com.google.common.collect.ImmutableList::iterator (5 bytes)
Event: 70.990 Thread 0x0000015c711dede0 nmethod 12118 0x0000015c1c4feb90 code [0x0000015c1c4fed40, 0x0000015c1c4fef08]
Event: 70.990 Thread 0x0000015c710dd0a0 nmethod 12117 0x0000015c1c4fef90 code [0x0000015c1c4ff1c0, 0x0000015c1c4ff8c8]
Event: 70.991 Thread 0x0000015c710d8fd0 nmethod 12110 0x0000015c2329bf90 code [0x0000015c2329c240, 0x0000015c2329cff0]

GC Heap History (20 events):
Event: 68.595 GC heap before
{Heap before GC invocations=671 (full 3):
 PSYoungGen      total 3072K, used 3040K [0x00000000d5580000, 0x00000000d5a80000, 0x0000000100000000)
  eden space 2560K, 100% used [0x00000000d5580000,0x00000000d5800000,0x00000000d5800000)
  from space 512K, 93% used [0x00000000d5980000,0x00000000d59f8000,0x00000000d5a00000)
  to   space 512K, 0% used [0x00000000d5a00000,0x00000000d5a00000,0x00000000d5a80000)
 ParOldGen       total 251392K, used 251331K [0x0000000080000000, 0x000000008f580000, 0x00000000d5580000)
  object space 251392K, 99% used [0x0000000080000000,0x000000008f570e88,0x000000008f580000)
 Metaspace       used 72974K, committed 74560K, reserved 1179648K
  class space    used 8580K, committed 9216K, reserved 1048576K
}
Event: 69.598 GC heap after
{Heap after GC invocations=671 (full 3):
 PSYoungGen      total 3584K, used 384K [0x00000000d5580000, 0x00000000d5a80000, 0x0000000100000000)
  eden space 3072K, 0% used [0x00000000d5580000,0x00000000d5580000,0x00000000d5880000)
  from space 512K, 75% used [0x00000000d5a00000,0x00000000d5a60000,0x00000000d5a80000)
  to   space 512K, 0% used [0x00000000d5980000,0x00000000d5980000,0x00000000d5a00000)
 ParOldGen       total 251904K, used 251563K [0x0000000080000000, 0x000000008f600000, 0x00000000d5580000)
  object space 251904K, 99% used [0x0000000080000000,0x000000008f5aae98,0x000000008f600000)
 Metaspace       used 72974K, committed 74560K, reserved 1179648K
  class space    used 8580K, committed 9216K, reserved 1048576K
}
Event: 69.632 GC heap before
{Heap before GC invocations=672 (full 3):
 PSYoungGen      total 3584K, used 3456K [0x00000000d5580000, 0x00000000d5a80000, 0x0000000100000000)
  eden space 3072K, 100% used [0x00000000d5580000,0x00000000d5880000,0x00000000d5880000)
  from space 512K, 75% used [0x00000000d5a00000,0x00000000d5a60000,0x00000000d5a80000)
  to   space 512K, 0% used [0x00000000d5980000,0x00000000d5980000,0x00000000d5a00000)
 ParOldGen       total 251904K, used 251563K [0x0000000080000000, 0x000000008f600000, 0x00000000d5580000)
  object space 251904K, 99% used [0x0000000080000000,0x000000008f5aae98,0x000000008f600000)
 Metaspace       used 73208K, committed 74816K, reserved 1179648K
  class space    used 8624K, committed 9280K, reserved 1048576K
}
Event: 69.633 GC heap after
{Heap after GC invocations=672 (full 3):
 PSYoungGen      total 4608K, used 480K [0x00000000d5580000, 0x00000000d5a80000, 0x0000000100000000)
  eden space 4096K, 0% used [0x00000000d5580000,0x00000000d5580000,0x00000000d5980000)
  from space 512K, 93% used [0x00000000d5980000,0x00000000d59f8000,0x00000000d5a00000)
  to   space 512K, 0% used [0x00000000d5a00000,0x00000000d5a00000,0x00000000d5a80000)
 ParOldGen       total 251904K, used 251755K [0x0000000080000000, 0x000000008f600000, 0x00000000d5580000)
  object space 251904K, 99% used [0x0000000080000000,0x000000008f5dae98,0x000000008f600000)
 Metaspace       used 73208K, committed 74816K, reserved 1179648K
  class space    used 8624K, committed 9280K, reserved 1048576K
}
Event: 69.669 GC heap before
{Heap before GC invocations=673 (full 3):
 PSYoungGen      total 4608K, used 4576K [0x00000000d5580000, 0x00000000d5a80000, 0x0000000100000000)
  eden space 4096K, 100% used [0x00000000d5580000,0x00000000d5980000,0x00000000d5980000)
  from space 512K, 93% used [0x00000000d5980000,0x00000000d59f8000,0x00000000d5a00000)
  to   space 512K, 0% used [0x00000000d5a00000,0x00000000d5a00000,0x00000000d5a80000)
 ParOldGen       total 251904K, used 251755K [0x0000000080000000, 0x000000008f600000, 0x00000000d5580000)
  object space 251904K, 99% used [0x0000000080000000,0x000000008f5dae98,0x000000008f600000)
 Metaspace       used 73689K, committed 75264K, reserved 1179648K
  class space    used 8698K, committed 9344K, reserved 1048576K
}
Event: 69.670 GC heap after
{Heap after GC invocations=673 (full 3):
 PSYoungGen      total 4608K, used 432K [0x00000000d5580000, 0x00000000d5a80000, 0x0000000100000000)
  eden space 4096K, 0% used [0x00000000d5580000,0x00000000d5580000,0x00000000d5980000)
  from space 512K, 84% used [0x00000000d5a00000,0x00000000d5a6c010,0x00000000d5a80000)
  to   space 512K, 0% used [0x00000000d5980000,0x00000000d5980000,0x00000000d5a00000)
 ParOldGen       total 252416K, used 251971K [0x0000000080000000, 0x000000008f680000, 0x00000000d5580000)
  object space 252416K, 99% used [0x0000000080000000,0x000000008f610e98,0x000000008f680000)
 Metaspace       used 73689K, committed 75264K, reserved 1179648K
  class space    used 8698K, committed 9344K, reserved 1048576K
}
Event: 69.725 GC heap before
{Heap before GC invocations=674 (full 3):
 PSYoungGen      total 4608K, used 4528K [0x00000000d5580000, 0x00000000d5a80000, 0x0000000100000000)
  eden space 4096K, 100% used [0x00000000d5580000,0x00000000d5980000,0x00000000d5980000)
  from space 512K, 84% used [0x00000000d5a00000,0x00000000d5a6c010,0x00000000d5a80000)
  to   space 512K, 0% used [0x00000000d5980000,0x00000000d5980000,0x00000000d5a00000)
 ParOldGen       total 252416K, used 251971K [0x0000000080000000, 0x000000008f680000, 0x00000000d5580000)
  object space 252416K, 99% used [0x0000000080000000,0x000000008f610e98,0x000000008f680000)
 Metaspace       used 74178K, committed 75712K, reserved 1179648K
  class space    used 8781K, committed 9408K, reserved 1048576K
}
Event: 69.731 GC heap after
{Heap after GC invocations=674 (full 3):
 PSYoungGen      total 4608K, used 448K [0x00000000d5580000, 0x00000000d5a80000, 0x0000000100000000)
  eden space 4096K, 0% used [0x00000000d5580000,0x00000000d5580000,0x00000000d5980000)
  from space 512K, 87% used [0x00000000d5980000,0x00000000d59f0000,0x00000000d5a00000)
  to   space 512K, 0% used [0x00000000d5a00000,0x00000000d5a00000,0x00000000d5a80000)
 ParOldGen       total 252416K, used 252147K [0x0000000080000000, 0x000000008f680000, 0x00000000d5580000)
  object space 252416K, 99% used [0x0000000080000000,0x000000008f63ceb8,0x000000008f680000)
 Metaspace       used 74178K, committed 75712K, reserved 1179648K
  class space    used 8781K, committed 9408K, reserved 1048576K
}
Event: 69.764 GC heap before
{Heap before GC invocations=675 (full 3):
 PSYoungGen      total 4608K, used 4544K [0x00000000d5580000, 0x00000000d5a80000, 0x0000000100000000)
  eden space 4096K, 100% used [0x00000000d5580000,0x00000000d5980000,0x00000000d5980000)
  from space 512K, 87% used [0x00000000d5980000,0x00000000d59f0000,0x00000000d5a00000)
  to   space 512K, 0% used [0x00000000d5a00000,0x00000000d5a00000,0x00000000d5a80000)
 ParOldGen       total 252416K, used 252147K [0x0000000080000000, 0x000000008f680000, 0x00000000d5580000)
  object space 252416K, 99% used [0x0000000080000000,0x000000008f63ceb8,0x000000008f680000)
 Metaspace       used 74654K, committed 76288K, reserved 1179648K
  class space    used 8856K, committed 9536K, reserved 1048576K
}
Event: 69.765 GC heap after
{Heap after GC invocations=675 (full 3):
 PSYoungGen      total 4608K, used 448K [0x00000000d5580000, 0x00000000d5a80000, 0x0000000100000000)
  eden space 4096K, 0% used [0x00000000d5580000,0x00000000d5580000,0x00000000d5980000)
  from space 512K, 87% used [0x00000000d5a00000,0x00000000d5a70000,0x00000000d5a80000)
  to   space 512K, 0% used [0x00000000d5980000,0x00000000d5980000,0x00000000d5a00000)
 ParOldGen       total 252416K, used 252288K [0x0000000080000000, 0x000000008f680000, 0x00000000d5580000)
  object space 252416K, 99% used [0x0000000080000000,0x000000008f660210,0x000000008f680000)
 Metaspace       used 74654K, committed 76288K, reserved 1179648K
  class space    used 8856K, committed 9536K, reserved 1048576K
}
Event: 69.797 GC heap before
{Heap before GC invocations=676 (full 3):
 PSYoungGen      total 4608K, used 4544K [0x00000000d5580000, 0x00000000d5a80000, 0x0000000100000000)
  eden space 4096K, 100% used [0x00000000d5580000,0x00000000d5980000,0x00000000d5980000)
  from space 512K, 87% used [0x00000000d5a00000,0x00000000d5a70000,0x00000000d5a80000)
  to   space 512K, 0% used [0x00000000d5980000,0x00000000d5980000,0x00000000d5a00000)
 ParOldGen       total 252416K, used 252288K [0x0000000080000000, 0x000000008f680000, 0x00000000d5580000)
  object space 252416K, 99% used [0x0000000080000000,0x000000008f660210,0x000000008f680000)
 Metaspace       used 75085K, committed 76672K, reserved 1179648K
  class space    used 8925K, committed 9600K, reserved 1048576K
}
Event: 69.798 GC heap after
{Heap after GC invocations=676 (full 3):
 PSYoungGen      total 4608K, used 416K [0x00000000d5580000, 0x00000000d5a80000, 0x0000000100000000)
  eden space 4096K, 0% used [0x00000000d5580000,0x00000000d5580000,0x00000000d5980000)
  from space 512K, 81% used [0x00000000d5980000,0x00000000d59e8000,0x00000000d5a00000)
  to   space 512K, 0% used [0x00000000d5a00000,0x00000000d5a00000,0x00000000d5a80000)
 ParOldGen       total 252928K, used 252464K [0x0000000080000000, 0x000000008f700000, 0x00000000d5580000)
  object space 252928K, 99% used [0x0000000080000000,0x000000008f68c210,0x000000008f700000)
 Metaspace       used 75085K, committed 76672K, reserved 1179648K
  class space    used 8925K, committed 9600K, reserved 1048576K
}
Event: 69.858 GC heap before
{Heap before GC invocations=677 (full 3):
 PSYoungGen      total 4608K, used 4511K [0x00000000d5580000, 0x00000000d5a80000, 0x0000000100000000)
  eden space 4096K, 99% used [0x00000000d5580000,0x00000000d597ff40,0x00000000d5980000)
  from space 512K, 81% used [0x00000000d5980000,0x00000000d59e8000,0x00000000d5a00000)
  to   space 512K, 0% used [0x00000000d5a00000,0x00000000d5a00000,0x00000000d5a80000)
 ParOldGen       total 252928K, used 252464K [0x0000000080000000, 0x000000008f700000, 0x00000000d5580000)
  object space 252928K, 99% used [0x0000000080000000,0x000000008f68c210,0x000000008f700000)
 Metaspace       used 75467K, committed 77056K, reserved 1179648K
  class space    used 9000K, committed 9664K, reserved 1048576K
}
Event: 69.859 GC heap after
{Heap after GC invocations=677 (full 3):
 PSYoungGen      total 4096K, used 512K [0x00000000d5580000, 0x00000000d5b80000, 0x0000000100000000)
  eden space 3584K, 0% used [0x00000000d5580000,0x00000000d5580000,0x00000000d5900000)
  from space 512K, 100% used [0x00000000d5a00000,0x00000000d5a80000,0x00000000d5a80000)
  to   space 1024K, 0% used [0x00000000d5900000,0x00000000d5900000,0x00000000d5a00000)
 ParOldGen       total 252928K, used 252616K [0x0000000080000000, 0x000000008f700000, 0x00000000d5580000)
  object space 252928K, 99% used [0x0000000080000000,0x000000008f6b2210,0x000000008f700000)
 Metaspace       used 75467K, committed 77056K, reserved 1179648K
  class space    used 9000K, committed 9664K, reserved 1048576K
}
Event: 69.885 GC heap before
{Heap before GC invocations=678 (full 3):
 PSYoungGen      total 4096K, used 4096K [0x00000000d5580000, 0x00000000d5b80000, 0x0000000100000000)
  eden space 3584K, 100% used [0x00000000d5580000,0x00000000d5900000,0x00000000d5900000)
  from space 512K, 100% used [0x00000000d5a00000,0x00000000d5a80000,0x00000000d5a80000)
  to   space 1024K, 0% used [0x00000000d5900000,0x00000000d5900000,0x00000000d5a00000)
 ParOldGen       total 252928K, used 252616K [0x0000000080000000, 0x000000008f700000, 0x00000000d5580000)
  object space 252928K, 99% used [0x0000000080000000,0x000000008f6b2210,0x000000008f700000)
 Metaspace       used 75845K, committed 77440K, reserved 1179648K
  class space    used 9061K, committed 9728K, reserved 1048576K
}
Event: 69.887 GC heap after
{Heap after GC invocations=678 (full 3):
 PSYoungGen      total 4608K, used 448K [0x00000000d5580000, 0x00000000d5a80000, 0x0000000100000000)
  eden space 3584K, 0% used [0x00000000d5580000,0x00000000d5580000,0x00000000d5900000)
  from space 1024K, 43% used [0x00000000d5900000,0x00000000d5970000,0x00000000d5a00000)
  to   space 512K, 0% used [0x00000000d5a00000,0x00000000d5a00000,0x00000000d5a80000)
 ParOldGen       total 252928K, used 252807K [0x0000000080000000, 0x000000008f700000, 0x00000000d5580000)
  object space 252928K, 99% used [0x0000000080000000,0x000000008f6e1f20,0x000000008f700000)
 Metaspace       used 75845K, committed 77440K, reserved 1179648K
  class space    used 9061K, committed 9728K, reserved 1048576K
}
Event: 69.925 GC heap before
{Heap before GC invocations=679 (full 3):
 PSYoungGen      total 4608K, used 4032K [0x00000000d5580000, 0x00000000d5a80000, 0x0000000100000000)
  eden space 3584K, 100% used [0x00000000d5580000,0x00000000d5900000,0x00000000d5900000)
  from space 1024K, 43% used [0x00000000d5900000,0x00000000d5970000,0x00000000d5a00000)
  to   space 512K, 0% used [0x00000000d5a00000,0x00000000d5a00000,0x00000000d5a80000)
 ParOldGen       total 252928K, used 252807K [0x0000000080000000, 0x000000008f700000, 0x00000000d5580000)
  object space 252928K, 99% used [0x0000000080000000,0x000000008f6e1f20,0x000000008f700000)
 Metaspace       used 76270K, committed 77888K, reserved 1179648K
  class space    used 9137K, committed 9792K, reserved 1048576K
}
Event: 69.926 GC heap after
{Heap after GC invocations=679 (full 3):
 PSYoungGen      total 4096K, used 416K [0x00000000d5580000, 0x00000000d5a80000, 0x0000000100000000)
  eden space 3584K, 0% used [0x00000000d5580000,0x00000000d5580000,0x00000000d5900000)
  from space 512K, 81% used [0x00000000d5a00000,0x00000000d5a68000,0x00000000d5a80000)
  to   space 512K, 0% used [0x00000000d5980000,0x00000000d5980000,0x00000000d5a00000)
 ParOldGen       total 252928K, used 252927K [0x0000000080000000, 0x000000008f700000, 0x00000000d5580000)
  object space 252928K, 99% used [0x0000000080000000,0x000000008f6fff20,0x000000008f700000)
 Metaspace       used 76270K, committed 77888K, reserved 1179648K
  class space    used 9137K, committed 9792K, reserved 1048576K
}
Event: 69.961 GC heap before
{Heap before GC invocations=680 (full 3):
 PSYoungGen      total 4096K, used 3974K [0x00000000d5580000, 0x00000000d5a80000, 0x0000000100000000)
  eden space 3584K, 99% used [0x00000000d5580000,0x00000000d58f9b38,0x00000000d5900000)
  from space 512K, 81% used [0x00000000d5a00000,0x00000000d5a68000,0x00000000d5a80000)
  to   space 512K, 0% used [0x00000000d5980000,0x00000000d5980000,0x00000000d5a00000)
 ParOldGen       total 252928K, used 252927K [0x0000000080000000, 0x000000008f700000, 0x00000000d5580000)
  object space 252928K, 99% used [0x0000000080000000,0x000000008f6fff20,0x000000008f700000)
 Metaspace       used 76629K, committed 78208K, reserved 1179648K
  class space    used 9200K, committed 9856K, reserved 1048576K
}
Event: 69.962 GC heap after
{Heap after GC invocations=680 (full 3):
 PSYoungGen      total 4096K, used 499K [0x00000000d5580000, 0x00000000d5b00000, 0x0000000100000000)
  eden space 3584K, 0% used [0x00000000d5580000,0x00000000d5580000,0x00000000d5900000)
  from space 512K, 97% used [0x00000000d5980000,0x00000000d59fcdc8,0x00000000d5a00000)
  to   space 1024K, 0% used [0x00000000d5a00000,0x00000000d5a00000,0x00000000d5b00000)
 ParOldGen       total 253440K, used 253147K [0x0000000080000000, 0x000000008f780000, 0x00000000d5580000)
  object space 253440K, 99% used [0x0000000080000000,0x000000008f736ce8,0x000000008f780000)
 Metaspace       used 76629K, committed 78208K, reserved 1179648K
  class space    used 9200K, committed 9856K, reserved 1048576K
}

Dll operation events (16 events):
Event: 0.009 Loaded shared library c:\Users\jibri\.antigravity\extensions\redhat.java-1.54.0-win32-x64\jre\21.0.10-win32-x86_64\bin\java.dll
Event: 0.426 Loaded shared library c:\Users\jibri\.antigravity\extensions\redhat.java-1.54.0-win32-x64\jre\21.0.10-win32-x86_64\bin\zip.dll
Event: 0.441 Loaded shared library C:\Users\jibri\.antigravity\extensions\redhat.java-1.54.0-win32-x64\jre\21.0.10-win32-x86_64\bin\instrument.dll
Event: 0.446 Loaded shared library C:\Users\jibri\.antigravity\extensions\redhat.java-1.54.0-win32-x64\jre\21.0.10-win32-x86_64\bin\net.dll
Event: 0.449 Loaded shared library C:\Users\jibri\.antigravity\extensions\redhat.java-1.54.0-win32-x64\jre\21.0.10-win32-x86_64\bin\nio.dll
Event: 0.452 Loaded shared library C:\Users\jibri\.antigravity\extensions\redhat.java-1.54.0-win32-x64\jre\21.0.10-win32-x86_64\bin\zip.dll
Event: 0.467 Loaded shared library C:\Users\jibri\.antigravity\extensions\redhat.java-1.54.0-win32-x64\jre\21.0.10-win32-x86_64\bin\jimage.dll
Event: 0.536 Loaded shared library c:\Users\jibri\.antigravity\extensions\redhat.java-1.54.0-win32-x64\jre\21.0.10-win32-x86_64\bin\verify.dll
Event: 8.088 Loaded shared library C:\Users\jibri\AppData\Roaming\Antigravity\User\globalStorage\redhat.java\1.54.0\config_win\org.eclipse.equinox.launcher\org.eclipse.equinox.launcher.win32.win32.x86_64_1.3.0.v20260203-2149\eclipse_11919.dll
Event: 15.142 Loaded shared library C:\Users\jibri\AppData\Local\Temp\jna-101119098\jna13463090584345009143.dll
Event: 16.601 Loaded shared library C:\Users\jibri\.antigravity\extensions\redhat.java-1.54.0-win32-x64\jre\21.0.10-win32-x86_64\bin\management.dll
Event: 16.605 Loaded shared library C:\Users\jibri\.antigravity\extensions\redhat.java-1.54.0-win32-x64\jre\21.0.10-win32-x86_64\bin\management_ext.dll
Event: 20.304 Loaded shared library C:\Users\jibri\.gradle\native\1def1411415f61bf3af743bc5b6707747c0891f09f0c88961ee8f79bc544acac\windows-amd64\native-platform.dll
Event: 21.412 Loaded shared library C:\Users\jibri\.antigravity\extensions\redhat.java-1.54.0-win32-x64\jre\21.0.10-win32-x86_64\bin\sunmscapi.dll
Event: 21.718 Loaded shared library C:\Users\jibri\.antigravity\extensions\redhat.java-1.54.0-win32-x64\jre\21.0.10-win32-x86_64\bin\extnet.dll
Event: 67.807 Loaded shared library C:\Users\jibri\.gradle\native\c067742578af261105cb4f569cf0c3c89f3d7b1fecec35dd04571415982c5e48\windows-amd64\native-platform.dll

Deoptimization events (20 events):
Event: 67.690 Thread 0x0000015c7b801e00 Uncommon trap: trap_request=0xffffffbe fr.pc=0x0000015c2325fc08 relative=0x00000000000002a8
Event: 67.690 Thread 0x0000015c7b801e00 Uncommon trap: reason=profile_predicate action=maybe_recompile pc=0x0000015c2325fc08 method=java.util.regex.Pattern$BnM.optimize(Ljava/util/regex/Pattern$Node;)Ljava/util/regex/Pattern$Node; @ 67 c2
Event: 67.690 Thread 0x0000015c7b801e00 DEOPT PACKING pc=0x0000015c2325fc08 sp=0x0000002a62efd630
Event: 67.690 Thread 0x0000015c7b801e00 DEOPT UNPACKING pc=0x0000015c221b3aa2 sp=0x0000002a62efd5b8 mode 2
Event: 67.690 Thread 0x0000015c7b801e00 Uncommon trap: trap_request=0xffffffbe fr.pc=0x0000015c2325fc08 relative=0x00000000000002a8
Event: 67.690 Thread 0x0000015c7b801e00 Uncommon trap: reason=profile_predicate action=maybe_recompile pc=0x0000015c2325fc08 method=java.util.regex.Pattern$BnM.optimize(Ljava/util/regex/Pattern$Node;)Ljava/util/regex/Pattern$Node; @ 67 c2
Event: 67.690 Thread 0x0000015c7b801e00 DEOPT PACKING pc=0x0000015c2325fc08 sp=0x0000002a62efd630
Event: 67.690 Thread 0x0000015c7b801e00 DEOPT UNPACKING pc=0x0000015c221b3aa2 sp=0x0000002a62efd5b8 mode 2
Event: 67.980 Thread 0x0000015c7b801e00 Uncommon trap: trap_request=0xffffffbe fr.pc=0x0000015c2325fc08 relative=0x00000000000002a8
Event: 67.980 Thread 0x0000015c7b801e00 Uncommon trap: reason=profile_predicate action=maybe_recompile pc=0x0000015c2325fc08 method=java.util.regex.Pattern$BnM.optimize(Ljava/util/regex/Pattern$Node;)Ljava/util/regex/Pattern$Node; @ 67 c2
Event: 67.980 Thread 0x0000015c7b801e00 DEOPT PACKING pc=0x0000015c2325fc08 sp=0x0000002a62efd350
Event: 67.980 Thread 0x0000015c7b801e00 DEOPT UNPACKING pc=0x0000015c221b3aa2 sp=0x0000002a62efd2d8 mode 2
Event: 67.982 Thread 0x0000015c7b801e00 Uncommon trap: trap_request=0xffffffbe fr.pc=0x0000015c2325fc08 relative=0x00000000000002a8
Event: 67.982 Thread 0x0000015c7b801e00 Uncommon trap: reason=profile_predicate action=maybe_recompile pc=0x0000015c2325fc08 method=java.util.regex.Pattern$BnM.optimize(Ljava/util/regex/Pattern$Node;)Ljava/util/regex/Pattern$Node; @ 67 c2
Event: 67.982 Thread 0x0000015c7b801e00 DEOPT PACKING pc=0x0000015c2325fc08 sp=0x0000002a62efd100
Event: 67.982 Thread 0x0000015c7b801e00 DEOPT UNPACKING pc=0x0000015c221b3aa2 sp=0x0000002a62efd088 mode 2
Event: 68.259 Thread 0x0000015c7b801e00 DEOPT PACKING pc=0x0000015c1be04dfc sp=0x0000002a62efd3a0
Event: 68.259 Thread 0x0000015c7b801e00 DEOPT UNPACKING pc=0x0000015c221b4242 sp=0x0000002a62efc860 mode 0
Event: 68.536 Thread 0x0000015c7b801e00 DEOPT PACKING pc=0x0000015c1be6d356 sp=0x0000002a62efd520
Event: 68.536 Thread 0x0000015c7b801e00 DEOPT UNPACKING pc=0x0000015c221b4242 sp=0x0000002a62efca30 mode 0

Classes loaded (20 events):
Event: 26.871 Loading class java/lang/invoke/ConstantBootstraps
Event: 26.871 Loading class java/lang/invoke/ConstantBootstraps done
Event: 26.876 Loading class java/nio/channels/spi/AbstractSelector$1
Event: 26.876 Loading class java/nio/channels/spi/AbstractSelector$1 done
Event: 26.916 Loading class java/util/concurrent/Executors$AutoShutdownDelegatedExecutorService
Event: 26.916 Loading class java/util/concurrent/Executors$AutoShutdownDelegatedExecutorService done
Event: 31.353 Loading class sun/nio/cs/ISO_8859_1$Encoder
Event: 31.354 Loading class sun/nio/cs/ISO_8859_1$Encoder done
Event: 31.354 Loading class sun/nio/cs/Surrogate$Parser
Event: 31.354 Loading class sun/nio/cs/Surrogate$Parser done
Event: 31.354 Loading class sun/nio/cs/Surrogate
Event: 31.354 Loading class sun/nio/cs/Surrogate done
Event: 66.915 Loading class java/lang/UnsupportedClassVersionError
Event: 66.919 Loading class java/lang/UnsupportedClassVersionError done
Event: 67.078 Loading class java/util/concurrent/ConcurrentLinkedQueue$Itr
Event: 67.083 Loading class java/util/concurrent/ConcurrentLinkedQueue$Itr done
Event: 67.114 Loading class java/util/LinkedList$LLSpliterator
Event: 67.118 Loading class java/util/LinkedList$LLSpliterator done
Event: 69.778 Loading class java/nio/file/AtomicMoveNotSupportedException
Event: 69.778 Loading class java/nio/file/AtomicMoveNotSupportedException done

Classes unloaded (20 events):
Event: 16.003 Thread 0x0000015c164efa00 Unloading class 0x0000015c301ab400 'java/lang/invoke/LambdaForm$MH+0x0000015c301ab400'
Event: 16.003 Thread 0x0000015c164efa00 Unloading class 0x0000015c301ab000 'java/lang/invoke/LambdaForm$MH+0x0000015c301ab000'
Event: 16.003 Thread 0x0000015c164efa00 Unloading class 0x0000015c301aac00 'java/lang/invoke/LambdaForm$MH+0x0000015c301aac00'
Event: 16.003 Thread 0x0000015c164efa00 Unloading class 0x0000015c301aa800 'java/lang/invoke/LambdaForm$MH+0x0000015c301aa800'
Event: 16.003 Thread 0x0000015c164efa00 Unloading class 0x0000015c301aa400 'java/lang/invoke/LambdaForm$BMH+0x0000015c301aa400'
Event: 16.003 Thread 0x0000015c164efa00 Unloading class 0x0000015c301aa000 'java/lang/invoke/LambdaForm$DMH+0x0000015c301aa000'
Event: 16.003 Thread 0x0000015c164efa00 Unloading class 0x0000015c301a8c00 'java/lang/invoke/LambdaForm$DMH+0x0000015c301a8c00'
Event: 21.560 Thread 0x0000015c164efa00 Unloading class 0x0000015c30405800 'java/lang/invoke/LambdaForm$MH+0x0000015c30405800'
Event: 21.560 Thread 0x0000015c164efa00 Unloading class 0x0000015c30404c00 'java/lang/invoke/LambdaForm$MH+0x0000015c30404c00'
Event: 21.560 Thread 0x0000015c164efa00 Unloading class 0x0000015c30404400 'java/lang/invoke/LambdaForm$MH+0x0000015c30404400'
Event: 21.560 Thread 0x0000015c164efa00 Unloading class 0x0000015c30403c00 'java/lang/invoke/LambdaForm$MH+0x0000015c30403c00'
Event: 21.560 Thread 0x0000015c164efa00 Unloading class 0x0000015c30403800 'java/lang/invoke/LambdaForm$DMH+0x0000015c30403800'
Event: 21.560 Thread 0x0000015c164efa00 Unloading class 0x0000015c30402c00 'java/lang/invoke/LambdaForm$MH+0x0000015c30402c00'
Event: 21.560 Thread 0x0000015c164efa00 Unloading class 0x0000015c303fb400 'java/lang/invoke/LambdaForm$MH+0x0000015c303fb400'
Event: 21.560 Thread 0x0000015c164efa00 Unloading class 0x0000015c303fac00 'java/lang/invoke/LambdaForm$MH+0x0000015c303fac00'
Event: 21.560 Thread 0x0000015c164efa00 Unloading class 0x0000015c303fa400 'java/lang/invoke/LambdaForm$MH+0x0000015c303fa400'
Event: 21.560 Thread 0x0000015c164efa00 Unloading class 0x0000015c303fa000 'java/lang/invoke/LambdaForm$MH+0x0000015c303fa000'
Event: 21.560 Thread 0x0000015c164efa00 Unloading class 0x0000015c303f9400 'java/lang/invoke/LambdaForm$MH+0x0000015c303f9400'
Event: 21.560 Thread 0x0000015c164efa00 Unloading class 0x0000015c303f8c00 'java/lang/invoke/LambdaForm$MH+0x0000015c303f8c00'
Event: 21.560 Thread 0x0000015c164efa00 Unloading class 0x0000015c303f8400 'java/lang/invoke/LambdaForm$MH+0x0000015c303f8400'

Classes redefined (0 events):
No events

Internal exceptions (20 events):
Event: 24.656 Thread 0x0000015c77775990 Exception <a 'sun/nio/fs/WindowsException'{0x00000000d595e0d8}> (0x00000000d595e0d8) 
thrown [s\src\hotspot\share\prims\jni.cpp, line 520]
Event: 24.656 Thread 0x0000015c77775990 Exception <a 'sun/nio/fs/WindowsException'{0x00000000d595e9b8}> (0x00000000d595e9b8) 
thrown [s\src\hotspot\share\prims\jni.cpp, line 520]
Event: 25.152 Thread 0x0000015c791328c0 Implicit null exception at 0x0000015c22f1eb85 to 0x0000015c22f215ac
Event: 26.094 Thread 0x0000015c77778e10 Exception <a 'java/lang/IncompatibleClassChangeError'{0x00000000d5ab1708}: Found class java.lang.Object, but interface was expected> (0x00000000d5ab1708) 
thrown [s\src\hotspot\share\interpreter\linkResolver.cpp, line 840]
Event: 26.094 Thread 0x0000015c77775990 Exception <a 'java/lang/IncompatibleClassChangeError'{0x00000000d5b7bd08}: Found class java.lang.Object, but interface was expected> (0x00000000d5b7bd08) 
thrown [s\src\hotspot\share\interpreter\linkResolver.cpp, line 840]
Event: 26.094 Thread 0x0000015c791328c0 Exception <a 'java/lang/IncompatibleClassChangeError'{0x00000000d5b826b8}: Found class java.lang.Object, but interface was expected> (0x00000000d5b826b8) 
thrown [s\src\hotspot\share\interpreter\linkResolver.cpp, line 840]
Event: 26.342 Thread 0x0000015c77778e10 Exception <a 'java/lang/NoSuchMethodError'{0x00000000d5581338}: 'java.lang.Object java.lang.invoke.DirectMethodHandle$Holder.invokeVirtual(java.lang.Object, java.lang.Object, int)'> (0x00000000d5581338) 
thrown [s\src\hotspot\share\interpreter\linkResolver.cpp, line 773]
Event: 26.874 Thread 0x0000015c7b7fe980 Exception <a 'java/lang/NoSuchMethodError'{0x00000000d5b84460}: 'void java.lang.invoke.DirectMethodHandle$Holder.invokeInterface(java.lang.Object, java.lang.Object, java.lang.Object, java.lang.Object)'> (0x00000000d5b84460) 
thrown [s\src\hotspot\share\interpreter\linkResolver.cpp, line 773]
Event: 34.914 Thread 0x0000015c77c66e80 Implicit null exception at 0x0000015c231a4b8c to 0x0000015c231a4bed
Event: 36.122 Thread 0x0000015c77c66e80 Implicit null exception at 0x0000015c231aa82c to 0x0000015c231ab838
Event: 36.122 Thread 0x0000015c77c66e80 Implicit null exception at 0x0000015c230610de to 0x0000015c23061148
Event: 36.124 Thread 0x0000015c77c66e80 Implicit null exception at 0x0000015c231ae4d3 to 0x0000015c231b0b78
Event: 36.124 Thread 0x0000015c77c66e80 Implicit null exception at 0x0000015c231299de to 0x0000015c23129a20
Event: 38.821 Thread 0x0000015c77c65440 Exception <a 'java/io/FileNotFoundException'{0x00000000d599eed8}> (0x00000000d599eed8) 
thrown [s\src\hotspot\share\prims\jni.cpp, line 520]
Event: 38.821 Thread 0x0000015c77c65440 Exception <a 'java/io/FileNotFoundException'{0x00000000d59a06c0}> (0x00000000d59a06c0) 
thrown [s\src\hotspot\share\prims\jni.cpp, line 520]
Event: 38.822 Thread 0x0000015c77c65440 Exception <a 'java/io/FileNotFoundException'{0x00000000d59a1b90}> (0x00000000d59a1b90) 
thrown [s\src\hotspot\share\prims\jni.cpp, line 520]
Event: 39.134 Thread 0x0000015c77c65440 Implicit null exception at 0x0000015c2320dbbe to 0x0000015c2320ea68
Event: 39.154 Thread 0x0000015c77c65440 Exception <a 'java/lang/NoSuchMethodError'{0x00000000d5723d30}: 'int java.lang.invoke.DirectMethodHandle$Holder.invokeStatic(java.lang.Object)'> (0x00000000d5723d30) 
thrown [s\src\hotspot\share\interpreter\linkResolver.cpp, line 773]
Event: 69.732 Thread 0x0000015c7b801e00 Exception <a 'java/lang/NoClassDefFoundError'{0x00000000d55955c0}: org/slf4j/impl/StaticMarkerBinder> (0x00000000d55955c0) 
thrown [s\src\hotspot\share\classfile\systemDictionary.cpp, line 301]
Event: 69.850 Thread 0x0000015c7b801e00 Exception <a 'java/lang/NoSuchMethodError'{0x00000000d5837c50}: 'java.lang.Object java.lang.invoke.DirectMethodHandle$Holder.invokeVirtual(java.lang.Object, java.lang.Object, java.lang.Object, java.lang.Object, java.lang.Object, java.lang.Object, java.lang.Object, java.lang.Object, java.lang.Object, java.lang.Object, java.lang.Object)'> (0x00000000d5837c50) 
thrown [s\src\hotspot\share\interpreter\linkResolver.cpp, line 773]

ZGC Phase Switch (0 events):
No events

VM Operations (20 events):
Event: 69.669 Executing safepoint VM operation: ParallelGCFailedAllocation (Allocation Failure)
Event: 69.670 Executing safepoint VM operation: ParallelGCFailedAllocation (Allocation Failure) done
Event: 69.725 Executing safepoint VM operation: ParallelGCFailedAllocation (Allocation Failure)
Event: 69.731 Executing safepoint VM operation: ParallelGCFailedAllocation (Allocation Failure) done
Event: 69.764 Executing safepoint VM operation: ParallelGCFailedAllocation (Allocation Failure)
Event: 69.765 Executing safepoint VM operation: ParallelGCFailedAllocation (Allocation Failure) done
Event: 69.797 Executing safepoint VM operation: ParallelGCFailedAllocation (Allocation Failure)
Event: 69.798 Executing safepoint VM operation: ParallelGCFailedAllocation (Allocation Failure) done
Event: 69.858 Executing safepoint VM operation: ParallelGCFailedAllocation (Allocation Failure)
Event: 69.859 Executing safepoint VM operation: ParallelGCFailedAllocation (Allocation Failure) done
Event: 69.885 Executing safepoint VM operation: ParallelGCFailedAllocation (Allocation Failure)
Event: 69.887 Executing safepoint VM operation: ParallelGCFailedAllocation (Allocation Failure) done
Event: 69.925 Executing safepoint VM operation: ParallelGCFailedAllocation (Allocation Failure)
Event: 69.926 Executing safepoint VM operation: ParallelGCFailedAllocation (Allocation Failure) done
Event: 69.961 Executing safepoint VM operation: ParallelGCFailedAllocation (Allocation Failure)
Event: 69.962 Executing safepoint VM operation: ParallelGCFailedAllocation (Allocation Failure) done
Event: 70.972 Executing safepoint VM operation: Cleanup
Event: 70.989 Executing safepoint VM operation: Cleanup done
Event: 71.989 Executing safepoint VM operation: Cleanup
Event: 71.989 Executing safepoint VM operation: Cleanup done

Memory protections (0 events):
No events

Nmethod flushes (20 events):
Event: 21.571 Thread 0x0000015c164efa00 flushing  nmethod 0x0000015c1b7f3c90
Event: 21.571 Thread 0x0000015c164efa00 flushing  nmethod 0x0000015c1b7f4b10
Event: 21.571 Thread 0x0000015c164efa00 flushing  nmethod 0x0000015c1b7f6810
Event: 21.571 Thread 0x0000015c164efa00 flushing  nmethod 0x0000015c1b807490
Event: 21.571 Thread 0x0000015c164efa00 flushing  nmethod 0x0000015c1b820c90
Event: 21.571 Thread 0x0000015c164efa00 flushing  nmethod 0x0000015c1b821690
Event: 21.571 Thread 0x0000015c164efa00 flushing  nmethod 0x0000015c1b84ba90
Event: 21.571 Thread 0x0000015c164efa00 flushing  nmethod 0x0000015c1b855890
Event: 21.571 Thread 0x0000015c164efa00 flushing  nmethod 0x0000015c1b877e10
Event: 21.571 Thread 0x0000015c164efa00 flushing  nmethod 0x0000015c1b878b90
Event: 21.571 Thread 0x0000015c164efa00 flushing  nmethod 0x0000015c1b878f90
Event: 21.571 Thread 0x0000015c164efa00 flushing  nmethod 0x0000015c1b87a110
Event: 21.571 Thread 0x0000015c164efa00 flushing  nmethod 0x0000015c1b87ae10
Event: 21.571 Thread 0x0000015c164efa00 flushing  nmethod 0x0000015c1b87cc10
Event: 21.571 Thread 0x0000015c164efa00 flushing osr nmethod 0x0000015c1b87ec10
Event: 21.571 Thread 0x0000015c164efa00 flushing  nmethod 0x0000015c1b88c490
Event: 21.571 Thread 0x0000015c164efa00 flushing  nmethod 0x0000015c1b88cd10
Event: 21.571 Thread 0x0000015c164efa00 flushing  nmethod 0x0000015c1b88e610
Event: 21.571 Thread 0x0000015c164efa00 flushing  nmethod 0x0000015c1b891510
Event: 21.571 Thread 0x0000015c164efa00 flushing  nmethod 0x0000015c1b89d290

Events (20 events):
Event: 31.315 Thread 0x0000015c710dd0a0 Thread added: 0x0000015c7122e2e0
Event: 31.315 Thread 0x0000015c710d8fd0 Thread added: 0x0000015c711dede0
Event: 31.320 Thread 0x0000015c7122e2e0 Thread added: 0x0000015c78db4100
Event: 31.759 Thread 0x0000015c78db4100 Thread exited: 0x0000015c78db4100
Event: 31.897 Thread 0x0000015c711dede0 Thread exited: 0x0000015c711dede0
Event: 32.829 Thread 0x0000015c7122e2e0 Thread exited: 0x0000015c7122e2e0
Event: 37.276 Thread 0x0000015c710dd0a0 Thread added: 0x0000015c7122e2e0
Event: 38.070 Thread 0x0000015c7122e2e0 Thread exited: 0x0000015c7122e2e0
Event: 38.856 Thread 0x0000015c710dd0a0 Thread added: 0x0000015c7122e2e0
Event: 39.171 Thread 0x0000015c710dd0a0 Thread added: 0x0000015c711dede0
Event: 39.782 Thread 0x0000015c711dede0 Thread exited: 0x0000015c711dede0
Event: 39.782 Thread 0x0000015c7122e2e0 Thread exited: 0x0000015c7122e2e0
Event: 67.078 Thread 0x0000015c7b8003c0 Thread exited: 0x0000015c7b8003c0
Event: 67.122 Thread 0x0000015c7b7fe980 Thread exited: 0x0000015c7b7fe980
Event: 67.176 Thread 0x0000015c79130e80 Thread added: 0x0000015c7b801e00
Event: 67.403 Thread 0x0000015c710d8fd0 Thread added: 0x0000015c711dede0
Event: 67.525 Thread 0x0000015c711dede0 Thread exited: 0x0000015c711dede0
Event: 69.652 Thread 0x0000015c710dd0a0 Thread added: 0x0000015c711dede0
Event: 69.702 Thread 0x0000015c710d8fd0 Thread added: 0x0000015c7122e2e0
Event: 69.944 Thread 0x0000015c7b801e00 Thread added: 0x0000015c7b7fe980


Dynamic libraries:
0x00007ff7d9510000 - 0x00007ff7d951e000 	c:\Users\jibri\.antigravity\extensions\redhat.java-1.54.0-win32-x64\jre\21.0.10-win32-x86_64\bin\java.exe
0x00007ffd332e0000 - 0x00007ffd33547000 	C:\WINDOWS\SYSTEM32\ntdll.dll
0x00007ffd312b0000 - 0x00007ffd31379000 	C:\WINDOWS\System32\KERNEL32.DLL
0x00007ffd308a0000 - 0x00007ffd30c94000 	C:\WINDOWS\System32\KERNELBASE.dll
0x00007ffd30e60000 - 0x00007ffd30fab000 	C:\WINDOWS\System32\ucrtbase.dll
0x00007ffcef290000 - 0x00007ffcef2a8000 	c:\Users\jibri\.antigravity\extensions\redhat.java-1.54.0-win32-x64\jre\21.0.10-win32-x86_64\bin\jli.dll
0x00007ffd12a90000 - 0x00007ffd12aae000 	c:\Users\jibri\.antigravity\extensions\redhat.java-1.54.0-win32-x64\jre\21.0.10-win32-x86_64\bin\VCRUNTIME140.dll
0x00007ffd322b0000 - 0x00007ffd32475000 	C:\WINDOWS\System32\USER32.dll
0x00007ffd307c0000 - 0x00007ffd307e7000 	C:\WINDOWS\System32\win32u.dll
0x00007ffd31a20000 - 0x00007ffd31a4b000 	C:\WINDOWS\System32\GDI32.dll
0x00007ffd30ca0000 - 0x00007ffd30dcb000 	C:\WINDOWS\System32\gdi32full.dll
0x00007ffd0cd20000 - 0x00007ffd0cfb3000 	C:\WINDOWS\WinSxS\amd64_microsoft.windows.common-controls_6595b64144ccf1df_6.0.26100.8115_none_3e075c82e3354f9c\COMCTL32.dll
0x00007ffd30710000 - 0x00007ffd307b3000 	C:\WINDOWS\System32\msvcp_win.dll
0x00007ffd32200000 - 0x00007ffd322a9000 	C:\WINDOWS\System32\msvcrt.dll
0x00007ffd31d10000 - 0x00007ffd31d42000 	C:\WINDOWS\System32\IMM32.DLL
0x00007ffd2d080000 - 0x00007ffd2d08c000 	c:\Users\jibri\.antigravity\extensions\redhat.java-1.54.0-win32-x64\jre\21.0.10-win32-x86_64\bin\vcruntime140_1.dll
0x00007ffc94810000 - 0x00007ffc9489d000 	c:\Users\jibri\.antigravity\extensions\redhat.java-1.54.0-win32-x64\jre\21.0.10-win32-x86_64\bin\msvcp140.dll
0x00007ffc93a60000 - 0x00007ffc94801000 	c:\Users\jibri\.antigravity\extensions\redhat.java-1.54.0-win32-x64\jre\21.0.10-win32-x86_64\bin\server\jvm.dll
0x00007ffd32080000 - 0x00007ffd32136000 	C:\WINDOWS\System32\ADVAPI32.dll
0x00007ffd31d50000 - 0x00007ffd31df7000 	C:\WINDOWS\System32\sechost.dll
0x00007ffd32620000 - 0x00007ffd32738000 	C:\WINDOWS\System32\RPCRT4.dll
0x00007ffd31920000 - 0x00007ffd319a0000 	C:\WINDOWS\System32\WS2_32.dll
0x00007ffd21ad0000 - 0x00007ffd21b06000 	C:\WINDOWS\SYSTEM32\WINMM.dll
0x00007ffd29440000 - 0x00007ffd2944b000 	C:\WINDOWS\SYSTEM32\VERSION.dll
0x00007ffd2fa10000 - 0x00007ffd2fa6e000 	C:\WINDOWS\SYSTEM32\POWRPROF.dll
0x00007ffd2f9f0000 - 0x00007ffd2fa04000 	C:\WINDOWS\SYSTEM32\UMPDC.dll
0x00007ffd2e910000 - 0x00007ffd2e92b000 	C:\WINDOWS\SYSTEM32\kernel.appcore.dll
0x00007ffd293f0000 - 0x00007ffd293fa000 	c:\Users\jibri\.antigravity\extensions\redhat.java-1.54.0-win32-x64\jre\21.0.10-win32-x86_64\bin\jimage.dll
0x00007ffd2dbb0000 - 0x00007ffd2ddf2000 	C:\WINDOWS\SYSTEM32\DBGHELP.DLL
0x00007ffd32740000 - 0x00007ffd32ac2000 	C:\WINDOWS\System32\combase.dll
0x00007ffd31a50000 - 0x00007ffd31b28000 	C:\WINDOWS\System32\OLEAUT32.dll
0x00007ffd0ab00000 - 0x00007ffd0ab3b000 	C:\WINDOWS\SYSTEM32\dbgcore.DLL
0x00007ffd307f0000 - 0x00007ffd30895000 	C:\WINDOWS\System32\bcryptPrimitives.dll
0x00007ffd12a60000 - 0x00007ffd12a6f000 	c:\Users\jibri\.antigravity\extensions\redhat.java-1.54.0-win32-x64\jre\21.0.10-win32-x86_64\bin\instrument.dll
0x00007ffce42e0000 - 0x00007ffce4300000 	c:\Users\jibri\.antigravity\extensions\redhat.java-1.54.0-win32-x64\jre\21.0.10-win32-x86_64\bin\java.dll
0x00007ffd32ad0000 - 0x00007ffd33237000 	C:\WINDOWS\System32\SHELL32.dll
0x00007ffd305a0000 - 0x00007ffd3070a000 	C:\WINDOWS\System32\wintypes.dll
0x00007ffd2fbb0000 - 0x00007ffd30418000 	C:\WINDOWS\System32\windows.storage.dll
0x00007ffd31c10000 - 0x00007ffd31d08000 	C:\WINDOWS\System32\SHCORE.dll
0x00007ffd319b0000 - 0x00007ffd31a16000 	C:\WINDOWS\System32\shlwapi.dll
0x00007ffd2fad0000 - 0x00007ffd2faf9000 	C:\WINDOWS\SYSTEM32\profapi.dll
0x00007ffcd5360000 - 0x00007ffcd5378000 	c:\Users\jibri\.antigravity\extensions\redhat.java-1.54.0-win32-x64\jre\21.0.10-win32-x86_64\bin\zip.dll
0x00007ffd07bd0000 - 0x00007ffd07be0000 	C:\Users\jibri\.antigravity\extensions\redhat.java-1.54.0-win32-x64\jre\21.0.10-win32-x86_64\bin\net.dll
0x00007ffd28800000 - 0x00007ffd2892d000 	C:\WINDOWS\SYSTEM32\WINHTTP.dll
0x00007ffd2ee90000 - 0x00007ffd2eefc000 	C:\WINDOWS\system32\mswsock.dll
0x00007ffcd0060000 - 0x00007ffcd0076000 	C:\Users\jibri\.antigravity\extensions\redhat.java-1.54.0-win32-x64\jre\21.0.10-win32-x86_64\bin\nio.dll
0x00007ffcf61e0000 - 0x00007ffcf61f0000 	c:\Users\jibri\.antigravity\extensions\redhat.java-1.54.0-win32-x64\jre\21.0.10-win32-x86_64\bin\verify.dll
0x00007ffcf8310000 - 0x00007ffcf8355000 	C:\Users\jibri\AppData\Roaming\Antigravity\User\globalStorage\redhat.java\1.54.0\config_win\org.eclipse.equinox.launcher\org.eclipse.equinox.launcher.win32.win32.x86_64_1.3.0.v20260203-2149\eclipse_11919.dll
0x00007ffd32480000 - 0x00007ffd32617000 	C:\WINDOWS\System32\ole32.dll
0x00007ffd2f190000 - 0x00007ffd2f1ab000 	C:\WINDOWS\SYSTEM32\CRYPTSP.dll
0x00007ffd2e870000 - 0x00007ffd2e8a9000 	C:\WINDOWS\system32\rsaenh.dll
0x00007ffd2ef60000 - 0x00007ffd2ef93000 	C:\WINDOWS\SYSTEM32\USERENV.dll
0x00007ffd2faa0000 - 0x00007ffd2faca000 	C:\WINDOWS\SYSTEM32\bcrypt.dll
0x00007ffd2f1b0000 - 0x00007ffd2f1bc000 	C:\WINDOWS\SYSTEM32\CRYPTBASE.dll
0x00007ffd2e2e0000 - 0x00007ffd2e312000 	C:\WINDOWS\SYSTEM32\IPHLPAPI.DLL
0x00007ffd31380000 - 0x00007ffd3138a000 	C:\WINDOWS\System32\NSI.dll
0x00007ffcf8200000 - 0x00007ffcf8249000 	C:\Users\jibri\AppData\Local\Temp\jna-101119098\jna13463090584345009143.dll
0x00007ffd31e00000 - 0x00007ffd31e08000 	C:\WINDOWS\System32\PSAPI.DLL
0x00007ffd06760000 - 0x00007ffd0676a000 	C:\Users\jibri\.antigravity\extensions\redhat.java-1.54.0-win32-x64\jre\21.0.10-win32-x86_64\bin\management.dll
0x00007ffd06750000 - 0x00007ffd0675c000 	C:\Users\jibri\.antigravity\extensions\redhat.java-1.54.0-win32-x64\jre\21.0.10-win32-x86_64\bin\management_ext.dll
0x00007ffd28ad0000 - 0x00007ffd28aed000 	C:\WINDOWS\SYSTEM32\dhcpcsvc6.DLL
0x00007ffd287d0000 - 0x00007ffd287f5000 	C:\WINDOWS\SYSTEM32\dhcpcsvc.DLL
0x00007ffcddb60000 - 0x00007ffcddb87000 	C:\Users\jibri\.gradle\native\1def1411415f61bf3af743bc5b6707747c0891f09f0c88961ee8f79bc544acac\windows-amd64\native-platform.dll
0x00007ffcefae0000 - 0x00007ffcefaee000 	C:\Users\jibri\.antigravity\extensions\redhat.java-1.54.0-win32-x64\jre\21.0.10-win32-x86_64\bin\sunmscapi.dll
0x00007ffd30420000 - 0x00007ffd30597000 	C:\WINDOWS\System32\CRYPT32.dll
0x00007ffd2f3b0000 - 0x00007ffd2f3e0000 	C:\WINDOWS\SYSTEM32\ncrypt.dll
0x00007ffd2f360000 - 0x00007ffd2f39f000 	C:\WINDOWS\SYSTEM32\NTASN1.dll
0x00007ffd2e3d0000 - 0x00007ffd2e502000 	C:\WINDOWS\SYSTEM32\DNSAPI.dll
0x00007ffd20e20000 - 0x00007ffd20e2b000 	C:\Windows\System32\rasadhlp.dll
0x00007ffd24dd0000 - 0x00007ffd24e56000 	C:\WINDOWS\System32\fwpuclnt.dll
0x00007ffce42d0000 - 0x00007ffce42d9000 	C:\Users\jibri\.antigravity\extensions\redhat.java-1.54.0-win32-x64\jre\21.0.10-win32-x86_64\bin\extnet.dll
0x00007ffd05e40000 - 0x00007ffd05e48000 	C:\WINDOWS\system32\wshunix.dll
0x00007ffd06660000 - 0x00007ffd06687000 	C:\Users\jibri\.gradle\native\c067742578af261105cb4f569cf0c3c89f3d7b1fecec35dd04571415982c5e48\windows-amd64\native-platform.dll

JVMTI agents:
c:\Users\jibri\.antigravity\extensions\redhat.java-1.54.0-win32-x64\lombok\lombok-1.18.39-4050.jar path:c:\Users\jibri\.antigravity\extensions\redhat.java-1.54.0-win32-x64\jre\21.0.10-win32-x86_64\bin\instrument.dll, loaded, initialized, instrumentlib options:none

dbghelp: loaded successfully - version: 4.0.5 - missing functions: none
symbol engine: initialized successfully - sym options: 0x614 - pdb path: .;c:\Users\jibri\.antigravity\extensions\redhat.java-1.54.0-win32-x64\jre\21.0.10-win32-x86_64\bin;C:\WINDOWS\SYSTEM32;C:\WINDOWS\WinSxS\amd64_microsoft.windows.common-controls_6595b64144ccf1df_6.0.26100.8115_none_3e075c82e3354f9c;c:\Users\jibri\.antigravity\extensions\redhat.java-1.54.0-win32-x64\jre\21.0.10-win32-x86_64\bin\server;C:\Users\jibri\AppData\Roaming\Antigravity\User\globalStorage\redhat.java\1.54.0\config_win\org.eclipse.equinox.launcher\org.eclipse.equinox.launcher.win32.win32.x86_64_1.3.0.v20260203-2149;C:\Users\jibri\AppData\Local\Temp\jna-101119098;C:\Users\jibri\.gradle\native\1def1411415f61bf3af743bc5b6707747c0891f09f0c88961ee8f79bc544acac\windows-amd64;C:\Users\jibri\.gradle\native\c067742578af261105cb4f569cf0c3c89f3d7b1fecec35dd04571415982c5e48\windows-amd64

VM Arguments:
jvm_args: --add-modules=ALL-SYSTEM --add-opens=java.base/java.util=ALL-UNNAMED --add-opens=java.base/java.lang=ALL-UNNAMED --add-opens=java.base/sun.nio.fs=ALL-UNNAMED -Declipse.application=org.eclipse.jdt.ls.core.id1 -Dosgi.bundles.defaultStartLevel=4 -Declipse.product=org.eclipse.jdt.ls.core.product -Djava.import.generatesMetadataFilesAtProjectRoot=false -DDetectVMInstallationsJob.disabled=true -Dfile.encoding=utf8 -XX:+UseParallelGC -XX:GCTimeRatio=4 -XX:AdaptiveSizePolicyWeight=90 -Dsun.zip.disableMemoryMapping=true -Xmx2G -Xms100m -Xlog:disable -javaagent:c:\Users\jibri\.antigravity\extensions\redhat.java-1.54.0-win32-x64\lombok\lombok-1.18.39-4050.jar -XX:+HeapDumpOnOutOfMemoryError -XX:HeapDumpPath=c:\Users\jibri\AppData\Roaming\Antigravity\User\workspaceStorage\8b75b7c593fc459511d45e689933c160\redhat.java -Daether.dependencyCollector.impl=bf 
java_command: c:\Users\jibri\.antigravity\extensions\redhat.java-1.54.0-win32-x64\server\plugins\org.eclipse.equinox.launcher_1.7.100.v20251111-0406.jar -configuration c:\Users\jibri\AppData\Roaming\Antigravity\User\globalStorage\redhat.java\1.54.0\config_win -data c:\Users\jibri\AppData\Roaming\Antigravity\User\workspaceStorage\8b75b7c593fc459511d45e689933c160\redhat.java\jdt_ws --pipe=\\.\pipe\lsp-11da5e6a5f0472e067b2c01a086c51eb-sock
java_class_path (initial): c:\Users\jibri\.antigravity\extensions\redhat.java-1.54.0-win32-x64\server\plugins\org.eclipse.equinox.launcher_1.7.100.v20251111-0406.jar
Launcher Type: SUN_STANDARD

[Global flags]
    uintx AdaptiveSizePolicyWeight                 = 90                                        {product} {command line}
     intx CICompilerCount                          = 12                                        {product} {ergonomic}
    uintx GCTimeRatio                              = 4                                         {product} {command line}
     bool HeapDumpOnOutOfMemoryError               = true                                   {manageable} {command line}
    ccstr HeapDumpPath                             = c:\Users\jibri\AppData\Roaming\Antigravity\User\workspaceStorage\8b75b7c593fc459511d45e689933c160\redhat.java         {manageable} {command line}
   size_t InitialHeapSize                          = 104857600                                 {product} {command line}
   size_t MaxHeapSize                              = 2147483648                                {product} {command line}
   size_t MaxNewSize                               = 715653120                                 {product} {ergonomic}
   size_t MinHeapDeltaBytes                        = 524288                                    {product} {ergonomic}
   size_t MinHeapSize                              = 104857600                                 {product} {command line}
   size_t NewSize                                  = 34603008                                  {product} {ergonomic}
    uintx NonNMethodCodeHeapSize                   = 7602480                                {pd product} {ergonomic}
    uintx NonProfiledCodeHeapSize                  = 122027880                              {pd product} {ergonomic}
   size_t OldSize                                  = 70254592                                  {product} {ergonomic}
    uintx ProfiledCodeHeapSize                     = 122027880                              {pd product} {ergonomic}
    uintx ReservedCodeCacheSize                    = 251658240                              {pd product} {ergonomic}
     bool SegmentedCodeCache                       = true                                      {product} {ergonomic}
   size_t SoftMaxHeapSize                          = 2147483648                             {manageable} {ergonomic}
     bool UseCompressedOops                        = true                           {product lp64_product} {ergonomic}
     bool UseLargePagesIndividualAllocation        = false                                  {pd product} {ergonomic}
     bool UseParallelGC                            = true                                      {product} {command line}

Logging:
Log output configuration:
 #0: stdout all=off uptime,level,tags foldmultilines=false
 #1: stderr all=off uptime,level,tags foldmultilines=false

Release file:
JAVA_VERSION="21.0.10" 
MODULES="java.base java.compiler java.datatransfer java.xml java.prefs java.desktop java.instrument java.logging java.management java.security.sasl java.naming java.rmi java.management.rmi java.net.http java.scripting java.security.jgss java.transaction.xa java.sql java.sql.rowset java.xml.crypto java.se java.smartcardio jdk.accessibility jdk.internal.jvmstat jdk.attach jdk.charsets jdk.internal.opt jdk.zipfs jdk.compiler jdk.crypto.ec jdk.crypto.cryptoki jdk.crypto.mscapi jdk.dynalink jdk.internal.ed jdk.editpad jdk.hotspot.agent jdk.httpserver jdk.internal.le jdk.internal.vm.ci jdk.internal.vm.compiler jdk.internal.vm.compiler.management jdk.jartool jdk.javadoc jdk.jcmd jdk.management jdk.management.agent jdk.jconsole jdk.jdeps jdk.jdwp.agent jdk.jdi jdk.jfr jdk.jshell jdk.jsobject jdk.jstatd jdk.localedata jdk.management.jfr jdk.naming.dns jdk.naming.rmi jdk.net jdk.nio.mapmode jdk.random jdk.sctp jdk.security.auth jdk.security.jgss jdk.unsupported jdk.unsupported.desktop jdk.xml.dom" 

Environment Variables:
JAVA_HOME=C:\Program Files\Java\jdk-17
PATH=C:\Program Files\Microsoft\jdk-17.0.16.8-hotspot\bin;C:\ProgramData\Oracle\Java\javapath;C:\Program Files\NVIDIA GPU Computing Toolkit\CUDA\v12.8\bin;C:\Program Files\NVIDIA GPU Computing Toolkit\CUDA\v12.8\libnvvp;C:\Program Files\Common Files\Oracle\Java\javapath;C:\PHP\phpoldversion\;C:\Windows\system32;C:\Windows;C:\Windows\System32\Wbem;C:\Windows\System32\WindowsPowerShell\v1.0\;C:\Windows\System32\OpenSSH\;C:\Program Files (x86)\NVIDIA Corporation\PhysX\Common;C:\Program Files\Microsoft SQL Server\150\Tools\Binn\;C:\Program Files\Microsoft SQL Server\Client SDK\ODBC\170\Tools\Binn\;C:\ProgramData\ComposerSetup\bin;C:\Users\jibri\.config\herd\bin\nvm;C:\Program Files\nodejs;C:\Program Files\Java\jdk-17\bin;C:\xampp\php;C:\WINDOWS\system32;C:\WINDOWS;C:\WINDOWS\System32\Wbem;C:\WINDOWS\System32\WindowsPowerShell\v1.0\;C:\WINDOWS\System32\OpenSSH\;C:\Program Files\nodejs\;C:\Program Files\Git\cmd;C:\Program Files\Git\bin;C:\Users\jibri\AppData\Local\Pub\Cache\bin;C:\Program Files\NVIDIA Corporation\NVIDIA app\NvDLISR;C:\Program Files\heroku\bin;C:\Program Files\NVIDIA Corporation\Nsight Compute 2025.1.1\;C:\ProgramData\chocolatey\bin;C:\Users\jibri\AppData\Local\Programs\Python\Python310\Scripts;C:\Program Files\dotnet\;C:\Program Files (x86)\Windows Kits\10\Windows Performance Toolkit\;C:\Users\jibri\AppData\Local\Android\Sdk\platform-tools;C:\Program Files\Docker\Docker\resources\bin;C:\Program Files\MySQL\MySQL Shell 8.0\bin\;C:\Users\jibri\AppData\Local\Programs\Python\Python310\Scripts\;C:\Users\jibri\AppData\Local\Programs\Python\Python310\;C:\Users\jibri\.config\herd\bin;C:\Users\jibri\AppData\Local\Microsoft\WindowsApps;C:\Users\jibri\AppData\Local\Programs\Microsoft VS Code\bin;C:\Users\jibri\AppData\Roaming\Composer\vendor\bin;C:\flutter\flutter\bin;C:\Users\jibri\AppData\Roaming\npm;C:\Program Files\Git;C:\Users\jibri\AppData\Local\Pub\Cache\bin;C:\Program Files\heroku\bin;C:\Users\jibri\.dotnet\tools;C:\AppServ\Apache24\bin;C:\AppServ\php7;C:\AppServ\MySQL\bin;C:\Users\jibri\AppData\Local\Android\Sdk\build-tools;C:\ProgramData\chocolatey\bin;C:\Program Files\nodejs\;C:\Users\jibri\AppData\Local\Programs\cursor\resources\app\bin;C:\Users\jibri\AppData\Local\Programs\Antigravity\bin
USERNAME=jibri
OS=Windows_NT
PROCESSOR_IDENTIFIER=Intel64 Family 6 Model 191 Stepping 2, GenuineIntel
TMP=C:\Users\jibri\AppData\Local\Temp
TEMP=C:\Users\jibri\AppData\Local\Temp




Periodic native trim disabled

---------------  S Y S T E M  ---------------

OS:
 Windows 11 , 64 bit Build 26100 (10.0.26100.8246)
OS uptime: 0 days 1:47 hours
Hyper-V role detected

CPU: total 20 (initial active 20) (10 cores per cpu, 2 threads per core) family 6 model 191 stepping 2 microcode 0x2c, cx8, cmov, fxsr, ht, mmx, 3dnowpref, sse, sse2, sse3, ssse3, sse4.1, sse4.2, popcnt, lzcnt, tsc, tscinvbit, avx, avx2, aes, erms, clmul, bmi1, bmi2, adx, sha, fma, vzeroupper, clflush, clflushopt, clwb, hv, serialize, rdtscp, rdpid, fsrm, f16c, cet_ibt, cet_ss
Processor Information for processor 0
  Max Mhz: 2500, Current Mhz: 2500, Mhz Limit: 2500
Processor Information for processor 1
  Max Mhz: 2500, Current Mhz: 2500, Mhz Limit: 2500
Processor Information for processor 2
  Max Mhz: 2500, Current Mhz: 2500, Mhz Limit: 2500
Processor Information for processor 3
  Max Mhz: 2500, Current Mhz: 2500, Mhz Limit: 2500
Processor Information for processor 4
  Max Mhz: 2500, Current Mhz: 2500, Mhz Limit: 2500
Processor Information for processor 5
  Max Mhz: 2500, Current Mhz: 2500, Mhz Limit: 2500
Processor Information for processor 6
  Max Mhz: 2500, Current Mhz: 2500, Mhz Limit: 2500
Processor Information for processor 7
  Max Mhz: 2500, Current Mhz: 2500, Mhz Limit: 2500
Processor Information for processor 8
  Max Mhz: 2500, Current Mhz: 2500, Mhz Limit: 2500
Processor Information for processor 9
  Max Mhz: 2500, Current Mhz: 2500, Mhz Limit: 2500
Processor Information for processor 10
  Max Mhz: 2500, Current Mhz: 2500, Mhz Limit: 2500
Processor Information for processor 11
  Max Mhz: 2500, Current Mhz: 2500, Mhz Limit: 2500
Processor Information for processor 12
  Max Mhz: 2500, Current Mhz: 1800, Mhz Limit: 1800
Processor Information for processor 13
  Max Mhz: 2500, Current Mhz: 1800, Mhz Limit: 1800
Processor Information for processor 14
  Max Mhz: 2500, Current Mhz: 1800, Mhz Limit: 1800
Processor Information for processor 15
  Max Mhz: 2500, Current Mhz: 1800, Mhz Limit: 1800
Processor Information for processor 16
  Max Mhz: 2500, Current Mhz: 1800, Mhz Limit: 1800
Processor Information for processor 17
  Max Mhz: 2500, Current Mhz: 1800, Mhz Limit: 1800
Processor Information for processor 18
  Max Mhz: 2500, Current Mhz: 1800, Mhz Limit: 1800
Processor Information for processor 19
  Max Mhz: 2500, Current Mhz: 1800, Mhz Limit: 1800

Memory: 4k page, system-wide physical 7911M (950M free)
TotalPageFile size 32487M (AvailPageFile size 86M)
current process WorkingSet (physical memory assigned to process): 175M, peak: 488M
current process commit charge ("private bytes"): 599M, peak: 600M

vm_info: OpenJDK 64-Bit Server VM (21.0.10+7-LTS) for windows-amd64 JRE (21.0.10+7-LTS), built on 2026-01-20T00:00:00Z by "admin" with MS VC++ 17.12 (VS2022)

END.
