#
# There is insufficient memory for the Java Runtime Environment to continue.
# Native memory allocation (malloc) failed to allocate 1431952 bytes. Error detail: Chunk::new
# Possible reasons:
#   The system is out of physical RAM or swap space
#   This process is running with CompressedOops enabled, and the Java Heap may be blocking the growth of the native heap
# Possible solutions:
#   Reduce memory load on the system
#   Increase physical memory or swap space
#   Check if swap backing store is full
#   Decrease Java heap size (-Xmx/-Xms)
#   Decrease number of Java threads
#   Decrease Java thread stack sizes (-Xss)
#   Set larger code cache with -XX:ReservedCodeCacheSize=
#   JVM is running with Unscaled Compressed Oops mode in which the Java heap is
#     placed in the first 4GB address space. The Java Heap base address is the
#     maximum limit for the native heap growth. Please use -XX:HeapBaseMinAddress
#     to set the Java Heap base and to place the Java Heap above 4GB virtual address.
# This output file may be truncated or incomplete.
#
#  Out of Memory Error (arena.cpp:168), pid=27388, tid=35988
#
# JRE version: OpenJDK Runtime Environment Temurin-21.0.10+7 (21.0.10+7) (build 21.0.10+7-LTS)
# Java VM: OpenJDK 64-Bit Server VM Temurin-21.0.10+7 (21.0.10+7-LTS, mixed mode, sharing, tiered, compressed oops, compressed class ptrs, g1 gc, windows-amd64)
# No core dump will be written. Minidumps are not enabled by default on client versions of Windows
#

---------------  S U M M A R Y ------------

Command Line: --add-opens=java.base/java.lang=ALL-UNNAMED --add-opens=java.base/java.lang.invoke=ALL-UNNAMED --add-opens=java.base/java.util=ALL-UNNAMED --add-opens=java.prefs/java.util.prefs=ALL-UNNAMED --add-exports=jdk.compiler/com.sun.tools.javac.api=ALL-UNNAMED --add-exports=jdk.compiler/com.sun.tools.javac.util=ALL-UNNAMED --add-opens=java.base/java.util=ALL-UNNAMED --add-opens=java.prefs/java.util.prefs=ALL-UNNAMED --add-opens=java.base/java.nio.charset=ALL-UNNAMED --add-opens=java.base/java.net=ALL-UNNAMED --add-opens=java.base/java.util.concurrent=ALL-UNNAMED --add-opens=java.base/java.util.concurrent.atomic=ALL-UNNAMED --add-opens=java.xml/javax.xml.namespace=ALL-UNNAMED -XX:MaxMetaspaceSize=512m -Xmx2048m -Dfile.encoding=UTF-8 -Duser.country=PH -Duser.language=en -Duser.variant -javaagent:C:\Users\jibri\.gradle\wrapper\dists\gradle-9.0.0-bin\d6wjpkvcgsg3oed0qlfss3wgl\gradle-9.0.0\lib\agents\gradle-instrumentation-agent-9.0.0.jar org.gradle.launcher.daemon.bootstrap.GradleDaemon 9.0.0

Host: 13th Gen Intel(R) Core(TM) i5-13500HX, 20 cores, 7G,  Windows 11 , 64 bit Build 26100 (10.0.26100.8246)
Time: Fri Apr 24 05:04:12 2026 Malay Peninsula Standard Time elapsed time: 7.481819 seconds (0d 0h 0m 7s)

---------------  T H R E A D  ---------------

Current thread (0x0000014c7bf62130):  JavaThread "C2 CompilerThread1" daemon [_thread_in_native, id=35988, stack(0x0000001101400000,0x0000001101500000) (1024K)]


Current CompileTask:
C2:7481 4295   !   4       java.net.URLClassLoader$1::run (81 bytes)

Stack: [0x0000001101400000,0x0000001101500000]
Native frames: (J=compiled Java code, j=interpreted, Vv=VM code, C=native code)
V  [jvm.dll+0x6d7a39]
V  [jvm.dll+0x8b4b26]
V  [jvm.dll+0x8b70de]
V  [jvm.dll+0x8b77c3]
V  [jvm.dll+0x284346]
V  [jvm.dll+0xc66ed]
V  [jvm.dll+0xc6c31]
V  [jvm.dll+0x3bec3b]
V  [jvm.dll+0x1e3d62]
V  [jvm.dll+0x24c6b3]
V  [jvm.dll+0x24bb40]
V  [jvm.dll+0x1cb34e]
V  [jvm.dll+0x25b85d]
V  [jvm.dll+0x259dea]
V  [jvm.dll+0x3f857e]
V  [jvm.dll+0x85f59d]
V  [jvm.dll+0x6d626d]
C  [ucrtbase.dll+0x37b0]
C  [KERNEL32.DLL+0x2e8d7]
C  [ntdll.dll+0x8c3fc]


---------------  P R O C E S S  ---------------

Threads class SMR info:
_java_thread_list=0x0000014c799be550, length=36, elements={
0x0000014c5ae60dc0, 0x0000014c73611910, 0x0000014c73612370, 0x0000014c73614de0,
0x0000014c73615840, 0x0000014c73616500, 0x0000014c73617090, 0x0000014c73619e30,
0x0000014c73622900, 0x0000014c7398fee0, 0x0000014c739875f0, 0x0000014c796ab420,
0x0000014c78a36590, 0x0000014c796f2a10, 0x0000014c79752890, 0x0000014c79752f00,
0x0000014c79875fb0, 0x0000014c79881210, 0x0000014c79881f30, 0x0000014c79880b80,
0x0000014c798825c0, 0x0000014c798804f0, 0x0000014c798818a0, 0x0000014c79882c50,
0x0000014c7c696b70, 0x0000014c7c695e50, 0x0000014c7c693d80, 0x0000014c7c6957c0,
0x0000014c7c697200, 0x0000014c7c697890, 0x0000014c7c695130, 0x0000014c7c694410,
0x0000014c7bf62130, 0x0000014c7c697f20, 0x0000014c7c694aa0, 0x0000014c7bf62ed0
}

Java Threads: ( => current thread )
  0x0000014c5ae60dc0 JavaThread "main"                              [_thread_blocked, id=25228, stack(0x000000117d800000,0x000000117d900000) (1024K)]
  0x0000014c73611910 JavaThread "Reference Handler"          daemon [_thread_blocked, id=39800, stack(0x000000117e000000,0x000000117e100000) (1024K)]
  0x0000014c73612370 JavaThread "Finalizer"                  daemon [_thread_blocked, id=40012, stack(0x000000117e100000,0x000000117e200000) (1024K)]
  0x0000014c73614de0 JavaThread "Signal Dispatcher"          daemon [_thread_blocked, id=34268, stack(0x000000117e200000,0x000000117e300000) (1024K)]
  0x0000014c73615840 JavaThread "Attach Listener"            daemon [_thread_blocked, id=37668, stack(0x000000117e300000,0x000000117e400000) (1024K)]
  0x0000014c73616500 JavaThread "Service Thread"             daemon [_thread_blocked, id=21596, stack(0x000000117e400000,0x000000117e500000) (1024K)]
  0x0000014c73617090 JavaThread "Monitor Deflation Thread"   daemon [_thread_blocked, id=30744, stack(0x000000117e500000,0x000000117e600000) (1024K)]
  0x0000014c73619e30 JavaThread "C2 CompilerThread0"         daemon [_thread_in_native, id=39640, stack(0x000000117e600000,0x000000117e700000) (1024K)]
  0x0000014c73622900 JavaThread "C1 CompilerThread0"         daemon [_thread_blocked, id=29580, stack(0x000000117e700000,0x000000117e800000) (1024K)]
  0x0000014c7398fee0 JavaThread "Common-Cleaner"             daemon [_thread_blocked, id=39672, stack(0x000000117ec00000,0x000000117ed00000) (1024K)]
  0x0000014c739875f0 JavaThread "Notification Thread"        daemon [_thread_blocked, id=8964, stack(0x000000117ed00000,0x000000117ee00000) (1024K)]
  0x0000014c796ab420 JavaThread "Daemon health stats"               [_thread_blocked, id=37584, stack(0x000000117f200000,0x000000117f300000) (1024K)]
  0x0000014c78a36590 JavaThread "Incoming local TCP Connector on port 63488"        [_thread_in_native, id=41016, stack(0x000000117f800000,0x000000117f900000) (1024K)]
  0x0000014c796f2a10 JavaThread "Daemon periodic checks"            [_thread_blocked, id=27620, stack(0x000000117f900000,0x000000117fa00000) (1024K)]
  0x0000014c79752890 JavaThread "Daemon"                            [_thread_blocked, id=2692, stack(0x000000117fa00000,0x000000117fb00000) (1024K)]
  0x0000014c79752f00 JavaThread "Handler for socket connection from /127.0.0.1:63488 to /127.0.0.1:63489"        [_thread_in_native, id=37608, stack(0x000000117fb00000,0x000000117fc00000) (1024K)]
  0x0000014c79875fb0 JavaThread "Cancel handler"                    [_thread_blocked, id=8804, stack(0x000000117fc00000,0x000000117fd00000) (1024K)]
  0x0000014c79881210 JavaThread "Daemon worker"                     [_thread_in_native, id=40104, stack(0x000000117fd00000,0x000000117fe00000) (1024K)]
  0x0000014c79881f30 JavaThread "Asynchronous log dispatcher for DefaultDaemonConnection: socket connection from /127.0.0.1:63488 to /127.0.0.1:63489"        [_thread_blocked, id=37712, stack(0x000000117fe00000,0x000000117ff00000) (1024K)]
  0x0000014c79880b80 JavaThread "Stdin handler"                     [_thread_blocked, id=24948, stack(0x000000117ff00000,0x0000001180000000) (1024K)]
  0x0000014c798825c0 JavaThread "Daemon client event forwarder"        [_thread_blocked, id=18188, stack(0x0000001100000000,0x0000001100100000) (1024K)]
  0x0000014c798804f0 JavaThread "Cache worker for journal cache (C:\Users\jibri\.gradle\caches\journal-1)"        [_thread_blocked, id=25856, stack(0x0000001100100000,0x0000001100200000) (1024K)]
  0x0000014c798818a0 JavaThread "File lock request listener"        [_thread_in_native, id=39760, stack(0x0000001100200000,0x0000001100300000) (1024K)]
  0x0000014c79882c50 JavaThread "Cache worker for file hash cache (C:\Users\jibri\.gradle\caches\9.0.0\fileHashes)"        [_thread_blocked, id=42796, stack(0x0000001100300000,0x0000001100400000) (1024K)]
  0x0000014c7c696b70 JavaThread "Cache worker for file hash cache (C:\rubi_web\CISC_Capstone\MiscueReading\android\.gradle\9.0.0\fileHashes)"        [_thread_blocked, id=15724, stack(0x0000001100c00000,0x0000001100d00000) (1024K)]
  0x0000014c7c695e50 JavaThread "Cache worker for Build Output Cleanup Cache (C:\rubi_web\CISC_Capstone\MiscueReading\android\.gradle\buildOutputCleanup)"        [_thread_blocked, id=33172, stack(0x0000001100d00000,0x0000001100e00000) (1024K)]
  0x0000014c7c693d80 JavaThread "File watcher server"        daemon [_thread_in_native, id=39608, stack(0x0000001100e00000,0x0000001100f00000) (1024K)]
  0x0000014c7c6957c0 JavaThread "File watcher consumer"      daemon [_thread_blocked, id=36876, stack(0x0000001100f00000,0x0000001101000000) (1024K)]
  0x0000014c7c697200 JavaThread "Cache worker for checksums cache (C:\rubi_web\CISC_Capstone\MiscueReading\android\.gradle\9.0.0\checksums)"        [_thread_blocked, id=40304, stack(0x0000001101000000,0x0000001101100000) (1024K)]
  0x0000014c7c697890 JavaThread "Cache worker for file content cache (C:\Users\jibri\.gradle\caches\9.0.0\fileContent)"        [_thread_blocked, id=19364, stack(0x0000001101100000,0x0000001101200000) (1024K)]
  0x0000014c7c695130 JavaThread "Cache worker for cache directory md-supplier (C:\Users\jibri\.gradle\caches\9.0.0\md-supplier)"        [_thread_blocked, id=40272, stack(0x0000001101200000,0x0000001101300000) (1024K)]
  0x0000014c7c694410 JavaThread "Cache worker for cache directory md-rule (C:\Users\jibri\.gradle\caches\9.0.0\md-rule)"        [_thread_blocked, id=24484, stack(0x0000001101300000,0x0000001101400000) (1024K)]
=>0x0000014c7bf62130 JavaThread "C2 CompilerThread1"         daemon [_thread_in_native, id=35988, stack(0x0000001101400000,0x0000001101500000) (1024K)]
  0x0000014c7c697f20 JavaThread "jar transforms"                    [_thread_blocked, id=21276, stack(0x0000001101500000,0x0000001101600000) (1024K)]
  0x0000014c7c694aa0 JavaThread "Cache worker for Build Output Cleanup Cache (C:\rubi_web\CISC_Capstone\MiscueReading\node_modules\@react-native\gradle-plugin\.gradle\buildOutputCleanup)"        [_thread_blocked, id=40612, stack(0x0000001101600000,0x0000001101700000) (1024K)]
  0x0000014c7bf62ed0 JavaThread "C2 CompilerThread2"         daemon [_thread_in_native, id=39244, stack(0x0000001101700000,0x0000001101800000) (1024K)]
Total: 36

Other Threads:
  0x0000014c734dacb0 VMThread "VM Thread"                           [id=3048, stack(0x000000117df00000,0x000000117e000000) (1024K)]
  0x0000014c734ccad0 WatcherThread "VM Periodic Task Thread"        [id=21476, stack(0x000000117de00000,0x000000117df00000) (1024K)]
  0x0000014c5aebafe0 WorkerThread "GC Thread#0"                     [id=15060, stack(0x000000117d900000,0x000000117da00000) (1024K)]
  0x0000014c73923af0 WorkerThread "GC Thread#1"                     [id=31808, stack(0x000000117ee00000,0x000000117ef00000) (1024K)]
  0x0000014c78059250 WorkerThread "GC Thread#2"                     [id=40336, stack(0x000000117ef00000,0x000000117f000000) (1024K)]
  0x0000014c78b3c590 WorkerThread "GC Thread#3"                     [id=1048, stack(0x000000117f000000,0x000000117f100000) (1024K)]
  0x0000014c78a1e060 WorkerThread "GC Thread#4"                     [id=35604, stack(0x000000117f100000,0x000000117f200000) (1024K)]
  0x0000014c796c8780 WorkerThread "GC Thread#5"                     [id=40276, stack(0x000000117f300000,0x000000117f400000) (1024K)]
  0x0000014c796c9b40 WorkerThread "GC Thread#6"                     [id=41476, stack(0x000000117f400000,0x000000117f500000) (1024K)]
  0x0000014c796c9ef0 WorkerThread "GC Thread#7"                     [id=42780, stack(0x000000117f500000,0x000000117f600000) (1024K)]
  0x0000014c796ca2a0 WorkerThread "GC Thread#8"                     [id=17568, stack(0x000000117f600000,0x000000117f700000) (1024K)]
  0x0000014c796ca650 WorkerThread "GC Thread#9"                     [id=19304, stack(0x000000117f700000,0x000000117f800000) (1024K)]
  0x0000014c796e8510 WorkerThread "GC Thread#10"                    [id=42472, stack(0x0000001100400000,0x0000001100500000) (1024K)]
  0x0000014c796e9780 WorkerThread "GC Thread#11"                    [id=39600, stack(0x0000001100500000,0x0000001100600000) (1024K)]
  0x0000014c796e88c0 WorkerThread "GC Thread#12"                    [id=35844, stack(0x0000001100600000,0x0000001100700000) (1024K)]
  0x0000014c796e9020 WorkerThread "GC Thread#13"                    [id=19372, stack(0x0000001100700000,0x0000001100800000) (1024K)]
  0x0000014c796e93d0 WorkerThread "GC Thread#14"                    [id=41432, stack(0x0000001100800000,0x0000001100900000) (1024K)]
  0x0000014c5aecc6f0 ConcurrentGCThread "G1 Main Marker"            [id=24680, stack(0x000000117da00000,0x000000117db00000) (1024K)]
  0x0000014c5aecd110 WorkerThread "G1 Conc#0"                       [id=29420, stack(0x000000117db00000,0x000000117dc00000) (1024K)]
  0x0000014c7a256ab0 WorkerThread "G1 Conc#1"                       [id=26860, stack(0x0000001100900000,0x0000001100a00000) (1024K)]
  0x0000014c7a255840 WorkerThread "G1 Conc#2"                       [id=28140, stack(0x0000001100a00000,0x0000001100b00000) (1024K)]
  0x0000014c7a256700 WorkerThread "G1 Conc#3"                       [id=29440, stack(0x0000001100b00000,0x0000001100c00000) (1024K)]
  0x0000014c7339b320 ConcurrentGCThread "G1 Refine#0"               [id=37044, stack(0x000000117dc00000,0x000000117dd00000) (1024K)]
  0x0000014c7339cc60 ConcurrentGCThread "G1 Service"                [id=39232, stack(0x000000117dd00000,0x000000117de00000) (1024K)]
Total: 24

Threads with active compile tasks:
C2 CompilerThread0  8589 4640       4       org.gradle.internal.service.DefaultServiceRegistry$ClassInspector::getDetailsForClass (50 bytes)
C2 CompilerThread1  8589 4295   !   4       java.net.URLClassLoader$1::run (81 bytes)
C2 CompilerThread2  8589 4683       4       java.util.HashSet::add (20 bytes)
Total: 3

VM state: not at safepoint (normal execution)

VM Mutex/Monitor currently owned by a thread: None

Heap address: 0x0000000080000000, size: 2048 MB, Compressed Oops mode: 32-bit

CDS archive(s) mapped at: [0x0000014c00000000-0x0000014c00ba0000-0x0000014c00ba0000), size 12189696, SharedBaseAddress: 0x0000014c00000000, ArchiveRelocationMode: 1.
Compressed class space mapped at: 0x0000014c01000000-0x0000014c1b000000, reserved size: 436207616
Narrow klass base: 0x0000014c00000000, Narrow klass shift: 0, Narrow klass range: 0x100000000

GC Precious Log:
 CardTable entry size: 512
 Card Set container configuration: InlinePtr #cards 5 size 8 Array Of Cards #cards 12 size 40 Howl #buckets 4 coarsen threshold 1843 Howl Bitmap #cards 512 size 80 coarsen threshold 460 Card regions per heap region 1 cards per card region 2048
 CPUs: 20 total, 20 available
 Memory: 7911M
 Large Page Support: Disabled
 NUMA Support: Disabled
 Compressed Oops: Enabled (32-bit)
 Heap Region Size: 1M
 Heap Min Capacity: 8M
 Heap Initial Capacity: 124M
 Heap Max Capacity: 2G
 Pre-touch: Disabled
 Parallel Workers: 15
 Concurrent Workers: 4
 Concurrent Refinement Workers: 15
 Periodic GC: Disabled

Heap:
 garbage-first heap   total 91136K, used 68869K [0x0000000080000000, 0x0000000100000000)
  region size 1024K, 43 young (44032K), 4 survivors (4096K)
 Metaspace       used 39506K, committed 41152K, reserved 491520K
  class space    used 5772K, committed 6592K, reserved 425984K

Heap Regions: E=young(eden), S=young(survivor), O=old, HS=humongous(starts), HC=humongous(continues), CS=collection set, F=free, TAMS=top-at-mark-start, PB=parsable bottom
|   0|0x0000000080000000, 0x0000000080100000, 0x0000000080100000|100%|HS|  |TAMS 0x0000000080000000| PB 0x0000000080000000| Complete 
|   1|0x0000000080100000, 0x0000000080200000, 0x0000000080200000|100%|HC|  |TAMS 0x0000000080100000| PB 0x0000000080100000| Complete 
|   2|0x0000000080200000, 0x0000000080300000, 0x0000000080300000|100%|HC|  |TAMS 0x0000000080200000| PB 0x0000000080200000| Complete 
|   3|0x0000000080300000, 0x0000000080400000, 0x0000000080400000|100%| O|  |TAMS 0x0000000080300000| PB 0x0000000080300000| Untracked 
|   4|0x0000000080400000, 0x0000000080500000, 0x0000000080500000|100%| O|  |TAMS 0x0000000080400000| PB 0x0000000080400000| Untracked 
|   5|0x0000000080500000, 0x0000000080600000, 0x0000000080600000|100%| O|  |TAMS 0x0000000080500000| PB 0x0000000080500000| Untracked 
|   6|0x0000000080600000, 0x0000000080700000, 0x0000000080700000|100%|HS|  |TAMS 0x0000000080600000| PB 0x0000000080600000| Complete 
|   7|0x0000000080700000, 0x0000000080800000, 0x0000000080800000|100%| O|  |TAMS 0x0000000080700000| PB 0x0000000080700000| Untracked 
|   8|0x0000000080800000, 0x0000000080900000, 0x0000000080900000|100%| O|  |TAMS 0x0000000080800000| PB 0x0000000080800000| Untracked 
|   9|0x0000000080900000, 0x0000000080a00000, 0x0000000080a00000|100%| O|  |TAMS 0x0000000080900000| PB 0x0000000080900000| Untracked 
|  10|0x0000000080a00000, 0x0000000080b00000, 0x0000000080b00000|100%| O|  |TAMS 0x0000000080a00000| PB 0x0000000080a00000| Untracked 
|  11|0x0000000080b00000, 0x0000000080c00000, 0x0000000080c00000|100%| O|  |TAMS 0x0000000080b00000| PB 0x0000000080b00000| Untracked 
|  12|0x0000000080c00000, 0x0000000080d00000, 0x0000000080d00000|100%| O|  |TAMS 0x0000000080c00000| PB 0x0000000080c00000| Untracked 
|  13|0x0000000080d00000, 0x0000000080e00000, 0x0000000080e00000|100%| O|  |TAMS 0x0000000080d00000| PB 0x0000000080d00000| Untracked 
|  14|0x0000000080e00000, 0x0000000080f00000, 0x0000000080f00000|100%| O|  |TAMS 0x0000000080e00000| PB 0x0000000080e00000| Untracked 
|  15|0x0000000080f00000, 0x0000000081000000, 0x0000000081000000|100%| O|  |TAMS 0x0000000080f00000| PB 0x0000000080f00000| Untracked 
|  16|0x0000000081000000, 0x0000000081100000, 0x0000000081100000|100%| O|  |TAMS 0x0000000081000000| PB 0x0000000081000000| Untracked 
|  17|0x0000000081100000, 0x0000000081200000, 0x0000000081200000|100%| O|  |TAMS 0x0000000081100000| PB 0x0000000081100000| Untracked 
|  18|0x0000000081200000, 0x0000000081300000, 0x0000000081300000|100%| O|  |TAMS 0x0000000081200000| PB 0x0000000081200000| Untracked 
|  19|0x0000000081300000, 0x0000000081400000, 0x0000000081400000|100%| O|  |TAMS 0x0000000081300000| PB 0x0000000081300000| Untracked 
|  20|0x0000000081400000, 0x0000000081500000, 0x0000000081500000|100%| O|  |TAMS 0x0000000081400000| PB 0x0000000081400000| Untracked 
|  21|0x0000000081500000, 0x0000000081600000, 0x0000000081600000|100%| O|  |TAMS 0x0000000081500000| PB 0x0000000081500000| Untracked 
|  22|0x0000000081600000, 0x0000000081700000, 0x0000000081700000|100%| O|Cm|TAMS 0x0000000081600000| PB 0x0000000081600000| Complete 
|  23|0x0000000081700000, 0x0000000081800000, 0x0000000081800000|100%| O|  |TAMS 0x0000000081700000| PB 0x0000000081700000| Untracked 
|  24|0x0000000081800000, 0x0000000081900000, 0x0000000081900000|100%| O|  |TAMS 0x0000000081800000| PB 0x0000000081800000| Untracked 
|  25|0x0000000081900000, 0x0000000081941460, 0x0000000081a00000| 25%| O|  |TAMS 0x0000000081900000| PB 0x0000000081900000| Untracked 
|  26|0x0000000081a00000, 0x0000000081a00000, 0x0000000081b00000|  0%| F|  |TAMS 0x0000000081a00000| PB 0x0000000081a00000| Untracked 
|  27|0x0000000081b00000, 0x0000000081b00000, 0x0000000081c00000|  0%| F|  |TAMS 0x0000000081b00000| PB 0x0000000081b00000| Untracked 
|  28|0x0000000081c00000, 0x0000000081c00000, 0x0000000081d00000|  0%| F|  |TAMS 0x0000000081c00000| PB 0x0000000081c00000| Untracked 
|  29|0x0000000081d00000, 0x0000000081d00000, 0x0000000081e00000|  0%| F|  |TAMS 0x0000000081d00000| PB 0x0000000081d00000| Untracked 
|  30|0x0000000081e00000, 0x0000000081e00000, 0x0000000081f00000|  0%| F|  |TAMS 0x0000000081e00000| PB 0x0000000081e00000| Untracked 
|  31|0x0000000081f00000, 0x0000000081f00000, 0x0000000082000000|  0%| F|  |TAMS 0x0000000081f00000| PB 0x0000000081f00000| Untracked 
|  32|0x0000000082000000, 0x0000000082000000, 0x0000000082100000|  0%| F|  |TAMS 0x0000000082000000| PB 0x0000000082000000| Untracked 
|  33|0x0000000082100000, 0x0000000082100000, 0x0000000082200000|  0%| F|  |TAMS 0x0000000082100000| PB 0x0000000082100000| Untracked 
|  34|0x0000000082200000, 0x0000000082200000, 0x0000000082300000|  0%| F|  |TAMS 0x0000000082200000| PB 0x0000000082200000| Untracked 
|  35|0x0000000082300000, 0x0000000082300000, 0x0000000082400000|  0%| F|  |TAMS 0x0000000082300000| PB 0x0000000082300000| Untracked 
|  36|0x0000000082400000, 0x0000000082400000, 0x0000000082500000|  0%| F|  |TAMS 0x0000000082400000| PB 0x0000000082400000| Untracked 
|  37|0x0000000082500000, 0x0000000082500000, 0x0000000082600000|  0%| F|  |TAMS 0x0000000082500000| PB 0x0000000082500000| Untracked 
|  38|0x0000000082600000, 0x0000000082600000, 0x0000000082700000|  0%| F|  |TAMS 0x0000000082600000| PB 0x0000000082600000| Untracked 
|  39|0x0000000082700000, 0x0000000082700000, 0x0000000082800000|  0%| F|  |TAMS 0x0000000082700000| PB 0x0000000082700000| Untracked 
|  40|0x0000000082800000, 0x0000000082800000, 0x0000000082900000|  0%| F|  |TAMS 0x0000000082800000| PB 0x0000000082800000| Untracked 
|  41|0x0000000082900000, 0x0000000082900000, 0x0000000082a00000|  0%| F|  |TAMS 0x0000000082900000| PB 0x0000000082900000| Untracked 
|  42|0x0000000082a00000, 0x0000000082a00000, 0x0000000082b00000|  0%| F|  |TAMS 0x0000000082a00000| PB 0x0000000082a00000| Untracked 
|  43|0x0000000082b00000, 0x0000000082b00000, 0x0000000082c00000|  0%| F|  |TAMS 0x0000000082b00000| PB 0x0000000082b00000| Untracked 
|  44|0x0000000082c00000, 0x0000000082c00000, 0x0000000082d00000|  0%| F|  |TAMS 0x0000000082c00000| PB 0x0000000082c00000| Untracked 
|  45|0x0000000082d00000, 0x0000000082d00000, 0x0000000082e00000|  0%| F|  |TAMS 0x0000000082d00000| PB 0x0000000082d00000| Untracked 
|  46|0x0000000082e00000, 0x0000000082f00000, 0x0000000082f00000|100%| E|  |TAMS 0x0000000082e00000| PB 0x0000000082e00000| Complete 
|  47|0x0000000082f00000, 0x0000000083000000, 0x0000000083000000|100%| E|CS|TAMS 0x0000000082f00000| PB 0x0000000082f00000| Complete 
|  48|0x0000000083000000, 0x0000000083100000, 0x0000000083100000|100%| E|CS|TAMS 0x0000000083000000| PB 0x0000000083000000| Complete 
|  49|0x0000000083100000, 0x0000000083200000, 0x0000000083200000|100%| E|CS|TAMS 0x0000000083100000| PB 0x0000000083100000| Complete 
|  50|0x0000000083200000, 0x0000000083300000, 0x0000000083300000|100%| E|CS|TAMS 0x0000000083200000| PB 0x0000000083200000| Complete 
|  51|0x0000000083300000, 0x0000000083400000, 0x0000000083400000|100%| E|CS|TAMS 0x0000000083300000| PB 0x0000000083300000| Complete 
|  52|0x0000000083400000, 0x0000000083500000, 0x0000000083500000|100%| E|CS|TAMS 0x0000000083400000| PB 0x0000000083400000| Complete 
|  53|0x0000000083500000, 0x0000000083600000, 0x0000000083600000|100%| E|CS|TAMS 0x0000000083500000| PB 0x0000000083500000| Complete 
|  54|0x0000000083600000, 0x0000000083700000, 0x0000000083700000|100%| E|CS|TAMS 0x0000000083600000| PB 0x0000000083600000| Complete 
|  55|0x0000000083700000, 0x0000000083800000, 0x0000000083800000|100%| E|CS|TAMS 0x0000000083700000| PB 0x0000000083700000| Complete 
|  56|0x0000000083800000, 0x0000000083900000, 0x0000000083900000|100%| E|CS|TAMS 0x0000000083800000| PB 0x0000000083800000| Complete 
|  57|0x0000000083900000, 0x0000000083a00000, 0x0000000083a00000|100%| E|CS|TAMS 0x0000000083900000| PB 0x0000000083900000| Complete 
|  58|0x0000000083a00000, 0x0000000083b00000, 0x0000000083b00000|100%| E|CS|TAMS 0x0000000083a00000| PB 0x0000000083a00000| Complete 
|  59|0x0000000083b00000, 0x0000000083c00000, 0x0000000083c00000|100%| E|CS|TAMS 0x0000000083b00000| PB 0x0000000083b00000| Complete 
|  60|0x0000000083c00000, 0x0000000083d00000, 0x0000000083d00000|100%| E|CS|TAMS 0x0000000083c00000| PB 0x0000000083c00000| Complete 
|  61|0x0000000083d00000, 0x0000000083e00000, 0x0000000083e00000|100%| E|CS|TAMS 0x0000000083d00000| PB 0x0000000083d00000| Complete 
|  62|0x0000000083e00000, 0x0000000083f00000, 0x0000000083f00000|100%| E|CS|TAMS 0x0000000083e00000| PB 0x0000000083e00000| Complete 
|  63|0x0000000083f00000, 0x0000000084000000, 0x0000000084000000|100%| E|CS|TAMS 0x0000000083f00000| PB 0x0000000083f00000| Complete 
|  64|0x0000000084000000, 0x0000000084100000, 0x0000000084100000|100%| E|CS|TAMS 0x0000000084000000| PB 0x0000000084000000| Complete 
|  65|0x0000000084100000, 0x0000000084200000, 0x0000000084200000|100%| E|CS|TAMS 0x0000000084100000| PB 0x0000000084100000| Complete 
|  66|0x0000000084200000, 0x0000000084300000, 0x0000000084300000|100%| E|CS|TAMS 0x0000000084200000| PB 0x0000000084200000| Complete 
|  67|0x0000000084300000, 0x0000000084400000, 0x0000000084400000|100%| E|CS|TAMS 0x0000000084300000| PB 0x0000000084300000| Complete 
|  68|0x0000000084400000, 0x0000000084500000, 0x0000000084500000|100%| E|CS|TAMS 0x0000000084400000| PB 0x0000000084400000| Complete 
|  69|0x0000000084500000, 0x0000000084600000, 0x0000000084600000|100%| E|CS|TAMS 0x0000000084500000| PB 0x0000000084500000| Complete 
|  70|0x0000000084600000, 0x0000000084700000, 0x0000000084700000|100%| E|CS|TAMS 0x0000000084600000| PB 0x0000000084600000| Complete 
|  71|0x0000000084700000, 0x0000000084800000, 0x0000000084800000|100%| E|CS|TAMS 0x0000000084700000| PB 0x0000000084700000| Complete 
|  72|0x0000000084800000, 0x0000000084900000, 0x0000000084900000|100%| E|CS|TAMS 0x0000000084800000| PB 0x0000000084800000| Complete 
|  73|0x0000000084900000, 0x0000000084a00000, 0x0000000084a00000|100%| E|CS|TAMS 0x0000000084900000| PB 0x0000000084900000| Complete 
|  74|0x0000000084a00000, 0x0000000084b00000, 0x0000000084b00000|100%| E|CS|TAMS 0x0000000084a00000| PB 0x0000000084a00000| Complete 
|  75|0x0000000084b00000, 0x0000000084c00000, 0x0000000084c00000|100%| E|CS|TAMS 0x0000000084b00000| PB 0x0000000084b00000| Complete 
|  76|0x0000000084c00000, 0x0000000084d00000, 0x0000000084d00000|100%| E|CS|TAMS 0x0000000084c00000| PB 0x0000000084c00000| Complete 
|  77|0x0000000084d00000, 0x0000000084e00000, 0x0000000084e00000|100%| E|CS|TAMS 0x0000000084d00000| PB 0x0000000084d00000| Complete 
|  78|0x0000000084e00000, 0x0000000084f00000, 0x0000000084f00000|100%| E|CS|TAMS 0x0000000084e00000| PB 0x0000000084e00000| Complete 
|  79|0x0000000084f00000, 0x0000000085000000, 0x0000000085000000|100%| E|CS|TAMS 0x0000000084f00000| PB 0x0000000084f00000| Complete 
|  80|0x0000000085000000, 0x0000000085100000, 0x0000000085100000|100%| E|CS|TAMS 0x0000000085000000| PB 0x0000000085000000| Complete 
|  81|0x0000000085100000, 0x0000000085200000, 0x0000000085200000|100%| E|CS|TAMS 0x0000000085100000| PB 0x0000000085100000| Complete 
| 111|0x0000000086f00000, 0x0000000087000000, 0x0000000087000000|100%| E|CS|TAMS 0x0000000086f00000| PB 0x0000000086f00000| Complete 
| 112|0x0000000087000000, 0x0000000087100000, 0x0000000087100000|100%| S|CS|TAMS 0x0000000087000000| PB 0x0000000087000000| Complete 
| 113|0x0000000087100000, 0x0000000087200000, 0x0000000087200000|100%| S|CS|TAMS 0x0000000087100000| PB 0x0000000087100000| Complete 
| 114|0x0000000087200000, 0x0000000087300000, 0x0000000087300000|100%| S|CS|TAMS 0x0000000087200000| PB 0x0000000087200000| Complete 
| 115|0x0000000087300000, 0x0000000087400000, 0x0000000087400000|100%| S|CS|TAMS 0x0000000087300000| PB 0x0000000087300000| Complete 
| 116|0x0000000087400000, 0x0000000087500000, 0x0000000087500000|100%| E|CS|TAMS 0x0000000087400000| PB 0x0000000087400000| Complete 
| 123|0x0000000087b00000, 0x0000000087c00000, 0x0000000087c00000|100%| E|CS|TAMS 0x0000000087b00000| PB 0x0000000087b00000| Complete 

Card table byte_map: [0x0000014c6df00000,0x0000014c6e300000] _byte_map_base: 0x0000014c6db00000

Marking Bits: (CMBitMap*) 0x0000014c5aebb600
 Bits: [0x0000014c6e300000, 0x0000014c70300000)

Polling page: 0x0000014c5a620000

Metaspace:

Usage:
  Non-class:     32.94 MB used.
      Class:      5.64 MB used.
       Both:     38.58 MB used.

Virtual space:
  Non-class space:       64.00 MB reserved,      33.75 MB ( 53%) committed,  1 nodes.
      Class space:      416.00 MB reserved,       6.44 MB (  2%) committed,  1 nodes.
             Both:      480.00 MB reserved,      40.19 MB (  8%) committed. 

Chunk freelists:
   Non-Class:  13.53 MB
       Class:  9.61 MB
        Both:  23.14 MB

MaxMetaspaceSize: 512.00 MB
CompressedClassSpaceSize: 416.00 MB
Initial GC threshold: 21.00 MB
Current GC threshold: 58.75 MB
CDS: on
 - commit_granule_bytes: 65536.
 - commit_granule_words: 8192.
 - virtual_space_node_default_size: 8388608.
 - enlarge_chunks_in_place: 1.
 - use_allocation_guard: 0.


Internal statistics:

num_allocs_failed_limit: 6.
num_arena_births: 2824.
num_arena_deaths: 0.
num_vsnodes_births: 2.
num_vsnodes_deaths: 0.
num_space_committed: 643.
num_space_uncommitted: 0.
num_chunks_returned_to_freelist: 6.
num_chunks_taken_from_freelist: 4718.
num_chunk_merges: 3.
num_chunk_splits: 3084.
num_chunks_enlarged: 1893.
num_inconsistent_stats: 0.

CodeHeap 'non-profiled nmethods': size=119168Kb used=2414Kb max_used=2414Kb free=116753Kb
 bounds [0x0000014c65c00000, 0x0000014c65e80000, 0x0000014c6d060000]
CodeHeap 'profiled nmethods': size=119104Kb used=8142Kb max_used=8235Kb free=110961Kb
 bounds [0x0000014c5e060000, 0x0000014c5e870000, 0x0000014c654b0000]
CodeHeap 'non-nmethods': size=7488Kb used=1843Kb max_used=3584Kb free=5644Kb
 bounds [0x0000014c654b0000, 0x0000014c65840000, 0x0000014c65c00000]
CodeCache: size=245760Kb, used=12399Kb, max_used=14233Kb, free=233358Kb
 total_blobs=4891, nmethods=4176, adapters=619, full_count=0
Compilation: enabled, stopped_count=0, restarted_count=0

Compilation events (20 events):
Event: 5.599 Thread 0x0000014c73622900 4660       3       java.util.concurrent.locks.AbstractQueuedSynchronizer$ConditionObject::awaitNanos (202 bytes)
Event: 5.599 Thread 0x0000014c73622900 nmethod 4660 0x0000014c5e0bab90 code [0x0000014c5e0bae80, 0x0000014c5e0bbd10]
Event: 5.846 Thread 0x0000014c73732510 4661   !   3       java.util.concurrent.LinkedBlockingQueue::poll (128 bytes)
Event: 6.437 Thread 0x0000014c73732510 nmethod 4661 0x0000014c5e19dd10 code [0x0000014c5e19e140, 0x0000014c5e19ff10]
Event: 6.452 Thread 0x0000014c73622900 4664   !   3       java.lang.Thread::beforeSleep (33 bytes)
Event: 6.452 Thread 0x0000014c73732510 4665   !   3       org.gradle.launcher.daemon.server.exec.DaemonConnectionBackedEventConsumer$ForwardEvents::getNextEvent (27 bytes)
Event: 6.453 Thread 0x0000014c73619e30 nmethod 4656 0x0000014c65cf9e10 code [0x0000014c65cf9fc0, 0x0000014c65cfa398]
Event: 6.453 Thread 0x0000014c736f72d0 4666       3       jdk.internal.event.ThreadSleepEvent::isTurnedOn (7 bytes)
Event: 6.453 Thread 0x0000014c73622900 nmethod 4664 0x0000014c5e0ba710 code [0x0000014c5e0ba8c0, 0x0000014c5e0baa88]
Event: 6.453 Thread 0x0000014c73619e30 4659       4       java.util.HashMap::put (13 bytes)
Event: 6.453 Thread 0x0000014c73732510 nmethod 4665 0x0000014c5e0ba190 code [0x0000014c5e0ba340, 0x0000014c5e0ba5b8]
Event: 6.453 Thread 0x0000014c736f72d0 nmethod 4666 0x0000014c5e0b9e10 code [0x0000014c5e0b9fc0, 0x0000014c5e0ba110]
Event: 6.459 Thread 0x0000014c73619e30 nmethod 4659 0x0000014c65cf8e10 code [0x0000014c65cf9020, 0x0000014c65cf98d0]
Event: 6.459 Thread 0x0000014c73619e30 4649       4       jdk.internal.org.objectweb.asm.ByteVector::putShort (52 bytes)
Event: 6.459 Thread 0x0000014c73619e30 nmethod 4649 0x0000014c65cf8910 code [0x0000014c65cf8ac0, 0x0000014c65cf8c80]
Event: 6.459 Thread 0x0000014c73619e30 4639       4       org.gradle.internal.service.DefaultServiceRegistry$CompositeServiceProvider::getService (52 bytes)
Event: 6.460 Thread 0x0000014c73619e30 nmethod 4639 0x0000014c65cf8510 code [0x0000014c65cf86a0, 0x0000014c65cf87e8]
Event: 6.460 Thread 0x0000014c73619e30 4640       4       org.gradle.internal.service.DefaultServiceRegistry$ClassInspector::getDetailsForClass (50 bytes)
Event: 6.467 Thread 0x0000014c73622900 4667   !   3       java.lang.Thread::afterSleep (13 bytes)
Event: 6.467 Thread 0x0000014c73622900 nmethod 4667 0x0000014c5e0b9990 code [0x0000014c5e0b9b40, 0x0000014c5e0b9d10]

GC Heap History (16 events):
Event: 0.290 GC heap before
{Heap before GC invocations=0 (full 0):
 garbage-first heap   total 126976K, used 22528K [0x0000000080000000, 0x0000000100000000)
  region size 1024K, 23 young (23552K), 0 survivors (0K)
 Metaspace       used 895K, committed 1024K, reserved 491520K
  class space    used 71K, committed 128K, reserved 425984K
}
Event: 0.292 GC heap after
{Heap after GC invocations=1 (full 0):
 garbage-first heap   total 126976K, used 1504K [0x0000000080000000, 0x0000000100000000)
  region size 1024K, 2 young (2048K), 2 survivors (2048K)
 Metaspace       used 895K, committed 1024K, reserved 491520K
  class space    used 71K, committed 128K, reserved 425984K
}
Event: 0.884 GC heap before
{Heap before GC invocations=1 (full 0):
 garbage-first heap   total 126976K, used 40416K [0x0000000080000000, 0x0000000100000000)
  region size 1024K, 38 young (38912K), 2 survivors (2048K)
 Metaspace       used 4606K, committed 4800K, reserved 491520K
  class space    used 584K, committed 704K, reserved 425984K
}
Event: 0.890 GC heap after
{Heap after GC invocations=2 (full 0):
 garbage-first heap   total 126976K, used 10465K [0x0000000080000000, 0x0000000100000000)
  region size 1024K, 5 young (5120K), 5 survivors (5120K)
 Metaspace       used 4606K, committed 4800K, reserved 491520K
  class space    used 584K, committed 704K, reserved 425984K
}
Event: 1.716 GC heap before
{Heap before GC invocations=2 (full 0):
 garbage-first heap   total 126976K, used 74977K [0x0000000080000000, 0x0000000100000000)
  region size 1024K, 66 young (67584K), 5 survivors (5120K)
 Metaspace       used 8661K, committed 9024K, reserved 491520K
  class space    used 1182K, committed 1344K, reserved 425984K
}
Event: 1.722 GC heap after
{Heap after GC invocations=3 (full 0):
 garbage-first heap   total 126976K, used 17650K [0x0000000080000000, 0x0000000100000000)
  region size 1024K, 9 young (9216K), 9 survivors (9216K)
 Metaspace       used 8661K, committed 9024K, reserved 491520K
  class space    used 1182K, committed 1344K, reserved 425984K
}
Event: 2.677 GC heap before
{Heap before GC invocations=3 (full 0):
 garbage-first heap   total 126976K, used 85234K [0x0000000080000000, 0x0000000100000000)
  region size 1024K, 74 young (75776K), 9 survivors (9216K)
 Metaspace       used 20060K, committed 20672K, reserved 491520K
  class space    used 2770K, committed 3072K, reserved 425984K
}
Event: 2.683 GC heap after
{Heap after GC invocations=4 (full 0):
 garbage-first heap   total 126976K, used 22690K [0x0000000080000000, 0x0000000100000000)
  region size 1024K, 10 young (10240K), 10 survivors (10240K)
 Metaspace       used 20060K, committed 20672K, reserved 491520K
  class space    used 2770K, committed 3072K, reserved 425984K
}
Event: 2.739 GC heap before
{Heap before GC invocations=4 (full 0):
 garbage-first heap   total 126976K, used 28834K [0x0000000080000000, 0x0000000100000000)
  region size 1024K, 17 young (17408K), 10 survivors (10240K)
 Metaspace       used 20897K, committed 21504K, reserved 491520K
  class space    used 2912K, committed 3200K, reserved 425984K
}
Event: 2.744 GC heap after
{Heap after GC invocations=5 (full 0):
 garbage-first heap   total 126976K, used 23275K [0x0000000080000000, 0x0000000100000000)
  region size 1024K, 6 young (6144K), 6 survivors (6144K)
 Metaspace       used 20897K, committed 21504K, reserved 491520K
  class space    used 2912K, committed 3200K, reserved 425984K
}
Event: 3.662 GC heap before
{Heap before GC invocations=6 (full 0):
 garbage-first heap   total 81920K, used 80619K [0x0000000080000000, 0x0000000100000000)
  region size 1024K, 62 young (63488K), 6 survivors (6144K)
 Metaspace       used 28106K, committed 29184K, reserved 491520K
  class space    used 4071K, committed 4608K, reserved 425984K
}
Event: 3.671 GC heap after
{Heap after GC invocations=7 (full 0):
 garbage-first heap   total 91136K, used 26576K [0x0000000080000000, 0x0000000100000000)
  region size 1024K, 9 young (9216K), 9 survivors (9216K)
 Metaspace       used 28106K, committed 29184K, reserved 491520K
  class space    used 4071K, committed 4608K, reserved 425984K
}
Event: 4.558 GC heap before
{Heap before GC invocations=7 (full 0):
 garbage-first heap   total 91136K, used 70608K [0x0000000080000000, 0x0000000100000000)
  region size 1024K, 53 young (54272K), 9 survivors (9216K)
 Metaspace       used 34320K, committed 35712K, reserved 491520K
  class space    used 4918K, committed 5568K, reserved 425984K
}
Event: 4.562 GC heap after
{Heap after GC invocations=8 (full 0):
 garbage-first heap   total 91136K, used 29155K [0x0000000080000000, 0x0000000100000000)
  region size 1024K, 7 young (7168K), 7 survivors (7168K)
 Metaspace       used 34320K, committed 35712K, reserved 491520K
  class space    used 4918K, committed 5568K, reserved 425984K
}
Event: 4.595 GC heap before
{Heap before GC invocations=8 (full 0):
 garbage-first heap   total 91136K, used 30179K [0x0000000080000000, 0x0000000100000000)
  region size 1024K, 9 young (9216K), 7 survivors (7168K)
 Metaspace       used 34609K, committed 35968K, reserved 491520K
  class space    used 4955K, committed 5632K, reserved 425984K
}
Event: 4.598 GC heap after
{Heap after GC invocations=9 (full 0):
 garbage-first heap   total 91136K, used 29957K [0x0000000080000000, 0x0000000100000000)
  region size 1024K, 4 young (4096K), 4 survivors (4096K)
 Metaspace       used 34609K, committed 35968K, reserved 491520K
  class space    used 4955K, committed 5632K, reserved 425984K
}

Dll operation events (14 events):
Event: 0.006 Loaded shared library C:\Users\jibri\.antigravity\extensions\redhat.java-1.54.0-win32-x64\jre\21.0.10-win32-x86_64\bin\java.dll
Event: 0.042 Loaded shared library C:\Users\jibri\.antigravity\extensions\redhat.java-1.54.0-win32-x64\jre\21.0.10-win32-x86_64\bin\zip.dll
Event: 0.059 Loaded shared library C:\Users\jibri\.antigravity\extensions\redhat.java-1.54.0-win32-x64\jre\21.0.10-win32-x86_64\bin\instrument.dll
Event: 0.063 Loaded shared library C:\Users\jibri\.antigravity\extensions\redhat.java-1.54.0-win32-x64\jre\21.0.10-win32-x86_64\bin\net.dll
Event: 0.066 Loaded shared library C:\Users\jibri\.antigravity\extensions\redhat.java-1.54.0-win32-x64\jre\21.0.10-win32-x86_64\bin\nio.dll
Event: 0.068 Loaded shared library C:\Users\jibri\.antigravity\extensions\redhat.java-1.54.0-win32-x64\jre\21.0.10-win32-x86_64\bin\zip.dll
Event: 0.294 Loaded shared library C:\Users\jibri\.antigravity\extensions\redhat.java-1.54.0-win32-x64\jre\21.0.10-win32-x86_64\bin\jimage.dll
Event: 0.509 Loaded shared library C:\Users\jibri\.antigravity\extensions\redhat.java-1.54.0-win32-x64\jre\21.0.10-win32-x86_64\bin\verify.dll
Event: 0.550 Loaded shared library C:\Users\jibri\.gradle\native\1def1411415f61bf3af743bc5b6707747c0891f09f0c88961ee8f79bc544acac\windows-amd64\native-platform.dll
Event: 0.565 Loaded shared library C:\Users\jibri\.gradle\native\0.2.8\x86_64-windows-gnu\gradle-fileevents.dll
Event: 1.526 Loaded shared library C:\Users\jibri\.antigravity\extensions\redhat.java-1.54.0-win32-x64\jre\21.0.10-win32-x86_64\bin\management.dll
Event: 1.530 Loaded shared library C:\Users\jibri\.antigravity\extensions\redhat.java-1.54.0-win32-x64\jre\21.0.10-win32-x86_64\bin\management_ext.dll
Event: 1.635 Loaded shared library C:\Users\jibri\.antigravity\extensions\redhat.java-1.54.0-win32-x64\jre\21.0.10-win32-x86_64\bin\extnet.dll
Event: 1.839 Loaded shared library C:\Users\jibri\.antigravity\extensions\redhat.java-1.54.0-win32-x64\jre\21.0.10-win32-x86_64\bin\sunmscapi.dll

Deoptimization events (20 events):
Event: 5.242 Thread 0x0000014c79881210 Uncommon trap: trap_request=0xffffff45 fr.pc=0x0000014c65e24910 relative=0x0000000000000a30
Event: 5.242 Thread 0x0000014c79881210 Uncommon trap: reason=unstable_if action=reinterpret pc=0x0000014c65e24910 method=org.objectweb.asm.Frame.push(I)V @ 26 c2
Event: 5.242 Thread 0x0000014c79881210 DEOPT PACKING pc=0x0000014c65e24910 sp=0x000000117fdf9540
Event: 5.242 Thread 0x0000014c79881210 DEOPT UNPACKING pc=0x0000014c65504422 sp=0x000000117fdf9448 mode 2
Event: 5.336 Thread 0x0000014c79881210 Uncommon trap: trap_request=0xffffffc6 fr.pc=0x0000014c65dd465c relative=0x00000000000002fc
Event: 5.336 Thread 0x0000014c79881210 Uncommon trap: reason=bimorphic_or_optimized_type_check action=maybe_recompile pc=0x0000014c65dd465c method=com.google.common.base.CharMatcher.indexIn(Ljava/lang/CharSequence;I)I @ 31 c2
Event: 5.336 Thread 0x0000014c79881210 DEOPT PACKING pc=0x0000014c65dd465c sp=0x000000117fdf9830
Event: 5.336 Thread 0x0000014c79881210 DEOPT UNPACKING pc=0x0000014c65504422 sp=0x000000117fdf97d8 mode 2
Event: 5.351 Thread 0x0000014c79881210 Uncommon trap: trap_request=0xffffffc6 fr.pc=0x0000014c65e46a2c relative=0x000000000000016c
Event: 5.351 Thread 0x0000014c79881210 Uncommon trap: reason=bimorphic_or_optimized_type_check action=maybe_recompile pc=0x0000014c65e46a2c method=java.util.stream.ReferencePipeline.forEachWithCancel(Ljava/util/Spliterator;Ljava/util/stream/Sink;)Z @ 1 c2
Event: 5.351 Thread 0x0000014c79881210 DEOPT PACKING pc=0x0000014c65e46a2c sp=0x000000117fdf91f0
Event: 5.351 Thread 0x0000014c79881210 DEOPT UNPACKING pc=0x0000014c65504422 sp=0x000000117fdf9170 mode 2
Event: 5.355 Thread 0x0000014c79881210 Uncommon trap: trap_request=0xffffffc6 fr.pc=0x0000014c65e46a2c relative=0x000000000000016c
Event: 5.355 Thread 0x0000014c79881210 Uncommon trap: reason=bimorphic_or_optimized_type_check action=maybe_recompile pc=0x0000014c65e46a2c method=java.util.stream.ReferencePipeline.forEachWithCancel(Ljava/util/Spliterator;Ljava/util/stream/Sink;)Z @ 1 c2
Event: 5.355 Thread 0x0000014c79881210 DEOPT PACKING pc=0x0000014c65e46a2c sp=0x000000117fdf8010
Event: 5.355 Thread 0x0000014c79881210 DEOPT UNPACKING pc=0x0000014c65504422 sp=0x000000117fdf7f90 mode 2
Event: 5.366 Thread 0x0000014c79881210 Uncommon trap: trap_request=0xffffffc6 fr.pc=0x0000014c65e46a2c relative=0x000000000000016c
Event: 5.366 Thread 0x0000014c79881210 Uncommon trap: reason=bimorphic_or_optimized_type_check action=maybe_recompile pc=0x0000014c65e46a2c method=java.util.stream.ReferencePipeline.forEachWithCancel(Ljava/util/Spliterator;Ljava/util/stream/Sink;)Z @ 1 c2
Event: 5.366 Thread 0x0000014c79881210 DEOPT PACKING pc=0x0000014c65e46a2c sp=0x000000117fdf8a50
Event: 5.366 Thread 0x0000014c79881210 DEOPT UNPACKING pc=0x0000014c65504422 sp=0x000000117fdf89d0 mode 2

Classes loaded (20 events):
Event: 5.109 Loading class java/util/function/IntBinaryOperator
Event: 5.109 Loading class java/util/function/IntBinaryOperator done
Event: 5.135 Loading class java/lang/invoke/BoundMethodHandle$Species_LLLLILLLLLL
Event: 5.135 Loading class java/lang/invoke/BoundMethodHandle$Species_LLLLILLLLLL done
Event: 5.161 Loading class java/util/DualPivotQuicksort
Event: 5.163 Loading class java/util/DualPivotQuicksort done
Event: 5.324 Loading class java/util/PrimitiveIterator$OfInt
Event: 5.324 Loading class java/util/PrimitiveIterator
Event: 5.324 Loading class java/util/PrimitiveIterator done
Event: 5.324 Loading class java/util/PrimitiveIterator$OfInt done
Event: 5.328 Loading class java/util/concurrent/RecursiveAction
Event: 5.328 Loading class java/util/concurrent/RecursiveAction done
Event: 5.346 Loading class java/util/stream/ReduceOps$2
Event: 5.346 Loading class java/util/stream/ReduceOps$2 done
Event: 5.346 Loading class java/util/stream/ReduceOps$2ReducingSink
Event: 5.346 Loading class java/util/stream/ReduceOps$2ReducingSink done
Event: 5.416 Loading class java/util/Collections$SynchronizedRandomAccessList
Event: 5.416 Loading class java/util/Collections$SynchronizedList
Event: 5.416 Loading class java/util/Collections$SynchronizedList done
Event: 5.416 Loading class java/util/Collections$SynchronizedRandomAccessList done

Classes unloaded (0 events):
No events

Classes redefined (0 events):
No events

Internal exceptions (20 events):
Event: 5.138 Thread 0x0000014c79881210 Exception <a 'java/lang/NoSuchMethodError'{0x0000000083dcf618}: 'void java.lang.invoke.DelegatingMethodHandle$Holder.reinvoke_L(java.lang.Object, java.lang.Object, int, java.lang.Object)'> (0x0000000083dcf618) 
thrown [s\src\hotspot\share\interpreter\linkResolver.cpp, line 773]
Event: 5.139 Thread 0x0000014c79881210 Exception <a 'java/lang/NoSuchMethodError'{0x0000000083dd9f28}: 'java.lang.Object java.lang.invoke.DirectMethodHandle$Holder.invokeSpecial(java.lang.Object, java.lang.Object, java.lang.Object, java.lang.Object, int, java.lang.Object)'> (0x0000000083dd9f28) 
thrown [s\src\hotspot\share\interpreter\linkResolver.cpp, line 773]
Event: 5.145 Thread 0x0000014c79881210 Exception <a 'java/lang/NoSuchMethodError'{0x0000000083c29190}: 'java.lang.Object java.lang.invoke.Invokers$Holder.linkToCallSite(java.lang.Object, java.lang.Object, int, java.lang.Object)'> (0x0000000083c29190) 
thrown [s\src\hotspot\share\interpreter\linkResolver.cpp, line 773]
Event: 5.146 Thread 0x0000014c79881210 Exception <a 'java/lang/NoSuchMethodError'{0x0000000083c3bb08}: 'java.lang.Object java.lang.invoke.DirectMethodHandle$Holder.invokeSpecial(java.lang.Object, java.lang.Object, java.lang.Object, java.lang.Object, java.lang.Object, int)'> (0x0000000083c3bb08) 
thrown [s\src\hotspot\share\interpreter\linkResolver.cpp, line 773]
Event: 5.146 Thread 0x0000014c79881210 Exception <a 'java/lang/NoSuchMethodError'{0x0000000083c402b8}: 'java.lang.Object java.lang.invoke.DelegatingMethodHandle$Holder.delegate(java.lang.Object, java.lang.Object, java.lang.Object, java.lang.Object, int)'> (0x0000000083c402b8) 
thrown [s\src\hotspot\share\interpreter\linkResolver.cpp, line 773]
Event: 5.151 Thread 0x0000014c79881210 Exception <a 'java/lang/ClassNotFoundException'{0x0000000083c8d3c0}: org/gradle/plugin/use/internal/PluginRequestCollector$PluginDependenciesSpecImplBeanInfo> (0x0000000083c8d3c0) 
thrown [s\src\hotspot\share\classfile\systemDictionary.cpp, line 312]
Event: 5.152 Thread 0x0000014c79881210 Exception <a 'java/lang/ClassNotFoundException'{0x0000000083c9dee8}: org/gradle/plugin/use/internal/PluginRequestCollector$PluginDependenciesSpecImplCustomizer> (0x0000000083c9dee8) 
thrown [s\src\hotspot\share\classfile\systemDictionary.cpp, line 312]
Event: 5.154 Thread 0x0000014c79881210 Exception <a 'java/lang/NoSuchMethodError'{0x0000000083cac4c8}: 'java.lang.Object java.lang.invoke.DirectMethodHandle$Holder.invokeVirtual(java.lang.Object, java.lang.Object, java.lang.Object, int)'> (0x0000000083cac4c8) 
thrown [s\src\hotspot\share\interpreter\linkResolver.cpp, line 773]
Event: 5.184 Thread 0x0000014c79881210 Exception <a 'java/lang/NoSuchMethodError'{0x0000000083a005c8}: 'void java.lang.invoke.DirectMethodHandle$Holder.invokeStatic(java.lang.Object, java.lang.Object, java.lang.Object, java.lang.Object, java.lang.Object, java.lang.Object)'> (0x0000000083a005c8) 
thrown [s\src\hotspot\share\interpreter\linkResolver.cpp, line 773]
Event: 5.186 Thread 0x0000014c79881210 Exception <a 'java/lang/IncompatibleClassChangeError'{0x0000000083a15240}: Found class java.lang.Object, but interface was expected> (0x0000000083a15240) 
thrown [s\src\hotspot\share\interpreter\linkResolver.cpp, line 840]
Event: 5.246 Thread 0x0000014c79881210 Exception <a 'java/lang/NoSuchMethodError'{0x0000000083749f50}: 'java.lang.Object java.lang.invoke.DirectMethodHandle$Holder.newInvokeSpecial(java.lang.Object, java.lang.Object, java.lang.Object, java.lang.Object, java.lang.Object, java.lang.Object, java.lang.Object, java.lang.Object, java.lang.Object, java.lang.Object, java.lang.Object, java.lang.Object, java.lang.Object, java.lang.Object, java.lang.Object, java.lang.Object, java.lang.Object, java.lang.Object, java.lang.Object)'> (0x0000000083749f50) 
thr
Event: 5.246 Thread 0x0000014c79881210 Exception <a 'java/lang/NoSuchMethodError'{0x0000000083750bd0}: 'java.lang.Object java.lang.invoke.DirectMethodHandle$Holder.invokeSpecial(java.lang.Object, java.lang.Object, java.lang.Object, java.lang.Object, java.lang.Object, java.lang.Object, java.lang.Object, java.lang.Object, java.lang.Object, java.lang.Object, java.lang.Object, java.lang.Object, java.lang.Object, java.lang.Object, java.lang.Object, java.lang.Object, java.lang.Object, java.lang.Object, java.lang.Object, java.lang.Object)'> (0x0000000
Event: 5.246 Thread 0x0000014c79881210 Exception <a 'java/lang/NoSuchMethodError'{0x0000000083756420}: 'java.lang.Object java.lang.invoke.DelegatingMethodHandle$Holder.reinvoke_L(java.lang.Object, java.lang.Object, java.lang.Object, java.lang.Object, java.lang.Object, java.lang.Object, java.lang.Object, java.lang.Object, java.lang.Object, java.lang.Object, java.lang.Object, java.lang.Object, java.lang.Object, java.lang.Object, java.lang.Object, java.lang.Object, java.lang.Object, java.lang.Object, java.lang.Object)'> (0x0000000083756420) 
throw
Event: 5.377 Thread 0x0000014c79881210 Exception <a 'sun/nio/fs/WindowsException'{0x0000000083447298}> (0x0000000083447298) 
thrown [s\src\hotspot\share\prims\jni.cpp, line 520]
Event: 5.378 Thread 0x0000014c79881210 Exception <a 'sun/nio/fs/WindowsException'{0x0000000083448f88}> (0x0000000083448f88) 
thrown [s\src\hotspot\share\prims\jni.cpp, line 520]
Event: 5.378 Thread 0x0000014c79881210 Exception <a 'sun/nio/fs/WindowsException'{0x000000008344ac68}> (0x000000008344ac68) 
thrown [s\src\hotspot\share\prims\jni.cpp, line 520]
Event: 5.379 Thread 0x0000014c79881210 Exception <a 'sun/nio/fs/WindowsException'{0x000000008344c928}> (0x000000008344c928) 
thrown [s\src\hotspot\share\prims\jni.cpp, line 520]
Event: 5.401 Thread 0x0000014c79881210 Exception <a 'java/lang/NoSuchMethodError'{0x000000008336d050}: 'java.lang.Object java.lang.invoke.Invokers$Holder.invoker(java.lang.Object, java.lang.Object, java.lang.Object, java.lang.Object, java.lang.Object, java.lang.Object)'> (0x000000008336d050) 
thrown [s\src\hotspot\share\interpreter\linkResolver.cpp, line 773]
Event: 5.422 Thread 0x0000014c79881210 Exception <a 'java/lang/NoSuchMethodError'{0x000000008320bdf8}: 'java.lang.Object java.lang.invoke.Invokers$Holder.invoker(java.lang.Object, java.lang.Object, java.lang.Object, java.lang.Object, java.lang.Object, java.lang.Object, java.lang.Object, java.lang.Object, java.lang.Object, java.lang.Object, java.lang.Object, java.lang.Object, java.lang.Object, java.lang.Object, java.lang.Object, java.lang.Object, java.lang.Object, java.lang.Object, java.lang.Object, java.lang.Object, java.lang.Object, java.lang.
Event: 5.422 Thread 0x0000014c79881210 Exception <a 'java/lang/NoSuchMethodError'{0x0000000083212f20}: 'java.lang.Object java.lang.invoke.DelegatingMethodHandle$Holder.delegate(java.lang.Object, java.lang.Object, java.lang.Object, java.lang.Object, java.lang.Object, java.lang.Object, java.lang.Object, java.lang.Object, java.lang.Object, java.lang.Object, java.lang.Object, java.lang.Object, java.lang.Object, java.lang.Object, java.lang.Object, java.lang.Object, java.lang.Object, java.lang.Object, java.lang.Object, java.lang.Object, java.lang.Obj

ZGC Phase Switch (0 events):
No events

VM Operations (20 events):
Event: 4.736 Executing non-safepoint VM operation: HandshakeAllThreads (Deoptimize)
Event: 4.736 Executing non-safepoint VM operation: HandshakeAllThreads (Deoptimize) done
Event: 4.737 Executing non-safepoint VM operation: HandshakeAllThreads (Deoptimize)
Event: 4.737 Executing non-safepoint VM operation: HandshakeAllThreads (Deoptimize) done
Event: 4.839 Executing non-safepoint VM operation: HandshakeAllThreads (Deoptimize)
Event: 4.839 Executing non-safepoint VM operation: HandshakeAllThreads (Deoptimize) done
Event: 4.840 Executing non-safepoint VM operation: HandshakeAllThreads (Deoptimize)
Event: 4.840 Executing non-safepoint VM operation: HandshakeAllThreads (Deoptimize) done
Event: 5.004 Executing non-safepoint VM operation: HandshakeAllThreads (Deoptimize)
Event: 5.004 Executing non-safepoint VM operation: HandshakeAllThreads (Deoptimize) done
Event: 5.006 Executing non-safepoint VM operation: HandshakeAllThreads (Deoptimize)
Event: 5.006 Executing non-safepoint VM operation: HandshakeAllThreads (Deoptimize) done
Event: 5.006 Executing non-safepoint VM operation: HandshakeAllThreads (Deoptimize)
Event: 5.006 Executing non-safepoint VM operation: HandshakeAllThreads (Deoptimize) done
Event: 5.251 Executing safepoint VM operation: ICBufferFull
Event: 5.251 Executing safepoint VM operation: ICBufferFull done
Event: 6.265 Executing safepoint VM operation: Cleanup
Event: 6.452 Executing safepoint VM operation: Cleanup done
Event: 7.459 Executing safepoint VM operation: Cleanup
Event: 7.459 Executing safepoint VM operation: Cleanup done

Memory protections (0 events):
No events

Nmethod flushes (20 events):
Event: 4.610 Thread 0x0000014c734dacb0 flushing  nmethod 0x0000014c5e0c6d10
Event: 4.610 Thread 0x0000014c734dacb0 flushing  nmethod 0x0000014c5e0c7f90
Event: 4.610 Thread 0x0000014c734dacb0 flushing  nmethod 0x0000014c5e0c8790
Event: 4.610 Thread 0x0000014c734dacb0 flushing  nmethod 0x0000014c5e101010
Event: 4.610 Thread 0x0000014c734dacb0 flushing  nmethod 0x0000014c5e101690
Event: 4.610 Thread 0x0000014c734dacb0 flushing  nmethod 0x0000014c5e101a10
Event: 4.610 Thread 0x0000014c734dacb0 flushing  nmethod 0x0000014c5e101f90
Event: 4.610 Thread 0x0000014c734dacb0 flushing  nmethod 0x0000014c5e10b990
Event: 4.610 Thread 0x0000014c734dacb0 flushing  nmethod 0x0000014c5e10d690
Event: 4.610 Thread 0x0000014c734dacb0 flushing  nmethod 0x0000014c5e10df90
Event: 4.610 Thread 0x0000014c734dacb0 flushing  nmethod 0x0000014c5e10e890
Event: 4.610 Thread 0x0000014c734dacb0 flushing  nmethod 0x0000014c5e3c7210
Event: 4.610 Thread 0x0000014c734dacb0 flushing  nmethod 0x0000014c5e3cd810
Event: 4.610 Thread 0x0000014c734dacb0 flushing  nmethod 0x0000014c5e3ce690
Event: 4.610 Thread 0x0000014c734dacb0 flushing  nmethod 0x0000014c5e3cf290
Event: 4.610 Thread 0x0000014c734dacb0 flushing  nmethod 0x0000014c5e3d0d90
Event: 4.610 Thread 0x0000014c734dacb0 flushing  nmethod 0x0000014c5e41ce10
Event: 4.610 Thread 0x0000014c734dacb0 flushing  nmethod 0x0000014c5e41d990
Event: 4.610 Thread 0x0000014c734dacb0 flushing  nmethod 0x0000014c5e41e190
Event: 4.610 Thread 0x0000014c734dacb0 flushing  nmethod 0x0000014c5e41ee10

Events (20 events):
Event: 1.885 Thread 0x0000014c79752890 Thread added: 0x0000014c79881210
Event: 1.892 Thread 0x0000014c79881210 Thread added: 0x0000014c79881f30
Event: 1.895 Thread 0x0000014c79881210 Thread added: 0x0000014c79880b80
Event: 1.898 Thread 0x0000014c79881210 Thread added: 0x0000014c798825c0
Event: 2.180 Thread 0x0000014c79881210 Thread added: 0x0000014c798804f0
Event: 2.193 Thread 0x0000014c79881210 Thread added: 0x0000014c798818a0
Event: 2.250 Thread 0x0000014c79881210 Thread added: 0x0000014c79882c50
Event: 3.034 Thread 0x0000014c79881210 Thread added: 0x0000014c7c696b70
Event: 3.063 Thread 0x0000014c79881210 Thread added: 0x0000014c7c695e50
Event: 3.348 Thread 0x0000014c79881210 Thread added: 0x0000014c7c693d80
Event: 3.355 Thread 0x0000014c79881210 Thread added: 0x0000014c7c6957c0
Event: 3.630 Thread 0x0000014c79881210 Thread added: 0x0000014c7c697200
Event: 3.699 Thread 0x0000014c79881210 Thread added: 0x0000014c7c697890
Event: 3.959 Thread 0x0000014c79881210 Thread added: 0x0000014c7c695130
Event: 4.039 Thread 0x0000014c79881210 Thread added: 0x0000014c7c694410
Event: 4.204 Thread 0x0000014c78c44910 Thread exited: 0x0000014c78c44910
Event: 4.395 Thread 0x0000014c73619e30 Thread added: 0x0000014c7bf62130
Event: 4.817 Thread 0x0000014c79881210 Thread added: 0x0000014c7c697f20
Event: 5.360 Thread 0x0000014c79881210 Thread added: 0x0000014c7c694aa0
Event: 6.452 Thread 0x0000014c73734fd0 Thread exited: 0x0000014c73734fd0


Dynamic libraries:
0x00007ff6377e0000 - 0x00007ff6377ee000 	C:\Users\jibri\.antigravity\extensions\redhat.java-1.54.0-win32-x64\jre\21.0.10-win32-x86_64\bin\java.exe
0x00007ffd075a0000 - 0x00007ffd07807000 	C:\WINDOWS\SYSTEM32\ntdll.dll
0x00007ffd05620000 - 0x00007ffd056e9000 	C:\WINDOWS\System32\KERNEL32.DLL
0x00007ffd04ae0000 - 0x00007ffd04ed4000 	C:\WINDOWS\System32\KERNELBASE.dll
0x00007ffd04990000 - 0x00007ffd04adb000 	C:\WINDOWS\System32\ucrtbase.dll
0x00007ffcd35d0000 - 0x00007ffcd35e8000 	C:\Users\jibri\.antigravity\extensions\redhat.java-1.54.0-win32-x64\jre\21.0.10-win32-x86_64\bin\jli.dll
0x00007ffcc37b0000 - 0x00007ffcc37ce000 	C:\Users\jibri\.antigravity\extensions\redhat.java-1.54.0-win32-x64\jre\21.0.10-win32-x86_64\bin\VCRUNTIME140.dll
0x00007ffd05330000 - 0x00007ffd054f5000 	C:\WINDOWS\System32\USER32.dll
0x00007ffd04ee0000 - 0x00007ffd04f07000 	C:\WINDOWS\System32\win32u.dll
0x00007ffce1470000 - 0x00007ffce1703000 	C:\WINDOWS\WinSxS\amd64_microsoft.windows.common-controls_6595b64144ccf1df_6.0.26100.8115_none_3e075c82e3354f9c\COMCTL32.dll
0x00007ffd05c90000 - 0x00007ffd05cbb000 	C:\WINDOWS\System32\GDI32.dll
0x00007ffd065a0000 - 0x00007ffd06649000 	C:\WINDOWS\System32\msvcrt.dll
0x00007ffd05200000 - 0x00007ffd0532b000 	C:\WINDOWS\System32\gdi32full.dll
0x00007ffd03e70000 - 0x00007ffd03f13000 	C:\WINDOWS\System32\msvcp_win.dll
0x00007ffd05a10000 - 0x00007ffd05a42000 	C:\WINDOWS\System32\IMM32.DLL
0x00007ffcde740000 - 0x00007ffcde74c000 	C:\Users\jibri\.antigravity\extensions\redhat.java-1.54.0-win32-x64\jre\21.0.10-win32-x86_64\bin\vcruntime140_1.dll
0x00007ffc6c8f0000 - 0x00007ffc6c97d000 	C:\Users\jibri\.antigravity\extensions\redhat.java-1.54.0-win32-x64\jre\21.0.10-win32-x86_64\bin\msvcp140.dll
0x00007ffc503c0000 - 0x00007ffc51161000 	C:\Users\jibri\.antigravity\extensions\redhat.java-1.54.0-win32-x64\jre\21.0.10-win32-x86_64\bin\server\jvm.dll
0x00007ffd058b0000 - 0x00007ffd05966000 	C:\WINDOWS\System32\ADVAPI32.dll
0x00007ffd05800000 - 0x00007ffd058a7000 	C:\WINDOWS\System32\sechost.dll
0x00007ffd05500000 - 0x00007ffd05618000 	C:\WINDOWS\System32\RPCRT4.dll
0x00007ffd05970000 - 0x00007ffd059f0000 	C:\WINDOWS\System32\WS2_32.dll
0x00007ffd03cd0000 - 0x00007ffd03d2e000 	C:\WINDOWS\SYSTEM32\POWRPROF.dll
0x00007ffcf5540000 - 0x00007ffcf5576000 	C:\WINDOWS\SYSTEM32\WINMM.dll
0x00007ffcfcb80000 - 0x00007ffcfcb8b000 	C:\WINDOWS\SYSTEM32\VERSION.dll
0x00007ffd03cb0000 - 0x00007ffd03cc4000 	C:\WINDOWS\SYSTEM32\UMPDC.dll
0x00007ffd02bd0000 - 0x00007ffd02beb000 	C:\WINDOWS\SYSTEM32\kernel.appcore.dll
0x00007ffcd3510000 - 0x00007ffcd351a000 	C:\Users\jibri\.antigravity\extensions\redhat.java-1.54.0-win32-x64\jre\21.0.10-win32-x86_64\bin\jimage.dll
0x00007ffd01e30000 - 0x00007ffd02072000 	C:\WINDOWS\SYSTEM32\DBGHELP.DLL
0x00007ffd06de0000 - 0x00007ffd07162000 	C:\WINDOWS\System32\combase.dll
0x00007ffd06660000 - 0x00007ffd06738000 	C:\WINDOWS\System32\OLEAUT32.dll
0x00007ffce01a0000 - 0x00007ffce01db000 	C:\WINDOWS\SYSTEM32\dbgcore.DLL
0x00007ffd03fb0000 - 0x00007ffd04055000 	C:\WINDOWS\System32\bcryptPrimitives.dll
0x00007ffcd3450000 - 0x00007ffcd345f000 	C:\Users\jibri\.antigravity\extensions\redhat.java-1.54.0-win32-x64\jre\21.0.10-win32-x86_64\bin\instrument.dll
0x00007ffccaff0000 - 0x00007ffccb010000 	C:\Users\jibri\.antigravity\extensions\redhat.java-1.54.0-win32-x64\jre\21.0.10-win32-x86_64\bin\java.dll
0x00007ffd05e30000 - 0x00007ffd06597000 	C:\WINDOWS\System32\SHELL32.dll
0x00007ffd05090000 - 0x00007ffd051fa000 	C:\WINDOWS\System32\wintypes.dll
0x00007ffd04120000 - 0x00007ffd04988000 	C:\WINDOWS\System32\windows.storage.dll
0x00007ffd05700000 - 0x00007ffd057f8000 	C:\WINDOWS\System32\SHCORE.dll
0x00007ffd05cc0000 - 0x00007ffd05d26000 	C:\WINDOWS\System32\shlwapi.dll
0x00007ffd03d90000 - 0x00007ffd03db9000 	C:\WINDOWS\SYSTEM32\profapi.dll
0x00007ffcc1600000 - 0x00007ffcc1618000 	C:\Users\jibri\.antigravity\extensions\redhat.java-1.54.0-win32-x64\jre\21.0.10-win32-x86_64\bin\zip.dll
0x00007ffccd280000 - 0x00007ffccd290000 	C:\Users\jibri\.antigravity\extensions\redhat.java-1.54.0-win32-x64\jre\21.0.10-win32-x86_64\bin\net.dll
0x00007ffcfcfb0000 - 0x00007ffcfd0dd000 	C:\WINDOWS\SYSTEM32\WINHTTP.dll
0x00007ffd03170000 - 0x00007ffd031dc000 	C:\WINDOWS\system32\mswsock.dll
0x00007ffcbab90000 - 0x00007ffcbaba6000 	C:\Users\jibri\.antigravity\extensions\redhat.java-1.54.0-win32-x64\jre\21.0.10-win32-x86_64\bin\nio.dll
0x00007ffccd0b0000 - 0x00007ffccd0c0000 	C:\Users\jibri\.antigravity\extensions\redhat.java-1.54.0-win32-x64\jre\21.0.10-win32-x86_64\bin\verify.dll
0x00007ffcad480000 - 0x00007ffcad4a7000 	C:\Users\jibri\.gradle\native\1def1411415f61bf3af743bc5b6707747c0891f09f0c88961ee8f79bc544acac\windows-amd64\native-platform.dll
0x00007ffc86c20000 - 0x00007ffc86c97000 	C:\Users\jibri\.gradle\native\0.2.8\x86_64-windows-gnu\gradle-fileevents.dll
0x00007ffd01330000 - 0x00007ffd0133a000 	C:\Users\jibri\.antigravity\extensions\redhat.java-1.54.0-win32-x64\jre\21.0.10-win32-x86_64\bin\management.dll
0x00007ffccc910000 - 0x00007ffccc91c000 	C:\Users\jibri\.antigravity\extensions\redhat.java-1.54.0-win32-x64\jre\21.0.10-win32-x86_64\bin\management_ext.dll
0x00007ffd05d30000 - 0x00007ffd05d38000 	C:\WINDOWS\System32\PSAPI.DLL
0x00007ffd025f0000 - 0x00007ffd02622000 	C:\WINDOWS\SYSTEM32\IPHLPAPI.DLL
0x00007ffd056f0000 - 0x00007ffd056fa000 	C:\WINDOWS\System32\NSI.dll
0x00007ffcccbd0000 - 0x00007ffcccbd9000 	C:\Users\jibri\.antigravity\extensions\redhat.java-1.54.0-win32-x64\jre\21.0.10-win32-x86_64\bin\extnet.dll
0x00007ffd03460000 - 0x00007ffd0347b000 	C:\WINDOWS\SYSTEM32\CRYPTSP.dll
0x00007ffd02b30000 - 0x00007ffd02b69000 	C:\WINDOWS\system32\rsaenh.dll
0x00007ffd03220000 - 0x00007ffd03253000 	C:\WINDOWS\SYSTEM32\USERENV.dll
0x00007ffd03d60000 - 0x00007ffd03d8a000 	C:\WINDOWS\SYSTEM32\bcrypt.dll
0x00007ffd03450000 - 0x00007ffd0345c000 	C:\WINDOWS\SYSTEM32\CRYPTBASE.dll
0x00007ffcccd80000 - 0x00007ffcccd8e000 	C:\Users\jibri\.antigravity\extensions\redhat.java-1.54.0-win32-x64\jre\21.0.10-win32-x86_64\bin\sunmscapi.dll
0x00007ffd04f10000 - 0x00007ffd05087000 	C:\WINDOWS\System32\CRYPT32.dll
0x00007ffd03670000 - 0x00007ffd036a0000 	C:\WINDOWS\SYSTEM32\ncrypt.dll
0x00007ffd03620000 - 0x00007ffd0365f000 	C:\WINDOWS\SYSTEM32\NTASN1.dll
0x00007ffcd6810000 - 0x00007ffcd6818000 	C:\WINDOWS\system32\wshunix.dll

JVMTI agents:
C:\Users\jibri\.gradle\wrapper\dists\gradle-9.0.0-bin\d6wjpkvcgsg3oed0qlfss3wgl\gradle-9.0.0\lib\agents\gradle-instrumentation-agent-9.0.0.jar path:C:\Users\jibri\.antigravity\extensions\redhat.java-1.54.0-win32-x64\jre\21.0.10-win32-x86_64\bin\instrument.dll, loaded, initialized, instrumentlib options:none

dbghelp: loaded successfully - version: 4.0.5 - missing functions: none
symbol engine: initialized successfully - sym options: 0x614 - pdb path: .;C:\Users\jibri\.antigravity\extensions\redhat.java-1.54.0-win32-x64\jre\21.0.10-win32-x86_64\bin;C:\WINDOWS\SYSTEM32;C:\WINDOWS\WinSxS\amd64_microsoft.windows.common-controls_6595b64144ccf1df_6.0.26100.8115_none_3e075c82e3354f9c;C:\Users\jibri\.antigravity\extensions\redhat.java-1.54.0-win32-x64\jre\21.0.10-win32-x86_64\bin\server;C:\Users\jibri\.gradle\native\1def1411415f61bf3af743bc5b6707747c0891f09f0c88961ee8f79bc544acac\windows-amd64;C:\Users\jibri\.gradle\native\0.2.8\x86_64-windows-gnu

VM Arguments:
jvm_args: --add-opens=java.base/java.lang=ALL-UNNAMED --add-opens=java.base/java.lang.invoke=ALL-UNNAMED --add-opens=java.base/java.util=ALL-UNNAMED --add-opens=java.prefs/java.util.prefs=ALL-UNNAMED --add-exports=jdk.compiler/com.sun.tools.javac.api=ALL-UNNAMED --add-exports=jdk.compiler/com.sun.tools.javac.util=ALL-UNNAMED --add-opens=java.base/java.util=ALL-UNNAMED --add-opens=java.prefs/java.util.prefs=ALL-UNNAMED --add-opens=java.base/java.nio.charset=ALL-UNNAMED --add-opens=java.base/java.net=ALL-UNNAMED --add-opens=java.base/java.util.concurrent=ALL-UNNAMED --add-opens=java.base/java.util.concurrent.atomic=ALL-UNNAMED --add-opens=java.xml/javax.xml.namespace=ALL-UNNAMED -XX:MaxMetaspaceSize=512m -Xmx2048m -Dfile.encoding=UTF-8 -Duser.country=PH -Duser.language=en -Duser.variant -javaagent:C:\Users\jibri\.gradle\wrapper\dists\gradle-9.0.0-bin\d6wjpkvcgsg3oed0qlfss3wgl\gradle-9.0.0\lib\agents\gradle-instrumentation-agent-9.0.0.jar 
java_command: org.gradle.launcher.daemon.bootstrap.GradleDaemon 9.0.0
java_class_path (initial): C:\Users\jibri\.gradle\wrapper\dists\gradle-9.0.0-bin\d6wjpkvcgsg3oed0qlfss3wgl\gradle-9.0.0\lib\gradle-daemon-main-9.0.0.jar
Launcher Type: SUN_STANDARD

[Global flags]
     intx CICompilerCount                          = 12                                        {product} {ergonomic}
   size_t CompressedClassSpaceSize                 = 436207616                                 {product} {ergonomic}
     uint ConcGCThreads                            = 4                                         {product} {ergonomic}
     uint G1ConcRefinementThreads                  = 15                                        {product} {ergonomic}
   size_t G1HeapRegionSize                         = 1048576                                   {product} {ergonomic}
    uintx GCDrainStackTargetSize                   = 64                                        {product} {ergonomic}
   size_t InitialHeapSize                          = 130023424                                 {product} {ergonomic}
   size_t MarkStackSize                            = 4194304                                   {product} {ergonomic}
   size_t MaxHeapSize                              = 2147483648                                {product} {command line}
   size_t MaxMetaspaceSize                         = 536870912                                 {product} {command line}
   size_t MaxNewSize                               = 1287651328                                {product} {ergonomic}
   size_t MinHeapDeltaBytes                        = 1048576                                   {product} {ergonomic}
   size_t MinHeapSize                              = 8388608                                   {product} {ergonomic}
    uintx NonNMethodCodeHeapSize                   = 7602480                                {pd product} {ergonomic}
    uintx NonProfiledCodeHeapSize                  = 122027880                              {pd product} {ergonomic}
    uintx ProfiledCodeHeapSize                     = 122027880                              {pd product} {ergonomic}
    uintx ReservedCodeCacheSize                    = 251658240                              {pd product} {ergonomic}
     bool SegmentedCodeCache                       = true                                      {product} {ergonomic}
   size_t SoftMaxHeapSize                          = 2147483648                             {manageable} {ergonomic}
     bool UseCompressedOops                        = true                           {product lp64_product} {ergonomic}
     bool UseG1GC                                  = true                                      {product} {ergonomic}
     bool UseLargePagesIndividualAllocation        = false                                  {pd product} {ergonomic}

Logging:
Log output configuration:
 #0: stdout all=warning uptime,level,tags foldmultilines=false
 #1: stderr all=off uptime,level,tags foldmultilines=false

Release file:
JAVA_VERSION="21.0.10" 
MODULES="java.base java.compiler java.datatransfer java.xml java.prefs java.desktop java.instrument java.logging java.management java.security.sasl java.naming java.rmi java.management.rmi java.net.http java.scripting java.security.jgss java.transaction.xa java.sql java.sql.rowset java.xml.crypto java.se java.smartcardio jdk.accessibility jdk.internal.jvmstat jdk.attach jdk.charsets jdk.internal.opt jdk.zipfs jdk.compiler jdk.crypto.ec jdk.crypto.cryptoki jdk.crypto.mscapi jdk.dynalink jdk.internal.ed jdk.editpad jdk.hotspot.agent jdk.httpserver jdk.internal.le jdk.internal.vm.ci jdk.internal.vm.compiler jdk.internal.vm.compiler.management jdk.jartool jdk.javadoc jdk.jcmd jdk.management jdk.management.agent jdk.jconsole jdk.jdeps jdk.jdwp.agent jdk.jdi jdk.jfr jdk.jshell jdk.jsobject jdk.jstatd jdk.localedata jdk.management.jfr jdk.naming.dns jdk.naming.rmi jdk.net jdk.nio.mapmode jdk.random jdk.sctp jdk.security.auth jdk.security.jgss jdk.unsupported jdk.unsupported.desktop jdk.xml.dom" 

Environment Variables:
JAVA_HOME=C:\Program Files\Java\jdk-17
PATH=C:\Program Files\Microsoft\jdk-17.0.16.8-hotspot\bin;C:\ProgramData\Oracle\Java\javapath;C:\Program Files\NVIDIA GPU Computing Toolkit\CUDA\v12.8\bin;C:\Program Files\NVIDIA GPU Computing Toolkit\CUDA\v12.8\libnvvp;C:\Program Files\Common Files\Oracle\Java\javapath;C:\PHP\phpoldversion\;C:\Windows\system32;C:\Windows;C:\Windows\System32\Wbem;C:\Windows\System32\WindowsPowerShell\v1.0\;C:\Windows\System32\OpenSSH\;C:\Program Files (x86)\NVIDIA Corporation\PhysX\Common;C:\Program Files\Microsoft SQL Server\150\Tools\Binn\;C:\Program Files\Microsoft SQL Server\Client SDK\ODBC\170\Tools\Binn\;C:\ProgramData\ComposerSetup\bin;C:\Users\jibri\.config\herd\bin\nvm;C:\Program Files\nodejs;C:\Program Files\Java\jdk-17\bin;C:\xampp\php;C:\WINDOWS\system32;C:\WINDOWS;C:\WINDOWS\System32\Wbem;C:\WINDOWS\System32\WindowsPowerShell\v1.0\;C:\WINDOWS\System32\OpenSSH\;C:\Program Files\nodejs\;C:\Program Files\Git\cmd;C:\Program Files\Git\bin;C:\Users\jibri\AppData\Local\Pub\Cache\bin;C:\Program Files\NVIDIA Corporation\NVIDIA app\NvDLISR;C:\Program Files\heroku\bin;C:\Program Files\NVIDIA Corporation\Nsight Compute 2025.1.1\;C:\ProgramData\chocolatey\bin;C:\Users\jibri\AppData\Local\Programs\Python\Python310\Scripts;C:\Program Files\dotnet\;C:\Program Files (x86)\Windows Kits\10\Windows Performance Toolkit\;C:\Users\jibri\AppData\Local\Android\Sdk\platform-tools;C:\Program Files\Docker\Docker\resources\bin;C:\Program Files\MySQL\MySQL Shell 8.0\bin\;C:\Users\jibri\AppData\Local\Programs\Python\Python310\Scripts\;C:\Users\jibri\AppData\Local\Programs\Python\Python310\;C:\Users\jibri\.config\herd\bin;C:\Users\jibri\AppData\Local\Microsoft\WindowsApps;C:\Users\jibri\AppData\Local\Programs\Microsoft VS Code\bin;C:\Users\jibri\AppData\Roaming\Composer\vendor\bin;C:\flutter\flutter\bin;C:\Users\jibri\AppData\Roaming\npm;C:\Program Files\Git;C:\Users\jibri\AppData\Local\Pub\Cache\bin;C:\Program Files\heroku\bin;C:\Users\jibri\.dotnet\tools;C:\AppServ\Apache24\bin;C:\AppServ\php7;C:\AppServ\MySQL\bin;C:\Users\jibri\AppData\Local\Android\Sdk\build-tools;C:\ProgramData\chocolatey\bin;C:\Program Files\nodejs\;C:\Users\jibri\AppData\Local\Programs\cursor\resources\app\bin;C:\Users\jibri\AppData\Local\Programs\Antigravity\bin
USERNAME=jibri
OS=Windows_NT
PROCESSOR_IDENTIFIER=Intel64 Family 6 Model 191 Stepping 2, GenuineIntel
TMP=C:\Users\jibri\AppData\Local\Temp
TEMP=C:\Users\jibri\AppData\Local\Temp




Periodic native trim disabled

---------------  S Y S T E M  ---------------

OS:
 Windows 11 , 64 bit Build 26100 (10.0.26100.8246)
OS uptime: 1 days 11:12 hours
Hyper-V role detected

CPU: total 20 (initial active 20) (10 cores per cpu, 2 threads per core) family 6 model 191 stepping 2 microcode 0x2c, cx8, cmov, fxsr, ht, mmx, 3dnowpref, sse, sse2, sse3, ssse3, sse4.1, sse4.2, popcnt, lzcnt, tsc, tscinvbit, avx, avx2, aes, erms, clmul, bmi1, bmi2, adx, sha, fma, vzeroupper, clflush, clflushopt, clwb, hv, serialize, rdtscp, rdpid, fsrm, f16c, cet_ibt, cet_ss
Processor Information for processor 0
  Max Mhz: 2500, Current Mhz: 2500, Mhz Limit: 2500
Processor Information for processor 1
  Max Mhz: 2500, Current Mhz: 2500, Mhz Limit: 2500
Processor Information for processor 2
  Max Mhz: 2500, Current Mhz: 2500, Mhz Limit: 2500
Processor Information for processor 3
  Max Mhz: 2500, Current Mhz: 2500, Mhz Limit: 2500
Processor Information for processor 4
  Max Mhz: 2500, Current Mhz: 2500, Mhz Limit: 2500
Processor Information for processor 5
  Max Mhz: 2500, Current Mhz: 2500, Mhz Limit: 2500
Processor Information for processor 6
  Max Mhz: 2500, Current Mhz: 2500, Mhz Limit: 2500
Processor Information for processor 7
  Max Mhz: 2500, Current Mhz: 2500, Mhz Limit: 2500
Processor Information for processor 8
  Max Mhz: 2500, Current Mhz: 2500, Mhz Limit: 2500
Processor Information for processor 9
  Max Mhz: 2500, Current Mhz: 2500, Mhz Limit: 2500
Processor Information for processor 10
  Max Mhz: 2500, Current Mhz: 2500, Mhz Limit: 2500
Processor Information for processor 11
  Max Mhz: 2500, Current Mhz: 2500, Mhz Limit: 2500
Processor Information for processor 12
  Max Mhz: 2500, Current Mhz: 1800, Mhz Limit: 1800
Processor Information for processor 13
  Max Mhz: 2500, Current Mhz: 1800, Mhz Limit: 1800
Processor Information for processor 14
  Max Mhz: 2500, Current Mhz: 1800, Mhz Limit: 1800
Processor Information for processor 15
  Max Mhz: 2500, Current Mhz: 1800, Mhz Limit: 1800
Processor Information for processor 16
  Max Mhz: 2500, Current Mhz: 1800, Mhz Limit: 1800
Processor Information for processor 17
  Max Mhz: 2500, Current Mhz: 1800, Mhz Limit: 1800
Processor Information for processor 18
  Max Mhz: 2500, Current Mhz: 1800, Mhz Limit: 1800
Processor Information for processor 19
  Max Mhz: 2500, Current Mhz: 1800, Mhz Limit: 1800

Memory: 4k page, system-wide physical 7911M (809M free)
TotalPageFile size 32487M (AvailPageFile size 1M)
current process WorkingSet (physical memory assigned to process): 264M, peak: 270M
current process commit charge ("private bytes"): 320M, peak: 325M

vm_info: OpenJDK 64-Bit Server VM (21.0.10+7-LTS) for windows-amd64 JRE (21.0.10+7-LTS), built on 2026-01-20T00:00:00Z by "admin" with MS VC++ 17.12 (VS2022)

END.
