#
# There is insufficient memory for the Java Runtime Environment to continue.
# Native memory allocation (malloc) failed to allocate 373136 bytes. Error detail: Chunk::new
# Possible reasons:
#   The system is out of physical RAM or swap space
#   This process is running with CompressedOops enabled, and the Java Heap may be blocking the growth of the native heap
# Possible solutions:
#   Reduce memory load on the system
#   Increase physical memory or swap space
#   Check if swap backing store is full
#   Decrease Java heap size (-Xmx/-Xms)
#   Decrease number of Java threads
#   Decrease Java thread stack sizes (-Xss)
#   Set larger code cache with -XX:ReservedCodeCacheSize=
#   JVM is running with Unscaled Compressed Oops mode in which the Java heap is
#     placed in the first 4GB address space. The Java Heap base address is the
#     maximum limit for the native heap growth. Please use -XX:HeapBaseMinAddress
#     to set the Java Heap base and to place the Java Heap above 4GB virtual address.
# This output file may be truncated or incomplete.
#
#  Out of Memory Error (arena.cpp:168), pid=13932, tid=3376
#
# JRE version: OpenJDK Runtime Environment Temurin-21.0.10+7 (21.0.10+7) (build 21.0.10+7-LTS)
# Java VM: OpenJDK 64-Bit Server VM Temurin-21.0.10+7 (21.0.10+7-LTS, mixed mode, sharing, tiered, compressed oops, compressed class ptrs, parallel gc, windows-amd64)
# No core dump will be written. Minidumps are not enabled by default on client versions of Windows
#

---------------  S U M M A R Y ------------

Command Line: --add-modules=ALL-SYSTEM --add-opens=java.base/java.util=ALL-UNNAMED --add-opens=java.base/java.lang=ALL-UNNAMED --add-opens=java.base/sun.nio.fs=ALL-UNNAMED -Declipse.application=org.eclipse.jdt.ls.core.id1 -Dosgi.bundles.defaultStartLevel=4 -Declipse.product=org.eclipse.jdt.ls.core.product -Djava.import.generatesMetadataFilesAtProjectRoot=false -DDetectVMInstallationsJob.disabled=true -Dfile.encoding=utf8 -XX:+UseParallelGC -XX:GCTimeRatio=4 -XX:AdaptiveSizePolicyWeight=90 -Dsun.zip.disableMemoryMapping=true -Xmx2G -Xms100m -Xlog:disable -javaagent:c:\Users\jibri\.antigravity\extensions\redhat.java-1.54.0-win32-x64\lombok\lombok-1.18.39-4050.jar -XX:+HeapDumpOnOutOfMemoryError -XX:HeapDumpPath=c:\Users\jibri\AppData\Roaming\Antigravity\User\workspaceStorage\8b75b7c593fc459511d45e689933c160\redhat.java -Daether.dependencyCollector.impl=bf c:\Users\jibri\.antigravity\extensions\redhat.java-1.54.0-win32-x64\server\plugins\org.eclipse.equinox.launcher_1.7.100.v20251111-0406.jar -configuration c:\Users\jibri\AppData\Roaming\Antigravity\User\globalStorage\redhat.java\1.54.0\config_win -data c:\Users\jibri\AppData\Roaming\Antigravity\User\workspaceStorage\8b75b7c593fc459511d45e689933c160\redhat.java\jdt_ws --pipe=\\.\pipe\lsp-bf6740e731bdcd4180e991eccb3d54a4-sock

Host: 13th Gen Intel(R) Core(TM) i5-13500HX, 20 cores, 7G,  Windows 11 , 64 bit Build 26100 (10.0.26100.8246)
Time: Wed May  6 19:15:28 2026 Malay Peninsula Standard Time elapsed time: 8.517711 seconds (0d 0h 0m 8s)

---------------  T H R E A D  ---------------

Current thread (0x000001ba1746e6f0):  JavaThread "C2 CompilerThread0" daemon [_thread_in_native, id=3376, stack(0x0000009f34400000,0x0000009f34500000) (1024K)]


Current CompileTask:
C2:8517 4595       4       org.eclipse.core.runtime.Path::computeSegments (163 bytes)

Stack: [0x0000009f34400000,0x0000009f34500000]
Native frames: (J=compiled Java code, j=interpreted, Vv=VM code, C=native code)
V  [jvm.dll+0x6d7a39]
V  [jvm.dll+0x8b4b26]
V  [jvm.dll+0x8b70de]
V  [jvm.dll+0x8b77c3]
V  [jvm.dll+0x284346]
V  [jvm.dll+0xc66ed]
V  [jvm.dll+0xc6c31]
V  [jvm.dll+0x3bec3b]
V  [jvm.dll+0x38b162]
V  [jvm.dll+0x38a5aa]
V  [jvm.dll+0x24c560]
V  [jvm.dll+0x24bb40]
V  [jvm.dll+0x1cb34e]
V  [jvm.dll+0x25b85d]
V  [jvm.dll+0x259dea]
V  [jvm.dll+0x3f857e]
V  [jvm.dll+0x85f59d]
V  [jvm.dll+0x6d626d]
C  [ucrtbase.dll+0x37b0]
C  [KERNEL32.DLL+0x2e8d7]
C  [ntdll.dll+0x8c3fc]


---------------  P R O C E S S  ---------------

Threads class SMR info:
_java_thread_list=0x000001ba77f94b20, length=27, elements={
0x000001ba14f1a0d0, 0x000001ba174553e0, 0x000001ba1735d560, 0x000001ba1745a670,
0x000001ba1745c740, 0x000001ba1745c0b0, 0x000001ba1745ba20, 0x000001ba1746e6f0,
0x000001ba701eff00, 0x000001ba702b1330, 0x000001ba174592c0, 0x000001ba703db290,
0x000001ba17459950, 0x000001ba17459fe0, 0x000001ba1745ad00, 0x000001ba1745b390,
0x000001ba7730f830, 0x000001ba7730d760, 0x000001ba7730ca40, 0x000001ba7730d0d0,
0x000001ba7730ddf0, 0x000001ba7730e480, 0x000001ba7730eb10, 0x000001ba7730f1a0,
0x000001ba703ddb70, 0x000001ba7730c3b0, 0x000001ba7730fec0
}

Java Threads: ( => current thread )
  0x000001ba14f1a0d0 JavaThread "main"                              [_thread_blocked, id=24848, stack(0x0000009f33a00000,0x0000009f33b00000) (1024K)]
  0x000001ba174553e0 JavaThread "Reference Handler"          daemon [_thread_blocked, id=28824, stack(0x0000009f33e00000,0x0000009f33f00000) (1024K)]
  0x000001ba1735d560 JavaThread "Finalizer"                  daemon [_thread_blocked, id=28020, stack(0x0000009f33f00000,0x0000009f34000000) (1024K)]
  0x000001ba1745a670 JavaThread "Signal Dispatcher"          daemon [_thread_blocked, id=24292, stack(0x0000009f34000000,0x0000009f34100000) (1024K)]
  0x000001ba1745c740 JavaThread "Attach Listener"            daemon [_thread_blocked, id=13588, stack(0x0000009f34100000,0x0000009f34200000) (1024K)]
  0x000001ba1745c0b0 JavaThread "Service Thread"             daemon [_thread_blocked, id=5292, stack(0x0000009f34200000,0x0000009f34300000) (1024K)]
  0x000001ba1745ba20 JavaThread "Monitor Deflation Thread"   daemon [_thread_blocked, id=2572, stack(0x0000009f34300000,0x0000009f34400000) (1024K)]
=>0x000001ba1746e6f0 JavaThread "C2 CompilerThread0"         daemon [_thread_in_native, id=3376, stack(0x0000009f34400000,0x0000009f34500000) (1024K)]
  0x000001ba701eff00 JavaThread "C1 CompilerThread0"         daemon [_thread_blocked, id=5996, stack(0x0000009f34500000,0x0000009f34600000) (1024K)]
  0x000001ba702b1330 JavaThread "C1 CompilerThread1"         daemon [_thread_blocked, id=21596, stack(0x0000009f34600000,0x0000009f34700000) (1024K)]
  0x000001ba174592c0 JavaThread "Common-Cleaner"             daemon [_thread_blocked, id=1716, stack(0x0000009f34800000,0x0000009f34900000) (1024K)]
  0x000001ba703db290 JavaThread "C1 CompilerThread2"         daemon [_thread_in_native, id=11080, stack(0x0000009f34900000,0x0000009f34a00000) (1024K)]
  0x000001ba17459950 JavaThread "Notification Thread"        daemon [_thread_blocked, id=22732, stack(0x0000009f34b00000,0x0000009f34c00000) (1024K)]
  0x000001ba17459fe0 JavaThread "Active Thread: Equinox Container: ee80d0a8-ed81-4e37-be0f-6a056049b916"        [_thread_blocked, id=27960, stack(0x0000009f35300000,0x0000009f35400000) (1024K)]
  0x000001ba1745ad00 JavaThread "Refresh Thread: Equinox Container: ee80d0a8-ed81-4e37-be0f-6a056049b916" daemon [_thread_blocked, id=29184, stack(0x0000009f35500000,0x0000009f35600000) (1024K)]
  0x000001ba1745b390 JavaThread "Framework Event Dispatcher: Equinox Container: ee80d0a8-ed81-4e37-be0f-6a056049b916" daemon [_thread_blocked, id=1692, stack(0x0000009f35600000,0x0000009f35700000) (1024K)]
  0x000001ba7730f830 JavaThread "Start Level: Equinox Container: ee80d0a8-ed81-4e37-be0f-6a056049b916" daemon [_thread_in_vm, id=14260, stack(0x0000009f35700000,0x0000009f35800000) (1024K)]
  0x000001ba7730d760 JavaThread "Bundle File Closer"         daemon [_thread_blocked, id=20440, stack(0x0000009f35b00000,0x0000009f35c00000) (1024K)]
  0x000001ba7730ca40 JavaThread "SCR Component Actor"        daemon [_thread_blocked, id=13416, stack(0x0000009f34700000,0x0000009f34800000) (1024K)]
  0x000001ba7730d0d0 JavaThread "Worker-JM"                         [_thread_blocked, id=28260, stack(0x0000009f34c00000,0x0000009f34d00000) (1024K)]
  0x000001ba7730ddf0 JavaThread "JNA Cleaner"                daemon [_thread_blocked, id=28984, stack(0x0000009f36000000,0x0000009f36100000) (1024K)]
  0x000001ba7730e480 JavaThread "Worker-0: Repository registry initialization"        [_thread_in_vm, id=4376, stack(0x0000009f36100000,0x0000009f36200000) (1024K)]
  0x000001ba7730eb10 JavaThread "Worker-1: Updating Maven Dependencies"        [_thread_in_vm, id=12556, stack(0x0000009f36300000,0x0000009f36400000) (1024K)]
  0x000001ba7730f1a0 JavaThread "Worker-2: Refreshing workspace"        [_thread_in_native, id=18404, stack(0x0000009f36400000,0x0000009f36500000) (1024K)]
  0x000001ba703ddb70 JavaThread "C2 CompilerThread1"         daemon [_thread_in_native, id=26948, stack(0x0000009f34a00000,0x0000009f34b00000) (1024K)]
  0x000001ba7730c3b0 JavaThread "Worker-3"                          [_thread_blocked, id=29188, stack(0x0000009f36500000,0x0000009f36600000) (1024K)]
  0x000001ba7730fec0 JavaThread "Worker-4"                          [_thread_blocked, id=10500, stack(0x0000009f35e00000,0x0000009f35f00000) (1024K)]
Total: 27

Other Threads:
  0x000001ba701e68e0 VMThread "VM Thread"                           [id=29904, stack(0x0000009f33d00000,0x0000009f33e00000) (1024K)]
  0x000001ba1723ba00 WatcherThread "VM Periodic Task Thread"        [id=8684, stack(0x0000009f33c00000,0x0000009f33d00000) (1024K)]
  0x000001ba173ce160 WorkerThread "GC Thread#0"                     [id=25532, stack(0x0000009f33b00000,0x0000009f33c00000) (1024K)]
  0x000001ba72617f20 WorkerThread "GC Thread#1"                     [id=7184, stack(0x0000009f34d00000,0x0000009f34e00000) (1024K)]
  0x000001ba72818210 WorkerThread "GC Thread#2"                     [id=29848, stack(0x0000009f34e00000,0x0000009f34f00000) (1024K)]
  0x000001ba728185c0 WorkerThread "GC Thread#3"                     [id=28116, stack(0x0000009f34f00000,0x0000009f35000000) (1024K)]
  0x000001ba72818970 WorkerThread "GC Thread#4"                     [id=21416, stack(0x0000009f35000000,0x0000009f35100000) (1024K)]
  0x000001ba7265afb0 WorkerThread "GC Thread#5"                     [id=30488, stack(0x0000009f35100000,0x0000009f35200000) (1024K)]
  0x000001ba7265bb80 WorkerThread "GC Thread#6"                     [id=18412, stack(0x0000009f35200000,0x0000009f35300000) (1024K)]
  0x000001ba771bd650 WorkerThread "GC Thread#7"                     [id=14296, stack(0x0000009f35400000,0x0000009f35500000) (1024K)]
  0x000001ba773098b0 WorkerThread "GC Thread#8"                     [id=30452, stack(0x0000009f35800000,0x0000009f35900000) (1024K)]
  0x000001ba7709b700 WorkerThread "GC Thread#9"                     [id=13980, stack(0x0000009f35900000,0x0000009f35a00000) (1024K)]
  0x000001ba7709bab0 WorkerThread "GC Thread#10"                    [id=28888, stack(0x0000009f35a00000,0x0000009f35b00000) (1024K)]
  0x000001ba773458c0 WorkerThread "GC Thread#11"                    [id=29352, stack(0x0000009f35c00000,0x0000009f35d00000) (1024K)]
  0x000001ba772f5ad0 WorkerThread "GC Thread#12"                    [id=8776, stack(0x0000009f35d00000,0x0000009f35e00000) (1024K)]
  0x000001ba772f5e80 WorkerThread "GC Thread#13"                    [id=9088, stack(0x0000009f35f00000,0x0000009f36000000) (1024K)]
  0x000001ba772f4fc0 WorkerThread "GC Thread#14"                    [id=13876, stack(0x0000009f36200000,0x0000009f36300000) (1024K)]
Total: 17

Threads with active compile tasks:
C2 CompilerThread0  8541 4595       4       org.eclipse.core.runtime.Path::computeSegments (163 bytes)
C1 CompilerThread2  8541 4670   !   3       org.eclipse.osgi.internal.loader.BundleLoader::findClass0 (490 bytes)
C2 CompilerThread1  8541 4601       4       org.lombokweb.asm.ClassReader::readMethod (1070 bytes)
Total: 3

VM state: not at safepoint (normal execution)

VM Mutex/Monitor currently owned by a thread: None

Heap address: 0x0000000080000000, size: 2048 MB, Compressed Oops mode: 32-bit

CDS archive(s) mapped at: [0x000001ba2e000000-0x000001ba2eba0000-0x000001ba2eba0000), size 12189696, SharedBaseAddress: 0x000001ba2e000000, ArchiveRelocationMode: 1.
Compressed class space mapped at: 0x000001ba2f000000-0x000001ba6f000000, reserved size: 1073741824
Narrow klass base: 0x000001ba2e000000, Narrow klass shift: 0, Narrow klass range: 0x100000000

GC Precious Log:
 CardTable entry size: 512
 CPUs: 20 total, 20 available
 Memory: 7911M
 Large Page Support: Disabled
 NUMA Support: Disabled
 Compressed Oops: Enabled (32-bit)
 Alignments: Space 512K, Generation 512K, Heap 2M
 Heap Min Capacity: 100M
 Heap Initial Capacity: 100M
 Heap Max Capacity: 2G
 Pre-touch: Disabled
 Parallel Workers: 15

Heap:
 PSYoungGen      total 14336K, used 11815K [0x00000000d5580000, 0x00000000d6780000, 0x0000000100000000)
  eden space 11264K, 98% used [0x00000000d5580000,0x00000000d605cf90,0x00000000d6080000)
  from space 3072K, 22% used [0x00000000d6280000,0x00000000d632cf38,0x00000000d6580000)
  to   space 1536K, 0% used [0x00000000d6600000,0x00000000d6600000,0x00000000d6780000)
 ParOldGen       total 68608K, used 27349K [0x0000000080000000, 0x0000000084300000, 0x00000000d5580000)
  object space 68608K, 39% used [0x0000000080000000,0x0000000081ab55e8,0x0000000084300000)
 Metaspace       used 25881K, committed 26752K, reserved 1114112K
  class space    used 2560K, committed 2944K, reserved 1048576K

Card table byte_map: [0x000001ba16d50000,0x000001ba17160000] _byte_map_base: 0x000001ba16950000

Marking Bits: (ParMarkBitMap*) 0x00007ffcfc4b3450
 Begin Bits: [0x000001ba29860000, 0x000001ba2b860000)
 End Bits:   [0x000001ba2b860000, 0x000001ba2d860000)

Polling page: 0x000001ba15200000

Metaspace:

Usage:
  Non-class:     22.77 MB used.
      Class:      2.50 MB used.
       Both:     25.27 MB used.

Virtual space:
  Non-class space:       64.00 MB reserved,      23.25 MB ( 36%) committed,  1 nodes.
      Class space:        1.00 GB reserved,       2.88 MB ( <1%) committed,  1 nodes.
             Both:        1.06 GB reserved,      26.12 MB (  2%) committed. 

Chunk freelists:
   Non-Class:  8.44 MB
       Class:  13.02 MB
        Both:  21.46 MB

MaxMetaspaceSize: unlimited
CompressedClassSpaceSize: 1.00 GB
Initial GC threshold: 21.00 MB
Current GC threshold: 35.00 MB
CDS: on
 - commit_granule_bytes: 65536.
 - commit_granule_words: 8192.
 - virtual_space_node_default_size: 8388608.
 - enlarge_chunks_in_place: 1.
 - use_allocation_guard: 0.


Internal statistics:

num_allocs_failed_limit: 3.
num_arena_births: 694.
num_arena_deaths: 14.
num_vsnodes_births: 2.
num_vsnodes_deaths: 0.
num_space_committed: 418.
num_space_uncommitted: 0.
num_chunks_returned_to_freelist: 17.
num_chunks_taken_from_freelist: 1748.
num_chunk_merges: 9.
num_chunk_splits: 1103.
num_chunks_enlarged: 680.
num_inconsistent_stats: 0.

CodeHeap 'non-profiled nmethods': size=119168Kb used=2092Kb max_used=2092Kb free=117075Kb
 bounds [0x000001ba22150000, 0x000001ba223c0000, 0x000001ba295b0000]
CodeHeap 'profiled nmethods': size=119104Kb used=10118Kb max_used=10118Kb free=108985Kb
 bounds [0x000001ba1a5b0000, 0x000001ba1afa0000, 0x000001ba21a00000]
CodeHeap 'non-nmethods': size=7488Kb used=2450Kb max_used=3023Kb free=5037Kb
 bounds [0x000001ba21a00000, 0x000001ba21d00000, 0x000001ba22150000]
CodeCache: size=245760Kb, used=14660Kb, max_used=15233Kb, free=231097Kb
 total_blobs=5276, nmethods=4663, adapters=517, full_count=0
Compilation: enabled, stopped_count=0, restarted_count=0

Compilation events (20 events):
Event: 6.513 Thread 0x000001ba702b1330 4612       1       java.util.concurrent.atomic.AtomicReference::set (6 bytes)
Event: 6.513 Thread 0x000001ba702b1330 nmethod 4612 0x000001ba22356f90 code [0x000001ba22357120, 0x000001ba22357208]
Event: 6.517 Thread 0x000001ba702b1330 4613       3       org.eclipse.core.internal.localstore.UnifiedTree::isValidLevel (72 bytes)
Event: 6.518 Thread 0x000001ba702b1330 nmethod 4613 0x000001ba1af6b890 code [0x000001ba1af6ba40, 0x000001ba1af6bd08]
Event: 6.521 Thread 0x000001ba702b1330 4614       3       java.util.HashSet::<init> (29 bytes)
Event: 6.521 Thread 0x000001ba703db290 4615       3       org.eclipse.core.internal.filesystem.local.LocalFile::hashCode (25 bytes)
Event: 6.521 Thread 0x000001ba703db290 nmethod 4615 0x000001ba1af6bd90 code [0x000001ba1af6bf60, 0x000001ba1af6c1f8]
Event: 6.521 Thread 0x000001ba702b1330 nmethod 4614 0x000001ba1af6c390 code [0x000001ba1af6c580, 0x000001ba1af6ca28]
Event: 6.521 Thread 0x000001ba702b1330 4616       3       org.eclipse.core.internal.registry.ConfigurationElement::getAttribute (6 bytes)
Event: 6.521 Thread 0x000001ba703db290 4617       3       org.eclipse.core.internal.registry.ConfigurationElement::getAttributeAsIs (62 bytes)
Event: 6.521 Thread 0x000001ba702b1330 nmethod 4616 0x000001ba1af6cc10 code [0x000001ba1af6cdc0, 0x000001ba1af6cf00]
Event: 6.521 Thread 0x000001ba703db290 nmethod 4617 0x000001ba1af6cf90 code [0x000001ba1af6d180, 0x000001ba1af6d500]
Event: 6.525 Thread 0x000001ba703db290 4619       3       java.util.regex.Pattern::escape (1306 bytes)
Event: 6.525 Thread 0x000001ba702b1330 4620  s    3       org.eclipse.core.internal.watson.ElementTree::getChildren (10 bytes)
Event: 6.525 Thread 0x000001ba703dc030 4621   !   3       org.eclipse.core.internal.watson.ElementTree::getChildIDs (65 bytes)
Event: 6.525 Thread 0x000001ba702b1330 nmethod 4620 0x000001ba1af6d710 code [0x000001ba1af6d900, 0x000001ba1af6dd58]
Event: 6.525 Thread 0x000001ba703dc030 nmethod 4621 0x000001ba1af6df90 code [0x000001ba1af6e1e0, 0x000001ba1af6ea78]
Event: 6.526 Thread 0x000001ba702b1330 4622       3       java.util.regex.Pattern::skip (23 bytes)
Event: 6.526 Thread 0x000001ba701eff00 4623   !   3       org.eclipse.core.internal.resources.Container::getChildren (154 bytes)
Event: 6.526 Thread 0x000001ba702b1330 nmethod 4622 0x000001ba1af6ee10 code [0x000001ba1af6efc0, 0x000001ba1af6f108]

GC Heap History (20 events):
Event: 4.038 GC heap before
{Heap before GC invocations=5 (full 0):
 PSYoungGen      total 29696K, used 29680K [0x00000000d5580000, 0x00000000d7680000, 0x0000000100000000)
  eden space 25600K, 100% used [0x00000000d5580000,0x00000000d6e80000,0x00000000d6e80000)
  from space 4096K, 99% used [0x00000000d7280000,0x00000000d767c040,0x00000000d7680000)
  to   space 4096K, 0% used [0x00000000d6e80000,0x00000000d6e80000,0x00000000d7280000)
 ParOldGen       total 68608K, used 6731K [0x0000000080000000, 0x0000000084300000, 0x00000000d5580000)
  object space 68608K, 9% used [0x0000000080000000,0x0000000080692c60,0x0000000084300000)
 Metaspace       used 15196K, committed 15808K, reserved 1114112K
  class space    used 1563K, committed 1792K, reserved 1048576K
}
Event: 4.044 GC heap after
{Heap after GC invocations=5 (full 0):
 PSYoungGen      total 29184K, used 4093K [0x00000000d5580000, 0x00000000d7a00000, 0x0000000100000000)
  eden space 25088K, 0% used [0x00000000d5580000,0x00000000d5580000,0x00000000d6e00000)
  from space 4096K, 99% used [0x00000000d6e80000,0x00000000d727f748,0x00000000d7280000)
  to   space 6144K, 0% used [0x00000000d7400000,0x00000000d7400000,0x00000000d7a00000)
 ParOldGen       total 68608K, used 7751K [0x0000000080000000, 0x0000000084300000, 0x00000000d5580000)
  object space 68608K, 11% used [0x0000000080000000,0x0000000080791c58,0x0000000084300000)
 Metaspace       used 15196K, committed 15808K, reserved 1114112K
  class space    used 1563K, committed 1792K, reserved 1048576K
}
Event: 4.213 GC heap before
{Heap before GC invocations=6 (full 0):
 PSYoungGen      total 29184K, used 29181K [0x00000000d5580000, 0x00000000d7a00000, 0x0000000100000000)
  eden space 25088K, 100% used [0x00000000d5580000,0x00000000d6e00000,0x00000000d6e00000)
  from space 4096K, 99% used [0x00000000d6e80000,0x00000000d727f748,0x00000000d7280000)
  to   space 6144K, 0% used [0x00000000d7400000,0x00000000d7400000,0x00000000d7a00000)
 ParOldGen       total 68608K, used 7751K [0x0000000080000000, 0x0000000084300000, 0x00000000d5580000)
  object space 68608K, 11% used [0x0000000080000000,0x0000000080791c58,0x0000000084300000)
 Metaspace       used 15837K, committed 16448K, reserved 1114112K
  class space    used 1628K, committed 1920K, reserved 1048576K
}
Event: 5.225 GC heap after
{Heap after GC invocations=6 (full 0):
 PSYoungGen      total 17408K, used 6115K [0x00000000d5580000, 0x00000000d9480000, 0x0000000100000000)
  eden space 11264K, 0% used [0x00000000d5580000,0x00000000d5580000,0x00000000d6080000)
  from space 6144K, 99% used [0x00000000d7400000,0x00000000d79f8fb0,0x00000000d7a00000)
  to   space 19968K, 0% used [0x00000000d6080000,0x00000000d6080000,0x00000000d7400000)
 ParOldGen       total 68608K, used 19139K [0x0000000080000000, 0x0000000084300000, 0x00000000d5580000)
  object space 68608K, 27% used [0x0000000080000000,0x00000000812b0c88,0x0000000084300000)
 Metaspace       used 15837K, committed 16448K, reserved 1114112K
  class space    used 1628K, committed 1920K, reserved 1048576K
}
Event: 5.583 GC heap before
{Heap before GC invocations=7 (full 0):
 PSYoungGen      total 17408K, used 17379K [0x00000000d5580000, 0x00000000d9480000, 0x0000000100000000)
  eden space 11264K, 100% used [0x00000000d5580000,0x00000000d6080000,0x00000000d6080000)
  from space 6144K, 99% used [0x00000000d7400000,0x00000000d79f8fb0,0x00000000d7a00000)
  to   space 19968K, 0% used [0x00000000d6080000,0x00000000d6080000,0x00000000d7400000)
 ParOldGen       total 68608K, used 19139K [0x0000000080000000, 0x0000000084300000, 0x00000000d5580000)
  object space 68608K, 27% used [0x0000000080000000,0x00000000812b0c88,0x0000000084300000)
 Metaspace       used 17477K, committed 18176K, reserved 1114112K
  class space    used 1799K, committed 2112K, reserved 1048576K
}
Event: 5.589 GC heap after
{Heap after GC invocations=7 (full 0):
 PSYoungGen      total 16896K, used 5302K [0x00000000d5580000, 0x00000000d7480000, 0x0000000100000000)
  eden space 11264K, 0% used [0x00000000d5580000,0x00000000d5580000,0x00000000d6080000)
  from space 5632K, 94% used [0x00000000d6080000,0x00000000d65ad878,0x00000000d6600000)
  to   space 9728K, 0% used [0x00000000d6b00000,0x00000000d6b00000,0x00000000d7480000)
 ParOldGen       total 68608K, used 20699K [0x0000000080000000, 0x0000000084300000, 0x00000000d5580000)
  object space 68608K, 30% used [0x0000000080000000,0x0000000081436f80,0x0000000084300000)
 Metaspace       used 17477K, committed 18176K, reserved 1114112K
  class space    used 1799K, committed 2112K, reserved 1048576K
}
Event: 5.853 GC heap before
{Heap before GC invocations=8 (full 0):
 PSYoungGen      total 16896K, used 16566K [0x00000000d5580000, 0x00000000d7480000, 0x0000000100000000)
  eden space 11264K, 100% used [0x00000000d5580000,0x00000000d6080000,0x00000000d6080000)
  from space 5632K, 94% used [0x00000000d6080000,0x00000000d65ad878,0x00000000d6600000)
  to   space 9728K, 0% used [0x00000000d6b00000,0x00000000d6b00000,0x00000000d7480000)
 ParOldGen       total 68608K, used 20699K [0x0000000080000000, 0x0000000084300000, 0x00000000d5580000)
  object space 68608K, 30% used [0x0000000080000000,0x0000000081436f80,0x0000000084300000)
 Metaspace       used 18733K, committed 19456K, reserved 1114112K
  class space    used 1935K, committed 2240K, reserved 1048576K
}
Event: 5.858 GC heap after
{Heap after GC invocations=8 (full 0):
 PSYoungGen      total 15872K, used 4172K [0x00000000d5580000, 0x00000000d6f80000, 0x0000000100000000)
  eden space 11264K, 0% used [0x00000000d5580000,0x00000000d5580000,0x00000000d6080000)
  from space 4608K, 90% used [0x00000000d6b00000,0x00000000d6f13010,0x00000000d6f80000)
  to   space 5632K, 0% used [0x00000000d6480000,0x00000000d6480000,0x00000000d6a00000)
 ParOldGen       total 68608K, used 22296K [0x0000000080000000, 0x0000000084300000, 0x00000000d5580000)
  object space 68608K, 32% used [0x0000000080000000,0x00000000815c6398,0x0000000084300000)
 Metaspace       used 18733K, committed 19456K, reserved 1114112K
  class space    used 1935K, committed 2240K, reserved 1048576K
}
Event: 6.023 GC heap before
{Heap before GC invocations=9 (full 0):
 PSYoungGen      total 15872K, used 15436K [0x00000000d5580000, 0x00000000d6f80000, 0x0000000100000000)
  eden space 11264K, 100% used [0x00000000d5580000,0x00000000d6080000,0x00000000d6080000)
  from space 4608K, 90% used [0x00000000d6b00000,0x00000000d6f13010,0x00000000d6f80000)
  to   space 5632K, 0% used [0x00000000d6480000,0x00000000d6480000,0x00000000d6a00000)
 ParOldGen       total 68608K, used 22296K [0x0000000080000000, 0x0000000084300000, 0x00000000d5580000)
  object space 68608K, 32% used [0x0000000080000000,0x00000000815c6398,0x0000000084300000)
 Metaspace       used 19499K, committed 20288K, reserved 1114112K
  class space    used 2019K, committed 2368K, reserved 1048576K
}
Event: 6.027 GC heap after
{Heap after GC invocations=9 (full 0):
 PSYoungGen      total 13824K, used 2335K [0x00000000d5580000, 0x00000000d6b80000, 0x0000000100000000)
  eden space 11264K, 0% used [0x00000000d5580000,0x00000000d5580000,0x00000000d6080000)
  from space 2560K, 91% used [0x00000000d6480000,0x00000000d66c7ec8,0x00000000d6700000)
  to   space 3584K, 0% used [0x00000000d6800000,0x00000000d6800000,0x00000000d6b80000)
 ParOldGen       total 68608K, used 25277K [0x0000000080000000, 0x0000000084300000, 0x00000000d5580000)
  object space 68608K, 36% used [0x0000000080000000,0x00000000818af788,0x0000000084300000)
 Metaspace       used 19499K, committed 20288K, reserved 1114112K
  class space    used 2019K, committed 2368K, reserved 1048576K
}
Event: 6.167 GC heap before
{Heap before GC invocations=10 (full 0):
 PSYoungGen      total 13824K, used 12187K [0x00000000d5580000, 0x00000000d6b80000, 0x0000000100000000)
  eden space 11264K, 87% used [0x00000000d5580000,0x00000000d5f1edb8,0x00000000d6080000)
  from space 2560K, 91% used [0x00000000d6480000,0x00000000d66c7ec8,0x00000000d6700000)
  to   space 3584K, 0% used [0x00000000d6800000,0x00000000d6800000,0x00000000d6b80000)
 ParOldGen       total 68608K, used 25277K [0x0000000080000000, 0x0000000084300000, 0x00000000d5580000)
  object space 68608K, 36% used [0x0000000080000000,0x00000000818af788,0x0000000084300000)
 Metaspace       used 20726K, committed 21504K, reserved 1114112K
  class space    used 2168K, committed 2560K, reserved 1048576K
}
Event: 6.169 GC heap after
{Heap after GC invocations=10 (full 0):
 PSYoungGen      total 13312K, used 1693K [0x00000000d5580000, 0x00000000d6a00000, 0x0000000100000000)
  eden space 11264K, 0% used [0x00000000d5580000,0x00000000d5580000,0x00000000d6080000)
  from space 2048K, 82% used [0x00000000d6800000,0x00000000d69a76e8,0x00000000d6a00000)
  to   space 2560K, 0% used [0x00000000d6500000,0x00000000d6500000,0x00000000d6780000)
 ParOldGen       total 68608K, used 26222K [0x0000000080000000, 0x0000000084300000, 0x00000000d5580000)
  object space 68608K, 38% used [0x0000000080000000,0x000000008199b8b8,0x0000000084300000)
 Metaspace       used 20726K, committed 21504K, reserved 1114112K
  class space    used 2168K, committed 2560K, reserved 1048576K
}
Event: 6.169 GC heap before
{Heap before GC invocations=11 (full 1):
 PSYoungGen      total 13312K, used 1693K [0x00000000d5580000, 0x00000000d6a00000, 0x0000000100000000)
  eden space 11264K, 0% used [0x00000000d5580000,0x00000000d5580000,0x00000000d6080000)
  from space 2048K, 82% used [0x00000000d6800000,0x00000000d69a76e8,0x00000000d6a00000)
  to   space 2560K, 0% used [0x00000000d6500000,0x00000000d6500000,0x00000000d6780000)
 ParOldGen       total 68608K, used 26222K [0x0000000080000000, 0x0000000084300000, 0x00000000d5580000)
  object space 68608K, 38% used [0x0000000080000000,0x000000008199b8b8,0x0000000084300000)
 Metaspace       used 20726K, committed 21504K, reserved 1114112K
  class space    used 2168K, committed 2560K, reserved 1048576K
}
Event: 6.202 GC heap after
{Heap after GC invocations=11 (full 1):
 PSYoungGen      total 13312K, used 0K [0x00000000d5580000, 0x00000000d6a00000, 0x0000000100000000)
  eden space 11264K, 0% used [0x00000000d5580000,0x00000000d5580000,0x00000000d6080000)
  from space 2048K, 0% used [0x00000000d6800000,0x00000000d6800000,0x00000000d6a00000)
  to   space 2560K, 0% used [0x00000000d6500000,0x00000000d6500000,0x00000000d6780000)
 ParOldGen       total 68608K, used 26123K [0x0000000080000000, 0x0000000084300000, 0x00000000d5580000)
  object space 68608K, 38% used [0x0000000080000000,0x0000000081982d40,0x0000000084300000)
 Metaspace       used 20713K, committed 21504K, reserved 1114112K
  class space    used 2165K, committed 2560K, reserved 1048576K
}
Event: 6.322 GC heap before
{Heap before GC invocations=12 (full 1):
 PSYoungGen      total 13312K, used 11056K [0x00000000d5580000, 0x00000000d6a00000, 0x0000000100000000)
  eden space 11264K, 98% used [0x00000000d5580000,0x00000000d604c1e8,0x00000000d6080000)
  from space 2048K, 0% used [0x00000000d6800000,0x00000000d6800000,0x00000000d6a00000)
  to   space 2560K, 0% used [0x00000000d6500000,0x00000000d6500000,0x00000000d6780000)
 ParOldGen       total 68608K, used 26123K [0x0000000080000000, 0x0000000084300000, 0x00000000d5580000)
  object space 68608K, 38% used [0x0000000080000000,0x0000000081982d40,0x0000000084300000)
 Metaspace       used 22250K, committed 23168K, reserved 1114112K
  class space    used 2296K, committed 2688K, reserved 1048576K
}
Event: 6.323 GC heap after
{Heap after GC invocations=12 (full 1):
 PSYoungGen      total 12288K, used 802K [0x00000000d5580000, 0x00000000d6880000, 0x0000000100000000)
  eden space 11264K, 0% used [0x00000000d5580000,0x00000000d5580000,0x00000000d6080000)
  from space 1024K, 78% used [0x00000000d6500000,0x00000000d65c8b30,0x00000000d6600000)
  to   space 1536K, 0% used [0x00000000d6700000,0x00000000d6700000,0x00000000d6880000)
 ParOldGen       total 68608K, used 26131K [0x0000000080000000, 0x0000000084300000, 0x00000000d5580000)
  object space 68608K, 38% used [0x0000000080000000,0x0000000081984d40,0x0000000084300000)
 Metaspace       used 22250K, committed 23168K, reserved 1114112K
  class space    used 2296K, committed 2688K, reserved 1048576K
}
Event: 6.344 GC heap before
{Heap before GC invocations=13 (full 1):
 PSYoungGen      total 12288K, used 11964K [0x00000000d5580000, 0x00000000d6880000, 0x0000000100000000)
  eden space 11264K, 99% used [0x00000000d5580000,0x00000000d60666e0,0x00000000d6080000)
  from space 1024K, 78% used [0x00000000d6500000,0x00000000d65c8b30,0x00000000d6600000)
  to   space 1536K, 0% used [0x00000000d6700000,0x00000000d6700000,0x00000000d6880000)
 ParOldGen       total 68608K, used 26131K [0x0000000080000000, 0x0000000084300000, 0x00000000d5580000)
  object space 68608K, 38% used [0x0000000080000000,0x0000000081984d40,0x0000000084300000)
 Metaspace       used 22310K, committed 23168K, reserved 1114112K
  class space    used 2296K, committed 2688K, reserved 1048576K
}
Event: 6.345 GC heap after
{Heap after GC invocations=13 (full 1):
 PSYoungGen      total 12800K, used 1514K [0x00000000d5580000, 0x00000000d6880000, 0x0000000100000000)
  eden space 11264K, 0% used [0x00000000d5580000,0x00000000d5580000,0x00000000d6080000)
  from space 1536K, 98% used [0x00000000d6700000,0x00000000d687a890,0x00000000d6880000)
  to   space 3072K, 0% used [0x00000000d6280000,0x00000000d6280000,0x00000000d6580000)
 ParOldGen       total 68608K, used 27189K [0x0000000080000000, 0x0000000084300000, 0x00000000d5580000)
  object space 68608K, 39% used [0x0000000080000000,0x0000000081a8d5e8,0x0000000084300000)
 Metaspace       used 22310K, committed 23168K, reserved 1114112K
  class space    used 2296K, committed 2688K, reserved 1048576K
}
Event: 6.451 GC heap before
{Heap before GC invocations=14 (full 1):
 PSYoungGen      total 12800K, used 12778K [0x00000000d5580000, 0x00000000d6880000, 0x0000000100000000)
  eden space 11264K, 100% used [0x00000000d5580000,0x00000000d6080000,0x00000000d6080000)
  from space 1536K, 98% used [0x00000000d6700000,0x00000000d687a890,0x00000000d6880000)
  to   space 3072K, 0% used [0x00000000d6280000,0x00000000d6280000,0x00000000d6580000)
 ParOldGen       total 68608K, used 27189K [0x0000000080000000, 0x0000000084300000, 0x00000000d5580000)
  object space 68608K, 39% used [0x0000000080000000,0x0000000081a8d5e8,0x0000000084300000)
 Metaspace       used 24376K, committed 25216K, reserved 1114112K
  class space    used 2409K, committed 2816K, reserved 1048576K
}
Event: 6.452 GC heap after
{Heap after GC invocations=14 (full 1):
 PSYoungGen      total 14336K, used 691K [0x00000000d5580000, 0x00000000d6780000, 0x0000000100000000)
  eden space 11264K, 0% used [0x00000000d5580000,0x00000000d5580000,0x00000000d6080000)
  from space 3072K, 22% used [0x00000000d6280000,0x00000000d632cf38,0x00000000d6580000)
  to   space 1536K, 0% used [0x00000000d6600000,0x00000000d6600000,0x00000000d6780000)
 ParOldGen       total 68608K, used 27349K [0x0000000080000000, 0x0000000084300000, 0x00000000d5580000)
  object space 68608K, 39% used [0x0000000080000000,0x0000000081ab55e8,0x0000000084300000)
 Metaspace       used 24376K, committed 25216K, reserved 1114112K
  class space    used 2409K, committed 2816K, reserved 1048576K
}

Dll operation events (10 events):
Event: 0.010 Loaded shared library c:\Users\jibri\.antigravity\extensions\redhat.java-1.54.0-win32-x64\jre\21.0.10-win32-x86_64\bin\java.dll
Event: 0.056 Loaded shared library c:\Users\jibri\.antigravity\extensions\redhat.java-1.54.0-win32-x64\jre\21.0.10-win32-x86_64\bin\zip.dll
Event: 0.069 Loaded shared library C:\Users\jibri\.antigravity\extensions\redhat.java-1.54.0-win32-x64\jre\21.0.10-win32-x86_64\bin\instrument.dll
Event: 0.073 Loaded shared library C:\Users\jibri\.antigravity\extensions\redhat.java-1.54.0-win32-x64\jre\21.0.10-win32-x86_64\bin\net.dll
Event: 0.075 Loaded shared library C:\Users\jibri\.antigravity\extensions\redhat.java-1.54.0-win32-x64\jre\21.0.10-win32-x86_64\bin\nio.dll
Event: 0.078 Loaded shared library C:\Users\jibri\.antigravity\extensions\redhat.java-1.54.0-win32-x64\jre\21.0.10-win32-x86_64\bin\zip.dll
Event: 0.090 Loaded shared library C:\Users\jibri\.antigravity\extensions\redhat.java-1.54.0-win32-x64\jre\21.0.10-win32-x86_64\bin\jimage.dll
Event: 0.174 Loaded shared library c:\Users\jibri\.antigravity\extensions\redhat.java-1.54.0-win32-x64\jre\21.0.10-win32-x86_64\bin\verify.dll
Event: 1.038 Loaded shared library C:\Users\jibri\AppData\Roaming\Antigravity\User\globalStorage\redhat.java\1.54.0\config_win\org.eclipse.equinox.launcher\org.eclipse.equinox.launcher.win32.win32.x86_64_1.3.0.v20260203-2149\eclipse_11919.dll
Event: 5.429 Loaded shared library C:\Users\jibri\AppData\Local\Temp\jna-101119098\jna16391952037423881129.dll

Deoptimization events (20 events):
Event: 6.072 Thread 0x000001ba7730f830 Uncommon trap: trap_request=0xffffff45 fr.pc=0x000001ba221a6cf4 relative=0x0000000000000414
Event: 6.072 Thread 0x000001ba7730f830 Uncommon trap: reason=unstable_if action=reinterpret pc=0x000001ba221a6cf4 method=java.lang.AbstractStringBuilder.isLatin1()Z @ 10 c2
Event: 6.072 Thread 0x000001ba7730f830 DEOPT PACKING pc=0x000001ba221a6cf4 sp=0x0000009f357f3220
Event: 6.072 Thread 0x000001ba7730f830 DEOPT UNPACKING pc=0x000001ba21a53aa2 sp=0x0000009f357f31b0 mode 2
Event: 6.072 Thread 0x000001ba7730f830 Uncommon trap: trap_request=0xffffff45 fr.pc=0x000001ba2218f10c relative=0x000000000000006c
Event: 6.072 Thread 0x000001ba7730f830 Uncommon trap: reason=unstable_if action=reinterpret pc=0x000001ba2218f10c method=java.lang.AbstractStringBuilder.isLatin1()Z @ 10 c2
Event: 6.072 Thread 0x000001ba7730f830 DEOPT PACKING pc=0x000001ba2218f10c sp=0x0000009f357f3220
Event: 6.072 Thread 0x000001ba7730f830 DEOPT UNPACKING pc=0x000001ba21a53aa2 sp=0x0000009f357f31b0 mode 2
Event: 6.072 Thread 0x000001ba7730f830 Uncommon trap: trap_request=0xffffff45 fr.pc=0x000001ba2224bde8 relative=0x0000000000000048
Event: 6.072 Thread 0x000001ba7730f830 Uncommon trap: reason=unstable_if action=reinterpret pc=0x000001ba2224bde8 method=java.lang.StringLatin1.canEncode(C)Z @ 4 c2
Event: 6.072 Thread 0x000001ba7730f830 DEOPT PACKING pc=0x000001ba2224bde8 sp=0x0000009f357f31c0
Event: 6.072 Thread 0x000001ba7730f830 DEOPT UNPACKING pc=0x000001ba21a53aa2 sp=0x0000009f357f3148 mode 2
Event: 6.260 Thread 0x000001ba7730f830 Uncommon trap: trap_request=0xffffff45 fr.pc=0x000001ba222a7204 relative=0x0000000000001024
Event: 6.260 Thread 0x000001ba7730f830 Uncommon trap: reason=unstable_if action=reinterpret pc=0x000001ba222a7204 method=jdk.internal.org.objectweb.asm.Frame.execute(IILjdk/internal/org/objectweb/asm/Symbol;Ljdk/internal/org/objectweb/asm/SymbolTable;)V @ 1 c2
Event: 6.260 Thread 0x000001ba7730f830 DEOPT PACKING pc=0x000001ba222a7204 sp=0x0000009f357f82f0
Event: 6.260 Thread 0x000001ba7730f830 DEOPT UNPACKING pc=0x000001ba21a53aa2 sp=0x0000009f357f8278 mode 2
Event: 6.326 Thread 0x000001ba7730f830 Uncommon trap: trap_request=0xffffff45 fr.pc=0x000001ba2233cda0 relative=0x00000000000008a0
Event: 6.326 Thread 0x000001ba7730f830 Uncommon trap: reason=unstable_if action=reinterpret pc=0x000001ba2233cda0 method=org.lombokweb.asm.ClassReader.readUTF8(I[C)Ljava/lang/String; @ 11 c2
Event: 6.326 Thread 0x000001ba7730f830 DEOPT PACKING pc=0x000001ba2233cda0 sp=0x0000009f357efa20
Event: 6.326 Thread 0x000001ba7730f830 DEOPT UNPACKING pc=0x000001ba21a53aa2 sp=0x0000009f357efa28 mode 2

Classes loaded (20 events):
Event: 6.293 Loading class java/io/StringReader
Event: 6.293 Loading class java/io/StringReader done
Event: 6.295 Loading class java/util/zip/GZIPInputStream
Event: 6.295 Loading class java/util/zip/GZIPInputStream done
Event: 6.298 Loading class java/net/SocketTimeoutException
Event: 6.298 Loading class java/io/InterruptedIOException
Event: 6.298 Loading class java/io/InterruptedIOException done
Event: 6.298 Loading class java/net/SocketTimeoutException done
Event: 6.298 Loading class java/net/SocketException
Event: 6.299 Loading class java/net/SocketException done
Event: 6.299 Loading class java/net/UnknownHostException
Event: 6.299 Loading class java/net/UnknownHostException done
Event: 6.299 Loading class java/net/ProtocolException
Event: 6.299 Loading class java/net/ProtocolException done
Event: 6.315 Loading class java/lang/ThreadLocal$SuppliedThreadLocal
Event: 6.315 Loading class java/lang/ThreadLocal$SuppliedThreadLocal done
Event: 6.319 Loading class java/io/FileWriter
Event: 6.319 Loading class java/io/FileWriter done
Event: 6.353 Loading class java/lang/NegativeArraySizeException
Event: 6.353 Loading class java/lang/NegativeArraySizeException done

Classes unloaded (7 events):
Event: 6.176 Thread 0x000001ba701e68e0 Unloading class 0x000001ba2f1ad400 'java/lang/invoke/LambdaForm$MH+0x000001ba2f1ad400'
Event: 6.176 Thread 0x000001ba701e68e0 Unloading class 0x000001ba2f1ad000 'java/lang/invoke/LambdaForm$MH+0x000001ba2f1ad000'
Event: 6.176 Thread 0x000001ba701e68e0 Unloading class 0x000001ba2f1acc00 'java/lang/invoke/LambdaForm$MH+0x000001ba2f1acc00'
Event: 6.176 Thread 0x000001ba701e68e0 Unloading class 0x000001ba2f1ac800 'java/lang/invoke/LambdaForm$MH+0x000001ba2f1ac800'
Event: 6.176 Thread 0x000001ba701e68e0 Unloading class 0x000001ba2f1ac400 'java/lang/invoke/LambdaForm$BMH+0x000001ba2f1ac400'
Event: 6.176 Thread 0x000001ba701e68e0 Unloading class 0x000001ba2f1ac000 'java/lang/invoke/LambdaForm$DMH+0x000001ba2f1ac000'
Event: 6.176 Thread 0x000001ba701e68e0 Unloading class 0x000001ba2f1aac00 'java/lang/invoke/LambdaForm$DMH+0x000001ba2f1aac00'

Classes redefined (0 events):
No events

Internal exceptions (20 events):
Event: 5.461 Thread 0x000001ba7730f830 Exception <a 'java/lang/NoSuchMethodError'{0x00000000d5d70b08}: 'void java.lang.invoke.Invokers$Holder.invokeExact_MT(java.lang.Object, java.lang.Object, int, java.lang.Object)'> (0x00000000d5d70b08) 
thrown [s\src\hotspot\share\interpreter\linkResolver.cpp, line 773]
Event: 5.567 Thread 0x000001ba7730f830 Exception <a 'java/lang/NoSuchMethodError'{0x00000000d5f95098}: 'java.lang.Object java.lang.invoke.DirectMethodHandle$Holder.invokeSpecial(java.lang.Object, java.lang.Object, java.lang.Object, long, java.lang.Object)'> (0x00000000d5f95098) 
thrown [s\src\hotspot\share\interpreter\linkResolver.cpp, line 773]
Event: 5.568 Thread 0x000001ba7730f830 Exception <a 'java/lang/NoSuchMethodError'{0x00000000d5f9c8e0}: 'java.lang.Object java.lang.invoke.DirectMethodHandle$Holder.newInvokeSpecial(java.lang.Object, java.lang.Object, java.lang.Object, long)'> (0x00000000d5f9c8e0) 
thrown [s\src\hotspot\share\interpreter\linkResolver.cpp, line 773]
Event: 5.568 Thread 0x000001ba7730f830 Exception <a 'java/lang/NoSuchMethodError'{0x00000000d5fa0c90}: 'java.lang.Object java.lang.invoke.DirectMethodHandle$Holder.invokeSpecial(java.lang.Object, java.lang.Object, java.lang.Object, java.lang.Object, long)'> (0x00000000d5fa0c90) 
thrown [s\src\hotspot\share\interpreter\linkResolver.cpp, line 773]
Event: 5.568 Thread 0x000001ba7730f830 Exception <a 'java/lang/NoSuchMethodError'{0x00000000d5fa48b0}: 'java.lang.Object java.lang.invoke.Invokers$Holder.linkToTargetMethod(java.lang.Object, java.lang.Object, long, java.lang.Object)'> (0x00000000d5fa48b0) 
thrown [s\src\hotspot\share\interpreter\linkResolver.cpp, line 773]
Event: 5.576 Thread 0x000001ba7730f830 Exception <a 'java/lang/NoSuchMethodError'{0x00000000d600deb0}: 'int java.lang.invoke.DirectMethodHandle$Holder.invokeStaticInit(java.lang.Object, java.lang.Object, java.lang.Object)'> (0x00000000d600deb0) 
thrown [s\src\hotspot\share\interpreter\linkResolver.cpp, line 773]
Event: 5.593 Thread 0x000001ba7730f830 Exception <a 'java/lang/IncompatibleClassChangeError'{0x00000000d55c3520}: Found class java.lang.Object, but interface was expected> (0x00000000d55c3520) 
thrown [s\src\hotspot\share\interpreter\linkResolver.cpp, line 840]
Event: 5.707 Thread 0x000001ba7730f830 Exception <a 'java/lang/NoSuchMethodError'{0x00000000d568d080}: 'java.lang.Object java.lang.invoke.DirectMethodHandle$Holder.invokeSpecial(java.lang.Object, java.lang.Object, java.lang.Object, int, java.lang.Object, java.lang.Object)'> (0x00000000d568d080) 
thrown [s\src\hotspot\share\interpreter\linkResolver.cpp, line 773]
Event: 5.707 Thread 0x000001ba7730f830 Exception <a 'java/lang/NoSuchMethodError'{0x00000000d56949f0}: 'java.lang.Object java.lang.invoke.DirectMethodHandle$Holder.newInvokeSpecial(java.lang.Object, java.lang.Object, java.lang.Object, int, java.lang.Object)'> (0x00000000d56949f0) 
thrown [s\src\hotspot\share\interpreter\linkResolver.cpp, line 773]
Event: 5.708 Thread 0x000001ba7730f830 Exception <a 'java/lang/NoSuchMethodError'{0x00000000d56988f0}: 'java.lang.Object java.lang.invoke.DirectMethodHandle$Holder.invokeSpecial(java.lang.Object, java.lang.Object, java.lang.Object, java.lang.Object, int, java.lang.Object)'> (0x00000000d56988f0) 
thrown [s\src\hotspot\share\interpreter\linkResolver.cpp, line 773]
Event: 5.708 Thread 0x000001ba7730f830 Exception <a 'java/lang/NoSuchMethodError'{0x00000000d569c420}: 'java.lang.Object java.lang.invoke.Invokers$Holder.linkToTargetMethod(java.lang.Object, java.lang.Object, int, java.lang.Object, java.lang.Object)'> (0x00000000d569c420) 
thrown [s\src\hotspot\share\interpreter\linkResolver.cpp, line 773]
Event: 5.708 Thread 0x000001ba7730e480 Exception <a 'java/lang/NoSuchMethodError'{0x00000000d56b93b8}: 'java.lang.Object java.lang.invoke.DirectMethodHandle$Holder.invokeSpecial(java.lang.Object, java.lang.Object, int, java.lang.Object, java.lang.Object)'> (0x00000000d56b93b8) 
thrown [s\src\hotspot\share\interpreter\linkResolver.cpp, line 773]
Event: 5.717 Thread 0x000001ba7730f830 Exception <a 'java/lang/NoSuchMethodError'{0x00000000d57a1ca0}: 'void java.lang.invoke.DirectMethodHandle$Holder.invokeSpecial(java.lang.Object, java.lang.Object, java.lang.Object, java.lang.Object, java.lang.Object)'> (0x00000000d57a1ca0) 
thrown [s\src\hotspot\share\interpreter\linkResolver.cpp, line 773]
Event: 5.837 Thread 0x000001ba7730f830 Exception <a 'java/lang/NoSuchMethodError'{0x00000000d5f6e560}: 'java.lang.Object java.lang.invoke.DirectMethodHandle$Holder.invokeInterface(java.lang.Object, java.lang.Object, java.lang.Object)'> (0x00000000d5f6e560) 
thrown [s\src\hotspot\share\interpreter\linkResolver.cpp, line 773]
Event: 5.897 Thread 0x000001ba7730f830 Exception <a 'java/lang/NoSuchMethodError'{0x00000000d590cde8}: 'java.lang.Object java.lang.invoke.Invokers$Holder.linkToTargetMethod(java.lang.Object, long, java.lang.Object, java.lang.Object)'> (0x00000000d590cde8) 
thrown [s\src\hotspot\share\interpreter\linkResolver.cpp, line 773]
Event: 6.038 Thread 0x000001ba7730f830 Exception <a 'java/io/FileNotFoundException'{0x00000000d55cfc10}> (0x00000000d55cfc10) 
thrown [s\src\hotspot\share\prims\jni.cpp, line 520]
Event: 6.039 Thread 0x000001ba7730f830 Exception <a 'java/lang/NoSuchMethodError'{0x00000000d55d81e8}: 'java.lang.Object java.lang.invoke.DirectMethodHandle$Holder.newInvokeSpecial(java.lang.Object, int, java.lang.Object, java.lang.Object)'> (0x00000000d55d81e8) 
thrown [s\src\hotspot\share\interpreter\linkResolver.cpp, line 773]
Event: 6.152 Thread 0x000001ba7730f830 Exception <a 'java/lang/NoSuchMethodError'{0x00000000d5d9b740}: 'long java.lang.invoke.Invokers$Holder.invokeExact_MT(java.lang.Object, java.lang.Object)'> (0x00000000d5d9b740) 
thrown [s\src\hotspot\share\interpreter\linkResolver.cpp, line 773]
Event: 6.260 Thread 0x000001ba7730f830 Exception <a 'java/lang/NoSuchMethodError'{0x00000000d5a1f698}: 'double java.lang.invoke.DirectMethodHandle$Holder.invokeStatic(java.lang.Object, java.lang.Object)'> (0x00000000d5a1f698) 
thrown [s\src\hotspot\share\interpreter\linkResolver.cpp, line 773]
Event: 6.261 Thread 0x000001ba7730f830 Exception <a 'java/lang/NoSuchMethodError'{0x00000000d5a22d28}: 'double java.lang.invoke.DirectMethodHandle$Holder.invokeStaticInit(java.lang.Object, java.lang.Object)'> (0x00000000d5a22d28) 
thrown [s\src\hotspot\share\interpreter\linkResolver.cpp, line 773]

ZGC Phase Switch (0 events):
No events

VM Operations (20 events):
Event: 5.767 Executing non-safepoint VM operation: HandshakeAllThreads (Deoptimize) done
Event: 5.802 Executing non-safepoint VM operation: HandshakeAllThreads (Deoptimize)
Event: 5.803 Executing non-safepoint VM operation: HandshakeAllThreads (Deoptimize) done
Event: 5.808 Executing non-safepoint VM operation: HandshakeAllThreads (Deoptimize)
Event: 5.808 Executing non-safepoint VM operation: HandshakeAllThreads (Deoptimize) done
Event: 5.853 Executing safepoint VM operation: ParallelGCFailedAllocation (Allocation Failure)
Event: 5.858 Executing safepoint VM operation: ParallelGCFailedAllocation (Allocation Failure) done
Event: 6.023 Executing safepoint VM operation: ParallelGCFailedAllocation (Allocation Failure)
Event: 6.027 Executing safepoint VM operation: ParallelGCFailedAllocation (Allocation Failure) done
Event: 6.167 Executing safepoint VM operation: CollectForMetadataAllocation (Metadata GC Threshold)
Event: 6.202 Executing safepoint VM operation: CollectForMetadataAllocation (Metadata GC Threshold) done
Event: 6.266 Executing non-safepoint VM operation: HandshakeAllThreads (Deoptimize)
Event: 6.267 Executing non-safepoint VM operation: HandshakeAllThreads (Deoptimize) done
Event: 6.322 Executing safepoint VM operation: ParallelGCFailedAllocation (Allocation Failure)
Event: 6.323 Executing safepoint VM operation: ParallelGCFailedAllocation (Allocation Failure) done
Event: 6.344 Executing safepoint VM operation: ParallelGCFailedAllocation (Allocation Failure)
Event: 6.345 Executing safepoint VM operation: ParallelGCFailedAllocation (Allocation Failure) done
Event: 6.451 Executing safepoint VM operation: ParallelGCFailedAllocation (Allocation Failure)
Event: 6.452 Executing safepoint VM operation: ParallelGCFailedAllocation (Allocation Failure) done
Event: 7.452 Executing safepoint VM operation: Cleanup

Memory protections (0 events):
No events

Nmethod flushes (0 events):
No events

Events (20 events):
Event: 0.318 Thread 0x000001ba701eff00 Thread added: 0x000001ba703dabc0
Event: 0.871 Thread 0x000001ba14f1a0d0 Thread added: 0x000001ba17459fe0
Event: 1.033 Thread 0x000001ba14f1a0d0 Thread added: 0x000001ba1745ad00
Event: 1.079 Thread 0x000001ba1745ad00 Thread added: 0x000001ba1745b390
Event: 1.081 Thread 0x000001ba14f1a0d0 Thread added: 0x000001ba7730f830
Event: 1.452 Thread 0x000001ba7730f830 Thread added: 0x000001ba7730d760
Event: 1.754 Thread 0x000001ba703dabc0 Thread exited: 0x000001ba703dabc0
Event: 1.861 Thread 0x000001ba703ddb70 Thread exited: 0x000001ba703ddb70
Event: 3.494 Thread 0x000001ba703de240 Thread exited: 0x000001ba703de240
Event: 3.632 Thread 0x000001ba7730f830 Thread added: 0x000001ba7730ca40
Event: 3.691 Thread 0x000001ba702b1330 Thread added: 0x000001ba703dc700
Event: 3.887 Thread 0x000001ba7730f830 Thread added: 0x000001ba7730d0d0
Event: 4.158 Thread 0x000001ba703db290 Thread added: 0x000001ba703dc030
Event: 5.449 Thread 0x000001ba7730f830 Thread added: 0x000001ba7730ddf0
Event: 5.572 Thread 0x000001ba7730f830 Thread added: 0x000001ba7730e480
Event: 5.708 Thread 0x000001ba7730f830 Thread added: 0x000001ba7730eb10
Event: 5.709 Thread 0x000001ba7730e480 Thread added: 0x000001ba7730f1a0
Event: 6.000 Thread 0x000001ba703dc700 Thread exited: 0x000001ba703dc700
Event: 6.018 Thread 0x000001ba703db290 Thread added: 0x000001ba703ddb70
Event: 7.271 Thread 0x000001ba7730eb10 Thread added: 0x000001ba7730c3b0


Dynamic libraries:
0x00007ff6bcdd0000 - 0x00007ff6bcdde000 	c:\Users\jibri\.antigravity\extensions\redhat.java-1.54.0-win32-x64\jre\21.0.10-win32-x86_64\bin\java.exe
0x00007ffdb3c40000 - 0x00007ffdb3ea7000 	C:\WINDOWS\SYSTEM32\ntdll.dll
0x00007ffdb37d0000 - 0x00007ffdb3899000 	C:\WINDOWS\System32\KERNEL32.DLL
0x00007ffdb0710000 - 0x00007ffdb0b04000 	C:\WINDOWS\System32\KERNELBASE.dll
0x00007ffdb05c0000 - 0x00007ffdb070b000 	C:\WINDOWS\System32\ucrtbase.dll
0x00007ffd94450000 - 0x00007ffd94468000 	c:\Users\jibri\.antigravity\extensions\redhat.java-1.54.0-win32-x64\jre\21.0.10-win32-x86_64\bin\jli.dll
0x00007ffd7c440000 - 0x00007ffd7c45e000 	c:\Users\jibri\.antigravity\extensions\redhat.java-1.54.0-win32-x64\jre\21.0.10-win32-x86_64\bin\VCRUNTIME140.dll
0x00007ffdb1a10000 - 0x00007ffdb1bd5000 	C:\WINDOWS\System32\USER32.dll
0x00007ffdb0de0000 - 0x00007ffdb0e07000 	C:\WINDOWS\System32\win32u.dll
0x00007ffd8dd30000 - 0x00007ffd8dfc3000 	C:\WINDOWS\WinSxS\amd64_microsoft.windows.common-controls_6595b64144ccf1df_6.0.26100.8115_none_3e075c82e3354f9c\COMCTL32.dll
0x00007ffdb19d0000 - 0x00007ffdb19fb000 	C:\WINDOWS\System32\GDI32.dll
0x00007ffdb1f50000 - 0x00007ffdb1ff9000 	C:\WINDOWS\System32\msvcrt.dll
0x00007ffdb17f0000 - 0x00007ffdb191b000 	C:\WINDOWS\System32\gdi32full.dll
0x00007ffdb1920000 - 0x00007ffdb19c3000 	C:\WINDOWS\System32\msvcp_win.dll
0x00007ffdb3aa0000 - 0x00007ffdb3ad2000 	C:\WINDOWS\System32\IMM32.DLL
0x00007ffd957f0000 - 0x00007ffd957fc000 	c:\Users\jibri\.antigravity\extensions\redhat.java-1.54.0-win32-x64\jre\21.0.10-win32-x86_64\bin\vcruntime140_1.dll
0x00007ffd56720000 - 0x00007ffd567ad000 	c:\Users\jibri\.antigravity\extensions\redhat.java-1.54.0-win32-x64\jre\21.0.10-win32-x86_64\bin\msvcp140.dll
0x00007ffcfb7f0000 - 0x00007ffcfc591000 	c:\Users\jibri\.antigravity\extensions\redhat.java-1.54.0-win32-x64\jre\21.0.10-win32-x86_64\bin\server\jvm.dll
0x00007ffdb33b0000 - 0x00007ffdb3466000 	C:\WINDOWS\System32\ADVAPI32.dll
0x00007ffdb32e0000 - 0x00007ffdb3387000 	C:\WINDOWS\System32\sechost.dll
0x00007ffdb3ae0000 - 0x00007ffdb3bf8000 	C:\WINDOWS\System32\RPCRT4.dll
0x00007ffdb3620000 - 0x00007ffdb36a0000 	C:\WINDOWS\System32\WS2_32.dll
0x00007ffdb0370000 - 0x00007ffdb03ce000 	C:\WINDOWS\SYSTEM32\POWRPROF.dll
0x00007ffda4800000 - 0x00007ffda4836000 	C:\WINDOWS\SYSTEM32\WINMM.dll
0x00007ffdaa090000 - 0x00007ffdaa09b000 	C:\WINDOWS\SYSTEM32\VERSION.dll
0x00007ffdb0350000 - 0x00007ffdb0364000 	C:\WINDOWS\SYSTEM32\UMPDC.dll
0x00007ffdaf1d0000 - 0x00007ffdaf1eb000 	C:\WINDOWS\SYSTEM32\kernel.appcore.dll
0x00007ffd94440000 - 0x00007ffd9444a000 	c:\Users\jibri\.antigravity\extensions\redhat.java-1.54.0-win32-x64\jre\21.0.10-win32-x86_64\bin\jimage.dll
0x00007ffdae4c0000 - 0x00007ffdae702000 	C:\WINDOWS\SYSTEM32\DBGHELP.DLL
0x00007ffdb2ec0000 - 0x00007ffdb3242000 	C:\WINDOWS\System32\combase.dll
0x00007ffdb2dd0000 - 0x00007ffdb2ea8000 	C:\WINDOWS\System32\OLEAUT32.dll
0x00007ffd8a120000 - 0x00007ffd8a15b000 	C:\WINDOWS\SYSTEM32\dbgcore.DLL
0x00007ffdb0510000 - 0x00007ffdb05b5000 	C:\WINDOWS\System32\bcryptPrimitives.dll
0x00007ffd8e170000 - 0x00007ffd8e17f000 	c:\Users\jibri\.antigravity\extensions\redhat.java-1.54.0-win32-x64\jre\21.0.10-win32-x86_64\bin\instrument.dll
0x00007ffd7c420000 - 0x00007ffd7c440000 	c:\Users\jibri\.antigravity\extensions\redhat.java-1.54.0-win32-x64\jre\21.0.10-win32-x86_64\bin\java.dll
0x00007ffdb2490000 - 0x00007ffdb2bf7000 	C:\WINDOWS\System32\SHELL32.dll
0x00007ffdb0e10000 - 0x00007ffdb0f7a000 	C:\WINDOWS\System32\wintypes.dll
0x00007ffdb0f80000 - 0x00007ffdb17e8000 	C:\WINDOWS\System32\windows.storage.dll
0x00007ffdb1dd0000 - 0x00007ffdb1ec8000 	C:\WINDOWS\System32\SHCORE.dll
0x00007ffdb2d60000 - 0x00007ffdb2dc6000 	C:\WINDOWS\System32\shlwapi.dll
0x00007ffdb0430000 - 0x00007ffdb0459000 	C:\WINDOWS\SYSTEM32\profapi.dll
0x00007ffd7c2d0000 - 0x00007ffd7c2e8000 	c:\Users\jibri\.antigravity\extensions\redhat.java-1.54.0-win32-x64\jre\21.0.10-win32-x86_64\bin\zip.dll
0x00007ffd83160000 - 0x00007ffd83170000 	C:\Users\jibri\.antigravity\extensions\redhat.java-1.54.0-win32-x64\jre\21.0.10-win32-x86_64\bin\net.dll
0x00007ffda9390000 - 0x00007ffda94bd000 	C:\WINDOWS\SYSTEM32\WINHTTP.dll
0x00007ffdaf7f0000 - 0x00007ffdaf85c000 	C:\WINDOWS\system32\mswsock.dll
0x00007ffd7c2b0000 - 0x00007ffd7c2c6000 	C:\Users\jibri\.antigravity\extensions\redhat.java-1.54.0-win32-x64\jre\21.0.10-win32-x86_64\bin\nio.dll
0x00007ffd7b620000 - 0x00007ffd7b630000 	c:\Users\jibri\.antigravity\extensions\redhat.java-1.54.0-win32-x64\jre\21.0.10-win32-x86_64\bin\verify.dll
0x00007ffdaba70000 - 0x00007ffdabab5000 	C:\Users\jibri\AppData\Roaming\Antigravity\User\globalStorage\redhat.java\1.54.0\config_win\org.eclipse.equinox.launcher\org.eclipse.equinox.launcher.win32.win32.x86_64_1.3.0.v20260203-2149\eclipse_11919.dll
0x00007ffdb3470000 - 0x00007ffdb3607000 	C:\WINDOWS\System32\ole32.dll
0x00007ffdafaf0000 - 0x00007ffdafb0b000 	C:\WINDOWS\SYSTEM32\CRYPTSP.dll
0x00007ffdaf1f0000 - 0x00007ffdaf229000 	C:\WINDOWS\system32\rsaenh.dll
0x00007ffdaf8c0000 - 0x00007ffdaf8f3000 	C:\WINDOWS\SYSTEM32\USERENV.dll
0x00007ffdb0400000 - 0x00007ffdb042a000 	C:\WINDOWS\SYSTEM32\bcrypt.dll
0x00007ffdafb10000 - 0x00007ffdafb1c000 	C:\WINDOWS\SYSTEM32\CRYPTBASE.dll
0x00007ffdaec40000 - 0x00007ffdaec72000 	C:\WINDOWS\SYSTEM32\IPHLPAPI.DLL
0x00007ffdb2eb0000 - 0x00007ffdb2eba000 	C:\WINDOWS\System32\NSI.dll
0x00007ffdab9d0000 - 0x00007ffdaba19000 	C:\Users\jibri\AppData\Local\Temp\jna-101119098\jna16391952037423881129.dll
0x00007ffdb1a00000 - 0x00007ffdb1a08000 	C:\WINDOWS\System32\PSAPI.DLL

JVMTI agents:
c:\Users\jibri\.antigravity\extensions\redhat.java-1.54.0-win32-x64\lombok\lombok-1.18.39-4050.jar path:c:\Users\jibri\.antigravity\extensions\redhat.java-1.54.0-win32-x64\jre\21.0.10-win32-x86_64\bin\instrument.dll, loaded, initialized, instrumentlib options:none

dbghelp: loaded successfully - version: 4.0.5 - missing functions: none
symbol engine: initialized successfully - sym options: 0x614 - pdb path: .;c:\Users\jibri\.antigravity\extensions\redhat.java-1.54.0-win32-x64\jre\21.0.10-win32-x86_64\bin;C:\WINDOWS\SYSTEM32;C:\WINDOWS\WinSxS\amd64_microsoft.windows.common-controls_6595b64144ccf1df_6.0.26100.8115_none_3e075c82e3354f9c;c:\Users\jibri\.antigravity\extensions\redhat.java-1.54.0-win32-x64\jre\21.0.10-win32-x86_64\bin\server;C:\Users\jibri\AppData\Roaming\Antigravity\User\globalStorage\redhat.java\1.54.0\config_win\org.eclipse.equinox.launcher\org.eclipse.equinox.launcher.win32.win32.x86_64_1.3.0.v20260203-2149;C:\Users\jibri\AppData\Local\Temp\jna-101119098

VM Arguments:
jvm_args: --add-modules=ALL-SYSTEM --add-opens=java.base/java.util=ALL-UNNAMED --add-opens=java.base/java.lang=ALL-UNNAMED --add-opens=java.base/sun.nio.fs=ALL-UNNAMED -Declipse.application=org.eclipse.jdt.ls.core.id1 -Dosgi.bundles.defaultStartLevel=4 -Declipse.product=org.eclipse.jdt.ls.core.product -Djava.import.generatesMetadataFilesAtProjectRoot=false -DDetectVMInstallationsJob.disabled=true -Dfile.encoding=utf8 -XX:+UseParallelGC -XX:GCTimeRatio=4 -XX:AdaptiveSizePolicyWeight=90 -Dsun.zip.disableMemoryMapping=true -Xmx2G -Xms100m -Xlog:disable -javaagent:c:\Users\jibri\.antigravity\extensions\redhat.java-1.54.0-win32-x64\lombok\lombok-1.18.39-4050.jar -XX:+HeapDumpOnOutOfMemoryError -XX:HeapDumpPath=c:\Users\jibri\AppData\Roaming\Antigravity\User\workspaceStorage\8b75b7c593fc459511d45e689933c160\redhat.java -Daether.dependencyCollector.impl=bf 
java_command: c:\Users\jibri\.antigravity\extensions\redhat.java-1.54.0-win32-x64\server\plugins\org.eclipse.equinox.launcher_1.7.100.v20251111-0406.jar -configuration c:\Users\jibri\AppData\Roaming\Antigravity\User\globalStorage\redhat.java\1.54.0\config_win -data c:\Users\jibri\AppData\Roaming\Antigravity\User\workspaceStorage\8b75b7c593fc459511d45e689933c160\redhat.java\jdt_ws --pipe=\\.\pipe\lsp-bf6740e731bdcd4180e991eccb3d54a4-sock
java_class_path (initial): c:\Users\jibri\.antigravity\extensions\redhat.java-1.54.0-win32-x64\server\plugins\org.eclipse.equinox.launcher_1.7.100.v20251111-0406.jar
Launcher Type: SUN_STANDARD

[Global flags]
    uintx AdaptiveSizePolicyWeight                 = 90                                        {product} {command line}
     intx CICompilerCount                          = 12                                        {product} {ergonomic}
    uintx GCTimeRatio                              = 4                                         {product} {command line}
     bool HeapDumpOnOutOfMemoryError               = true                                   {manageable} {command line}
    ccstr HeapDumpPath                             = c:\Users\jibri\AppData\Roaming\Antigravity\User\workspaceStorage\8b75b7c593fc459511d45e689933c160\redhat.java         {manageable} {command line}
   size_t InitialHeapSize                          = 104857600                                 {product} {command line}
   size_t MaxHeapSize                              = 2147483648                                {product} {command line}
   size_t MaxNewSize                               = 715653120                                 {product} {ergonomic}
   size_t MinHeapDeltaBytes                        = 524288                                    {product} {ergonomic}
   size_t MinHeapSize                              = 104857600                                 {product} {command line}
   size_t NewSize                                  = 34603008                                  {product} {ergonomic}
    uintx NonNMethodCodeHeapSize                   = 7602480                                {pd product} {ergonomic}
    uintx NonProfiledCodeHeapSize                  = 122027880                              {pd product} {ergonomic}
   size_t OldSize                                  = 70254592                                  {product} {ergonomic}
    uintx ProfiledCodeHeapSize                     = 122027880                              {pd product} {ergonomic}
    uintx ReservedCodeCacheSize                    = 251658240                              {pd product} {ergonomic}
     bool SegmentedCodeCache                       = true                                      {product} {ergonomic}
   size_t SoftMaxHeapSize                          = 2147483648                             {manageable} {ergonomic}
     bool UseCompressedOops                        = true                           {product lp64_product} {ergonomic}
     bool UseLargePagesIndividualAllocation        = false                                  {pd product} {ergonomic}
     bool UseParallelGC                            = true                                      {product} {command line}

Logging:
Log output configuration:
 #0: stdout all=off uptime,level,tags foldmultilines=false
 #1: stderr all=off uptime,level,tags foldmultilines=false

Release file:
JAVA_VERSION="21.0.10" 
MODULES="java.base java.compiler java.datatransfer java.xml java.prefs java.desktop java.instrument java.logging java.management java.security.sasl java.naming java.rmi java.management.rmi java.net.http java.scripting java.security.jgss java.transaction.xa java.sql java.sql.rowset java.xml.crypto java.se java.smartcardio jdk.accessibility jdk.internal.jvmstat jdk.attach jdk.charsets jdk.internal.opt jdk.zipfs jdk.compiler jdk.crypto.ec jdk.crypto.cryptoki jdk.crypto.mscapi jdk.dynalink jdk.internal.ed jdk.editpad jdk.hotspot.agent jdk.httpserver jdk.internal.le jdk.internal.vm.ci jdk.internal.vm.compiler jdk.internal.vm.compiler.management jdk.jartool jdk.javadoc jdk.jcmd jdk.management jdk.management.agent jdk.jconsole jdk.jdeps jdk.jdwp.agent jdk.jdi jdk.jfr jdk.jshell jdk.jsobject jdk.jstatd jdk.localedata jdk.management.jfr jdk.naming.dns jdk.naming.rmi jdk.net jdk.nio.mapmode jdk.random jdk.sctp jdk.security.auth jdk.security.jgss jdk.unsupported jdk.unsupported.desktop jdk.xml.dom" 

Environment Variables:
JAVA_HOME=C:\Program Files\Java\jdk-17
PATH=C:\Program Files\Microsoft\jdk-17.0.16.8-hotspot\bin;C:\ProgramData\Oracle\Java\javapath;C:\Program Files\NVIDIA GPU Computing Toolkit\CUDA\v12.8\bin;C:\Program Files\NVIDIA GPU Computing Toolkit\CUDA\v12.8\libnvvp;C:\Program Files\Common Files\Oracle\Java\javapath;C:\PHP\phpoldversion\;C:\Windows\system32;C:\Windows;C:\Windows\System32\Wbem;C:\Windows\System32\WindowsPowerShell\v1.0\;C:\Windows\System32\OpenSSH\;C:\Program Files (x86)\NVIDIA Corporation\PhysX\Common;C:\Program Files\Microsoft SQL Server\150\Tools\Binn\;C:\Program Files\Microsoft SQL Server\Client SDK\ODBC\170\Tools\Binn\;C:\ProgramData\ComposerSetup\bin;C:\Users\jibri\.config\herd\bin\nvm;C:\Program Files\nodejs;C:\Program Files\Java\jdk-17\bin;C:\xampp\php;C:\WINDOWS\system32;C:\WINDOWS;C:\WINDOWS\System32\Wbem;C:\WINDOWS\System32\WindowsPowerShell\v1.0\;C:\WINDOWS\System32\OpenSSH\;C:\Program Files\nodejs\;C:\Program Files\Git\cmd;C:\Program Files\Git\bin;C:\Users\jibri\AppData\Local\Pub\Cache\bin;C:\Program Files\NVIDIA Corporation\NVIDIA app\NvDLISR;C:\Program Files\heroku\bin;C:\Program Files\NVIDIA Corporation\Nsight Compute 2025.1.1\;C:\ProgramData\chocolatey\bin;C:\Users\jibri\AppData\Local\Programs\Python\Python310\Scripts;C:\Program Files\dotnet\;C:\Program Files (x86)\Windows Kits\10\Windows Performance Toolkit\;C:\Users\jibri\AppData\Local\Android\Sdk\platform-tools;C:\Program Files\Docker\Docker\resources\bin;C:\Program Files\MySQL\MySQL Shell 8.0\bin\;C:\Users\jibri\AppData\Local\Programs\Python\Python310\Scripts\;C:\Users\jibri\AppData\Local\Programs\Python\Python310\;C:\Users\jibri\.config\herd\bin;C:\Users\jibri\AppData\Local\Microsoft\WindowsApps;C:\Users\jibri\AppData\Local\Programs\Microsoft VS Code\bin;C:\Users\jibri\AppData\Roaming\Composer\vendor\bin;C:\flutter\flutter\bin;C:\Users\jibri\AppData\Roaming\npm;C:\Program Files\Git;C:\Users\jibri\AppData\Local\Pub\Cache\bin;C:\Program Files\heroku\bin;C:\Users\jibri\.dotnet\tools;C:\AppServ\Apache24\bin;C:\AppServ\php7;C:\AppServ\MySQL\bin;C:\Users\jibri\AppData\Local\Android\Sdk\build-tools;C:\ProgramData\chocolatey\bin;C:\Program Files\nodejs\;C:\Users\jibri\AppData\Local\Programs\cursor\resources\app\bin;C:\Users\jibri\AppData\Local\Programs\Antigravity\bin
USERNAME=jibri
OS=Windows_NT
PROCESSOR_IDENTIFIER=Intel64 Family 6 Model 191 Stepping 2, GenuineIntel
TMP=C:\Users\jibri\AppData\Local\Temp
TEMP=C:\Users\jibri\AppData\Local\Temp




Periodic native trim disabled

---------------  S Y S T E M  ---------------

OS:
 Windows 11 , 64 bit Build 26100 (10.0.26100.8246)
OS uptime: 0 days 0:50 hours
Hyper-V role detected

CPU: total 20 (initial active 20) (10 cores per cpu, 2 threads per core) family 6 model 191 stepping 2 microcode 0x2c, cx8, cmov, fxsr, ht, mmx, 3dnowpref, sse, sse2, sse3, ssse3, sse4.1, sse4.2, popcnt, lzcnt, tsc, tscinvbit, avx, avx2, aes, erms, clmul, bmi1, bmi2, adx, sha, fma, vzeroupper, clflush, clflushopt, clwb, hv, serialize, rdtscp, rdpid, fsrm, f16c, cet_ibt, cet_ss
Processor Information for processor 0
  Max Mhz: 2500, Current Mhz: 2500, Mhz Limit: 2500
Processor Information for processor 1
  Max Mhz: 2500, Current Mhz: 2500, Mhz Limit: 2500
Processor Information for processor 2
  Max Mhz: 2500, Current Mhz: 2500, Mhz Limit: 2500
Processor Information for processor 3
  Max Mhz: 2500, Current Mhz: 2500, Mhz Limit: 2500
Processor Information for processor 4
  Max Mhz: 2500, Current Mhz: 2500, Mhz Limit: 2500
Processor Information for processor 5
  Max Mhz: 2500, Current Mhz: 2500, Mhz Limit: 2500
Processor Information for processor 6
  Max Mhz: 2500, Current Mhz: 2500, Mhz Limit: 2500
Processor Information for processor 7
  Max Mhz: 2500, Current Mhz: 2500, Mhz Limit: 2500
Processor Information for processor 8
  Max Mhz: 2500, Current Mhz: 2500, Mhz Limit: 2500
Processor Information for processor 9
  Max Mhz: 2500, Current Mhz: 2500, Mhz Limit: 2500
Processor Information for processor 10
  Max Mhz: 2500, Current Mhz: 2500, Mhz Limit: 2500
Processor Information for processor 11
  Max Mhz: 2500, Current Mhz: 2500, Mhz Limit: 2500
Processor Information for processor 12
  Max Mhz: 2500, Current Mhz: 1800, Mhz Limit: 1800
Processor Information for processor 13
  Max Mhz: 2500, Current Mhz: 1800, Mhz Limit: 1800
Processor Information for processor 14
  Max Mhz: 2500, Current Mhz: 1800, Mhz Limit: 1800
Processor Information for processor 15
  Max Mhz: 2500, Current Mhz: 1800, Mhz Limit: 1800
Processor Information for processor 16
  Max Mhz: 2500, Current Mhz: 1800, Mhz Limit: 1800
Processor Information for processor 17
  Max Mhz: 2500, Current Mhz: 1800, Mhz Limit: 1800
Processor Information for processor 18
  Max Mhz: 2500, Current Mhz: 1800, Mhz Limit: 1800
Processor Information for processor 19
  Max Mhz: 2500, Current Mhz: 1800, Mhz Limit: 1800

Memory: 4k page, system-wide physical 7911M (572M free)
TotalPageFile size 32487M (AvailPageFile size 55M)
current process WorkingSet (physical memory assigned to process): 157M, peak: 159M
current process commit charge ("private bytes"): 294M, peak: 331M

vm_info: OpenJDK 64-Bit Server VM (21.0.10+7-LTS) for windows-amd64 JRE (21.0.10+7-LTS), built on 2026-01-20T00:00:00Z by "admin" with MS VC++ 17.12 (VS2022)

END.
