#
# There is insufficient memory for the Java Runtime Environment to continue.
# Native memory allocation (malloc) failed to allocate 1962768 bytes. Error detail: Chunk::new
# Possible reasons:
#   The system is out of physical RAM or swap space
#   This process is running with CompressedOops enabled, and the Java Heap may be blocking the growth of the native heap
# Possible solutions:
#   Reduce memory load on the system
#   Increase physical memory or swap space
#   Check if swap backing store is full
#   Decrease Java heap size (-Xmx/-Xms)
#   Decrease number of Java threads
#   Decrease Java thread stack sizes (-Xss)
#   Set larger code cache with -XX:ReservedCodeCacheSize=
#   JVM is running with Unscaled Compressed Oops mode in which the Java heap is
#     placed in the first 4GB address space. The Java Heap base address is the
#     maximum limit for the native heap growth. Please use -XX:HeapBaseMinAddress
#     to set the Java Heap base and to place the Java Heap above 4GB virtual address.
# This output file may be truncated or incomplete.
#
#  Out of Memory Error (arena.cpp:168), pid=35984, tid=2200
#
# JRE version: OpenJDK Runtime Environment Temurin-21.0.9+10 (21.0.9+10) (build 21.0.9+10-LTS)
# Java VM: OpenJDK 64-Bit Server VM Temurin-21.0.9+10 (21.0.9+10-LTS, mixed mode, sharing, tiered, compressed oops, compressed class ptrs, parallel gc, windows-amd64)
# No core dump will be written. Minidumps are not enabled by default on client versions of Windows
#

---------------  S U M M A R Y ------------

Command Line: --add-modules=ALL-SYSTEM --add-opens=java.base/java.util=ALL-UNNAMED --add-opens=java.base/java.lang=ALL-UNNAMED --add-opens=java.base/sun.nio.fs=ALL-UNNAMED -Declipse.application=org.eclipse.jdt.ls.core.id1 -Dosgi.bundles.defaultStartLevel=4 -Declipse.product=org.eclipse.jdt.ls.core.product -Djava.import.generatesMetadataFilesAtProjectRoot=false -DDetectVMInstallationsJob.disabled=true -Dfile.encoding=utf8 -XX:+UseParallelGC -XX:GCTimeRatio=4 -XX:AdaptiveSizePolicyWeight=90 -Dsun.zip.disableMemoryMapping=true -Xmx2G -Xms100m -Xlog:disable -javaagent:c:\Users\jibri\.cursor\extensions\redhat.java-1.52.0-win32-x64\lombok\lombok-1.18.39-4050.jar -XX:+HeapDumpOnOutOfMemoryError -XX:HeapDumpPath=c:\Users\jibri\AppData\Roaming\Cursor\User\workspaceStorage\8b75b7c593fc459511d45e689933c160\redhat.java -Daether.dependencyCollector.impl=bf c:\Users\jibri\.cursor\extensions\redhat.java-1.52.0-win32-x64\server\plugins\org.eclipse.equinox.launcher_1.7.100.v20251111-0406.jar -configuration c:\Users\jibri\AppData\Roaming\Cursor\User\globalStorage\redhat.java\1.52.0\config_win -data c:\Users\jibri\AppData\Roaming\Cursor\User\workspaceStorage\8b75b7c593fc459511d45e689933c160\redhat.java\jdt_ws --pipe=\\.\pipe\lsp-51e6eca7574c3861786f2628edf6b7a5-sock

Host: 13th Gen Intel(R) Core(TM) i5-13500HX, 20 cores, 7G,  Windows 11 , 64 bit Build 26100 (10.0.26100.7705)
Time: Sun Feb 22 06:16:25 2026 Malay Peninsula Standard Time elapsed time: 14.234471 seconds (0d 0h 0m 14s)

---------------  T H R E A D  ---------------

Current thread (0x000001045bdc0780):  JavaThread "C2 CompilerThread0" daemon [_thread_in_native, id=2200, stack(0x0000000126800000,0x0000000126900000) (1024K)]


Current CompileTask:
C2:14234 3263       4       org.eclipse.core.internal.dtree.DataTreeReader::readNode (248 bytes)

Stack: [0x0000000126800000,0x0000000126900000]
Native frames: (J=compiled Java code, j=interpreted, Vv=VM code, C=native code)
V  [jvm.dll+0x6d6e29]
V  [jvm.dll+0x8b4b76]
V  [jvm.dll+0x8b712e]
V  [jvm.dll+0x8b7813]
V  [jvm.dll+0x283d86]
V  [jvm.dll+0xc66ed]
V  [jvm.dll+0xc6c31]
V  [jvm.dll+0x3be53b]
V  [jvm.dll+0x38ab92]
V  [jvm.dll+0x389fda]
V  [jvm.dll+0x24bfa0]
V  [jvm.dll+0x24b580]
V  [jvm.dll+0x1cb13e]
V  [jvm.dll+0x25b29d]
V  [jvm.dll+0x25982a]
V  [jvm.dll+0x3f7ea6]
V  [jvm.dll+0x85e9ad]
V  [jvm.dll+0x6d565d]
C  [ucrtbase.dll+0x37b0]
C  [KERNEL32.DLL+0x2e8d7]
C  [ntdll.dll+0x8c40c]


---------------  P R O C E S S  ---------------

Threads class SMR info:
_java_thread_list=0x000001045bed1910, length=19, elements={
0x0000010402ec8fd0, 0x0000010402e59a50, 0x0000010402e5cca0, 0x0000010402e60500,
0x0000010402e618b0, 0x0000010402e625d0, 0x0000010402e60b90, 0x000001045bdc0780,
0x000001045bdc3660, 0x000001045be72c80, 0x0000010402e62c60, 0x0000010402e5f7e0,
0x0000010402e61220, 0x0000010402e5fe70, 0x0000010462689ee0, 0x0000010462687780,
0x0000010462687e10, 0x00000104626870f0, 0x000001046268b290
}

Java Threads: ( => current thread )
  0x0000010402ec8fd0 JavaThread "main"                              [_thread_blocked, id=1656, stack(0x0000000125e00000,0x0000000125f00000) (1024K)]
  0x0000010402e59a50 JavaThread "Reference Handler"          daemon [_thread_blocked, id=4324, stack(0x0000000126200000,0x0000000126300000) (1024K)]
  0x0000010402e5cca0 JavaThread "Finalizer"                  daemon [_thread_blocked, id=45892, stack(0x0000000126300000,0x0000000126400000) (1024K)]
  0x0000010402e60500 JavaThread "Signal Dispatcher"          daemon [_thread_blocked, id=17484, stack(0x0000000126400000,0x0000000126500000) (1024K)]
  0x0000010402e618b0 JavaThread "Attach Listener"            daemon [_thread_blocked, id=56108, stack(0x0000000126500000,0x0000000126600000) (1024K)]
  0x0000010402e625d0 JavaThread "Service Thread"             daemon [_thread_blocked, id=21008, stack(0x0000000126600000,0x0000000126700000) (1024K)]
  0x0000010402e60b90 JavaThread "Monitor Deflation Thread"   daemon [_thread_blocked, id=21176, stack(0x0000000126700000,0x0000000126800000) (1024K)]
=>0x000001045bdc0780 JavaThread "C2 CompilerThread0"         daemon [_thread_in_native, id=2200, stack(0x0000000126800000,0x0000000126900000) (1024K)]
  0x000001045bdc3660 JavaThread "C1 CompilerThread0"         daemon [_thread_blocked, id=53684, stack(0x0000000126900000,0x0000000126a00000) (1024K)]
  0x000001045be72c80 JavaThread "C1 CompilerThread1"         daemon [_thread_blocked, id=37796, stack(0x0000000126a00000,0x0000000126b00000) (1024K)]
  0x0000010402e62c60 JavaThread "Common-Cleaner"             daemon [_thread_blocked, id=42056, stack(0x0000000126b00000,0x0000000126c00000) (1024K)]
  0x0000010402e5f7e0 JavaThread "Notification Thread"        daemon [_thread_blocked, id=24700, stack(0x0000000126c00000,0x0000000126d00000) (1024K)]
  0x0000010402e61220 JavaThread "Active Thread: Equinox Container: 8d7d839e-a7ac-4a5f-9a51-5d3246d31066"        [_thread_blocked, id=51796, stack(0x0000000127500000,0x0000000127600000) (1024K)]
  0x0000010402e5fe70 JavaThread "Refresh Thread: Equinox Container: 8d7d839e-a7ac-4a5f-9a51-5d3246d31066" daemon [_thread_blocked, id=53720, stack(0x0000000126d00000,0x0000000126e00000) (1024K)]
  0x0000010462689ee0 JavaThread "Framework Event Dispatcher: Equinox Container: 8d7d839e-a7ac-4a5f-9a51-5d3246d31066" daemon [_thread_blocked, id=56204, stack(0x0000000127400000,0x0000000127500000) (1024K)]
  0x0000010462687780 JavaThread "Start Level: Equinox Container: 8d7d839e-a7ac-4a5f-9a51-5d3246d31066" daemon [_thread_in_vm, id=35220, stack(0x0000000127700000,0x0000000127800000) (1024K)]
  0x0000010462687e10 JavaThread "Bundle File Closer"         daemon [_thread_blocked, id=23048, stack(0x0000000127b00000,0x0000000127c00000) (1024K)]
  0x00000104626870f0 JavaThread "SCR Component Actor"        daemon [_thread_blocked, id=38184, stack(0x0000000127c00000,0x0000000127d00000) (1024K)]
  0x000001046268b290 JavaThread "Worker-JM"                         [_thread_blocked, id=22836, stack(0x0000000127d00000,0x0000000127e00000) (1024K)]
Total: 19

Other Threads:
  0x0000010402f6c710 VMThread "VM Thread"                           [id=41540, stack(0x0000000126100000,0x0000000126200000) (1024K)]
  0x0000010402d4ca10 WatcherThread "VM Periodic Task Thread"        [id=33944, stack(0x0000000126000000,0x0000000126100000) (1024K)]
  0x0000010402eea4a0 WorkerThread "GC Thread#0"                     [id=13892, stack(0x0000000125f00000,0x0000000126000000) (1024K)]
  0x00000104622ad720 WorkerThread "GC Thread#1"                     [id=34496, stack(0x0000000126e00000,0x0000000126f00000) (1024K)]
  0x000001046213b940 WorkerThread "GC Thread#2"                     [id=5820, stack(0x0000000126f00000,0x0000000127000000) (1024K)]
  0x0000010462446060 WorkerThread "GC Thread#3"                     [id=47984, stack(0x0000000127000000,0x0000000127100000) (1024K)]
  0x0000010462446b40 WorkerThread "GC Thread#4"                     [id=53944, stack(0x0000000127100000,0x0000000127200000) (1024K)]
  0x00000104624479c0 WorkerThread "GC Thread#5"                     [id=44776, stack(0x0000000127200000,0x0000000127300000) (1024K)]
  0x0000010462447280 WorkerThread "GC Thread#6"                     [id=9344, stack(0x0000000127300000,0x0000000127400000) (1024K)]
  0x0000010462446ee0 WorkerThread "GC Thread#7"                     [id=35732, stack(0x0000000127600000,0x0000000127700000) (1024K)]
  0x0000010462ba3c60 WorkerThread "GC Thread#8"                     [id=35260, stack(0x0000000127800000,0x0000000127900000) (1024K)]
  0x0000010462ba5220 WorkerThread "GC Thread#9"                     [id=32660, stack(0x0000000127900000,0x0000000127a00000) (1024K)]
  0x0000010462ba4000 WorkerThread "GC Thread#10"                    [id=44172, stack(0x0000000127a00000,0x0000000127b00000) (1024K)]
  0x0000010462ba1820 WorkerThread "GC Thread#11"                    [id=49012, stack(0x0000000127e00000,0x0000000127f00000) (1024K)]
  0x0000010462ba4e80 WorkerThread "GC Thread#12"                    [id=16460, stack(0x0000000127f00000,0x0000000128000000) (1024K)]
  0x0000010462ba1bc0 WorkerThread "GC Thread#13"                    [id=4436, stack(0x0000000128000000,0x0000000128100000) (1024K)]
Total: 16

Threads with active compile tasks:
C2 CompilerThread0  14316 3263       4       org.eclipse.core.internal.dtree.DataTreeReader::readNode (248 bytes)
Total: 1

VM state: not at safepoint (normal execution)

VM Mutex/Monitor currently owned by a thread: None

Heap address: 0x0000000080000000, size: 2048 MB, Compressed Oops mode: 32-bit

CDS archive(s) mapped at: [0x000001041a000000-0x000001041aba0000-0x000001041aba0000), size 12189696, SharedBaseAddress: 0x000001041a000000, ArchiveRelocationMode: 1.
Compressed class space mapped at: 0x000001041b000000-0x000001045b000000, reserved size: 1073741824
Narrow klass base: 0x000001041a000000, Narrow klass shift: 0, Narrow klass range: 0x100000000

GC Precious Log:
 CardTable entry size: 512
 CPUs: 20 total, 20 available
 Memory: 7911M
 Large Page Support: Disabled
 NUMA Support: Disabled
 Compressed Oops: Enabled (32-bit)
 Alignments: Space 512K, Generation 512K, Heap 2M
 Heap Min Capacity: 100M
 Heap Initial Capacity: 100M
 Heap Max Capacity: 2G
 Pre-touch: Disabled
 Parallel Workers: 15

Heap:
 PSYoungGen      total 29184K, used 25387K [0x00000000d5580000, 0x00000000d7900000, 0x0000000100000000)
  eden space 25088K, 84% used [0x00000000d5580000,0x00000000d6a4d3f0,0x00000000d6e00000)
  from space 4096K, 99% used [0x00000000d6e80000,0x00000000d727d8f0,0x00000000d7280000)
  to   space 5632K, 0% used [0x00000000d7380000,0x00000000d7380000,0x00000000d7900000)
 ParOldGen       total 68608K, used 7781K [0x0000000080000000, 0x0000000084300000, 0x00000000d5580000)
  object space 68608K, 11% used [0x0000000080000000,0x0000000080799468,0x0000000084300000)
 Metaspace       used 16080K, committed 16640K, reserved 1114112K
  class space    used 1655K, committed 1920K, reserved 1048576K

Card table byte_map: [0x0000010402860000,0x0000010402c70000] _byte_map_base: 0x0000010402460000

Marking Bits: (ParMarkBitMap*) 0x00007fff2dcd2460
 Begin Bits: [0x0000010415370000, 0x0000010417370000)
 End Bits:   [0x0000010417370000, 0x0000010419370000)

Polling page: 0x00000104009a0000

Metaspace:

Usage:
  Non-class:     14.09 MB used.
      Class:      1.62 MB used.
       Both:     15.70 MB used.

Virtual space:
  Non-class space:       64.00 MB reserved,      14.38 MB ( 22%) committed,  1 nodes.
      Class space:        1.00 GB reserved,       1.88 MB ( <1%) committed,  1 nodes.
             Both:        1.06 GB reserved,      16.25 MB (  1%) committed. 

Chunk freelists:
   Non-Class:  1.31 MB
       Class:  13.97 MB
        Both:  15.28 MB

MaxMetaspaceSize: unlimited
CompressedClassSpaceSize: 1.00 GB
Initial GC threshold: 21.00 MB
Current GC threshold: 21.00 MB
CDS: on
 - commit_granule_bytes: 65536.
 - commit_granule_words: 8192.
 - virtual_space_node_default_size: 8388608.
 - enlarge_chunks_in_place: 1.
 - use_allocation_guard: 0.


Internal statistics:

num_allocs_failed_limit: 0.
num_arena_births: 442.
num_arena_deaths: 0.
num_vsnodes_births: 2.
num_vsnodes_deaths: 0.
num_space_committed: 260.
num_space_uncommitted: 0.
num_chunks_returned_to_freelist: 0.
num_chunks_taken_from_freelist: 1006.
num_chunk_merges: 0.
num_chunk_splits: 636.
num_chunks_enlarged: 404.
num_inconsistent_stats: 0.

CodeHeap 'non-profiled nmethods': size=119168Kb used=1341Kb max_used=1341Kb free=117826Kb
 bounds [0x000001040dc60000, 0x000001040ded0000, 0x00000104150c0000]
CodeHeap 'profiled nmethods': size=119104Kb used=6904Kb max_used=6904Kb free=112200Kb
 bounds [0x00000104060c0000, 0x0000010406780000, 0x000001040d510000]
CodeHeap 'non-nmethods': size=7488Kb used=1828Kb max_used=2375Kb free=5659Kb
 bounds [0x000001040d510000, 0x000001040d780000, 0x000001040dc60000]
CodeCache: size=245760Kb, used=10073Kb, max_used=10620Kb, free=235685Kb
 total_blobs=3857, nmethods=3320, adapters=442, full_count=0
Compilation: enabled, stopped_count=0, restarted_count=0

Compilation events (20 events):
Event: 13.198 Thread 0x000001045bdc3660 nmethod 3309 0x0000010406766e10 code [0x0000010406766fc0, 0x00000104067671c0]
Event: 13.198 Thread 0x000001045bdc3660 3310       3       org.eclipse.core.runtime.Path::collapseSlashes (142 bytes)
Event: 13.198 Thread 0x000001045be72c80 nmethod 3313 0x0000010406767290 code [0x0000010406767520, 0x0000010406768298]
Event: 13.198 Thread 0x000001045be72c80 3311       3       org.eclipse.core.runtime.Path::computeFlags (143 bytes)
Event: 13.198 Thread 0x000001045bdc3660 nmethod 3310 0x0000010406768810 code [0x0000010406768a60, 0x00000104067693a8]
Event: 13.199 Thread 0x000001045bdc3660 3315       3       org.eclipse.core.runtime.Path::<init> (9 bytes)
Event: 13.199 Thread 0x000001045bdc3660 nmethod 3315 0x0000010406769790 code [0x0000010406769940, 0x0000010406769a80]
Event: 13.199 Thread 0x000001045bdc3660 3316       3       org.eclipse.core.runtime.IPath::fromOSString (9 bytes)
Event: 13.199 Thread 0x000001045bdc3660 nmethod 3316 0x0000010406769b10 code [0x0000010406769cc0, 0x0000010406769eb0]
Event: 13.199 Thread 0x000001045be72c80 nmethod 3311 0x0000010406769f90 code [0x000001040676a2e0, 0x000001040676b9a0]
Event: 13.200 Thread 0x000001045be72c80 3317   !   3       org.eclipse.core.internal.resources.Workspace::getResourceInfo (109 bytes)
Event: 13.200 Thread 0x000001045bdc3660 3318       3       org.eclipse.core.internal.dtree.DataTreeLookup::<init> (26 bytes)
Event: 13.200 Thread 0x000001045be72c80 nmethod 3317 0x000001040676c190 code [0x000001040676c420, 0x000001040676cf68]
Event: 13.200 Thread 0x000001045bdc3660 nmethod 3318 0x000001040676d510 code [0x000001040676d6c0, 0x000001040676d868]
Event: 13.202 Thread 0x000001045be72c80 3319       3       org.eclipse.core.runtime.Path::<init> (161 bytes)
Event: 13.202 Thread 0x000001045bdc3660 3320       3       org.eclipse.core.internal.resources.MarkerSet::<init> (24 bytes)
Event: 13.202 Thread 0x000001045bdc3660 nmethod 3320 0x000001040676d910 code [0x000001040676dac0, 0x000001040676dd88]
Event: 13.203 Thread 0x000001045be72c80 nmethod 3319 0x000001040676de90 code [0x000001040676e1a0, 0x000001040676f098]
Event: 13.219 Thread 0x000001045be72c80 3321       3       org.eclipse.core.internal.dtree.DataTreeLookup::newLookup (12 bytes)
Event: 13.219 Thread 0x000001045be72c80 nmethod 3321 0x000001040676f810 code [0x000001040676f9c0, 0x000001040676fc08]

GC Heap History (10 events):
Event: 2.790 GC heap before
{Heap before GC invocations=1 (full 0):
 PSYoungGen      total 29696K, used 25600K [0x00000000d5580000, 0x00000000d7680000, 0x0000000100000000)
  eden space 25600K, 100% used [0x00000000d5580000,0x00000000d6e80000,0x00000000d6e80000)
  from space 4096K, 0% used [0x00000000d7280000,0x00000000d7280000,0x00000000d7680000)
  to   space 4096K, 0% used [0x00000000d6e80000,0x00000000d6e80000,0x00000000d7280000)
 ParOldGen       total 68608K, used 0K [0x0000000080000000, 0x0000000084300000, 0x00000000d5580000)
  object space 68608K, 0% used [0x0000000080000000,0x0000000080000000,0x0000000084300000)
 Metaspace       used 4203K, committed 4480K, reserved 1114112K
  class space    used 463K, committed 576K, reserved 1048576K
}
Event: 2.817 GC heap after
{Heap after GC invocations=1 (full 0):
 PSYoungGen      total 29696K, used 3868K [0x00000000d5580000, 0x00000000d7680000, 0x0000000100000000)
  eden space 25600K, 0% used [0x00000000d5580000,0x00000000d5580000,0x00000000d6e80000)
  from space 4096K, 94% used [0x00000000d6e80000,0x00000000d7247000,0x00000000d7280000)
  to   space 4096K, 0% used [0x00000000d7280000,0x00000000d7280000,0x00000000d7680000)
 ParOldGen       total 68608K, used 16K [0x0000000080000000, 0x0000000084300000, 0x00000000d5580000)
  object space 68608K, 0% used [0x0000000080000000,0x0000000080004000,0x0000000084300000)
 Metaspace       used 4203K, committed 4480K, reserved 1114112K
  class space    used 463K, committed 576K, reserved 1048576K
}
Event: 4.055 GC heap before
{Heap before GC invocations=2 (full 0):
 PSYoungGen      total 29696K, used 29468K [0x00000000d5580000, 0x00000000d7680000, 0x0000000100000000)
  eden space 25600K, 100% used [0x00000000d5580000,0x00000000d6e80000,0x00000000d6e80000)
  from space 4096K, 94% used [0x00000000d6e80000,0x00000000d7247000,0x00000000d7280000)
  to   space 4096K, 0% used [0x00000000d7280000,0x00000000d7280000,0x00000000d7680000)
 ParOldGen       total 68608K, used 16K [0x0000000080000000, 0x0000000084300000, 0x00000000d5580000)
  object space 68608K, 0% used [0x0000000080000000,0x0000000080004000,0x0000000084300000)
 Metaspace       used 7853K, committed 8128K, reserved 1114112K
  class space    used 814K, committed 960K, reserved 1048576K
}
Event: 4.060 GC heap after
{Heap after GC invocations=2 (full 0):
 PSYoungGen      total 29696K, used 4075K [0x00000000d5580000, 0x00000000d7680000, 0x0000000100000000)
  eden space 25600K, 0% used [0x00000000d5580000,0x00000000d5580000,0x00000000d6e80000)
  from space 4096K, 99% used [0x00000000d7280000,0x00000000d767ae50,0x00000000d7680000)
  to   space 4096K, 0% used [0x00000000d6e80000,0x00000000d6e80000,0x00000000d7280000)
 ParOldGen       total 68608K, used 1965K [0x0000000080000000, 0x0000000084300000, 0x00000000d5580000)
  object space 68608K, 2% used [0x0000000080000000,0x00000000801eb6b8,0x0000000084300000)
 Metaspace       used 7853K, committed 8128K, reserved 1114112K
  class space    used 814K, committed 960K, reserved 1048576K
}
Event: 6.601 GC heap before
{Heap before GC invocations=3 (full 0):
 PSYoungGen      total 29696K, used 29675K [0x00000000d5580000, 0x00000000d7680000, 0x0000000100000000)
  eden space 25600K, 100% used [0x00000000d5580000,0x00000000d6e80000,0x00000000d6e80000)
  from space 4096K, 99% used [0x00000000d7280000,0x00000000d767ae50,0x00000000d7680000)
  to   space 4096K, 0% used [0x00000000d6e80000,0x00000000d6e80000,0x00000000d7280000)
 ParOldGen       total 68608K, used 1965K [0x0000000080000000, 0x0000000084300000, 0x00000000d5580000)
  object space 68608K, 2% used [0x0000000080000000,0x00000000801eb6b8,0x0000000084300000)
 Metaspace       used 9453K, committed 9792K, reserved 1114112K
  class space    used 1007K, committed 1152K, reserved 1048576K
}
Event: 6.605 GC heap after
{Heap after GC invocations=3 (full 0):
 PSYoungGen      total 29696K, used 4087K [0x00000000d5580000, 0x00000000d7680000, 0x0000000100000000)
  eden space 25600K, 0% used [0x00000000d5580000,0x00000000d5580000,0x00000000d6e80000)
  from space 4096K, 99% used [0x00000000d6e80000,0x00000000d727ddf8,0x00000000d7280000)
  to   space 4096K, 0% used [0x00000000d7280000,0x00000000d7280000,0x00000000d7680000)
 ParOldGen       total 68608K, used 4422K [0x0000000080000000, 0x0000000084300000, 0x00000000d5580000)
  object space 68608K, 6% used [0x0000000080000000,0x0000000080451980,0x0000000084300000)
 Metaspace       used 9453K, committed 9792K, reserved 1114112K
  class space    used 1007K, committed 1152K, reserved 1048576K
}
Event: 11.636 GC heap before
{Heap before GC invocations=4 (full 0):
 PSYoungGen      total 29696K, used 29687K [0x00000000d5580000, 0x00000000d7680000, 0x0000000100000000)
  eden space 25600K, 100% used [0x00000000d5580000,0x00000000d6e80000,0x00000000d6e80000)
  from space 4096K, 99% used [0x00000000d6e80000,0x00000000d727ddf8,0x00000000d7280000)
  to   space 4096K, 0% used [0x00000000d7280000,0x00000000d7280000,0x00000000d7680000)
 ParOldGen       total 68608K, used 4422K [0x0000000080000000, 0x0000000084300000, 0x00000000d5580000)
  object space 68608K, 6% used [0x0000000080000000,0x0000000080451980,0x0000000084300000)
 Metaspace       used 11595K, committed 12032K, reserved 1114112K
  class space    used 1215K, committed 1408K, reserved 1048576K
}
Event: 11.640 GC heap after
{Heap after GC invocations=4 (full 0):
 PSYoungGen      total 29696K, used 4084K [0x00000000d5580000, 0x00000000d7680000, 0x0000000100000000)
  eden space 25600K, 0% used [0x00000000d5580000,0x00000000d5580000,0x00000000d6e80000)
  from space 4096K, 99% used [0x00000000d7280000,0x00000000d767d0f8,0x00000000d7680000)
  to   space 4096K, 0% used [0x00000000d6e80000,0x00000000d6e80000,0x00000000d7280000)
 ParOldGen       total 68608K, used 6677K [0x0000000080000000, 0x0000000084300000, 0x00000000d5580000)
  object space 68608K, 9% used [0x0000000080000000,0x0000000080685458,0x0000000084300000)
 Metaspace       used 11595K, committed 12032K, reserved 1114112K
  class space    used 1215K, committed 1408K, reserved 1048576K
}
Event: 12.072 GC heap before
{Heap before GC invocations=5 (full 0):
 PSYoungGen      total 29696K, used 29684K [0x00000000d5580000, 0x00000000d7680000, 0x0000000100000000)
  eden space 25600K, 100% used [0x00000000d5580000,0x00000000d6e80000,0x00000000d6e80000)
  from space 4096K, 99% used [0x00000000d7280000,0x00000000d767d0f8,0x00000000d7680000)
  to   space 4096K, 0% used [0x00000000d6e80000,0x00000000d6e80000,0x00000000d7280000)
 ParOldGen       total 68608K, used 6677K [0x0000000080000000, 0x0000000084300000, 0x00000000d5580000)
  object space 68608K, 9% used [0x0000000080000000,0x0000000080685458,0x0000000084300000)
 Metaspace       used 15572K, committed 16128K, reserved 1114112K
  class space    used 1604K, committed 1856K, reserved 1048576K
}
Event: 12.075 GC heap after
{Heap after GC invocations=5 (full 0):
 PSYoungGen      total 29184K, used 4086K [0x00000000d5580000, 0x00000000d7900000, 0x0000000100000000)
  eden space 25088K, 0% used [0x00000000d5580000,0x00000000d5580000,0x00000000d6e00000)
  from space 4096K, 99% used [0x00000000d6e80000,0x00000000d727d8f0,0x00000000d7280000)
  to   space 5632K, 0% used [0x00000000d7380000,0x00000000d7380000,0x00000000d7900000)
 ParOldGen       total 68608K, used 7781K [0x0000000080000000, 0x0000000084300000, 0x00000000d5580000)
  object space 68608K, 11% used [0x0000000080000000,0x0000000080799468,0x0000000084300000)
 Metaspace       used 15572K, committed 16128K, reserved 1114112K
  class space    used 1604K, committed 1856K, reserved 1048576K
}

Dll operation events (9 events):
Event: 1.205 Loaded shared library c:\Users\jibri\.cursor\extensions\redhat.java-1.52.0-win32-x64\jre\21.0.9-win32-x86_64\bin\java.dll
Event: 1.813 Loaded shared library c:\Users\jibri\.cursor\extensions\redhat.java-1.52.0-win32-x64\jre\21.0.9-win32-x86_64\bin\zip.dll
Event: 1.843 Loaded shared library C:\Users\jibri\.cursor\extensions\redhat.java-1.52.0-win32-x64\jre\21.0.9-win32-x86_64\bin\instrument.dll
Event: 1.875 Loaded shared library C:\Users\jibri\.cursor\extensions\redhat.java-1.52.0-win32-x64\jre\21.0.9-win32-x86_64\bin\net.dll
Event: 1.901 Loaded shared library C:\Users\jibri\.cursor\extensions\redhat.java-1.52.0-win32-x64\jre\21.0.9-win32-x86_64\bin\nio.dll
Event: 1.908 Loaded shared library C:\Users\jibri\.cursor\extensions\redhat.java-1.52.0-win32-x64\jre\21.0.9-win32-x86_64\bin\zip.dll
Event: 1.941 Loaded shared library C:\Users\jibri\.cursor\extensions\redhat.java-1.52.0-win32-x64\jre\21.0.9-win32-x86_64\bin\jimage.dll
Event: 2.049 Loaded shared library c:\Users\jibri\.cursor\extensions\redhat.java-1.52.0-win32-x64\jre\21.0.9-win32-x86_64\bin\verify.dll
Event: 6.166 Loaded shared library C:\Users\jibri\AppData\Roaming\Cursor\User\globalStorage\redhat.java\1.52.0\config_win\org.eclipse.equinox.launcher\org.eclipse.equinox.launcher.win32.win32.x86_64_1.2.1500.v20260121-1430\eclipse_11919.dll

Deoptimization events (20 events):
Event: 13.212 Thread 0x0000010462687780 DEOPT PACKING pc=0x0000010406752f3e sp=0x00000001277f95c0
Event: 13.212 Thread 0x0000010462687780 DEOPT UNPACKING pc=0x000001040d564242 sp=0x00000001277f8b00 mode 0
Event: 13.212 Thread 0x0000010462687780 DEOPT PACKING pc=0x0000010406752f3e sp=0x00000001277f95c0
Event: 13.212 Thread 0x0000010462687780 DEOPT UNPACKING pc=0x000001040d564242 sp=0x00000001277f8b00 mode 0
Event: 13.212 Thread 0x0000010462687780 DEOPT PACKING pc=0x0000010406752f3e sp=0x00000001277f95c0
Event: 13.212 Thread 0x0000010462687780 DEOPT UNPACKING pc=0x000001040d564242 sp=0x00000001277f8b00 mode 0
Event: 13.212 Thread 0x0000010462687780 DEOPT PACKING pc=0x0000010406752f3e sp=0x00000001277f95c0
Event: 13.212 Thread 0x0000010462687780 DEOPT UNPACKING pc=0x000001040d564242 sp=0x00000001277f8b00 mode 0
Event: 13.213 Thread 0x0000010462687780 DEOPT PACKING pc=0x0000010406752f3e sp=0x00000001277f95c0
Event: 13.213 Thread 0x0000010462687780 DEOPT UNPACKING pc=0x000001040d564242 sp=0x00000001277f8b00 mode 0
Event: 13.213 Thread 0x0000010462687780 DEOPT PACKING pc=0x0000010406752f3e sp=0x00000001277f95c0
Event: 13.213 Thread 0x0000010462687780 DEOPT UNPACKING pc=0x000001040d564242 sp=0x00000001277f8b00 mode 0
Event: 13.213 Thread 0x0000010462687780 DEOPT PACKING pc=0x0000010406752f3e sp=0x00000001277f95c0
Event: 13.213 Thread 0x0000010462687780 DEOPT UNPACKING pc=0x000001040d564242 sp=0x00000001277f8b00 mode 0
Event: 13.213 Thread 0x0000010462687780 DEOPT PACKING pc=0x0000010406752f3e sp=0x00000001277f95c0
Event: 13.213 Thread 0x0000010462687780 DEOPT UNPACKING pc=0x000001040d564242 sp=0x00000001277f8b00 mode 0
Event: 13.214 Thread 0x0000010462687780 DEOPT PACKING pc=0x0000010406752f3e sp=0x00000001277f95c0
Event: 13.214 Thread 0x0000010462687780 DEOPT UNPACKING pc=0x000001040d564242 sp=0x00000001277f8b00 mode 0
Event: 13.214 Thread 0x0000010462687780 DEOPT PACKING pc=0x0000010406752f3e sp=0x00000001277f95c0
Event: 13.214 Thread 0x0000010462687780 DEOPT UNPACKING pc=0x000001040d564242 sp=0x00000001277f8b00 mode 0

Classes loaded (20 events):
Event: 12.032 Loading class java/text/FieldPosition$Delegate
Event: 12.032 Loading class java/text/FieldPosition$Delegate done
Event: 12.032 Loading class java/text/MessageFormat$Field
Event: 12.032 Loading class java/text/MessageFormat$Field done
Event: 12.045 Loading class java/util/stream/SortedOps
Event: 12.045 Loading class java/util/stream/SortedOps done
Event: 12.045 Loading class java/util/stream/SortedOps$OfRef
Event: 12.046 Loading class java/util/stream/ReferencePipeline$StatefulOp
Event: 12.046 Loading class java/util/stream/ReferencePipeline$StatefulOp done
Event: 12.046 Loading class java/util/stream/SortedOps$OfRef done
Event: 12.046 Loading class java/util/stream/SortedOps$RefSortingSink
Event: 12.046 Loading class java/util/stream/SortedOps$AbstractRefSortingSink
Event: 12.046 Loading class java/util/stream/SortedOps$AbstractRefSortingSink done
Event: 12.046 Loading class java/util/stream/SortedOps$RefSortingSink done
Event: 12.058 Loading class java/util/zip/ZipOutputStream
Event: 12.059 Loading class java/util/zip/DeflaterOutputStream
Event: 12.059 Loading class java/util/zip/DeflaterOutputStream done
Event: 12.059 Loading class java/util/zip/ZipOutputStream done
Event: 12.090 Loading class java/io/FilenameFilter
Event: 12.090 Loading class java/io/FilenameFilter done

Classes unloaded (0 events):
No events

Classes redefined (0 events):
No events

Internal exceptions (20 events):
Event: 4.012 Thread 0x0000010402ec8fd0 Exception <a 'java/lang/ClassNotFoundException'{0x00000000d6c0a7b0}: sun/net/www/protocol/plurl/Handler> (0x00000000d6c0a7b0) 
thrown [s\src\hotspot\share\classfile\systemDictionary.cpp, line 312]
Event: 6.114 Thread 0x0000010402ec8fd0 Exception <a 'java/lang/UnsatisfiedLinkError'{0x00000000d5804c60}: 'void org.eclipse.equinox.launcher.JNIBridge._update_splash()'> (0x00000000d5804c60) 
thrown [s\src\hotspot\share\prims\nativeLookup.cpp, line 415]
Event: 6.163 Thread 0x0000010402e5fe70 Exception <a 'java/lang/NoSuchMethodError'{0x00000000d5a836a8}: 'void java.lang.invoke.DirectMethodHandle$Holder.invokeInterface(java.lang.Object, java.lang.Object, java.lang.Object)'> (0x00000000d5a836a8) 
thrown [s\src\hotspot\share\interpreter\linkResolver.cpp, line 773]
Event: 6.259 Thread 0x0000010462687780 Exception <a 'java/lang/NoSuchMethodError'{0x00000000d5e3eee0}: 'java.lang.Object java.lang.invoke.DirectMethodHandle$Holder.newInvokeSpecial(java.lang.Object, java.lang.Object, int, java.lang.Object)'> (0x00000000d5e3eee0) 
thrown [s\src\hotspot\share\interpreter\linkResolver.cpp, line 773]
Event: 6.260 Thread 0x0000010462687780 Exception <a 'java/lang/NoSuchMethodError'{0x00000000d5e42d10}: 'java.lang.Object java.lang.invoke.DirectMethodHandle$Holder.invokeSpecial(java.lang.Object, java.lang.Object, java.lang.Object, int, java.lang.Object)'> (0x00000000d5e42d10) 
thrown [s\src\hotspot\share\interpreter\linkResolver.cpp, line 773]
Event: 6.272 Thread 0x0000010462687780 Exception <a 'java/lang/NoClassDefFoundError'{0x00000000d5ee9e48}: jakarta/servlet/ServletContainerInitializer> (0x00000000d5ee9e48) 
thrown [s\src\hotspot\share\classfile\systemDictionary.cpp, line 301]
Event: 6.295 Thread 0x0000010462687780 Exception <a 'java/lang/ClassNotFoundException'{0x00000000d604eda8}: sun/util/logging/resources/spi/loggingProvider> (0x00000000d604eda8) 
thrown [s\src\hotspot\share\classfile\systemDictionary.cpp, line 312]
Event: 11.528 Thread 0x0000010462687780 Exception <a 'java/lang/NullPointerException'{0x00000000d6821c10}> (0x00000000d6821c10) 
thrown [s\src\hotspot\share\interpreter\linkResolver.cpp, line 1372]
Event: 11.528 Thread 0x0000010462687780 Exception <a 'java/lang/NullPointerException'{0x00000000d6821ef0}> (0x00000000d6821ef0) 
thrown [s\src\hotspot\share\interpreter\linkResolver.cpp, line 1372]
Event: 11.695 Thread 0x0000010462687780 Exception <a 'java/lang/NoSuchMethodError'{0x00000000d59020e0}: 'long java.lang.invoke.DirectMethodHandle$Holder.invokeSpecial(java.lang.Object, java.lang.Object)'> (0x00000000d59020e0) 
thrown [s\src\hotspot\share\interpreter\linkResolver.cpp, line 773]
Event: 11.729 Thread 0x0000010462687780 Exception <a 'java/io/FileNotFoundException'{0x00000000d5b52200}> (0x00000000d5b52200) 
thrown [s\src\hotspot\share\prims\jni.cpp, line 520]
Event: 11.859 Thread 0x0000010462687780 Exception <a 'java/lang/NoSuchMethodError'{0x00000000d6050220}: 'java.lang.Object java.lang.invoke.Invokers$Holder.linkToTargetMethod(java.lang.Object, long, java.lang.Object)'> (0x00000000d6050220) 
thrown [s\src\hotspot\share\interpreter\linkResolver.cpp, line 773]
Event: 11.928 Thread 0x0000010462687780 Exception <a 'java/lang/NoSuchMethodError'{0x00000000d65875e8}: 'void java.lang.invoke.Invokers$Holder.invokeExact_MT(java.lang.Object, java.lang.Object, java.lang.Object)'> (0x00000000d65875e8) 
thrown [s\src\hotspot\share\interpreter\linkResolver.cpp, line 773]
Event: 11.980 Thread 0x0000010462687780 Exception <a 'java/lang/NoSuchMethodError'{0x00000000d6883000}: 'java.lang.Object java.lang.invoke.DirectMethodHandle$Holder.invokeVirtual(java.lang.Object, java.lang.Object, java.lang.Object)'> (0x00000000d6883000) 
thrown [s\src\hotspot\share\interpreter\linkResolver.cpp, line 773]
Event: 11.980 Thread 0x0000010462687780 Exception <a 'java/lang/NoSuchMethodError'{0x00000000d689ad10}: 'java.lang.Object java.lang.invoke.DelegatingMethodHandle$Holder.reinvoke_L(java.lang.Object, java.lang.Object, java.lang.Object, java.lang.Object, int, int)'> (0x00000000d689ad10) 
thrown [s\src\hotspot\share\interpreter\linkResolver.cpp, line 773]
Event: 11.982 Thread 0x0000010462687780 Exception <a 'java/lang/NoSuchMethodError'{0x00000000d68b70b0}: 'java.lang.Object java.lang.invoke.DirectMethodHandle$Holder.newInvokeSpecial(java.lang.Object, java.lang.Object, java.lang.Object, java.lang.Object, java.lang.Object, java.lang.Object)'> (0x00000000d68b70b0) 
thrown [s\src\hotspot\share\interpreter\linkResolver.cpp, line 773]
Event: 11.984 Thread 0x0000010462687780 Exception <a 'java/lang/NoSuchMethodError'{0x00000000d68e2bd0}: 'void java.lang.invoke.Invokers$Holder.invokeExact_MT(java.lang.Object, java.lang.Object, java.lang.Object, java.lang.Object)'> (0x00000000d68e2bd0) 
thrown [s\src\hotspot\share\interpreter\linkResolver.cpp, line 773]
Event: 12.035 Thread 0x0000010462687780 Exception <a 'java/io/FileNotFoundException'{0x00000000d6baeec8}> (0x00000000d6baeec8) 
thrown [s\src\hotspot\share\prims\jni.cpp, line 520]
Event: 12.036 Thread 0x0000010462687780 Exception <a 'java/io/FileNotFoundException'{0x00000000d6bb6090}> (0x00000000d6bb6090) 
thrown [s\src\hotspot\share\prims\jni.cpp, line 520]
Event: 12.090 Thread 0x0000010462687780 Exception <a 'java/lang/NoSuchMethodError'{0x00000000d5923578}: 'java.lang.Object java.lang.invoke.DirectMethodHandle$Holder.newInvokeSpecial(java.lang.Object, java.lang.Object, java.lang.Object, java.lang.Object, java.lang.Object)'> (0x00000000d5923578) 
thrown [s\src\hotspot\share\interpreter\linkResolver.cpp, line 773]

ZGC Phase Switch (0 events):
No events

VM Operations (20 events):
Event: 7.310 Executing VM operation: HandshakeAllThreads (Deoptimize) done
Event: 8.324 Executing VM operation: Cleanup
Event: 8.324 Executing VM operation: Cleanup done
Event: 9.329 Executing VM operation: Cleanup
Event: 9.330 Executing VM operation: Cleanup done
Event: 10.341 Executing VM operation: Cleanup
Event: 10.341 Executing VM operation: Cleanup done
Event: 11.352 Executing VM operation: Cleanup
Event: 11.352 Executing VM operation: Cleanup done
Event: 11.630 Executing VM operation: HandshakeAllThreads (Deoptimize)
Event: 11.630 Executing VM operation: HandshakeAllThreads (Deoptimize) done
Event: 11.636 Executing VM operation: ParallelGCFailedAllocation (Allocation Failure)
Event: 11.640 Executing VM operation: ParallelGCFailedAllocation (Allocation Failure) done
Event: 12.038 Executing VM operation: ICBufferFull
Event: 12.038 Executing VM operation: ICBufferFull done
Event: 12.046 Executing VM operation: HandshakeAllThreads (Deoptimize)
Event: 12.046 Executing VM operation: HandshakeAllThreads (Deoptimize) done
Event: 12.072 Executing VM operation: ParallelGCFailedAllocation (Allocation Failure)
Event: 12.075 Executing VM operation: ParallelGCFailedAllocation (Allocation Failure) done
Event: 14.100 Executing VM operation: Cleanup

Memory protections (0 events):
No events

Nmethod flushes (0 events):
No events

Events (20 events):
Event: 1.771 Thread 0x0000010402ec8fd0 Thread added: 0x0000010402e625d0
Event: 1.771 Thread 0x0000010402ec8fd0 Thread added: 0x0000010402e60b90
Event: 1.771 Thread 0x0000010402ec8fd0 Thread added: 0x000001045bdc0780
Event: 1.771 Thread 0x0000010402ec8fd0 Thread added: 0x000001045bdc3660
Event: 1.779 Thread 0x000001045bdc3660 Thread added: 0x000001045be72c80
Event: 1.846 Thread 0x0000010402ec8fd0 Thread added: 0x0000010402e62c60
Event: 2.214 Thread 0x0000010402ec8fd0 Thread added: 0x0000010402e5f7e0
Event: 2.671 Thread 0x000001045bdc3660 Thread added: 0x00000104620aa4f0
Event: 3.269 Thread 0x000001045bdc0780 Thread added: 0x00000104625fe550
Event: 3.463 Thread 0x00000104625fe550 Thread exited: 0x00000104625fe550
Event: 3.849 Thread 0x000001045bdc3660 Thread added: 0x000001046267d440
Event: 3.937 Thread 0x0000010402ec8fd0 Thread added: 0x0000010402e61220
Event: 4.223 Thread 0x000001046267d440 Thread exited: 0x000001046267d440
Event: 4.771 Thread 0x00000104620aa4f0 Thread exited: 0x00000104620aa4f0
Event: 6.110 Thread 0x0000010402ec8fd0 Thread added: 0x0000010402e5fe70
Event: 6.168 Thread 0x0000010402e5fe70 Thread added: 0x0000010462689ee0
Event: 6.171 Thread 0x0000010402ec8fd0 Thread added: 0x0000010462687780
Event: 7.137 Thread 0x0000010462687780 Thread added: 0x0000010462687e10
Event: 11.605 Thread 0x0000010462687780 Thread added: 0x00000104626870f0
Event: 11.905 Thread 0x0000010462687780 Thread added: 0x000001046268b290


Dynamic libraries:
0x00007ff7571c0000 - 0x00007ff7571ce000 	c:\Users\jibri\.cursor\extensions\redhat.java-1.52.0-win32-x64\jre\21.0.9-win32-x86_64\bin\java.exe
0x00007fffd74c0000 - 0x00007fffd7728000 	C:\WINDOWS\SYSTEM32\ntdll.dll
0x00007fff91d90000 - 0x00007fff91db0000 	C:\Program Files\Avast Software\Avast\aswhook.dll
0x00007fffd58a0000 - 0x00007fffd5969000 	C:\WINDOWS\System32\KERNEL32.DLL
0x00007fffd3fa0000 - 0x00007fffd4391000 	C:\WINDOWS\System32\KERNELBASE.dll
0x00007fffd43a0000 - 0x00007fffd44eb000 	C:\WINDOWS\System32\ucrtbase.dll
0x00007fffba970000 - 0x00007fffba98e000 	c:\Users\jibri\.cursor\extensions\redhat.java-1.52.0-win32-x64\jre\21.0.9-win32-x86_64\bin\VCRUNTIME140.dll
0x00007fffba6e0000 - 0x00007fffba6f8000 	c:\Users\jibri\.cursor\extensions\redhat.java-1.52.0-win32-x64\jre\21.0.9-win32-x86_64\bin\jli.dll
0x00007fffd5260000 - 0x00007fffd5426000 	C:\WINDOWS\System32\USER32.dll
0x00007fffd5000000 - 0x00007fffd5027000 	C:\WINDOWS\System32\win32u.dll
0x00007fffaa930000 - 0x00007fffaabc3000 	C:\WINDOWS\WinSxS\amd64_microsoft.windows.common-controls_6595b64144ccf1df_6.0.26100.7824_none_3e0870b2e3345462\COMCTL32.dll
0x00007fffd62b0000 - 0x00007fffd62db000 	C:\WINDOWS\System32\GDI32.dll
0x00007fffd5650000 - 0x00007fffd56f9000 	C:\WINDOWS\System32\msvcrt.dll
0x00007fffd4e20000 - 0x00007fffd4f4b000 	C:\WINDOWS\System32\gdi32full.dll
0x00007fffd51b0000 - 0x00007fffd5253000 	C:\WINDOWS\System32\msvcp_win.dll
0x00007fffd5970000 - 0x00007fffd59a1000 	C:\WINDOWS\System32\IMM32.DLL
0x00007fffcdda0000 - 0x00007fffcddac000 	c:\Users\jibri\.cursor\extensions\redhat.java-1.52.0-win32-x64\jre\21.0.9-win32-x86_64\bin\vcruntime140_1.dll
0x00007fff54730000 - 0x00007fff547bd000 	c:\Users\jibri\.cursor\extensions\redhat.java-1.52.0-win32-x64\jre\21.0.9-win32-x86_64\bin\msvcp140.dll
0x00007fff2d010000 - 0x00007fff2ddb0000 	c:\Users\jibri\.cursor\extensions\redhat.java-1.52.0-win32-x64\jre\21.0.9-win32-x86_64\bin\server\jvm.dll
0x00007fffd5b60000 - 0x00007fffd5c14000 	C:\WINDOWS\System32\ADVAPI32.dll
0x00007fffd5c20000 - 0x00007fffd5cc6000 	C:\WINDOWS\System32\sechost.dll
0x00007fffd5a40000 - 0x00007fffd5b58000 	C:\WINDOWS\System32\RPCRT4.dll
0x00007fffd5430000 - 0x00007fffd54a4000 	C:\WINDOWS\System32\WS2_32.dll
0x00007fffd3c00000 - 0x00007fffd3c5e000 	C:\WINDOWS\SYSTEM32\POWRPROF.dll
0x00007fffc5ed0000 - 0x00007fffc5f05000 	C:\WINDOWS\SYSTEM32\WINMM.dll
0x00007fffcdb80000 - 0x00007fffcdb8b000 	C:\WINDOWS\SYSTEM32\VERSION.dll
0x00007fffd3be0000 - 0x00007fffd3bf4000 	C:\WINDOWS\SYSTEM32\UMPDC.dll
0x00007fffd2b10000 - 0x00007fffd2b2b000 	C:\WINDOWS\SYSTEM32\kernel.appcore.dll
0x00007fffbb4b0000 - 0x00007fffbb4ba000 	c:\Users\jibri\.cursor\extensions\redhat.java-1.52.0-win32-x64\jre\21.0.9-win32-x86_64\bin\jimage.dll
0x00007fffd1dd0000 - 0x00007fffd2012000 	C:\WINDOWS\SYSTEM32\DBGHELP.DLL
0x00007fffd5f20000 - 0x00007fffd62a6000 	C:\WINDOWS\System32\combase.dll
0x00007fffd5e40000 - 0x00007fffd5f17000 	C:\WINDOWS\System32\OLEAUT32.dll
0x00007fffc5970000 - 0x00007fffc59ab000 	C:\WINDOWS\SYSTEM32\dbgcore.DLL
0x00007fffd4f50000 - 0x00007fffd4ff5000 	C:\WINDOWS\System32\bcryptPrimitives.dll
0x00007fffbb450000 - 0x00007fffbb45f000 	c:\Users\jibri\.cursor\extensions\redhat.java-1.52.0-win32-x64\jre\21.0.9-win32-x86_64\bin\instrument.dll
0x00007fffa7410000 - 0x00007fffa7430000 	c:\Users\jibri\.cursor\extensions\redhat.java-1.52.0-win32-x64\jre\21.0.9-win32-x86_64\bin\java.dll
0x00007fffd62e0000 - 0x00007fffd6a32000 	C:\WINDOWS\System32\SHELL32.dll
0x00007fffd3e30000 - 0x00007fffd3f9a000 	C:\WINDOWS\System32\wintypes.dll
0x00007fffd45b0000 - 0x00007fffd4e13000 	C:\WINDOWS\System32\windows.storage.dll
0x00007fffd6ec0000 - 0x00007fffd6fb6000 	C:\WINDOWS\System32\SHCORE.dll
0x00007fffd5cd0000 - 0x00007fffd5d37000 	C:\WINDOWS\System32\shlwapi.dll
0x00007fffd3cc0000 - 0x00007fffd3ce9000 	C:\WINDOWS\SYSTEM32\profapi.dll
0x00007fffac540000 - 0x00007fffac558000 	c:\Users\jibri\.cursor\extensions\redhat.java-1.52.0-win32-x64\jre\21.0.9-win32-x86_64\bin\zip.dll
0x00007fffcf320000 - 0x00007fffcf330000 	C:\Users\jibri\.cursor\extensions\redhat.java-1.52.0-win32-x64\jre\21.0.9-win32-x86_64\bin\net.dll
0x00007fffc9270000 - 0x00007fffc9397000 	C:\WINDOWS\SYSTEM32\WINHTTP.dll
0x00007fffd3090000 - 0x00007fffd30fb000 	C:\WINDOWS\system32\mswsock.dll
0x00007fff9e3b0000 - 0x00007fff9e3c6000 	C:\Users\jibri\.cursor\extensions\redhat.java-1.52.0-win32-x64\jre\21.0.9-win32-x86_64\bin\nio.dll
0x00007fffbb600000 - 0x00007fffbb610000 	c:\Users\jibri\.cursor\extensions\redhat.java-1.52.0-win32-x64\jre\21.0.9-win32-x86_64\bin\verify.dll
0x00007fffa39a0000 - 0x00007fffa39e5000 	C:\Users\jibri\AppData\Roaming\Cursor\User\globalStorage\redhat.java\1.52.0\config_win\org.eclipse.equinox.launcher\org.eclipse.equinox.launcher.win32.win32.x86_64_1.2.1500.v20260121-1430\eclipse_11919.dll
0x00007fffd54b0000 - 0x00007fffd5647000 	C:\WINDOWS\System32\ole32.dll

JVMTI agents:
c:\Users\jibri\.cursor\extensions\redhat.java-1.52.0-win32-x64\lombok\lombok-1.18.39-4050.jar path:c:\Users\jibri\.cursor\extensions\redhat.java-1.52.0-win32-x64\jre\21.0.9-win32-x86_64\bin\instrument.dll, loaded, initialized, instrumentlib options:none

dbghelp: loaded successfully - version: 4.0.5 - missing functions: none
symbol engine: initialized successfully - sym options: 0x614 - pdb path: .;c:\Users\jibri\.cursor\extensions\redhat.java-1.52.0-win32-x64\jre\21.0.9-win32-x86_64\bin;C:\WINDOWS\SYSTEM32;C:\Program Files\Avast Software\Avast;C:\WINDOWS\WinSxS\amd64_microsoft.windows.common-controls_6595b64144ccf1df_6.0.26100.7824_none_3e0870b2e3345462;c:\Users\jibri\.cursor\extensions\redhat.java-1.52.0-win32-x64\jre\21.0.9-win32-x86_64\bin\server;C:\Users\jibri\AppData\Roaming\Cursor\User\globalStorage\redhat.java\1.52.0\config_win\org.eclipse.equinox.launcher\org.eclipse.equinox.launcher.win32.win32.x86_64_1.2.1500.v20260121-1430

VM Arguments:
jvm_args: --add-modules=ALL-SYSTEM --add-opens=java.base/java.util=ALL-UNNAMED --add-opens=java.base/java.lang=ALL-UNNAMED --add-opens=java.base/sun.nio.fs=ALL-UNNAMED -Declipse.application=org.eclipse.jdt.ls.core.id1 -Dosgi.bundles.defaultStartLevel=4 -Declipse.product=org.eclipse.jdt.ls.core.product -Djava.import.generatesMetadataFilesAtProjectRoot=false -DDetectVMInstallationsJob.disabled=true -Dfile.encoding=utf8 -XX:+UseParallelGC -XX:GCTimeRatio=4 -XX:AdaptiveSizePolicyWeight=90 -Dsun.zip.disableMemoryMapping=true -Xmx2G -Xms100m -Xlog:disable -javaagent:c:\Users\jibri\.cursor\extensions\redhat.java-1.52.0-win32-x64\lombok\lombok-1.18.39-4050.jar -XX:+HeapDumpOnOutOfMemoryError -XX:HeapDumpPath=c:\Users\jibri\AppData\Roaming\Cursor\User\workspaceStorage\8b75b7c593fc459511d45e689933c160\redhat.java -Daether.dependencyCollector.impl=bf 
java_command: c:\Users\jibri\.cursor\extensions\redhat.java-1.52.0-win32-x64\server\plugins\org.eclipse.equinox.launcher_1.7.100.v20251111-0406.jar -configuration c:\Users\jibri\AppData\Roaming\Cursor\User\globalStorage\redhat.java\1.52.0\config_win -data c:\Users\jibri\AppData\Roaming\Cursor\User\workspaceStorage\8b75b7c593fc459511d45e689933c160\redhat.java\jdt_ws --pipe=\\.\pipe\lsp-51e6eca7574c3861786f2628edf6b7a5-sock
java_class_path (initial): c:\Users\jibri\.cursor\extensions\redhat.java-1.52.0-win32-x64\server\plugins\org.eclipse.equinox.launcher_1.7.100.v20251111-0406.jar
Launcher Type: SUN_STANDARD

[Global flags]
    uintx AdaptiveSizePolicyWeight                 = 90                                        {product} {command line}
     intx CICompilerCount                          = 12                                        {product} {ergonomic}
    uintx GCTimeRatio                              = 4                                         {product} {command line}
     bool HeapDumpOnOutOfMemoryError               = true                                   {manageable} {command line}
    ccstr HeapDumpPath                             = c:\Users\jibri\AppData\Roaming\Cursor\User\workspaceStorage\8b75b7c593fc459511d45e689933c160\redhat.java         {manageable} {command line}
   size_t InitialHeapSize                          = 104857600                                 {product} {command line}
   size_t MaxHeapSize                              = 2147483648                                {product} {command line}
   size_t MaxNewSize                               = 715653120                                 {product} {ergonomic}
   size_t MinHeapDeltaBytes                        = 524288                                    {product} {ergonomic}
   size_t MinHeapSize                              = 104857600                                 {product} {command line}
   size_t NewSize                                  = 34603008                                  {product} {ergonomic}
    uintx NonNMethodCodeHeapSize                   = 7602480                                {pd product} {ergonomic}
    uintx NonProfiledCodeHeapSize                  = 122027880                              {pd product} {ergonomic}
   size_t OldSize                                  = 70254592                                  {product} {ergonomic}
    uintx ProfiledCodeHeapSize                     = 122027880                              {pd product} {ergonomic}
    uintx ReservedCodeCacheSize                    = 251658240                              {pd product} {ergonomic}
     bool SegmentedCodeCache                       = true                                      {product} {ergonomic}
   size_t SoftMaxHeapSize                          = 2147483648                             {manageable} {ergonomic}
     bool UseCompressedOops                        = true                           {product lp64_product} {ergonomic}
     bool UseLargePagesIndividualAllocation        = false                                  {pd product} {ergonomic}
     bool UseParallelGC                            = true                                      {product} {command line}

Logging:
Log output configuration:
 #0: stdout all=off uptime,level,tags foldmultilines=false
 #1: stderr all=off uptime,level,tags foldmultilines=false

Release file:
JAVA_VERSION="21.0.9" 
MODULES="java.base java.compiler java.datatransfer java.xml java.prefs java.desktop java.instrument java.logging java.management java.security.sasl java.naming java.rmi java.management.rmi java.net.http java.scripting java.security.jgss java.transaction.xa java.sql java.sql.rowset java.xml.crypto java.se java.smartcardio jdk.accessibility jdk.internal.jvmstat jdk.attach jdk.charsets jdk.internal.opt jdk.zipfs jdk.compiler jdk.crypto.ec jdk.crypto.cryptoki jdk.crypto.mscapi jdk.dynalink jdk.internal.ed jdk.editpad jdk.hotspot.agent jdk.httpserver jdk.internal.le jdk.internal.vm.ci jdk.internal.vm.compiler jdk.internal.vm.compiler.management jdk.jartool jdk.javadoc jdk.jcmd jdk.management jdk.management.agent jdk.jconsole jdk.jdeps jdk.jdwp.agent jdk.jdi jdk.jfr jdk.jshell jdk.jsobject jdk.jstatd jdk.localedata jdk.management.jfr jdk.naming.dns jdk.naming.rmi jdk.net jdk.nio.mapmode jdk.random jdk.sctp jdk.security.auth jdk.security.jgss jdk.unsupported jdk.unsupported.desktop jdk.xml.dom" 

Environment Variables:
JAVA_HOME=C:\Program Files\Java\jdk-17
PATH=C:\Program Files\Microsoft\jdk-17.0.16.8-hotspot\bin;C:\ProgramData\Oracle\Java\javapath;C:\Program Files\NVIDIA GPU Computing Toolkit\CUDA\v12.8\bin;C:\Program Files\NVIDIA GPU Computing Toolkit\CUDA\v12.8\libnvvp;C:\Program Files\Common Files\Oracle\Java\javapath;C:\PHP\;C:\Windows\system32;C:\Windows;C:\Windows\System32\Wbem;C:\Windows\System32\WindowsPowerShell\v1.0\;C:\Windows\System32\OpenSSH\;C:\Program Files (x86)\NVIDIA Corporation\PhysX\Common;C:\Program Files\Microsoft SQL Server\150\Tools\Binn\;C:\Program Files\Microsoft SQL Server\Client SDK\ODBC\170\Tools\Binn\;C:\ProgramData\ComposerSetup\bin;C:\Users\jibri\.config\herd\bin\nvm;C:\Program Files\nodejs;C:\Program Files\Java\jdk-17\bin;C:\xampp\php;C:\WINDOWS\system32;C:\WINDOWS;C:\WINDOWS\System32\Wbem;C:\WINDOWS\System32\WindowsPowerShell\v1.0\;C:\WINDOWS\System32\OpenSSH\;C:\Program Files\nodejs\;C:\Program Files\Git\cmd;C:\Program Files\Git\bin;C:\Users\jibri\AppData\Local\Pub\Cache\bin;C:\Program Files\NVIDIA Corporation\NVIDIA app\NvDLISR;C:\Program Files\heroku\bin;C:\Program Files\NVIDIA Corporation\Nsight Compute 2025.1.1\;C:\ProgramData\chocolatey\bin;C:\Users\jibri\AppData\Local\Programs\Python\Python310\Scripts;C:\Program Files\dotnet\;C:\Program Files (x86)\Windows Kits\10\Windows Performance Toolkit\;C:\Users\jibri\AppData\Local\Android\Sdk\platform-tools;C:\Program Files\Docker\Docker\resources\bin;C:\Users\jibri\AppData\Local\Programs\Python\Python310\Scripts\;C:\Users\jibri\AppData\Local\Programs\Python\Python310\;C:\Users\jibri\.config\herd\bin;C:\Program Files\MySQL\MySQL Shell 8.0\bin\;C:\Users\jibri\AppData\Local\Microsoft\WindowsApps;C:\Users\jibri\AppData\Local\Programs\Microsoft VS Code\bin;C:\Users\jibri\AppData\Roaming\Composer\vendor\bin;C:\flutter\flutter\bin;C:\Users\jibri\AppData\Roaming\npm;C:\Program Files\Git;C:\Users\jibri\AppData\Local\Pub\Cache\bin;C:\Program Files\heroku\bin;C:\Users\jibri\.dotnet\tools;C:\AppServ\Apache24\bin;C:\AppServ\php5;C:\AppServ\MySQL\bin;C:\Users\jibri\AppData\Local\Android\Sdk\build-tools;C:\ProgramData\chocolatey\bin;C:\Program Files\nodejs\;C:\Users\jibri\AppData\Local\Programs\Antigravity\bin;C:\Users\jibri\AppData\Local\Programs\cursor\resources\app\bin
USERNAME=jibri
OS=Windows_NT
PROCESSOR_IDENTIFIER=Intel64 Family 6 Model 191 Stepping 2, GenuineIntel
TMP=C:\Users\jibri\AppData\Local\Temp
TEMP=C:\Users\jibri\AppData\Local\Temp




Periodic native trim disabled

---------------  S Y S T E M  ---------------

OS:
 Windows 11 , 64 bit Build 26100 (10.0.26100.7705)
OS uptime: 8 days 22:30 hours
Hyper-V role detected

CPU: total 20 (initial active 20) (10 cores per cpu, 2 threads per core) family 6 model 191 stepping 2 microcode 0x2c, cx8, cmov, fxsr, ht, mmx, 3dnowpref, sse, sse2, sse3, ssse3, sse4.1, sse4.2, popcnt, lzcnt, tsc, tscinvbit, avx, avx2, aes, erms, clmul, bmi1, bmi2, adx, sha, fma, vzeroupper, clflush, clflushopt, clwb, hv, serialize, rdtscp, rdpid, fsrm, f16c, cet_ibt, cet_ss
Processor Information for processor 0
  Max Mhz: 2500, Current Mhz: 2500, Mhz Limit: 2500
Processor Information for processor 1
  Max Mhz: 2500, Current Mhz: 2500, Mhz Limit: 2500
Processor Information for processor 2
  Max Mhz: 2500, Current Mhz: 2500, Mhz Limit: 2500
Processor Information for processor 3
  Max Mhz: 2500, Current Mhz: 2500, Mhz Limit: 2500
Processor Information for processor 4
  Max Mhz: 2500, Current Mhz: 2500, Mhz Limit: 2500
Processor Information for processor 5
  Max Mhz: 2500, Current Mhz: 2500, Mhz Limit: 2500
Processor Information for processor 6
  Max Mhz: 2500, Current Mhz: 2500, Mhz Limit: 2500
Processor Information for processor 7
  Max Mhz: 2500, Current Mhz: 2500, Mhz Limit: 2500
Processor Information for processor 8
  Max Mhz: 2500, Current Mhz: 2500, Mhz Limit: 2500
Processor Information for processor 9
  Max Mhz: 2500, Current Mhz: 2500, Mhz Limit: 2500
Processor Information for processor 10
  Max Mhz: 2500, Current Mhz: 2500, Mhz Limit: 2500
Processor Information for processor 11
  Max Mhz: 2500, Current Mhz: 2500, Mhz Limit: 2500
Processor Information for processor 12
  Max Mhz: 2500, Current Mhz: 1800, Mhz Limit: 1800
Processor Information for processor 13
  Max Mhz: 2500, Current Mhz: 1800, Mhz Limit: 1800
Processor Information for processor 14
  Max Mhz: 2500, Current Mhz: 1800, Mhz Limit: 1800
Processor Information for processor 15
  Max Mhz: 2500, Current Mhz: 1800, Mhz Limit: 1800
Processor Information for processor 16
  Max Mhz: 2500, Current Mhz: 1800, Mhz Limit: 1800
Processor Information for processor 17
  Max Mhz: 2500, Current Mhz: 1800, Mhz Limit: 1800
Processor Information for processor 18
  Max Mhz: 2500, Current Mhz: 1800, Mhz Limit: 1800
Processor Information for processor 19
  Max Mhz: 2500, Current Mhz: 1800, Mhz Limit: 1800

Memory: 4k page, system-wide physical 7911M (335M free)
TotalPageFile size 32487M (AvailPageFile size 2M)
current process WorkingSet (physical memory assigned to process): 129M, peak: 129M
current process commit charge ("private bytes"): 294M, peak: 295M

vm_info: OpenJDK 64-Bit Server VM (21.0.9+10-LTS) for windows-amd64 JRE (21.0.9+10-LTS), built on 2025-10-21T00:00:00Z by "admin" with unknown MS VC++:1942

END.
