#
# There is insufficient memory for the Java Runtime Environment to continue.
# Native memory allocation (malloc) failed to allocate 2219856 bytes. Error detail: Chunk::new
# Possible reasons:
#   The system is out of physical RAM or swap space
#   This process is running with CompressedOops enabled, and the Java Heap may be blocking the growth of the native heap
# Possible solutions:
#   Reduce memory load on the system
#   Increase physical memory or swap space
#   Check if swap backing store is full
#   Decrease Java heap size (-Xmx/-Xms)
#   Decrease number of Java threads
#   Decrease Java thread stack sizes (-Xss)
#   Set larger code cache with -XX:ReservedCodeCacheSize=
#   JVM is running with Unscaled Compressed Oops mode in which the Java heap is
#     placed in the first 4GB address space. The Java Heap base address is the
#     maximum limit for the native heap growth. Please use -XX:HeapBaseMinAddress
#     to set the Java Heap base and to place the Java Heap above 4GB virtual address.
# This output file may be truncated or incomplete.
#
#  Out of Memory Error (arena.cpp:168), pid=25192, tid=18188
#
# JRE version: OpenJDK Runtime Environment Temurin-21.0.10+7 (21.0.10+7) (build 21.0.10+7-LTS)
# Java VM: OpenJDK 64-Bit Server VM Temurin-21.0.10+7 (21.0.10+7-LTS, mixed mode, sharing, tiered, compressed oops, compressed class ptrs, parallel gc, windows-amd64)
# No core dump will be written. Minidumps are not enabled by default on client versions of Windows
#

---------------  S U M M A R Y ------------

Command Line: --add-modules=ALL-SYSTEM --add-opens=java.base/java.util=ALL-UNNAMED --add-opens=java.base/java.lang=ALL-UNNAMED --add-opens=java.base/sun.nio.fs=ALL-UNNAMED -Declipse.application=org.eclipse.jdt.ls.core.id1 -Dosgi.bundles.defaultStartLevel=4 -Declipse.product=org.eclipse.jdt.ls.core.product -Djava.import.generatesMetadataFilesAtProjectRoot=false -DDetectVMInstallationsJob.disabled=true -Dfile.encoding=utf8 -XX:+UseParallelGC -XX:GCTimeRatio=4 -XX:AdaptiveSizePolicyWeight=90 -Dsun.zip.disableMemoryMapping=true -Xmx2G -Xms100m -Xlog:disable -javaagent:c:\Users\jibri\.cursor\extensions\redhat.java-1.53.0-win32-x64\lombok\lombok-1.18.39-4050.jar -XX:+HeapDumpOnOutOfMemoryError -XX:HeapDumpPath=c:\Users\jibri\AppData\Roaming\Cursor\User\workspaceStorage\8b75b7c593fc459511d45e689933c160\redhat.java -Daether.dependencyCollector.impl=bf c:\Users\jibri\.cursor\extensions\redhat.java-1.53.0-win32-x64\server\plugins\org.eclipse.equinox.launcher_1.7.100.v20251111-0406.jar -configuration c:\Users\jibri\AppData\Roaming\Cursor\User\globalStorage\redhat.java\1.53.0\config_win -data c:\Users\jibri\AppData\Roaming\Cursor\User\workspaceStorage\8b75b7c593fc459511d45e689933c160\redhat.java\jdt_ws --pipe=\\.\pipe\lsp-6648af887ed7315731cbadf2ff03c2dd-sock

Host: 13th Gen Intel(R) Core(TM) i5-13500HX, 20 cores, 7G,  Windows 11 , 64 bit Build 26100 (10.0.26100.7705)
Time: Wed Mar  4 12:32:56 2026 Malay Peninsula Standard Time elapsed time: 18.490295 seconds (0d 0h 0m 18s)

---------------  T H R E A D  ---------------

Current thread (0x00000198eb213b90):  JavaThread "C2 CompilerThread0" daemon [_thread_in_native, id=18188, stack(0x0000006c22400000,0x0000006c22500000) (1024K)]


Current CompileTask:
C2:18490 13470       4       lombok.eclipse.EclipseAST::drill (80 bytes)

Stack: [0x0000006c22400000,0x0000006c22500000]
Native frames: (J=compiled Java code, j=interpreted, Vv=VM code, C=native code)
V  [jvm.dll+0x6d7a39]
V  [jvm.dll+0x8b4b26]
V  [jvm.dll+0x8b70de]
V  [jvm.dll+0x8b77c3]
V  [jvm.dll+0x284346]
V  [jvm.dll+0xc66ed]
V  [jvm.dll+0xc6c31]
V  [jvm.dll+0x3bec01]
V  [jvm.dll+0x1e3d62]
V  [jvm.dll+0x24c6b3]
V  [jvm.dll+0x24bb40]
V  [jvm.dll+0x1cb34e]
V  [jvm.dll+0x25b85d]
V  [jvm.dll+0x259dea]
V  [jvm.dll+0x3f857e]
V  [jvm.dll+0x85f59d]
V  [jvm.dll+0x6d626d]
C  [ucrtbase.dll+0x37b0]
C  [KERNEL32.DLL+0x2e8d7]
C  [ntdll.dll+0x8c40c]


---------------  P R O C E S S  ---------------

Threads class SMR info:
_java_thread_list=0x00000198f4c37fd0, length=115, elements={
0x00000198923fbc50, 0x00000198923893a0, 0x00000198924ae670, 0x00000198923916b0,
0x00000198923927f0, 0x0000019892396420, 0x000001989239b120, 0x00000198eb213b90,
0x00000198eb215210, 0x00000198eb217420, 0x00000198eb4dad30, 0x00000198ed1ab8f0,
0x00000198f2433860, 0x00000198f235df10, 0x00000198f21a9080, 0x00000198f21a9ac0,
0x00000198f2759930, 0x00000198f26f7190, 0x00000198f29d7f90, 0x00000198f2f5f5d0,
0x00000198f2f5ce70, 0x00000198f2f5e8b0, 0x00000198f2f5c7e0, 0x00000198f2f5e220,
0x00000198f2f5d500, 0x00000198f2f5ef40, 0x00000198f58426f0, 0x00000198f58419d0,
0x00000198f5842d80, 0x00000198f5843aa0, 0x00000198f5842060, 0x00000198f5843410,
0x00000198f5844130, 0x00000198f58447c0, 0x00000198f5844e50, 0x00000198f3af7fe0,
0x00000198f3afa0b0, 0x00000198f3afa740, 0x00000198f3afadd0, 0x00000198f3af8d00,
0x00000198f3afbaf0, 0x00000198f3af8670, 0x00000198f3afc810, 0x00000198f3af9390,
0x00000198f3afb460, 0x00000198f3afc180, 0x00000198f3afcea0, 0x00000198f3af9a20,
0x00000198f3afd530, 0x00000198f3afdbc0, 0x00000198f3aff600, 0x00000198f37460d0,
0x00000198f37481a0, 0x00000198f3747b10, 0x00000198f3744d20, 0x00000198f3746760,
0x00000198f3746df0, 0x00000198f3ebb220, 0x00000198f3749550, 0x00000198f374b620,
0x00000198f3748ec0, 0x00000198f374a900, 0x00000198f374bcb0, 0x00000198f374a270,
0x00000198f374c340, 0x00000198f374af90, 0x00000198f3749be0, 0x00000198f2b227e0,
0x00000198f2b22e70, 0x00000198f2b23b90, 0x00000198f2b24220, 0x00000198f2b22150,
0x00000198f2b21ac0, 0x00000198f2b23500, 0x00000198f2b20da0, 0x00000198f2b248b0,
0x00000198f2b21430, 0x00000198f2b27010, 0x00000198f2b27d30, 0x00000198f2b276a0,
0x00000198f2b283c0, 0x00000198f2b26980, 0x00000198f2b24f40, 0x00000198f2b255d0,
0x00000198f2b25c60, 0x00000198f2b262f0, 0x00000198f3da5fe0, 0x00000198f3da2b60,
0x00000198f3da6670, 0x00000198f3da4c30, 0x00000198f3da52c0, 0x00000198f3da45a0,
0x00000198f3da5950, 0x00000198f3eb6e00, 0x00000198f3da6d00, 0x00000198f3da3880,
0x00000198f3da7390, 0x00000198f3da3f10, 0x00000198f3da7a20, 0x00000198f3da8dd0,
0x00000198f3da80b0, 0x00000198f3da8740, 0x00000198f3da9460, 0x00000198f3da9af0,
0x00000198f3daa180, 0x00000198ed151e90, 0x00000198ed150450, 0x00000198ed150ae0,
0x00000198ed151170, 0x00000198ed14fdc0, 0x00000198ed151800, 0x00000198ed152520,
0x00000198ed14f0a0, 0x00000198eb2181c0, 0x00000198ffe6bcd0
}

Java Threads: ( => current thread )
  0x00000198923fbc50 JavaThread "main"                              [_thread_blocked, id=14888, stack(0x0000006c21a00000,0x0000006c21b00000) (1024K)]
  0x00000198923893a0 JavaThread "Reference Handler"          daemon [_thread_blocked, id=18392, stack(0x0000006c21e00000,0x0000006c21f00000) (1024K)]
  0x00000198924ae670 JavaThread "Finalizer"                  daemon [_thread_blocked, id=18064, stack(0x0000006c21f00000,0x0000006c22000000) (1024K)]
  0x00000198923916b0 JavaThread "Signal Dispatcher"          daemon [_thread_blocked, id=19348, stack(0x0000006c22000000,0x0000006c22100000) (1024K)]
  0x00000198923927f0 JavaThread "Attach Listener"            daemon [_thread_blocked, id=26864, stack(0x0000006c22100000,0x0000006c22200000) (1024K)]
  0x0000019892396420 JavaThread "Service Thread"             daemon [_thread_blocked, id=21792, stack(0x0000006c22200000,0x0000006c22300000) (1024K)]
  0x000001989239b120 JavaThread "Monitor Deflation Thread"   daemon [_thread_blocked, id=22416, stack(0x0000006c22300000,0x0000006c22400000) (1024K)]
=>0x00000198eb213b90 JavaThread "C2 CompilerThread0"         daemon [_thread_in_native, id=18188, stack(0x0000006c22400000,0x0000006c22500000) (1024K)]
  0x00000198eb215210 JavaThread "C1 CompilerThread0"         daemon [_thread_blocked, id=29500, stack(0x0000006c22500000,0x0000006c22600000) (1024K)]
  0x00000198eb217420 JavaThread "C1 CompilerThread1"         daemon [_thread_blocked, id=3560, stack(0x0000006c22600000,0x0000006c22700000) (1024K)]
  0x00000198eb4dad30 JavaThread "Common-Cleaner"             daemon [_thread_blocked, id=26144, stack(0x0000006c22b00000,0x0000006c22c00000) (1024K)]
  0x00000198ed1ab8f0 JavaThread "Notification Thread"        daemon [_thread_blocked, id=24220, stack(0x0000006c22c00000,0x0000006c22d00000) (1024K)]
  0x00000198f2433860 JavaThread "Active Thread: Equinox Container: 8434132c-9747-49b9-9903-a9f618555994"        [_thread_blocked, id=35308, stack(0x0000006c23400000,0x0000006c23500000) (1024K)]
  0x00000198f235df10 JavaThread "Refresh Thread: Equinox Container: 8434132c-9747-49b9-9903-a9f618555994" daemon [_thread_blocked, id=33228, stack(0x0000006c23600000,0x0000006c23700000) (1024K)]
  0x00000198f21a9080 JavaThread "Framework Event Dispatcher: Equinox Container: 8434132c-9747-49b9-9903-a9f618555994" daemon [_thread_blocked, id=37072, stack(0x0000006c23700000,0x0000006c23800000) (1024K)]
  0x00000198f21a9ac0 JavaThread "Start Level: Equinox Container: 8434132c-9747-49b9-9903-a9f618555994" daemon [_thread_blocked, id=28108, stack(0x0000006c23800000,0x0000006c23900000) (1024K)]
  0x00000198f2759930 JavaThread "Bundle File Closer"         daemon [_thread_blocked, id=32372, stack(0x0000006c23c00000,0x0000006c23d00000) (1024K)]
  0x00000198f26f7190 JavaThread "SCR Component Actor"        daemon [_thread_blocked, id=33916, stack(0x0000006c23d00000,0x0000006c23e00000) (1024K)]
  0x00000198f29d7f90 JavaThread "Worker-JM"                         [_thread_blocked, id=18008, stack(0x0000006c23e00000,0x0000006c23f00000) (1024K)]
  0x00000198f2f5f5d0 JavaThread "JNA Cleaner"                daemon [_thread_blocked, id=33440, stack(0x0000006c24200000,0x0000006c24300000) (1024K)]
  0x00000198f2f5ce70 JavaThread "Worker-0"                          [_thread_blocked, id=36708, stack(0x0000006c24300000,0x0000006c24400000) (1024K)]
  0x00000198f2f5e8b0 JavaThread "Worker-1"                          [_thread_blocked, id=30500, stack(0x0000006c24400000,0x0000006c24500000) (1024K)]
  0x00000198f2f5c7e0 JavaThread "Worker-2"                          [_thread_blocked, id=35716, stack(0x0000006c24500000,0x0000006c24600000) (1024K)]
  0x00000198f2f5e220 JavaThread "Java indexing"              daemon [_thread_blocked, id=23132, stack(0x0000006c24600000,0x0000006c24700000) (1024K)]
  0x00000198f2f5d500 JavaThread "Worker-3"                          [_thread_blocked, id=23584, stack(0x0000006c24900000,0x0000006c24a00000) (1024K)]
  0x00000198f2f5ef40 JavaThread "Thread-1"                   daemon [_thread_in_native, id=35080, stack(0x0000006c24a00000,0x0000006c24b00000) (1024K)]
  0x00000198f58426f0 JavaThread "Worker-4"                          [_thread_blocked, id=20388, stack(0x0000006c24b00000,0x0000006c24c00000) (1024K)]
  0x00000198f58419d0 JavaThread "Thread-2"                   daemon [_thread_in_native, id=5392, stack(0x0000006c24c00000,0x0000006c24d00000) (1024K)]
  0x00000198f5842d80 JavaThread "Thread-3"                   daemon [_thread_in_native, id=33404, stack(0x0000006c24d00000,0x0000006c24e00000) (1024K)]
  0x00000198f5843aa0 JavaThread "Thread-4"                   daemon [_thread_in_native, id=31920, stack(0x0000006c24e00000,0x0000006c24f00000) (1024K)]
  0x00000198f5842060 JavaThread "Thread-5"                   daemon [_thread_in_native, id=29324, stack(0x0000006c24f00000,0x0000006c25000000) (1024K)]
  0x00000198f5843410 JavaThread "Thread-6"                   daemon [_thread_in_native, id=35552, stack(0x0000006c25000000,0x0000006c25100000) (1024K)]
  0x00000198f5844130 JavaThread "Thread-7"                   daemon [_thread_in_native, id=25808, stack(0x0000006c25100000,0x0000006c25200000) (1024K)]
  0x00000198f58447c0 JavaThread "Thread-8"                   daemon [_thread_in_native, id=17356, stack(0x0000006c25200000,0x0000006c25300000) (1024K)]
  0x00000198f5844e50 JavaThread "Thread-9"                   daemon [_thread_in_native, id=24844, stack(0x0000006c25300000,0x0000006c25400000) (1024K)]
  0x00000198f3af7fe0 JavaThread "Thread-10"                  daemon [_thread_in_native, id=34156, stack(0x0000006c25400000,0x0000006c25500000) (1024K)]
  0x00000198f3afa0b0 JavaThread "Thread-11"                  daemon [_thread_in_native, id=34936, stack(0x0000006c25500000,0x0000006c25600000) (1024K)]
  0x00000198f3afa740 JavaThread "Thread-12"                  daemon [_thread_in_native, id=11768, stack(0x0000006c25600000,0x0000006c25700000) (1024K)]
  0x00000198f3afadd0 JavaThread "Thread-13"                  daemon [_thread_in_native, id=37244, stack(0x0000006c25700000,0x0000006c25800000) (1024K)]
  0x00000198f3af8d00 JavaThread "Thread-14"                  daemon [_thread_in_native, id=34920, stack(0x0000006c25800000,0x0000006c25900000) (1024K)]
  0x00000198f3afbaf0 JavaThread "Thread-15"                  daemon [_thread_in_native, id=32876, stack(0x0000006c25900000,0x0000006c25a00000) (1024K)]
  0x00000198f3af8670 JavaThread "Thread-16"                  daemon [_thread_in_native, id=31180, stack(0x0000006c25a00000,0x0000006c25b00000) (1024K)]
  0x00000198f3afc810 JavaThread "Thread-17"                  daemon [_thread_in_native, id=23884, stack(0x0000006c25b00000,0x0000006c25c00000) (1024K)]
  0x00000198f3af9390 JavaThread "Thread-18"                  daemon [_thread_in_native, id=29392, stack(0x0000006c25c00000,0x0000006c25d00000) (1024K)]
  0x00000198f3afb460 JavaThread "Thread-19"                  daemon [_thread_in_native, id=33324, stack(0x0000006c25d00000,0x0000006c25e00000) (1024K)]
  0x00000198f3afc180 JavaThread "Thread-20"                  daemon [_thread_in_native, id=37456, stack(0x0000006c25e00000,0x0000006c25f00000) (1024K)]
  0x00000198f3afcea0 JavaThread "Thread-21"                  daemon [_thread_in_native, id=14056, stack(0x0000006c25f00000,0x0000006c26000000) (1024K)]
  0x00000198f3af9a20 JavaThread "pool-2-thread-1"                   [_thread_blocked, id=12948, stack(0x0000006c26000000,0x0000006c26100000) (1024K)]
  0x00000198f3afd530 JavaThread "WorkspaceEventsHandler"            [_thread_blocked, id=7496, stack(0x0000006c26100000,0x0000006c26200000) (1024K)]
  0x00000198f3afdbc0 JavaThread "pool-1-thread-1"                   [_thread_blocked, id=20332, stack(0x0000006c26200000,0x0000006c26300000) (1024K)]
  0x00000198f3aff600 JavaThread "Worker-5: Building"                [_thread_blocked, id=29316, stack(0x0000006c26300000,0x0000006c26400000) (1024K)]
  0x00000198f37460d0 JavaThread "Timer-0"                           [_thread_blocked, id=1420, stack(0x0000006c22a00000,0x0000006c22b00000) (1024K)]
  0x00000198f37481a0 JavaThread "Worker-6: Java indexing... "        [_thread_blocked, id=35572, stack(0x0000006c22700000,0x0000006c22800000) (1024K)]
  0x00000198f3747b10 JavaThread "ForkJoinPool.commonPool-worker-1" daemon [_thread_blocked, id=19464, stack(0x0000006c22900000,0x0000006c22a00000) (1024K)]
  0x00000198f3744d20 JavaThread "ForkJoinPool.commonPool-worker-2" daemon [_thread_blocked, id=23284, stack(0x0000006c26400000,0x0000006c26500000) (1024K)]
  0x00000198f3746760 JavaThread "ForkJoinPool.commonPool-worker-3" daemon [_thread_blocked, id=5676, stack(0x0000006c26600000,0x0000006c26700000) (1024K)]
  0x00000198f3746df0 JavaThread "ForkJoinPool.commonPool-worker-4" daemon [_thread_blocked, id=30488, stack(0x0000006c26700000,0x0000006c26800000) (1024K)]
  0x00000198f3ebb220 JavaThread "C1 CompilerThread2"         daemon [_thread_blocked, id=3460, stack(0x0000006c26900000,0x0000006c26a00000) (1024K)]
  0x00000198f3749550 JavaThread "LocalFile Deleter"          daemon [_thread_blocked, id=35880, stack(0x0000006c26a00000,0x0000006c26b00000) (1024K)]
  0x00000198f374b620 JavaThread "LocalFile Deleter"          daemon [_thread_blocked, id=36108, stack(0x0000006c26b00000,0x0000006c26c00000) (1024K)]
  0x00000198f3748ec0 JavaThread "LocalFile Deleter"          daemon [_thread_blocked, id=27000, stack(0x0000006c26c00000,0x0000006c26d00000) (1024K)]
  0x00000198f374a900 JavaThread "LocalFile Deleter"          daemon [_thread_blocked, id=21044, stack(0x0000006c26d00000,0x0000006c26e00000) (1024K)]
  0x00000198f374bcb0 JavaThread "LocalFile Deleter"          daemon [_thread_blocked, id=26304, stack(0x0000006c26e00000,0x0000006c26f00000) (1024K)]
  0x00000198f374a270 JavaThread "LocalFile Deleter"          daemon [_thread_blocked, id=21960, stack(0x0000006c26f00000,0x0000006c27000000) (1024K)]
  0x00000198f374c340 JavaThread "LocalFile Deleter"          daemon [_thread_blocked, id=34228, stack(0x0000006c27000000,0x0000006c27100000) (1024K)]
  0x00000198f374af90 JavaThread "LocalFile Deleter"          daemon [_thread_blocked, id=2128, stack(0x0000006c27100000,0x0000006c27200000) (1024K)]
  0x00000198f3749be0 JavaThread "LocalFile Deleter"          daemon [_thread_blocked, id=35296, stack(0x0000006c27200000,0x0000006c27300000) (1024K)]
  0x00000198f2b227e0 JavaThread "LocalFile Deleter"          daemon [_thread_blocked, id=37604, stack(0x0000006c27300000,0x0000006c27400000) (1024K)]
  0x00000198f2b22e70 JavaThread "LocalFile Deleter"          daemon [_thread_blocked, id=36324, stack(0x0000006c27400000,0x0000006c27500000) (1024K)]
  0x00000198f2b23b90 JavaThread "LocalFile Deleter"          daemon [_thread_blocked, id=19328, stack(0x0000006c27500000,0x0000006c27600000) (1024K)]
  0x00000198f2b24220 JavaThread "LocalFile Deleter"          daemon [_thread_blocked, id=32972, stack(0x0000006c27600000,0x0000006c27700000) (1024K)]
  0x00000198f2b22150 JavaThread "LocalFile Deleter"          daemon [_thread_blocked, id=23504, stack(0x0000006c27700000,0x0000006c27800000) (1024K)]
  0x00000198f2b21ac0 JavaThread "LocalFile Deleter"          daemon [_thread_blocked, id=34984, stack(0x0000006c27800000,0x0000006c27900000) (1024K)]
  0x00000198f2b23500 JavaThread "LocalFile Deleter"          daemon [_thread_blocked, id=34820, stack(0x0000006c27900000,0x0000006c27a00000) (1024K)]
  0x00000198f2b20da0 JavaThread "LocalFile Deleter"          daemon [_thread_blocked, id=37580, stack(0x0000006c27a00000,0x0000006c27b00000) (1024K)]
  0x00000198f2b248b0 JavaThread "LocalFile Deleter"          daemon [_thread_blocked, id=11072, stack(0x0000006c27b00000,0x0000006c27c00000) (1024K)]
  0x00000198f2b21430 JavaThread "LocalFile Deleter"          daemon [_thread_blocked, id=6292, stack(0x0000006c27c00000,0x0000006c27d00000) (1024K)]
  0x00000198f2b27010 JavaThread "LocalFile Deleter"          daemon [_thread_blocked, id=21472, stack(0x0000006c27d00000,0x0000006c27e00000) (1024K)]
  0x00000198f2b27d30 JavaThread "Compiler Source File Reader" daemon [_thread_blocked, id=28096, stack(0x0000006c27e00000,0x0000006c27f00000) (1024K)]
  0x00000198f2b276a0 JavaThread "Compiler Source File Reader" daemon [_thread_blocked, id=31868, stack(0x0000006c27f00000,0x0000006c28000000) (1024K)]
  0x00000198f2b283c0 JavaThread "Compiler Source File Reader" daemon [_thread_blocked, id=35592, stack(0x0000006c28000000,0x0000006c28100000) (1024K)]
  0x00000198f2b26980 JavaThread "Compiler Source File Reader" daemon [_thread_blocked, id=22284, stack(0x0000006c28100000,0x0000006c28200000) (1024K)]
  0x00000198f2b24f40 JavaThread "Compiler Source File Reader" daemon [_thread_blocked, id=33388, stack(0x0000006c28200000,0x0000006c28300000) (1024K)]
  0x00000198f2b255d0 JavaThread "Compiler Source File Reader" daemon [_thread_blocked, id=26300, stack(0x0000006c28300000,0x0000006c28400000) (1024K)]
  0x00000198f2b25c60 JavaThread "Compiler Source File Reader" daemon [_thread_blocked, id=37096, stack(0x0000006c28400000,0x0000006c28500000) (1024K)]
  0x00000198f2b262f0 JavaThread "Compiler Source File Reader" daemon [_thread_blocked, id=3152, stack(0x0000006c28500000,0x0000006c28600000) (1024K)]
  0x00000198f3da5fe0 JavaThread "Compiler Source File Reader" daemon [_thread_blocked, id=37748, stack(0x0000006c28600000,0x0000006c28700000) (1024K)]
  0x00000198f3da2b60 JavaThread "Compiler Source File Reader" daemon [_thread_blocked, id=13272, stack(0x0000006c28700000,0x0000006c28800000) (1024K)]
  0x00000198f3da6670 JavaThread "Compiler Source File Reader" daemon [_thread_blocked, id=27240, stack(0x0000006c28800000,0x0000006c28900000) (1024K)]
  0x00000198f3da4c30 JavaThread "Compiler Source File Reader" daemon [_thread_blocked, id=35520, stack(0x0000006c28900000,0x0000006c28a00000) (1024K)]
  0x00000198f3da52c0 JavaThread "Compiler Source File Reader" daemon [_thread_blocked, id=21084, stack(0x0000006c28a00000,0x0000006c28b00000) (1024K)]
  0x00000198f3da45a0 JavaThread "Compiler Source File Reader" daemon [_thread_blocked, id=28772, stack(0x0000006c28b00000,0x0000006c28c00000) (1024K)]
  0x00000198f3da5950 JavaThread "Compiler Source File Reader" daemon [_thread_blocked, id=2764, stack(0x0000006c28c00000,0x0000006c28d00000) (1024K)]
  0x00000198f3eb6e00 JavaThread "C2 CompilerThread1"         daemon [_thread_blocked, id=37080, stack(0x0000006c22800000,0x0000006c22900000) (1024K)]
  0x00000198f3da6d00 JavaThread "Compiler Processing Task"   daemon [_thread_blocked, id=36508, stack(0x0000006c28d00000,0x0000006c28e00000) (1024K)]
  0x00000198f3da3880 JavaThread "Compiler Class File Writer" daemon [_thread_blocked, id=35220, stack(0x0000006c28e00000,0x0000006c28f00000) (1024K)]
  0x00000198f3da7390 JavaThread "Compiler Class File Writer" daemon [_thread_blocked, id=18040, stack(0x0000006c28f00000,0x0000006c29000000) (1024K)]
  0x00000198f3da3f10 JavaThread "Compiler Class File Writer" daemon [_thread_blocked, id=34536, stack(0x0000006c29000000,0x0000006c29100000) (1024K)]
  0x00000198f3da7a20 JavaThread "Compiler Class File Writer" daemon [_thread_blocked, id=29532, stack(0x0000006c29100000,0x0000006c29200000) (1024K)]
  0x00000198f3da8dd0 JavaThread "Compiler Class File Writer" daemon [_thread_blocked, id=16960, stack(0x0000006c29200000,0x0000006c29300000) (1024K)]
  0x00000198f3da80b0 JavaThread "Compiler Class File Writer" daemon [_thread_blocked, id=14936, stack(0x0000006c29300000,0x0000006c29400000) (1024K)]
  0x00000198f3da8740 JavaThread "Compiler Class File Writer" daemon [_thread_blocked, id=25436, stack(0x0000006c29400000,0x0000006c29500000) (1024K)]
  0x00000198f3da9460 JavaThread "Compiler Class File Writer" daemon [_thread_blocked, id=18700, stack(0x0000006c29500000,0x0000006c29600000) (1024K)]
  0x00000198f3da9af0 JavaThread "Compiler Class File Writer" daemon [_thread_blocked, id=35604, stack(0x0000006c29600000,0x0000006c29700000) (1024K)]
  0x00000198f3daa180 JavaThread "Compiler Class File Writer" daemon [_thread_blocked, id=33064, stack(0x0000006c29700000,0x0000006c29800000) (1024K)]
  0x00000198ed151e90 JavaThread "Compiler Class File Writer" daemon [_thread_blocked, id=23300, stack(0x0000006c29800000,0x0000006c29900000) (1024K)]
  0x00000198ed150450 JavaThread "Compiler Class File Writer" daemon [_thread_blocked, id=9420, stack(0x0000006c29900000,0x0000006c29a00000) (1024K)]
  0x00000198ed150ae0 JavaThread "Compiler Class File Writer" daemon [_thread_blocked, id=34496, stack(0x0000006c29a00000,0x0000006c29b00000) (1024K)]
  0x00000198ed151170 JavaThread "Compiler Class File Writer" daemon [_thread_blocked, id=24772, stack(0x0000006c29b00000,0x0000006c29c00000) (1024K)]
  0x00000198ed14fdc0 JavaThread "Compiler Class File Writer" daemon [_thread_blocked, id=34500, stack(0x0000006c29c00000,0x0000006c29d00000) (1024K)]
  0x00000198ed151800 JavaThread "Compiler Class File Writer" daemon [_thread_blocked, id=21424, stack(0x0000006c29d00000,0x0000006c29e00000) (1024K)]
  0x00000198ed152520 JavaThread "Compiler Class File Writer" daemon [_thread_blocked, id=19704, stack(0x0000006c29e00000,0x0000006c29f00000) (1024K)]
  0x00000198ed14f0a0 JavaThread "Compiler Class File Writer" daemon [_thread_blocked, id=33264, stack(0x0000006c29f00000,0x0000006c2a000000) (1024K)]
  0x00000198eb2181c0 JavaThread "C2 CompilerThread2"         daemon [_thread_blocked, id=6392, stack(0x0000006c2a000000,0x0000006c2a100000) (1024K)]
  0x00000198ffe6bcd0 JavaThread "C1 CompilerThread3"         daemon [_thread_blocked, id=24968, stack(0x0000006c26800000,0x0000006c26900000) (1024K)]
Total: 115

Other Threads:
  0x000001988ffaec00 VMThread "VM Thread"                           [id=5608, stack(0x0000006c21d00000,0x0000006c21e00000) (1024K)]
  0x000001989227ca00 WatcherThread "VM Periodic Task Thread"        [id=6664, stack(0x0000006c21c00000,0x0000006c21d00000) (1024K)]
  0x0000019892419fe0 WorkerThread "GC Thread#0"                     [id=30512, stack(0x0000006c21b00000,0x0000006c21c00000) (1024K)]
  0x00000198ed8629e0 WorkerThread "GC Thread#1"                     [id=37356, stack(0x0000006c22d00000,0x0000006c22e00000) (1024K)]
  0x00000198f203bb00 WorkerThread "GC Thread#2"                     [id=28316, stack(0x0000006c22e00000,0x0000006c22f00000) (1024K)]
  0x00000198f208a5b0 WorkerThread "GC Thread#3"                     [id=6844, stack(0x0000006c22f00000,0x0000006c23000000) (1024K)]
  0x00000198f208a960 WorkerThread "GC Thread#4"                     [id=21356, stack(0x0000006c23000000,0x0000006c23100000) (1024K)]
  0x00000198f2037590 WorkerThread "GC Thread#5"                     [id=23256, stack(0x0000006c23100000,0x0000006c23200000) (1024K)]
  0x00000198f2037940 WorkerThread "GC Thread#6"                     [id=29676, stack(0x0000006c23200000,0x0000006c23300000) (1024K)]
  0x00000198ed73a040 WorkerThread "GC Thread#7"                     [id=35228, stack(0x0000006c23500000,0x0000006c23600000) (1024K)]
  0x00000198f242c250 WorkerThread "GC Thread#8"                     [id=32808, stack(0x0000006c23900000,0x0000006c23a00000) (1024K)]
  0x00000198f28c9b90 WorkerThread "GC Thread#9"                     [id=35240, stack(0x0000006c23a00000,0x0000006c23b00000) (1024K)]
  0x00000198f28ca340 WorkerThread "GC Thread#10"                    [id=5952, stack(0x0000006c23b00000,0x0000006c23c00000) (1024K)]
  0x00000198f2a2b000 WorkerThread "GC Thread#11"                    [id=34876, stack(0x0000006c23f00000,0x0000006c24000000) (1024K)]
  0x00000198f2a2c620 WorkerThread "GC Thread#12"                    [id=16008, stack(0x0000006c24000000,0x0000006c24100000) (1024K)]
  0x00000198f2a2b3b0 WorkerThread "GC Thread#13"                    [id=26520, stack(0x0000006c24100000,0x0000006c24200000) (1024K)]
  0x00000198f2a2bec0 WorkerThread "GC Thread#14"                    [id=33564, stack(0x0000006c23300000,0x0000006c23400000) (1024K)]
Total: 17

Threads with active compile tasks:
C2 CompilerThread0  18541 13470       4       lombok.eclipse.EclipseAST::drill (80 bytes)
C1 CompilerThread0  18541 14510       2       org.eclipse.jdt.internal.compiler.lookup.MethodVerifier::checkAbstractMethod (63 bytes)
C1 CompilerThread1  18541 14521       3       org.eclipse.jdt.internal.compiler.ast.BinaryExpression::resolveType (790 bytes)
C1 CompilerThread2  18541 14518       2       org.eclipse.jdt.internal.compiler.lookup.MethodVerifier::checkConcreteInheritedMethod (171 bytes)
C2 CompilerThread1  18541 14339   !   4       org.eclipse.jdt.internal.compiler.parser.Parser::parse (950 bytes)
C2 CompilerThread2  18541 14129       4       org.eclipse.jdt.internal.compiler.parser.Parser::consumeRule (7843 bytes)
C1 CompilerThread3  18541 14508       2       org.eclipse.jdt.internal.compiler.lookup.MethodBinding::getAccessFlags (9 bytes)
Total: 7

VM state: at safepoint (normal execution)

VM Mutex/Monitor currently owned by a thread:  ([mutex/lock_event])
[0x00007fff8d62e560] Threads_lock - owner thread: 0x000001988ffaec00
[0x00007fff8d62e660] Heap_lock - owner thread: 0x00000198f3da6d00
[0x00007fff8d62eae0] PSOldGenExpand_lock - owner thread: 0x00000198f28ca340

Heap address: 0x0000000080000000, size: 2048 MB, Compressed Oops mode: 32-bit

CDS archive(s) mapped at: [0x00000198a9000000-0x00000198a9ba0000-0x00000198a9ba0000), size 12189696, SharedBaseAddress: 0x00000198a9000000, ArchiveRelocationMode: 1.
Compressed class space mapped at: 0x00000198aa000000-0x00000198ea000000, reserved size: 1073741824
Narrow klass base: 0x00000198a9000000, Narrow klass shift: 0, Narrow klass range: 0x100000000

GC Precious Log:
 CardTable entry size: 512
 CPUs: 20 total, 20 available
 Memory: 7911M
 Large Page Support: Disabled
 NUMA Support: Disabled
 Compressed Oops: Enabled (32-bit)
 Alignments: Space 512K, Generation 512K, Heap 2M
 Heap Min Capacity: 100M
 Heap Initial Capacity: 100M
 Heap Max Capacity: 2G
 Pre-touch: Disabled
 Parallel Workers: 15

Heap:
 PSYoungGen      total 20992K, used 20878K [0x00000000d5580000, 0x00000000d6d80000, 0x0000000100000000)
  eden space 17408K, 100% used [0x00000000d5580000,0x00000000d6680000,0x00000000d6680000)
  from space 3584K, 96% used [0x00000000d6880000,0x00000000d6be3980,0x00000000d6c00000)
  to   space 1536K, 98% used [0x00000000d6c00000,0x00000000d6d7c040,0x00000000d6d80000)
 ParOldGen       total 140800K, used 140798K [0x0000000080000000, 0x0000000088980000, 0x00000000d5580000)
  object space 140800K, 99% used [0x0000000080000000,0x000000008897faa0,0x0000000088980000)
 Metaspace       used 77628K, committed 79104K, reserved 1179648K
  class space    used 8680K, committed 9344K, reserved 1048576K

Card table byte_map: [0x0000019891d90000,0x00000198921a0000] _byte_map_base: 0x0000019891990000

Marking Bits: (ParMarkBitMap*) 0x00007fff8d633450
 Begin Bits: [0x00000198a48a0000, 0x00000198a68a0000)
 End Bits:   [0x00000198a68a0000, 0x00000198a88a0000)

Polling page: 0x0000019890240000

Metaspace:

Usage:
  Non-class:     67.33 MB used.
      Class:      8.48 MB used.
       Both:     75.81 MB used.

Virtual space:
  Non-class space:      128.00 MB reserved,      68.12 MB ( 53%) committed,  2 nodes.
      Class space:        1.00 GB reserved,       9.12 MB ( <1%) committed,  1 nodes.
             Both:        1.12 GB reserved,      77.25 MB (  7%) committed. 

Chunk freelists:
   Non-Class:  11.83 MB
       Class:  6.72 MB
        Both:  18.55 MB

MaxMetaspaceSize: unlimited
CompressedClassSpaceSize: 1.00 GB
Initial GC threshold: 21.00 MB
Current GC threshold: 97.81 MB
CDS: on
 - commit_granule_bytes: 65536.
 - commit_granule_words: 8192.
 - virtual_space_node_default_size: 8388608.
 - enlarge_chunks_in_place: 1.
 - use_allocation_guard: 0.


Internal statistics:

num_allocs_failed_limit: 13.
num_arena_births: 1346.
num_arena_deaths: 14.
num_vsnodes_births: 3.
num_vsnodes_deaths: 0.
num_space_committed: 1236.
num_space_uncommitted: 0.
num_chunks_returned_to_freelist: 27.
num_chunks_taken_from_freelist: 4770.
num_chunk_merges: 12.
num_chunk_splits: 2991.
num_chunks_enlarged: 1801.
num_inconsistent_stats: 0.

CodeHeap 'non-profiled nmethods': size=119168Kb used=8473Kb max_used=8473Kb free=110694Kb
 bounds [0x000001989d190000, 0x000001989d9e0000, 0x00000198a45f0000]
CodeHeap 'profiled nmethods': size=119104Kb used=32318Kb max_used=32318Kb free=86785Kb
 bounds [0x00000198955f0000, 0x0000019897580000, 0x000001989ca40000]
CodeHeap 'non-nmethods': size=7488Kb used=3164Kb max_used=3230Kb free=4323Kb
 bounds [0x000001989ca40000, 0x000001989cd70000, 0x000001989d190000]
CodeCache: size=245760Kb, used=43955Kb, max_used=44021Kb, free=201802Kb
 total_blobs=14254, nmethods=13461, adapters=694, full_count=0
Compilation: enabled, stopped_count=0, restarted_count=0

Compilation events (20 events):
Event: 17.480 Thread 0x00000198f3ebb220 14519       3       org.eclipse.jdt.internal.compiler.problem.ProblemReporter::typesAsString (9 bytes)
Event: 17.481 Thread 0x00000198eb215210 nmethod 14511 0x0000019897576e90 code [0x0000019897577060, 0x0000019897577248]
Event: 17.481 Thread 0x00000198f3ebb220 nmethod 14519 0x0000019897577410 code [0x00000198975775c0, 0x0000019897577700]
Event: 17.481 Thread 0x00000198eb215210 14516       2       org.eclipse.jdt.internal.compiler.lookup.MethodVerifier15::checkInheritedMethods (362 bytes)
Event: 17.481 Thread 0x00000198f3ebb220 14517       2       org.eclipse.jdt.internal.compiler.lookup.MethodVerifier15::checkConcreteInheritedMethod (313 bytes)
Event: 17.481 Thread 0x00000198eb217420 nmethod 14507 0x0000019897577790 code [0x0000019897577a60, 0x00000198975787f0]
Event: 17.482 Thread 0x00000198ffe6bcd0 nmethod 14514 0x0000019897579090 code [0x0000019897579420, 0x000001989757a268]
Event: 17.482 Thread 0x00000198eb217420 14521       3       org.eclipse.jdt.internal.compiler.ast.BinaryExpression::resolveType (790 bytes)
Event: 17.483 Thread 0x00000198ffe6bcd0 14524       3       org.eclipse.jdt.internal.compiler.ast.CompilationUnitDeclaration::recordSuppressWarnings (246 bytes)
Event: 17.483 Thread 0x00000198eb215210 nmethod 14516 0x000001989757ae10 code [0x000001989757b100, 0x000001989757bd70]
Event: 17.483 Thread 0x00000198f3ebb220 nmethod 14517 0x000001989757c610 code [0x000001989757c920, 0x000001989757d2e0]
Event: 17.484 Thread 0x00000198eb215210 14515       2       org.eclipse.jdt.internal.compiler.lookup.MethodVerifier15::checkInheritedReturnTypes (53 bytes)
Event: 17.484 Thread 0x00000198ffe6bcd0 nmethod 14524 0x000001989757db10 code [0x000001989757dd80, 0x000001989757ebe0]
Event: 17.484 Thread 0x00000198f3ebb220 14518       2       org.eclipse.jdt.internal.compiler.lookup.MethodVerifier::checkConcreteInheritedMethod (171 bytes)
Event: 17.484 Thread 0x00000198ffe6bcd0 14523       1       org.eclipse.jdt.internal.compiler.lookup.TypeVariableBinding::superclass (5 bytes)
Event: 17.484 Thread 0x00000198eb215210 nmethod 14515 0x000001989757f090 code [0x000001989757f280, 0x000001989757f558]
Event: 17.484 Thread 0x00000198ffe6bcd0 nmethod 14523 0x000001989d9d6210 code [0x000001989d9d63a0, 0x000001989d9d6468]
Event: 17.484 Thread 0x00000198eb215210 14510       2       org.eclipse.jdt.internal.compiler.lookup.MethodVerifier::checkAbstractMethod (63 bytes)
Event: 17.484 Thread 0x00000198ffe6bcd0 14508       2       org.eclipse.jdt.internal.compiler.lookup.MethodBinding::getAccessFlags (9 bytes)
Event: 17.485 Thread 0x00000198ffe6bcd0 nmethod 14508 0x000001989757f790 code [0x000001989757f920, 0x000001989757fa30]

GC Heap History (20 events):
Event: 13.567 GC heap after
{Heap after GC invocations=99 (full 3):
 PSYoungGen      total 25088K, used 5066K [0x00000000d5580000, 0x00000000d7800000, 0x0000000100000000)
  eden space 19968K, 0% used [0x00000000d5580000,0x00000000d5580000,0x00000000d6900000)
  from space 5120K, 98% used [0x00000000d7300000,0x00000000d77f2900,0x00000000d7800000)
  to   space 6656K, 0% used [0x00000000d6b00000,0x00000000d6b00000,0x00000000d7180000)
 ParOldGen       total 102400K, used 102163K [0x0000000080000000, 0x0000000086400000, 0x00000000d5580000)
  object space 102400K, 99% used [0x0000000080000000,0x00000000863c4cc0,0x0000000086400000)
 Metaspace       used 74405K, committed 75840K, reserved 1179648K
  class space    used 8543K, committed 9152K, reserved 1048576K
}
Event: 13.746 GC heap before
{Heap before GC invocations=100 (full 3):
 PSYoungGen      total 25088K, used 24943K [0x00000000d5580000, 0x00000000d7800000, 0x0000000100000000)
  eden space 19968K, 99% used [0x00000000d5580000,0x00000000d68e96b0,0x00000000d6900000)
  from space 5120K, 98% used [0x00000000d7300000,0x00000000d77f2900,0x00000000d7800000)
  to   space 6656K, 0% used [0x00000000d6b00000,0x00000000d6b00000,0x00000000d7180000)
 ParOldGen       total 102400K, used 102163K [0x0000000080000000, 0x0000000086400000, 0x00000000d5580000)
  object space 102400K, 99% used [0x0000000080000000,0x00000000863c4cc0,0x0000000086400000)
 Metaspace       used 75506K, committed 76992K, reserved 1179648K
  class space    used 8614K, committed 9280K, reserved 1048576K
}
Event: 13.749 GC heap after
{Heap after GC invocations=100 (full 3):
 PSYoungGen      total 24576K, used 4597K [0x00000000d5580000, 0x00000000d7380000, 0x0000000100000000)
  eden space 19968K, 0% used [0x00000000d5580000,0x00000000d5580000,0x00000000d6900000)
  from space 4608K, 99% used [0x00000000d6b00000,0x00000000d6f7d470,0x00000000d6f80000)
  to   space 4096K, 0% used [0x00000000d6f80000,0x00000000d6f80000,0x00000000d7380000)
 ParOldGen       total 107008K, used 106984K [0x0000000080000000, 0x0000000086880000, 0x00000000d5580000)
  object space 107008K, 99% used [0x0000000080000000,0x000000008687a3a8,0x0000000086880000)
 Metaspace       used 75506K, committed 76992K, reserved 1179648K
  class space    used 8614K, committed 9280K, reserved 1048576K
}
Event: 13.874 GC heap before
{Heap before GC invocations=101 (full 3):
 PSYoungGen      total 24576K, used 24565K [0x00000000d5580000, 0x00000000d7380000, 0x0000000100000000)
  eden space 19968K, 100% used [0x00000000d5580000,0x00000000d6900000,0x00000000d6900000)
  from space 4608K, 99% used [0x00000000d6b00000,0x00000000d6f7d470,0x00000000d6f80000)
  to   space 4096K, 0% used [0x00000000d6f80000,0x00000000d6f80000,0x00000000d7380000)
 ParOldGen       total 107008K, used 106984K [0x0000000080000000, 0x0000000086880000, 0x00000000d5580000)
  object space 107008K, 99% used [0x0000000080000000,0x000000008687a3a8,0x0000000086880000)
 Metaspace       used 76143K, committed 77568K, reserved 1179648K
  class space    used 8628K, committed 9280K, reserved 1048576K
}
Event: 13.878 GC heap after
{Heap after GC invocations=101 (full 3):
 PSYoungGen      total 21504K, used 4087K [0x00000000d5580000, 0x00000000d7b00000, 0x0000000100000000)
  eden space 17408K, 0% used [0x00000000d5580000,0x00000000d5580000,0x00000000d6680000)
  from space 4096K, 99% used [0x00000000d6f80000,0x00000000d737de00,0x00000000d7380000)
  to   space 9216K, 0% used [0x00000000d6680000,0x00000000d6680000,0x00000000d6f80000)
 ParOldGen       total 111616K, used 111363K [0x0000000080000000, 0x0000000086d00000, 0x00000000d5580000)
  object space 111616K, 99% used [0x0000000080000000,0x0000000086cc0c18,0x0000000086d00000)
 Metaspace       used 76143K, committed 77568K, reserved 1179648K
  class space    used 8628K, committed 9280K, reserved 1048576K
}
Event: 13.936 GC heap before
{Heap before GC invocations=102 (full 3):
 PSYoungGen      total 21504K, used 21495K [0x00000000d5580000, 0x00000000d7b00000, 0x0000000100000000)
  eden space 17408K, 100% used [0x00000000d5580000,0x00000000d6680000,0x00000000d6680000)
  from space 4096K, 99% used [0x00000000d6f80000,0x00000000d737de00,0x00000000d7380000)
  to   space 9216K, 0% used [0x00000000d6680000,0x00000000d6680000,0x00000000d6f80000)
 ParOldGen       total 111616K, used 111363K [0x0000000080000000, 0x0000000086d00000, 0x00000000d5580000)
  object space 111616K, 99% used [0x0000000080000000,0x0000000086cc0c18,0x0000000086d00000)
 Metaspace       used 76460K, committed 77952K, reserved 1179648K
  class space    used 8647K, committed 9344K, reserved 1048576K
}
Event: 13.940 GC heap after
{Heap after GC invocations=102 (full 3):
 PSYoungGen      total 21504K, used 3808K [0x00000000d5580000, 0x00000000d7180000, 0x0000000100000000)
  eden space 17408K, 0% used [0x00000000d5580000,0x00000000d5580000,0x00000000d6680000)
  from space 4096K, 92% used [0x00000000d6680000,0x00000000d6a38000,0x00000000d6a80000)
  to   space 5632K, 0% used [0x00000000d6c00000,0x00000000d6c00000,0x00000000d7180000)
 ParOldGen       total 115712K, used 115432K [0x0000000080000000, 0x0000000087100000, 0x00000000d5580000)
  object space 115712K, 99% used [0x0000000080000000,0x00000000870ba318,0x0000000087100000)
 Metaspace       used 76460K, committed 77952K, reserved 1179648K
  class space    used 8647K, committed 9344K, reserved 1048576K
}
Event: 13.992 GC heap before
{Heap before GC invocations=103 (full 3):
 PSYoungGen      total 21504K, used 21216K [0x00000000d5580000, 0x00000000d7180000, 0x0000000100000000)
  eden space 17408K, 100% used [0x00000000d5580000,0x00000000d6680000,0x00000000d6680000)
  from space 4096K, 92% used [0x00000000d6680000,0x00000000d6a38000,0x00000000d6a80000)
  to   space 5632K, 0% used [0x00000000d6c00000,0x00000000d6c00000,0x00000000d7180000)
 ParOldGen       total 115712K, used 115432K [0x0000000080000000, 0x0000000087100000, 0x00000000d5580000)
  object space 115712K, 99% used [0x0000000080000000,0x00000000870ba318,0x0000000087100000)
 Metaspace       used 76626K, committed 78144K, reserved 1179648K
  class space    used 8659K, committed 9344K, reserved 1048576K
}
Event: 13.994 GC heap after
{Heap after GC invocations=103 (full 3):
 PSYoungGen      total 21504K, used 3984K [0x00000000d5580000, 0x00000000d7000000, 0x0000000100000000)
  eden space 17408K, 0% used [0x00000000d5580000,0x00000000d5580000,0x00000000d6680000)
  from space 4096K, 97% used [0x00000000d6c00000,0x00000000d6fe4120,0x00000000d7000000)
  to   space 4608K, 0% used [0x00000000d6700000,0x00000000d6700000,0x00000000d6b80000)
 ParOldGen       total 119296K, used 118922K [0x0000000080000000, 0x0000000087480000, 0x00000000d5580000)
  object space 119296K, 99% used [0x0000000080000000,0x0000000087422af0,0x0000000087480000)
 Metaspace       used 76626K, committed 78144K, reserved 1179648K
  class space    used 8659K, committed 9344K, reserved 1048576K
}
Event: 17.084 GC heap before
{Heap before GC invocations=104 (full 3):
 PSYoungGen      total 21504K, used 21392K [0x00000000d5580000, 0x00000000d7000000, 0x0000000100000000)
  eden space 17408K, 100% used [0x00000000d5580000,0x00000000d6680000,0x00000000d6680000)
  from space 4096K, 97% used [0x00000000d6c00000,0x00000000d6fe4120,0x00000000d7000000)
  to   space 4608K, 0% used [0x00000000d6700000,0x00000000d6700000,0x00000000d6b80000)
 ParOldGen       total 119296K, used 118922K [0x0000000080000000, 0x0000000087480000, 0x00000000d5580000)
  object space 119296K, 99% used [0x0000000080000000,0x0000000087422af0,0x0000000087480000)
 Metaspace       used 76711K, committed 78208K, reserved 1179648K
  class space    used 8660K, committed 9344K, reserved 1048576K
}
Event: 17.089 GC heap after
{Heap after GC invocations=104 (full 3):
 PSYoungGen      total 22016K, used 4582K [0x00000000d5580000, 0x00000000d7980000, 0x0000000100000000)
  eden space 17408K, 0% used [0x00000000d5580000,0x00000000d5580000,0x00000000d6680000)
  from space 4608K, 99% used [0x00000000d6700000,0x00000000d6b79880,0x00000000d6b80000)
  to   space 9728K, 0% used [0x00000000d7000000,0x00000000d7000000,0x00000000d7980000)
 ParOldGen       total 122880K, used 122828K [0x0000000080000000, 0x0000000087800000, 0x00000000d5580000)
  object space 122880K, 99% used [0x0000000080000000,0x00000000877f3348,0x0000000087800000)
 Metaspace       used 76711K, committed 78208K, reserved 1179648K
  class space    used 8660K, committed 9344K, reserved 1048576K
}
Event: 17.176 GC heap before
{Heap before GC invocations=105 (full 3):
 PSYoungGen      total 22016K, used 21990K [0x00000000d5580000, 0x00000000d7980000, 0x0000000100000000)
  eden space 17408K, 100% used [0x00000000d5580000,0x00000000d6680000,0x00000000d6680000)
  from space 4608K, 99% used [0x00000000d6700000,0x00000000d6b79880,0x00000000d6b80000)
  to   space 9728K, 0% used [0x00000000d7000000,0x00000000d7000000,0x00000000d7980000)
 ParOldGen       total 122880K, used 122828K [0x0000000080000000, 0x0000000087800000, 0x00000000d5580000)
  object space 122880K, 99% used [0x0000000080000000,0x00000000877f3348,0x0000000087800000)
 Metaspace       used 76945K, committed 78464K, reserved 1179648K
  class space    used 8675K, committed 9344K, reserved 1048576K
}
Event: 17.180 GC heap after
{Heap after GC invocations=105 (full 3):
 PSYoungGen      total 21504K, used 3712K [0x00000000d5580000, 0x00000000d7400000, 0x0000000100000000)
  eden space 17408K, 0% used [0x00000000d5580000,0x00000000d5580000,0x00000000d6680000)
  from space 4096K, 90% used [0x00000000d7000000,0x00000000d73a0118,0x00000000d7400000)
  to   space 5632K, 0% used [0x00000000d6900000,0x00000000d6900000,0x00000000d6e80000)
 ParOldGen       total 126976K, used 126648K [0x0000000080000000, 0x0000000087c00000, 0x00000000d5580000)
  object space 126976K, 99% used [0x0000000080000000,0x0000000087bae190,0x0000000087c00000)
 Metaspace       used 76945K, committed 78464K, reserved 1179648K
  class space    used 8675K, committed 9344K, reserved 1048576K
}
Event: 17.246 GC heap before
{Heap before GC invocations=106 (full 3):
 PSYoungGen      total 21504K, used 21120K [0x00000000d5580000, 0x00000000d7400000, 0x0000000100000000)
  eden space 17408K, 100% used [0x00000000d5580000,0x00000000d6680000,0x00000000d6680000)
  from space 4096K, 90% used [0x00000000d7000000,0x00000000d73a0118,0x00000000d7400000)
  to   space 5632K, 0% used [0x00000000d6900000,0x00000000d6900000,0x00000000d6e80000)
 ParOldGen       total 126976K, used 126648K [0x0000000080000000, 0x0000000087c00000, 0x00000000d5580000)
  object space 126976K, 99% used [0x0000000080000000,0x0000000087bae190,0x0000000087c00000)
 Metaspace       used 77035K, committed 78528K, reserved 1179648K
  class space    used 8677K, committed 9344K, reserved 1048576K
}
Event: 17.249 GC heap after
{Heap after GC invocations=106 (full 3):
 PSYoungGen      total 20992K, used 3143K [0x00000000d5580000, 0x00000000d7080000, 0x0000000100000000)
  eden space 17408K, 0% used [0x00000000d5580000,0x00000000d5580000,0x00000000d6680000)
  from space 3584K, 87% used [0x00000000d6900000,0x00000000d6c11e88,0x00000000d6c80000)
  to   space 4096K, 0% used [0x00000000d6c80000,0x00000000d6c80000,0x00000000d7080000)
 ParOldGen       total 130560K, used 130152K [0x0000000080000000, 0x0000000087f80000, 0x00000000d5580000)
  object space 130560K, 99% used [0x0000000080000000,0x0000000087f1a2b0,0x0000000087f80000)
 Metaspace       used 77035K, committed 78528K, reserved 1179648K
  class space    used 8677K, committed 9344K, reserved 1048576K
}
Event: 17.333 GC heap before
{Heap before GC invocations=107 (full 3):
 PSYoungGen      total 20992K, used 20551K [0x00000000d5580000, 0x00000000d7080000, 0x0000000100000000)
  eden space 17408K, 100% used [0x00000000d5580000,0x00000000d6680000,0x00000000d6680000)
  from space 3584K, 87% used [0x00000000d6900000,0x00000000d6c11e88,0x00000000d6c80000)
  to   space 4096K, 0% used [0x00000000d6c80000,0x00000000d6c80000,0x00000000d7080000)
 ParOldGen       total 130560K, used 130152K [0x0000000080000000, 0x0000000087f80000, 0x00000000d5580000)
  object space 130560K, 99% used [0x0000000080000000,0x0000000087f1a2b0,0x0000000087f80000)
 Metaspace       used 77307K, committed 78784K, reserved 1179648K
  class space    used 8679K, committed 9344K, reserved 1048576K
}
Event: 17.335 GC heap after
{Heap after GC invocations=107 (full 3):
 PSYoungGen      total 20480K, used 3030K [0x00000000d5580000, 0x00000000d6f80000, 0x0000000100000000)
  eden space 17408K, 0% used [0x00000000d5580000,0x00000000d5580000,0x00000000d6680000)
  from space 3072K, 98% used [0x00000000d6c80000,0x00000000d6f75828,0x00000000d6f80000)
  to   space 3584K, 0% used [0x00000000d6880000,0x00000000d6880000,0x00000000d6c00000)
 ParOldGen       total 133120K, used 132993K [0x0000000080000000, 0x0000000088200000, 0x00000000d5580000)
  object space 133120K, 99% used [0x0000000080000000,0x00000000881e04a0,0x0000000088200000)
 Metaspace       used 77307K, committed 78784K, reserved 1179648K
  class space    used 8679K, committed 9344K, reserved 1048576K
}
Event: 17.411 GC heap before
{Heap before GC invocations=108 (full 3):
 PSYoungGen      total 20480K, used 20438K [0x00000000d5580000, 0x00000000d6f80000, 0x0000000100000000)
  eden space 17408K, 100% used [0x00000000d5580000,0x00000000d6680000,0x00000000d6680000)
  from space 3072K, 98% used [0x00000000d6c80000,0x00000000d6f75828,0x00000000d6f80000)
  to   space 3584K, 0% used [0x00000000d6880000,0x00000000d6880000,0x00000000d6c00000)
 ParOldGen       total 133120K, used 132993K [0x0000000080000000, 0x0000000088200000, 0x00000000d5580000)
  object space 133120K, 99% used [0x0000000080000000,0x00000000881e04a0,0x0000000088200000)
 Metaspace       used 77471K, committed 78976K, reserved 1179648K
  class space    used 8679K, committed 9344K, reserved 1048576K
}
Event: 17.415 GC heap after
{Heap after GC invocations=108 (full 3):
 PSYoungGen      total 20992K, used 3470K [0x00000000d5580000, 0x00000000d6d80000, 0x0000000100000000)
  eden space 17408K, 0% used [0x00000000d5580000,0x00000000d5580000,0x00000000d6680000)
  from space 3584K, 96% used [0x00000000d6880000,0x00000000d6be3980,0x00000000d6c00000)
  to   space 1536K, 0% used [0x00000000d6c00000,0x00000000d6c00000,0x00000000d6d80000)
 ParOldGen       total 136192K, used 135749K [0x0000000080000000, 0x0000000088500000, 0x00000000d5580000)
  object space 136192K, 99% used [0x0000000080000000,0x00000000884914a8,0x0000000088500000)
 Metaspace       used 77471K, committed 78976K, reserved 1179648K
  class space    used 8679K, committed 9344K, reserved 1048576K
}
Event: 17.485 GC heap before
{Heap before GC invocations=109 (full 3):
 PSYoungGen      total 20992K, used 20878K [0x00000000d5580000, 0x00000000d6d80000, 0x0000000100000000)
  eden space 17408K, 100% used [0x00000000d5580000,0x00000000d6680000,0x00000000d6680000)
  from space 3584K, 96% used [0x00000000d6880000,0x00000000d6be3980,0x00000000d6c00000)
  to   space 1536K, 0% used [0x00000000d6c00000,0x00000000d6c00000,0x00000000d6d80000)
 ParOldGen       total 136192K, used 135749K [0x0000000080000000, 0x0000000088500000, 0x00000000d5580000)
  object space 136192K, 99% used [0x0000000080000000,0x00000000884914a8,0x0000000088500000)
 Metaspace       used 77628K, committed 79104K, reserved 1179648K
  class space    used 8680K, committed 9344K, reserved 1048576K
}

Dll operation events (15 events):
Event: 0.009 Loaded shared library c:\Users\jibri\.cursor\extensions\redhat.java-1.53.0-win32-x64\jre\21.0.10-win32-x86_64\bin\java.dll
Event: 0.091 Loaded shared library c:\Users\jibri\.cursor\extensions\redhat.java-1.53.0-win32-x64\jre\21.0.10-win32-x86_64\bin\zip.dll
Event: 0.114 Loaded shared library C:\Users\jibri\.cursor\extensions\redhat.java-1.53.0-win32-x64\jre\21.0.10-win32-x86_64\bin\instrument.dll
Event: 0.117 Loaded shared library C:\Users\jibri\.cursor\extensions\redhat.java-1.53.0-win32-x64\jre\21.0.10-win32-x86_64\bin\net.dll
Event: 0.119 Loaded shared library C:\Users\jibri\.cursor\extensions\redhat.java-1.53.0-win32-x64\jre\21.0.10-win32-x86_64\bin\nio.dll
Event: 0.124 Loaded shared library C:\Users\jibri\.cursor\extensions\redhat.java-1.53.0-win32-x64\jre\21.0.10-win32-x86_64\bin\zip.dll
Event: 0.135 Loaded shared library C:\Users\jibri\.cursor\extensions\redhat.java-1.53.0-win32-x64\jre\21.0.10-win32-x86_64\bin\jimage.dll
Event: 0.177 Loaded shared library c:\Users\jibri\.cursor\extensions\redhat.java-1.53.0-win32-x64\jre\21.0.10-win32-x86_64\bin\verify.dll
Event: 0.873 Loaded shared library C:\Users\jibri\AppData\Roaming\Cursor\User\globalStorage\redhat.java\1.53.0\config_win\org.eclipse.equinox.launcher\org.eclipse.equinox.launcher.win32.win32.x86_64_1.3.0.v20260203-2149\eclipse_11919.dll
Event: 1.932 Loaded shared library C:\Users\jibri\AppData\Local\Temp\jna-101119098\jna5360646221534938452.dll
Event: 5.431 Loaded shared library C:\Users\jibri\.gradle\native\1def1411415f61bf3af743bc5b6707747c0891f09f0c88961ee8f79bc544acac\windows-amd64\native-platform.dll
Event: 6.120 Loaded shared library C:\Users\jibri\.cursor\extensions\redhat.java-1.53.0-win32-x64\jre\21.0.10-win32-x86_64\bin\management.dll
Event: 6.122 Loaded shared library C:\Users\jibri\.cursor\extensions\redhat.java-1.53.0-win32-x64\jre\21.0.10-win32-x86_64\bin\management_ext.dll
Event: 6.294 Loaded shared library C:\Users\jibri\.cursor\extensions\redhat.java-1.53.0-win32-x64\jre\21.0.10-win32-x86_64\bin\extnet.dll
Event: 6.365 Loaded shared library C:\Users\jibri\.cursor\extensions\redhat.java-1.53.0-win32-x64\jre\21.0.10-win32-x86_64\bin\sunmscapi.dll

Deoptimization events (20 events):
Event: 17.448 Thread 0x00000198f3aff600 DEOPT PACKING pc=0x000001989662604d sp=0x0000006c263fd810
Event: 17.448 Thread 0x00000198f3aff600 DEOPT UNPACKING pc=0x000001989ca94242 sp=0x0000006c263fcc70 mode 0
Event: 17.452 Thread 0x00000198f2f5e220 DEOPT PACKING pc=0x000001989716827e sp=0x0000006c246fe870
Event: 17.452 Thread 0x00000198f2f5e220 DEOPT UNPACKING pc=0x000001989ca94242 sp=0x0000006c246fddc8 mode 0
Event: 17.459 Thread 0x00000198f2f5e220 DEOPT PACKING pc=0x000001989716827e sp=0x0000006c246fe920
Event: 17.459 Thread 0x00000198f2f5e220 DEOPT UNPACKING pc=0x000001989ca94242 sp=0x0000006c246fde78 mode 0
Event: 17.460 Thread 0x00000198f3aff600 DEOPT PACKING pc=0x000001989662604d sp=0x0000006c263fd810
Event: 17.460 Thread 0x00000198f3aff600 DEOPT UNPACKING pc=0x000001989ca94242 sp=0x0000006c263fcc70 mode 0
Event: 17.464 Thread 0x00000198f2f5e220 DEOPT PACKING pc=0x000001989716827e sp=0x0000006c246fe870
Event: 17.464 Thread 0x00000198f2f5e220 DEOPT UNPACKING pc=0x000001989ca94242 sp=0x0000006c246fddc8 mode 0
Event: 17.470 Thread 0x00000198f2f5e220 DEOPT PACKING pc=0x000001989716834b sp=0x0000006c246fe870
Event: 17.470 Thread 0x00000198f2f5e220 DEOPT UNPACKING pc=0x000001989ca94242 sp=0x0000006c246fddd0 mode 0
Event: 17.474 Thread 0x00000198f2f5e220 DEOPT PACKING pc=0x000001989716827e sp=0x0000006c246fe920
Event: 17.474 Thread 0x00000198f2f5e220 DEOPT UNPACKING pc=0x000001989ca94242 sp=0x0000006c246fde78 mode 0
Event: 17.476 Thread 0x00000198f2f5e220 DEOPT PACKING pc=0x000001989716834b sp=0x0000006c246fe870
Event: 17.476 Thread 0x00000198f2f5e220 DEOPT UNPACKING pc=0x000001989ca94242 sp=0x0000006c246fddd0 mode 0
Event: 17.482 Thread 0x00000198f3da6d00 DEOPT PACKING pc=0x0000019896f44805 sp=0x0000006c28dfe290
Event: 17.482 Thread 0x00000198f3da6d00 DEOPT UNPACKING pc=0x000001989ca94242 sp=0x0000006c28dfd718 mode 0
Event: 17.483 Thread 0x00000198f2f5e220 DEOPT PACKING pc=0x000001989716834b sp=0x0000006c246fe870
Event: 17.483 Thread 0x00000198f2f5e220 DEOPT UNPACKING pc=0x000001989ca94242 sp=0x0000006c246fddd0 mode 0

Classes loaded (20 events):
Event: 13.142 Loading class java/util/stream/Nodes$IntFixedNodeBuilder
Event: 13.142 Loading class java/util/stream/Node$Builder$OfInt
Event: 13.142 Loading class java/util/stream/Node$Builder$OfInt done
Event: 13.142 Loading class java/util/stream/Nodes$IntArrayNode
Event: 13.142 Loading class java/util/stream/Nodes$IntArrayNode done
Event: 13.142 Loading class java/util/stream/Nodes$IntFixedNodeBuilder done
Event: 13.142 Loading class java/util/stream/ReferencePipeline$4$1
Event: 13.142 Loading class java/util/stream/ReferencePipeline$4$1 done
Event: 13.392 Loading class java/util/stream/ReduceOps$4
Event: 13.392 Loading class java/util/stream/ReduceOps$4 done
Event: 13.392 Loading class java/util/stream/ReduceOps$4ReducingSink
Event: 13.392 Loading class java/util/stream/ReduceOps$4ReducingSink done
Event: 13.393 Loading class java/nio/file/Files$2
Event: 13.393 Loading class java/nio/file/Files$2 done
Event: 13.537 Loading class java/util/Hashtable$ValueCollection
Event: 13.537 Loading class java/util/Hashtable$ValueCollection done
Event: 13.540 Loading class java/util/concurrent/ConcurrentHashMap$KeySpliterator
Event: 13.540 Loading class java/util/concurrent/ConcurrentHashMap$KeySpliterator done
Event: 13.544 Loading class sun/nio/ch/ChannelOutputStream
Event: 13.544 Loading class sun/nio/ch/ChannelOutputStream done

Classes unloaded (7 events):
Event: 2.403 Thread 0x000001988ffaec00 Unloading class 0x00000198aa1ab400 'java/lang/invoke/LambdaForm$MH+0x00000198aa1ab400'
Event: 2.403 Thread 0x000001988ffaec00 Unloading class 0x00000198aa1ab000 'java/lang/invoke/LambdaForm$MH+0x00000198aa1ab000'
Event: 2.403 Thread 0x000001988ffaec00 Unloading class 0x00000198aa1aac00 'java/lang/invoke/LambdaForm$MH+0x00000198aa1aac00'
Event: 2.403 Thread 0x000001988ffaec00 Unloading class 0x00000198aa1aa800 'java/lang/invoke/LambdaForm$MH+0x00000198aa1aa800'
Event: 2.403 Thread 0x000001988ffaec00 Unloading class 0x00000198aa1aa400 'java/lang/invoke/LambdaForm$BMH+0x00000198aa1aa400'
Event: 2.403 Thread 0x000001988ffaec00 Unloading class 0x00000198aa1aa000 'java/lang/invoke/LambdaForm$DMH+0x00000198aa1aa000'
Event: 2.403 Thread 0x000001988ffaec00 Unloading class 0x00000198aa1a8c00 'java/lang/invoke/LambdaForm$DMH+0x00000198aa1a8c00'

Classes redefined (0 events):
No events

Internal exceptions (20 events):
Event: 12.485 Thread 0x00000198f2b20da0 Exception <a 'sun/nio/fs/WindowsException'{0x00000000d6469c10}> (0x00000000d6469c10) 
thrown [s\src\hotspot\share\prims\jni.cpp, line 520]
Event: 12.485 Thread 0x00000198f3749be0 Exception <a 'sun/nio/fs/WindowsException'{0x00000000d638c948}> (0x00000000d638c948) 
thrown [s\src\hotspot\share\prims\jni.cpp, line 520]
Event: 12.486 Thread 0x00000198f374af90 Exception <a 'sun/nio/fs/WindowsException'{0x00000000d6376228}> (0x00000000d6376228) 
thrown [s\src\hotspot\share\prims\jni.cpp, line 520]
Event: 12.486 Thread 0x00000198f374bcb0 Exception <a 'sun/nio/fs/WindowsException'{0x00000000d631fb38}> (0x00000000d631fb38) 
thrown [s\src\hotspot\share\prims\jni.cpp, line 520]
Event: 12.487 Thread 0x00000198f2b27010 Exception <a 'sun/nio/fs/WindowsException'{0x00000000d64bc3e0}> (0x00000000d64bc3e0) 
thrown [s\src\hotspot\share\prims\jni.cpp, line 520]
Event: 12.488 Thread 0x00000198f374bcb0 Exception <a 'sun/nio/fs/WindowsException'{0x00000000d6322228}> (0x00000000d6322228) 
thrown [s\src\hotspot\share\prims\jni.cpp, line 520]
Event: 12.488 Thread 0x00000198f374c340 Exception <a 'sun/nio/fs/WindowsException'{0x00000000d6357cf0}> (0x00000000d6357cf0) 
thrown [s\src\hotspot\share\prims\jni.cpp, line 520]
Event: 12.488 Thread 0x00000198f2b20da0 Exception <a 'sun/nio/fs/WindowsException'{0x00000000d646cf58}> (0x00000000d646cf58) 
thrown [s\src\hotspot\share\prims\jni.cpp, line 520]
Event: 12.488 Thread 0x00000198f2b21ac0 Exception <a 'sun/nio/fs/WindowsException'{0x00000000d6433850}> (0x00000000d6433850) 
thrown [s\src\hotspot\share\prims\jni.cpp, line 520]
Event: 12.489 Thread 0x00000198f3749550 Exception <a 'sun/nio/fs/WindowsException'{0x00000000d62b9540}> (0x00000000d62b9540) 
thrown [s\src\hotspot\share\prims\jni.cpp, line 520]
Event: 12.490 Thread 0x00000198f2b22150 Exception <a 'sun/nio/fs/WindowsException'{0x00000000d6418cf0}> (0x00000000d6418cf0) 
thrown [s\src\hotspot\share\prims\jni.cpp, line 520]
Event: 12.490 Thread 0x00000198f374c340 Exception <a 'sun/nio/fs/WindowsException'{0x00000000d635b228}> (0x00000000d635b228) 
thrown [s\src\hotspot\share\prims\jni.cpp, line 520]
Event: 12.504 Thread 0x00000198f3aff600 Exception <a 'sun/nio/fs/WindowsException'{0x00000000d64e2fe8}> (0x00000000d64e2fe8) 
thrown [s\src\hotspot\share\prims\jni.cpp, line 520]
Event: 12.505 Thread 0x00000198f374a900 Exception <a 'sun/nio/fs/WindowsException'{0x00000000d652a410}> (0x00000000d652a410) 
thrown [s\src\hotspot\share\prims\jni.cpp, line 520]
Event: 12.505 Thread 0x00000198f374af90 Exception <a 'sun/nio/fs/WindowsException'{0x00000000d63794f8}> (0x00000000d63794f8) 
thrown [s\src\hotspot\share\prims\jni.cpp, line 520]
Event: 13.394 Thread 0x00000198f3aff600 Exception <a 'java/lang/NoSuchMethodError'{0x00000000d580ed18}: 'int java.lang.invoke.DirectMethodHandle$Holder.invokeSpecialIFC(java.lang.Object, java.lang.Object, java.lang.Object)'> (0x00000000d580ed18) 
thrown [s\src\hotspot\share\interpreter\linkResolver.cpp, line 773]
Event: 13.541 Thread 0x00000198f3aff600 Exception <a 'java/lang/NoSuchMethodError'{0x00000000d6540418}: 'java.lang.Object java.lang.invoke.DirectMethodHandle$Holder.newInvokeSpecial(java.lang.Object, java.lang.Object, int, int, java.lang.Object)'> (0x00000000d6540418) 
thrown [s\src\hotspot\share\interpreter\linkResolver.cpp, line 773]
Event: 13.699 Thread 0x00000198f3da6d00 Exception <a 'java/lang/NoSuchMethodError'{0x00000000d6353930}: 'void java.lang.invoke.DirectMethodHandle$Holder.invokeVirtual(java.lang.Object, java.lang.Object, java.lang.Object, java.lang.Object, java.lang.Object)'> (0x00000000d6353930) 
thrown [s\src\hotspot\share\interpreter\linkResolver.cpp, line 773]
Event: 13.767 Thread 0x00000198f3da6d00 Exception <a 'java/lang/NoSuchMethodError'{0x00000000d587a3f8}: 'java.lang.Object java.lang.invoke.DirectMethodHandle$Holder.invokeStatic(java.lang.Object, java.lang.Object, int, java.lang.Object, java.lang.Object)'> (0x00000000d587a3f8) 
thrown [s\src\hotspot\share\interpreter\linkResolver.cpp, line 773]
Event: 13.919 Thread 0x00000198f2f5e220 Implicit null exception at 0x000001989d938f62 to 0x000001989d9393a0

ZGC Phase Switch (0 events):
No events

VM Operations (20 events):
Event: 17.067 Executing safepoint VM operation: Cleanup done
Event: 17.083 Executing safepoint VM operation: ParallelGCFailedAllocation (Allocation Failure)
Event: 17.089 Executing safepoint VM operation: ParallelGCFailedAllocation (Allocation Failure) done
Event: 17.115 Executing non-safepoint VM operation: HandshakeAllThreads (Deoptimize)
Event: 17.115 Executing non-safepoint VM operation: HandshakeAllThreads (Deoptimize) done
Event: 17.137 Executing safepoint VM operation: ICBufferFull
Event: 17.137 Executing safepoint VM operation: ICBufferFull done
Event: 17.167 Executing safepoint VM operation: ICBufferFull
Event: 17.167 Executing safepoint VM operation: ICBufferFull done
Event: 17.176 Executing safepoint VM operation: ParallelGCFailedAllocation (Allocation Failure)
Event: 17.180 Executing safepoint VM operation: ParallelGCFailedAllocation (Allocation Failure) done
Event: 17.246 Executing safepoint VM operation: ParallelGCFailedAllocation (Allocation Failure)
Event: 17.249 Executing safepoint VM operation: ParallelGCFailedAllocation (Allocation Failure) done
Event: 17.314 Executing safepoint VM operation: ICBufferFull
Event: 17.314 Executing safepoint VM operation: ICBufferFull done
Event: 17.333 Executing safepoint VM operation: ParallelGCFailedAllocation (Allocation Failure)
Event: 17.335 Executing safepoint VM operation: ParallelGCFailedAllocation (Allocation Failure) done
Event: 17.411 Executing safepoint VM operation: ParallelGCFailedAllocation (Allocation Failure)
Event: 17.415 Executing safepoint VM operation: ParallelGCFailedAllocation (Allocation Failure) done
Event: 17.485 Executing safepoint VM operation: ParallelGCFailedAllocation (Allocation Failure)

Memory protections (0 events):
No events

Nmethod flushes (20 events):
Event: 6.248 Thread 0x000001988ffaec00 flushing  nmethod 0x0000019895fe4810
Event: 6.248 Thread 0x000001988ffaec00 flushing  nmethod 0x0000019895fe5090
Event: 6.248 Thread 0x000001988ffaec00 flushing  nmethod 0x0000019895fe6890
Event: 6.248 Thread 0x000001988ffaec00 flushing  nmethod 0x0000019895ffd710
Event: 6.248 Thread 0x000001988ffaec00 flushing  nmethod 0x000001989602e010
Event: 6.248 Thread 0x000001988ffaec00 flushing  nmethod 0x0000019896037210
Event: 6.248 Thread 0x000001988ffaec00 flushing  nmethod 0x0000019896047190
Event: 6.248 Thread 0x000001988ffaec00 flushing  nmethod 0x0000019896047c10
Event: 6.248 Thread 0x000001988ffaec00 flushing  nmethod 0x0000019896056090
Event: 6.248 Thread 0x000001988ffaec00 flushing  nmethod 0x0000019896056910
Event: 6.248 Thread 0x000001988ffaec00 flushing  nmethod 0x0000019896078890
Event: 6.248 Thread 0x000001988ffaec00 flushing  nmethod 0x0000019896091190
Event: 6.248 Thread 0x000001988ffaec00 flushing  nmethod 0x000001989610cb10
Event: 6.248 Thread 0x000001988ffaec00 flushing  nmethod 0x000001989611f910
Event: 6.248 Thread 0x000001988ffaec00 flushing  nmethod 0x0000019896121210
Event: 6.248 Thread 0x000001988ffaec00 flushing  nmethod 0x0000019896123710
Event: 6.248 Thread 0x000001988ffaec00 flushing  nmethod 0x000001989612c290
Event: 6.248 Thread 0x000001988ffaec00 flushing  nmethod 0x0000019896132210
Event: 6.248 Thread 0x000001988ffaec00 flushing  nmethod 0x0000019896153d10
Event: 6.248 Thread 0x000001988ffaec00 flushing  nmethod 0x0000019896154610

Events (20 events):
Event: 13.541 Thread 0x00000198f3aff600 Thread added: 0x00000198f3da7390
Event: 13.545 Thread 0x00000198f3aff600 Thread added: 0x00000198f3da3f10
Event: 13.546 Thread 0x00000198f3aff600 Thread added: 0x00000198f3da7a20
Event: 13.546 Thread 0x00000198f3aff600 Thread added: 0x00000198f3da8dd0
Event: 13.546 Thread 0x00000198f3aff600 Thread added: 0x00000198f3da80b0
Event: 13.546 Thread 0x00000198f3aff600 Thread added: 0x00000198f3da8740
Event: 13.546 Thread 0x00000198f3aff600 Thread added: 0x00000198f3da9460
Event: 13.550 Thread 0x00000198f3aff600 Thread added: 0x00000198f3da9af0
Event: 13.550 Thread 0x00000198f3aff600 Thread added: 0x00000198f3daa180
Event: 13.550 Thread 0x00000198f3aff600 Thread added: 0x00000198ed151e90
Event: 13.553 Thread 0x00000198f3aff600 Thread added: 0x00000198ed150450
Event: 13.553 Thread 0x00000198f3aff600 Thread added: 0x00000198ed150ae0
Event: 13.556 Thread 0x00000198f3aff600 Thread added: 0x00000198ed151170
Event: 13.556 Thread 0x00000198f3aff600 Thread added: 0x00000198ed14fdc0
Event: 13.556 Thread 0x00000198f3aff600 Thread added: 0x00000198ed151800
Event: 13.556 Thread 0x00000198f3aff600 Thread added: 0x00000198ed152520
Event: 13.560 Thread 0x00000198f3aff600 Thread added: 0x00000198ed14f0a0
Event: 15.034 Thread 0x00000198f3eb9db0 Thread added: 0x00000198eb2181c0
Event: 16.026 Thread 0x00000198f3eb9db0 Thread exited: 0x00000198f3eb9db0
Event: 17.068 Thread 0x00000198eb217420 Thread added: 0x00000198ffe6bcd0


Dynamic libraries:
0x00007ff7af290000 - 0x00007ff7af29e000 	c:\Users\jibri\.cursor\extensions\redhat.java-1.53.0-win32-x64\jre\21.0.10-win32-x86_64\bin\java.exe
0x00007ff833d60000 - 0x00007ff833fc8000 	C:\WINDOWS\SYSTEM32\ntdll.dll
0x00007fffe9c50000 - 0x00007fffe9c70000 	C:\Program Files\Avast Software\Avast\aswhook.dll
0x00007ff832f60000 - 0x00007ff833029000 	C:\WINDOWS\System32\KERNEL32.DLL
0x00007ff8314e0000 - 0x00007ff8318d1000 	C:\WINDOWS\System32\KERNELBASE.dll
0x00007ff830830000 - 0x00007ff83097b000 	C:\WINDOWS\System32\ucrtbase.dll
0x00007fffa4060000 - 0x00007fffa4078000 	c:\Users\jibri\.cursor\extensions\redhat.java-1.53.0-win32-x64\jre\21.0.10-win32-x86_64\bin\jli.dll
0x00007fffa4040000 - 0x00007fffa405e000 	c:\Users\jibri\.cursor\extensions\redhat.java-1.53.0-win32-x64\jre\21.0.10-win32-x86_64\bin\VCRUNTIME140.dll
0x00007ff833a40000 - 0x00007ff833c06000 	C:\WINDOWS\System32\USER32.dll
0x00007ff831ad0000 - 0x00007ff831af7000 	C:\WINDOWS\System32\win32u.dll
0x00007ff814c90000 - 0x00007ff814f23000 	C:\WINDOWS\WinSxS\amd64_microsoft.windows.common-controls_6595b64144ccf1df_6.0.26100.7824_none_3e0870b2e3345462\COMCTL32.dll
0x00007ff832930000 - 0x00007ff83295b000 	C:\WINDOWS\System32\GDI32.dll
0x00007ff833990000 - 0x00007ff833a39000 	C:\WINDOWS\System32\msvcrt.dll
0x00007ff8319a0000 - 0x00007ff831acb000 	C:\WINDOWS\System32\gdi32full.dll
0x00007ff8306d0000 - 0x00007ff830773000 	C:\WINDOWS\System32\msvcp_win.dll
0x00007ff833cc0000 - 0x00007ff833cf1000 	C:\WINDOWS\System32\IMM32.DLL
0x00007fffe95d0000 - 0x00007fffe95dc000 	c:\Users\jibri\.cursor\extensions\redhat.java-1.53.0-win32-x64\jre\21.0.10-win32-x86_64\bin\vcruntime140_1.dll
0x00007fff9e670000 - 0x00007fff9e6fd000 	c:\Users\jibri\.cursor\extensions\redhat.java-1.53.0-win32-x64\jre\21.0.10-win32-x86_64\bin\msvcp140.dll
0x00007fff8c970000 - 0x00007fff8d711000 	c:\Users\jibri\.cursor\extensions\redhat.java-1.53.0-win32-x64\jre\21.0.10-win32-x86_64\bin\server\jvm.dll
0x00007ff833260000 - 0x00007ff833314000 	C:\WINDOWS\System32\ADVAPI32.dll
0x00007ff833c10000 - 0x00007ff833cb6000 	C:\WINDOWS\System32\sechost.dll
0x00007ff833140000 - 0x00007ff833258000 	C:\WINDOWS\System32\RPCRT4.dll
0x00007ff832ed0000 - 0x00007ff832f44000 	C:\WINDOWS\System32\WS2_32.dll
0x00007ff8304a0000 - 0x00007ff8304fe000 	C:\WINDOWS\SYSTEM32\POWRPROF.dll
0x00007ff829110000 - 0x00007ff82911b000 	C:\WINDOWS\SYSTEM32\VERSION.dll
0x00007ff821360000 - 0x00007ff821395000 	C:\WINDOWS\SYSTEM32\WINMM.dll
0x00007ff830480000 - 0x00007ff830494000 	C:\WINDOWS\SYSTEM32\UMPDC.dll
0x00007ff82f3b0000 - 0x00007ff82f3cb000 	C:\WINDOWS\SYSTEM32\kernel.appcore.dll
0x00007fffe8cd0000 - 0x00007fffe8cda000 	c:\Users\jibri\.cursor\extensions\redhat.java-1.53.0-win32-x64\jre\21.0.10-win32-x86_64\bin\jimage.dll
0x00007ff82e630000 - 0x00007ff82e872000 	C:\WINDOWS\SYSTEM32\DBGHELP.DLL
0x00007ff833600000 - 0x00007ff833986000 	C:\WINDOWS\System32\combase.dll
0x00007ff832960000 - 0x00007ff832a37000 	C:\WINDOWS\System32\OLEAUT32.dll
0x00007ff821f30000 - 0x00007ff821f6b000 	C:\WINDOWS\SYSTEM32\dbgcore.DLL
0x00007ff830780000 - 0x00007ff830825000 	C:\WINDOWS\System32\bcryptPrimitives.dll
0x00007ff818750000 - 0x00007ff81875f000 	c:\Users\jibri\.cursor\extensions\redhat.java-1.53.0-win32-x64\jre\21.0.10-win32-x86_64\bin\instrument.dll
0x00007fffa3e40000 - 0x00007fffa3e60000 	c:\Users\jibri\.cursor\extensions\redhat.java-1.53.0-win32-x64\jre\21.0.10-win32-x86_64\bin\java.dll
0x00007ff831b00000 - 0x00007ff832252000 	C:\WINDOWS\System32\SHELL32.dll
0x00007ff831370000 - 0x00007ff8314da000 	C:\WINDOWS\System32\wintypes.dll
0x00007ff830b00000 - 0x00007ff831363000 	C:\WINDOWS\System32\windows.storage.dll
0x00007ff8334d0000 - 0x00007ff8335c6000 	C:\WINDOWS\System32\SHCORE.dll
0x00007ff8324a0000 - 0x00007ff832507000 	C:\WINDOWS\System32\shlwapi.dll
0x00007ff830560000 - 0x00007ff830589000 	C:\WINDOWS\SYSTEM32\profapi.dll
0x00007fff9d4c0000 - 0x00007fff9d4d8000 	c:\Users\jibri\.cursor\extensions\redhat.java-1.53.0-win32-x64\jre\21.0.10-win32-x86_64\bin\zip.dll
0x00007fffe68e0000 - 0x00007fffe68f0000 	C:\Users\jibri\.cursor\extensions\redhat.java-1.53.0-win32-x64\jre\21.0.10-win32-x86_64\bin\net.dll
0x00007ff829d70000 - 0x00007ff829e97000 	C:\WINDOWS\SYSTEM32\WINHTTP.dll
0x00007ff82f930000 - 0x00007ff82f99b000 	C:\WINDOWS\system32\mswsock.dll
0x00007fff9cc10000 - 0x00007fff9cc26000 	C:\Users\jibri\.cursor\extensions\redhat.java-1.53.0-win32-x64\jre\21.0.10-win32-x86_64\bin\nio.dll
0x00007ff818010000 - 0x00007ff818020000 	c:\Users\jibri\.cursor\extensions\redhat.java-1.53.0-win32-x64\jre\21.0.10-win32-x86_64\bin\verify.dll
0x00007fffd3aa0000 - 0x00007fffd3ae5000 	C:\Users\jibri\AppData\Roaming\Cursor\User\globalStorage\redhat.java\1.53.0\config_win\org.eclipse.equinox.launcher\org.eclipse.equinox.launcher.win32.win32.x86_64_1.3.0.v20260203-2149\eclipse_11919.dll
0x00007ff833320000 - 0x00007ff8334b7000 	C:\WINDOWS\System32\ole32.dll
0x00007ff82fc20000 - 0x00007ff82fc3b000 	C:\WINDOWS\SYSTEM32\CRYPTSP.dll
0x00007ff82f310000 - 0x00007ff82f349000 	C:\WINDOWS\system32\rsaenh.dll
0x00007ff82fa00000 - 0x00007ff82fa2b000 	C:\WINDOWS\SYSTEM32\USERENV.dll
0x00007ff830530000 - 0x00007ff83055a000 	C:\WINDOWS\SYSTEM32\bcrypt.dll
0x00007ff82fc40000 - 0x00007ff82fc4c000 	C:\WINDOWS\SYSTEM32\CRYPTBASE.dll
0x00007ff82edf0000 - 0x00007ff82ee24000 	C:\WINDOWS\SYSTEM32\IPHLPAPI.DLL
0x00007ff8334c0000 - 0x00007ff8334ca000 	C:\WINDOWS\System32\NSI.dll
0x00007fffd3a50000 - 0x00007fffd3a99000 	C:\Users\jibri\AppData\Local\Temp\jna-101119098\jna5360646221534938452.dll
0x00007ff832430000 - 0x00007ff832438000 	C:\WINDOWS\System32\PSAPI.DLL
0x00007ff8297d0000 - 0x00007ff8297ee000 	C:\WINDOWS\SYSTEM32\dhcpcsvc6.DLL
0x00007ff8297a0000 - 0x00007ff8297c3000 	C:\WINDOWS\SYSTEM32\dhcpcsvc.DLL
0x00007fffe33c0000 - 0x00007fffe33e7000 	C:\Users\jibri\.gradle\native\1def1411415f61bf3af743bc5b6707747c0891f09f0c88961ee8f79bc544acac\windows-amd64\native-platform.dll
0x00007fffe8a10000 - 0x00007fffe8a1a000 	C:\Users\jibri\.cursor\extensions\redhat.java-1.53.0-win32-x64\jre\21.0.10-win32-x86_64\bin\management.dll
0x00007fffe8420000 - 0x00007fffe842c000 	C:\Users\jibri\.cursor\extensions\redhat.java-1.53.0-win32-x64\jre\21.0.10-win32-x86_64\bin\management_ext.dll
0x00007fffe4160000 - 0x00007fffe4169000 	C:\Users\jibri\.cursor\extensions\redhat.java-1.53.0-win32-x64\jre\21.0.10-win32-x86_64\bin\extnet.dll
0x00007fffe60b0000 - 0x00007fffe60be000 	C:\Users\jibri\.cursor\extensions\redhat.java-1.53.0-win32-x64\jre\21.0.10-win32-x86_64\bin\sunmscapi.dll
0x00007ff830980000 - 0x00007ff830af7000 	C:\WINDOWS\System32\CRYPT32.dll
0x00007ff82fe40000 - 0x00007ff82fe70000 	C:\WINDOWS\SYSTEM32\ncrypt.dll
0x00007ff82fdf0000 - 0x00007ff82fe2f000 	C:\WINDOWS\SYSTEM32\NTASN1.dll
0x00007ff82ee90000 - 0x00007ff82efbc000 	C:\WINDOWS\SYSTEM32\DNSAPI.dll
0x00007ff821ce0000 - 0x00007ff821ceb000 	C:\Windows\System32\rasadhlp.dll
0x00007ff828e00000 - 0x00007ff828e86000 	C:\WINDOWS\System32\fwpuclnt.dll

JVMTI agents:
c:\Users\jibri\.cursor\extensions\redhat.java-1.53.0-win32-x64\lombok\lombok-1.18.39-4050.jar path:c:\Users\jibri\.cursor\extensions\redhat.java-1.53.0-win32-x64\jre\21.0.10-win32-x86_64\bin\instrument.dll, loaded, initialized, instrumentlib options:none

dbghelp: loaded successfully - version: 4.0.5 - missing functions: none
symbol engine: initialized successfully - sym options: 0x614 - pdb path: .;c:\Users\jibri\.cursor\extensions\redhat.java-1.53.0-win32-x64\jre\21.0.10-win32-x86_64\bin;C:\WINDOWS\SYSTEM32;C:\Program Files\Avast Software\Avast;C:\WINDOWS\WinSxS\amd64_microsoft.windows.common-controls_6595b64144ccf1df_6.0.26100.7824_none_3e0870b2e3345462;c:\Users\jibri\.cursor\extensions\redhat.java-1.53.0-win32-x64\jre\21.0.10-win32-x86_64\bin\server;C:\Users\jibri\AppData\Roaming\Cursor\User\globalStorage\redhat.java\1.53.0\config_win\org.eclipse.equinox.launcher\org.eclipse.equinox.launcher.win32.win32.x86_64_1.3.0.v20260203-2149;C:\Users\jibri\AppData\Local\Temp\jna-101119098;C:\Users\jibri\.gradle\native\1def1411415f61bf3af743bc5b6707747c0891f09f0c88961ee8f79bc544acac\windows-amd64

VM Arguments:
jvm_args: --add-modules=ALL-SYSTEM --add-opens=java.base/java.util=ALL-UNNAMED --add-opens=java.base/java.lang=ALL-UNNAMED --add-opens=java.base/sun.nio.fs=ALL-UNNAMED -Declipse.application=org.eclipse.jdt.ls.core.id1 -Dosgi.bundles.defaultStartLevel=4 -Declipse.product=org.eclipse.jdt.ls.core.product -Djava.import.generatesMetadataFilesAtProjectRoot=false -DDetectVMInstallationsJob.disabled=true -Dfile.encoding=utf8 -XX:+UseParallelGC -XX:GCTimeRatio=4 -XX:AdaptiveSizePolicyWeight=90 -Dsun.zip.disableMemoryMapping=true -Xmx2G -Xms100m -Xlog:disable -javaagent:c:\Users\jibri\.cursor\extensions\redhat.java-1.53.0-win32-x64\lombok\lombok-1.18.39-4050.jar -XX:+HeapDumpOnOutOfMemoryError -XX:HeapDumpPath=c:\Users\jibri\AppData\Roaming\Cursor\User\workspaceStorage\8b75b7c593fc459511d45e689933c160\redhat.java -Daether.dependencyCollector.impl=bf 
java_command: c:\Users\jibri\.cursor\extensions\redhat.java-1.53.0-win32-x64\server\plugins\org.eclipse.equinox.launcher_1.7.100.v20251111-0406.jar -configuration c:\Users\jibri\AppData\Roaming\Cursor\User\globalStorage\redhat.java\1.53.0\config_win -data c:\Users\jibri\AppData\Roaming\Cursor\User\workspaceStorage\8b75b7c593fc459511d45e689933c160\redhat.java\jdt_ws --pipe=\\.\pipe\lsp-6648af887ed7315731cbadf2ff03c2dd-sock
java_class_path (initial): c:\Users\jibri\.cursor\extensions\redhat.java-1.53.0-win32-x64\server\plugins\org.eclipse.equinox.launcher_1.7.100.v20251111-0406.jar
Launcher Type: SUN_STANDARD

[Global flags]
    uintx AdaptiveSizePolicyWeight                 = 90                                        {product} {command line}
     intx CICompilerCount                          = 12                                        {product} {ergonomic}
    uintx GCTimeRatio                              = 4                                         {product} {command line}
     bool HeapDumpOnOutOfMemoryError               = true                                   {manageable} {command line}
    ccstr HeapDumpPath                             = c:\Users\jibri\AppData\Roaming\Cursor\User\workspaceStorage\8b75b7c593fc459511d45e689933c160\redhat.java         {manageable} {command line}
   size_t InitialHeapSize                          = 104857600                                 {product} {command line}
   size_t MaxHeapSize                              = 2147483648                                {product} {command line}
   size_t MaxNewSize                               = 715653120                                 {product} {ergonomic}
   size_t MinHeapDeltaBytes                        = 524288                                    {product} {ergonomic}
   size_t MinHeapSize                              = 104857600                                 {product} {command line}
   size_t NewSize                                  = 34603008                                  {product} {ergonomic}
    uintx NonNMethodCodeHeapSize                   = 7602480                                {pd product} {ergonomic}
    uintx NonProfiledCodeHeapSize                  = 122027880                              {pd product} {ergonomic}
   size_t OldSize                                  = 70254592                                  {product} {ergonomic}
    uintx ProfiledCodeHeapSize                     = 122027880                              {pd product} {ergonomic}
    uintx ReservedCodeCacheSize                    = 251658240                              {pd product} {ergonomic}
     bool SegmentedCodeCache                       = true                                      {product} {ergonomic}
   size_t SoftMaxHeapSize                          = 2147483648                             {manageable} {ergonomic}
     bool UseCompressedOops                        = true                           {product lp64_product} {ergonomic}
     bool UseLargePagesIndividualAllocation        = false                                  {pd product} {ergonomic}
     bool UseParallelGC                            = true                                      {product} {command line}

Logging:
Log output configuration:
 #0: stdout all=off uptime,level,tags foldmultilines=false
 #1: stderr all=off uptime,level,tags foldmultilines=false

Release file:
JAVA_VERSION="21.0.10" 
MODULES="java.base java.compiler java.datatransfer java.xml java.prefs java.desktop java.instrument java.logging java.management java.security.sasl java.naming java.rmi java.management.rmi java.net.http java.scripting java.security.jgss java.transaction.xa java.sql java.sql.rowset java.xml.crypto java.se java.smartcardio jdk.accessibility jdk.internal.jvmstat jdk.attach jdk.charsets jdk.internal.opt jdk.zipfs jdk.compiler jdk.crypto.ec jdk.crypto.cryptoki jdk.crypto.mscapi jdk.dynalink jdk.internal.ed jdk.editpad jdk.hotspot.agent jdk.httpserver jdk.internal.le jdk.internal.vm.ci jdk.internal.vm.compiler jdk.internal.vm.compiler.management jdk.jartool jdk.javadoc jdk.jcmd jdk.management jdk.management.agent jdk.jconsole jdk.jdeps jdk.jdwp.agent jdk.jdi jdk.jfr jdk.jshell jdk.jsobject jdk.jstatd jdk.localedata jdk.management.jfr jdk.naming.dns jdk.naming.rmi jdk.net jdk.nio.mapmode jdk.random jdk.sctp jdk.security.auth jdk.security.jgss jdk.unsupported jdk.unsupported.desktop jdk.xml.dom" 

Environment Variables:
JAVA_HOME=C:\Program Files\Java\jdk-17
PATH=C:\Program Files\Microsoft\jdk-17.0.16.8-hotspot\bin;C:\ProgramData\Oracle\Java\javapath;C:\Program Files\NVIDIA GPU Computing Toolkit\CUDA\v12.8\bin;C:\Program Files\NVIDIA GPU Computing Toolkit\CUDA\v12.8\libnvvp;C:\Program Files\Common Files\Oracle\Java\javapath;C:\PHP\phpoldversion\;C:\Windows\system32;C:\Windows;C:\Windows\System32\Wbem;C:\Windows\System32\WindowsPowerShell\v1.0\;C:\Windows\System32\OpenSSH\;C:\Program Files (x86)\NVIDIA Corporation\PhysX\Common;C:\Program Files\Microsoft SQL Server\150\Tools\Binn\;C:\Program Files\Microsoft SQL Server\Client SDK\ODBC\170\Tools\Binn\;C:\ProgramData\ComposerSetup\bin;C:\Users\jibri\.config\herd\bin\nvm;C:\Program Files\nodejs;C:\Program Files\Java\jdk-17\bin;C:\xampp\php;C:\WINDOWS\system32;C:\WINDOWS;C:\WINDOWS\System32\Wbem;C:\WINDOWS\System32\WindowsPowerShell\v1.0\;C:\WINDOWS\System32\OpenSSH\;C:\Program Files\nodejs\;C:\Program Files\Git\cmd;C:\Program Files\Git\bin;C:\Users\jibri\AppData\Local\Pub\Cache\bin;C:\Program Files\NVIDIA Corporation\NVIDIA app\NvDLISR;C:\Program Files\heroku\bin;C:\Program Files\NVIDIA Corporation\Nsight Compute 2025.1.1\;C:\ProgramData\chocolatey\bin;C:\Users\jibri\AppData\Local\Programs\Python\Python310\Scripts;C:\Program Files\dotnet\;C:\Program Files (x86)\Windows Kits\10\Windows Performance Toolkit\;C:\Users\jibri\AppData\Local\Android\Sdk\platform-tools;C:\Program Files\Docker\Docker\resources\bin;C:\Program Files\MySQL\MySQL Shell 8.0\bin\;C:\Users\jibri\AppData\Local\Programs\Python\Python310\Scripts\;C:\Users\jibri\AppData\Local\Programs\Python\Python310\;C:\Users\jibri\.config\herd\bin;C:\Users\jibri\AppData\Local\Microsoft\WindowsApps;C:\Users\jibri\AppData\Local\Programs\Microsoft VS Code\bin;C:\Users\jibri\AppData\Roaming\Composer\vendor\bin;C:\flutter\flutter\bin;C:\Users\jibri\AppData\Roaming\npm;C:\Program Files\Git;C:\Users\jibri\AppData\Local\Pub\Cache\bin;C:\Program Files\heroku\bin;C:\Users\jibri\.dotnet\tools;C:\AppServ\Apache24\bin;C:\AppServ\php7;C:\AppServ\MySQL\bin;C:\Users\jibri\AppData\Local\Android\Sdk\build-tools;C:\ProgramData\chocolatey\bin;C:\Program Files\nodejs\;C:\Users\jibri\AppData\Local\Programs\cursor\resources\app\bin
USERNAME=jibri
OS=Windows_NT
PROCESSOR_IDENTIFIER=Intel64 Family 6 Model 191 Stepping 2, GenuineIntel
TMP=C:\Users\jibri\AppData\Local\Temp
TEMP=C:\Users\jibri\AppData\Local\Temp




Periodic native trim disabled

---------------  S Y S T E M  ---------------

OS:
 Windows 11 , 64 bit Build 26100 (10.0.26100.7705)
OS uptime: 0 days 18:02 hours
Hyper-V role detected

CPU: total 20 (initial active 20) (10 cores per cpu, 2 threads per core) family 6 model 191 stepping 2 microcode 0x2c, cx8, cmov, fxsr, ht, mmx, 3dnowpref, sse, sse2, sse3, ssse3, sse4.1, sse4.2, popcnt, lzcnt, tsc, tscinvbit, avx, avx2, aes, erms, clmul, bmi1, bmi2, adx, sha, fma, vzeroupper, clflush, clflushopt, clwb, hv, serialize, rdtscp, rdpid, fsrm, f16c, cet_ibt, cet_ss
Processor Information for processor 0
  Max Mhz: 2500, Current Mhz: 2500, Mhz Limit: 2500
Processor Information for processor 1
  Max Mhz: 2500, Current Mhz: 2500, Mhz Limit: 2500
Processor Information for processor 2
  Max Mhz: 2500, Current Mhz: 2500, Mhz Limit: 2500
Processor Information for processor 3
  Max Mhz: 2500, Current Mhz: 2500, Mhz Limit: 2500
Processor Information for processor 4
  Max Mhz: 2500, Current Mhz: 2500, Mhz Limit: 2500
Processor Information for processor 5
  Max Mhz: 2500, Current Mhz: 2500, Mhz Limit: 2500
Processor Information for processor 6
  Max Mhz: 2500, Current Mhz: 2500, Mhz Limit: 2500
Processor Information for processor 7
  Max Mhz: 2500, Current Mhz: 2500, Mhz Limit: 2500
Processor Information for processor 8
  Max Mhz: 2500, Current Mhz: 2500, Mhz Limit: 2500
Processor Information for processor 9
  Max Mhz: 2500, Current Mhz: 2500, Mhz Limit: 2500
Processor Information for processor 10
  Max Mhz: 2500, Current Mhz: 2500, Mhz Limit: 2500
Processor Information for processor 11
  Max Mhz: 2500, Current Mhz: 2500, Mhz Limit: 2500
Processor Information for processor 12
  Max Mhz: 2500, Current Mhz: 1800, Mhz Limit: 1800
Processor Information for processor 13
  Max Mhz: 2500, Current Mhz: 1800, Mhz Limit: 1800
Processor Information for processor 14
  Max Mhz: 2500, Current Mhz: 1800, Mhz Limit: 1800
Processor Information for processor 15
  Max Mhz: 2500, Current Mhz: 1800, Mhz Limit: 1800
Processor Information for processor 16
  Max Mhz: 2500, Current Mhz: 1800, Mhz Limit: 1800
Processor Information for processor 17
  Max Mhz: 2500, Current Mhz: 1800, Mhz Limit: 1800
Processor Information for processor 18
  Max Mhz: 2500, Current Mhz: 1800, Mhz Limit: 1800
Processor Information for processor 19
  Max Mhz: 2500, Current Mhz: 1800, Mhz Limit: 1800

Memory: 4k page, system-wide physical 7911M (644M free)
TotalPageFile size 32487M (AvailPageFile size 4M)
current process WorkingSet (physical memory assigned to process): 459M, peak: 459M
current process commit charge ("private bytes"): 552M, peak: 552M

vm_info: OpenJDK 64-Bit Server VM (21.0.10+7-LTS) for windows-amd64 JRE (21.0.10+7-LTS), built on 2026-01-20T00:00:00Z by "admin" with MS VC++ 17.12 (VS2022)

END.
