#
# There is insufficient memory for the Java Runtime Environment to continue.
# Native memory allocation (malloc) failed to allocate 1374416 bytes. Error detail: Chunk::new
# Possible reasons:
#   The system is out of physical RAM or swap space
#   This process is running with CompressedOops enabled, and the Java Heap may be blocking the growth of the native heap
# Possible solutions:
#   Reduce memory load on the system
#   Increase physical memory or swap space
#   Check if swap backing store is full
#   Decrease Java heap size (-Xmx/-Xms)
#   Decrease number of Java threads
#   Decrease Java thread stack sizes (-Xss)
#   Set larger code cache with -XX:ReservedCodeCacheSize=
#   JVM is running with Unscaled Compressed Oops mode in which the Java heap is
#     placed in the first 4GB address space. The Java Heap base address is the
#     maximum limit for the native heap growth. Please use -XX:HeapBaseMinAddress
#     to set the Java Heap base and to place the Java Heap above 4GB virtual address.
# This output file may be truncated or incomplete.
#
#  Out of Memory Error (arena.cpp:168), pid=25564, tid=23208
#
# JRE version: OpenJDK Runtime Environment Temurin-21.0.10+7 (21.0.10+7) (build 21.0.10+7-LTS)
# Java VM: OpenJDK 64-Bit Server VM Temurin-21.0.10+7 (21.0.10+7-LTS, mixed mode, sharing, tiered, compressed oops, compressed class ptrs, g1 gc, windows-amd64)
# No core dump will be written. Minidumps are not enabled by default on client versions of Windows
#

---------------  S U M M A R Y ------------

Command Line: --add-opens=java.base/java.lang=ALL-UNNAMED --add-opens=java.base/java.lang.invoke=ALL-UNNAMED --add-opens=java.base/java.util=ALL-UNNAMED --add-opens=java.prefs/java.util.prefs=ALL-UNNAMED --add-exports=jdk.compiler/com.sun.tools.javac.api=ALL-UNNAMED --add-exports=jdk.compiler/com.sun.tools.javac.util=ALL-UNNAMED --add-opens=java.base/java.util=ALL-UNNAMED --add-opens=java.prefs/java.util.prefs=ALL-UNNAMED --add-opens=java.base/java.nio.charset=ALL-UNNAMED --add-opens=java.base/java.net=ALL-UNNAMED --add-opens=java.base/java.util.concurrent=ALL-UNNAMED --add-opens=java.base/java.util.concurrent.atomic=ALL-UNNAMED --add-opens=java.xml/javax.xml.namespace=ALL-UNNAMED -XX:MaxMetaspaceSize=512m -Xmx2048m -Dfile.encoding=UTF-8 -Duser.country=PH -Duser.language=en -Duser.variant -javaagent:C:\Users\jibri\.gradle\wrapper\dists\gradle-9.0.0-bin\d6wjpkvcgsg3oed0qlfss3wgl\gradle-9.0.0\lib\agents\gradle-instrumentation-agent-9.0.0.jar org.gradle.launcher.daemon.bootstrap.GradleDaemon 9.0.0

Host: 13th Gen Intel(R) Core(TM) i5-13500HX, 20 cores, 7G,  Windows 11 , 64 bit Build 26100 (10.0.26100.8246)
Time: Wed May  6 18:40:29 2026 Malay Peninsula Standard Time elapsed time: 10.142036 seconds (0d 0h 0m 10s)

---------------  T H R E A D  ---------------

Current thread (0x00000299e9150840):  JavaThread "C2 CompilerThread2" daemon [_thread_in_native, id=23208, stack(0x000000e40a500000,0x000000e40a600000) (1024K)]


Current CompileTask:
C2:10142 5457   !   4       sun.reflect.annotation.AnnotationParser::parseAnnotations (37 bytes)

Stack: [0x000000e40a500000,0x000000e40a600000]
Native frames: (J=compiled Java code, j=interpreted, Vv=VM code, C=native code)
V  [jvm.dll+0x6d7a39]
V  [jvm.dll+0x8b4b26]
V  [jvm.dll+0x8b70de]
V  [jvm.dll+0x8b77c3]
V  [jvm.dll+0x284346]
V  [jvm.dll+0xc66ed]
V  [jvm.dll+0xc6c31]
V  [jvm.dll+0x3bec01]
V  [jvm.dll+0x1e3d62]
V  [jvm.dll+0x24c6b3]
V  [jvm.dll+0x24bb40]
V  [jvm.dll+0x1cb34e]
V  [jvm.dll+0x25b85d]
V  [jvm.dll+0x259dea]
V  [jvm.dll+0x3f857e]
V  [jvm.dll+0x85f59d]
V  [jvm.dll+0x6d626d]
C  [ucrtbase.dll+0x37b0]
C  [KERNEL32.DLL+0x2e8d7]
C  [ntdll.dll+0x8c3fc]


---------------  P R O C E S S  ---------------

Threads class SMR info:
_java_thread_list=0x00000299f0c700d0, length=45, elements={
0x00000299d0951f10, 0x00000299e9121e80, 0x00000299e91228e0, 0x00000299e9125d50,
0x00000299e9126a30, 0x00000299e912f4a0, 0x00000299e9130030, 0x00000299e91366a0,
0x00000299e914d1c0, 0x00000299e914faa0, 0x00000299e939e520, 0x00000299e9435930,
0x00000299e914d890, 0x00000299eef39580, 0x00000299eef28280, 0x00000299eef91140,
0x00000299ef026700, 0x00000299ef043610, 0x00000299ef06d280, 0x00000299ef086b70,
0x00000299ef083d80, 0x00000299ef085e50, 0x00000299ef0864e0, 0x00000299ef0836f0,
0x00000299ef084410, 0x00000299ef084aa0, 0x00000299ef085130, 0x00000299f1358a40,
0x00000299f13562e0, 0x00000299f1359df0, 0x00000299f1357d20, 0x00000299f1357000,
0x00000299f135d900, 0x00000299e914df60, 0x00000299f135ab10, 0x00000299f135b1a0,
0x00000299f135d270, 0x00000299f135bec0, 0x00000299e9150840, 0x00000299f1dfd2d0,
0x00000299f1dfc5b0, 0x00000299f1dff3a0, 0x00000299f1dfe680, 0x00000299f1dfdff0,
0x00000299f1dfed10
}

Java Threads: ( => current thread )
  0x00000299d0951f10 JavaThread "main"                              [_thread_blocked, id=8104, stack(0x000000e406700000,0x000000e406800000) (1024K)]
  0x00000299e9121e80 JavaThread "Reference Handler"          daemon [_thread_blocked, id=17960, stack(0x000000e406f00000,0x000000e407000000) (1024K)]
  0x00000299e91228e0 JavaThread "Finalizer"                  daemon [_thread_blocked, id=26476, stack(0x000000e407000000,0x000000e407100000) (1024K)]
  0x00000299e9125d50 JavaThread "Signal Dispatcher"          daemon [_thread_blocked, id=29448, stack(0x000000e407100000,0x000000e407200000) (1024K)]
  0x00000299e9126a30 JavaThread "Attach Listener"            daemon [_thread_blocked, id=5680, stack(0x000000e407200000,0x000000e407300000) (1024K)]
  0x00000299e912f4a0 JavaThread "Service Thread"             daemon [_thread_blocked, id=12544, stack(0x000000e407300000,0x000000e407400000) (1024K)]
  0x00000299e9130030 JavaThread "Monitor Deflation Thread"   daemon [_thread_blocked, id=10228, stack(0x000000e407400000,0x000000e407500000) (1024K)]
  0x00000299e91366a0 JavaThread "C2 CompilerThread0"         daemon [_thread_blocked, id=28844, stack(0x000000e407500000,0x000000e407600000) (1024K)]
  0x00000299e914d1c0 JavaThread "C1 CompilerThread0"         daemon [_thread_blocked, id=3664, stack(0x000000e407600000,0x000000e407700000) (1024K)]
  0x00000299e914faa0 JavaThread "C1 CompilerThread1"         daemon [_thread_blocked, id=17712, stack(0x000000e407700000,0x000000e407800000) (1024K)]
  0x00000299e939e520 JavaThread "Common-Cleaner"             daemon [_thread_blocked, id=26644, stack(0x000000e407800000,0x000000e407900000) (1024K)]
  0x00000299e9435930 JavaThread "Notification Thread"        daemon [_thread_blocked, id=15680, stack(0x000000e407900000,0x000000e407a00000) (1024K)]
  0x00000299e914d890 JavaThread "C1 CompilerThread2"         daemon [_thread_blocked, id=28068, stack(0x000000e407e00000,0x000000e407f00000) (1024K)]
  0x00000299eef39580 JavaThread "Daemon health stats"               [_thread_blocked, id=29568, stack(0x000000e408600000,0x000000e408700000) (1024K)]
  0x00000299eef28280 JavaThread "Incoming local TCP Connector on port 50215"        [_thread_in_native, id=29532, stack(0x000000e408700000,0x000000e408800000) (1024K)]
  0x00000299eef91140 JavaThread "Daemon periodic checks"            [_thread_blocked, id=15564, stack(0x000000e408800000,0x000000e408900000) (1024K)]
  0x00000299ef026700 JavaThread "Daemon"                            [_thread_blocked, id=11012, stack(0x000000e408900000,0x000000e408a00000) (1024K)]
  0x00000299ef043610 JavaThread "Handler for socket connection from /127.0.0.1:50215 to /127.0.0.1:50216"        [_thread_in_native, id=21384, stack(0x000000e408a00000,0x000000e408b00000) (1024K)]
  0x00000299ef06d280 JavaThread "Cancel handler"                    [_thread_blocked, id=25288, stack(0x000000e408b00000,0x000000e408c00000) (1024K)]
  0x00000299ef086b70 JavaThread "Daemon worker"                     [_thread_in_vm, id=24856, stack(0x000000e408c00000,0x000000e408d00000) (1024K)]
  0x00000299ef083d80 JavaThread "Asynchronous log dispatcher for DefaultDaemonConnection: socket connection from /127.0.0.1:50215 to /127.0.0.1:50216"        [_thread_blocked, id=12120, stack(0x000000e408d00000,0x000000e408e00000) (1024K)]
  0x00000299ef085e50 JavaThread "Stdin handler"                     [_thread_blocked, id=5968, stack(0x000000e408e00000,0x000000e408f00000) (1024K)]
  0x00000299ef0864e0 JavaThread "Daemon client event forwarder"        [_thread_blocked, id=25560, stack(0x000000e408f00000,0x000000e409000000) (1024K)]
  0x00000299ef0836f0 JavaThread "Cache worker for journal cache (C:\Users\jibri\.gradle\caches\journal-1)"        [_thread_blocked, id=29496, stack(0x000000e407b00000,0x000000e407c00000) (1024K)]
  0x00000299ef084410 JavaThread "File lock request listener"        [_thread_in_native, id=29244, stack(0x000000e409000000,0x000000e409100000) (1024K)]
  0x00000299ef084aa0 JavaThread "Cache worker for file hash cache (C:\Users\jibri\.gradle\caches\9.0.0\fileHashes)"        [_thread_blocked, id=25220, stack(0x000000e407a00000,0x000000e407b00000) (1024K)]
  0x00000299ef085130 JavaThread "File lock release action executor"        [_thread_blocked, id=29512, stack(0x000000e409100000,0x000000e409200000) (1024K)]
  0x00000299f1358a40 JavaThread "Cache worker for file hash cache (C:\rubi_web\CISC_Capstone\MiscueReading\android\.gradle\9.0.0\fileHashes)"        [_thread_blocked, id=4860, stack(0x000000e409d00000,0x000000e409e00000) (1024K)]
  0x00000299f13562e0 JavaThread "Cache worker for Build Output Cleanup Cache (C:\rubi_web\CISC_Capstone\MiscueReading\android\.gradle\buildOutputCleanup)"        [_thread_blocked, id=29004, stack(0x000000e407f00000,0x000000e408000000) (1024K)]
  0x00000299f1359df0 JavaThread "File watcher server"        daemon [_thread_in_native, id=17336, stack(0x000000e409200000,0x000000e409300000) (1024K)]
  0x00000299f1357d20 JavaThread "File watcher consumer"      daemon [_thread_blocked, id=24332, stack(0x000000e409300000,0x000000e409400000) (1024K)]
  0x00000299f1357000 JavaThread "Cache worker for checksums cache (C:\rubi_web\CISC_Capstone\MiscueReading\android\.gradle\9.0.0\checksums)"        [_thread_blocked, id=10088, stack(0x000000e409e00000,0x000000e409f00000) (1024K)]
  0x00000299f135d900 JavaThread "Cache worker for file content cache (C:\Users\jibri\.gradle\caches\9.0.0\fileContent)"        [_thread_blocked, id=29240, stack(0x000000e409f00000,0x000000e40a000000) (1024K)]
  0x00000299e914df60 JavaThread "C2 CompilerThread1"         daemon [_thread_blocked, id=26804, stack(0x000000e40a000000,0x000000e40a100000) (1024K)]
  0x00000299f135ab10 JavaThread "Cache worker for cache directory md-supplier (C:\Users\jibri\.gradle\caches\9.0.0\md-supplier)"        [_thread_blocked, id=28000, stack(0x000000e40a100000,0x000000e40a200000) (1024K)]
  0x00000299f135b1a0 JavaThread "Cache worker for cache directory md-rule (C:\Users\jibri\.gradle\caches\9.0.0\md-rule)"        [_thread_blocked, id=29096, stack(0x000000e40a200000,0x000000e40a300000) (1024K)]
  0x00000299f135d270 JavaThread "jar transforms"                    [_thread_blocked, id=17124, stack(0x000000e40a300000,0x000000e40a400000) (1024K)]
  0x00000299f135bec0 JavaThread "Cache worker for Build Output Cleanup Cache (C:\rubi_web\CISC_Capstone\MiscueReading\node_modules\@react-native\gradle-plugin\.gradle\buildOutputCleanup)"        [_thread_blocked, id=12396, stack(0x000000e40a400000,0x000000e40a500000) (1024K)]
=>0x00000299e9150840 JavaThread "C2 CompilerThread2"         daemon [_thread_in_native, id=23208, stack(0x000000e40a500000,0x000000e40a600000) (1024K)]
  0x00000299f1dfd2d0 JavaThread "Unconstrained build operations"        [_thread_blocked, id=24308, stack(0x000000e40a600000,0x000000e40a700000) (1024K)]
  0x00000299f1dfc5b0 JavaThread "Unconstrained build operations Thread 2"        [_thread_blocked, id=26636, stack(0x000000e40a700000,0x000000e40a800000) (1024K)]
  0x00000299f1dff3a0 JavaThread "Unconstrained build operations Thread 3"        [_thread_blocked, id=8756, stack(0x000000e40a800000,0x000000e40a900000) (1024K)]
  0x00000299f1dfe680 JavaThread "Unconstrained build operations Thread 4"        [_thread_blocked, id=13652, stack(0x000000e40a900000,0x000000e40aa00000) (1024K)]
  0x00000299f1dfdff0 JavaThread "Unconstrained build operations Thread 5"        [_thread_blocked, id=29008, stack(0x000000e40aa00000,0x000000e40ab00000) (1024K)]
  0x00000299f1dfed10 JavaThread "Unconstrained build operations Thread 6"        [_thread_blocked, id=15760, stack(0x000000e40ab00000,0x000000e40ac00000) (1024K)]
Total: 45

Other Threads:
  0x00000299e8dcd4b0 VMThread "VM Thread"                           [id=29492, stack(0x000000e406e00000,0x000000e406f00000) (1024K)]
  0x00000299e8dbe020 WatcherThread "VM Periodic Task Thread"        [id=27008, stack(0x000000e406d00000,0x000000e406e00000) (1024K)]
  0x00000299d09aceb0 WorkerThread "GC Thread#0"                     [id=8208, stack(0x000000e406800000,0x000000e406900000) (1024K)]
  0x00000299e95b5880 WorkerThread "GC Thread#1"                     [id=28276, stack(0x000000e407c00000,0x000000e407d00000) (1024K)]
  0x00000299e96e7040 WorkerThread "GC Thread#2"                     [id=29132, stack(0x000000e407d00000,0x000000e407e00000) (1024K)]
  0x00000299ee15d8e0 WorkerThread "GC Thread#3"                     [id=29160, stack(0x000000e408000000,0x000000e408100000) (1024K)]
  0x00000299ee29e9f0 WorkerThread "GC Thread#4"                     [id=26592, stack(0x000000e408100000,0x000000e408200000) (1024K)]
  0x00000299eee19ee0 WorkerThread "GC Thread#5"                     [id=27112, stack(0x000000e408200000,0x000000e408300000) (1024K)]
  0x00000299eeba0140 WorkerThread "GC Thread#6"                     [id=24508, stack(0x000000e408300000,0x000000e408400000) (1024K)]
  0x00000299eefe8d80 WorkerThread "GC Thread#7"                     [id=26516, stack(0x000000e408400000,0x000000e408500000) (1024K)]
  0x00000299eefe00c0 WorkerThread "GC Thread#8"                     [id=14096, stack(0x000000e408500000,0x000000e408600000) (1024K)]
  0x00000299eee42870 WorkerThread "GC Thread#9"                     [id=5436, stack(0x000000e409400000,0x000000e409500000) (1024K)]
  0x00000299eee42c20 WorkerThread "GC Thread#10"                    [id=24356, stack(0x000000e409500000,0x000000e409600000) (1024K)]
  0x00000299eee43730 WorkerThread "GC Thread#11"                    [id=29592, stack(0x000000e409600000,0x000000e409700000) (1024K)]
  0x00000299eee43380 WorkerThread "GC Thread#12"                    [id=12148, stack(0x000000e409700000,0x000000e409800000) (1024K)]
  0x00000299f1679cf0 WorkerThread "GC Thread#13"                    [id=29472, stack(0x000000e409800000,0x000000e409900000) (1024K)]
  0x00000299f167abb0 WorkerThread "GC Thread#14"                    [id=29528, stack(0x000000e409900000,0x000000e409a00000) (1024K)]
  0x00000299d09bddb0 ConcurrentGCThread "G1 Main Marker"            [id=15928, stack(0x000000e406900000,0x000000e406a00000) (1024K)]
  0x00000299d09bfe60 WorkerThread "G1 Conc#0"                       [id=7700, stack(0x000000e406a00000,0x000000e406b00000) (1024K)]
  0x00000299f167af60 WorkerThread "G1 Conc#1"                       [id=28908, stack(0x000000e409a00000,0x000000e409b00000) (1024K)]
  0x00000299f1679940 WorkerThread "G1 Conc#2"                       [id=18532, stack(0x000000e409b00000,0x000000e409c00000) (1024K)]
  0x00000299f167be20 WorkerThread "G1 Conc#3"                       [id=16588, stack(0x000000e409c00000,0x000000e409d00000) (1024K)]
  0x00000299e8c8b340 ConcurrentGCThread "G1 Refine#0"               [id=27080, stack(0x000000e406b00000,0x000000e406c00000) (1024K)]
  0x00000299e8c8df80 ConcurrentGCThread "G1 Service"                [id=2776, stack(0x000000e406c00000,0x000000e406d00000) (1024K)]
Total: 24

Threads with active compile tasks:
C2 CompilerThread2  10168 5457   !   4       sun.reflect.annotation.AnnotationParser::parseAnnotations (37 bytes)
Total: 1

VM state: not at safepoint (normal execution)

VM Mutex/Monitor currently owned by a thread: None

Heap address: 0x0000000080000000, size: 2048 MB, Compressed Oops mode: 32-bit

CDS archive(s) mapped at: [0x0000029980000000-0x0000029980ba0000-0x0000029980ba0000), size 12189696, SharedBaseAddress: 0x0000029980000000, ArchiveRelocationMode: 1.
Compressed class space mapped at: 0x0000029981000000-0x000002999b000000, reserved size: 436207616
Narrow klass base: 0x0000029980000000, Narrow klass shift: 0, Narrow klass range: 0x100000000

GC Precious Log:
 CardTable entry size: 512
 Card Set container configuration: InlinePtr #cards 5 size 8 Array Of Cards #cards 12 size 40 Howl #buckets 4 coarsen threshold 1843 Howl Bitmap #cards 512 size 80 coarsen threshold 460 Card regions per heap region 1 cards per card region 2048
 CPUs: 20 total, 20 available
 Memory: 7911M
 Large Page Support: Disabled
 NUMA Support: Disabled
 Compressed Oops: Enabled (32-bit)
 Heap Region Size: 1M
 Heap Min Capacity: 8M
 Heap Initial Capacity: 124M
 Heap Max Capacity: 2G
 Pre-touch: Disabled
 Parallel Workers: 15
 Concurrent Workers: 4
 Concurrent Refinement Workers: 15
 Periodic GC: Disabled

Heap:
 garbage-first heap   total 92160K, used 47724K [0x0000000080000000, 0x0000000100000000)
  region size 1024K, 15 young (15360K), 5 survivors (5120K)
 Metaspace       used 47439K, committed 49280K, reserved 491520K
  class space    used 7037K, committed 7936K, reserved 425984K

Heap Regions: E=young(eden), S=young(survivor), O=old, HS=humongous(starts), HC=humongous(continues), CS=collection set, F=free, TAMS=top-at-mark-start, PB=parsable bottom
|   0|0x0000000080000000, 0x0000000080100000, 0x0000000080100000|100%|HS|  |TAMS 0x0000000080000000| PB 0x0000000080000000| Complete 
|   1|0x0000000080100000, 0x0000000080200000, 0x0000000080200000|100%|HC|  |TAMS 0x0000000080100000| PB 0x0000000080100000| Complete 
|   2|0x0000000080200000, 0x0000000080300000, 0x0000000080300000|100%|HC|  |TAMS 0x0000000080200000| PB 0x0000000080200000| Complete 
|   3|0x0000000080300000, 0x0000000080400000, 0x0000000080400000|100%| O|  |TAMS 0x0000000080300000| PB 0x0000000080300000| Untracked 
|   4|0x0000000080400000, 0x0000000080500000, 0x0000000080500000|100%| O|  |TAMS 0x0000000080400000| PB 0x0000000080400000| Untracked 
|   5|0x0000000080500000, 0x0000000080600000, 0x0000000080600000|100%| O|  |TAMS 0x0000000080500000| PB 0x0000000080500000| Untracked 
|   6|0x0000000080600000, 0x0000000080700000, 0x0000000080700000|100%|HS|  |TAMS 0x0000000080600000| PB 0x0000000080600000| Complete 
|   7|0x0000000080700000, 0x0000000080800000, 0x0000000080800000|100%| O|  |TAMS 0x0000000080700000| PB 0x0000000080700000| Untracked 
|   8|0x0000000080800000, 0x0000000080900000, 0x0000000080900000|100%| O|  |TAMS 0x0000000080800000| PB 0x0000000080800000| Untracked 
|   9|0x0000000080900000, 0x0000000080a00000, 0x0000000080a00000|100%| O|  |TAMS 0x0000000080900000| PB 0x0000000080900000| Untracked 
|  10|0x0000000080a00000, 0x0000000080b00000, 0x0000000080b00000|100%| O|  |TAMS 0x0000000080a00000| PB 0x0000000080a00000| Untracked 
|  11|0x0000000080b00000, 0x0000000080c00000, 0x0000000080c00000|100%| O|  |TAMS 0x0000000080b00000| PB 0x0000000080b00000| Untracked 
|  12|0x0000000080c00000, 0x0000000080d00000, 0x0000000080d00000|100%| O|  |TAMS 0x0000000080c00000| PB 0x0000000080c00000| Untracked 
|  13|0x0000000080d00000, 0x0000000080e00000, 0x0000000080e00000|100%| O|  |TAMS 0x0000000080d00000| PB 0x0000000080d00000| Untracked 
|  14|0x0000000080e00000, 0x0000000080f00000, 0x0000000080f00000|100%| O|  |TAMS 0x0000000080e00000| PB 0x0000000080e00000| Untracked 
|  15|0x0000000080f00000, 0x0000000081000000, 0x0000000081000000|100%| O|  |TAMS 0x0000000080f00000| PB 0x0000000080f00000| Untracked 
|  16|0x0000000081000000, 0x0000000081100000, 0x0000000081100000|100%| O|  |TAMS 0x0000000081000000| PB 0x0000000081000000| Untracked 
|  17|0x0000000081100000, 0x0000000081200000, 0x0000000081200000|100%| O|  |TAMS 0x0000000081100000| PB 0x0000000081100000| Untracked 
|  18|0x0000000081200000, 0x0000000081300000, 0x0000000081300000|100%| O|  |TAMS 0x0000000081200000| PB 0x0000000081200000| Untracked 
|  19|0x0000000081300000, 0x0000000081400000, 0x0000000081400000|100%| O|  |TAMS 0x0000000081300000| PB 0x0000000081300000| Untracked 
|  20|0x0000000081400000, 0x0000000081500000, 0x0000000081500000|100%| O|  |TAMS 0x0000000081400000| PB 0x0000000081400000| Untracked 
|  21|0x0000000081500000, 0x0000000081600000, 0x0000000081600000|100%| O|  |TAMS 0x0000000081500000| PB 0x0000000081500000| Untracked 
|  22|0x0000000081600000, 0x0000000081700000, 0x0000000081700000|100%| O|  |TAMS 0x0000000081600000| PB 0x0000000081600000| Untracked 
|  23|0x0000000081700000, 0x0000000081800000, 0x0000000081800000|100%| O|  |TAMS 0x0000000081700000| PB 0x0000000081700000| Untracked 
|  24|0x0000000081800000, 0x0000000081900000, 0x0000000081900000|100%| O|  |TAMS 0x0000000081800000| PB 0x0000000081800000| Untracked 
|  25|0x0000000081900000, 0x0000000081a00000, 0x0000000081a00000|100%| O|  |TAMS 0x0000000081900000| PB 0x0000000081900000| Untracked 
|  26|0x0000000081a00000, 0x0000000081b00000, 0x0000000081b00000|100%| O|  |TAMS 0x0000000081a00000| PB 0x0000000081a00000| Untracked 
|  27|0x0000000081b00000, 0x0000000081b9b3c0, 0x0000000081c00000| 60%| O|  |TAMS 0x0000000081b00000| PB 0x0000000081b00000| Untracked 
|  28|0x0000000081c00000, 0x0000000081c00000, 0x0000000081d00000|  0%| F|  |TAMS 0x0000000081c00000| PB 0x0000000081c00000| Untracked 
|  29|0x0000000081d00000, 0x0000000081d00000, 0x0000000081e00000|  0%| F|  |TAMS 0x0000000081d00000| PB 0x0000000081d00000| Untracked 
|  30|0x0000000081e00000, 0x0000000081e00000, 0x0000000081f00000|  0%| F|  |TAMS 0x0000000081e00000| PB 0x0000000081e00000| Untracked 
|  31|0x0000000081f00000, 0x0000000081f00000, 0x0000000082000000|  0%| F|  |TAMS 0x0000000081f00000| PB 0x0000000081f00000| Untracked 
|  32|0x0000000082000000, 0x0000000082100000, 0x0000000082100000|100%| S|CS|TAMS 0x0000000082000000| PB 0x0000000082000000| Complete 
|  33|0x0000000082100000, 0x0000000082100000, 0x0000000082200000|  0%| F|  |TAMS 0x0000000082100000| PB 0x0000000082100000| Untracked 
|  34|0x0000000082200000, 0x0000000082300000, 0x0000000082300000|100%| S|CS|TAMS 0x0000000082200000| PB 0x0000000082200000| Complete 
|  35|0x0000000082300000, 0x0000000082400000, 0x0000000082400000|100%| S|CS|TAMS 0x0000000082300000| PB 0x0000000082300000| Complete 
|  36|0x0000000082400000, 0x0000000082500000, 0x0000000082500000|100%| S|CS|TAMS 0x0000000082400000| PB 0x0000000082400000| Complete 
|  37|0x0000000082500000, 0x0000000082600000, 0x0000000082600000|100%| S|CS|TAMS 0x0000000082500000| PB 0x0000000082500000| Complete 
|  38|0x0000000082600000, 0x0000000082600000, 0x0000000082700000|  0%| F|  |TAMS 0x0000000082600000| PB 0x0000000082600000| Untracked 
|  39|0x0000000082700000, 0x0000000082700000, 0x0000000082800000|  0%| F|  |TAMS 0x0000000082700000| PB 0x0000000082700000| Untracked 
|  40|0x0000000082800000, 0x0000000082800000, 0x0000000082900000|  0%| F|  |TAMS 0x0000000082800000| PB 0x0000000082800000| Untracked 
|  41|0x0000000082900000, 0x0000000082900000, 0x0000000082a00000|  0%| F|  |TAMS 0x0000000082900000| PB 0x0000000082900000| Untracked 
|  42|0x0000000082a00000, 0x0000000082a00000, 0x0000000082b00000|  0%| F|  |TAMS 0x0000000082a00000| PB 0x0000000082a00000| Untracked 
|  43|0x0000000082b00000, 0x0000000082b00000, 0x0000000082c00000|  0%| F|  |TAMS 0x0000000082b00000| PB 0x0000000082b00000| Untracked 
|  44|0x0000000082c00000, 0x0000000082c00000, 0x0000000082d00000|  0%| F|  |TAMS 0x0000000082c00000| PB 0x0000000082c00000| Untracked 
|  45|0x0000000082d00000, 0x0000000082d00000, 0x0000000082e00000|  0%| F|  |TAMS 0x0000000082d00000| PB 0x0000000082d00000| Untracked 
|  46|0x0000000082e00000, 0x0000000082e00000, 0x0000000082f00000|  0%| F|  |TAMS 0x0000000082e00000| PB 0x0000000082e00000| Untracked 
|  47|0x0000000082f00000, 0x0000000082f00000, 0x0000000083000000|  0%| F|  |TAMS 0x0000000082f00000| PB 0x0000000082f00000| Untracked 
|  48|0x0000000083000000, 0x0000000083000000, 0x0000000083100000|  0%| F|  |TAMS 0x0000000083000000| PB 0x0000000083000000| Untracked 
|  49|0x0000000083100000, 0x0000000083100000, 0x0000000083200000|  0%| F|  |TAMS 0x0000000083100000| PB 0x0000000083100000| Untracked 
|  50|0x0000000083200000, 0x0000000083200000, 0x0000000083300000|  0%| F|  |TAMS 0x0000000083200000| PB 0x0000000083200000| Untracked 
|  51|0x0000000083300000, 0x0000000083300000, 0x0000000083400000|  0%| F|  |TAMS 0x0000000083300000| PB 0x0000000083300000| Untracked 
|  52|0x0000000083400000, 0x0000000083400000, 0x0000000083500000|  0%| F|  |TAMS 0x0000000083400000| PB 0x0000000083400000| Untracked 
|  53|0x0000000083500000, 0x0000000083500000, 0x0000000083600000|  0%| F|  |TAMS 0x0000000083500000| PB 0x0000000083500000| Untracked 
|  54|0x0000000083600000, 0x0000000083600000, 0x0000000083700000|  0%| F|  |TAMS 0x0000000083600000| PB 0x0000000083600000| Untracked 
|  55|0x0000000083700000, 0x0000000083700000, 0x0000000083800000|  0%| F|  |TAMS 0x0000000083700000| PB 0x0000000083700000| Untracked 
|  56|0x0000000083800000, 0x0000000083800000, 0x0000000083900000|  0%| F|  |TAMS 0x0000000083800000| PB 0x0000000083800000| Untracked 
|  57|0x0000000083900000, 0x0000000083900000, 0x0000000083a00000|  0%| F|  |TAMS 0x0000000083900000| PB 0x0000000083900000| Untracked 
|  58|0x0000000083a00000, 0x0000000083a00000, 0x0000000083b00000|  0%| F|  |TAMS 0x0000000083a00000| PB 0x0000000083a00000| Untracked 
|  59|0x0000000083b00000, 0x0000000083b00000, 0x0000000083c00000|  0%| F|  |TAMS 0x0000000083b00000| PB 0x0000000083b00000| Untracked 
|  60|0x0000000083c00000, 0x0000000083c00000, 0x0000000083d00000|  0%| F|  |TAMS 0x0000000083c00000| PB 0x0000000083c00000| Untracked 
|  61|0x0000000083d00000, 0x0000000083d00000, 0x0000000083e00000|  0%| F|  |TAMS 0x0000000083d00000| PB 0x0000000083d00000| Untracked 
|  62|0x0000000083e00000, 0x0000000083e00000, 0x0000000083f00000|  0%| F|  |TAMS 0x0000000083e00000| PB 0x0000000083e00000| Untracked 
|  63|0x0000000083f00000, 0x0000000083f00000, 0x0000000084000000|  0%| F|  |TAMS 0x0000000083f00000| PB 0x0000000083f00000| Untracked 
|  64|0x0000000084000000, 0x0000000084000000, 0x0000000084100000|  0%| F|  |TAMS 0x0000000084000000| PB 0x0000000084000000| Untracked 
|  65|0x0000000084100000, 0x0000000084100000, 0x0000000084200000|  0%| F|  |TAMS 0x0000000084100000| PB 0x0000000084100000| Untracked 
|  66|0x0000000084200000, 0x0000000084200000, 0x0000000084300000|  0%| F|  |TAMS 0x0000000084200000| PB 0x0000000084200000| Untracked 
|  67|0x0000000084300000, 0x0000000084300000, 0x0000000084400000|  0%| F|  |TAMS 0x0000000084300000| PB 0x0000000084300000| Untracked 
|  68|0x0000000084400000, 0x0000000084400000, 0x0000000084500000|  0%| F|  |TAMS 0x0000000084400000| PB 0x0000000084400000| Untracked 
|  69|0x0000000084500000, 0x0000000084500000, 0x0000000084600000|  0%| F|  |TAMS 0x0000000084500000| PB 0x0000000084500000| Untracked 
|  70|0x0000000084600000, 0x0000000084600000, 0x0000000084700000|  0%| F|  |TAMS 0x0000000084600000| PB 0x0000000084600000| Untracked 
|  71|0x0000000084700000, 0x0000000084700000, 0x0000000084800000|  0%| F|  |TAMS 0x0000000084700000| PB 0x0000000084700000| Untracked 
|  72|0x0000000084800000, 0x0000000084800000, 0x0000000084900000|  0%| F|  |TAMS 0x0000000084800000| PB 0x0000000084800000| Untracked 
|  73|0x0000000084900000, 0x0000000084900000, 0x0000000084a00000|  0%| F|  |TAMS 0x0000000084900000| PB 0x0000000084900000| Untracked 
|  74|0x0000000084a00000, 0x0000000084a00000, 0x0000000084b00000|  0%| F|  |TAMS 0x0000000084a00000| PB 0x0000000084a00000| Untracked 
|  75|0x0000000084b00000, 0x0000000084ba7f70, 0x0000000084c00000| 65%| E|  |TAMS 0x0000000084b00000| PB 0x0000000084b00000| Complete 
|  76|0x0000000084c00000, 0x0000000084d00000, 0x0000000084d00000|100%| E|CS|TAMS 0x0000000084c00000| PB 0x0000000084c00000| Complete 
|  77|0x0000000084d00000, 0x0000000084e00000, 0x0000000084e00000|100%| E|CS|TAMS 0x0000000084d00000| PB 0x0000000084d00000| Complete 
| 104|0x0000000086800000, 0x0000000086900000, 0x0000000086900000|100%| E|CS|TAMS 0x0000000086800000| PB 0x0000000086800000| Complete 
| 105|0x0000000086900000, 0x0000000086a00000, 0x0000000086a00000|100%| E|CS|TAMS 0x0000000086900000| PB 0x0000000086900000| Complete 
| 106|0x0000000086a00000, 0x0000000086b00000, 0x0000000086b00000|100%| E|CS|TAMS 0x0000000086a00000| PB 0x0000000086a00000| Complete 
| 107|0x0000000086b00000, 0x0000000086c00000, 0x0000000086c00000|100%| E|CS|TAMS 0x0000000086b00000| PB 0x0000000086b00000| Complete 
| 108|0x0000000086c00000, 0x0000000086d00000, 0x0000000086d00000|100%| E|CS|TAMS 0x0000000086c00000| PB 0x0000000086c00000| Complete 
| 109|0x0000000086d00000, 0x0000000086e00000, 0x0000000086e00000|100%| E|CS|TAMS 0x0000000086d00000| PB 0x0000000086d00000| Complete 
| 123|0x0000000087b00000, 0x0000000087c00000, 0x0000000087c00000|100%| E|CS|TAMS 0x0000000087b00000| PB 0x0000000087b00000| Complete 
|2043|0x00000000ffb00000, 0x00000000ffc00000, 0x00000000ffc00000|100%| O|  |TAMS 0x00000000ffb00000| PB 0x00000000ffb00000| Untracked 
|2044|0x00000000ffc00000, 0x00000000ffd00000, 0x00000000ffd00000|100%| O|  |TAMS 0x00000000ffc00000| PB 0x00000000ffc00000| Untracked 
|2045|0x00000000ffd00000, 0x00000000ffe00000, 0x00000000ffe00000|100%| O|  |TAMS 0x00000000ffd00000| PB 0x00000000ffd00000| Untracked 
|2046|0x00000000ffe00000, 0x00000000fff00000, 0x00000000fff00000|100%| O|  |TAMS 0x00000000ffe00000| PB 0x00000000ffe00000| Untracked 
|2047|0x00000000fff00000, 0x0000000100000000, 0x0000000100000000|100%| O|  |TAMS 0x00000000fff00000| PB 0x00000000fff00000| Untracked 

Card table byte_map: [0x00000299e39f0000,0x00000299e3df0000] _byte_map_base: 0x00000299e35f0000

Marking Bits: (CMBitMap*) 0x00000299d09ad4d0
 Bits: [0x00000299e3df0000, 0x00000299e5df0000)

Polling page: 0x00000299ce720000

Metaspace:

Usage:
  Non-class:     39.47 MB used.
      Class:      6.88 MB used.
       Both:     46.35 MB used.

Virtual space:
  Non-class space:       64.00 MB reserved,      40.38 MB ( 63%) committed,  1 nodes.
      Class space:      416.00 MB reserved,       7.75 MB (  2%) committed,  1 nodes.
             Both:      480.00 MB reserved,      48.12 MB ( 10%) committed. 

Chunk freelists:
   Non-Class:  7.20 MB
       Class:  8.23 MB
        Both:  15.44 MB

MaxMetaspaceSize: 512.00 MB
CompressedClassSpaceSize: 416.00 MB
Initial GC threshold: 21.00 MB
Current GC threshold: 59.31 MB
CDS: on
 - commit_granule_bytes: 65536.
 - commit_granule_words: 8192.
 - virtual_space_node_default_size: 8388608.
 - enlarge_chunks_in_place: 1.
 - use_allocation_guard: 0.


Internal statistics:

num_allocs_failed_limit: 9.
num_arena_births: 3172.
num_arena_deaths: 0.
num_vsnodes_births: 2.
num_vsnodes_deaths: 0.
num_space_committed: 770.
num_space_uncommitted: 0.
num_chunks_returned_to_freelist: 9.
num_chunks_taken_from_freelist: 5570.
num_chunk_merges: 6.
num_chunk_splits: 3579.
num_chunks_enlarged: 2152.
num_inconsistent_stats: 0.

CodeHeap 'non-profiled nmethods': size=119168Kb used=3016Kb max_used=3016Kb free=116151Kb
 bounds [0x00000299db6f0000, 0x00000299db9f0000, 0x00000299e2b50000]
CodeHeap 'profiled nmethods': size=119104Kb used=9650Kb max_used=9650Kb free=109453Kb
 bounds [0x00000299d3b50000, 0x00000299d44c0000, 0x00000299dafa0000]
CodeHeap 'non-nmethods': size=7488Kb used=3024Kb max_used=3163Kb free=4463Kb
 bounds [0x00000299dafa0000, 0x00000299db2d0000, 0x00000299db6f0000]
CodeCache: size=245760Kb, used=15690Kb, max_used=15829Kb, free=230067Kb
 total_blobs=5762, nmethods=4996, adapters=668, full_count=0
Compilation: enabled, stopped_count=0, restarted_count=0

Compilation events (20 events):
Event: 10.032 Thread 0x00000299e91366a0 nmethod 5472 0x00000299db9cbb90 code [0x00000299db9cbd60, 0x00000299db9cc190]
Event: 10.032 Thread 0x00000299e91366a0 5489       4       java.util.jar.JarFile::getVersionedEntry (133 bytes)
Event: 10.051 Thread 0x00000299e914df60 nmethod 5241 0x00000299db9cc510 code [0x00000299db9ccf40, 0x00000299db9d5188]
Event: 10.053 Thread 0x00000299e914df60 5471       4       sun.instrument.InstrumentationImpl::transform (73 bytes)
Event: 10.062 Thread 0x00000299e914df60 nmethod 5471 0x00000299db9d9410 code [0x00000299db9d9600, 0x00000299db9d9c28]
Event: 10.062 Thread 0x00000299e914df60 5485       4       kotlin.jvm.internal.Intrinsics::checkNotNullParameter (9 bytes)
Event: 10.062 Thread 0x00000299e914df60 nmethod 5485 0x00000299db9da110 code [0x00000299db9da2a0, 0x00000299db9da328]
Event: 10.064 Thread 0x00000299e91366a0 nmethod 5489 0x00000299db9da410 code [0x00000299db9da6e0, 0x00000299db9dc158]
Event: 10.075 Thread 0x00000299e91366a0 5491       4       java.util.jar.JarFile::getEntry (35 bytes)
Event: 10.089 Thread 0x00000299e91366a0 nmethod 5491 0x00000299db9dcf90 code [0x00000299db9dd200, 0x00000299db9ddd98]
Event: 10.102 Thread 0x00000299e91366a0 5492       4       jdk.internal.loader.URLClassPath$JarLoader$2::getInputStream (15 bytes)
Event: 10.105 Thread 0x00000299e91366a0 nmethod 5492 0x00000299db9de790 code [0x00000299db9de940, 0x00000299db9ded68]
Event: 10.118 Thread 0x00000299e91366a0 5493   !   4       jdk.internal.loader.Resource::getBytes (244 bytes)
Event: 10.121 Thread 0x00000299e914d1c0 5494       3       java.util.concurrent.ConcurrentHashMap$BaseIterator::<init> (21 bytes)
Event: 10.121 Thread 0x00000299e914d1c0 nmethod 5494 0x00000299d44b6990 code [0x00000299d44b6b40, 0x00000299d44b6d20]
Event: 10.122 Thread 0x00000299e914df60 5495       4       java.lang.Character::isJavaIdentifierPart (9 bytes)
Event: 10.123 Thread 0x00000299e914df60 nmethod 5495 0x00000299db9def90 code [0x00000299db9df120, 0x00000299db9df228]
Event: 10.123 Thread 0x00000299e914df60 5496       4       java.lang.CharacterDataLatin1::isJavaIdentifierPart (20 bytes)
Event: 10.123 Thread 0x00000299e914df60 nmethod 5496 0x00000299db9df310 code [0x00000299db9df4a0, 0x00000299db9df568]
Event: 10.134 Thread 0x00000299e91366a0 nmethod 5493 0x00000299db9df610 code [0x00000299db9df920, 0x00000299db9e0cb8]

GC Heap History (20 events):
Event: 1.072 GC heap before
{Heap before GC invocations=1 (full 0):
 garbage-first heap   total 126976K, used 40960K [0x0000000080000000, 0x0000000100000000)
  region size 1024K, 38 young (38912K), 2 survivors (2048K)
 Metaspace       used 4609K, committed 4800K, reserved 491520K
  class space    used 584K, committed 704K, reserved 425984K
}
Event: 1.078 GC heap after
{Heap after GC invocations=2 (full 0):
 garbage-first heap   total 126976K, used 10545K [0x0000000080000000, 0x0000000100000000)
  region size 1024K, 5 young (5120K), 5 survivors (5120K)
 Metaspace       used 4609K, committed 4800K, reserved 491520K
  class space    used 584K, committed 704K, reserved 425984K
}
Event: 1.701 GC heap before
{Heap before GC invocations=2 (full 0):
 garbage-first heap   total 126976K, used 64817K [0x0000000080000000, 0x0000000100000000)
  region size 1024K, 56 young (57344K), 5 survivors (5120K)
 Metaspace       used 6149K, committed 6336K, reserved 491520K
  class space    used 823K, committed 896K, reserved 425984K
}
Event: 1.711 GC heap after
{Heap after GC invocations=3 (full 0):
 garbage-first heap   total 126976K, used 17677K [0x0000000080000000, 0x0000000100000000)
  region size 1024K, 6 young (6144K), 6 survivors (6144K)
 Metaspace       used 6149K, committed 6336K, reserved 491520K
  class space    used 823K, committed 896K, reserved 425984K
}
Event: 4.133 GC heap before
{Heap before GC invocations=3 (full 0):
 garbage-first heap   total 126976K, used 86285K [0x0000000080000000, 0x0000000100000000)
  region size 1024K, 74 young (75776K), 6 survivors (6144K)
 Metaspace       used 18561K, committed 19136K, reserved 491520K
  class space    used 2624K, committed 2880K, reserved 425984K
}
Event: 4.140 GC heap after
{Heap after GC invocations=4 (full 0):
 garbage-first heap   total 126976K, used 23502K [0x0000000080000000, 0x0000000100000000)
  region size 1024K, 6 young (6144K), 6 survivors (6144K)
 Metaspace       used 18561K, committed 19136K, reserved 491520K
  class space    used 2624K, committed 2880K, reserved 425984K
}
Event: 4.323 GC heap before
{Heap before GC invocations=4 (full 0):
 garbage-first heap   total 126976K, used 37838K [0x0000000080000000, 0x0000000100000000)
  region size 1024K, 20 young (20480K), 6 survivors (6144K)
 Metaspace       used 20909K, committed 21504K, reserved 491520K
  class space    used 2917K, committed 3200K, reserved 425984K
}
Event: 4.327 GC heap after
{Heap after GC invocations=5 (full 0):
 garbage-first heap   total 126976K, used 23795K [0x0000000080000000, 0x0000000100000000)
  region size 1024K, 6 young (6144K), 6 survivors (6144K)
 Metaspace       used 20909K, committed 21504K, reserved 491520K
  class space    used 2917K, committed 3200K, reserved 425984K
}
Event: 7.368 GC heap before
{Heap before GC invocations=6 (full 0):
 garbage-first heap   total 81920K, used 81139K [0x0000000080000000, 0x0000000100000000)
  region size 1024K, 62 young (63488K), 6 survivors (6144K)
 Metaspace       used 28211K, committed 29184K, reserved 491520K
  class space    used 4101K, committed 4544K, reserved 425984K
}
Event: 7.373 GC heap after
{Heap after GC invocations=7 (full 0):
 garbage-first heap   total 92160K, used 26979K [0x0000000080000000, 0x0000000100000000)
  region size 1024K, 5 young (5120K), 5 survivors (5120K)
 Metaspace       used 28211K, committed 29184K, reserved 491520K
  class space    used 4101K, committed 4544K, reserved 425984K
}
Event: 7.986 GC heap before
{Heap before GC invocations=7 (full 0):
 garbage-first heap   total 92160K, used 71011K [0x0000000080000000, 0x0000000100000000)
  region size 1024K, 50 young (51200K), 5 survivors (5120K)
 Metaspace       used 34632K, committed 35968K, reserved 491520K
  class space    used 4960K, committed 5568K, reserved 425984K
}
Event: 7.991 GC heap after
{Heap after GC invocations=8 (full 0):
 garbage-first heap   total 92160K, used 30413K [0x0000000080000000, 0x0000000100000000)
  region size 1024K, 7 young (7168K), 7 survivors (7168K)
 Metaspace       used 34632K, committed 35968K, reserved 491520K
  class space    used 4960K, committed 5568K, reserved 425984K
}
Event: 8.025 GC heap before
{Heap before GC invocations=8 (full 0):
 garbage-first heap   total 92160K, used 31437K [0x0000000080000000, 0x0000000100000000)
  region size 1024K, 9 young (9216K), 7 survivors (7168K)
 Metaspace       used 34972K, committed 36288K, reserved 491520K
  class space    used 5009K, committed 5632K, reserved 425984K
}
Event: 8.028 GC heap after
{Heap after GC invocations=9 (full 0):
 garbage-first heap   total 92160K, used 30801K [0x0000000080000000, 0x0000000100000000)
  region size 1024K, 4 young (4096K), 4 survivors (4096K)
 Metaspace       used 34972K, committed 36288K, reserved 491520K
  class space    used 5009K, committed 5632K, reserved 425984K
}
Event: 8.771 GC heap before
{Heap before GC invocations=10 (full 0):
 garbage-first heap   total 92160K, used 74833K [0x0000000080000000, 0x0000000100000000)
  region size 1024K, 47 young (48128K), 4 survivors (4096K)
 Metaspace       used 39513K, committed 41152K, reserved 491520K
  class space    used 5784K, committed 6592K, reserved 425984K
}
Event: 8.775 GC heap after
{Heap after GC invocations=11 (full 0):
 garbage-first heap   total 92160K, used 33689K [0x0000000080000000, 0x0000000100000000)
  region size 1024K, 4 young (4096K), 4 survivors (4096K)
 Metaspace       used 39513K, committed 41152K, reserved 491520K
  class space    used 5784K, committed 6592K, reserved 425984K
}
Event: 9.197 GC heap before
{Heap before GC invocations=11 (full 0):
 garbage-first heap   total 92160K, used 76697K [0x0000000080000000, 0x0000000100000000)
  region size 1024K, 46 young (47104K), 4 survivors (4096K)
 Metaspace       used 41899K, committed 43648K, reserved 491520K
  class space    used 6192K, committed 7040K, reserved 425984K
}
Event: 9.200 GC heap after
{Heap after GC invocations=12 (full 0):
 garbage-first heap   total 92160K, used 35476K [0x0000000080000000, 0x0000000100000000)
  region size 1024K, 6 young (6144K), 6 survivors (6144K)
 Metaspace       used 41899K, committed 43648K, reserved 491520K
  class space    used 6192K, committed 7040K, reserved 425984K
}
Event: 10.024 GC heap before
{Heap before GC invocations=12 (full 0):
 garbage-first heap   total 92160K, used 78484K [0x0000000080000000, 0x0000000100000000)
  region size 1024K, 48 young (49152K), 6 survivors (6144K)
 Metaspace       used 46342K, committed 48128K, reserved 491520K
  class space    used 6887K, committed 7744K, reserved 425984K
}
Event: 10.028 GC heap after
{Heap after GC invocations=13 (full 0):
 garbage-first heap   total 92160K, used 38508K [0x0000000080000000, 0x0000000100000000)
  region size 1024K, 5 young (5120K), 5 survivors (5120K)
 Metaspace       used 46342K, committed 48128K, reserved 491520K
  class space    used 6887K, committed 7744K, reserved 425984K
}

Dll operation events (14 events):
Event: 0.016 Loaded shared library C:\Users\jibri\.antigravity\extensions\redhat.java-1.54.0-win32-x64\jre\21.0.10-win32-x86_64\bin\java.dll
Event: 0.091 Loaded shared library C:\Users\jibri\.antigravity\extensions\redhat.java-1.54.0-win32-x64\jre\21.0.10-win32-x86_64\bin\zip.dll
Event: 0.116 Loaded shared library C:\Users\jibri\.antigravity\extensions\redhat.java-1.54.0-win32-x64\jre\21.0.10-win32-x86_64\bin\instrument.dll
Event: 0.122 Loaded shared library C:\Users\jibri\.antigravity\extensions\redhat.java-1.54.0-win32-x64\jre\21.0.10-win32-x86_64\bin\net.dll
Event: 0.125 Loaded shared library C:\Users\jibri\.antigravity\extensions\redhat.java-1.54.0-win32-x64\jre\21.0.10-win32-x86_64\bin\nio.dll
Event: 0.128 Loaded shared library C:\Users\jibri\.antigravity\extensions\redhat.java-1.54.0-win32-x64\jre\21.0.10-win32-x86_64\bin\zip.dll
Event: 0.463 Loaded shared library C:\Users\jibri\.antigravity\extensions\redhat.java-1.54.0-win32-x64\jre\21.0.10-win32-x86_64\bin\jimage.dll
Event: 0.659 Loaded shared library C:\Users\jibri\.antigravity\extensions\redhat.java-1.54.0-win32-x64\jre\21.0.10-win32-x86_64\bin\verify.dll
Event: 0.688 Loaded shared library C:\Users\jibri\.gradle\native\1def1411415f61bf3af743bc5b6707747c0891f09f0c88961ee8f79bc544acac\windows-amd64\native-platform.dll
Event: 0.697 Loaded shared library C:\Users\jibri\.gradle\native\0.2.8\x86_64-windows-gnu\gradle-fileevents.dll
Event: 1.730 Loaded shared library C:\Users\jibri\.antigravity\extensions\redhat.java-1.54.0-win32-x64\jre\21.0.10-win32-x86_64\bin\management.dll
Event: 1.736 Loaded shared library C:\Users\jibri\.antigravity\extensions\redhat.java-1.54.0-win32-x64\jre\21.0.10-win32-x86_64\bin\management_ext.dll
Event: 1.866 Loaded shared library C:\Users\jibri\.antigravity\extensions\redhat.java-1.54.0-win32-x64\jre\21.0.10-win32-x86_64\bin\extnet.dll
Event: 2.080 Loaded shared library C:\Users\jibri\.antigravity\extensions\redhat.java-1.54.0-win32-x64\jre\21.0.10-win32-x86_64\bin\sunmscapi.dll

Deoptimization events (20 events):
Event: 10.021 Thread 0x00000299ef086b70 DEOPT PACKING pc=0x00000299db752940 sp=0x000000e408cf5850
Event: 10.021 Thread 0x00000299ef086b70 DEOPT UNPACKING pc=0x00000299daff4422 sp=0x000000e408cf5848 mode 2
Event: 10.034 Thread 0x00000299ef086b70 Uncommon trap: trap_request=0xffffffbe fr.pc=0x00000299db9cc028 relative=0x00000000000002c8
Event: 10.034 Thread 0x00000299ef086b70 Uncommon trap: reason=profile_predicate action=maybe_recompile pc=0x00000299db9cc028 method=sun.instrument.TransformerManager.transform(Ljava/lang/Module;Ljava/lang/ClassLoader;Ljava/lang/String;Ljava/lang/Class;Ljava/security/ProtectionDomain;[B)[B @ 21 
Event: 10.034 Thread 0x00000299ef086b70 DEOPT PACKING pc=0x00000299db9cc028 sp=0x000000e408cf4280
Event: 10.034 Thread 0x00000299ef086b70 DEOPT UNPACKING pc=0x00000299daff4422 sp=0x000000e408cf4238 mode 2
Event: 10.034 Thread 0x00000299ef086b70 Uncommon trap: trap_request=0xffffffbe fr.pc=0x00000299db9cc028 relative=0x00000000000002c8
Event: 10.034 Thread 0x00000299ef086b70 Uncommon trap: reason=profile_predicate action=maybe_recompile pc=0x00000299db9cc028 method=sun.instrument.TransformerManager.transform(Ljava/lang/Module;Ljava/lang/ClassLoader;Ljava/lang/String;Ljava/lang/Class;Ljava/security/ProtectionDomain;[B)[B @ 21 
Event: 10.034 Thread 0x00000299ef086b70 DEOPT PACKING pc=0x00000299db9cc028 sp=0x000000e408cf29e0
Event: 10.034 Thread 0x00000299ef086b70 DEOPT UNPACKING pc=0x00000299daff4422 sp=0x000000e408cf2998 mode 2
Event: 10.035 Thread 0x00000299ef086b70 Uncommon trap: trap_request=0xffffffbe fr.pc=0x00000299db9cc028 relative=0x00000000000002c8
Event: 10.035 Thread 0x00000299ef086b70 Uncommon trap: reason=profile_predicate action=maybe_recompile pc=0x00000299db9cc028 method=sun.instrument.TransformerManager.transform(Ljava/lang/Module;Ljava/lang/ClassLoader;Ljava/lang/String;Ljava/lang/Class;Ljava/security/ProtectionDomain;[B)[B @ 21 
Event: 10.035 Thread 0x00000299ef086b70 DEOPT PACKING pc=0x00000299db9cc028 sp=0x000000e408cf0ca0
Event: 10.035 Thread 0x00000299ef086b70 DEOPT UNPACKING pc=0x00000299daff4422 sp=0x000000e408cf0c58 mode 2
Event: 10.036 Thread 0x00000299ef086b70 Uncommon trap: trap_request=0xffffffbe fr.pc=0x00000299db9cc028 relative=0x00000000000002c8
Event: 10.036 Thread 0x00000299ef086b70 Uncommon trap: reason=profile_predicate action=maybe_recompile pc=0x00000299db9cc028 method=sun.instrument.TransformerManager.transform(Ljava/lang/Module;Ljava/lang/ClassLoader;Ljava/lang/String;Ljava/lang/Class;Ljava/security/ProtectionDomain;[B)[B @ 21 
Event: 10.036 Thread 0x00000299ef086b70 DEOPT PACKING pc=0x00000299db9cc028 sp=0x000000e408cf0d50
Event: 10.036 Thread 0x00000299ef086b70 DEOPT UNPACKING pc=0x00000299daff4422 sp=0x000000e408cf0d08 mode 2
Event: 10.121 Thread 0x00000299ef086b70 DEOPT PACKING pc=0x00000299d3ff81b9 sp=0x000000e408cf36a0
Event: 10.121 Thread 0x00000299ef086b70 DEOPT UNPACKING pc=0x00000299daff4bc2 sp=0x000000e408cf2ba0 mode 0

Classes loaded (20 events):
Event: 9.725 Loading class sun/nio/ch/FileChannelImpl$Closer
Event: 9.726 Loading class sun/nio/ch/FileChannelImpl$Closer done
Event: 9.726 Loading class java/nio/channels/Channels
Event: 9.726 Loading class java/nio/channels/Channels done
Event: 9.726 Loading class sun/nio/ch/Streams
Event: 9.726 Loading class sun/nio/ch/Streams done
Event: 9.726 Loading class sun/nio/ch/ChannelInputStream
Event: 9.727 Loading class sun/nio/ch/ChannelInputStream done
Event: 9.834 Loading class java/util/stream/SortedOps
Event: 9.835 Loading class java/util/stream/SortedOps done
Event: 9.835 Loading class java/util/stream/SortedOps$OfRef
Event: 9.835 Loading class java/util/stream/SortedOps$OfRef done
Event: 9.836 Loading class java/util/stream/SortedOps$SizedRefSortingSink
Event: 9.836 Loading class java/util/stream/SortedOps$AbstractRefSortingSink
Event: 9.836 Loading class java/util/stream/SortedOps$AbstractRefSortingSink done
Event: 9.836 Loading class java/util/stream/SortedOps$SizedRefSortingSink done
Event: 10.015 Loading class java/util/concurrent/atomic/AtomicIntegerArray
Event: 10.016 Loading class java/util/concurrent/atomic/AtomicIntegerArray done
Event: 10.016 Loading class java/util/concurrent/atomic/AtomicLongArray
Event: 10.017 Loading class java/util/concurrent/atomic/AtomicLongArray done

Classes unloaded (0 events):
No events

Classes redefined (0 events):
No events

Internal exceptions (20 events):
Event: 9.035 Thread 0x00000299ef086b70 Exception <a 'java/lang/NoSuchMethodError'{0x00000000834c2cc8}: 'java.lang.Object java.lang.invoke.DirectMethodHandle$Holder.newInvokeSpecial(java.lang.Object, java.lang.Object, java.lang.Object, long, java.lang.Object)'> (0x00000000834c2cc8) 
thrown [s\src\hotspot\share\interpreter\linkResolver.cpp, line 773]
Event: 9.036 Thread 0x00000299ef086b70 Exception <a 'java/lang/NoSuchMethodError'{0x00000000834c80d8}: 'java.lang.Object java.lang.invoke.DirectMethodHandle$Holder.invokeSpecial(java.lang.Object, java.lang.Object, java.lang.Object, java.lang.Object, long, java.lang.Object)'> (0x00000000834c80d8) 
thrown [s\src\hotspot\share\interpreter\linkResolver.cpp, line 773]
Event: 9.036 Thread 0x00000299ef086b70 Exception <a 'java/lang/NoSuchMethodError'{0x00000000834ccbb8}: 'java.lang.Object java.lang.invoke.Invokers$Holder.linkToTargetMethod(java.lang.Object, java.lang.Object, long, java.lang.Object, java.lang.Object)'> (0x00000000834ccbb8) 
thrown [s\src\hotspot\share\interpreter\linkResolver.cpp, line 773]
Event: 9.066 Thread 0x00000299ef086b70 Exception <a 'java/lang/NoSuchMethodError'{0x000000008314a8a8}: 'java.lang.Object java.lang.invoke.DelegatingMethodHandle$Holder.reinvoke_L(java.lang.Object, java.lang.Object, java.lang.Object, int, java.lang.Object, java.lang.Object, java.lang.Object, java.lang.Object, java.lang.Object, java.lang.Object, java.lang.Object, java.lang.Object, java.lang.Object, java.lang.Object, java.lang.Object, java.lang.Object, java.lang.Object, java.lang.Object, java.lang.Object, java.lang.Object, java.lang.Object, java.l
Event: 9.101 Thread 0x00000299ef086b70 Implicit null exception at 0x00000299db90ecfc to 0x00000299db90edb4
Event: 9.175 Thread 0x00000299ef086b70 Exception <a 'java/lang/NoSuchMethodError'{0x0000000082ca3df0}: 'java.lang.Object java.lang.invoke.DirectMethodHandle$Holder.newInvokeSpecial(java.lang.Object, java.lang.Object, java.lang.Object, int, java.lang.Object)'> (0x0000000082ca3df0) 
thrown [s\src\hotspot\share\interpreter\linkResolver.cpp, line 773]
Event: 9.176 Thread 0x00000299ef086b70 Exception <a 'java/lang/NoSuchMethodError'{0x0000000082ca87f8}: 'java.lang.Object java.lang.invoke.Invokers$Holder.linkToTargetMethod(java.lang.Object, java.lang.Object, int, java.lang.Object, java.lang.Object)'> (0x0000000082ca87f8) 
thrown [s\src\hotspot\share\interpreter\linkResolver.cpp, line 773]
Event: 9.230 Thread 0x00000299ef086b70 Exception <a 'java/lang/NoSuchMethodError'{0x0000000086d86380}: 'java.lang.Object java.lang.invoke.DirectMethodHandle$Holder.newInvokeSpecial(java.lang.Object, int, java.lang.Object)'> (0x0000000086d86380) 
thrown [s\src\hotspot\share\interpreter\linkResolver.cpp, line 773]
Event: 9.394 Thread 0x00000299ef086b70 Exception <a 'java/lang/NoSuchMethodError'{0x00000000848f49f0}: 'int java.lang.invoke.DirectMethodHandle$Holder.invokeSpecialIFC(java.lang.Object, java.lang.Object, java.lang.Object)'> (0x00000000848f49f0) 
thrown [s\src\hotspot\share\interpreter\linkResolver.cpp, line 773]
Event: 9.493 Thread 0x00000299ef086b70 Exception <a 'java/lang/NoSuchMethodError'{0x00000000843abe60}: 'java.lang.Object java.lang.invoke.DirectMethodHandle$Holder.newInvokeSpecial(java.lang.Object, java.lang.Object, long, java.lang.Object)'> (0x00000000843abe60) 
thrown [s\src\hotspot\share\interpreter\linkResolver.cpp, line 773]
Event: 9.493 Thread 0x00000299ef086b70 Exception <a 'java/lang/NoSuchMethodError'{0x00000000843b1128}: 'java.lang.Object java.lang.invoke.DirectMethodHandle$Holder.invokeSpecial(java.lang.Object, java.lang.Object, java.lang.Object, long, java.lang.Object)'> (0x00000000843b1128) 
thrown [s\src\hotspot\share\interpreter\linkResolver.cpp, line 773]
Event: 9.493 Thread 0x00000299ef086b70 Exception <a 'java/lang/NoSuchMethodError'{0x00000000843b5d70}: 'java.lang.Object java.lang.invoke.Invokers$Holder.linkToTargetMethod(java.lang.Object, long, java.lang.Object, java.lang.Object)'> (0x00000000843b5d70) 
thrown [s\src\hotspot\share\interpreter\linkResolver.cpp, line 773]
Event: 9.498 Thread 0x00000299ef086b70 Exception <a 'java/lang/NoSuchMethodError'{0x00000000843e0df0}: 'void java.lang.invoke.DirectMethodHandle$Holder.invokeStatic(java.lang.Object, java.lang.Object, java.lang.Object, int, java.lang.Object)'> (0x00000000843e0df0) 
thrown [s\src\hotspot\share\interpreter\linkResolver.cpp, line 773]
Event: 9.532 Thread 0x00000299ef086b70 Exception <a 'java/lang/NoSuchMethodError'{0x000000008419de88}: 'int java.lang.invoke.DirectMethodHandle$Holder.invokeInterface(java.lang.Object, java.lang.Object, java.lang.Object, java.lang.Object, java.lang.Object)'> (0x000000008419de88) 
thrown [s\src\hotspot\share\interpreter\linkResolver.cpp, line 773]
Event: 9.582 Thread 0x00000299ef086b70 Exception <a 'java/lang/NoSuchMethodError'{0x0000000083e45e60}: 'java.lang.Object java.lang.invoke.DirectMethodHandle$Holder.invokeSpecial(java.lang.Object, java.lang.Object, long, java.lang.Object, java.lang.Object)'> (0x0000000083e45e60) 
thrown [s\src\hotspot\share\interpreter\linkResolver.cpp, line 773]
Event: 9.688 Thread 0x00000299ef086b70 Exception <a 'java/lang/NoSuchMethodError'{0x0000000083aa2070}: 'java.lang.Object java.lang.invoke.DirectMethodHandle$Holder.newInvokeSpecial(java.lang.Object, java.lang.Object, java.lang.Object, java.lang.Object, int, java.lang.Object)'> (0x0000000083aa2070) 
thrown [s\src\hotspot\share\interpreter\linkResolver.cpp, line 773]
Event: 9.688 Thread 0x00000299ef086b70 Exception <a 'java/lang/NoSuchMethodError'{0x0000000083aa7830}: 'java.lang.Object java.lang.invoke.DirectMethodHandle$Holder.invokeSpecial(java.lang.Object, java.lang.Object, java.lang.Object, java.lang.Object, java.lang.Object, int, java.lang.Object)'> (0x0000000083aa7830) 
thrown [s\src\hotspot\share\interpreter\linkResolver.cpp, line 773]
Event: 9.688 Thread 0x00000299ef086b70 Exception <a 'java/lang/NoSuchMethodError'{0x0000000083aac630}: 'java.lang.Object java.lang.invoke.Invokers$Holder.linkToTargetMethod(java.lang.Object, java.lang.Object, java.lang.Object, int, java.lang.Object, java.lang.Object)'> (0x0000000083aac630) 
thrown [s\src\hotspot\share\interpreter\linkResolver.cpp, line 773]
Event: 9.768 Thread 0x00000299ef086b70 Exception <a 'java/lang/NoSuchMethodError'{0x00000000836bb3d8}: 'java.lang.Object java.lang.invoke.DirectMethodHandle$Holder.invokeSpecialIFC(java.lang.Object, java.lang.Object, java.lang.Object)'> (0x00000000836bb3d8) 
thrown [s\src\hotspot\share\interpreter\linkResolver.cpp, line 773]
Event: 9.928 Thread 0x00000299ef086b70 Exception <a 'java/lang/NoSuchMethodError'{0x0000000082f52eb8}: 'long java.lang.invoke.DirectMethodHandle$Holder.invokeStatic(java.lang.Object, java.lang.Object)'> (0x0000000082f52eb8) 
thrown [s\src\hotspot\share\interpreter\linkResolver.cpp, line 773]

ZGC Phase Switch (0 events):
No events

VM Operations (20 events):
Event: 8.571 Executing safepoint VM operation: ICBufferFull
Event: 8.571 Executing safepoint VM operation: ICBufferFull done
Event: 8.771 Executing safepoint VM operation: G1CollectForAllocation (G1 Evacuation Pause)
Event: 8.775 Executing safepoint VM operation: G1CollectForAllocation (G1 Evacuation Pause) done
Event: 8.937 Executing non-safepoint VM operation: HandshakeAllThreads (Deoptimize)
Event: 8.937 Executing non-safepoint VM operation: HandshakeAllThreads (Deoptimize) done
Event: 8.979 Executing non-safepoint VM operation: HandshakeAllThreads (Deoptimize)
Event: 8.979 Executing non-safepoint VM operation: HandshakeAllThreads (Deoptimize) done
Event: 9.165 Executing safepoint VM operation: ICBufferFull
Event: 9.165 Executing safepoint VM operation: ICBufferFull done
Event: 9.197 Executing safepoint VM operation: G1CollectForAllocation (G1 Evacuation Pause)
Event: 9.200 Executing safepoint VM operation: G1CollectForAllocation (G1 Evacuation Pause) done
Event: 9.573 Executing non-safepoint VM operation: HandshakeAllThreads (Deoptimize)
Event: 9.573 Executing non-safepoint VM operation: HandshakeAllThreads (Deoptimize) done
Event: 9.685 Executing non-safepoint VM operation: HandshakeAllThreads (Deoptimize)
Event: 9.685 Executing non-safepoint VM operation: HandshakeAllThreads (Deoptimize) done
Event: 9.889 Executing safepoint VM operation: ICBufferFull
Event: 9.889 Executing safepoint VM operation: ICBufferFull done
Event: 10.024 Executing safepoint VM operation: G1CollectForAllocation (G1 Evacuation Pause)
Event: 10.028 Executing safepoint VM operation: G1CollectForAllocation (G1 Evacuation Pause) done

Memory protections (0 events):
No events

Nmethod flushes (20 events):
Event: 8.038 Thread 0x00000299e8dcd4b0 flushing  nmethod 0x00000299d3fd8610
Event: 8.038 Thread 0x00000299e8dcd4b0 flushing  nmethod 0x00000299db7a1b90
Event: 8.038 Thread 0x00000299e8dcd4b0 flushing  nmethod 0x00000299db7a4b10
Event: 8.038 Thread 0x00000299e8dcd4b0 flushing  nmethod 0x00000299d3be5f10
Event: 8.038 Thread 0x00000299e8dcd4b0 flushing  nmethod 0x00000299d3be6a90
Event: 8.038 Thread 0x00000299e8dcd4b0 flushing  nmethod 0x00000299d3be7210
Event: 8.038 Thread 0x00000299e8dcd4b0 flushing  nmethod 0x00000299d3be7710
Event: 8.038 Thread 0x00000299e8dcd4b0 flushing  nmethod 0x00000299d3be8790
Event: 8.038 Thread 0x00000299e8dcd4b0 flushing  nmethod 0x00000299d3caf990
Event: 8.038 Thread 0x00000299e8dcd4b0 flushing  nmethod 0x00000299d3cb2090
Event: 8.038 Thread 0x00000299e8dcd4b0 flushing  nmethod 0x00000299d3cb4510
Event: 8.038 Thread 0x00000299e8dcd4b0 flushing  nmethod 0x00000299d3d7ce90
Event: 8.038 Thread 0x00000299e8dcd4b0 flushing  nmethod 0x00000299d3d7f510
Event: 8.038 Thread 0x00000299e8dcd4b0 flushing  nmethod 0x00000299d3e1c490
Event: 8.038 Thread 0x00000299e8dcd4b0 flushing  nmethod 0x00000299d3e1cc90
Event: 8.038 Thread 0x00000299e8dcd4b0 flushing  nmethod 0x00000299d3f3cb10
Event: 8.038 Thread 0x00000299e8dcd4b0 flushing  nmethod 0x00000299d3f8a110
Event: 8.038 Thread 0x00000299e8dcd4b0 flushing  nmethod 0x00000299d400c890
Event: 8.038 Thread 0x00000299e8dcd4b0 flushing  nmethod 0x00000299d400cf10
Event: 8.038 Thread 0x00000299e8dcd4b0 flushing  nmethod 0x00000299d408c010

Events (20 events):
Event: 4.919 Thread 0x00000299e9150840 Thread exited: 0x00000299e9150840
Event: 4.921 Thread 0x00000299e9150170 Thread exited: 0x00000299e9150170
Event: 5.976 Thread 0x00000299e914e630 Thread exited: 0x00000299e914e630
Event: 6.654 Thread 0x00000299ef086b70 Thread added: 0x00000299f13562e0
Event: 6.935 Thread 0x00000299ef086b70 Thread added: 0x00000299f1359df0
Event: 6.943 Thread 0x00000299ef086b70 Thread added: 0x00000299f1357d20
Event: 7.312 Thread 0x00000299ef086b70 Thread added: 0x00000299f1357000
Event: 7.383 Thread 0x00000299ef086b70 Thread added: 0x00000299f135d900
Event: 7.412 Thread 0x00000299e914d890 Thread added: 0x00000299e914df60
Event: 7.687 Thread 0x00000299ef086b70 Thread added: 0x00000299f135ab10
Event: 7.743 Thread 0x00000299ef086b70 Thread added: 0x00000299f135b1a0
Event: 8.196 Thread 0x00000299ef086b70 Thread added: 0x00000299f135d270
Event: 8.623 Thread 0x00000299ef086b70 Thread added: 0x00000299f135bec0
Event: 9.075 Thread 0x00000299e914d890 Thread added: 0x00000299e9150840
Event: 9.638 Thread 0x00000299ef086b70 Thread added: 0x00000299f1dfd2d0
Event: 9.638 Thread 0x00000299ef086b70 Thread added: 0x00000299f1dfc5b0
Event: 9.712 Thread 0x00000299ef086b70 Thread added: 0x00000299f1dff3a0
Event: 9.715 Thread 0x00000299ef086b70 Thread added: 0x00000299f1dfe680
Event: 9.769 Thread 0x00000299ef086b70 Thread added: 0x00000299f1dfdff0
Event: 9.770 Thread 0x00000299ef086b70 Thread added: 0x00000299f1dfed10


Dynamic libraries:
0x00007ff6bcdd0000 - 0x00007ff6bcdde000 	C:\Users\jibri\.antigravity\extensions\redhat.java-1.54.0-win32-x64\jre\21.0.10-win32-x86_64\bin\java.exe
0x00007ffdb3c40000 - 0x00007ffdb3ea7000 	C:\WINDOWS\SYSTEM32\ntdll.dll
0x00007ffdb37d0000 - 0x00007ffdb3899000 	C:\WINDOWS\System32\KERNEL32.DLL
0x00007ffdb0710000 - 0x00007ffdb0b04000 	C:\WINDOWS\System32\KERNELBASE.dll
0x00007ffdb05c0000 - 0x00007ffdb070b000 	C:\WINDOWS\System32\ucrtbase.dll
0x00007ffd7c440000 - 0x00007ffd7c45e000 	C:\Users\jibri\.antigravity\extensions\redhat.java-1.54.0-win32-x64\jre\21.0.10-win32-x86_64\bin\VCRUNTIME140.dll
0x00007ffd94450000 - 0x00007ffd94468000 	C:\Users\jibri\.antigravity\extensions\redhat.java-1.54.0-win32-x64\jre\21.0.10-win32-x86_64\bin\jli.dll
0x00007ffdb1a10000 - 0x00007ffdb1bd5000 	C:\WINDOWS\System32\USER32.dll
0x00007ffdb0de0000 - 0x00007ffdb0e07000 	C:\WINDOWS\System32\win32u.dll
0x00007ffd8dd30000 - 0x00007ffd8dfc3000 	C:\WINDOWS\WinSxS\amd64_microsoft.windows.common-controls_6595b64144ccf1df_6.0.26100.8115_none_3e075c82e3354f9c\COMCTL32.dll
0x00007ffdb19d0000 - 0x00007ffdb19fb000 	C:\WINDOWS\System32\GDI32.dll
0x00007ffdb1f50000 - 0x00007ffdb1ff9000 	C:\WINDOWS\System32\msvcrt.dll
0x00007ffdb17f0000 - 0x00007ffdb191b000 	C:\WINDOWS\System32\gdi32full.dll
0x00007ffdb1920000 - 0x00007ffdb19c3000 	C:\WINDOWS\System32\msvcp_win.dll
0x00007ffdb3aa0000 - 0x00007ffdb3ad2000 	C:\WINDOWS\System32\IMM32.DLL
0x00007ffd957f0000 - 0x00007ffd957fc000 	C:\Users\jibri\.antigravity\extensions\redhat.java-1.54.0-win32-x64\jre\21.0.10-win32-x86_64\bin\vcruntime140_1.dll
0x00007ffd56720000 - 0x00007ffd567ad000 	C:\Users\jibri\.antigravity\extensions\redhat.java-1.54.0-win32-x64\jre\21.0.10-win32-x86_64\bin\msvcp140.dll
0x00007ffcfb7f0000 - 0x00007ffcfc591000 	C:\Users\jibri\.antigravity\extensions\redhat.java-1.54.0-win32-x64\jre\21.0.10-win32-x86_64\bin\server\jvm.dll
0x00007ffdb33b0000 - 0x00007ffdb3466000 	C:\WINDOWS\System32\ADVAPI32.dll
0x00007ffdb32e0000 - 0x00007ffdb3387000 	C:\WINDOWS\System32\sechost.dll
0x00007ffdb3ae0000 - 0x00007ffdb3bf8000 	C:\WINDOWS\System32\RPCRT4.dll
0x00007ffdb3620000 - 0x00007ffdb36a0000 	C:\WINDOWS\System32\WS2_32.dll
0x00007ffdb0370000 - 0x00007ffdb03ce000 	C:\WINDOWS\SYSTEM32\POWRPROF.dll
0x00007ffdaa090000 - 0x00007ffdaa09b000 	C:\WINDOWS\SYSTEM32\VERSION.dll
0x00007ffda4800000 - 0x00007ffda4836000 	C:\WINDOWS\SYSTEM32\WINMM.dll
0x00007ffdb0350000 - 0x00007ffdb0364000 	C:\WINDOWS\SYSTEM32\UMPDC.dll
0x00007ffdaf1d0000 - 0x00007ffdaf1eb000 	C:\WINDOWS\SYSTEM32\kernel.appcore.dll
0x00007ffd94440000 - 0x00007ffd9444a000 	C:\Users\jibri\.antigravity\extensions\redhat.java-1.54.0-win32-x64\jre\21.0.10-win32-x86_64\bin\jimage.dll
0x00007ffdae4c0000 - 0x00007ffdae702000 	C:\WINDOWS\SYSTEM32\DBGHELP.DLL
0x00007ffdb2ec0000 - 0x00007ffdb3242000 	C:\WINDOWS\System32\combase.dll
0x00007ffdb2dd0000 - 0x00007ffdb2ea8000 	C:\WINDOWS\System32\OLEAUT32.dll
0x00007ffd8a120000 - 0x00007ffd8a15b000 	C:\WINDOWS\SYSTEM32\dbgcore.DLL
0x00007ffdb0510000 - 0x00007ffdb05b5000 	C:\WINDOWS\System32\bcryptPrimitives.dll
0x00007ffd8e170000 - 0x00007ffd8e17f000 	C:\Users\jibri\.antigravity\extensions\redhat.java-1.54.0-win32-x64\jre\21.0.10-win32-x86_64\bin\instrument.dll
0x00007ffd7c420000 - 0x00007ffd7c440000 	C:\Users\jibri\.antigravity\extensions\redhat.java-1.54.0-win32-x64\jre\21.0.10-win32-x86_64\bin\java.dll
0x00007ffdb2490000 - 0x00007ffdb2bf7000 	C:\WINDOWS\System32\SHELL32.dll
0x00007ffdb0e10000 - 0x00007ffdb0f7a000 	C:\WINDOWS\System32\wintypes.dll
0x00007ffdb0f80000 - 0x00007ffdb17e8000 	C:\WINDOWS\System32\windows.storage.dll
0x00007ffdb1dd0000 - 0x00007ffdb1ec8000 	C:\WINDOWS\System32\SHCORE.dll
0x00007ffdb2d60000 - 0x00007ffdb2dc6000 	C:\WINDOWS\System32\shlwapi.dll
0x00007ffdb0430000 - 0x00007ffdb0459000 	C:\WINDOWS\SYSTEM32\profapi.dll
0x00007ffd7c2d0000 - 0x00007ffd7c2e8000 	C:\Users\jibri\.antigravity\extensions\redhat.java-1.54.0-win32-x64\jre\21.0.10-win32-x86_64\bin\zip.dll
0x00007ffd83160000 - 0x00007ffd83170000 	C:\Users\jibri\.antigravity\extensions\redhat.java-1.54.0-win32-x64\jre\21.0.10-win32-x86_64\bin\net.dll
0x00007ffda9390000 - 0x00007ffda94bd000 	C:\WINDOWS\SYSTEM32\WINHTTP.dll
0x00007ffdaf7f0000 - 0x00007ffdaf85c000 	C:\WINDOWS\system32\mswsock.dll
0x00007ffd7c2b0000 - 0x00007ffd7c2c6000 	C:\Users\jibri\.antigravity\extensions\redhat.java-1.54.0-win32-x64\jre\21.0.10-win32-x86_64\bin\nio.dll
0x00007ffd7b620000 - 0x00007ffd7b630000 	C:\Users\jibri\.antigravity\extensions\redhat.java-1.54.0-win32-x64\jre\21.0.10-win32-x86_64\bin\verify.dll
0x00007ffd89f80000 - 0x00007ffd89fa7000 	C:\Users\jibri\.gradle\native\1def1411415f61bf3af743bc5b6707747c0891f09f0c88961ee8f79bc544acac\windows-amd64\native-platform.dll
0x00007ffd7b660000 - 0x00007ffd7b6d7000 	C:\Users\jibri\.gradle\native\0.2.8\x86_64-windows-gnu\gradle-fileevents.dll
0x00007ffdab9b0000 - 0x00007ffdab9ba000 	C:\Users\jibri\.antigravity\extensions\redhat.java-1.54.0-win32-x64\jre\21.0.10-win32-x86_64\bin\management.dll
0x00007ffdaa060000 - 0x00007ffdaa06c000 	C:\Users\jibri\.antigravity\extensions\redhat.java-1.54.0-win32-x64\jre\21.0.10-win32-x86_64\bin\management_ext.dll
0x00007ffdb1a00000 - 0x00007ffdb1a08000 	C:\WINDOWS\System32\PSAPI.DLL
0x00007ffdaec40000 - 0x00007ffdaec72000 	C:\WINDOWS\SYSTEM32\IPHLPAPI.DLL
0x00007ffdb2eb0000 - 0x00007ffdb2eba000 	C:\WINDOWS\System32\NSI.dll
0x00007ffd7b210000 - 0x00007ffd7b219000 	C:\Users\jibri\.antigravity\extensions\redhat.java-1.54.0-win32-x64\jre\21.0.10-win32-x86_64\bin\extnet.dll
0x00007ffdafaf0000 - 0x00007ffdafb0b000 	C:\WINDOWS\SYSTEM32\CRYPTSP.dll
0x00007ffdaf1f0000 - 0x00007ffdaf229000 	C:\WINDOWS\system32\rsaenh.dll
0x00007ffdaf8c0000 - 0x00007ffdaf8f3000 	C:\WINDOWS\SYSTEM32\USERENV.dll
0x00007ffdb0400000 - 0x00007ffdb042a000 	C:\WINDOWS\SYSTEM32\bcrypt.dll
0x00007ffdafb10000 - 0x00007ffdafb1c000 	C:\WINDOWS\SYSTEM32\CRYPTBASE.dll
0x00007ffd7b610000 - 0x00007ffd7b61e000 	C:\Users\jibri\.antigravity\extensions\redhat.java-1.54.0-win32-x64\jre\21.0.10-win32-x86_64\bin\sunmscapi.dll
0x00007ffdb0c60000 - 0x00007ffdb0dd7000 	C:\WINDOWS\System32\CRYPT32.dll
0x00007ffdafd10000 - 0x00007ffdafd40000 	C:\WINDOWS\SYSTEM32\ncrypt.dll
0x00007ffdafcc0000 - 0x00007ffdafcff000 	C:\WINDOWS\SYSTEM32\NTASN1.dll
0x00007ffd82f70000 - 0x00007ffd82f78000 	C:\WINDOWS\system32\wshunix.dll

JVMTI agents:
C:\Users\jibri\.gradle\wrapper\dists\gradle-9.0.0-bin\d6wjpkvcgsg3oed0qlfss3wgl\gradle-9.0.0\lib\agents\gradle-instrumentation-agent-9.0.0.jar path:C:\Users\jibri\.antigravity\extensions\redhat.java-1.54.0-win32-x64\jre\21.0.10-win32-x86_64\bin\instrument.dll, loaded, initialized, instrumentlib options:none

dbghelp: loaded successfully - version: 4.0.5 - missing functions: none
symbol engine: initialized successfully - sym options: 0x614 - pdb path: .;C:\Users\jibri\.antigravity\extensions\redhat.java-1.54.0-win32-x64\jre\21.0.10-win32-x86_64\bin;C:\WINDOWS\SYSTEM32;C:\WINDOWS\WinSxS\amd64_microsoft.windows.common-controls_6595b64144ccf1df_6.0.26100.8115_none_3e075c82e3354f9c;C:\Users\jibri\.antigravity\extensions\redhat.java-1.54.0-win32-x64\jre\21.0.10-win32-x86_64\bin\server;C:\Users\jibri\.gradle\native\1def1411415f61bf3af743bc5b6707747c0891f09f0c88961ee8f79bc544acac\windows-amd64;C:\Users\jibri\.gradle\native\0.2.8\x86_64-windows-gnu

VM Arguments:
jvm_args: --add-opens=java.base/java.lang=ALL-UNNAMED --add-opens=java.base/java.lang.invoke=ALL-UNNAMED --add-opens=java.base/java.util=ALL-UNNAMED --add-opens=java.prefs/java.util.prefs=ALL-UNNAMED --add-exports=jdk.compiler/com.sun.tools.javac.api=ALL-UNNAMED --add-exports=jdk.compiler/com.sun.tools.javac.util=ALL-UNNAMED --add-opens=java.base/java.util=ALL-UNNAMED --add-opens=java.prefs/java.util.prefs=ALL-UNNAMED --add-opens=java.base/java.nio.charset=ALL-UNNAMED --add-opens=java.base/java.net=ALL-UNNAMED --add-opens=java.base/java.util.concurrent=ALL-UNNAMED --add-opens=java.base/java.util.concurrent.atomic=ALL-UNNAMED --add-opens=java.xml/javax.xml.namespace=ALL-UNNAMED -XX:MaxMetaspaceSize=512m -Xmx2048m -Dfile.encoding=UTF-8 -Duser.country=PH -Duser.language=en -Duser.variant -javaagent:C:\Users\jibri\.gradle\wrapper\dists\gradle-9.0.0-bin\d6wjpkvcgsg3oed0qlfss3wgl\gradle-9.0.0\lib\agents\gradle-instrumentation-agent-9.0.0.jar 
java_command: org.gradle.launcher.daemon.bootstrap.GradleDaemon 9.0.0
java_class_path (initial): C:\Users\jibri\.gradle\wrapper\dists\gradle-9.0.0-bin\d6wjpkvcgsg3oed0qlfss3wgl\gradle-9.0.0\lib\gradle-daemon-main-9.0.0.jar
Launcher Type: SUN_STANDARD

[Global flags]
     intx CICompilerCount                          = 12                                        {product} {ergonomic}
   size_t CompressedClassSpaceSize                 = 436207616                                 {product} {ergonomic}
     uint ConcGCThreads                            = 4                                         {product} {ergonomic}
     uint G1ConcRefinementThreads                  = 15                                        {product} {ergonomic}
   size_t G1HeapRegionSize                         = 1048576                                   {product} {ergonomic}
    uintx GCDrainStackTargetSize                   = 64                                        {product} {ergonomic}
   size_t InitialHeapSize                          = 130023424                                 {product} {ergonomic}
   size_t MarkStackSize                            = 4194304                                   {product} {ergonomic}
   size_t MaxHeapSize                              = 2147483648                                {product} {command line}
   size_t MaxMetaspaceSize                         = 536870912                                 {product} {command line}
   size_t MaxNewSize                               = 1287651328                                {product} {ergonomic}
   size_t MinHeapDeltaBytes                        = 1048576                                   {product} {ergonomic}
   size_t MinHeapSize                              = 8388608                                   {product} {ergonomic}
    uintx NonNMethodCodeHeapSize                   = 7602480                                {pd product} {ergonomic}
    uintx NonProfiledCodeHeapSize                  = 122027880                              {pd product} {ergonomic}
    uintx ProfiledCodeHeapSize                     = 122027880                              {pd product} {ergonomic}
    uintx ReservedCodeCacheSize                    = 251658240                              {pd product} {ergonomic}
     bool SegmentedCodeCache                       = true                                      {product} {ergonomic}
   size_t SoftMaxHeapSize                          = 2147483648                             {manageable} {ergonomic}
     bool UseCompressedOops                        = true                           {product lp64_product} {ergonomic}
     bool UseG1GC                                  = true                                      {product} {ergonomic}
     bool UseLargePagesIndividualAllocation        = false                                  {pd product} {ergonomic}

Logging:
Log output configuration:
 #0: stdout all=warning uptime,level,tags foldmultilines=false
 #1: stderr all=off uptime,level,tags foldmultilines=false

Release file:
JAVA_VERSION="21.0.10" 
MODULES="java.base java.compiler java.datatransfer java.xml java.prefs java.desktop java.instrument java.logging java.management java.security.sasl java.naming java.rmi java.management.rmi java.net.http java.scripting java.security.jgss java.transaction.xa java.sql java.sql.rowset java.xml.crypto java.se java.smartcardio jdk.accessibility jdk.internal.jvmstat jdk.attach jdk.charsets jdk.internal.opt jdk.zipfs jdk.compiler jdk.crypto.ec jdk.crypto.cryptoki jdk.crypto.mscapi jdk.dynalink jdk.internal.ed jdk.editpad jdk.hotspot.agent jdk.httpserver jdk.internal.le jdk.internal.vm.ci jdk.internal.vm.compiler jdk.internal.vm.compiler.management jdk.jartool jdk.javadoc jdk.jcmd jdk.management jdk.management.agent jdk.jconsole jdk.jdeps jdk.jdwp.agent jdk.jdi jdk.jfr jdk.jshell jdk.jsobject jdk.jstatd jdk.localedata jdk.management.jfr jdk.naming.dns jdk.naming.rmi jdk.net jdk.nio.mapmode jdk.random jdk.sctp jdk.security.auth jdk.security.jgss jdk.unsupported jdk.unsupported.desktop jdk.xml.dom" 

Environment Variables:
JAVA_HOME=C:\Program Files\Java\jdk-17
PATH=C:\Program Files\Microsoft\jdk-17.0.16.8-hotspot\bin;C:\ProgramData\Oracle\Java\javapath;C:\Program Files\NVIDIA GPU Computing Toolkit\CUDA\v12.8\bin;C:\Program Files\NVIDIA GPU Computing Toolkit\CUDA\v12.8\libnvvp;C:\Program Files\Common Files\Oracle\Java\javapath;C:\PHP\phpoldversion\;C:\Windows\system32;C:\Windows;C:\Windows\System32\Wbem;C:\Windows\System32\WindowsPowerShell\v1.0\;C:\Windows\System32\OpenSSH\;C:\Program Files (x86)\NVIDIA Corporation\PhysX\Common;C:\Program Files\Microsoft SQL Server\150\Tools\Binn\;C:\Program Files\Microsoft SQL Server\Client SDK\ODBC\170\Tools\Binn\;C:\ProgramData\ComposerSetup\bin;C:\Users\jibri\.config\herd\bin\nvm;C:\Program Files\nodejs;C:\Program Files\Java\jdk-17\bin;C:\xampp\php;C:\WINDOWS\system32;C:\WINDOWS;C:\WINDOWS\System32\Wbem;C:\WINDOWS\System32\WindowsPowerShell\v1.0\;C:\WINDOWS\System32\OpenSSH\;C:\Program Files\nodejs\;C:\Program Files\Git\cmd;C:\Program Files\Git\bin;C:\Users\jibri\AppData\Local\Pub\Cache\bin;C:\Program Files\NVIDIA Corporation\NVIDIA app\NvDLISR;C:\Program Files\heroku\bin;C:\Program Files\NVIDIA Corporation\Nsight Compute 2025.1.1\;C:\ProgramData\chocolatey\bin;C:\Users\jibri\AppData\Local\Programs\Python\Python310\Scripts;C:\Program Files\dotnet\;C:\Program Files (x86)\Windows Kits\10\Windows Performance Toolkit\;C:\Users\jibri\AppData\Local\Android\Sdk\platform-tools;C:\Program Files\Docker\Docker\resources\bin;C:\Program Files\MySQL\MySQL Shell 8.0\bin\;C:\Users\jibri\AppData\Local\Programs\Python\Python310\Scripts\;C:\Users\jibri\AppData\Local\Programs\Python\Python310\;C:\Users\jibri\.config\herd\bin;C:\Users\jibri\AppData\Local\Microsoft\WindowsApps;C:\Users\jibri\AppData\Local\Programs\Microsoft VS Code\bin;C:\Users\jibri\AppData\Roaming\Composer\vendor\bin;C:\flutter\flutter\bin;C:\Users\jibri\AppData\Roaming\npm;C:\Program Files\Git;C:\Users\jibri\AppData\Local\Pub\Cache\bin;C:\Program Files\heroku\bin;C:\Users\jibri\.dotnet\tools;C:\AppServ\Apache24\bin;C:\AppServ\php7;C:\AppServ\MySQL\bin;C:\Users\jibri\AppData\Local\Android\Sdk\build-tools;C:\ProgramData\chocolatey\bin;C:\Program Files\nodejs\;C:\Users\jibri\AppData\Local\Programs\cursor\resources\app\bin;C:\Users\jibri\AppData\Local\Programs\Antigravity\bin
USERNAME=jibri
OS=Windows_NT
PROCESSOR_IDENTIFIER=Intel64 Family 6 Model 191 Stepping 2, GenuineIntel
TMP=C:\Users\jibri\AppData\Local\Temp
TEMP=C:\Users\jibri\AppData\Local\Temp




Periodic native trim disabled

---------------  S Y S T E M  ---------------

OS:
 Windows 11 , 64 bit Build 26100 (10.0.26100.8246)
OS uptime: 0 days 0:15 hours
Hyper-V role detected

CPU: total 20 (initial active 20) (10 cores per cpu, 2 threads per core) family 6 model 191 stepping 2 microcode 0x2c, cx8, cmov, fxsr, ht, mmx, 3dnowpref, sse, sse2, sse3, ssse3, sse4.1, sse4.2, popcnt, lzcnt, tsc, tscinvbit, avx, avx2, aes, erms, clmul, bmi1, bmi2, adx, sha, fma, vzeroupper, clflush, clflushopt, clwb, hv, serialize, rdtscp, rdpid, fsrm, f16c, cet_ibt, cet_ss
Processor Information for processor 0
  Max Mhz: 2500, Current Mhz: 2500, Mhz Limit: 2500
Processor Information for processor 1
  Max Mhz: 2500, Current Mhz: 2500, Mhz Limit: 2500
Processor Information for processor 2
  Max Mhz: 2500, Current Mhz: 2500, Mhz Limit: 2500
Processor Information for processor 3
  Max Mhz: 2500, Current Mhz: 2500, Mhz Limit: 2500
Processor Information for processor 4
  Max Mhz: 2500, Current Mhz: 2500, Mhz Limit: 2500
Processor Information for processor 5
  Max Mhz: 2500, Current Mhz: 2500, Mhz Limit: 2500
Processor Information for processor 6
  Max Mhz: 2500, Current Mhz: 2500, Mhz Limit: 2500
Processor Information for processor 7
  Max Mhz: 2500, Current Mhz: 2500, Mhz Limit: 2500
Processor Information for processor 8
  Max Mhz: 2500, Current Mhz: 2500, Mhz Limit: 2500
Processor Information for processor 9
  Max Mhz: 2500, Current Mhz: 2500, Mhz Limit: 2500
Processor Information for processor 10
  Max Mhz: 2500, Current Mhz: 2500, Mhz Limit: 2500
Processor Information for processor 11
  Max Mhz: 2500, Current Mhz: 2500, Mhz Limit: 2500
Processor Information for processor 12
  Max Mhz: 2500, Current Mhz: 1800, Mhz Limit: 1800
Processor Information for processor 13
  Max Mhz: 2500, Current Mhz: 1800, Mhz Limit: 1800
Processor Information for processor 14
  Max Mhz: 2500, Current Mhz: 1800, Mhz Limit: 1800
Processor Information for processor 15
  Max Mhz: 2500, Current Mhz: 1800, Mhz Limit: 1800
Processor Information for processor 16
  Max Mhz: 2500, Current Mhz: 1800, Mhz Limit: 1800
Processor Information for processor 17
  Max Mhz: 2500, Current Mhz: 1800, Mhz Limit: 1800
Processor Information for processor 18
  Max Mhz: 2500, Current Mhz: 1800, Mhz Limit: 1800
Processor Information for processor 19
  Max Mhz: 2500, Current Mhz: 1800, Mhz Limit: 1800

Memory: 4k page, system-wide physical 7911M (387M free)
TotalPageFile size 25344M (AvailPageFile size 6M)
current process WorkingSet (physical memory assigned to process): 261M, peak: 275M
current process commit charge ("private bytes"): 333M, peak: 337M

vm_info: OpenJDK 64-Bit Server VM (21.0.10+7-LTS) for windows-amd64 JRE (21.0.10+7-LTS), built on 2026-01-20T00:00:00Z by "admin" with MS VC++ 17.12 (VS2022)

END.
