#
# There is insufficient memory for the Java Runtime Environment to continue.
# Native memory allocation (malloc) failed to allocate 1929616 bytes. Error detail: Chunk::new
# Possible reasons:
#   The system is out of physical RAM or swap space
#   This process is running with CompressedOops enabled, and the Java Heap may be blocking the growth of the native heap
# Possible solutions:
#   Reduce memory load on the system
#   Increase physical memory or swap space
#   Check if swap backing store is full
#   Decrease Java heap size (-Xmx/-Xms)
#   Decrease number of Java threads
#   Decrease Java thread stack sizes (-Xss)
#   Set larger code cache with -XX:ReservedCodeCacheSize=
#   JVM is running with Unscaled Compressed Oops mode in which the Java heap is
#     placed in the first 4GB address space. The Java Heap base address is the
#     maximum limit for the native heap growth. Please use -XX:HeapBaseMinAddress
#     to set the Java Heap base and to place the Java Heap above 4GB virtual address.
# This output file may be truncated or incomplete.
#
#  Out of Memory Error (arena.cpp:168), pid=20932, tid=30076
#
# JRE version: OpenJDK Runtime Environment Temurin-21.0.10+7 (21.0.10+7) (build 21.0.10+7-LTS)
# Java VM: OpenJDK 64-Bit Server VM Temurin-21.0.10+7 (21.0.10+7-LTS, mixed mode, sharing, tiered, compressed oops, compressed class ptrs, parallel gc, windows-amd64)
# No core dump will be written. Minidumps are not enabled by default on client versions of Windows
#

---------------  S U M M A R Y ------------

Command Line: --add-modules=ALL-SYSTEM --add-opens=java.base/java.util=ALL-UNNAMED --add-opens=java.base/java.lang=ALL-UNNAMED --add-opens=java.base/sun.nio.fs=ALL-UNNAMED -Declipse.application=org.eclipse.jdt.ls.core.id1 -Dosgi.bundles.defaultStartLevel=4 -Declipse.product=org.eclipse.jdt.ls.core.product -Djava.import.generatesMetadataFilesAtProjectRoot=false -DDetectVMInstallationsJob.disabled=true -Dfile.encoding=utf8 -XX:+UseParallelGC -XX:GCTimeRatio=4 -XX:AdaptiveSizePolicyWeight=90 -Dsun.zip.disableMemoryMapping=true -Xmx2G -Xms100m -Xlog:disable -javaagent:c:\Users\jibri\.antigravity\extensions\redhat.java-1.53.0-win32-x64\lombok\lombok-1.18.39-4050.jar -XX:+HeapDumpOnOutOfMemoryError -XX:HeapDumpPath=c:\Users\jibri\AppData\Roaming\Antigravity\User\workspaceStorage\8b75b7c593fc459511d45e689933c160\redhat.java -Daether.dependencyCollector.impl=bf c:\Users\jibri\.antigravity\extensions\redhat.java-1.53.0-win32-x64\server\plugins\org.eclipse.equinox.launcher_1.7.100.v20251111-0406.jar -configuration c:\Users\jibri\AppData\Roaming\Antigravity\User\globalStorage\redhat.java\1.53.0\config_win -data c:\Users\jibri\AppData\Roaming\Antigravity\User\workspaceStorage\8b75b7c593fc459511d45e689933c160\redhat.java\jdt_ws --pipe=\\.\pipe\lsp-913f99f551364f88efd383b7a980f254-sock

Host: 13th Gen Intel(R) Core(TM) i5-13500HX, 20 cores, 7G,  Windows 11 , 64 bit Build 26100 (10.0.26100.7920)
Time: Sat Apr 11 23:58:57 2026 Malay Peninsula Standard Time elapsed time: 10.159083 seconds (0d 0h 0m 10s)

---------------  T H R E A D  ---------------

Current thread (0x0000023fbb1cbf80):  JavaThread "C2 CompilerThread0" daemon [_thread_in_native, id=30076, stack(0x0000004bdcc00000,0x0000004bdcd00000) (1024K)]


Current CompileTask:
C2:10159 8704   !   4       org.eclipse.osgi.internal.loader.BundleLoader::findRequiredSource (283 bytes)

Stack: [0x0000004bdcc00000,0x0000004bdcd00000]
Native frames: (J=compiled Java code, j=interpreted, Vv=VM code, C=native code)
V  [jvm.dll+0x6d7a39]
V  [jvm.dll+0x8b4b26]
V  [jvm.dll+0x8b70de]
V  [jvm.dll+0x8b77c3]
V  [jvm.dll+0x284346]
V  [jvm.dll+0xc66ed]
V  [jvm.dll+0xc6c31]
V  [jvm.dll+0x3bec01]
V  [jvm.dll+0x38b162]
V  [jvm.dll+0x38a5aa]
V  [jvm.dll+0x24c560]
V  [jvm.dll+0x24bb40]
V  [jvm.dll+0x1cb34e]
V  [jvm.dll+0x25b85d]
V  [jvm.dll+0x259dea]
V  [jvm.dll+0x3f857e]
V  [jvm.dll+0x85f59d]
V  [jvm.dll+0x6d626d]
C  [ucrtbase.dll+0x37b0]
C  [KERNEL32.DLL+0x2e8d7]
C  [ntdll.dll+0x8c48c]


---------------  P R O C E S S  ---------------

Threads class SMR info:
_java_thread_list=0x000002401d1d2440, length=73, elements={
0x0000023fb8afae00, 0x0000023fbb1b23e0, 0x0000023fbb0bd5e0, 0x0000023fbb0be840,
0x0000023fbb1b8bd0, 0x0000023fbb1bd1f0, 0x0000023fbb1c25a0, 0x0000023fbb1cbf80,
0x0000024013fc0100, 0x0000024014207ae0, 0x000002401a07c110, 0x000002401a715f80,
0x000002401a55f8c0, 0x000002401a4ff890, 0x000002401a8ccd50, 0x000002401aaaa8d0,
0x000002401ab5db00, 0x000002401aed13c0, 0x000002401afade20, 0x000002401afad790,
0x000002401afabd50, 0x000002401afab030, 0x000002401afab6c0, 0x000002401afad100,
0x000002401afac3e0, 0x000002401afaca70, 0x000002401bcdb4d0, 0x000002401bcd9a90,
0x000002401bcd8050, 0x000002401bcd86e0, 0x000002401bcd8d70, 0x000002401bcda7b0,
0x000002401bcdae40, 0x000002401bcd9400, 0x000002401bcda120, 0x000002401bcdcd80,
0x000002401bcdf4e0, 0x000002401bcdc060, 0x000002401bcdc6f0, 0x000002401bcde130,
0x000002401bce0200, 0x000002401bcddaa0, 0x000002401bce0890, 0x000002401bcdfb70,
0x000002401bcdd410, 0x000002401bce0f20, 0x000002401bce15b0, 0x000002401bce1c40,
0x000002401bcde7c0, 0x000002401bce22d0, 0x0000024013fbf360, 0x000002401bce2960,
0x000002401bce3680, 0x000002401d255140, 0x000002401d253070, 0x000002401d255e60,
0x000002401d253700, 0x000002401d254420, 0x000002401d2557d0, 0x000002401d2564f0,
0x000002401d256b80, 0x000002401d257210, 0x000002401d253d90, 0x000002401d2578a0,
0x000002401d257f30, 0x000002401d254ab0, 0x000002401d2592e0, 0x000002401d259970,
0x000002401d2585c0, 0x000002401d258c50, 0x000002401d25a000, 0x000002401d25a690,
0x000002401cde4dc0
}

Java Threads: ( => current thread )
  0x0000023fb8afae00 JavaThread "main"                              [_thread_blocked, id=4856, stack(0x0000004bdc200000,0x0000004bdc300000) (1024K)]
  0x0000023fbb1b23e0 JavaThread "Reference Handler"          daemon [_thread_blocked, id=30240, stack(0x0000004bdc600000,0x0000004bdc700000) (1024K)]
  0x0000023fbb0bd5e0 JavaThread "Finalizer"                  daemon [_thread_blocked, id=29392, stack(0x0000004bdc700000,0x0000004bdc800000) (1024K)]
  0x0000023fbb0be840 JavaThread "Signal Dispatcher"          daemon [_thread_blocked, id=31660, stack(0x0000004bdc800000,0x0000004bdc900000) (1024K)]
  0x0000023fbb1b8bd0 JavaThread "Attach Listener"            daemon [_thread_blocked, id=31976, stack(0x0000004bdc900000,0x0000004bdca00000) (1024K)]
  0x0000023fbb1bd1f0 JavaThread "Service Thread"             daemon [_thread_blocked, id=29796, stack(0x0000004bdca00000,0x0000004bdcb00000) (1024K)]
  0x0000023fbb1c25a0 JavaThread "Monitor Deflation Thread"   daemon [_thread_blocked, id=28068, stack(0x0000004bdcb00000,0x0000004bdcc00000) (1024K)]
=>0x0000023fbb1cbf80 JavaThread "C2 CompilerThread0"         daemon [_thread_in_native, id=30076, stack(0x0000004bdcc00000,0x0000004bdcd00000) (1024K)]
  0x0000024013fc0100 JavaThread "C1 CompilerThread0"         daemon [_thread_blocked, id=1948, stack(0x0000004bdcd00000,0x0000004bdce00000) (1024K)]
  0x0000024014207ae0 JavaThread "Common-Cleaner"             daemon [_thread_blocked, id=32332, stack(0x0000004bdd000000,0x0000004bdd100000) (1024K)]
  0x000002401a07c110 JavaThread "Notification Thread"        daemon [_thread_blocked, id=27212, stack(0x0000004bdd300000,0x0000004bdd400000) (1024K)]
  0x000002401a715f80 JavaThread "Active Thread: Equinox Container: 992ae253-5142-4f5c-908c-5bf95b587176"        [_thread_blocked, id=26900, stack(0x0000004bdda00000,0x0000004bddb00000) (1024K)]
  0x000002401a55f8c0 JavaThread "Refresh Thread: Equinox Container: 992ae253-5142-4f5c-908c-5bf95b587176" daemon [_thread_blocked, id=30320, stack(0x0000004bddc00000,0x0000004bddd00000) (1024K)]
  0x000002401a4ff890 JavaThread "Framework Event Dispatcher: Equinox Container: 992ae253-5142-4f5c-908c-5bf95b587176" daemon [_thread_blocked, id=1572, stack(0x0000004bddd00000,0x0000004bdde00000) (1024K)]
  0x000002401a8ccd50 JavaThread "Start Level: Equinox Container: 992ae253-5142-4f5c-908c-5bf95b587176" daemon [_thread_blocked, id=21964, stack(0x0000004bdde00000,0x0000004bddf00000) (1024K)]
  0x000002401aaaa8d0 JavaThread "Bundle File Closer"         daemon [_thread_blocked, id=28316, stack(0x0000004bde200000,0x0000004bde300000) (1024K)]
  0x000002401ab5db00 JavaThread "SCR Component Actor"        daemon [_thread_blocked, id=28124, stack(0x0000004bdcf00000,0x0000004bdd000000) (1024K)]
  0x000002401aed13c0 JavaThread "Worker-JM"                         [_thread_blocked, id=33440, stack(0x0000004bde400000,0x0000004bde500000) (1024K)]
  0x000002401afade20 JavaThread "JNA Cleaner"                daemon [_thread_blocked, id=20660, stack(0x0000004bde600000,0x0000004bde700000) (1024K)]
  0x000002401afad790 JavaThread "Worker-0"                          [_thread_blocked, id=30920, stack(0x0000004bde700000,0x0000004bde800000) (1024K)]
  0x000002401afabd50 JavaThread "Worker-1: Refreshing workspace"        [_thread_in_native, id=24168, stack(0x0000004bde800000,0x0000004bde900000) (1024K)]
  0x000002401afab030 JavaThread "Worker-2"                          [_thread_blocked, id=24488, stack(0x0000004bdeb00000,0x0000004bdec00000) (1024K)]
  0x000002401afab6c0 JavaThread "Java indexing"              daemon [_thread_blocked, id=11472, stack(0x0000004bdec00000,0x0000004bded00000) (1024K)]
  0x000002401afad100 JavaThread "Worker-3"                          [_thread_blocked, id=29344, stack(0x0000004bded00000,0x0000004bdee00000) (1024K)]
  0x000002401afac3e0 JavaThread "Worker-4"                          [_thread_blocked, id=21308, stack(0x0000004bdee00000,0x0000004bdef00000) (1024K)]
  0x000002401afaca70 JavaThread "Worker-5"                          [_thread_blocked, id=11956, stack(0x0000004bdf100000,0x0000004bdf200000) (1024K)]
  0x000002401bcdb4d0 JavaThread "Worker-6"                          [_thread_blocked, id=27456, stack(0x0000004bdf200000,0x0000004bdf300000) (1024K)]
  0x000002401bcd9a90 JavaThread "Worker-7"                          [_thread_blocked, id=31960, stack(0x0000004bdf300000,0x0000004bdf400000) (1024K)]
  0x000002401bcd8050 JavaThread "Thread-1"                   daemon [_thread_in_native, id=31784, stack(0x0000004bdf400000,0x0000004bdf500000) (1024K)]
  0x000002401bcd86e0 JavaThread "Thread-2"                   daemon [_thread_in_native, id=2588, stack(0x0000004bdf500000,0x0000004bdf600000) (1024K)]
  0x000002401bcd8d70 JavaThread "Thread-3"                   daemon [_thread_in_native, id=7544, stack(0x0000004bdf600000,0x0000004bdf700000) (1024K)]
  0x000002401bcda7b0 JavaThread "Thread-4"                   daemon [_thread_in_native, id=25364, stack(0x0000004bdf700000,0x0000004bdf800000) (1024K)]
  0x000002401bcdae40 JavaThread "Thread-5"                   daemon [_thread_in_native, id=25044, stack(0x0000004bdf800000,0x0000004bdf900000) (1024K)]
  0x000002401bcd9400 JavaThread "Thread-6"                   daemon [_thread_in_native, id=24672, stack(0x0000004bdf900000,0x0000004bdfa00000) (1024K)]
  0x000002401bcda120 JavaThread "Thread-7"                   daemon [_thread_in_native, id=24212, stack(0x0000004bdfa00000,0x0000004bdfb00000) (1024K)]
  0x000002401bcdcd80 JavaThread "Thread-8"                   daemon [_thread_in_native, id=32072, stack(0x0000004bdfb00000,0x0000004bdfc00000) (1024K)]
  0x000002401bcdf4e0 JavaThread "Thread-9"                   daemon [_thread_in_native, id=30292, stack(0x0000004bdfc00000,0x0000004bdfd00000) (1024K)]
  0x000002401bcdc060 JavaThread "Thread-10"                  daemon [_thread_in_native, id=14248, stack(0x0000004bdfd00000,0x0000004bdfe00000) (1024K)]
  0x000002401bcdc6f0 JavaThread "Thread-11"                  daemon [_thread_in_native, id=13572, stack(0x0000004bdfe00000,0x0000004bdff00000) (1024K)]
  0x000002401bcde130 JavaThread "Thread-12"                  daemon [_thread_in_native, id=29724, stack(0x0000004bdff00000,0x0000004be0000000) (1024K)]
  0x000002401bce0200 JavaThread "Thread-13"                  daemon [_thread_in_native, id=25304, stack(0x0000004be0000000,0x0000004be0100000) (1024K)]
  0x000002401bcddaa0 JavaThread "Thread-14"                  daemon [_thread_in_native, id=19640, stack(0x0000004be0100000,0x0000004be0200000) (1024K)]
  0x000002401bce0890 JavaThread "Thread-15"                  daemon [_thread_in_native, id=17012, stack(0x0000004be0200000,0x0000004be0300000) (1024K)]
  0x000002401bcdfb70 JavaThread "Thread-16"                  daemon [_thread_in_native, id=25324, stack(0x0000004be0300000,0x0000004be0400000) (1024K)]
  0x000002401bcdd410 JavaThread "Thread-17"                  daemon [_thread_in_native, id=28148, stack(0x0000004be0400000,0x0000004be0500000) (1024K)]
  0x000002401bce0f20 JavaThread "Thread-18"                  daemon [_thread_in_native, id=17568, stack(0x0000004be0500000,0x0000004be0600000) (1024K)]
  0x000002401bce15b0 JavaThread "Thread-19"                  daemon [_thread_in_native, id=22976, stack(0x0000004be0600000,0x0000004be0700000) (1024K)]
  0x000002401bce1c40 JavaThread "Thread-20"                  daemon [_thread_in_native, id=15104, stack(0x0000004be0700000,0x0000004be0800000) (1024K)]
  0x000002401bcde7c0 JavaThread "Thread-21"                  daemon [_thread_in_native, id=1628, stack(0x0000004be0800000,0x0000004be0900000) (1024K)]
  0x000002401bce22d0 JavaThread "pool-2-thread-1"                   [_thread_blocked, id=20272, stack(0x0000004be0900000,0x0000004be0a00000) (1024K)]
  0x0000024013fbf360 JavaThread "C2 CompilerThread1"         daemon [_thread_in_native, id=31536, stack(0x0000004be0a00000,0x0000004be0b00000) (1024K)]
  0x000002401bce2960 JavaThread "WorkspaceEventsHandler"            [_thread_blocked, id=32352, stack(0x0000004be0b00000,0x0000004be0c00000) (1024K)]
  0x000002401bce3680 JavaThread "pool-1-thread-1"                   [_thread_in_native, id=33744, stack(0x0000004be0c00000,0x0000004be0d00000) (1024K)]
  0x000002401d255140 JavaThread "ForkJoinPool.commonPool-worker-1" daemon [_thread_blocked, id=14828, stack(0x0000004be0d00000,0x0000004be0e00000) (1024K)]
  0x000002401d253070 JavaThread "ForkJoinPool.commonPool-worker-2" daemon [_thread_blocked, id=28768, stack(0x0000004be0e00000,0x0000004be0f00000) (1024K)]
  0x000002401d255e60 JavaThread "ForkJoinPool.commonPool-worker-3" daemon [_thread_blocked, id=30828, stack(0x0000004be0f00000,0x0000004be1000000) (1024K)]
  0x000002401d253700 JavaThread "ForkJoinPool.commonPool-worker-4" daemon [_thread_blocked, id=33356, stack(0x0000004be1000000,0x0000004be1100000) (1024K)]
  0x000002401d254420 JavaThread "ForkJoinPool.commonPool-worker-5" daemon [_thread_blocked, id=19084, stack(0x0000004be1100000,0x0000004be1200000) (1024K)]
  0x000002401d2557d0 JavaThread "ForkJoinPool.commonPool-worker-6" daemon [_thread_blocked, id=24104, stack(0x0000004be1200000,0x0000004be1300000) (1024K)]
  0x000002401d2564f0 JavaThread "ForkJoinPool.commonPool-worker-7" daemon [_thread_blocked, id=16320, stack(0x0000004be1300000,0x0000004be1400000) (1024K)]
  0x000002401d256b80 JavaThread "ForkJoinPool.commonPool-worker-8" daemon [_thread_blocked, id=24744, stack(0x0000004be1400000,0x0000004be1500000) (1024K)]
  0x000002401d257210 JavaThread "ForkJoinPool.commonPool-worker-9" daemon [_thread_blocked, id=32016, stack(0x0000004be1500000,0x0000004be1600000) (1024K)]
  0x000002401d253d90 JavaThread "ForkJoinPool.commonPool-worker-10" daemon [_thread_blocked, id=28372, stack(0x0000004be1600000,0x0000004be1700000) (1024K)]
  0x000002401d2578a0 JavaThread "ForkJoinPool.commonPool-worker-11" daemon [_thread_blocked, id=4920, stack(0x0000004be1700000,0x0000004be1800000) (1024K)]
  0x000002401d257f30 JavaThread "ForkJoinPool.commonPool-worker-12" daemon [_thread_blocked, id=12572, stack(0x0000004be1800000,0x0000004be1900000) (1024K)]
  0x000002401d254ab0 JavaThread "ForkJoinPool.commonPool-worker-13" daemon [_thread_blocked, id=32452, stack(0x0000004be1900000,0x0000004be1a00000) (1024K)]
  0x000002401d2592e0 JavaThread "ForkJoinPool.commonPool-worker-14" daemon [_thread_blocked, id=17964, stack(0x0000004be1a00000,0x0000004be1b00000) (1024K)]
  0x000002401d259970 JavaThread "ForkJoinPool.commonPool-worker-15" daemon [_thread_blocked, id=28036, stack(0x0000004be1b00000,0x0000004be1c00000) (1024K)]
  0x000002401d2585c0 JavaThread "ForkJoinPool.commonPool-worker-16" daemon [_thread_blocked, id=21500, stack(0x0000004be1c00000,0x0000004be1d00000) (1024K)]
  0x000002401d258c50 JavaThread "ForkJoinPool.commonPool-worker-17" daemon [_thread_blocked, id=23972, stack(0x0000004be1d00000,0x0000004be1e00000) (1024K)]
  0x000002401d25a000 JavaThread "ForkJoinPool.commonPool-worker-18" daemon [_thread_blocked, id=11512, stack(0x0000004be1e00000,0x0000004be1f00000) (1024K)]
  0x000002401d25a690 JavaThread "ForkJoinPool.commonPool-worker-19" daemon [_thread_blocked, id=19856, stack(0x0000004be1f00000,0x0000004be2000000) (1024K)]
  0x000002401cde4dc0 JavaThread "C2 CompilerThread2"         daemon [_thread_in_vm, id=31428, stack(0x0000004bdce00000,0x0000004bdcf00000) (1024K)]
Total: 73

Other Threads:
  0x0000023fbb0a4080 VMThread "VM Thread"                           [id=32916, stack(0x0000004bdc500000,0x0000004bdc600000) (1024K)]
  0x0000023fbaf9ca00 WatcherThread "VM Periodic Task Thread"        [id=22816, stack(0x0000004bdc400000,0x0000004bdc500000) (1024K)]
  0x0000023fbb12c960 WorkerThread "GC Thread#0"                     [id=15056, stack(0x0000004bdc300000,0x0000004bdc400000) (1024K)]
  0x000002401a803840 WorkerThread "GC Thread#1"                     [id=26260, stack(0x0000004bdd400000,0x0000004bdd500000) (1024K)]
  0x000002401a803bf0 WorkerThread "GC Thread#2"                     [id=32008, stack(0x0000004bdd500000,0x0000004bdd600000) (1024K)]
  0x000002401a2f8230 WorkerThread "GC Thread#3"                     [id=14760, stack(0x0000004bdd600000,0x0000004bdd700000) (1024K)]
  0x000002401a2f85e0 WorkerThread "GC Thread#4"                     [id=32788, stack(0x0000004bdd700000,0x0000004bdd800000) (1024K)]
  0x000002401a8070b0 WorkerThread "GC Thread#5"                     [id=26024, stack(0x0000004bdd800000,0x0000004bdd900000) (1024K)]
  0x000002401a807a70 WorkerThread "GC Thread#6"                     [id=22336, stack(0x0000004bdd900000,0x0000004bdda00000) (1024K)]
  0x000002401a5bd580 WorkerThread "GC Thread#7"                     [id=7856, stack(0x0000004bddb00000,0x0000004bddc00000) (1024K)]
  0x000002401aae5f40 WorkerThread "GC Thread#8"                     [id=11948, stack(0x0000004bddf00000,0x0000004bde000000) (1024K)]
  0x000002401ac72ee0 WorkerThread "GC Thread#9"                     [id=12596, stack(0x0000004bde000000,0x0000004bde100000) (1024K)]
  0x000002401ac73290 WorkerThread "GC Thread#10"                    [id=4256, stack(0x0000004bde100000,0x0000004bde200000) (1024K)]
  0x000002401acf1f20 WorkerThread "GC Thread#11"                    [id=33136, stack(0x0000004bde300000,0x0000004bde400000) (1024K)]
  0x000002401acf2a30 WorkerThread "GC Thread#12"                    [id=22120, stack(0x0000004bde500000,0x0000004bde600000) (1024K)]
  0x000002401acf3540 WorkerThread "GC Thread#13"                    [id=3700, stack(0x0000004bde900000,0x0000004bdea00000) (1024K)]
  0x000002401acf2de0 WorkerThread "GC Thread#14"                    [id=32496, stack(0x0000004bdea00000,0x0000004bdeb00000) (1024K)]
Total: 17

Threads with active compile tasks:
C2 CompilerThread0  11294 8704   !   4       org.eclipse.osgi.internal.loader.BundleLoader::findRequiredSource (283 bytes)
C2 CompilerThread1  11294 8772       4       org.eclipse.osgi.internal.loader.BundleLoader::addExportedProvidersFor (167 bytes)
C2 CompilerThread2  11294 8801   !   4       org.eclipse.osgi.internal.loader.BundleLoader::findClass0 (490 bytes)
Total: 3

VM state: not at safepoint (normal execution)

VM Mutex/Monitor currently owned by a thread: None

Heap address: 0x0000000080000000, size: 2048 MB, Compressed Oops mode: 32-bit

CDS archive(s) mapped at: [0x0000023fd2000000-0x0000023fd2ba0000-0x0000023fd2ba0000), size 12189696, SharedBaseAddress: 0x0000023fd2000000, ArchiveRelocationMode: 1.
Compressed class space mapped at: 0x0000023fd3000000-0x0000024013000000, reserved size: 1073741824
Narrow klass base: 0x0000023fd2000000, Narrow klass shift: 0, Narrow klass range: 0x100000000

GC Precious Log:
 CardTable entry size: 512
 CPUs: 20 total, 20 available
 Memory: 7911M
 Large Page Support: Disabled
 NUMA Support: Disabled
 Compressed Oops: Enabled (32-bit)
 Alignments: Space 512K, Generation 512K, Heap 2M
 Heap Min Capacity: 100M
 Heap Initial Capacity: 100M
 Heap Max Capacity: 2G
 Pre-touch: Disabled
 Parallel Workers: 15

Heap:
 PSYoungGen      total 33792K, used 8250K [0x00000000d5580000, 0x00000000d7f80000, 0x0000000100000000)
  eden space 23552K, 7% used [0x00000000d5580000,0x00000000d5745528,0x00000000d6c80000)
  from space 10240K, 62% used [0x00000000d7580000,0x00000000d7bc9438,0x00000000d7f80000)
  to   space 9216K, 0% used [0x00000000d6c80000,0x00000000d6c80000,0x00000000d7580000)
 ParOldGen       total 68608K, used 56585K [0x0000000080000000, 0x0000000084300000, 0x00000000d5580000)
  object space 68608K, 82% used [0x0000000080000000,0x0000000083742750,0x0000000084300000)
 Metaspace       used 48553K, committed 49728K, reserved 1114112K
  class space    used 5167K, committed 5696K, reserved 1048576K

Card table byte_map: [0x0000023fbaab0000,0x0000023fbaec0000] _byte_map_base: 0x0000023fba6b0000

Marking Bits: (ParMarkBitMap*) 0x00007ff97bf33450
 Begin Bits: [0x0000023fcd5c0000, 0x0000023fcf5c0000)
 End Bits:   [0x0000023fcf5c0000, 0x0000023fd15c0000)

Polling page: 0x0000023fb8f00000

Metaspace:

Usage:
  Non-class:     42.37 MB used.
      Class:      5.05 MB used.
       Both:     47.42 MB used.

Virtual space:
  Non-class space:       64.00 MB reserved,      43.00 MB ( 67%) committed,  1 nodes.
      Class space:        1.00 GB reserved,       5.56 MB ( <1%) committed,  1 nodes.
             Both:        1.06 GB reserved,      48.56 MB (  4%) committed. 

Chunk freelists:
   Non-Class:  4.83 MB
       Class:  10.27 MB
        Both:  15.09 MB

MaxMetaspaceSize: unlimited
CompressedClassSpaceSize: 1.00 GB
Initial GC threshold: 21.00 MB
Current GC threshold: 58.38 MB
CDS: on
 - commit_granule_bytes: 65536.
 - commit_granule_words: 8192.
 - virtual_space_node_default_size: 8388608.
 - enlarge_chunks_in_place: 1.
 - use_allocation_guard: 0.


Internal statistics:

num_allocs_failed_limit: 6.
num_arena_births: 838.
num_arena_deaths: 14.
num_vsnodes_births: 2.
num_vsnodes_deaths: 0.
num_space_committed: 777.
num_space_uncommitted: 0.
num_chunks_returned_to_freelist: 20.
num_chunks_taken_from_freelist: 3040.
num_chunk_merges: 12.
num_chunk_splits: 1820.
num_chunks_enlarged: 1014.
num_inconsistent_stats: 0.

CodeHeap 'non-profiled nmethods': size=119168Kb used=3670Kb max_used=3670Kb free=115498Kb
 bounds [0x0000023fc5eb0000, 0x0000023fc6250000, 0x0000023fcd310000]
CodeHeap 'profiled nmethods': size=119104Kb used=16605Kb max_used=16605Kb free=102498Kb
 bounds [0x0000023fbe310000, 0x0000023fbf350000, 0x0000023fc5760000]
CodeHeap 'non-nmethods': size=7488Kb used=1376Kb max_used=3140Kb free=6111Kb
 bounds [0x0000023fc5760000, 0x0000023fc5a80000, 0x0000023fc5eb0000]
CodeCache: size=245760Kb, used=21651Kb, max_used=23415Kb, free=224107Kb
 total_blobs=8869, nmethods=8195, adapters=580, full_count=0
Compilation: enabled, stopped_count=0, restarted_count=0

Compilation events (20 events):
Event: 9.995 Thread 0x0000024013fc0100 8786       1       org.eclipse.text.templates.TemplatePersistenceData::getTemplate (5 bytes)
Event: 9.995 Thread 0x0000024013fbdef0 8787       3       sun.security.provider.SHA2::implReset (20 bytes)
Event: 9.995 Thread 0x0000024013fc0100 nmethod 8786 0x0000023fc623c410 code [0x0000023fc623c5a0, 0x0000023fc623c668]
Event: 9.995 Thread 0x0000024013fbdef0 nmethod 8787 0x0000023fbf33e690 code [0x0000023fbf33e840, 0x0000023fbf33e9f8]
Event: 9.996 Thread 0x0000024013fbf360 nmethod 8748 0x0000023fc623c710 code [0x0000023fc623c8c0, 0x0000023fc623cd50]
Event: 9.996 Thread 0x0000024013fbf360 8780       4       com.sun.org.apache.xerces.internal.util.SymbolTable::hash (53 bytes)
Event: 9.999 Thread 0x0000024013fbf360 nmethod 8780 0x0000023fc623d090 code [0x0000023fc623d220, 0x0000023fc623d3f0]
Event: 9.999 Thread 0x0000024013fbf360 8772       4       org.eclipse.osgi.internal.loader.BundleLoader::addExportedProvidersFor (167 bytes)
Event: 10.015 Thread 0x0000024013fc0100 8793       3       java.lang.invoke.MethodHandleImpl::makeIntrinsic (14 bytes)
Event: 10.015 Thread 0x0000024013fbdef0 8794       3       java.lang.invoke.MethodHandleImpl$IntrinsicMethodHandle::<init> (8 bytes)
Event: 10.015 Thread 0x0000024013fbdef0 nmethod 8794 0x0000023fbf33ea90 code [0x0000023fbf33ec80, 0x0000023fbf33f230]
Event: 10.015 Thread 0x0000024013fbdef0 8795       3       java.lang.invoke.MethodHandles::identity (87 bytes)
Event: 10.015 Thread 0x0000024013fc0100 nmethod 8793 0x0000023fbf33f410 code [0x0000023fbf33f600, 0x0000023fbf33fc48]
Event: 10.016 Thread 0x0000024013fbdef0 nmethod 8795 0x0000023fbf33fe90 code [0x0000023fbf3400a0, 0x0000023fbf3404c0]
Event: 10.016 Thread 0x0000024013fbdef0 8796       3       java.lang.invoke.LambdaForm::identityForm (27 bytes)
Event: 10.016 Thread 0x0000024013fbdef0 nmethod 8796 0x0000023fbf340710 code [0x0000023fbf3408c0, 0x0000023fbf340a98]
Event: 10.023 Thread 0x0000024013fc0100 8798       3       org.eclipse.osgi.internal.util.Tokenizer::getString (174 bytes)
Event: 10.023 Thread 0x0000024013fbdef0 8799       3       org.eclipse.osgi.internal.util.Tokenizer::getString (7 bytes)
Event: 10.023 Thread 0x0000024013fbdef0 nmethod 8799 0x0000023fbf340b90 code [0x0000023fbf340d40, 0x0000023fbf340ea0]
Event: 10.024 Thread 0x0000024013fc0100 nmethod 8798 0x0000023fbf340f90 code [0x0000023fbf341220, 0x0000023fbf341c48]

GC Heap History (20 events):
Event: 7.366 GC heap before
{Heap before GC invocations=24 (full 2):
 PSYoungGen      total 23552K, used 23414K [0x00000000d5580000, 0x00000000d6f00000, 0x0000000100000000)
  eden space 20992K, 100% used [0x00000000d5580000,0x00000000d6a00000,0x00000000d6a00000)
  from space 2560K, 94% used [0x00000000d6a00000,0x00000000d6c5dab0,0x00000000d6c80000)
  to   space 2560K, 0% used [0x00000000d6c80000,0x00000000d6c80000,0x00000000d6f00000)
 ParOldGen       total 68608K, used 28842K [0x0000000080000000, 0x0000000084300000, 0x00000000d5580000)
  object space 68608K, 42% used [0x0000000080000000,0x0000000081c2a950,0x0000000084300000)
 Metaspace       used 42588K, committed 43840K, reserved 1114112K
  class space    used 4464K, committed 5056K, reserved 1048576K
}
Event: 7.369 GC heap after
{Heap after GC invocations=24 (full 2):
 PSYoungGen      total 20992K, used 2530K [0x00000000d5580000, 0x00000000d7400000, 0x0000000100000000)
  eden space 18432K, 0% used [0x00000000d5580000,0x00000000d5580000,0x00000000d6780000)
  from space 2560K, 98% used [0x00000000d6c80000,0x00000000d6ef8810,0x00000000d6f00000)
  to   space 5120K, 0% used [0x00000000d6780000,0x00000000d6780000,0x00000000d6c80000)
 ParOldGen       total 68608K, used 30909K [0x0000000080000000, 0x0000000084300000, 0x00000000d5580000)
  object space 68608K, 45% used [0x0000000080000000,0x0000000081e2f728,0x0000000084300000)
 Metaspace       used 42588K, committed 43840K, reserved 1114112K
  class space    used 4464K, committed 5056K, reserved 1048576K
}
Event: 7.424 GC heap before
{Heap before GC invocations=25 (full 2):
 PSYoungGen      total 20992K, used 20962K [0x00000000d5580000, 0x00000000d7400000, 0x0000000100000000)
  eden space 18432K, 100% used [0x00000000d5580000,0x00000000d6780000,0x00000000d6780000)
  from space 2560K, 98% used [0x00000000d6c80000,0x00000000d6ef8810,0x00000000d6f00000)
  to   space 5120K, 0% used [0x00000000d6780000,0x00000000d6780000,0x00000000d6c80000)
 ParOldGen       total 68608K, used 30909K [0x0000000080000000, 0x0000000084300000, 0x00000000d5580000)
  object space 68608K, 45% used [0x0000000080000000,0x0000000081e2f728,0x0000000084300000)
 Metaspace       used 42803K, committed 44032K, reserved 1114112K
  class space    used 4490K, committed 5056K, reserved 1048576K
}
Event: 7.428 GC heap after
{Heap after GC invocations=25 (full 2):
 PSYoungGen      total 20480K, used 1988K [0x00000000d5580000, 0x00000000d6d80000, 0x0000000100000000)
  eden space 18432K, 0% used [0x00000000d5580000,0x00000000d5580000,0x00000000d6780000)
  from space 2048K, 97% used [0x00000000d6780000,0x00000000d6971000,0x00000000d6980000)
  to   space 3072K, 0% used [0x00000000d6a80000,0x00000000d6a80000,0x00000000d6d80000)
 ParOldGen       total 68608K, used 33164K [0x0000000080000000, 0x0000000084300000, 0x00000000d5580000)
  object space 68608K, 48% used [0x0000000080000000,0x00000000820630e8,0x0000000084300000)
 Metaspace       used 42803K, committed 44032K, reserved 1114112K
  class space    used 4490K, committed 5056K, reserved 1048576K
}
Event: 7.478 GC heap before
{Heap before GC invocations=26 (full 2):
 PSYoungGen      total 20480K, used 20420K [0x00000000d5580000, 0x00000000d6d80000, 0x0000000100000000)
  eden space 18432K, 100% used [0x00000000d5580000,0x00000000d6780000,0x00000000d6780000)
  from space 2048K, 97% used [0x00000000d6780000,0x00000000d6971000,0x00000000d6980000)
  to   space 3072K, 0% used [0x00000000d6a80000,0x00000000d6a80000,0x00000000d6d80000)
 ParOldGen       total 68608K, used 33164K [0x0000000080000000, 0x0000000084300000, 0x00000000d5580000)
  object space 68608K, 48% used [0x0000000080000000,0x00000000820630e8,0x0000000084300000)
 Metaspace       used 43080K, committed 44352K, reserved 1114112K
  class space    used 4524K, committed 5120K, reserved 1048576K
}
Event: 7.481 GC heap after
{Heap after GC invocations=26 (full 2):
 PSYoungGen      total 20480K, used 1888K [0x00000000d5580000, 0x00000000d6c80000, 0x0000000100000000)
  eden space 18432K, 0% used [0x00000000d5580000,0x00000000d5580000,0x00000000d6780000)
  from space 2048K, 92% used [0x00000000d6a80000,0x00000000d6c58000,0x00000000d6c80000)
  to   space 2560K, 0% used [0x00000000d6780000,0x00000000d6780000,0x00000000d6a00000)
 ParOldGen       total 68608K, used 34956K [0x0000000080000000, 0x0000000084300000, 0x00000000d5580000)
  object space 68608K, 50% used [0x0000000080000000,0x00000000822231e8,0x0000000084300000)
 Metaspace       used 43080K, committed 44352K, reserved 1114112K
  class space    used 4524K, committed 5120K, reserved 1048576K
}
Event: 7.545 GC heap before
{Heap before GC invocations=27 (full 2):
 PSYoungGen      total 20480K, used 20320K [0x00000000d5580000, 0x00000000d6c80000, 0x0000000100000000)
  eden space 18432K, 100% used [0x00000000d5580000,0x00000000d6780000,0x00000000d6780000)
  from space 2048K, 92% used [0x00000000d6a80000,0x00000000d6c58000,0x00000000d6c80000)
  to   space 2560K, 0% used [0x00000000d6780000,0x00000000d6780000,0x00000000d6a00000)
 ParOldGen       total 68608K, used 34956K [0x0000000080000000, 0x0000000084300000, 0x00000000d5580000)
  object space 68608K, 50% used [0x0000000080000000,0x00000000822231e8,0x0000000084300000)
 Metaspace       used 43453K, committed 44672K, reserved 1114112K
  class space    used 4570K, committed 5120K, reserved 1048576K
}
Event: 7.547 GC heap after
{Heap after GC invocations=27 (full 2):
 PSYoungGen      total 20480K, used 1984K [0x00000000d5580000, 0x00000000d6b80000, 0x0000000100000000)
  eden space 18432K, 0% used [0x00000000d5580000,0x00000000d5580000,0x00000000d6780000)
  from space 2048K, 96% used [0x00000000d6780000,0x00000000d6970010,0x00000000d6980000)
  to   space 2048K, 0% used [0x00000000d6980000,0x00000000d6980000,0x00000000d6b80000)
 ParOldGen       total 68608K, used 36668K [0x0000000080000000, 0x0000000084300000, 0x00000000d5580000)
  object space 68608K, 53% used [0x0000000080000000,0x00000000823cf1e8,0x0000000084300000)
 Metaspace       used 43453K, committed 44672K, reserved 1114112K
  class space    used 4570K, committed 5120K, reserved 1048576K
}
Event: 7.597 GC heap before
{Heap before GC invocations=28 (full 2):
 PSYoungGen      total 20480K, used 20416K [0x00000000d5580000, 0x00000000d6b80000, 0x0000000100000000)
  eden space 18432K, 100% used [0x00000000d5580000,0x00000000d6780000,0x00000000d6780000)
  from space 2048K, 96% used [0x00000000d6780000,0x00000000d6970010,0x00000000d6980000)
  to   space 2048K, 0% used [0x00000000d6980000,0x00000000d6980000,0x00000000d6b80000)
 ParOldGen       total 68608K, used 36668K [0x0000000080000000, 0x0000000084300000, 0x00000000d5580000)
  object space 68608K, 53% used [0x0000000080000000,0x00000000823cf1e8,0x0000000084300000)
 Metaspace       used 43796K, committed 45056K, reserved 1114112K
  class space    used 4607K, committed 5184K, reserved 1048576K
}
Event: 7.600 GC heap after
{Heap after GC invocations=28 (full 2):
 PSYoungGen      total 20480K, used 1888K [0x00000000d5580000, 0x00000000d6b80000, 0x0000000100000000)
  eden space 18432K, 0% used [0x00000000d5580000,0x00000000d5580000,0x00000000d6780000)
  from space 2048K, 92% used [0x00000000d6980000,0x00000000d6b58000,0x00000000d6b80000)
  to   space 2048K, 0% used [0x00000000d6780000,0x00000000d6780000,0x00000000d6980000)
 ParOldGen       total 68608K, used 38452K [0x0000000080000000, 0x0000000084300000, 0x00000000d5580000)
  object space 68608K, 56% used [0x0000000080000000,0x000000008258d1f8,0x0000000084300000)
 Metaspace       used 43796K, committed 45056K, reserved 1114112K
  class space    used 4607K, committed 5184K, reserved 1048576K
}
Event: 7.807 GC heap before
{Heap before GC invocations=29 (full 2):
 PSYoungGen      total 20480K, used 20314K [0x00000000d5580000, 0x00000000d6b80000, 0x0000000100000000)
  eden space 18432K, 99% used [0x00000000d5580000,0x00000000d677ea30,0x00000000d6780000)
  from space 2048K, 92% used [0x00000000d6980000,0x00000000d6b58000,0x00000000d6b80000)
  to   space 2048K, 0% used [0x00000000d6780000,0x00000000d6780000,0x00000000d6980000)
 ParOldGen       total 68608K, used 38452K [0x0000000080000000, 0x0000000084300000, 0x00000000d5580000)
  object space 68608K, 56% used [0x0000000080000000,0x000000008258d1f8,0x0000000084300000)
 Metaspace       used 44748K, committed 46016K, reserved 1114112K
  class space    used 4716K, committed 5248K, reserved 1048576K
}
Event: 7.810 GC heap after
{Heap after GC invocations=29 (full 2):
 PSYoungGen      total 20480K, used 1805K [0x00000000d5580000, 0x00000000d6b80000, 0x0000000100000000)
  eden space 18432K, 0% used [0x00000000d5580000,0x00000000d5580000,0x00000000d6780000)
  from space 2048K, 88% used [0x00000000d6780000,0x00000000d6943510,0x00000000d6980000)
  to   space 2048K, 0% used [0x00000000d6980000,0x00000000d6980000,0x00000000d6b80000)
 ParOldGen       total 68608K, used 40089K [0x0000000080000000, 0x0000000084300000, 0x00000000d5580000)
  object space 68608K, 58% used [0x0000000080000000,0x0000000082726750,0x0000000084300000)
 Metaspace       used 44748K, committed 46016K, reserved 1114112K
  class space    used 4716K, committed 5248K, reserved 1048576K
}
Event: 8.136 GC heap before
{Heap before GC invocations=30 (full 2):
 PSYoungGen      total 20480K, used 20237K [0x00000000d5580000, 0x00000000d6b80000, 0x0000000100000000)
  eden space 18432K, 100% used [0x00000000d5580000,0x00000000d6780000,0x00000000d6780000)
  from space 2048K, 88% used [0x00000000d6780000,0x00000000d6943510,0x00000000d6980000)
  to   space 2048K, 0% used [0x00000000d6980000,0x00000000d6980000,0x00000000d6b80000)
 ParOldGen       total 68608K, used 40089K [0x0000000080000000, 0x0000000084300000, 0x00000000d5580000)
  object space 68608K, 58% used [0x0000000080000000,0x0000000082726750,0x0000000084300000)
 Metaspace       used 46293K, committed 47552K, reserved 1114112K
  class space    used 4921K, committed 5504K, reserved 1048576K
}
Event: 8.138 GC heap after
{Heap after GC invocations=30 (full 2):
 PSYoungGen      total 20480K, used 1965K [0x00000000d5580000, 0x00000000d6b80000, 0x0000000100000000)
  eden space 18432K, 0% used [0x00000000d5580000,0x00000000d5580000,0x00000000d6780000)
  from space 2048K, 95% used [0x00000000d6980000,0x00000000d6b6b510,0x00000000d6b80000)
  to   space 2048K, 0% used [0x00000000d6780000,0x00000000d6780000,0x00000000d6980000)
 ParOldGen       total 68608K, used 40969K [0x0000000080000000, 0x0000000084300000, 0x00000000d5580000)
  object space 68608K, 59% used [0x0000000080000000,0x0000000082802450,0x0000000084300000)
 Metaspace       used 46293K, committed 47552K, reserved 1114112K
  class space    used 4921K, committed 5504K, reserved 1048576K
}
Event: 8.515 GC heap before
{Heap before GC invocations=31 (full 2):
 PSYoungGen      total 20480K, used 20389K [0x00000000d5580000, 0x00000000d6b80000, 0x0000000100000000)
  eden space 18432K, 99% used [0x00000000d5580000,0x00000000d677e268,0x00000000d6780000)
  from space 2048K, 95% used [0x00000000d6980000,0x00000000d6b6b510,0x00000000d6b80000)
  to   space 2048K, 0% used [0x00000000d6780000,0x00000000d6780000,0x00000000d6980000)
 ParOldGen       total 68608K, used 40969K [0x0000000080000000, 0x0000000084300000, 0x00000000d5580000)
  object space 68608K, 59% used [0x0000000080000000,0x0000000082802450,0x0000000084300000)
 Metaspace       used 47771K, committed 48960K, reserved 1114112K
  class space    used 5102K, committed 5632K, reserved 1048576K
}
Event: 8.518 GC heap after
{Heap after GC invocations=31 (full 2):
 PSYoungGen      total 19456K, used 928K [0x00000000d5580000, 0x00000000d6a80000, 0x0000000100000000)
  eden space 18432K, 0% used [0x00000000d5580000,0x00000000d5580000,0x00000000d6780000)
  from space 1024K, 90% used [0x00000000d6780000,0x00000000d6868000,0x00000000d6880000)
  to   space 1536K, 0% used [0x00000000d6900000,0x00000000d6900000,0x00000000d6a80000)
 ParOldGen       total 68608K, used 42706K [0x0000000080000000, 0x0000000084300000, 0x00000000d5580000)
  object space 68608K, 62% used [0x0000000080000000,0x00000000829b4970,0x0000000084300000)
 Metaspace       used 47771K, committed 48960K, reserved 1114112K
  class space    used 5102K, committed 5632K, reserved 1048576K
}
Event: 9.519 GC heap before
{Heap before GC invocations=32 (full 2):
 PSYoungGen      total 19456K, used 19360K [0x00000000d5580000, 0x00000000d6a80000, 0x0000000100000000)
  eden space 18432K, 100% used [0x00000000d5580000,0x00000000d6780000,0x00000000d6780000)
  from space 1024K, 90% used [0x00000000d6780000,0x00000000d6868000,0x00000000d6880000)
  to   space 1536K, 0% used [0x00000000d6900000,0x00000000d6900000,0x00000000d6a80000)
 ParOldGen       total 68608K, used 42706K [0x0000000080000000, 0x0000000084300000, 0x00000000d5580000)
  object space 68608K, 62% used [0x0000000080000000,0x00000000829b4970,0x0000000084300000)
 Metaspace       used 48339K, committed 49600K, reserved 1114112K
  class space    used 5144K, committed 5696K, reserved 1048576K
}
Event: 9.520 GC heap after
{Heap after GC invocations=32 (full 2):
 PSYoungGen      total 18944K, used 1536K [0x00000000d5580000, 0x00000000d6c80000, 0x0000000100000000)
  eden space 17408K, 0% used [0x00000000d5580000,0x00000000d5580000,0x00000000d6680000)
  from space 1536K, 100% used [0x00000000d6900000,0x00000000d6a80000,0x00000000d6a80000)
  to   space 2560K, 0% used [0x00000000d6680000,0x00000000d6680000,0x00000000d6900000)
 ParOldGen       total 68608K, used 43483K [0x0000000080000000, 0x0000000084300000, 0x00000000d5580000)
  object space 68608K, 63% used [0x0000000080000000,0x0000000082a76eb8,0x0000000084300000)
 Metaspace       used 48339K, committed 49600K, reserved 1114112K
  class space    used 5144K, committed 5696K, reserved 1048576K
}
Event: 9.889 GC heap before
{Heap before GC invocations=33 (full 2):
 PSYoungGen      total 18944K, used 18944K [0x00000000d5580000, 0x00000000d6c80000, 0x0000000100000000)
  eden space 17408K, 100% used [0x00000000d5580000,0x00000000d6680000,0x00000000d6680000)
  from space 1536K, 100% used [0x00000000d6900000,0x00000000d6a80000,0x00000000d6a80000)
  to   space 2560K, 0% used [0x00000000d6680000,0x00000000d6680000,0x00000000d6900000)
 ParOldGen       total 68608K, used 43483K [0x0000000080000000, 0x0000000084300000, 0x00000000d5580000)
  object space 68608K, 63% used [0x0000000080000000,0x0000000082a76eb8,0x0000000084300000)
 Metaspace       used 48381K, committed 49600K, reserved 1114112K
  class space    used 5148K, committed 5696K, reserved 1048576K
}
Event: 9.898 GC heap after
{Heap after GC invocations=33 (full 2):
 PSYoungGen      total 19968K, used 2537K [0x00000000d5580000, 0x00000000d8480000, 0x0000000100000000)
  eden space 17408K, 0% used [0x00000000d5580000,0x00000000d5580000,0x00000000d6680000)
  from space 2560K, 99% used [0x00000000d6680000,0x00000000d68fa7a0,0x00000000d6900000)
  to   space 15360K, 0% used [0x00000000d7580000,0x00000000d7580000,0x00000000d8480000)
 ParOldGen       total 68608K, used 54294K [0x0000000080000000, 0x0000000084300000, 0x00000000d5580000)
  object space 68608K, 79% used [0x0000000080000000,0x0000000083505ba8,0x0000000084300000)
 Metaspace       used 48381K, committed 49600K, reserved 1114112K
  class space    used 5148K, committed 5696K, reserved 1048576K
}

Dll operation events (12 events):
Event: 0.015 Loaded shared library c:\Users\jibri\.antigravity\extensions\redhat.java-1.53.0-win32-x64\jre\21.0.10-win32-x86_64\bin\java.dll
Event: 0.068 Loaded shared library c:\Users\jibri\.antigravity\extensions\redhat.java-1.53.0-win32-x64\jre\21.0.10-win32-x86_64\bin\zip.dll
Event: 0.084 Loaded shared library C:\Users\jibri\.antigravity\extensions\redhat.java-1.53.0-win32-x64\jre\21.0.10-win32-x86_64\bin\instrument.dll
Event: 0.089 Loaded shared library C:\Users\jibri\.antigravity\extensions\redhat.java-1.53.0-win32-x64\jre\21.0.10-win32-x86_64\bin\net.dll
Event: 0.092 Loaded shared library C:\Users\jibri\.antigravity\extensions\redhat.java-1.53.0-win32-x64\jre\21.0.10-win32-x86_64\bin\nio.dll
Event: 0.097 Loaded shared library C:\Users\jibri\.antigravity\extensions\redhat.java-1.53.0-win32-x64\jre\21.0.10-win32-x86_64\bin\zip.dll
Event: 0.112 Loaded shared library C:\Users\jibri\.antigravity\extensions\redhat.java-1.53.0-win32-x64\jre\21.0.10-win32-x86_64\bin\jimage.dll
Event: 0.194 Loaded shared library c:\Users\jibri\.antigravity\extensions\redhat.java-1.53.0-win32-x64\jre\21.0.10-win32-x86_64\bin\verify.dll
Event: 1.315 Loaded shared library C:\Users\jibri\AppData\Roaming\Antigravity\User\globalStorage\redhat.java\1.53.0\config_win\org.eclipse.equinox.launcher\org.eclipse.equinox.launcher.win32.win32.x86_64_1.3.0.v20260203-2149\eclipse_11919.dll
Event: 3.910 Loaded shared library C:\Users\jibri\AppData\Local\Temp\jna-101119098\jna8421744712035677772.dll
Event: 6.119 Loaded shared library C:\Users\jibri\.antigravity\extensions\redhat.java-1.53.0-win32-x64\jre\21.0.10-win32-x86_64\bin\management.dll
Event: 6.130 Loaded shared library C:\Users\jibri\.antigravity\extensions\redhat.java-1.53.0-win32-x64\jre\21.0.10-win32-x86_64\bin\management_ext.dll

Deoptimization events (20 events):
Event: 9.169 Thread 0x000002401afac3e0 DEOPT PACKING pc=0x0000023fbe5823fb sp=0x0000004bdeefe8c0
Event: 9.169 Thread 0x000002401afac3e0 DEOPT UNPACKING pc=0x0000023fc57b4242 sp=0x0000004bdeefddf8 mode 0
Event: 9.797 Thread 0x000002401d253070 Uncommon trap: trap_request=0xffffff45 fr.pc=0x0000023fc6227818 relative=0x0000000000000498
Event: 9.797 Thread 0x000002401d253070 Uncommon trap: reason=unstable_if action=reinterpret pc=0x0000023fc6227818 method=org.eclipse.jdt.internal.core.index.DiskIndex.readStreamChars(Ljava/io/InputStream;)[C @ 169 c2
Event: 9.797 Thread 0x000002401d253070 DEOPT PACKING pc=0x0000023fc6227818 sp=0x0000004be0efe660
Event: 9.797 Thread 0x000002401d253070 DEOPT UNPACKING pc=0x0000023fc57b3aa2 sp=0x0000004be0efe5f8 mode 2
Event: 9.840 Thread 0x000002401d255140 Uncommon trap: trap_request=0xffffff45 fr.pc=0x0000023fc62301d0 relative=0x0000000000000b10
Event: 9.840 Thread 0x000002401d255140 Uncommon trap: reason=unstable_if action=reinterpret pc=0x0000023fc62301d0 method=org.eclipse.jdt.internal.core.index.DiskIndex.readStreamChars(Ljava/io/InputStream;)[C @ 199 c2
Event: 9.840 Thread 0x000002401d255140 DEOPT PACKING pc=0x0000023fc62301d0 sp=0x0000004be0dfed10
Event: 9.840 Thread 0x000002401d255140 DEOPT UNPACKING pc=0x0000023fc57b3aa2 sp=0x0000004be0dfec98 mode 2
Event: 9.905 Thread 0x000002401d253700 DEOPT PACKING pc=0x0000023fbf3225f6 sp=0x0000004be10fe700
Event: 9.905 Thread 0x000002401d253700 DEOPT UNPACKING pc=0x0000023fc57b4242 sp=0x0000004be10fdca0 mode 0
Event: 9.906 Thread 0x000002401d2564f0 DEOPT PACKING pc=0x0000023fbf3225f6 sp=0x0000004be13fe7f0
Event: 9.906 Thread 0x000002401d2564f0 DEOPT UNPACKING pc=0x0000023fc57b4242 sp=0x0000004be13fdd90 mode 0
Event: 9.955 Thread 0x000002401d2592e0 DEOPT PACKING pc=0x0000023fbf3225f6 sp=0x0000004be1afecf0
Event: 9.955 Thread 0x000002401d2592e0 DEOPT UNPACKING pc=0x0000023fc57b4242 sp=0x0000004be1afe290 mode 0
Event: 9.996 Thread 0x000002401bce3680 Uncommon trap: trap_request=0xffffff45 fr.pc=0x0000023fc616ee94 relative=0x0000000000000154
Event: 9.996 Thread 0x000002401bce3680 Uncommon trap: reason=unstable_if action=reinterpret pc=0x0000023fc616ee94 method=java.util.ArrayList.equals(Ljava/lang/Object;)Z @ 27 c2
Event: 9.996 Thread 0x000002401bce3680 DEOPT PACKING pc=0x0000023fc616ee94 sp=0x0000004be0cfe590
Event: 9.996 Thread 0x000002401bce3680 DEOPT UNPACKING pc=0x0000023fc57b3aa2 sp=0x0000004be0cfe528 mode 2

Classes loaded (20 events):
Event: 8.204 Loading class java/lang/ProcessEnvironment$CheckedKeySet
Event: 8.204 Loading class java/lang/ProcessEnvironment$CheckedKeySet done
Event: 8.376 Loading class java/util/regex/Pattern$Pos
Event: 8.376 Loading class java/util/regex/Pattern$Pos done
Event: 8.407 Loading class sun/security/provider/MD5
Event: 8.407 Loading class sun/security/provider/MD5 done
Event: 8.407 Loading class sun/security/provider/ByteArrayAccess$LE
Event: 8.407 Loading class sun/security/provider/ByteArrayAccess$LE done
Event: 8.422 Loading class java/io/DataOutputStream
Event: 8.422 Loading class java/io/DataOutputStream done
Event: 8.973 Loading class sun/nio/cs/ThreadLocalCoders
Event: 8.974 Loading class sun/nio/cs/ThreadLocalCoders done
Event: 8.974 Loading class sun/nio/cs/ThreadLocalCoders$1
Event: 8.974 Loading class sun/nio/cs/ThreadLocalCoders$Cache
Event: 8.974 Loading class sun/nio/cs/ThreadLocalCoders$Cache done
Event: 8.974 Loading class sun/nio/cs/ThreadLocalCoders$1 done
Event: 8.974 Loading class sun/nio/cs/ThreadLocalCoders$2
Event: 8.974 Loading class sun/nio/cs/ThreadLocalCoders$2 done
Event: 9.791 Loading class java/util/concurrent/ForkJoinTask$AdaptedCallable
Event: 9.793 Loading class java/util/concurrent/ForkJoinTask$AdaptedCallable done

Classes unloaded (7 events):
Event: 4.900 Thread 0x0000023fbb0a4080 Unloading class 0x0000023fd31ab400 'java/lang/invoke/LambdaForm$MH+0x0000023fd31ab400'
Event: 4.900 Thread 0x0000023fbb0a4080 Unloading class 0x0000023fd31ab000 'java/lang/invoke/LambdaForm$MH+0x0000023fd31ab000'
Event: 4.900 Thread 0x0000023fbb0a4080 Unloading class 0x0000023fd31aac00 'java/lang/invoke/LambdaForm$MH+0x0000023fd31aac00'
Event: 4.900 Thread 0x0000023fbb0a4080 Unloading class 0x0000023fd31aa800 'java/lang/invoke/LambdaForm$MH+0x0000023fd31aa800'
Event: 4.900 Thread 0x0000023fbb0a4080 Unloading class 0x0000023fd31aa400 'java/lang/invoke/LambdaForm$BMH+0x0000023fd31aa400'
Event: 4.900 Thread 0x0000023fbb0a4080 Unloading class 0x0000023fd31aa000 'java/lang/invoke/LambdaForm$DMH+0x0000023fd31aa000'
Event: 4.900 Thread 0x0000023fbb0a4080 Unloading class 0x0000023fd31a8c00 'java/lang/invoke/LambdaForm$DMH+0x0000023fd31a8c00'

Classes redefined (0 events):
No events

Internal exceptions (20 events):
Event: 7.806 Thread 0x000002401afabd50 Exception <a 'sun/nio/fs/WindowsException'{0x00000000d6635f88}> (0x00000000d6635f88) 
thrown [s\src\hotspot\share\prims\jni.cpp, line 520]
Event: 7.811 Thread 0x000002401afabd50 Exception <a 'sun/nio/fs/WindowsException'{0x00000000d55892b8}> (0x00000000d55892b8) 
thrown [s\src\hotspot\share\prims\jni.cpp, line 520]
Event: 7.811 Thread 0x000002401afabd50 Exception <a 'sun/nio/fs/WindowsException'{0x00000000d5589b98}> (0x00000000d5589b98) 
thrown [s\src\hotspot\share\prims\jni.cpp, line 520]
Event: 7.812 Thread 0x000002401afabd50 Exception <a 'sun/nio/fs/WindowsException'{0x00000000d558aef8}> (0x00000000d558aef8) 
thrown [s\src\hotspot\share\prims\jni.cpp, line 520]
Event: 7.813 Thread 0x000002401afabd50 Exception <a 'sun/nio/fs/WindowsException'{0x00000000d558b7d8}> (0x00000000d558b7d8) 
thrown [s\src\hotspot\share\prims\jni.cpp, line 520]
Event: 7.815 Thread 0x000002401afabd50 Exception <a 'sun/nio/fs/WindowsException'{0x00000000d558f5e8}> (0x00000000d558f5e8) 
thrown [s\src\hotspot\share\prims\jni.cpp, line 520]
Event: 7.815 Thread 0x000002401afabd50 Exception <a 'sun/nio/fs/WindowsException'{0x00000000d558fec8}> (0x00000000d558fec8) 
thrown [s\src\hotspot\share\prims\jni.cpp, line 520]
Event: 7.816 Thread 0x000002401afabd50 Exception <a 'sun/nio/fs/WindowsException'{0x00000000d55912b8}> (0x00000000d55912b8) 
thrown [s\src\hotspot\share\prims\jni.cpp, line 520]
Event: 7.816 Thread 0x000002401afabd50 Exception <a 'sun/nio/fs/WindowsException'{0x00000000d5591b98}> (0x00000000d5591b98) 
thrown [s\src\hotspot\share\prims\jni.cpp, line 520]
Event: 7.830 Thread 0x000002401afabd50 Exception <a 'java/io/FileNotFoundException'{0x00000000d58f2350}> (0x00000000d58f2350) 
thrown [s\src\hotspot\share\prims\jni.cpp, line 520]
Event: 7.831 Thread 0x000002401afabd50 Exception <a 'java/io/FileNotFoundException'{0x00000000d58f3388}> (0x00000000d58f3388) 
thrown [s\src\hotspot\share\prims\jni.cpp, line 520]
Event: 7.831 Thread 0x000002401afabd50 Exception <a 'java/io/FileNotFoundException'{0x00000000d58f4100}> (0x00000000d58f4100) 
thrown [s\src\hotspot\share\prims\jni.cpp, line 520]
Event: 7.836 Thread 0x000002401afad790 Exception <a 'java/lang/ExceptionInInitializerError'{0x00000000d5a31dd8}> (0x00000000d5a31dd8) 
thrown [s\src\hotspot\share\oops\instanceKlass.cpp, line 1220]
Event: 7.855 Thread 0x000002401afad790 Implicit null exception at 0x0000023fc5ff1b7e to 0x0000023fc5ff1df0
Event: 7.855 Thread 0x000002401afad790 Implicit null exception at 0x0000023fc5f66c9c to 0x0000023fc5f67bb8
Event: 7.856 Thread 0x000002401afad790 Exception <a 'java/lang/NoSuchMethodError'{0x00000000d5b2fdb0}: 'java.lang.Object java.lang.invoke.Invokers$Holder.invokeExact_MT(java.lang.Object, int, java.lang.Object)'> (0x00000000d5b2fdb0) 
thrown [s\src\hotspot\share\interpreter\linkResolver.cpp, line 773]
Event: 8.188 Thread 0x000002401afad790 Exception <a 'java/lang/NoClassDefFoundError'{0x00000000d5891ec0}: com/google/inject/servlet/ServletModuleTargetVisitor> (0x00000000d5891ec0) 
thrown [s\src\hotspot\share\classfile\systemDictionary.cpp, line 301]
Event: 8.971 Thread 0x000002401afac3e0 Implicit null exception at 0x0000023fc60e106e to 0x0000023fc60e2014
Event: 9.789 Thread 0x000002401afac3e0 Exception <a 'java/io/FileNotFoundException'{0x00000000d58e7fc8}> (0x00000000d58e7fc8) 
thrown [s\src\hotspot\share\prims\jni.cpp, line 520]
Event: 9.789 Thread 0x000002401afac3e0 Exception <a 'java/io/FileNotFoundException'{0x00000000d58e8d28}> (0x00000000d58e8d28) 
thrown [s\src\hotspot\share\prims\jni.cpp, line 520]

ZGC Phase Switch (0 events):
No events

VM Operations (20 events):
Event: 7.807 Executing safepoint VM operation: ParallelGCFailedAllocation (Allocation Failure)
Event: 7.810 Executing safepoint VM operation: ParallelGCFailedAllocation (Allocation Failure) done
Event: 7.913 Executing non-safepoint VM operation: HandshakeAllThreads (Deoptimize)
Event: 7.913 Executing non-safepoint VM operation: HandshakeAllThreads (Deoptimize) done
Event: 8.136 Executing safepoint VM operation: ParallelGCFailedAllocation (Allocation Failure)
Event: 8.138 Executing safepoint VM operation: ParallelGCFailedAllocation (Allocation Failure) done
Event: 8.275 Executing non-safepoint VM operation: HandshakeAllThreads (Deoptimize)
Event: 8.275 Executing non-safepoint VM operation: HandshakeAllThreads (Deoptimize) done
Event: 8.440 Executing safepoint VM operation: ICBufferFull
Event: 8.440 Executing safepoint VM operation: ICBufferFull done
Event: 8.515 Executing safepoint VM operation: ParallelGCFailedAllocation (Allocation Failure)
Event: 8.518 Executing safepoint VM operation: ParallelGCFailedAllocation (Allocation Failure) done
Event: 9.519 Executing safepoint VM operation: ParallelGCFailedAllocation (Allocation Failure)
Event: 9.520 Executing safepoint VM operation: ParallelGCFailedAllocation (Allocation Failure) done
Event: 9.889 Executing safepoint VM operation: ParallelGCFailedAllocation (Allocation Failure)
Event: 9.898 Executing safepoint VM operation: ParallelGCFailedAllocation (Allocation Failure) done
Event: 9.959 Executing non-safepoint VM operation: HandshakeAllThreads (Deoptimize)
Event: 9.959 Executing non-safepoint VM operation: HandshakeAllThreads (Deoptimize) done
Event: 9.992 Executing safepoint VM operation: ICBufferFull
Event: 9.993 Executing safepoint VM operation: ICBufferFull done

Memory protections (0 events):
No events

Nmethod flushes (20 events):
Event: 6.499 Thread 0x0000023fbb0a4080 flushing  nmethod 0x0000023fbea4c590
Event: 6.499 Thread 0x0000023fbb0a4080 flushing  nmethod 0x0000023fbea53310
Event: 6.499 Thread 0x0000023fbb0a4080 flushing  nmethod 0x0000023fbea8b510
Event: 6.499 Thread 0x0000023fbb0a4080 flushing  nmethod 0x0000023fbea8b910
Event: 6.499 Thread 0x0000023fbb0a4080 flushing  nmethod 0x0000023fbea8c210
Event: 6.499 Thread 0x0000023fbb0a4080 flushing  nmethod 0x0000023fbea8d410
Event: 6.499 Thread 0x0000023fbb0a4080 flushing  nmethod 0x0000023fbea8e090
Event: 6.499 Thread 0x0000023fbb0a4080 flushing  nmethod 0x0000023fbea8fd90
Event: 6.499 Thread 0x0000023fbb0a4080 flushing  nmethod 0x0000023fbea90290
Event: 6.499 Thread 0x0000023fbb0a4080 flushing  nmethod 0x0000023fbea90790
Event: 6.499 Thread 0x0000023fbb0a4080 flushing  nmethod 0x0000023fbea90b90
Event: 6.499 Thread 0x0000023fbb0a4080 flushing  nmethod 0x0000023fbea91b90
Event: 6.499 Thread 0x0000023fbb0a4080 flushing  nmethod 0x0000023fbea93610
Event: 6.499 Thread 0x0000023fbb0a4080 flushing  nmethod 0x0000023fbea95f90
Event: 6.499 Thread 0x0000023fbb0a4080 flushing  nmethod 0x0000023fbeadca10
Event: 6.499 Thread 0x0000023fbb0a4080 flushing  nmethod 0x0000023fbeadd510
Event: 6.499 Thread 0x0000023fbb0a4080 flushing  nmethod 0x0000023fbeae3690
Event: 6.499 Thread 0x0000023fbb0a4080 flushing  nmethod 0x0000023fbeb05090
Event: 6.499 Thread 0x0000023fbb0a4080 flushing  nmethod 0x0000023fbeb52010
Event: 6.499 Thread 0x0000023fbb0a4080 flushing  nmethod 0x0000023fbeb75290

Events (20 events):
Event: 7.026 Thread 0x0000023fb8afae00 Thread added: 0x000002401bce3680
Event: 9.794 Thread 0x000002401afac3e0 Thread added: 0x000002401d255140
Event: 9.795 Thread 0x000002401afac3e0 Thread added: 0x000002401d253070
Event: 9.795 Thread 0x000002401d255140 Thread added: 0x000002401d255e60
Event: 9.795 Thread 0x000002401d253070 Thread added: 0x000002401d253700
Event: 9.795 Thread 0x000002401d255e60 Thread added: 0x000002401d254420
Event: 9.795 Thread 0x000002401d253700 Thread added: 0x000002401d2557d0
Event: 9.796 Thread 0x000002401d254420 Thread added: 0x000002401d2564f0
Event: 9.796 Thread 0x000002401d2557d0 Thread added: 0x000002401d256b80
Event: 9.796 Thread 0x000002401d2564f0 Thread added: 0x000002401d257210
Event: 9.796 Thread 0x000002401d256b80 Thread added: 0x000002401d253d90
Event: 9.796 Thread 0x000002401d257210 Thread added: 0x000002401d2578a0
Event: 9.797 Thread 0x000002401d253d90 Thread added: 0x000002401d257f30
Event: 9.797 Thread 0x000002401d2578a0 Thread added: 0x000002401d254ab0
Event: 9.797 Thread 0x000002401d257f30 Thread added: 0x000002401d2592e0
Event: 9.797 Thread 0x000002401d254ab0 Thread added: 0x000002401d259970
Event: 9.798 Thread 0x000002401d2592e0 Thread added: 0x000002401d2585c0
Event: 9.798 Thread 0x000002401d259970 Thread added: 0x000002401d258c50
Event: 9.798 Thread 0x000002401d2585c0 Thread added: 0x000002401d25a000
Event: 9.799 Thread 0x000002401d258c50 Thread added: 0x000002401d25a690


Dynamic libraries:
0x00007ff6f2d20000 - 0x00007ff6f2d2e000 	c:\Users\jibri\.antigravity\extensions\redhat.java-1.53.0-win32-x64\jre\21.0.10-win32-x86_64\bin\java.exe
0x00007ffa53900000 - 0x00007ffa53b67000 	C:\WINDOWS\SYSTEM32\ntdll.dll
0x00007ffa52f20000 - 0x00007ffa52fe9000 	C:\WINDOWS\System32\KERNEL32.DLL
0x00007ffa501e0000 - 0x00007ffa505d1000 	C:\WINDOWS\System32\KERNELBASE.dll
0x00007ffa51410000 - 0x00007ffa5155b000 	C:\WINDOWS\System32\ucrtbase.dll
0x00007ffa3a4f0000 - 0x00007ffa3a508000 	c:\Users\jibri\.antigravity\extensions\redhat.java-1.53.0-win32-x64\jre\21.0.10-win32-x86_64\bin\jli.dll
0x00007ffa26e90000 - 0x00007ffa26eae000 	c:\Users\jibri\.antigravity\extensions\redhat.java-1.53.0-win32-x64\jre\21.0.10-win32-x86_64\bin\VCRUNTIME140.dll
0x00007ffa52d50000 - 0x00007ffa52f15000 	C:\WINDOWS\System32\USER32.dll
0x00007ffa50880000 - 0x00007ffa508a7000 	C:\WINDOWS\System32\win32u.dll
0x00007ffa53530000 - 0x00007ffa5355b000 	C:\WINDOWS\System32\GDI32.dll
0x00007ffa505e0000 - 0x00007ffa5070b000 	C:\WINDOWS\System32\gdi32full.dll
0x00007ffa341d0000 - 0x00007ffa34463000 	C:\WINDOWS\WinSxS\amd64_microsoft.windows.common-controls_6595b64144ccf1df_6.0.26100.8037_none_3e092faae333b53b\COMCTL32.dll
0x00007ffa51560000 - 0x00007ffa51603000 	C:\WINDOWS\System32\msvcp_win.dll
0x00007ffa52ff0000 - 0x00007ffa53099000 	C:\WINDOWS\System32\msvcrt.dll
0x00007ffa51ce0000 - 0x00007ffa51d11000 	C:\WINDOWS\System32\IMM32.DLL
0x00007ffa3a670000 - 0x00007ffa3a67c000 	c:\Users\jibri\.antigravity\extensions\redhat.java-1.53.0-win32-x64\jre\21.0.10-win32-x86_64\bin\vcruntime140_1.dll
0x00007ff9dd8b0000 - 0x00007ff9dd93d000 	c:\Users\jibri\.antigravity\extensions\redhat.java-1.53.0-win32-x64\jre\21.0.10-win32-x86_64\bin\msvcp140.dll
0x00007ff97b270000 - 0x00007ff97c011000 	c:\Users\jibri\.antigravity\extensions\redhat.java-1.53.0-win32-x64\jre\21.0.10-win32-x86_64\bin\server\jvm.dll
0x00007ffa525a0000 - 0x00007ffa5265b000 	C:\WINDOWS\System32\ADVAPI32.dll
0x00007ffa52660000 - 0x00007ffa52707000 	C:\WINDOWS\System32\sechost.dll
0x00007ffa530a0000 - 0x00007ffa531b8000 	C:\WINDOWS\System32\RPCRT4.dll
0x00007ffa53320000 - 0x00007ffa53394000 	C:\WINDOWS\System32\WS2_32.dll
0x00007ffa4edb0000 - 0x00007ffa4ee0e000 	C:\WINDOWS\SYSTEM32\POWRPROF.dll
0x00007ffa45110000 - 0x00007ffa45145000 	C:\WINDOWS\SYSTEM32\WINMM.dll
0x00007ffa46c40000 - 0x00007ffa46c4b000 	C:\WINDOWS\SYSTEM32\VERSION.dll
0x00007ffa4ed90000 - 0x00007ffa4eda4000 	C:\WINDOWS\SYSTEM32\UMPDC.dll
0x00007ffa4efc0000 - 0x00007ffa4efdb000 	C:\WINDOWS\SYSTEM32\kernel.appcore.dll
0x00007ffa2b0a0000 - 0x00007ffa2b0aa000 	c:\Users\jibri\.antigravity\extensions\redhat.java-1.53.0-win32-x64\jre\21.0.10-win32-x86_64\bin\jimage.dll
0x00007ffa4ded0000 - 0x00007ffa4e112000 	C:\WINDOWS\SYSTEM32\DBGHELP.DLL
0x00007ffa52810000 - 0x00007ffa52b92000 	C:\WINDOWS\System32\combase.dll
0x00007ffa52bb0000 - 0x00007ffa52c87000 	C:\WINDOWS\System32\OLEAUT32.dll
0x00007ffa26b70000 - 0x00007ffa26bab000 	C:\WINDOWS\SYSTEM32\dbgcore.DLL
0x00007ffa50710000 - 0x00007ffa507b5000 	C:\WINDOWS\System32\bcryptPrimitives.dll
0x00007ffa28000000 - 0x00007ffa2800f000 	c:\Users\jibri\.antigravity\extensions\redhat.java-1.53.0-win32-x64\jre\21.0.10-win32-x86_64\bin\instrument.dll
0x00007ffa26cf0000 - 0x00007ffa26d10000 	c:\Users\jibri\.antigravity\extensions\redhat.java-1.53.0-win32-x64\jre\21.0.10-win32-x86_64\bin\java.dll
0x00007ffa51e10000 - 0x00007ffa5256f000 	C:\WINDOWS\System32\SHELL32.dll
0x00007ffa512a0000 - 0x00007ffa5140a000 	C:\WINDOWS\System32\wintypes.dll
0x00007ffa50a30000 - 0x00007ffa51294000 	C:\WINDOWS\System32\windows.storage.dll
0x00007ffa52710000 - 0x00007ffa52807000 	C:\WINDOWS\System32\SHCORE.dll
0x00007ffa51d50000 - 0x00007ffa51db7000 	C:\WINDOWS\System32\shlwapi.dll
0x00007ffa50100000 - 0x00007ffa50129000 	C:\WINDOWS\SYSTEM32\profapi.dll
0x00007ffa16670000 - 0x00007ffa16688000 	c:\Users\jibri\.antigravity\extensions\redhat.java-1.53.0-win32-x64\jre\21.0.10-win32-x86_64\bin\zip.dll
0x00007ffa18ca0000 - 0x00007ffa18cb0000 	C:\Users\jibri\.antigravity\extensions\redhat.java-1.53.0-win32-x64\jre\21.0.10-win32-x86_64\bin\net.dll
0x00007ffa472a0000 - 0x00007ffa473c7000 	C:\WINDOWS\SYSTEM32\WINHTTP.dll
0x00007ffa4f600000 - 0x00007ffa4f66b000 	C:\WINDOWS\system32\mswsock.dll
0x00007ffa16420000 - 0x00007ffa16436000 	C:\Users\jibri\.antigravity\extensions\redhat.java-1.53.0-win32-x64\jre\21.0.10-win32-x86_64\bin\nio.dll
0x00007ffa27c20000 - 0x00007ffa27c30000 	c:\Users\jibri\.antigravity\extensions\redhat.java-1.53.0-win32-x64\jre\21.0.10-win32-x86_64\bin\verify.dll
0x00007ffa14f90000 - 0x00007ffa14fd5000 	C:\Users\jibri\AppData\Roaming\Antigravity\User\globalStorage\redhat.java\1.53.0\config_win\org.eclipse.equinox.launcher\org.eclipse.equinox.launcher.win32.win32.x86_64_1.3.0.v20260203-2149\eclipse_11919.dll
0x00007ffa516a0000 - 0x00007ffa51835000 	C:\WINDOWS\System32\ole32.dll
0x00007ffa4f8e0000 - 0x00007ffa4f8fb000 	C:\WINDOWS\SYSTEM32\CRYPTSP.dll
0x00007ffa4eff0000 - 0x00007ffa4f029000 	C:\WINDOWS\system32\rsaenh.dll
0x00007ffa4f6b0000 - 0x00007ffa4f6e2000 	C:\WINDOWS\SYSTEM32\USERENV.dll
0x00007ffa500d0000 - 0x00007ffa500fa000 	C:\WINDOWS\SYSTEM32\bcrypt.dll
0x00007ffa4f900000 - 0x00007ffa4f90c000 	C:\WINDOWS\SYSTEM32\CRYPTBASE.dll
0x00007ffa4ea10000 - 0x00007ffa4ea43000 	C:\WINDOWS\SYSTEM32\IPHLPAPI.DLL
0x00007ffa52ba0000 - 0x00007ffa52baa000 	C:\WINDOWS\System32\NSI.dll
0x00007ffa15130000 - 0x00007ffa15179000 	C:\Users\jibri\AppData\Local\Temp\jna-101119098\jna8421744712035677772.dll
0x00007ffa538b0000 - 0x00007ffa538b8000 	C:\WINDOWS\System32\PSAPI.DLL
0x00007ffa13420000 - 0x00007ffa1342a000 	C:\Users\jibri\.antigravity\extensions\redhat.java-1.53.0-win32-x64\jre\21.0.10-win32-x86_64\bin\management.dll
0x00007ffa13410000 - 0x00007ffa1341c000 	C:\Users\jibri\.antigravity\extensions\redhat.java-1.53.0-win32-x64\jre\21.0.10-win32-x86_64\bin\management_ext.dll
0x00007ffa47110000 - 0x00007ffa4712d000 	C:\WINDOWS\SYSTEM32\dhcpcsvc6.DLL
0x00007ffa470e0000 - 0x00007ffa47103000 	C:\WINDOWS\SYSTEM32\dhcpcsvc.DLL

JVMTI agents:
c:\Users\jibri\.antigravity\extensions\redhat.java-1.53.0-win32-x64\lombok\lombok-1.18.39-4050.jar path:c:\Users\jibri\.antigravity\extensions\redhat.java-1.53.0-win32-x64\jre\21.0.10-win32-x86_64\bin\instrument.dll, loaded, initialized, instrumentlib options:none

dbghelp: loaded successfully - version: 4.0.5 - missing functions: none
symbol engine: initialized successfully - sym options: 0x614 - pdb path: .;c:\Users\jibri\.antigravity\extensions\redhat.java-1.53.0-win32-x64\jre\21.0.10-win32-x86_64\bin;C:\WINDOWS\SYSTEM32;C:\WINDOWS\WinSxS\amd64_microsoft.windows.common-controls_6595b64144ccf1df_6.0.26100.8037_none_3e092faae333b53b;c:\Users\jibri\.antigravity\extensions\redhat.java-1.53.0-win32-x64\jre\21.0.10-win32-x86_64\bin\server;C:\Users\jibri\AppData\Roaming\Antigravity\User\globalStorage\redhat.java\1.53.0\config_win\org.eclipse.equinox.launcher\org.eclipse.equinox.launcher.win32.win32.x86_64_1.3.0.v20260203-2149;C:\Users\jibri\AppData\Local\Temp\jna-101119098

VM Arguments:
jvm_args: --add-modules=ALL-SYSTEM --add-opens=java.base/java.util=ALL-UNNAMED --add-opens=java.base/java.lang=ALL-UNNAMED --add-opens=java.base/sun.nio.fs=ALL-UNNAMED -Declipse.application=org.eclipse.jdt.ls.core.id1 -Dosgi.bundles.defaultStartLevel=4 -Declipse.product=org.eclipse.jdt.ls.core.product -Djava.import.generatesMetadataFilesAtProjectRoot=false -DDetectVMInstallationsJob.disabled=true -Dfile.encoding=utf8 -XX:+UseParallelGC -XX:GCTimeRatio=4 -XX:AdaptiveSizePolicyWeight=90 -Dsun.zip.disableMemoryMapping=true -Xmx2G -Xms100m -Xlog:disable -javaagent:c:\Users\jibri\.antigravity\extensions\redhat.java-1.53.0-win32-x64\lombok\lombok-1.18.39-4050.jar -XX:+HeapDumpOnOutOfMemoryError -XX:HeapDumpPath=c:\Users\jibri\AppData\Roaming\Antigravity\User\workspaceStorage\8b75b7c593fc459511d45e689933c160\redhat.java -Daether.dependencyCollector.impl=bf 
java_command: c:\Users\jibri\.antigravity\extensions\redhat.java-1.53.0-win32-x64\server\plugins\org.eclipse.equinox.launcher_1.7.100.v20251111-0406.jar -configuration c:\Users\jibri\AppData\Roaming\Antigravity\User\globalStorage\redhat.java\1.53.0\config_win -data c:\Users\jibri\AppData\Roaming\Antigravity\User\workspaceStorage\8b75b7c593fc459511d45e689933c160\redhat.java\jdt_ws --pipe=\\.\pipe\lsp-913f99f551364f88efd383b7a980f254-sock
java_class_path (initial): c:\Users\jibri\.antigravity\extensions\redhat.java-1.53.0-win32-x64\server\plugins\org.eclipse.equinox.launcher_1.7.100.v20251111-0406.jar
Launcher Type: SUN_STANDARD

[Global flags]
    uintx AdaptiveSizePolicyWeight                 = 90                                        {product} {command line}
     intx CICompilerCount                          = 12                                        {product} {ergonomic}
    uintx GCTimeRatio                              = 4                                         {product} {command line}
     bool HeapDumpOnOutOfMemoryError               = true                                   {manageable} {command line}
    ccstr HeapDumpPath                             = c:\Users\jibri\AppData\Roaming\Antigravity\User\workspaceStorage\8b75b7c593fc459511d45e689933c160\redhat.java         {manageable} {command line}
   size_t InitialHeapSize                          = 104857600                                 {product} {command line}
   size_t MaxHeapSize                              = 2147483648                                {product} {command line}
   size_t MaxNewSize                               = 715653120                                 {product} {ergonomic}
   size_t MinHeapDeltaBytes                        = 524288                                    {product} {ergonomic}
   size_t MinHeapSize                              = 104857600                                 {product} {command line}
   size_t NewSize                                  = 34603008                                  {product} {ergonomic}
    uintx NonNMethodCodeHeapSize                   = 7602480                                {pd product} {ergonomic}
    uintx NonProfiledCodeHeapSize                  = 122027880                              {pd product} {ergonomic}
   size_t OldSize                                  = 70254592                                  {product} {ergonomic}
    uintx ProfiledCodeHeapSize                     = 122027880                              {pd product} {ergonomic}
    uintx ReservedCodeCacheSize                    = 251658240                              {pd product} {ergonomic}
     bool SegmentedCodeCache                       = true                                      {product} {ergonomic}
   size_t SoftMaxHeapSize                          = 2147483648                             {manageable} {ergonomic}
     bool UseCompressedOops                        = true                           {product lp64_product} {ergonomic}
     bool UseLargePagesIndividualAllocation        = false                                  {pd product} {ergonomic}
     bool UseParallelGC                            = true                                      {product} {command line}

Logging:
Log output configuration:
 #0: stdout all=off uptime,level,tags foldmultilines=false
 #1: stderr all=off uptime,level,tags foldmultilines=false

Release file:
JAVA_VERSION="21.0.10" 
MODULES="java.base java.compiler java.datatransfer java.xml java.prefs java.desktop java.instrument java.logging java.management java.security.sasl java.naming java.rmi java.management.rmi java.net.http java.scripting java.security.jgss java.transaction.xa java.sql java.sql.rowset java.xml.crypto java.se java.smartcardio jdk.accessibility jdk.internal.jvmstat jdk.attach jdk.charsets jdk.internal.opt jdk.zipfs jdk.compiler jdk.crypto.ec jdk.crypto.cryptoki jdk.crypto.mscapi jdk.dynalink jdk.internal.ed jdk.editpad jdk.hotspot.agent jdk.httpserver jdk.internal.le jdk.internal.vm.ci jdk.internal.vm.compiler jdk.internal.vm.compiler.management jdk.jartool jdk.javadoc jdk.jcmd jdk.management jdk.management.agent jdk.jconsole jdk.jdeps jdk.jdwp.agent jdk.jdi jdk.jfr jdk.jshell jdk.jsobject jdk.jstatd jdk.localedata jdk.management.jfr jdk.naming.dns jdk.naming.rmi jdk.net jdk.nio.mapmode jdk.random jdk.sctp jdk.security.auth jdk.security.jgss jdk.unsupported jdk.unsupported.desktop jdk.xml.dom" 

Environment Variables:
JAVA_HOME=C:\Program Files\Java\jdk-17
PATH=C:\Program Files\Microsoft\jdk-17.0.16.8-hotspot\bin;C:\ProgramData\Oracle\Java\javapath;C:\Program Files\NVIDIA GPU Computing Toolkit\CUDA\v12.8\bin;C:\Program Files\NVIDIA GPU Computing Toolkit\CUDA\v12.8\libnvvp;C:\Program Files\Common Files\Oracle\Java\javapath;C:\PHP\phpoldversion\;C:\Windows\system32;C:\Windows;C:\Windows\System32\Wbem;C:\Windows\System32\WindowsPowerShell\v1.0\;C:\Windows\System32\OpenSSH\;C:\Program Files (x86)\NVIDIA Corporation\PhysX\Common;C:\Program Files\Microsoft SQL Server\150\Tools\Binn\;C:\Program Files\Microsoft SQL Server\Client SDK\ODBC\170\Tools\Binn\;C:\ProgramData\ComposerSetup\bin;C:\Users\jibri\.config\herd\bin\nvm;C:\Program Files\nodejs;C:\Program Files\Java\jdk-17\bin;C:\xampp\php;C:\WINDOWS\system32;C:\WINDOWS;C:\WINDOWS\System32\Wbem;C:\WINDOWS\System32\WindowsPowerShell\v1.0\;C:\WINDOWS\System32\OpenSSH\;C:\Program Files\nodejs\;C:\Program Files\Git\cmd;C:\Program Files\Git\bin;C:\Users\jibri\AppData\Local\Pub\Cache\bin;C:\Program Files\NVIDIA Corporation\NVIDIA app\NvDLISR;C:\Program Files\heroku\bin;C:\Program Files\NVIDIA Corporation\Nsight Compute 2025.1.1\;C:\ProgramData\chocolatey\bin;C:\Users\jibri\AppData\Local\Programs\Python\Python310\Scripts;C:\Program Files\dotnet\;C:\Program Files (x86)\Windows Kits\10\Windows Performance Toolkit\;C:\Users\jibri\AppData\Local\Android\Sdk\platform-tools;C:\Program Files\Docker\Docker\resources\bin;C:\Program Files\MySQL\MySQL Shell 8.0\bin\;C:\Users\jibri\AppData\Local\Programs\Python\Python310\Scripts\;C:\Users\jibri\AppData\Local\Programs\Python\Python310\;C:\Users\jibri\.config\herd\bin;C:\Users\jibri\AppData\Local\Microsoft\WindowsApps;C:\Users\jibri\AppData\Local\Programs\Microsoft VS Code\bin;C:\Users\jibri\AppData\Roaming\Composer\vendor\bin;C:\flutter\flutter\bin;C:\Users\jibri\AppData\Roaming\npm;C:\Program Files\Git;C:\Users\jibri\AppData\Local\Pub\Cache\bin;C:\Program Files\heroku\bin;C:\Users\jibri\.dotnet\tools;C:\AppServ\Apache24\bin;C:\AppServ\php7;C:\AppServ\MySQL\bin;C:\Users\jibri\AppData\Local\Android\Sdk\build-tools;C:\ProgramData\chocolatey\bin;C:\Program Files\nodejs\;C:\Users\jibri\AppData\Local\Programs\cursor\resources\app\bin;C:\Users\jibri\AppData\Local\Programs\Antigravity\bin
USERNAME=jibri
OS=Windows_NT
PROCESSOR_IDENTIFIER=Intel64 Family 6 Model 191 Stepping 2, GenuineIntel
TMP=C:\Users\jibri\AppData\Local\Temp
TEMP=C:\Users\jibri\AppData\Local\Temp




Periodic native trim disabled

---------------  S Y S T E M  ---------------

OS:
 Windows 11 , 64 bit Build 26100 (10.0.26100.7920)
OS uptime: 0 days 9:47 hours
Hyper-V role detected

CPU: total 20 (initial active 20) (10 cores per cpu, 2 threads per core) family 6 model 191 stepping 2 microcode 0x2c, cx8, cmov, fxsr, ht, mmx, 3dnowpref, sse, sse2, sse3, ssse3, sse4.1, sse4.2, popcnt, lzcnt, tsc, tscinvbit, avx, avx2, aes, erms, clmul, bmi1, bmi2, adx, sha, fma, vzeroupper, clflush, clflushopt, clwb, hv, serialize, rdtscp, rdpid, fsrm, f16c, cet_ibt, cet_ss
Processor Information for processor 0
  Max Mhz: 2500, Current Mhz: 2500, Mhz Limit: 2500
Processor Information for processor 1
  Max Mhz: 2500, Current Mhz: 2500, Mhz Limit: 2500
Processor Information for processor 2
  Max Mhz: 2500, Current Mhz: 2500, Mhz Limit: 2500
Processor Information for processor 3
  Max Mhz: 2500, Current Mhz: 2500, Mhz Limit: 2500
Processor Information for processor 4
  Max Mhz: 2500, Current Mhz: 2500, Mhz Limit: 2500
Processor Information for processor 5
  Max Mhz: 2500, Current Mhz: 2500, Mhz Limit: 2500
Processor Information for processor 6
  Max Mhz: 2500, Current Mhz: 2500, Mhz Limit: 2500
Processor Information for processor 7
  Max Mhz: 2500, Current Mhz: 2500, Mhz Limit: 2500
Processor Information for processor 8
  Max Mhz: 2500, Current Mhz: 2500, Mhz Limit: 2500
Processor Information for processor 9
  Max Mhz: 2500, Current Mhz: 2500, Mhz Limit: 2500
Processor Information for processor 10
  Max Mhz: 2500, Current Mhz: 1532, Mhz Limit: 2500
Processor Information for processor 11
  Max Mhz: 2500, Current Mhz: 2500, Mhz Limit: 2500
Processor Information for processor 12
  Max Mhz: 2500, Current Mhz: 1800, Mhz Limit: 1800
Processor Information for processor 13
  Max Mhz: 2500, Current Mhz: 1800, Mhz Limit: 1800
Processor Information for processor 14
  Max Mhz: 2500, Current Mhz: 1800, Mhz Limit: 1800
Processor Information for processor 15
  Max Mhz: 2500, Current Mhz: 1800, Mhz Limit: 1800
Processor Information for processor 16
  Max Mhz: 2500, Current Mhz: 1800, Mhz Limit: 1800
Processor Information for processor 17
  Max Mhz: 2500, Current Mhz: 1800, Mhz Limit: 1800
Processor Information for processor 18
  Max Mhz: 2500, Current Mhz: 1800, Mhz Limit: 1800
Processor Information for processor 19
  Max Mhz: 2500, Current Mhz: 1800, Mhz Limit: 1800

Memory: 4k page, system-wide physical 7911M (601M free)
TotalPageFile size 32487M (AvailPageFile size 12M)
current process WorkingSet (physical memory assigned to process): 260M, peak: 260M
current process commit charge ("private bytes"): 388M, peak: 394M

vm_info: OpenJDK 64-Bit Server VM (21.0.10+7-LTS) for windows-amd64 JRE (21.0.10+7-LTS), built on 2026-01-20T00:00:00Z by "admin" with MS VC++ 17.12 (VS2022)

END.
