#
# There is insufficient memory for the Java Runtime Environment to continue.
# Native memory allocation (malloc) failed to allocate 1048576 bytes. Error detail: AllocateHeap
# Possible reasons:
#   The system is out of physical RAM or swap space
#   This process is running with CompressedOops enabled, and the Java Heap may be blocking the growth of the native heap
# Possible solutions:
#   Reduce memory load on the system
#   Increase physical memory or swap space
#   Check if swap backing store is full
#   Decrease Java heap size (-Xmx/-Xms)
#   Decrease number of Java threads
#   Decrease Java thread stack sizes (-Xss)
#   Set larger code cache with -XX:ReservedCodeCacheSize=
#   JVM is running with Unscaled Compressed Oops mode in which the Java heap is
#     placed in the first 4GB address space. The Java Heap base address is the
#     maximum limit for the native heap growth. Please use -XX:HeapBaseMinAddress
#     to set the Java Heap base and to place the Java Heap above 4GB virtual address.
# This output file may be truncated or incomplete.
#
#  Out of Memory Error (allocation.cpp:44), pid=7948, tid=15060
#
# JRE version: OpenJDK Runtime Environment Temurin-21.0.10+7 (21.0.10+7) (build 21.0.10+7-LTS)
# Java VM: OpenJDK 64-Bit Server VM Temurin-21.0.10+7 (21.0.10+7-LTS, mixed mode, sharing, tiered, compressed oops, compressed class ptrs, parallel gc, windows-amd64)
# No core dump will be written. Minidumps are not enabled by default on client versions of Windows
#

---------------  S U M M A R Y ------------

Command Line: --add-modules=ALL-SYSTEM --add-opens=java.base/java.util=ALL-UNNAMED --add-opens=java.base/java.lang=ALL-UNNAMED --add-opens=java.base/sun.nio.fs=ALL-UNNAMED -Declipse.application=org.eclipse.jdt.ls.core.id1 -Dosgi.bundles.defaultStartLevel=4 -Declipse.product=org.eclipse.jdt.ls.core.product -Djava.import.generatesMetadataFilesAtProjectRoot=false -DDetectVMInstallationsJob.disabled=true -Dfile.encoding=utf8 -XX:+UseParallelGC -XX:GCTimeRatio=4 -XX:AdaptiveSizePolicyWeight=90 -Dsun.zip.disableMemoryMapping=true -Xmx2G -Xms100m -Xlog:disable -javaagent:c:\Users\jibri\.vscode\extensions\redhat.java-1.54.0-win32-x64\lombok\lombok-1.18.39-4050.jar -XX:+HeapDumpOnOutOfMemoryError -XX:HeapDumpPath=c:\Users\jibri\AppData\Roaming\Code\User\workspaceStorage\8b75b7c593fc459511d45e689933c160\redhat.java -Daether.dependencyCollector.impl=bf c:\Users\jibri\.vscode\extensions\redhat.java-1.54.0-win32-x64\server\plugins\org.eclipse.equinox.launcher_1.7.100.v20251111-0406.jar -configuration c:\Users\jibri\AppData\Roaming\Code\User\globalStorage\redhat.java\1.54.0\config_win -data c:\Users\jibri\AppData\Roaming\Code\User\workspaceStorage\8b75b7c593fc459511d45e689933c160\redhat.java\jdt_ws --pipe=\\.\pipe\lsp-c95c8e5e5d396e8bd1dc4f828a343d4f-sock

Host: 13th Gen Intel(R) Core(TM) i5-13500HX, 15 cores, 7G,  Windows 11 , 64 bit Build 26100 (10.0.26100.8328)
Time: Sun May 24 12:22:14 2026 Malay Peninsula Standard Time elapsed time: 503.505789 seconds (0d 0h 8m 23s)

---------------  T H R E A D  ---------------

Current thread (0x0000021acb36b930):  JavaThread "Attach Listener" daemon [_thread_in_vm, id=15060, stack(0x000000fec2800000,0x000000fec2900000) (1024K)]

Stack: [0x000000fec2800000,0x000000fec2900000]
Native frames: (J=compiled Java code, j=interpreted, Vv=VM code, C=native code)
V  [jvm.dll+0x6d7a39]
V  [jvm.dll+0x8b4b26]
V  [jvm.dll+0x8b70de]
V  [jvm.dll+0x8b77c3]
V  [jvm.dll+0x284346]
V  [jvm.dll+0xc1277]
V  [jvm.dll+0x6d82e9]
V  [jvm.dll+0x1334a6]
V  [jvm.dll+0x3f857e]
V  [jvm.dll+0x85f59d]
V  [jvm.dll+0x6d626d]
C  [ucrtbase.dll+0x37b0]
C  [KERNEL32.DLL+0x2e957]
C  [ntdll.dll+0x427c]


---------------  P R O C E S S  ---------------

Threads class SMR info:
_java_thread_list=0x0000021aec5f7810, length=49, elements={
0x0000021acb2c2220, 0x0000021acb3673d0, 0x0000021ae1d6d620, 0x0000021acb368c90,
0x0000021acb36b930, 0x0000021acb36c390, 0x0000021acb36cdf0, 0x0000021acb36fc40,
0x0000021ae315dba0, 0x0000021ae33882f0, 0x0000021ae342b2e0, 0x0000021ae4c852c0,
0x0000021ae4853f10, 0x0000021ae4cbdcc0, 0x0000021ae4cc9130, 0x0000021ae96183b0,
0x0000021ae4eaa7f0, 0x0000021ae95f5fe0, 0x0000021ae9b66b70, 0x0000021ae9b63d80,
0x0000021ae9b664e0, 0x0000021ae9b64410, 0x0000021aeab4c7b0, 0x0000021aeab4c120,
0x0000021aeab4a6e0, 0x0000021aeab4b400, 0x0000021aeab4a050, 0x0000021aeab49330,
0x0000021aeab4ba90, 0x0000021aeab499c0, 0x0000021aeab4ce40, 0x0000021aeab4d4d0,
0x0000021aeab4db60, 0x0000021aeab4e1f0, 0x0000021aeab4ad70, 0x0000021aeab4f5a0,
0x0000021aeab4fc30, 0x0000021aeab50950, 0x0000021aeab4e880, 0x0000021aec6b8b10,
0x0000021aec6b9ec0, 0x0000021aec6b7df0, 0x0000021aec6ba550, 0x0000021aec6bb900,
0x0000021aec6bd340, 0x0000021aec6bd9d0, 0x0000021aec6babe0, 0x0000021aec6bccb0,
0x0000021af5118160
}

Java Threads: ( => current thread )
  0x0000021acb2c2220 JavaThread "main"                              [_thread_blocked, id=29648, stack(0x000000fec2100000,0x000000fec2200000) (1024K)]
  0x0000021acb3673d0 JavaThread "Reference Handler"          daemon [_thread_blocked, id=16968, stack(0x000000fec2500000,0x000000fec2600000) (1024K)]
  0x0000021ae1d6d620 JavaThread "Finalizer"                  daemon [_thread_blocked, id=25560, stack(0x000000fec2600000,0x000000fec2700000) (1024K)]
  0x0000021acb368c90 JavaThread "Signal Dispatcher"          daemon [_thread_blocked, id=32464, stack(0x000000fec2700000,0x000000fec2800000) (1024K)]
=>0x0000021acb36b930 JavaThread "Attach Listener"            daemon [_thread_in_vm, id=15060, stack(0x000000fec2800000,0x000000fec2900000) (1024K)]
  0x0000021acb36c390 JavaThread "Service Thread"             daemon [_thread_blocked, id=24780, stack(0x000000fec2900000,0x000000fec2a00000) (1024K)]
  0x0000021acb36cdf0 JavaThread "Monitor Deflation Thread"   daemon [_thread_blocked, id=20876, stack(0x000000fec2a00000,0x000000fec2b00000) (1024K)]
  0x0000021acb36fc40 JavaThread "C2 CompilerThread0"         daemon [_thread_blocked, id=34236, stack(0x000000fec2b00000,0x000000fec2c00000) (1024K)]
  0x0000021ae315dba0 JavaThread "C1 CompilerThread0"         daemon [_thread_blocked, id=2376, stack(0x000000fec2c00000,0x000000fec2d00000) (1024K)]
  0x0000021ae33882f0 JavaThread "Common-Cleaner"             daemon [_thread_blocked, id=30392, stack(0x000000fec2d00000,0x000000fec2e00000) (1024K)]
  0x0000021ae342b2e0 JavaThread "Notification Thread"        daemon [_thread_blocked, id=448, stack(0x000000fec2e00000,0x000000fec2f00000) (1024K)]
  0x0000021ae4c852c0 JavaThread "Active Thread: Equinox Container: 80fe360b-7965-42e7-bc5b-0cfe4eb24f08"        [_thread_blocked, id=28936, stack(0x000000fec3500000,0x000000fec3600000) (1024K)]
  0x0000021ae4853f10 JavaThread "Refresh Thread: Equinox Container: 80fe360b-7965-42e7-bc5b-0cfe4eb24f08" daemon [_thread_blocked, id=9016, stack(0x000000fec3700000,0x000000fec3800000) (1024K)]
  0x0000021ae4cbdcc0 JavaThread "Framework Event Dispatcher: Equinox Container: 80fe360b-7965-42e7-bc5b-0cfe4eb24f08" daemon [_thread_blocked, id=25596, stack(0x000000fec3800000,0x000000fec3900000) (1024K)]
  0x0000021ae4cc9130 JavaThread "Start Level: Equinox Container: 80fe360b-7965-42e7-bc5b-0cfe4eb24f08" daemon [_thread_blocked, id=23668, stack(0x000000fec3900000,0x000000fec3a00000) (1024K)]
  0x0000021ae96183b0 JavaThread "Bundle File Closer"         daemon [_thread_blocked, id=25244, stack(0x000000fec3e00000,0x000000fec3f00000) (1024K)]
  0x0000021ae4eaa7f0 JavaThread "SCR Component Actor"        daemon [_thread_blocked, id=24564, stack(0x000000fec3d00000,0x000000fec3e00000) (1024K)]
  0x0000021ae95f5fe0 JavaThread "Worker-JM"                         [_thread_blocked, id=24952, stack(0x000000fec4100000,0x000000fec4200000) (1024K)]
  0x0000021ae9b66b70 JavaThread "JNA Cleaner"                daemon [_thread_blocked, id=23896, stack(0x000000fec3f00000,0x000000fec4000000) (1024K)]
  0x0000021ae9b63d80 JavaThread "Java indexing"              daemon [_thread_blocked, id=10324, stack(0x000000fec4500000,0x000000fec4600000) (1024K)]
  0x0000021ae9b664e0 JavaThread "Thread-1"                   daemon [_thread_in_native, id=15148, stack(0x000000fec4b00000,0x000000fec4c00000) (1024K)]
  0x0000021ae9b64410 JavaThread "Thread-2"                   daemon [_thread_in_native, id=24260, stack(0x000000fec4c00000,0x000000fec4d00000) (1024K)]
  0x0000021aeab4c7b0 JavaThread "Thread-3"                   daemon [_thread_in_native, id=16436, stack(0x000000fec4d00000,0x000000fec4e00000) (1024K)]
  0x0000021aeab4c120 JavaThread "Thread-4"                   daemon [_thread_in_native, id=12084, stack(0x000000fec4e00000,0x000000fec4f00000) (1024K)]
  0x0000021aeab4a6e0 JavaThread "Thread-5"                   daemon [_thread_in_native, id=29532, stack(0x000000fec4f00000,0x000000fec5000000) (1024K)]
  0x0000021aeab4b400 JavaThread "Thread-6"                   daemon [_thread_in_native, id=6760, stack(0x000000fec5000000,0x000000fec5100000) (1024K)]
  0x0000021aeab4a050 JavaThread "Thread-7"                   daemon [_thread_in_native, id=34080, stack(0x000000fec5100000,0x000000fec5200000) (1024K)]
  0x0000021aeab49330 JavaThread "Thread-8"                   daemon [_thread_in_native, id=29608, stack(0x000000fec5200000,0x000000fec5300000) (1024K)]
  0x0000021aeab4ba90 JavaThread "Thread-9"                   daemon [_thread_in_native, id=26092, stack(0x000000fec5300000,0x000000fec5400000) (1024K)]
  0x0000021aeab499c0 JavaThread "Thread-10"                  daemon [_thread_in_native, id=5192, stack(0x000000fec5400000,0x000000fec5500000) (1024K)]
  0x0000021aeab4ce40 JavaThread "Thread-11"                  daemon [_thread_in_native, id=31652, stack(0x000000fec5500000,0x000000fec5600000) (1024K)]
  0x0000021aeab4d4d0 JavaThread "Thread-12"                  daemon [_thread_in_native, id=23900, stack(0x000000fec5600000,0x000000fec5700000) (1024K)]
  0x0000021aeab4db60 JavaThread "Thread-13"                  daemon [_thread_in_native, id=29640, stack(0x000000fec5700000,0x000000fec5800000) (1024K)]
  0x0000021aeab4e1f0 JavaThread "Thread-14"                  daemon [_thread_in_native, id=3808, stack(0x000000fec5800000,0x000000fec5900000) (1024K)]
  0x0000021aeab4ad70 JavaThread "Thread-15"                  daemon [_thread_in_native, id=13280, stack(0x000000fec5900000,0x000000fec5a00000) (1024K)]
  0x0000021aeab4f5a0 JavaThread "Thread-16"                  daemon [_thread_in_native, id=20700, stack(0x000000fec5a00000,0x000000fec5b00000) (1024K)]
  0x0000021aeab4fc30 JavaThread "pool-2-thread-1"                   [_thread_blocked, id=24268, stack(0x000000fec5b00000,0x000000fec5c00000) (1024K)]
  0x0000021aeab50950 JavaThread "WorkspaceEventsHandler"            [_thread_blocked, id=31432, stack(0x000000fec5d00000,0x000000fec5e00000) (1024K)]
  0x0000021aeab4e880 JavaThread "pool-1-thread-1"                   [_thread_blocked, id=13808, stack(0x000000fec5e00000,0x000000fec5f00000) (1024K)]
  0x0000021aec6b8b10 JavaThread "Worker-5"                          [_thread_blocked, id=25920, stack(0x000000fec5f00000,0x000000fec6000000) (1024K)]
  0x0000021aec6b9ec0 JavaThread "ForkJoinPool.commonPool-worker-5" daemon [_thread_blocked, id=15548, stack(0x000000fec6400000,0x000000fec6500000) (1024K)]
  0x0000021aec6b7df0 JavaThread "ForkJoinPool.commonPool-worker-6" daemon [_thread_blocked, id=32308, stack(0x000000fec6500000,0x000000fec6600000) (1024K)]
  0x0000021aec6ba550 JavaThread "ForkJoinPool.commonPool-worker-8" daemon [_thread_blocked, id=6108, stack(0x000000fec6700000,0x000000fec6800000) (1024K)]
  0x0000021aec6bb900 JavaThread "ForkJoinPool.commonPool-worker-10" daemon [_thread_blocked, id=32756, stack(0x000000fec6900000,0x000000fec6a00000) (1024K)]
  0x0000021aec6bd340 JavaThread "ForkJoinPool.commonPool-worker-12" daemon [_thread_blocked, id=20428, stack(0x000000fec6b00000,0x000000fec6c00000) (1024K)]
  0x0000021aec6bd9d0 JavaThread "ForkJoinPool.commonPool-worker-13" daemon [_thread_blocked, id=31932, stack(0x000000fec6c00000,0x000000fec6d00000) (1024K)]
  0x0000021aec6babe0 JavaThread "ForkJoinPool.commonPool-worker-14" daemon [_thread_blocked, id=2844, stack(0x000000fec6d00000,0x000000fec6e00000) (1024K)]
  0x0000021aec6bccb0 JavaThread "Timer-0"                           [_thread_blocked, id=27028, stack(0x000000fec4400000,0x000000fec4500000) (1024K)]
  0x0000021af5118160 JavaThread "Worker-6"                          [_thread_blocked, id=32356, stack(0x000000fec7100000,0x000000fec7200000) (1024K)]
Total: 49

Other Threads:
  0x0000021acb362bf0 VMThread "VM Thread"                           [id=18668, stack(0x000000fec2400000,0x000000fec2500000) (1024K)]
  0x0000021ae1c4ba00 WatcherThread "VM Periodic Task Thread"        [id=25040, stack(0x000000fec2300000,0x000000fec2400000) (1024K)]
  0x0000021acb2e0210 WorkerThread "GC Thread#0"                     [id=32052, stack(0x000000fec2200000,0x000000fec2300000) (1024K)]
  0x0000021ae46b2090 WorkerThread "GC Thread#1"                     [id=31500, stack(0x000000fec2f00000,0x000000fec3000000) (1024K)]
  0x0000021ae4abaa70 WorkerThread "GC Thread#2"                     [id=27864, stack(0x000000fec3000000,0x000000fec3100000) (1024K)]
  0x0000021ae46d3600 WorkerThread "GC Thread#3"                     [id=11556, stack(0x000000fec3100000,0x000000fec3200000) (1024K)]
  0x0000021ae49b7cd0 WorkerThread "GC Thread#4"                     [id=26248, stack(0x000000fec3200000,0x000000fec3300000) (1024K)]
  0x0000021ae49b8080 WorkerThread "GC Thread#5"                     [id=16932, stack(0x000000fec3300000,0x000000fec3400000) (1024K)]
  0x0000021ae49b8430 WorkerThread "GC Thread#6"                     [id=21228, stack(0x000000fec3400000,0x000000fec3500000) (1024K)]
  0x0000021ae4dde460 WorkerThread "GC Thread#7"                     [id=3048, stack(0x000000fec3600000,0x000000fec3700000) (1024K)]
  0x0000021ae322fd90 WorkerThread "GC Thread#8"                     [id=25296, stack(0x000000fec3a00000,0x000000fec3b00000) (1024K)]
  0x0000021ae47a6510 WorkerThread "GC Thread#9"                     [id=4904, stack(0x000000fec3b00000,0x000000fec3c00000) (1024K)]
  0x0000021ae9218ce0 WorkerThread "GC Thread#10"                    [id=19012, stack(0x000000fec3c00000,0x000000fec3d00000) (1024K)]
  0x0000021ae98256d0 WorkerThread "GC Thread#11"                    [id=32572, stack(0x000000fec4200000,0x000000fec4300000) (1024K)]
Total: 14

Threads with active compile tasks:
Total: 0

VM state: not at safepoint (normal execution)

VM Mutex/Monitor currently owned by a thread: None

Heap address: 0x0000000080000000, size: 2048 MB, Compressed Oops mode: 32-bit

CDS archive(s) mapped at: [0x0000021a80000000-0x0000021a80ba0000-0x0000021a80ba0000), size 12189696, SharedBaseAddress: 0x0000021a80000000, ArchiveRelocationMode: 1.
Compressed class space mapped at: 0x0000021a81000000-0x0000021ac1000000, reserved size: 1073741824
Narrow klass base: 0x0000021a80000000, Narrow klass shift: 0, Narrow klass range: 0x100000000

GC Precious Log:
 CardTable entry size: 512
 CPUs: 15 total, 15 available
 Memory: 7911M
 Large Page Support: Disabled
 NUMA Support: Disabled
 Compressed Oops: Enabled (32-bit)
 Alignments: Space 512K, Generation 512K, Heap 2M
 Heap Min Capacity: 100M
 Heap Initial Capacity: 100M
 Heap Max Capacity: 2G
 Pre-touch: Disabled
 Parallel Workers: 12

Heap:
 PSYoungGen      total 1536K, used 627K [0x00000000d5580000, 0x00000000d5800000, 0x0000000100000000)
  eden space 1024K, 26% used [0x00000000d5580000,0x00000000d55c4c08,0x00000000d5680000)
  from space 512K, 68% used [0x00000000d5780000,0x00000000d57d8000,0x00000000d5800000)
  to   space 512K, 0% used [0x00000000d5700000,0x00000000d5700000,0x00000000d5780000)
 ParOldGen       total 167424K, used 167319K [0x0000000080000000, 0x000000008a380000, 0x00000000d5580000)
  object space 167424K, 99% used [0x0000000080000000,0x000000008a365da0,0x000000008a380000)
 Metaspace       used 94243K, committed 96256K, reserved 1179648K
  class space    used 12350K, committed 13248K, reserved 1048576K

Card table byte_map: [0x0000021acac60000,0x0000021acb070000] _byte_map_base: 0x0000021aca860000

Marking Bits: (ParMarkBitMap*) 0x00007ff8343b3450
 Begin Bits: [0x0000021add770000, 0x0000021adf770000)
 End Bits:   [0x0000021adf770000, 0x0000021ae1770000)

Polling page: 0x0000021ac9160000

Metaspace:

Usage:
  Non-class:     79.97 MB used.
      Class:     12.06 MB used.
       Both:     92.03 MB used.

Virtual space:
  Non-class space:      128.00 MB reserved,      81.06 MB ( 63%) committed,  2 nodes.
      Class space:        1.00 GB reserved,      12.94 MB (  1%) committed,  1 nodes.
             Both:        1.12 GB reserved,      94.00 MB (  8%) committed. 

Chunk freelists:
   Non-Class:  14.97 MB
       Class:  3.11 MB
        Both:  18.08 MB

MaxMetaspaceSize: unlimited
CompressedClassSpaceSize: 1.00 GB
Initial GC threshold: 21.00 MB
Current GC threshold: 125.94 MB
CDS: on
 - commit_granule_bytes: 65536.
 - commit_granule_words: 8192.
 - virtual_space_node_default_size: 8388608.
 - enlarge_chunks_in_place: 1.
 - use_allocation_guard: 0.


Internal statistics:

num_allocs_failed_limit: 9.
num_arena_births: 1844.
num_arena_deaths: 42.
num_vsnodes_births: 3.
num_vsnodes_deaths: 0.
num_space_committed: 1504.
num_space_uncommitted: 0.
num_chunks_returned_to_freelist: 60.
num_chunks_taken_from_freelist: 5771.
num_chunk_merges: 8.
num_chunk_splits: 3850.
num_chunks_enlarged: 2619.
num_inconsistent_stats: 0.

CodeHeap 'non-profiled nmethods': size=120000Kb used=7619Kb max_used=7619Kb free=112380Kb
 bounds [0x0000021ad5f90000, 0x0000021ad6710000, 0x0000021add4c0000]
CodeHeap 'profiled nmethods': size=120000Kb used=20482Kb max_used=21618Kb free=99517Kb
 bounds [0x0000021ace4c0000, 0x0000021acf9e0000, 0x0000021ad59f0000]
CodeHeap 'non-nmethods': size=5760Kb used=1447Kb max_used=1532Kb free=4312Kb
 bounds [0x0000021ad59f0000, 0x0000021ad5c60000, 0x0000021ad5f90000]
CodeCache: size=245760Kb, used=29548Kb, max_used=30769Kb, free=216209Kb
 total_blobs=11169, nmethods=10413, adapters=662, full_count=0
Compilation: enabled, stopped_count=0, restarted_count=0

Compilation events (20 events):
Event: 417.514 Thread 0x0000021ae315dba0 12160       3       java.util.concurrent.ForkJoinPool::awaitWork (321 bytes)
Event: 417.520 Thread 0x0000021ae315dba0 nmethod 12160 0x0000021acf176390 code [0x0000021acf1766e0, 0x0000021acf177b18]
Event: 425.336 Thread 0x0000021ae315dba0 12161       3       java.lang.Class::getSimpleName0 (49 bytes)
Event: 425.343 Thread 0x0000021ae315dba0 nmethod 12161 0x0000021aced9e110 code [0x0000021aced9e5a0, 0x0000021aceda0270]
Event: 425.535 Thread 0x0000021ae315dba0 12162       3       java.util.ArrayDeque::remove (5 bytes)
Event: 425.537 Thread 0x0000021ae315dba0 nmethod 12162 0x0000021acf297910 code [0x0000021acf297ae0, 0x0000021acf297d88]
Event: 425.537 Thread 0x0000021ae315dba0 12163       1       com.google.common.collect.EvictingQueue::delegate (5 bytes)
Event: 425.537 Thread 0x0000021ae315dba0 nmethod 12163 0x0000021ad6700610 code [0x0000021ad67007a0, 0x0000021ad6700868]
Event: 425.544 Thread 0x0000021ae315dba0 12164       3       org.gradle.internal.logging.slf4j.OutputEventListenerBackedLogger::isDebugEnabled (5 bytes)
Event: 425.544 Thread 0x0000021ae315dba0 nmethod 12164 0x0000021acf2cd090 code [0x0000021acf2cd260, 0x0000021acf2cd640]
Event: 425.544 Thread 0x0000021ae315dba0 12165       3       org.gradle.internal.logging.slf4j.BuildOperationAwareLogger::isDebugEnabled (8 bytes)
Event: 425.545 Thread 0x0000021ae315dba0 nmethod 12165 0x0000021acf297290 code [0x0000021acf297440, 0x0000021acf297618]
Event: 425.546 Thread 0x0000021ae315dba0 12166  s!   3       org.gradle.internal.service.DefaultServiceRegistry$ManagedObjectServiceProvider::stop (59 bytes)
Event: 425.551 Thread 0x0000021ae315dba0 nmethod 12166 0x0000021ace7ab590 code [0x0000021ace7ab800, 0x0000021ace7ac330]
Event: 425.573 Thread 0x0000021ae315dba0 12167       3       java.lang.StackTraceElement::length (13 bytes)
Event: 425.574 Thread 0x0000021ae315dba0 nmethod 12167 0x0000021acf2cc910 code [0x0000021acf2ccac0, 0x0000021acf2ccd10]
Event: 425.586 Thread 0x0000021acb36fc40 12168       4       java.lang.StringUTF16::charAt (11 bytes)
Event: 425.588 Thread 0x0000021acb36fc40 nmethod 12168 0x0000021ad6700910 code [0x0000021ad6700aa0, 0x0000021ad6700b50]
Event: 444.518 Thread 0x0000021ae315dba0 12169   !   3       java.util.logging.LogManager::ensureLogManagerInitialized (144 bytes)
Event: 444.526 Thread 0x0000021ae315dba0 nmethod 12169 0x0000021ace814b10 code [0x0000021ace814e20, 0x0000021ace815f40]

GC Heap History (20 events):
Event: 372.113 GC heap before
{Heap before GC invocations=690 (full 4):
 PSYoungGen      total 1536K, used 1218K [0x00000000d5580000, 0x00000000d5800000, 0x0000000100000000)
  eden space 1024K, 90% used [0x00000000d5580000,0x00000000d5668af0,0x00000000d5680000)
  from space 512K, 56% used [0x00000000d5780000,0x00000000d57c8000,0x00000000d5800000)
  to   space 512K, 0% used [0x00000000d5700000,0x00000000d5700000,0x00000000d5780000)
 ParOldGen       total 167424K, used 166588K [0x0000000080000000, 0x000000008a380000, 0x00000000d5580000)
  object space 167424K, 99% used [0x0000000080000000,0x000000008a2af230,0x000000008a380000)
 Metaspace       used 94158K, committed 96128K, reserved 1179648K
  class space    used 12341K, committed 13248K, reserved 1048576K
}
Event: 372.113 GC heap after
{Heap after GC invocations=690 (full 4):
 PSYoungGen      total 1536K, used 192K [0x00000000d5580000, 0x00000000d5800000, 0x0000000100000000)
  eden space 1024K, 0% used [0x00000000d5580000,0x00000000d5580000,0x00000000d5680000)
  from space 512K, 37% used [0x00000000d5700000,0x00000000d5730000,0x00000000d5780000)
  to   space 512K, 0% used [0x00000000d5780000,0x00000000d5780000,0x00000000d5800000)
 ParOldGen       total 167424K, used 166679K [0x0000000080000000, 0x000000008a380000, 0x00000000d5580000)
  object space 167424K, 99% used [0x0000000080000000,0x000000008a2c5da0,0x000000008a380000)
 Metaspace       used 94158K, committed 96128K, reserved 1179648K
  class space    used 12341K, committed 13248K, reserved 1048576K
}
Event: 372.185 GC heap before
{Heap before GC invocations=691 (full 4):
 PSYoungGen      total 1536K, used 1216K [0x00000000d5580000, 0x00000000d5800000, 0x0000000100000000)
  eden space 1024K, 100% used [0x00000000d5580000,0x00000000d5680000,0x00000000d5680000)
  from space 512K, 37% used [0x00000000d5700000,0x00000000d5730000,0x00000000d5780000)
  to   space 512K, 0% used [0x00000000d5780000,0x00000000d5780000,0x00000000d5800000)
 ParOldGen       total 167424K, used 166679K [0x0000000080000000, 0x000000008a380000, 0x00000000d5580000)
  object space 167424K, 99% used [0x0000000080000000,0x000000008a2c5da0,0x000000008a380000)
 Metaspace       used 94159K, committed 96128K, reserved 1179648K
  class space    used 12341K, committed 13248K, reserved 1048576K
}
Event: 372.186 GC heap after
{Heap after GC invocations=691 (full 4):
 PSYoungGen      total 1536K, used 288K [0x00000000d5580000, 0x00000000d5800000, 0x0000000100000000)
  eden space 1024K, 0% used [0x00000000d5580000,0x00000000d5580000,0x00000000d5680000)
  from space 512K, 56% used [0x00000000d5780000,0x00000000d57c8000,0x00000000d5800000)
  to   space 512K, 0% used [0x00000000d5700000,0x00000000d5700000,0x00000000d5780000)
 ParOldGen       total 167424K, used 166703K [0x0000000080000000, 0x000000008a380000, 0x00000000d5580000)
  object space 167424K, 99% used [0x0000000080000000,0x000000008a2cbda0,0x000000008a380000)
 Metaspace       used 94159K, committed 96128K, reserved 1179648K
  class space    used 12341K, committed 13248K, reserved 1048576K
}
Event: 374.847 GC heap before
{Heap before GC invocations=692 (full 4):
 PSYoungGen      total 1536K, used 1311K [0x00000000d5580000, 0x00000000d5800000, 0x0000000100000000)
  eden space 1024K, 99% used [0x00000000d5580000,0x00000000d567ff28,0x00000000d5680000)
  from space 512K, 56% used [0x00000000d5780000,0x00000000d57c8000,0x00000000d5800000)
  to   space 512K, 0% used [0x00000000d5700000,0x00000000d5700000,0x00000000d5780000)
 ParOldGen       total 167424K, used 166703K [0x0000000080000000, 0x000000008a380000, 0x00000000d5580000)
  object space 167424K, 99% used [0x0000000080000000,0x000000008a2cbda0,0x000000008a380000)
 Metaspace       used 94167K, committed 96128K, reserved 1179648K
  class space    used 12341K, committed 13248K, reserved 1048576K
}
Event: 374.848 GC heap after
{Heap after GC invocations=692 (full 4):
 PSYoungGen      total 1536K, used 288K [0x00000000d5580000, 0x00000000d5800000, 0x0000000100000000)
  eden space 1024K, 0% used [0x00000000d5580000,0x00000000d5580000,0x00000000d5680000)
  from space 512K, 56% used [0x00000000d5700000,0x00000000d5748000,0x00000000d5780000)
  to   space 512K, 0% used [0x00000000d5780000,0x00000000d5780000,0x00000000d5800000)
 ParOldGen       total 167424K, used 166767K [0x0000000080000000, 0x000000008a380000, 0x00000000d5580000)
  object space 167424K, 99% used [0x0000000080000000,0x000000008a2dbda0,0x000000008a380000)
 Metaspace       used 94167K, committed 96128K, reserved 1179648K
  class space    used 12341K, committed 13248K, reserved 1048576K
}
Event: 374.898 GC heap before
{Heap before GC invocations=693 (full 4):
 PSYoungGen      total 1536K, used 1311K [0x00000000d5580000, 0x00000000d5800000, 0x0000000100000000)
  eden space 1024K, 99% used [0x00000000d5580000,0x00000000d567fff8,0x00000000d5680000)
  from space 512K, 56% used [0x00000000d5700000,0x00000000d5748000,0x00000000d5780000)
  to   space 512K, 0% used [0x00000000d5780000,0x00000000d5780000,0x00000000d5800000)
 ParOldGen       total 167424K, used 166767K [0x0000000080000000, 0x000000008a380000, 0x00000000d5580000)
  object space 167424K, 99% used [0x0000000080000000,0x000000008a2dbda0,0x000000008a380000)
 Metaspace       used 94172K, committed 96128K, reserved 1179648K
  class space    used 12341K, committed 13248K, reserved 1048576K
}
Event: 374.900 GC heap after
{Heap after GC invocations=693 (full 4):
 PSYoungGen      total 1536K, used 256K [0x00000000d5580000, 0x00000000d5800000, 0x0000000100000000)
  eden space 1024K, 0% used [0x00000000d5580000,0x00000000d5580000,0x00000000d5680000)
  from space 512K, 50% used [0x00000000d5780000,0x00000000d57c0000,0x00000000d5800000)
  to   space 512K, 0% used [0x00000000d5700000,0x00000000d5700000,0x00000000d5780000)
 ParOldGen       total 167424K, used 166831K [0x0000000080000000, 0x000000008a380000, 0x00000000d5580000)
  object space 167424K, 99% used [0x0000000080000000,0x000000008a2ebda0,0x000000008a380000)
 Metaspace       used 94172K, committed 96128K, reserved 1179648K
  class space    used 12341K, committed 13248K, reserved 1048576K
}
Event: 377.398 GC heap before
{Heap before GC invocations=694 (full 4):
 PSYoungGen      total 1536K, used 1280K [0x00000000d5580000, 0x00000000d5800000, 0x0000000100000000)
  eden space 1024K, 100% used [0x00000000d5580000,0x00000000d5680000,0x00000000d5680000)
  from space 512K, 50% used [0x00000000d5780000,0x00000000d57c0000,0x00000000d5800000)
  to   space 512K, 0% used [0x00000000d5700000,0x00000000d5700000,0x00000000d5780000)
 ParOldGen       total 167424K, used 166831K [0x0000000080000000, 0x000000008a380000, 0x00000000d5580000)
  object space 167424K, 99% used [0x0000000080000000,0x000000008a2ebda0,0x000000008a380000)
 Metaspace       used 94182K, committed 96128K, reserved 1179648K
  class space    used 12342K, committed 13248K, reserved 1048576K
}
Event: 377.399 GC heap after
{Heap after GC invocations=694 (full 4):
 PSYoungGen      total 1536K, used 320K [0x00000000d5580000, 0x00000000d5800000, 0x0000000100000000)
  eden space 1024K, 0% used [0x00000000d5580000,0x00000000d5580000,0x00000000d5680000)
  from space 512K, 62% used [0x00000000d5700000,0x00000000d5750000,0x00000000d5780000)
  to   space 512K, 0% used [0x00000000d5780000,0x00000000d5780000,0x00000000d5800000)
 ParOldGen       total 167424K, used 166895K [0x0000000080000000, 0x000000008a380000, 0x00000000d5580000)
  object space 167424K, 99% used [0x0000000080000000,0x000000008a2fbda0,0x000000008a380000)
 Metaspace       used 94182K, committed 96128K, reserved 1179648K
  class space    used 12342K, committed 13248K, reserved 1048576K
}
Event: 377.439 GC heap before
{Heap before GC invocations=695 (full 4):
 PSYoungGen      total 1536K, used 1343K [0x00000000d5580000, 0x00000000d5800000, 0x0000000100000000)
  eden space 1024K, 99% used [0x00000000d5580000,0x00000000d567fff0,0x00000000d5680000)
  from space 512K, 62% used [0x00000000d5700000,0x00000000d5750000,0x00000000d5780000)
  to   space 512K, 0% used [0x00000000d5780000,0x00000000d5780000,0x00000000d5800000)
 ParOldGen       total 167424K, used 166895K [0x0000000080000000, 0x000000008a380000, 0x00000000d5580000)
  object space 167424K, 99% used [0x0000000080000000,0x000000008a2fbda0,0x000000008a380000)
 Metaspace       used 94189K, committed 96128K, reserved 1179648K
  class space    used 12342K, committed 13248K, reserved 1048576K
}
Event: 377.440 GC heap after
{Heap after GC invocations=695 (full 4):
 PSYoungGen      total 1536K, used 384K [0x00000000d5580000, 0x00000000d5800000, 0x0000000100000000)
  eden space 1024K, 0% used [0x00000000d5580000,0x00000000d5580000,0x00000000d5680000)
  from space 512K, 75% used [0x00000000d5780000,0x00000000d57e0000,0x00000000d5800000)
  to   space 512K, 0% used [0x00000000d5700000,0x00000000d5700000,0x00000000d5780000)
 ParOldGen       total 167424K, used 166975K [0x0000000080000000, 0x000000008a380000, 0x00000000d5580000)
  object space 167424K, 99% used [0x0000000080000000,0x000000008a30fda0,0x000000008a380000)
 Metaspace       used 94189K, committed 96128K, reserved 1179648K
  class space    used 12342K, committed 13248K, reserved 1048576K
}
Event: 377.485 GC heap before
{Heap before GC invocations=696 (full 4):
 PSYoungGen      total 1536K, used 1408K [0x00000000d5580000, 0x00000000d5800000, 0x0000000100000000)
  eden space 1024K, 100% used [0x00000000d5580000,0x00000000d5680000,0x00000000d5680000)
  from space 512K, 75% used [0x00000000d5780000,0x00000000d57e0000,0x00000000d5800000)
  to   space 512K, 0% used [0x00000000d5700000,0x00000000d5700000,0x00000000d5780000)
 ParOldGen       total 167424K, used 166975K [0x0000000080000000, 0x000000008a380000, 0x00000000d5580000)
  object space 167424K, 99% used [0x0000000080000000,0x000000008a30fda0,0x000000008a380000)
 Metaspace       used 94189K, committed 96128K, reserved 1179648K
  class space    used 12342K, committed 13248K, reserved 1048576K
}
Event: 377.485 GC heap after
{Heap after GC invocations=696 (full 4):
 PSYoungGen      total 1536K, used 192K [0x00000000d5580000, 0x00000000d5800000, 0x0000000100000000)
  eden space 1024K, 0% used [0x00000000d5580000,0x00000000d5580000,0x00000000d5680000)
  from space 512K, 37% used [0x00000000d5700000,0x00000000d5730000,0x00000000d5780000)
  to   space 512K, 0% used [0x00000000d5780000,0x00000000d5780000,0x00000000d5800000)
 ParOldGen       total 167424K, used 167135K [0x0000000080000000, 0x000000008a380000, 0x00000000d5580000)
  object space 167424K, 99% used [0x0000000080000000,0x000000008a337da0,0x000000008a380000)
 Metaspace       used 94189K, committed 96128K, reserved 1179648K
  class space    used 12342K, committed 13248K, reserved 1048576K
}
Event: 377.525 GC heap before
{Heap before GC invocations=697 (full 4):
 PSYoungGen      total 1536K, used 1216K [0x00000000d5580000, 0x00000000d5800000, 0x0000000100000000)
  eden space 1024K, 100% used [0x00000000d5580000,0x00000000d5680000,0x00000000d5680000)
  from space 512K, 37% used [0x00000000d5700000,0x00000000d5730000,0x00000000d5780000)
  to   space 512K, 0% used [0x00000000d5780000,0x00000000d5780000,0x00000000d5800000)
 ParOldGen       total 167424K, used 167135K [0x0000000080000000, 0x000000008a380000, 0x00000000d5580000)
  object space 167424K, 99% used [0x0000000080000000,0x000000008a337da0,0x000000008a380000)
 Metaspace       used 94189K, committed 96128K, reserved 1179648K
  class space    used 12342K, committed 13248K, reserved 1048576K
}
Event: 377.525 GC heap after
{Heap after GC invocations=697 (full 4):
 PSYoungGen      total 1536K, used 288K [0x00000000d5580000, 0x00000000d5800000, 0x0000000100000000)
  eden space 1024K, 0% used [0x00000000d5580000,0x00000000d5580000,0x00000000d5680000)
  from space 512K, 56% used [0x00000000d5780000,0x00000000d57c8000,0x00000000d5800000)
  to   space 512K, 0% used [0x00000000d5700000,0x00000000d5700000,0x00000000d5780000)
 ParOldGen       total 167424K, used 167207K [0x0000000080000000, 0x000000008a380000, 0x00000000d5580000)
  object space 167424K, 99% used [0x0000000080000000,0x000000008a349da0,0x000000008a380000)
 Metaspace       used 94189K, committed 96128K, reserved 1179648K
  class space    used 12342K, committed 13248K, reserved 1048576K
}
Event: 377.574 GC heap before
{Heap before GC invocations=698 (full 4):
 PSYoungGen      total 1536K, used 1312K [0x00000000d5580000, 0x00000000d5800000, 0x0000000100000000)
  eden space 1024K, 100% used [0x00000000d5580000,0x00000000d5680000,0x00000000d5680000)
  from space 512K, 56% used [0x00000000d5780000,0x00000000d57c8000,0x00000000d5800000)
  to   space 512K, 0% used [0x00000000d5700000,0x00000000d5700000,0x00000000d5780000)
 ParOldGen       total 167424K, used 167207K [0x0000000080000000, 0x000000008a380000, 0x00000000d5580000)
  object space 167424K, 99% used [0x0000000080000000,0x000000008a349da0,0x000000008a380000)
 Metaspace       used 94189K, committed 96128K, reserved 1179648K
  class space    used 12342K, committed 13248K, reserved 1048576K
}
Event: 377.575 GC heap after
{Heap after GC invocations=698 (full 4):
 PSYoungGen      total 1536K, used 256K [0x00000000d5580000, 0x00000000d5800000, 0x0000000100000000)
  eden space 1024K, 0% used [0x00000000d5580000,0x00000000d5580000,0x00000000d5680000)
  from space 512K, 50% used [0x00000000d5700000,0x00000000d5740000,0x00000000d5780000)
  to   space 512K, 0% used [0x00000000d5780000,0x00000000d5780000,0x00000000d5800000)
 ParOldGen       total 167424K, used 167255K [0x0000000080000000, 0x000000008a380000, 0x00000000d5580000)
  object space 167424K, 99% used [0x0000000080000000,0x000000008a355da0,0x000000008a380000)
 Metaspace       used 94189K, committed 96128K, reserved 1179648K
  class space    used 12342K, committed 13248K, reserved 1048576K
}
Event: 425.546 GC heap before
{Heap before GC invocations=699 (full 4):
 PSYoungGen      total 1536K, used 1280K [0x00000000d5580000, 0x00000000d5800000, 0x0000000100000000)
  eden space 1024K, 100% used [0x00000000d5580000,0x00000000d5680000,0x00000000d5680000)
  from space 512K, 50% used [0x00000000d5700000,0x00000000d5740000,0x00000000d5780000)
  to   space 512K, 0% used [0x00000000d5780000,0x00000000d5780000,0x00000000d5800000)
 ParOldGen       total 167424K, used 167255K [0x0000000080000000, 0x000000008a380000, 0x00000000d5580000)
  object space 167424K, 99% used [0x0000000080000000,0x000000008a355da0,0x000000008a380000)
 Metaspace       used 94240K, committed 96256K, reserved 1179648K
  class space    used 12350K, committed 13248K, reserved 1048576K
}
Event: 425.550 GC heap after
{Heap after GC invocations=699 (full 4):
 PSYoungGen      total 1536K, used 352K [0x00000000d5580000, 0x00000000d5800000, 0x0000000100000000)
  eden space 1024K, 0% used [0x00000000d5580000,0x00000000d5580000,0x00000000d5680000)
  from space 512K, 68% used [0x00000000d5780000,0x00000000d57d8000,0x00000000d5800000)
  to   space 512K, 0% used [0x00000000d5700000,0x00000000d5700000,0x00000000d5780000)
 ParOldGen       total 167424K, used 167319K [0x0000000080000000, 0x000000008a380000, 0x00000000d5580000)
  object space 167424K, 99% used [0x0000000080000000,0x000000008a365da0,0x000000008a380000)
 Metaspace       used 94240K, committed 96256K, reserved 1179648K
  class space    used 12350K, committed 13248K, reserved 1048576K
}

Dll operation events (19 events):
Event: 0.016 Loaded shared library c:\Users\jibri\.vscode\extensions\redhat.java-1.54.0-win32-x64\jre\21.0.10-win32-x86_64\bin\java.dll
Event: 0.098 Loaded shared library c:\Users\jibri\.vscode\extensions\redhat.java-1.54.0-win32-x64\jre\21.0.10-win32-x86_64\bin\zip.dll
Event: 0.121 Loaded shared library C:\Users\jibri\.vscode\extensions\redhat.java-1.54.0-win32-x64\jre\21.0.10-win32-x86_64\bin\instrument.dll
Event: 0.133 Loaded shared library C:\Users\jibri\.vscode\extensions\redhat.java-1.54.0-win32-x64\jre\21.0.10-win32-x86_64\bin\net.dll
Event: 0.136 Loaded shared library C:\Users\jibri\.vscode\extensions\redhat.java-1.54.0-win32-x64\jre\21.0.10-win32-x86_64\bin\nio.dll
Event: 0.142 Loaded shared library C:\Users\jibri\.vscode\extensions\redhat.java-1.54.0-win32-x64\jre\21.0.10-win32-x86_64\bin\zip.dll
Event: 0.161 Loaded shared library C:\Users\jibri\.vscode\extensions\redhat.java-1.54.0-win32-x64\jre\21.0.10-win32-x86_64\bin\jimage.dll
Event: 0.281 Loaded shared library c:\Users\jibri\.vscode\extensions\redhat.java-1.54.0-win32-x64\jre\21.0.10-win32-x86_64\bin\verify.dll
Event: 11.635 Loaded shared library C:\Users\jibri\AppData\Roaming\Code\User\globalStorage\redhat.java\1.54.0\config_win\org.eclipse.equinox.launcher\org.eclipse.equinox.launcher.win32.win32.x86_64_1.3.0.v20260203-2149\eclipse_11919.dll
Event: 22.073 Loaded shared library C:\Users\jibri\AppData\Local\Temp\jna-101119098\jna4971174918066317493.dll
Event: 41.107 Loaded shared library C:\Users\jibri\.gradle\native\1def1411415f61bf3af743bc5b6707747c0891f09f0c88961ee8f79bc544acac\windows-amd64\native-platform.dll
Event: 52.560 Loaded shared library C:\Users\jibri\.vscode\extensions\redhat.java-1.54.0-win32-x64\jre\21.0.10-win32-x86_64\bin\management.dll
Event: 52.595 Loaded shared library C:\Users\jibri\.vscode\extensions\redhat.java-1.54.0-win32-x64\jre\21.0.10-win32-x86_64\bin\management_ext.dll
Event: 53.111 Loaded shared library C:\Users\jibri\.vscode\extensions\redhat.java-1.54.0-win32-x64\jre\21.0.10-win32-x86_64\bin\sunmscapi.dll
Event: 53.198 Loaded shared library C:\Users\jibri\.vscode\extensions\redhat.java-1.54.0-win32-x64\jre\21.0.10-win32-x86_64\bin\extnet.dll
Event: 171.321 Loaded shared library C:\Users\jibri\.gradle\native\c067742578af261105cb4f569cf0c3c89f3d7b1fecec35dd04571415982c5e48\windows-amd64\native-platform.dll
Event: 260.313 Loaded shared library C:\Users\jibri\.gradle\native\29\windows-amd64\native-platform.dll
Event: 288.282 Loaded shared library C:\Users\jibri\.gradle\native\660c5614fbf4a5f2a75b1949f50a0caf5cd603558e7d8a26e50b933a0cfb79d1\windows-amd64\native-platform.dll
Event: 343.050 Loaded shared library C:\Users\jibri\.gradle\native\e1d6ef7f7dcc3fd88c89a11ec53ec762bb8ba0a96d01ffa2cd45eb1d1d8dd5c5\windows-amd64\native-platform.dll

Deoptimization events (20 events):
Event: 377.323 Thread 0x0000021aec6b8b10 DEOPT PACKING pc=0x0000021ad63a7b40 sp=0x000000fec5ffe620
Event: 377.323 Thread 0x0000021aec6b8b10 DEOPT UNPACKING pc=0x0000021ad5a43aa2 sp=0x000000fec5ffe5d0 mode 2
Event: 377.332 Thread 0x0000021aec6b8b10 DEOPT PACKING pc=0x0000021acee76249 sp=0x000000fec5ffe700
Event: 377.332 Thread 0x0000021aec6b8b10 DEOPT UNPACKING pc=0x0000021ad5a44242 sp=0x000000fec5ffdbc0 mode 0
Event: 377.582 Thread 0x0000021af5119510 Uncommon trap: trap_request=0xffffffde fr.pc=0x0000021ad5fa0848 relative=0x00000000000001a8
Event: 377.582 Thread 0x0000021af5119510 Uncommon trap: reason=class_check action=maybe_recompile pc=0x0000021ad5fa0848 method=java.lang.String.equals(Ljava/lang/Object;)Z @ 8 c2
Event: 377.582 Thread 0x0000021af5119510 DEOPT PACKING pc=0x0000021ad5fa0848 sp=0x000000fec1efe0f0
Event: 377.582 Thread 0x0000021af5119510 DEOPT UNPACKING pc=0x0000021ad5a43aa2 sp=0x000000fec1efe088 mode 2
Event: 425.330 Thread 0x0000021af5119510 Uncommon trap: trap_request=0xffffff45 fr.pc=0x0000021ad66e3db0 relative=0x0000000000000170
Event: 425.330 Thread 0x0000021af5119510 Uncommon trap: reason=unstable_if action=reinterpret pc=0x0000021ad66e3db0 method=com.esotericsoftware.kryo.io.Input.require(I)I @ 180 c2
Event: 425.331 Thread 0x0000021af5119510 DEOPT PACKING pc=0x0000021ad66e3db0 sp=0x000000fec1efdf90
Event: 425.331 Thread 0x0000021af5119510 DEOPT UNPACKING pc=0x0000021ad5a43aa2 sp=0x000000fec1efdf38 mode 2
Event: 425.543 Thread 0x0000021af5119510 Uncommon trap: trap_request=0xffffff45 fr.pc=0x0000021ad63889cc relative=0x000000000000104c
Event: 425.543 Thread 0x0000021af5119510 Uncommon trap: reason=unstable_if action=reinterpret pc=0x0000021ad63889cc method=java.net.URI.appendAuthority(Ljava/lang/StringBuilder;Ljava/lang/String;Ljava/lang/String;Ljava/lang/String;I)V @ 130 c2
Event: 425.543 Thread 0x0000021af5119510 DEOPT PACKING pc=0x0000021ad63889cc sp=0x000000fec1efe100
Event: 425.543 Thread 0x0000021af5119510 DEOPT UNPACKING pc=0x0000021ad5a43aa2 sp=0x000000fec1efdfc0 mode 2
Event: 425.589 Thread 0x0000021aec6b8b10 Uncommon trap: trap_request=0xffffffde fr.pc=0x0000021ad64360f8 relative=0x0000000000000518
Event: 425.589 Thread 0x0000021aec6b8b10 Uncommon trap: reason=class_check action=maybe_recompile pc=0x0000021ad64360f8 method=java.util.AbstractMap.hashCode()I @ 3 c2
Event: 425.589 Thread 0x0000021aec6b8b10 DEOPT PACKING pc=0x0000021ad64360f8 sp=0x000000fec5ffe7d0
Event: 425.589 Thread 0x0000021aec6b8b10 DEOPT UNPACKING pc=0x0000021ad5a43aa2 sp=0x000000fec5ffe778 mode 2

Classes loaded (20 events):
Event: 326.933 Loading class java/util/stream/Nodes$CollectorTask$OfRef
Event: 326.935 Loading class java/util/stream/Nodes$CollectorTask
Event: 326.936 Loading class java/util/stream/Nodes$CollectorTask done
Event: 326.936 Loading class java/util/stream/Nodes$CollectorTask$OfRef done
Event: 326.937 Loading class java/util/stream/Nodes$ConcNode
Event: 326.937 Loading class java/util/stream/Nodes$AbstractConcNode
Event: 326.938 Loading class java/util/stream/Nodes$AbstractConcNode done
Event: 326.938 Loading class java/util/stream/Nodes$ConcNode done
Event: 326.991 Loading class java/util/stream/Nodes$ToArrayTask$OfRef
Event: 326.992 Loading class java/util/stream/Nodes$ToArrayTask
Event: 326.992 Loading class java/util/stream/Nodes$ToArrayTask done
Event: 326.992 Loading class java/util/stream/Nodes$ToArrayTask$OfRef done
Event: 326.998 Loading class java/io/ObjectOutputStream$BlockDataOutputStream
Event: 326.999 Loading class java/io/ObjectOutputStream$BlockDataOutputStream done
Event: 326.999 Loading class java/io/ObjectOutputStream$HandleTable
Event: 326.999 Loading class java/io/ObjectOutputStream$HandleTable done
Event: 326.999 Loading class java/io/ObjectOutputStream$ReplaceTable
Event: 326.999 Loading class java/io/ObjectOutputStream$ReplaceTable done
Event: 425.324 Loading class sun/net/ConnectionResetException
Event: 425.328 Loading class sun/net/ConnectionResetException done

Classes unloaded (20 events):
Event: 23.644 Thread 0x0000021acb362bf0 Unloading class 0x0000021a811a4c00 'java/lang/invoke/LambdaForm$MH+0x0000021a811a4c00'
Event: 23.644 Thread 0x0000021acb362bf0 Unloading class 0x0000021a811a4800 'java/lang/invoke/LambdaForm$MH+0x0000021a811a4800'
Event: 23.644 Thread 0x0000021acb362bf0 Unloading class 0x0000021a811a4400 'java/lang/invoke/LambdaForm$MH+0x0000021a811a4400'
Event: 23.644 Thread 0x0000021acb362bf0 Unloading class 0x0000021a811a4000 'java/lang/invoke/LambdaForm$BMH+0x0000021a811a4000'
Event: 23.644 Thread 0x0000021acb362bf0 Unloading class 0x0000021a811a3c00 'java/lang/invoke/LambdaForm$DMH+0x0000021a811a3c00'
Event: 23.644 Thread 0x0000021acb362bf0 Unloading class 0x0000021a811a2800 'java/lang/invoke/LambdaForm$DMH+0x0000021a811a2800'
Event: 24.772 Thread 0x0000021acb362bf0 Unloading class 0x0000021a813fe800 'java/lang/invoke/LambdaForm$MH+0x0000021a813fe800'
Event: 24.772 Thread 0x0000021acb362bf0 Unloading class 0x0000021a813fe000 'java/lang/invoke/LambdaForm$MH+0x0000021a813fe000'
Event: 24.772 Thread 0x0000021acb362bf0 Unloading class 0x0000021a813fd800 'java/lang/invoke/LambdaForm$MH+0x0000021a813fd800'
Event: 24.772 Thread 0x0000021acb362bf0 Unloading class 0x0000021a813fd000 'java/lang/invoke/LambdaForm$MH+0x0000021a813fd000'
Event: 24.772 Thread 0x0000021acb362bf0 Unloading class 0x0000021a813fcc00 'java/lang/invoke/LambdaForm$DMH+0x0000021a813fcc00'
Event: 24.772 Thread 0x0000021acb362bf0 Unloading class 0x0000021a813fc000 'java/lang/invoke/LambdaForm$MH+0x0000021a813fc000'
Event: 24.772 Thread 0x0000021acb362bf0 Unloading class 0x0000021a813f0800 'java/lang/invoke/LambdaForm$MH+0x0000021a813f0800'
Event: 24.772 Thread 0x0000021acb362bf0 Unloading class 0x0000021a813f0000 'java/lang/invoke/LambdaForm$MH+0x0000021a813f0000'
Event: 24.772 Thread 0x0000021acb362bf0 Unloading class 0x0000021a813ef800 'java/lang/invoke/LambdaForm$MH+0x0000021a813ef800'
Event: 24.772 Thread 0x0000021acb362bf0 Unloading class 0x0000021a813ef400 'java/lang/invoke/LambdaForm$MH+0x0000021a813ef400'
Event: 24.772 Thread 0x0000021acb362bf0 Unloading class 0x0000021a813ee800 'java/lang/invoke/LambdaForm$MH+0x0000021a813ee800'
Event: 24.772 Thread 0x0000021acb362bf0 Unloading class 0x0000021a813ee000 'java/lang/invoke/LambdaForm$MH+0x0000021a813ee000'
Event: 24.772 Thread 0x0000021acb362bf0 Unloading class 0x0000021a813ed800 'java/lang/invoke/LambdaForm$MH+0x0000021a813ed800'
Event: 24.772 Thread 0x0000021acb362bf0 Unloading class 0x0000021a813ed400 'java/lang/invoke/LambdaForm$MH+0x0000021a813ed400'

Classes redefined (0 events):
No events

Internal exceptions (20 events):
Event: 367.028 Thread 0x0000021af5119510 Exception <a 'java/lang/NoSuchMethodError'{0x00000000d55f8858}: static Lorg/gradle/internal/exceptions/ContextAwareException;.<clinit>()V> (0x00000000d55f8858) 
thrown [s\src\hotspot\share\prims\jni.cpp, line 1111]
Event: 367.028 Thread 0x0000021af5119510 Exception <a 'java/lang/NoSuchMethodError'{0x00000000d55fac28}: static Lorg/gradle/internal/exceptions/LocationAwareException;.<clinit>()V> (0x00000000d55fac28) 
thrown [s\src\hotspot\share\prims\jni.cpp, line 1111]
Event: 371.663 Thread 0x0000021aec6b8b10 Exception <a 'sun/nio/fs/WindowsException'{0x00000000d561cbd8}> (0x00000000d561cbd8) 
thrown [s\src\hotspot\share\prims\jni.cpp, line 520]
Event: 371.663 Thread 0x0000021aec6b8b10 Exception <a 'sun/nio/fs/WindowsException'{0x00000000d561d958}> (0x00000000d561d958) 
thrown [s\src\hotspot\share\prims\jni.cpp, line 520]
Event: 371.673 Thread 0x0000021aec6b8b10 Exception <a 'sun/nio/fs/WindowsException'{0x00000000d5647c28}> (0x00000000d5647c28) 
thrown [s\src\hotspot\share\prims\jni.cpp, line 520]
Event: 371.673 Thread 0x0000021aec6b8b10 Exception <a 'sun/nio/fs/WindowsException'{0x00000000d5648990}> (0x00000000d5648990) 
thrown [s\src\hotspot\share\prims\jni.cpp, line 520]
Event: 371.676 Thread 0x0000021aec6b8b10 Exception <a 'sun/nio/fs/WindowsException'{0x00000000d564f640}> (0x00000000d564f640) 
thrown [s\src\hotspot\share\prims\jni.cpp, line 520]
Event: 371.677 Thread 0x0000021aec6b8b10 Exception <a 'sun/nio/fs/WindowsException'{0x00000000d5650150}> (0x00000000d5650150) 
thrown [s\src\hotspot\share\prims\jni.cpp, line 520]
Event: 372.125 Thread 0x0000021aec6b8b10 Exception <a 'sun/nio/fs/WindowsException'{0x00000000d55b3790}> (0x00000000d55b3790) 
thrown [s\src\hotspot\share\prims\jni.cpp, line 520]
Event: 372.125 Thread 0x0000021aec6b8b10 Exception <a 'sun/nio/fs/WindowsException'{0x00000000d55b42b0}> (0x00000000d55b42b0) 
thrown [s\src\hotspot\share\prims\jni.cpp, line 520]
Event: 374.834 Thread 0x0000021aec6b8b10 Exception <a 'sun/nio/fs/WindowsException'{0x00000000d564afc8}> (0x00000000d564afc8) 
thrown [s\src\hotspot\share\prims\jni.cpp, line 520]
Event: 374.834 Thread 0x0000021aec6b8b10 Exception <a 'sun/nio/fs/WindowsException'{0x00000000d564bb08}> (0x00000000d564bb08) 
thrown [s\src\hotspot\share\prims\jni.cpp, line 520]
Event: 374.837 Thread 0x0000021aec6b8b10 Exception <a 'sun/nio/fs/WindowsException'{0x00000000d565fb50}> (0x00000000d565fb50) 
thrown [s\src\hotspot\share\prims\jni.cpp, line 520]
Event: 374.837 Thread 0x0000021aec6b8b10 Exception <a 'sun/nio/fs/WindowsException'{0x00000000d5660418}> (0x00000000d5660418) 
thrown [s\src\hotspot\share\prims\jni.cpp, line 520]
Event: 374.841 Thread 0x0000021aec6b8b10 Exception <a 'sun/nio/fs/WindowsException'{0x00000000d56649d0}> (0x00000000d56649d0) 
thrown [s\src\hotspot\share\prims\jni.cpp, line 520]
Event: 374.841 Thread 0x0000021aec6b8b10 Exception <a 'sun/nio/fs/WindowsException'{0x00000000d5665298}> (0x00000000d5665298) 
thrown [s\src\hotspot\share\prims\jni.cpp, line 520]
Event: 374.844 Thread 0x0000021aec6b8b10 Exception <a 'sun/nio/fs/WindowsException'{0x00000000d5676230}> (0x00000000d5676230) 
thrown [s\src\hotspot\share\prims\jni.cpp, line 520]
Event: 374.844 Thread 0x0000021aec6b8b10 Exception <a 'sun/nio/fs/WindowsException'{0x00000000d5676af8}> (0x00000000d5676af8) 
thrown [s\src\hotspot\share\prims\jni.cpp, line 520]
Event: 425.329 Thread 0x0000021af5119510 Exception <a 'sun/net/ConnectionResetException'{0x00000000d5628fd0}: Connection reset> (0x00000000d5628fd0) 
thrown [s\src\hotspot\share\prims\jni.cpp, line 539]
Event: 425.544 Thread 0x0000021af5119510 Exception <a 'java/io/IOException'{0x00000000d567d7e8}: Connection reset by peer> (0x00000000d567d7e8) 
thrown [s\src\hotspot\share\prims\jni.cpp, line 539]

ZGC Phase Switch (0 events):
No events

VM Operations (20 events):
Event: 377.439 Executing safepoint VM operation: ParallelGCFailedAllocation (Allocation Failure)
Event: 377.440 Executing safepoint VM operation: ParallelGCFailedAllocation (Allocation Failure) done
Event: 377.485 Executing safepoint VM operation: ParallelGCFailedAllocation (Allocation Failure)
Event: 377.485 Executing safepoint VM operation: ParallelGCFailedAllocation (Allocation Failure) done
Event: 377.525 Executing safepoint VM operation: ParallelGCFailedAllocation (Allocation Failure)
Event: 377.525 Executing safepoint VM operation: ParallelGCFailedAllocation (Allocation Failure) done
Event: 377.574 Executing safepoint VM operation: ParallelGCFailedAllocation (Allocation Failure)
Event: 377.575 Executing safepoint VM operation: ParallelGCFailedAllocation (Allocation Failure) done
Event: 380.592 Executing safepoint VM operation: Cleanup
Event: 380.592 Executing safepoint VM operation: Cleanup done
Event: 388.596 Executing safepoint VM operation: Cleanup
Event: 388.596 Executing safepoint VM operation: Cleanup done
Event: 410.652 Executing safepoint VM operation: Cleanup
Event: 410.652 Executing safepoint VM operation: Cleanup done
Event: 420.968 Executing non-safepoint VM operation: HandshakeAllThreads (HandshakeForDeflation)
Event: 420.968 Executing non-safepoint VM operation: HandshakeAllThreads (HandshakeForDeflation) done
Event: 420.968 Executing non-safepoint VM operation: RendezvousGCThreads
Event: 420.968 Executing non-safepoint VM operation: RendezvousGCThreads done
Event: 425.546 Executing safepoint VM operation: ParallelGCFailedAllocation (Allocation Failure)
Event: 425.550 Executing safepoint VM operation: ParallelGCFailedAllocation (Allocation Failure) done

Memory protections (0 events):
No events

Nmethod flushes (20 events):
Event: 254.789 Thread 0x0000021acb362bf0 flushing  nmethod 0x0000021acf330990
Event: 254.789 Thread 0x0000021acb362bf0 flushing  nmethod 0x0000021acf35bb10
Event: 254.789 Thread 0x0000021acb362bf0 flushing  nmethod 0x0000021acf360b90
Event: 254.789 Thread 0x0000021acb362bf0 flushing  nmethod 0x0000021acf366890
Event: 254.789 Thread 0x0000021acb362bf0 flushing  nmethod 0x0000021acf368710
Event: 254.789 Thread 0x0000021acb362bf0 flushing  nmethod 0x0000021acf36e490
Event: 254.789 Thread 0x0000021acb362bf0 flushing  nmethod 0x0000021acf398f90
Event: 254.789 Thread 0x0000021acb362bf0 flushing  nmethod 0x0000021acf399810
Event: 254.789 Thread 0x0000021acb362bf0 flushing  nmethod 0x0000021acf3ac410
Event: 254.789 Thread 0x0000021acb362bf0 flushing  nmethod 0x0000021acf3acb90
Event: 254.789 Thread 0x0000021acb362bf0 flushing  nmethod 0x0000021acf3ae890
Event: 254.789 Thread 0x0000021acb362bf0 flushing  nmethod 0x0000021acf3dc210
Event: 254.789 Thread 0x0000021acb362bf0 flushing  nmethod 0x0000021acf422690
Event: 254.789 Thread 0x0000021acb362bf0 flushing  nmethod 0x0000021acf422e10
Event: 254.789 Thread 0x0000021acb362bf0 flushing  nmethod 0x0000021acf423210
Event: 254.789 Thread 0x0000021acb362bf0 flushing  nmethod 0x0000021acf423a10
Event: 254.789 Thread 0x0000021acb362bf0 flushing  nmethod 0x0000021acf426190
Event: 254.789 Thread 0x0000021acb362bf0 flushing  nmethod 0x0000021acf427590
Event: 254.789 Thread 0x0000021acb362bf0 flushing  nmethod 0x0000021acf427990
Event: 254.789 Thread 0x0000021acb362bf0 flushing  nmethod 0x0000021acf459410

Events (20 events):
Event: 372.168 Thread 0x0000021af511a230 Thread exited: 0x0000021af511a230
Event: 372.177 Thread 0x0000021aec6b8b10 Thread added: 0x0000021af5119510
Event: 372.199 Thread 0x0000021af5119510 Thread added: 0x0000021af511a230
Event: 374.833 Thread 0x0000021af511a230 Thread exited: 0x0000021af511a230
Event: 374.860 Thread 0x0000021af5119510 Thread exited: 0x0000021af5119510
Event: 374.872 Thread 0x0000021aec6b8b10 Thread added: 0x0000021af5119510
Event: 374.901 Thread 0x0000021af5119510 Thread added: 0x0000021af5119ba0
Event: 377.291 Thread 0x0000021af5119ba0 Thread exited: 0x0000021af5119ba0
Event: 377.291 Thread 0x0000021af5119510 Thread exited: 0x0000021af5119510
Event: 377.369 Thread 0x0000021aec6b8b10 Thread added: 0x0000021af5119510
Event: 377.583 Thread 0x0000021af5119510 Thread added: 0x0000021af5119ba0
Event: 377.588 Thread 0x0000021af5119ba0 Thread added: 0x0000021af511a230
Event: 377.588 Thread 0x0000021af5119ba0 Thread added: 0x0000021af5116db0
Event: 377.588 Thread 0x0000021af511a230 Thread exited: 0x0000021af511a230
Event: 379.653 Thread 0x0000021af5116db0 Thread exited: 0x0000021af5116db0
Event: 379.653 Thread 0x0000021af5119ba0 Thread exited: 0x0000021af5119ba0
Event: 417.514 Thread 0x0000021aec6b6a40 Thread exited: 0x0000021aec6b6a40
Event: 425.554 Thread 0x0000021af5119510 Thread exited: 0x0000021af5119510
Event: 435.015 Thread 0x0000021ae9b657c0 Thread exited: 0x0000021ae9b657c0
Event: 477.516 Thread 0x0000021aec6b7760 Thread exited: 0x0000021aec6b7760


Dynamic libraries:
0x00007ff6aa770000 - 0x00007ff6aa77e000 	c:\Users\jibri\.vscode\extensions\redhat.java-1.54.0-win32-x64\jre\21.0.10-win32-x86_64\bin\java.exe
0x00007ff911840000 - 0x00007ff911aa7000 	C:\WINDOWS\SYSTEM32\ntdll.dll
0x00007ff90f650000 - 0x00007ff90f719000 	C:\WINDOWS\System32\KERNEL32.DLL
0x00007ff90e2a0000 - 0x00007ff90e697000 	C:\WINDOWS\System32\KERNELBASE.dll
0x00007ff90f330000 - 0x00007ff90f47b000 	C:\WINDOWS\System32\ucrtbase.dll
0x00007ff8d4310000 - 0x00007ff8d4328000 	c:\Users\jibri\.vscode\extensions\redhat.java-1.54.0-win32-x64\jre\21.0.10-win32-x86_64\bin\jli.dll
0x00007ff8d4d20000 - 0x00007ff8d4d3e000 	c:\Users\jibri\.vscode\extensions\redhat.java-1.54.0-win32-x64\jre\21.0.10-win32-x86_64\bin\VCRUNTIME140.dll
0x00007ff911570000 - 0x00007ff911736000 	C:\WINDOWS\System32\USER32.dll
0x00007ff90e270000 - 0x00007ff90e297000 	C:\WINDOWS\System32\win32u.dll
0x00007ff910d80000 - 0x00007ff910dab000 	C:\WINDOWS\System32\GDI32.dll
0x00007ff90f080000 - 0x00007ff90f1ac000 	C:\WINDOWS\System32\gdi32full.dll
0x00007ff90f510000 - 0x00007ff90f5b3000 	C:\WINDOWS\System32\msvcp_win.dll
0x00007ff8e9210000 - 0x00007ff8e94a2000 	C:\WINDOWS\WinSxS\amd64_microsoft.windows.common-controls_6595b64144ccf1df_6.0.26100.8457_none_3e0b2faee331e92d\COMCTL32.dll
0x00007ff90f8b0000 - 0x00007ff90f959000 	C:\WINDOWS\System32\msvcrt.dll
0x00007ff90f7f0000 - 0x00007ff90f822000 	C:\WINDOWS\System32\IMM32.DLL
0x00007ff8d5a30000 - 0x00007ff8d5a3c000 	c:\Users\jibri\.vscode\extensions\redhat.java-1.54.0-win32-x64\jre\21.0.10-win32-x86_64\bin\vcruntime140_1.dll
0x00007ff8b95a0000 - 0x00007ff8b962d000 	c:\Users\jibri\.vscode\extensions\redhat.java-1.54.0-win32-x64\jre\21.0.10-win32-x86_64\bin\msvcp140.dll
0x00007ff8336f0000 - 0x00007ff834491000 	c:\Users\jibri\.vscode\extensions\redhat.java-1.54.0-win32-x64\jre\21.0.10-win32-x86_64\bin\server\jvm.dll
0x00007ff911740000 - 0x00007ff9117f6000 	C:\WINDOWS\System32\ADVAPI32.dll
0x00007ff910520000 - 0x00007ff9105c7000 	C:\WINDOWS\System32\sechost.dll
0x00007ff9105d0000 - 0x00007ff9106e8000 	C:\WINDOWS\System32\RPCRT4.dll
0x00007ff90f5c0000 - 0x00007ff90f640000 	C:\WINDOWS\System32\WS2_32.dll
0x00007ff900920000 - 0x00007ff900956000 	C:\WINDOWS\SYSTEM32\WINMM.dll
0x00007ff90e0d0000 - 0x00007ff90e12e000 	C:\WINDOWS\SYSTEM32\POWRPROF.dll
0x00007ff905dd0000 - 0x00007ff905ddb000 	C:\WINDOWS\SYSTEM32\VERSION.dll
0x00007ff90e0b0000 - 0x00007ff90e0c4000 	C:\WINDOWS\SYSTEM32\UMPDC.dll
0x00007ff90cfd0000 - 0x00007ff90cfeb000 	C:\WINDOWS\SYSTEM32\kernel.appcore.dll
0x00007ff8d5070000 - 0x00007ff8d507a000 	c:\Users\jibri\.vscode\extensions\redhat.java-1.54.0-win32-x64\jre\21.0.10-win32-x86_64\bin\jimage.dll
0x00007ff90bfa0000 - 0x00007ff90c1e2000 	C:\WINDOWS\SYSTEM32\DBGHELP.DLL
0x00007ff90fc40000 - 0x00007ff90ffc3000 	C:\WINDOWS\System32\combase.dll
0x00007ff9101a0000 - 0x00007ff910279000 	C:\WINDOWS\System32\OLEAUT32.dll
0x00007ff8e3840000 - 0x00007ff8e387b000 	C:\WINDOWS\SYSTEM32\dbgcore.DLL
0x00007ff90ef10000 - 0x00007ff90efb8000 	C:\WINDOWS\System32\bcryptPrimitives.dll
0x00007ff8d32f0000 - 0x00007ff8d32ff000 	c:\Users\jibri\.vscode\extensions\redhat.java-1.54.0-win32-x64\jre\21.0.10-win32-x86_64\bin\instrument.dll
0x00007ff8d4210000 - 0x00007ff8d4230000 	c:\Users\jibri\.vscode\extensions\redhat.java-1.54.0-win32-x64\jre\21.0.10-win32-x86_64\bin\java.dll
0x00007ff910db0000 - 0x00007ff91151e000 	C:\WINDOWS\System32\SHELL32.dll
0x00007ff90e6a0000 - 0x00007ff90ef0c000 	C:\WINDOWS\System32\windows.storage.dll
0x00007ff90fb40000 - 0x00007ff90fc36000 	C:\WINDOWS\System32\SHCORE.dll
0x00007ff90ffd0000 - 0x00007ff910036000 	C:\WINDOWS\System32\shlwapi.dll
0x00007ff90e190000 - 0x00007ff90e1b9000 	C:\WINDOWS\SYSTEM32\profapi.dll
0x00007ff8d3300000 - 0x00007ff8d3318000 	c:\Users\jibri\.vscode\extensions\redhat.java-1.54.0-win32-x64\jre\21.0.10-win32-x86_64\bin\zip.dll
0x00007ff8d4d10000 - 0x00007ff8d4d20000 	C:\Users\jibri\.vscode\extensions\redhat.java-1.54.0-win32-x64\jre\21.0.10-win32-x86_64\bin\net.dll
0x00007ff906160000 - 0x00007ff906289000 	C:\WINDOWS\SYSTEM32\WINHTTP.dll
0x00007ff90d570000 - 0x00007ff90d5dc000 	C:\WINDOWS\system32\mswsock.dll
0x00007ff8d1c60000 - 0x00007ff8d1c76000 	C:\Users\jibri\.vscode\extensions\redhat.java-1.54.0-win32-x64\jre\21.0.10-win32-x86_64\bin\nio.dll
0x00007ff8d1be0000 - 0x00007ff8d1bf0000 	c:\Users\jibri\.vscode\extensions\redhat.java-1.54.0-win32-x64\jre\21.0.10-win32-x86_64\bin\verify.dll
0x00007ff8bdc10000 - 0x00007ff8bdc55000 	C:\Users\jibri\AppData\Roaming\Code\User\globalStorage\redhat.java\1.54.0\config_win\org.eclipse.equinox.launcher\org.eclipse.equinox.launcher.win32.win32.x86_64_1.3.0.v20260203-2149\eclipse_11919.dll
0x00007ff9106f0000 - 0x00007ff910887000 	C:\WINDOWS\System32\ole32.dll
0x00007ff90d850000 - 0x00007ff90d86b000 	C:\WINDOWS\SYSTEM32\CRYPTSP.dll
0x00007ff90cf30000 - 0x00007ff90cf69000 	C:\WINDOWS\system32\rsaenh.dll
0x00007ff90d620000 - 0x00007ff90d653000 	C:\WINDOWS\SYSTEM32\USERENV.dll
0x00007ff90e160000 - 0x00007ff90e18a000 	C:\WINDOWS\SYSTEM32\bcrypt.dll
0x00007ff90d870000 - 0x00007ff90d87c000 	C:\WINDOWS\SYSTEM32\CRYPTBASE.dll
0x00007ff90ca00000 - 0x00007ff90ca32000 	C:\WINDOWS\SYSTEM32\IPHLPAPI.DLL
0x00007ff90f880000 - 0x00007ff90f88a000 	C:\WINDOWS\System32\NSI.dll
0x00007ff8b7600000 - 0x00007ff8b7649000 	C:\Users\jibri\AppData\Local\Temp\jna-101119098\jna4971174918066317493.dll
0x00007ff90f720000 - 0x00007ff90f728000 	C:\WINDOWS\System32\PSAPI.DLL
0x00007ff906340000 - 0x00007ff90635d000 	C:\WINDOWS\SYSTEM32\dhcpcsvc6.DLL
0x00007ff906130000 - 0x00007ff906155000 	C:\WINDOWS\SYSTEM32\dhcpcsvc.DLL
0x00007ff8d6140000 - 0x00007ff8d6167000 	C:\Users\jibri\.gradle\native\1def1411415f61bf3af743bc5b6707747c0891f09f0c88961ee8f79bc544acac\windows-amd64\native-platform.dll
0x00007ff90ae10000 - 0x00007ff90ae1a000 	C:\Users\jibri\.vscode\extensions\redhat.java-1.54.0-win32-x64\jre\21.0.10-win32-x86_64\bin\management.dll
0x00007ff8cefc0000 - 0x00007ff8cefcc000 	C:\Users\jibri\.vscode\extensions\redhat.java-1.54.0-win32-x64\jre\21.0.10-win32-x86_64\bin\management_ext.dll
0x00007ff8d4710000 - 0x00007ff8d471e000 	C:\Users\jibri\.vscode\extensions\redhat.java-1.54.0-win32-x64\jre\21.0.10-win32-x86_64\bin\sunmscapi.dll
0x00007ff90f1b0000 - 0x00007ff90f328000 	C:\WINDOWS\System32\CRYPT32.dll
0x00007ff90da70000 - 0x00007ff90daa0000 	C:\WINDOWS\SYSTEM32\ncrypt.dll
0x00007ff90da20000 - 0x00007ff90da5f000 	C:\WINDOWS\SYSTEM32\NTASN1.dll
0x00007ff90caa0000 - 0x00007ff90cbd2000 	C:\WINDOWS\SYSTEM32\DNSAPI.dll
0x00007ff905880000 - 0x00007ff90588b000 	C:\Windows\System32\rasadhlp.dll
0x00007ff905350000 - 0x00007ff9053d6000 	C:\WINDOWS\System32\fwpuclnt.dll
0x00007ff8d4300000 - 0x00007ff8d4309000 	C:\Users\jibri\.vscode\extensions\redhat.java-1.54.0-win32-x64\jre\21.0.10-win32-x86_64\bin\extnet.dll
0x00007ff8d93a0000 - 0x00007ff8d93a8000 	C:\WINDOWS\system32\wshunix.dll
0x00007ff8c5ac0000 - 0x00007ff8c5ae7000 	C:\Users\jibri\.gradle\native\c067742578af261105cb4f569cf0c3c89f3d7b1fecec35dd04571415982c5e48\windows-amd64\native-platform.dll
0x00007ff8d4350000 - 0x00007ff8d4376000 	C:\Users\jibri\.gradle\native\29\windows-amd64\native-platform.dll
0x00007ff8c3a10000 - 0x00007ff8c3a37000 	C:\Users\jibri\.gradle\native\660c5614fbf4a5f2a75b1949f50a0caf5cd603558e7d8a26e50b933a0cfb79d1\windows-amd64\native-platform.dll
0x00007ff8bf0a0000 - 0x00007ff8bf0c7000 	C:\Users\jibri\.gradle\native\e1d6ef7f7dcc3fd88c89a11ec53ec762bb8ba0a96d01ffa2cd45eb1d1d8dd5c5\windows-amd64\native-platform.dll

JVMTI agents:
c:\Users\jibri\.vscode\extensions\redhat.java-1.54.0-win32-x64\lombok\lombok-1.18.39-4050.jar path:c:\Users\jibri\.vscode\extensions\redhat.java-1.54.0-win32-x64\jre\21.0.10-win32-x86_64\bin\instrument.dll, loaded, initialized, instrumentlib options:none

dbghelp: loaded successfully - version: 4.0.5 - missing functions: none
symbol engine: initialized successfully - sym options: 0x614 - pdb path: .;c:\Users\jibri\.vscode\extensions\redhat.java-1.54.0-win32-x64\jre\21.0.10-win32-x86_64\bin;C:\WINDOWS\SYSTEM32;C:\WINDOWS\WinSxS\amd64_microsoft.windows.common-controls_6595b64144ccf1df_6.0.26100.8457_none_3e0b2faee331e92d;c:\Users\jibri\.vscode\extensions\redhat.java-1.54.0-win32-x64\jre\21.0.10-win32-x86_64\bin\server;C:\Users\jibri\AppData\Roaming\Code\User\globalStorage\redhat.java\1.54.0\config_win\org.eclipse.equinox.launcher\org.eclipse.equinox.launcher.win32.win32.x86_64_1.3.0.v20260203-2149;C:\Users\jibri\AppData\Local\Temp\jna-101119098;C:\Users\jibri\.gradle\native\1def1411415f61bf3af743bc5b6707747c0891f09f0c88961ee8f79bc544acac\windows-amd64;C:\Users\jibri\.gradle\native\c067742578af261105cb4f569cf0c3c89f3d7b1fecec35dd04571415982c5e48\windows-amd64;C:\Users\jibri\.gradle\native\29\windows-amd64;C:\Users\jibri\.gradle\native\660c5614fbf4a5f2a75b1949f50a0caf5cd603558e7d8a26e50b933a0cfb79d1\windows-amd64;C:\Users\jibri\.gradle\native\e1d6ef7f7dcc3fd88c89a11ec53ec762bb8ba0a96d01ffa2cd45eb1d1d8dd5c5\windows-amd64

VM Arguments:
jvm_args: --add-modules=ALL-SYSTEM --add-opens=java.base/java.util=ALL-UNNAMED --add-opens=java.base/java.lang=ALL-UNNAMED --add-opens=java.base/sun.nio.fs=ALL-UNNAMED -Declipse.application=org.eclipse.jdt.ls.core.id1 -Dosgi.bundles.defaultStartLevel=4 -Declipse.product=org.eclipse.jdt.ls.core.product -Djava.import.generatesMetadataFilesAtProjectRoot=false -DDetectVMInstallationsJob.disabled=true -Dfile.encoding=utf8 -XX:+UseParallelGC -XX:GCTimeRatio=4 -XX:AdaptiveSizePolicyWeight=90 -Dsun.zip.disableMemoryMapping=true -Xmx2G -Xms100m -Xlog:disable -javaagent:c:\Users\jibri\.vscode\extensions\redhat.java-1.54.0-win32-x64\lombok\lombok-1.18.39-4050.jar -XX:+HeapDumpOnOutOfMemoryError -XX:HeapDumpPath=c:\Users\jibri\AppData\Roaming\Code\User\workspaceStorage\8b75b7c593fc459511d45e689933c160\redhat.java -Daether.dependencyCollector.impl=bf 
java_command: c:\Users\jibri\.vscode\extensions\redhat.java-1.54.0-win32-x64\server\plugins\org.eclipse.equinox.launcher_1.7.100.v20251111-0406.jar -configuration c:\Users\jibri\AppData\Roaming\Code\User\globalStorage\redhat.java\1.54.0\config_win -data c:\Users\jibri\AppData\Roaming\Code\User\workspaceStorage\8b75b7c593fc459511d45e689933c160\redhat.java\jdt_ws --pipe=\\.\pipe\lsp-c95c8e5e5d396e8bd1dc4f828a343d4f-sock
java_class_path (initial): c:\Users\jibri\.vscode\extensions\redhat.java-1.54.0-win32-x64\server\plugins\org.eclipse.equinox.launcher_1.7.100.v20251111-0406.jar
Launcher Type: SUN_STANDARD

[Global flags]
    uintx AdaptiveSizePolicyWeight                 = 90                                        {product} {command line}
     intx CICompilerCount                          = 4                                         {product} {ergonomic}
    uintx GCTimeRatio                              = 4                                         {product} {command line}
     bool HeapDumpOnOutOfMemoryError               = true                                   {manageable} {command line}
    ccstr HeapDumpPath                             = c:\Users\jibri\AppData\Roaming\Code\User\workspaceStorage\8b75b7c593fc459511d45e689933c160\redhat.java         {manageable} {command line}
   size_t InitialHeapSize                          = 104857600                                 {product} {command line}
   size_t MaxHeapSize                              = 2147483648                                {product} {command line}
   size_t MaxNewSize                               = 715653120                                 {product} {ergonomic}
   size_t MinHeapDeltaBytes                        = 524288                                    {product} {ergonomic}
   size_t MinHeapSize                              = 104857600                                 {product} {command line}
   size_t NewSize                                  = 34603008                                  {product} {ergonomic}
    uintx NonNMethodCodeHeapSize                   = 5839372                                {pd product} {ergonomic}
    uintx NonProfiledCodeHeapSize                  = 122909434                              {pd product} {ergonomic}
   size_t OldSize                                  = 70254592                                  {product} {ergonomic}
    uintx ProfiledCodeHeapSize                     = 122909434                              {pd product} {ergonomic}
    uintx ReservedCodeCacheSize                    = 251658240                              {pd product} {ergonomic}
     bool SegmentedCodeCache                       = true                                      {product} {ergonomic}
   size_t SoftMaxHeapSize                          = 2147483648                             {manageable} {ergonomic}
     bool UseCompressedOops                        = true                           {product lp64_product} {ergonomic}
     bool UseLargePagesIndividualAllocation        = false                                  {pd product} {ergonomic}
     bool UseParallelGC                            = true                                      {product} {command line}

Logging:
Log output configuration:
 #0: stdout all=off uptime,level,tags foldmultilines=false
 #1: stderr all=off uptime,level,tags foldmultilines=false

Release file:
JAVA_VERSION="21.0.10" 
MODULES="java.base java.compiler java.datatransfer java.xml java.prefs java.desktop java.instrument java.logging java.management java.security.sasl java.naming java.rmi java.management.rmi java.net.http java.scripting java.security.jgss java.transaction.xa java.sql java.sql.rowset java.xml.crypto java.se java.smartcardio jdk.accessibility jdk.internal.jvmstat jdk.attach jdk.charsets jdk.internal.opt jdk.zipfs jdk.compiler jdk.crypto.ec jdk.crypto.cryptoki jdk.crypto.mscapi jdk.dynalink jdk.internal.ed jdk.editpad jdk.hotspot.agent jdk.httpserver jdk.internal.le jdk.internal.vm.ci jdk.internal.vm.compiler jdk.internal.vm.compiler.management jdk.jartool jdk.javadoc jdk.jcmd jdk.management jdk.management.agent jdk.jconsole jdk.jdeps jdk.jdwp.agent jdk.jdi jdk.jfr jdk.jshell jdk.jsobject jdk.jstatd jdk.localedata jdk.management.jfr jdk.naming.dns jdk.naming.rmi jdk.net jdk.nio.mapmode jdk.random jdk.sctp jdk.security.auth jdk.security.jgss jdk.unsupported jdk.unsupported.desktop jdk.xml.dom" 

Environment Variables:
JAVA_HOME=C:\Program Files\Java\jdk-17
PATH=C:\Program Files\Microsoft\jdk-17.0.16.8-hotspot\bin;C:\ProgramData\Oracle\Java\javapath;C:\Program Files\NVIDIA GPU Computing Toolkit\CUDA\v12.8\bin;C:\Program Files\NVIDIA GPU Computing Toolkit\CUDA\v12.8\libnvvp;C:\Program Files\Common Files\Oracle\Java\javapath;C:\PHP\;C:\Windows\system32;C:\Windows;C:\Windows\System32\Wbem;C:\Windows\System32\WindowsPowerShell\v1.0\;C:\Windows\System32\OpenSSH\;C:\Program Files (x86)\NVIDIA Corporation\PhysX\Common;C:\Program Files\Microsoft SQL Server\150\Tools\Binn\;C:\Program Files\Microsoft SQL Server\Client SDK\ODBC\170\Tools\Binn\;C:\ProgramData\ComposerSetup\bin;C:\Users\jibri\.config\herd\bin\nvm;C:\Program Files\nodejs;C:\Program Files\Java\jdk-17\bin;C:\xampp\php;C:\WINDOWS\system32;C:\WINDOWS;C:\WINDOWS\System32\Wbem;C:\WINDOWS\System32\WindowsPowerShell\v1.0\;C:\WINDOWS\System32\OpenSSH\;C:\Program Files\nodejs\;C:\Program Files\Git\cmd;C:\Program Files\Git\bin;C:\Users\jibri\AppData\Local\Pub\Cache\bin;C:\Program Files\NVIDIA Corporation\NVIDIA app\NvDLISR;C:\Program Files\heroku\bin;C:\Program Files\NVIDIA Corporation\Nsight Compute 2025.1.1\;C:\ProgramData\chocolatey\bin;C:\Users\jibri\AppData\Local\Programs\Python\Python310\Scripts;C:\Program Files\dotnet\;C:\Program Files (x86)\Windows Kits\10\Windows Performance Toolkit\;C:\Users\jibri\AppData\Local\Android\Sdk\platform-tools;C:\Program Files\Docker\Docker\resources\bin;C:\PHP\phpoldversion\;C:\Program Files\MySQL\MySQL Shell 8.0\bin\;C:\Users\jibri\AppData\Local\Programs\Python\Python310\Scripts\;C:\Users\jibri\AppData\Local\Programs\Python\Python310\;C:\Users\jibri\.config\herd\bin;C:\Users\jibri\AppData\Local\Microsoft\WindowsApps;C:\Users\jibri\AppData\Local\Programs\Microsoft VS Code\bin;C:\Users\jibri\AppData\Roaming\Composer\vendor\bin;C:\flutter\flutter\bin;C:\Users\jibri\AppData\Roaming\npm;C:\Program Files\Git;C:\Users\jibri\AppData\Local\Pub\Cache\bin;C:\Program Files\heroku\bin;C:\Users\jibri\.dotnet\tools;C:\AppServ\Apache24\bin;C:\AppServ\php7;C:\AppServ\MySQL\bin;C:\Users\jibri\AppData\Local\Android\Sdk\build-tools;C:\ProgramData\chocolatey\bin;C:\Program Files\nodejs\;C:\Users\jibri\AppData\Local\Programs\cursor\resources\app\bin;C:\Users\jibri\AppData\Local\Programs\Antigravity IDE\bin
USERNAME=jibri
OS=Windows_NT
PROCESSOR_IDENTIFIER=Intel64 Family 6 Model 191 Stepping 2, GenuineIntel
TMP=C:\Users\jibri\AppData\Local\Temp
TEMP=C:\Users\jibri\AppData\Local\Temp




Periodic native trim disabled

---------------  S Y S T E M  ---------------

OS:
 Windows 11 , 64 bit Build 26100 (10.0.26100.8328)
OS uptime: 0 days 9:22 hours
Hyper-V role detected

CPU: total 15 (initial active 15) (10 cores per cpu, 2 threads per core) family 6 model 191 stepping 2 microcode 0x2c, cx8, cmov, fxsr, ht, mmx, 3dnowpref, sse, sse2, sse3, ssse3, sse4.1, sse4.2, popcnt, lzcnt, tsc, tscinvbit, avx, avx2, aes, erms, clmul, bmi1, bmi2, adx, sha, fma, vzeroupper, clflush, clflushopt, clwb, hv, serialize, rdtscp, rdpid, fsrm, f16c, cet_ibt, cet_ss
Processor Information for processor 0
  Max Mhz: 2500, Current Mhz: 2500, Mhz Limit: 2500
Processor Information for processor 1
  Max Mhz: 2500, Current Mhz: 2500, Mhz Limit: 2500
Processor Information for processor 2
  Max Mhz: 2500, Current Mhz: 2500, Mhz Limit: 2500
Processor Information for processor 3
  Max Mhz: 2500, Current Mhz: 2500, Mhz Limit: 2500
Processor Information for processor 4
  Max Mhz: 2500, Current Mhz: 2500, Mhz Limit: 2500
Processor Information for processor 5
  Max Mhz: 2500, Current Mhz: 2500, Mhz Limit: 2500
Processor Information for processor 6
  Max Mhz: 2500, Current Mhz: 2500, Mhz Limit: 2500
Processor Information for processor 7
  Max Mhz: 2500, Current Mhz: 2500, Mhz Limit: 2500
Processor Information for processor 8
  Max Mhz: 2500, Current Mhz: 2500, Mhz Limit: 2500
Processor Information for processor 9
  Max Mhz: 2500, Current Mhz: 2500, Mhz Limit: 2500
Processor Information for processor 10
  Max Mhz: 2500, Current Mhz: 2500, Mhz Limit: 2500
Processor Information for processor 11
  Max Mhz: 2500, Current Mhz: 2500, Mhz Limit: 2500
Processor Information for processor 12
  Max Mhz: 2688, Current Mhz: 2688, Mhz Limit: 2688
Processor Information for processor 13
  Max Mhz: 2688, Current Mhz: 2688, Mhz Limit: 2688
Processor Information for processor 14
  Max Mhz: 2688, Current Mhz: 2688, Mhz Limit: 2688

Memory: 4k page, system-wide physical 7911M (511M free)
TotalPageFile size 32487M (AvailPageFile size 7M)
current process WorkingSet (physical memory assigned to process): 13M, peak: 322M
current process commit charge ("private bytes"): 544M, peak: 550M

vm_info: OpenJDK 64-Bit Server VM (21.0.10+7-LTS) for windows-amd64 JRE (21.0.10+7-LTS), built on 2026-01-20T00:00:00Z by "admin" with MS VC++ 17.12 (VS2022)

END.
