#
# There is insufficient memory for the Java Runtime Environment to continue.
# Native memory allocation (malloc) failed to allocate 602992 bytes. Error detail: Chunk::new
# Possible reasons:
#   The system is out of physical RAM or swap space
#   This process is running with CompressedOops enabled, and the Java Heap may be blocking the growth of the native heap
# Possible solutions:
#   Reduce memory load on the system
#   Increase physical memory or swap space
#   Check if swap backing store is full
#   Decrease Java heap size (-Xmx/-Xms)
#   Decrease number of Java threads
#   Decrease Java thread stack sizes (-Xss)
#   Set larger code cache with -XX:ReservedCodeCacheSize=
#   JVM is running with Unscaled Compressed Oops mode in which the Java heap is
#     placed in the first 4GB address space. The Java Heap base address is the
#     maximum limit for the native heap growth. Please use -XX:HeapBaseMinAddress
#     to set the Java Heap base and to place the Java Heap above 4GB virtual address.
# This output file may be truncated or incomplete.
#
#  Out of Memory Error (arena.cpp:168), pid=31592, tid=4272
#
# JRE version: OpenJDK Runtime Environment Temurin-21.0.9+10 (21.0.9+10) (build 21.0.9+10-LTS)
# Java VM: OpenJDK 64-Bit Server VM Temurin-21.0.9+10 (21.0.9+10-LTS, mixed mode, sharing, tiered, compressed oops, compressed class ptrs, parallel gc, windows-amd64)
# No core dump will be written. Minidumps are not enabled by default on client versions of Windows
#

---------------  S U M M A R Y ------------

Command Line: --add-modules=ALL-SYSTEM --add-opens=java.base/java.util=ALL-UNNAMED --add-opens=java.base/java.lang=ALL-UNNAMED --add-opens=java.base/sun.nio.fs=ALL-UNNAMED -Declipse.application=org.eclipse.jdt.ls.core.id1 -Dosgi.bundles.defaultStartLevel=4 -Declipse.product=org.eclipse.jdt.ls.core.product -Djava.import.generatesMetadataFilesAtProjectRoot=false -DDetectVMInstallationsJob.disabled=true -Dfile.encoding=utf8 -XX:+UseParallelGC -XX:GCTimeRatio=4 -XX:AdaptiveSizePolicyWeight=90 -Dsun.zip.disableMemoryMapping=true -Xmx2G -Xms100m -Xlog:disable -javaagent:c:\Users\jibri\.cursor\extensions\redhat.java-1.50.0-win32-x64\lombok\lombok-1.18.39-4050.jar -XX:+HeapDumpOnOutOfMemoryError -XX:HeapDumpPath=c:\Users\jibri\AppData\Roaming\Cursor\User\workspaceStorage\8b75b7c593fc459511d45e689933c160\redhat.java -Daether.dependencyCollector.impl=bf c:\Users\jibri\.cursor\extensions\redhat.java-1.50.0-win32-x64\server\plugins\org.eclipse.equinox.launcher_1.7.100.v20251111-0406.jar -configuration c:\Users\jibri\AppData\Roaming\Cursor\User\globalStorage\redhat.java\1.50.0\config_win -data c:\Users\jibri\AppData\Roaming\Cursor\User\workspaceStorage\8b75b7c593fc459511d45e689933c160\redhat.java\jdt_ws --pipe=\\.\pipe\lsp-0a2e1cc8240c65c7d93c94b101eacf3a-sock

Host: 13th Gen Intel(R) Core(TM) i5-13500HX, 20 cores, 7G,  Windows 11 , 64 bit Build 26100 (10.0.26100.7019)
Time: Sun Dec  7 16:40:40 2025 Malay Peninsula Standard Time elapsed time: 11.096909 seconds (0d 0h 0m 11s)

---------------  T H R E A D  ---------------

Current thread (0x0000021c37c8e8d0):  JavaThread "C2 CompilerThread0" daemon [_thread_in_native, id=4272, stack(0x000000f6ba100000,0x000000f6ba200000) (1024K)]


Current CompileTask:
C2:11097 4104   !   4       java.util.jar.Attributes::read (494 bytes)

Stack: [0x000000f6ba100000,0x000000f6ba200000]
Native frames: (J=compiled Java code, j=interpreted, Vv=VM code, C=native code)
V  [jvm.dll+0x6d6e29]
V  [jvm.dll+0x8b4b76]
V  [jvm.dll+0x8b712e]
V  [jvm.dll+0x8b7813]
V  [jvm.dll+0x283d86]
V  [jvm.dll+0xc66ed]
V  [jvm.dll+0xc6c31]
V  [jvm.dll+0x3be53b]
V  [jvm.dll+0x38ab92]
V  [jvm.dll+0x389fda]
V  [jvm.dll+0x24bfa0]
V  [jvm.dll+0x24b580]
V  [jvm.dll+0x1cb13e]
V  [jvm.dll+0x25b29d]
V  [jvm.dll+0x25982a]
V  [jvm.dll+0x3f7ea6]
V  [jvm.dll+0x85e9ad]
V  [jvm.dll+0x6d565d]
C  [ucrtbase.dll+0x37b0]
C  [KERNEL32.DLL+0x2e8d7]
C  [ntdll.dll+0x8c53c]


---------------  P R O C E S S  ---------------

Threads class SMR info:
_java_thread_list=0x0000021c98707340, length=22, elements={
0x0000021c37ce6510, 0x0000021c37c791b0, 0x0000021c37c7a770, 0x0000021c37c80de0,
0x0000021c37c7e680, 0x0000021c37c7dff0, 0x0000021c37c7f3a0, 0x0000021c37c8e8d0,
0x0000021c90b7e560, 0x0000021c37c81470, 0x0000021c37c7ed10, 0x0000021c37c7fa30,
0x0000021c37c800c0, 0x0000021c9799b670, 0x0000021c9799c390, 0x0000021c9799bd00,
0x0000021c9799ca20, 0x0000021c9799d0b0, 0x0000021c9799ddd0, 0x0000021c9799e460,
0x0000021c9799afe0, 0x0000021c9748d650
}

Java Threads: ( => current thread )
  0x0000021c37ce6510 JavaThread "main"                              [_thread_blocked, id=4652, stack(0x000000f6b9700000,0x000000f6b9800000) (1024K)]
  0x0000021c37c791b0 JavaThread "Reference Handler"          daemon [_thread_blocked, id=8552, stack(0x000000f6b9b00000,0x000000f6b9c00000) (1024K)]
  0x0000021c37c7a770 JavaThread "Finalizer"                  daemon [_thread_blocked, id=29620, stack(0x000000f6b9c00000,0x000000f6b9d00000) (1024K)]
  0x0000021c37c80de0 JavaThread "Signal Dispatcher"          daemon [_thread_blocked, id=35764, stack(0x000000f6b9d00000,0x000000f6b9e00000) (1024K)]
  0x0000021c37c7e680 JavaThread "Attach Listener"            daemon [_thread_blocked, id=32416, stack(0x000000f6b9e00000,0x000000f6b9f00000) (1024K)]
  0x0000021c37c7dff0 JavaThread "Service Thread"             daemon [_thread_blocked, id=23960, stack(0x000000f6b9f00000,0x000000f6ba000000) (1024K)]
  0x0000021c37c7f3a0 JavaThread "Monitor Deflation Thread"   daemon [_thread_blocked, id=32144, stack(0x000000f6ba000000,0x000000f6ba100000) (1024K)]
=>0x0000021c37c8e8d0 JavaThread "C2 CompilerThread0"         daemon [_thread_in_native, id=4272, stack(0x000000f6ba100000,0x000000f6ba200000) (1024K)]
  0x0000021c90b7e560 JavaThread "C1 CompilerThread0"         daemon [_thread_blocked, id=23304, stack(0x000000f6ba200000,0x000000f6ba300000) (1024K)]
  0x0000021c37c81470 JavaThread "Common-Cleaner"             daemon [_thread_blocked, id=24476, stack(0x000000f6ba500000,0x000000f6ba600000) (1024K)]
  0x0000021c37c7ed10 JavaThread "Notification Thread"        daemon [_thread_blocked, id=33660, stack(0x000000f6ba800000,0x000000f6ba900000) (1024K)]
  0x0000021c37c7fa30 JavaThread "Active Thread: Equinox Container: 3f7623ba-87f0-4b36-95dc-a4d962f6e02e"        [_thread_blocked, id=28960, stack(0x000000f6bb000000,0x000000f6bb100000) (1024K)]
  0x0000021c37c800c0 JavaThread "Refresh Thread: Equinox Container: 3f7623ba-87f0-4b36-95dc-a4d962f6e02e" daemon [_thread_blocked, id=2036, stack(0x000000f6bb200000,0x000000f6bb300000) (1024K)]
  0x0000021c9799b670 JavaThread "Framework Event Dispatcher: Equinox Container: 3f7623ba-87f0-4b36-95dc-a4d962f6e02e" daemon [_thread_blocked, id=18340, stack(0x000000f6bb300000,0x000000f6bb400000) (1024K)]
  0x0000021c9799c390 JavaThread "Start Level: Equinox Container: 3f7623ba-87f0-4b36-95dc-a4d962f6e02e" daemon [_thread_in_native, id=34168, stack(0x000000f6bb400000,0x000000f6bb500000) (1024K)]
  0x0000021c9799bd00 JavaThread "Bundle File Closer"         daemon [_thread_blocked, id=26420, stack(0x000000f6bb800000,0x000000f6bb900000) (1024K)]
  0x0000021c9799ca20 JavaThread "SCR Component Actor"        daemon [_thread_blocked, id=34244, stack(0x000000f6ba900000,0x000000f6baa00000) (1024K)]
  0x0000021c9799d0b0 JavaThread "Worker-JM"                         [_thread_blocked, id=3596, stack(0x000000f6bb900000,0x000000f6bba00000) (1024K)]
  0x0000021c9799ddd0 JavaThread "JNA Cleaner"                daemon [_thread_blocked, id=33168, stack(0x000000f6bbe00000,0x000000f6bbf00000) (1024K)]
  0x0000021c9799e460 JavaThread "Worker-0: Checking project encoding"        [_thread_blocked, id=30136, stack(0x000000f6bbf00000,0x000000f6bc000000) (1024K)]
  0x0000021c9799afe0 JavaThread "Worker-1: Refreshing workspace"        [_thread_blocked, id=15764, stack(0x000000f6bc000000,0x000000f6bc100000) (1024K)]
  0x0000021c9748d650 JavaThread "Worker-2"                          [_thread_blocked, id=24988, stack(0x000000f6bc200000,0x000000f6bc300000) (1024K)]
Total: 22

Other Threads:
  0x0000021c37d86960 VMThread "VM Thread"                           [id=5956, stack(0x000000f6b9a00000,0x000000f6b9b00000) (1024K)]
  0x0000021c37b6ca00 WatcherThread "VM Periodic Task Thread"        [id=25148, stack(0x000000f6b9900000,0x000000f6b9a00000) (1024K)]
  0x0000021c37d036e0 WorkerThread "GC Thread#0"                     [id=28588, stack(0x000000f6b9800000,0x000000f6b9900000) (1024K)]
  0x0000021c9783db60 WorkerThread "GC Thread#1"                     [id=25036, stack(0x000000f6baa00000,0x000000f6bab00000) (1024K)]
  0x0000021c974ee210 WorkerThread "GC Thread#2"                     [id=29348, stack(0x000000f6bab00000,0x000000f6bac00000) (1024K)]
  0x0000021c974eeed0 WorkerThread "GC Thread#3"                     [id=1272, stack(0x000000f6bac00000,0x000000f6bad00000) (1024K)]
  0x0000021c97b70010 WorkerThread "GC Thread#4"                     [id=1844, stack(0x000000f6bad00000,0x000000f6bae00000) (1024K)]
  0x0000021c97b703b0 WorkerThread "GC Thread#5"                     [id=21992, stack(0x000000f6bae00000,0x000000f6baf00000) (1024K)]
  0x0000021c97b70750 WorkerThread "GC Thread#6"                     [id=35696, stack(0x000000f6baf00000,0x000000f6bb000000) (1024K)]
  0x0000021c97a31110 WorkerThread "GC Thread#7"                     [id=33628, stack(0x000000f6bb100000,0x000000f6bb200000) (1024K)]
  0x0000021c97bba4d0 WorkerThread "GC Thread#8"                     [id=15652, stack(0x000000f6bb500000,0x000000f6bb600000) (1024K)]
  0x0000021c97bba870 WorkerThread "GC Thread#9"                     [id=29340, stack(0x000000f6bb600000,0x000000f6bb700000) (1024K)]
  0x0000021c97cead10 WorkerThread "GC Thread#10"                    [id=6464, stack(0x000000f6bb700000,0x000000f6bb800000) (1024K)]
  0x0000021c97d69200 WorkerThread "GC Thread#11"                    [id=35564, stack(0x000000f6bba00000,0x000000f6bbb00000) (1024K)]
  0x0000021c97d695a0 WorkerThread "GC Thread#12"                    [id=35152, stack(0x000000f6bbb00000,0x000000f6bbc00000) (1024K)]
  0x0000021c97d69940 WorkerThread "GC Thread#13"                    [id=2032, stack(0x000000f6bbc00000,0x000000f6bbd00000) (1024K)]
  0x0000021c97d6a080 WorkerThread "GC Thread#14"                    [id=32616, stack(0x000000f6bc100000,0x000000f6bc200000) (1024K)]
Total: 17

Threads with active compile tasks:
C2 CompilerThread0  11146 4104   !   4       java.util.jar.Attributes::read (494 bytes)
Total: 1

VM state: not at safepoint (normal execution)

VM Mutex/Monitor currently owned by a thread: None

Heap address: 0x0000000080000000, size: 2048 MB, Compressed Oops mode: 32-bit

CDS archive(s) mapped at: [0x0000021c4f000000-0x0000021c4fba0000-0x0000021c4fba0000), size 12189696, SharedBaseAddress: 0x0000021c4f000000, ArchiveRelocationMode: 1.
Compressed class space mapped at: 0x0000021c50000000-0x0000021c90000000, reserved size: 1073741824
Narrow klass base: 0x0000021c4f000000, Narrow klass shift: 0, Narrow klass range: 0x100000000

GC Precious Log:
 CardTable entry size: 512
 CPUs: 20 total, 20 available
 Memory: 7911M
 Large Page Support: Disabled
 NUMA Support: Disabled
 Compressed Oops: Enabled (32-bit)
 Alignments: Space 512K, Generation 512K, Heap 2M
 Heap Min Capacity: 100M
 Heap Initial Capacity: 100M
 Heap Max Capacity: 2G
 Pre-touch: Disabled
 Parallel Workers: 15

Heap:
 PSYoungGen      total 28672K, used 20578K [0x00000000d5580000, 0x00000000d7700000, 0x0000000100000000)
  eden space 21504K, 88% used [0x00000000d5580000,0x00000000d681f908,0x00000000d6a80000)
  from space 7168K, 21% used [0x00000000d6a80000,0x00000000d6bf9080,0x00000000d7180000)
  to   space 3584K, 0% used [0x00000000d7380000,0x00000000d7380000,0x00000000d7700000)
 ParOldGen       total 68608K, used 32713K [0x0000000080000000, 0x0000000084300000, 0x00000000d5580000)
  object space 68608K, 47% used [0x0000000080000000,0x0000000081ff2798,0x0000000084300000)
 Metaspace       used 19783K, committed 20544K, reserved 1114112K
  class space    used 2065K, committed 2368K, reserved 1048576K

Card table byte_map: [0x0000021c37680000,0x0000021c37a90000] _byte_map_base: 0x0000021c37280000

Marking Bits: (ParMarkBitMap*) 0x00007ffeaf902460
 Begin Bits: [0x0000021c4a190000, 0x0000021c4c190000)
 End Bits:   [0x0000021c4c190000, 0x0000021c4e190000)

Polling page: 0x0000021c35a80000

Metaspace:

Usage:
  Non-class:     17.30 MB used.
      Class:      2.02 MB used.
       Both:     19.32 MB used.

Virtual space:
  Non-class space:       64.00 MB reserved,      17.75 MB ( 28%) committed,  1 nodes.
      Class space:        1.00 GB reserved,       2.31 MB ( <1%) committed,  1 nodes.
             Both:        1.06 GB reserved,      20.06 MB (  2%) committed. 

Chunk freelists:
   Non-Class:  14.08 MB
       Class:  13.50 MB
        Both:  27.58 MB

MaxMetaspaceSize: unlimited
CompressedClassSpaceSize: 1.00 GB
Initial GC threshold: 21.00 MB
Current GC threshold: 21.00 MB
CDS: on
 - commit_granule_bytes: 65536.
 - commit_granule_words: 8192.
 - virtual_space_node_default_size: 8388608.
 - enlarge_chunks_in_place: 1.
 - use_allocation_guard: 0.


Internal statistics:

num_allocs_failed_limit: 0.
num_arena_births: 590.
num_arena_deaths: 0.
num_vsnodes_births: 2.
num_vsnodes_deaths: 0.
num_space_committed: 321.
num_space_uncommitted: 0.
num_chunks_returned_to_freelist: 0.
num_chunks_taken_from_freelist: 1369.
num_chunk_merges: 0.
num_chunk_splits: 854.
num_chunks_enlarged: 540.
num_inconsistent_stats: 0.

CodeHeap 'non-profiled nmethods': size=119168Kb used=1918Kb max_used=1918Kb free=117249Kb
 bounds [0x0000021c42a80000, 0x0000021c42cf0000, 0x0000021c49ee0000]
CodeHeap 'profiled nmethods': size=119104Kb used=8852Kb max_used=8852Kb free=110251Kb
 bounds [0x0000021c3aee0000, 0x0000021c3b790000, 0x0000021c42330000]
CodeHeap 'non-nmethods': size=7488Kb used=1281Kb max_used=3029Kb free=6206Kb
 bounds [0x0000021c42330000, 0x0000021c42630000, 0x0000021c42a80000]
CodeCache: size=245760Kb, used=12051Kb, max_used=13799Kb, free=233706Kb
 total_blobs=4735, nmethods=4173, adapters=468, full_count=0
Compilation: enabled, stopped_count=0, restarted_count=0

Compilation events (20 events):
Event: 7.489 Thread 0x0000021c90b7e560 4155       3       java.util.concurrent.FutureTask::done (1 bytes)
Event: 7.489 Thread 0x0000021c90b7e560 nmethod 4155 0x0000021c3b771190 code [0x0000021c3b771320, 0x0000021c3b771428]
Event: 8.038 Thread 0x0000021c90c78040 nmethod 4151 0x0000021c3b771490 code [0x0000021c3b7718a0, 0x0000021c3b773c00]
Event: 8.054 Thread 0x0000021c90c78040 4156   !   3       java.util.concurrent.FutureTask::run (123 bytes)
Event: 8.054 Thread 0x0000021c90b7e560 4161       3       java.util.concurrent.ScheduledThreadPoolExecutor$ScheduledFutureTask::compareTo (101 bytes)
Event: 8.055 Thread 0x0000021c90b7e560 nmethod 4161 0x0000021c3b774690 code [0x0000021c3b7748c0, 0x0000021c3b774fd8]
Event: 8.055 Thread 0x0000021c90b7e560 4159       3       java.util.concurrent.ScheduledThreadPoolExecutor$DelayedWorkQueue::setIndex (16 bytes)
Event: 8.055 Thread 0x0000021c90b7e560 nmethod 4159 0x0000021c3b775190 code [0x0000021c3b775340, 0x0000021c3b775648]
Event: 8.055 Thread 0x0000021c90b7e560 4160       3       java.util.concurrent.ThreadPoolExecutor::runStateAtLeast (11 bytes)
Event: 8.055 Thread 0x0000021c90b7e560 nmethod 4160 0x0000021c3b775710 code [0x0000021c3b7758a0, 0x0000021c3b7759e0]
Event: 8.055 Thread 0x0000021c90b7e560 4157       3       java.util.concurrent.Executors$RunnableAdapter::call (14 bytes)
Event: 8.055 Thread 0x0000021c90b7e560 nmethod 4157 0x0000021c3b775a90 code [0x0000021c3b775c40, 0x0000021c3b775e28]
Event: 8.055 Thread 0x0000021c90b7e560 4158       3       java.util.concurrent.FutureTask::set (30 bytes)
Event: 8.056 Thread 0x0000021c90b7e560 nmethod 4158 0x0000021c3b775f10 code [0x0000021c3b7761c0, 0x0000021c3b777058]
Event: 9.068 Thread 0x0000021c90c78040 nmethod 4156 0x0000021c3b777490 code [0x0000021c3b777a40, 0x0000021c3b77ad40]
Event: 9.819 Thread 0x0000021c90b7e560 4164       3       jdk.internal.misc.Unsafe::putReferenceOpaque (9 bytes)
Event: 9.820 Thread 0x0000021c90b7e560 nmethod 4164 0x0000021c3b77bc90 code [0x0000021c3b77be20, 0x0000021c3b77bf50]
Event: 9.884 Thread 0x0000021c90b7e560 4165       3       java.util.concurrent.locks.LockSupport::setBlocker (12 bytes)
Event: 9.884 Thread 0x0000021c90b7e560 nmethod 4165 0x0000021c3b77c010 code [0x0000021c3b77c1c0, 0x0000021c3b77c3c8]
Event: 10.637 Thread 0x0000021c90b7e560 4166       3       java.util.concurrent.ThreadPoolExecutor::isShutdown (12 bytes)

GC Heap History (20 events):
Event: 3.034 GC heap before
{Heap before GC invocations=8 (full 0):
 PSYoungGen      total 26112K, used 25410K [0x00000000d5580000, 0x00000000d7980000, 0x0000000100000000)
  eden space 19456K, 98% used [0x00000000d5580000,0x00000000d68325e8,0x00000000d6880000)
  from space 6656K, 94% used [0x00000000d6880000,0x00000000d6e9e378,0x00000000d6f00000)
  to   space 8704K, 0% used [0x00000000d7100000,0x00000000d7100000,0x00000000d7980000)
 ParOldGen       total 68608K, used 14782K [0x0000000080000000, 0x0000000084300000, 0x00000000d5580000)
  object space 68608K, 21% used [0x0000000080000000,0x0000000080e6f9c8,0x0000000084300000)
 Metaspace       used 15793K, committed 16384K, reserved 1114112K
  class space    used 1629K, committed 1920K, reserved 1048576K
}
Event: 3.038 GC heap after
{Heap after GC invocations=8 (full 0):
 PSYoungGen      total 24064K, used 4387K [0x00000000d5580000, 0x00000000d7580000, 0x0000000100000000)
  eden space 19456K, 0% used [0x00000000d5580000,0x00000000d5580000,0x00000000d6880000)
  from space 4608K, 95% used [0x00000000d7100000,0x00000000d7548ed0,0x00000000d7580000)
  to   space 5632K, 0% used [0x00000000d6a80000,0x00000000d6a80000,0x00000000d7000000)
 ParOldGen       total 68608K, used 16822K [0x0000000080000000, 0x0000000084300000, 0x00000000d5580000)
  object space 68608K, 24% used [0x0000000080000000,0x000000008106d840,0x0000000084300000)
 Metaspace       used 15793K, committed 16384K, reserved 1114112K
  class space    used 1629K, committed 1920K, reserved 1048576K
}
Event: 3.043 GC heap before
{Heap before GC invocations=9 (full 0):
 PSYoungGen      total 24064K, used 23383K [0x00000000d5580000, 0x00000000d7580000, 0x0000000100000000)
  eden space 19456K, 97% used [0x00000000d5580000,0x00000000d680d088,0x00000000d6880000)
  from space 4608K, 95% used [0x00000000d7100000,0x00000000d7548ed0,0x00000000d7580000)
  to   space 5632K, 0% used [0x00000000d6a80000,0x00000000d6a80000,0x00000000d7000000)
 ParOldGen       total 68608K, used 16822K [0x0000000080000000, 0x0000000084300000, 0x00000000d5580000)
  object space 68608K, 24% used [0x0000000080000000,0x000000008106d840,0x0000000084300000)
 Metaspace       used 15793K, committed 16384K, reserved 1114112K
  class space    used 1629K, committed 1920K, reserved 1048576K
}
Event: 3.047 GC heap after
{Heap after GC invocations=9 (full 0):
 PSYoungGen      total 27136K, used 1040K [0x00000000d5580000, 0x00000000d7900000, 0x0000000100000000)
  eden space 21504K, 0% used [0x00000000d5580000,0x00000000d5580000,0x00000000d6a80000)
  from space 5632K, 18% used [0x00000000d6a80000,0x00000000d6b84000,0x00000000d7000000)
  to   space 2560K, 0% used [0x00000000d7680000,0x00000000d7680000,0x00000000d7900000)
 ParOldGen       total 68608K, used 20309K [0x0000000080000000, 0x0000000084300000, 0x00000000d5580000)
  object space 68608K, 29% used [0x0000000080000000,0x00000000813d5470,0x0000000084300000)
 Metaspace       used 15793K, committed 16384K, reserved 1114112K
  class space    used 1629K, committed 1920K, reserved 1048576K
}
Event: 3.053 GC heap before
{Heap before GC invocations=10 (full 0):
 PSYoungGen      total 27136K, used 22113K [0x00000000d5580000, 0x00000000d7900000, 0x0000000100000000)
  eden space 21504K, 98% used [0x00000000d5580000,0x00000000d6a147e0,0x00000000d6a80000)
  from space 5632K, 18% used [0x00000000d6a80000,0x00000000d6b84000,0x00000000d7000000)
  to   space 2560K, 0% used [0x00000000d7680000,0x00000000d7680000,0x00000000d7900000)
 ParOldGen       total 68608K, used 20309K [0x0000000080000000, 0x0000000084300000, 0x00000000d5580000)
  object space 68608K, 29% used [0x0000000080000000,0x00000000813d5470,0x0000000084300000)
 Metaspace       used 15793K, committed 16384K, reserved 1114112K
  class space    used 1629K, committed 1920K, reserved 1048576K
}
Event: 3.054 GC heap after
{Heap after GC invocations=10 (full 0):
 PSYoungGen      total 23040K, used 1160K [0x00000000d5580000, 0x00000000d7800000, 0x0000000100000000)
  eden space 21504K, 0% used [0x00000000d5580000,0x00000000d5580000,0x00000000d6a80000)
  from space 1536K, 75% used [0x00000000d7680000,0x00000000d77a2000,0x00000000d7800000)
  to   space 1536K, 0% used [0x00000000d7500000,0x00000000d7500000,0x00000000d7680000)
 ParOldGen       total 68608K, used 20317K [0x0000000080000000, 0x0000000084300000, 0x00000000d5580000)
  object space 68608K, 29% used [0x0000000080000000,0x00000000813d7470,0x0000000084300000)
 Metaspace       used 15793K, committed 16384K, reserved 1114112K
  class space    used 1629K, committed 1920K, reserved 1048576K
}
Event: 3.061 GC heap before
{Heap before GC invocations=11 (full 0):
 PSYoungGen      total 23040K, used 22511K [0x00000000d5580000, 0x00000000d7800000, 0x0000000100000000)
  eden space 21504K, 99% used [0x00000000d5580000,0x00000000d6a59f30,0x00000000d6a80000)
  from space 1536K, 75% used [0x00000000d7680000,0x00000000d77a2000,0x00000000d7800000)
  to   space 1536K, 0% used [0x00000000d7500000,0x00000000d7500000,0x00000000d7680000)
 ParOldGen       total 68608K, used 20317K [0x0000000080000000, 0x0000000084300000, 0x00000000d5580000)
  object space 68608K, 29% used [0x0000000080000000,0x00000000813d7470,0x0000000084300000)
 Metaspace       used 15793K, committed 16384K, reserved 1114112K
  class space    used 1629K, committed 1920K, reserved 1048576K
}
Event: 3.061 GC heap after
{Heap after GC invocations=11 (full 0):
 PSYoungGen      total 23040K, used 1296K [0x00000000d5580000, 0x00000000d7700000, 0x0000000100000000)
  eden space 21504K, 0% used [0x00000000d5580000,0x00000000d5580000,0x00000000d6a80000)
  from space 1536K, 84% used [0x00000000d7500000,0x00000000d7644000,0x00000000d7680000)
  to   space 512K, 0% used [0x00000000d7680000,0x00000000d7680000,0x00000000d7700000)
 ParOldGen       total 68608K, used 20317K [0x0000000080000000, 0x0000000084300000, 0x00000000d5580000)
  object space 68608K, 29% used [0x0000000080000000,0x00000000813d7470,0x0000000084300000)
 Metaspace       used 15793K, committed 16384K, reserved 1114112K
  class space    used 1629K, committed 1920K, reserved 1048576K
}
Event: 3.067 GC heap before
{Heap before GC invocations=12 (full 0):
 PSYoungGen      total 23040K, used 22107K [0x00000000d5580000, 0x00000000d7700000, 0x0000000100000000)
  eden space 21504K, 96% used [0x00000000d5580000,0x00000000d69d2e98,0x00000000d6a80000)
  from space 1536K, 84% used [0x00000000d7500000,0x00000000d7644000,0x00000000d7680000)
  to   space 512K, 0% used [0x00000000d7680000,0x00000000d7680000,0x00000000d7700000)
 ParOldGen       total 68608K, used 20317K [0x0000000080000000, 0x0000000084300000, 0x00000000d5580000)
  object space 68608K, 29% used [0x0000000080000000,0x00000000813d7470,0x0000000084300000)
 Metaspace       used 15794K, committed 16384K, reserved 1114112K
  class space    used 1629K, committed 1920K, reserved 1048576K
}
Event: 3.068 GC heap after
{Heap after GC invocations=12 (full 0):
 PSYoungGen      total 22016K, used 0K [0x00000000d5580000, 0x00000000d7700000, 0x0000000100000000)
  eden space 21504K, 0% used [0x00000000d5580000,0x00000000d5580000,0x00000000d6a80000)
  from space 512K, 0% used [0x00000000d7680000,0x00000000d7680000,0x00000000d7700000)
  to   space 512K, 0% used [0x00000000d7600000,0x00000000d7600000,0x00000000d7680000)
 ParOldGen       total 68608K, used 21733K [0x0000000080000000, 0x0000000084300000, 0x00000000d5580000)
  object space 68608K, 31% used [0x0000000080000000,0x0000000081539470,0x0000000084300000)
 Metaspace       used 15794K, committed 16384K, reserved 1114112K
  class space    used 1629K, committed 1920K, reserved 1048576K
}
Event: 3.073 GC heap before
{Heap before GC invocations=13 (full 0):
 PSYoungGen      total 22016K, used 21126K [0x00000000d5580000, 0x00000000d7700000, 0x0000000100000000)
  eden space 21504K, 98% used [0x00000000d5580000,0x00000000d6a21be8,0x00000000d6a80000)
  from space 512K, 0% used [0x00000000d7680000,0x00000000d7680000,0x00000000d7700000)
  to   space 512K, 0% used [0x00000000d7600000,0x00000000d7600000,0x00000000d7680000)
 ParOldGen       total 68608K, used 21733K [0x0000000080000000, 0x0000000084300000, 0x00000000d5580000)
  object space 68608K, 31% used [0x0000000080000000,0x0000000081539470,0x0000000084300000)
 Metaspace       used 15794K, committed 16384K, reserved 1114112K
  class space    used 1629K, committed 1920K, reserved 1048576K
}
Event: 3.074 GC heap after
{Heap after GC invocations=13 (full 0):
 PSYoungGen      total 22016K, used 32K [0x00000000d5580000, 0x00000000d7700000, 0x0000000100000000)
  eden space 21504K, 0% used [0x00000000d5580000,0x00000000d5580000,0x00000000d6a80000)
  from space 512K, 6% used [0x00000000d7600000,0x00000000d7608000,0x00000000d7680000)
  to   space 512K, 0% used [0x00000000d7680000,0x00000000d7680000,0x00000000d7700000)
 ParOldGen       total 68608K, used 23261K [0x0000000080000000, 0x0000000084300000, 0x00000000d5580000)
  object space 68608K, 33% used [0x0000000080000000,0x00000000816b7470,0x0000000084300000)
 Metaspace       used 15794K, committed 16384K, reserved 1114112K
  class space    used 1629K, committed 1920K, reserved 1048576K
}
Event: 3.079 GC heap before
{Heap before GC invocations=14 (full 0):
 PSYoungGen      total 22016K, used 21039K [0x00000000d5580000, 0x00000000d7700000, 0x0000000100000000)
  eden space 21504K, 97% used [0x00000000d5580000,0x00000000d6a03e40,0x00000000d6a80000)
  from space 512K, 6% used [0x00000000d7600000,0x00000000d7608000,0x00000000d7680000)
  to   space 512K, 0% used [0x00000000d7680000,0x00000000d7680000,0x00000000d7700000)
 ParOldGen       total 68608K, used 23261K [0x0000000080000000, 0x0000000084300000, 0x00000000d5580000)
  object space 68608K, 33% used [0x0000000080000000,0x00000000816b7470,0x0000000084300000)
 Metaspace       used 15794K, committed 16384K, reserved 1114112K
  class space    used 1629K, committed 1920K, reserved 1048576K
}
Event: 3.080 GC heap after
{Heap after GC invocations=14 (full 0):
 PSYoungGen      total 22016K, used 0K [0x00000000d5580000, 0x00000000d7700000, 0x0000000100000000)
  eden space 21504K, 0% used [0x00000000d5580000,0x00000000d5580000,0x00000000d6a80000)
  from space 512K, 0% used [0x00000000d7680000,0x00000000d7680000,0x00000000d7700000)
  to   space 512K, 0% used [0x00000000d7600000,0x00000000d7600000,0x00000000d7680000)
 ParOldGen       total 68608K, used 24901K [0x0000000080000000, 0x0000000084300000, 0x00000000d5580000)
  object space 68608K, 36% used [0x0000000080000000,0x0000000081851470,0x0000000084300000)
 Metaspace       used 15794K, committed 16384K, reserved 1114112K
  class space    used 1629K, committed 1920K, reserved 1048576K
}
Event: 3.084 GC heap before
{Heap before GC invocations=15 (full 0):
 PSYoungGen      total 22016K, used 20624K [0x00000000d5580000, 0x00000000d7700000, 0x0000000100000000)
  eden space 21504K, 95% used [0x00000000d5580000,0x00000000d69a4370,0x00000000d6a80000)
  from space 512K, 0% used [0x00000000d7680000,0x00000000d7680000,0x00000000d7700000)
  to   space 512K, 0% used [0x00000000d7600000,0x00000000d7600000,0x00000000d7680000)
 ParOldGen       total 68608K, used 24901K [0x0000000080000000, 0x0000000084300000, 0x00000000d5580000)
  object space 68608K, 36% used [0x0000000080000000,0x0000000081851470,0x0000000084300000)
 Metaspace       used 15794K, committed 16384K, reserved 1114112K
  class space    used 1629K, committed 1920K, reserved 1048576K
}
Event: 3.085 GC heap after
{Heap after GC invocations=15 (full 0):
 PSYoungGen      total 22016K, used 0K [0x00000000d5580000, 0x00000000d7700000, 0x0000000100000000)
  eden space 21504K, 0% used [0x00000000d5580000,0x00000000d5580000,0x00000000d6a80000)
  from space 512K, 0% used [0x00000000d7600000,0x00000000d7600000,0x00000000d7680000)
  to   space 512K, 0% used [0x00000000d7680000,0x00000000d7680000,0x00000000d7700000)
 ParOldGen       total 68608K, used 26629K [0x0000000080000000, 0x0000000084300000, 0x00000000d5580000)
  object space 68608K, 38% used [0x0000000080000000,0x0000000081a01470,0x0000000084300000)
 Metaspace       used 15794K, committed 16384K, reserved 1114112K
  class space    used 1629K, committed 1920K, reserved 1048576K
}
Event: 3.143 GC heap before
{Heap before GC invocations=16 (full 0):
 PSYoungGen      total 22016K, used 21504K [0x00000000d5580000, 0x00000000d7700000, 0x0000000100000000)
  eden space 21504K, 100% used [0x00000000d5580000,0x00000000d6a80000,0x00000000d6a80000)
  from space 512K, 0% used [0x00000000d7600000,0x00000000d7600000,0x00000000d7680000)
  to   space 512K, 0% used [0x00000000d7680000,0x00000000d7680000,0x00000000d7700000)
 ParOldGen       total 68608K, used 26629K [0x0000000080000000, 0x0000000084300000, 0x00000000d5580000)
  object space 68608K, 38% used [0x0000000080000000,0x0000000081a01470,0x0000000084300000)
 Metaspace       used 15882K, committed 16448K, reserved 1114112K
  class space    used 1635K, committed 1920K, reserved 1048576K
}
Event: 3.148 GC heap after
{Heap after GC invocations=16 (full 0):
 PSYoungGen      total 22016K, used 512K [0x00000000d5580000, 0x00000000d7880000, 0x0000000100000000)
  eden space 21504K, 0% used [0x00000000d5580000,0x00000000d5580000,0x00000000d6a80000)
  from space 512K, 100% used [0x00000000d7680000,0x00000000d7700000,0x00000000d7700000)
  to   space 7168K, 0% used [0x00000000d6a80000,0x00000000d6a80000,0x00000000d7180000)
 ParOldGen       total 68608K, used 32161K [0x0000000080000000, 0x0000000084300000, 0x00000000d5580000)
  object space 68608K, 46% used [0x0000000080000000,0x0000000081f68798,0x0000000084300000)
 Metaspace       used 15882K, committed 16448K, reserved 1114112K
  class space    used 1635K, committed 1920K, reserved 1048576K
}
Event: 5.738 GC heap before
{Heap before GC invocations=17 (full 0):
 PSYoungGen      total 22016K, used 22016K [0x00000000d5580000, 0x00000000d7880000, 0x0000000100000000)
  eden space 21504K, 100% used [0x00000000d5580000,0x00000000d6a80000,0x00000000d6a80000)
  from space 512K, 100% used [0x00000000d7680000,0x00000000d7700000,0x00000000d7700000)
  to   space 7168K, 0% used [0x00000000d6a80000,0x00000000d6a80000,0x00000000d7180000)
 ParOldGen       total 68608K, used 32161K [0x0000000080000000, 0x0000000084300000, 0x00000000d5580000)
  object space 68608K, 46% used [0x0000000080000000,0x0000000081f68798,0x0000000084300000)
 Metaspace       used 18380K, committed 19072K, reserved 1114112K
  class space    used 1898K, committed 2176K, reserved 1048576K
}
Event: 5.742 GC heap after
{Heap after GC invocations=17 (full 0):
 PSYoungGen      total 28672K, used 1508K [0x00000000d5580000, 0x00000000d7700000, 0x0000000100000000)
  eden space 21504K, 0% used [0x00000000d5580000,0x00000000d5580000,0x00000000d6a80000)
  from space 7168K, 21% used [0x00000000d6a80000,0x00000000d6bf9080,0x00000000d7180000)
  to   space 3584K, 0% used [0x00000000d7380000,0x00000000d7380000,0x00000000d7700000)
 ParOldGen       total 68608K, used 32713K [0x0000000080000000, 0x0000000084300000, 0x00000000d5580000)
  object space 68608K, 47% used [0x0000000080000000,0x0000000081ff2798,0x0000000084300000)
 Metaspace       used 18380K, committed 19072K, reserved 1114112K
  class space    used 1898K, committed 2176K, reserved 1048576K
}

Dll operation events (10 events):
Event: 0.013 Loaded shared library c:\Users\jibri\.cursor\extensions\redhat.java-1.50.0-win32-x64\jre\21.0.9-win32-x86_64\bin\java.dll
Event: 0.084 Loaded shared library c:\Users\jibri\.cursor\extensions\redhat.java-1.50.0-win32-x64\jre\21.0.9-win32-x86_64\bin\zip.dll
Event: 0.110 Loaded shared library C:\Users\jibri\.cursor\extensions\redhat.java-1.50.0-win32-x64\jre\21.0.9-win32-x86_64\bin\instrument.dll
Event: 0.116 Loaded shared library C:\Users\jibri\.cursor\extensions\redhat.java-1.50.0-win32-x64\jre\21.0.9-win32-x86_64\bin\net.dll
Event: 0.120 Loaded shared library C:\Users\jibri\.cursor\extensions\redhat.java-1.50.0-win32-x64\jre\21.0.9-win32-x86_64\bin\nio.dll
Event: 0.124 Loaded shared library C:\Users\jibri\.cursor\extensions\redhat.java-1.50.0-win32-x64\jre\21.0.9-win32-x86_64\bin\zip.dll
Event: 0.148 Loaded shared library C:\Users\jibri\.cursor\extensions\redhat.java-1.50.0-win32-x64\jre\21.0.9-win32-x86_64\bin\jimage.dll
Event: 0.244 Loaded shared library c:\Users\jibri\.cursor\extensions\redhat.java-1.50.0-win32-x64\jre\21.0.9-win32-x86_64\bin\verify.dll
Event: 1.474 Loaded shared library C:\Users\jibri\AppData\Roaming\Cursor\User\globalStorage\redhat.java\1.50.0\config_win\org.eclipse.equinox.launcher\org.eclipse.equinox.launcher.win32.win32.x86_64_1.2.1400.v20250801-0854\eclipse_11916.dll
Event: 3.254 Loaded shared library C:\Users\jibri\AppData\Local\Temp\jna-101119098\jna15753089427533588871.dll

Deoptimization events (20 events):
Event: 5.616 Thread 0x0000021c9799e460 Uncommon trap: trap_request=0xffffff45 fr.pc=0x0000021c42b761e0 relative=0x00000000000000c0
Event: 5.616 Thread 0x0000021c9799e460 Uncommon trap: reason=unstable_if action=reinterpret pc=0x0000021c42b761e0 method=java.util.concurrent.locks.ReentrantLock$NonfairSync.initialTryLock()Z @ 25 c2
Event: 5.616 Thread 0x0000021c9799e460 DEOPT PACKING pc=0x0000021c42b761e0 sp=0x000000f6bbffdf70
Event: 5.616 Thread 0x0000021c9799e460 DEOPT UNPACKING pc=0x0000021c42383aa2 sp=0x000000f6bbffdef0 mode 2
Event: 5.743 Thread 0x0000021c9799c390 Uncommon trap: trap_request=0xffffff45 fr.pc=0x0000021c42bb9f38 relative=0x00000000000000d8
Event: 5.743 Thread 0x0000021c9799c390 Uncommon trap: reason=unstable_if action=reinterpret pc=0x0000021c42bb9f38 method=java.util.WeakHashMap.expungeStaleEntries()V @ 9 c2
Event: 5.743 Thread 0x0000021c9799c390 DEOPT PACKING pc=0x0000021c42bb9f38 sp=0x000000f6bb4eed50
Event: 5.743 Thread 0x0000021c9799c390 DEOPT UNPACKING pc=0x0000021c42383aa2 sp=0x000000f6bb4eeca8 mode 2
Event: 5.787 Thread 0x0000021c9799c390 Uncommon trap: trap_request=0xffffffde fr.pc=0x0000021c42bc8bf0 relative=0x0000000000000050
Event: 5.787 Thread 0x0000021c9799c390 Uncommon trap: reason=class_check action=maybe_recompile pc=0x0000021c42bc8bf0 method=java.lang.invoke.DirectMethodHandle.internalMemberName(Ljava/lang/Object;)Ljava/lang/Object; @ 1 c2
Event: 5.787 Thread 0x0000021c9799c390 DEOPT PACKING pc=0x0000021c42bc8bf0 sp=0x000000f6bb4f3700
Event: 5.787 Thread 0x0000021c9799c390 DEOPT UNPACKING pc=0x0000021c42383aa2 sp=0x000000f6bb4f3690 mode 2
Event: 5.787 Thread 0x0000021c9799c390 Uncommon trap: trap_request=0xffffffde fr.pc=0x0000021c42bc8bf0 relative=0x0000000000000050
Event: 5.787 Thread 0x0000021c9799c390 Uncommon trap: reason=class_check action=maybe_recompile pc=0x0000021c42bc8bf0 method=java.lang.invoke.DirectMethodHandle.internalMemberName(Ljava/lang/Object;)Ljava/lang/Object; @ 1 c2
Event: 5.787 Thread 0x0000021c9799c390 DEOPT PACKING pc=0x0000021c42bc8bf0 sp=0x000000f6bb4f37e0
Event: 5.787 Thread 0x0000021c9799c390 DEOPT UNPACKING pc=0x0000021c42383aa2 sp=0x000000f6bb4f3770 mode 2
Event: 5.788 Thread 0x0000021c9799c390 Uncommon trap: trap_request=0xffffffde fr.pc=0x0000021c42bc8bf0 relative=0x0000000000000050
Event: 5.788 Thread 0x0000021c9799c390 Uncommon trap: reason=class_check action=maybe_recompile pc=0x0000021c42bc8bf0 method=java.lang.invoke.DirectMethodHandle.internalMemberName(Ljava/lang/Object;)Ljava/lang/Object; @ 1 c2
Event: 5.788 Thread 0x0000021c9799c390 DEOPT PACKING pc=0x0000021c42bc8bf0 sp=0x000000f6bb4f37e0
Event: 5.788 Thread 0x0000021c9799c390 DEOPT UNPACKING pc=0x0000021c42383aa2 sp=0x000000f6bb4f3770 mode 2

Classes loaded (20 events):
Event: 3.371 Loading class java/lang/ThreadDeath
Event: 3.371 Loading class java/lang/ThreadDeath done
Event: 3.381 Loading class java/util/stream/SortedOps$SizedRefSortingSink
Event: 3.381 Loading class java/util/stream/SortedOps$SizedRefSortingSink done
Event: 5.629 Loading class java/util/concurrent/atomic/Striped64$1
Event: 5.629 Loading class java/util/concurrent/atomic/Striped64$1 done
Event: 5.698 Loading class java/util/BitSet
Event: 5.698 Loading class java/util/BitSet done
Event: 5.702 Loading class sun/net/www/protocol/jrt/JavaRuntimeURLConnection
Event: 5.702 Loading class sun/net/www/protocol/jrt/JavaRuntimeURLConnection done
Event: 5.702 Loading class sun/net/www/protocol/jrt/JavaRuntimeURLConnection$1
Event: 5.702 Loading class sun/net/www/protocol/jrt/JavaRuntimeURLConnection$1 done
Event: 5.724 Loading class java/util/function/UnaryOperator
Event: 5.724 Loading class java/util/function/UnaryOperator done
Event: 5.726 Loading class java/util/ServiceConfigurationError
Event: 5.726 Loading class java/util/ServiceConfigurationError done
Event: 5.743 Loading class java/lang/InheritableThreadLocal
Event: 5.743 Loading class java/lang/InheritableThreadLocal done
Event: 5.784 Loading class java/security/AccessControlException
Event: 5.784 Loading class java/security/AccessControlException done

Classes unloaded (0 events):
No events

Classes redefined (0 events):
No events

Internal exceptions (20 events):
Event: 3.202 Thread 0x0000021c9799c390 Exception <a 'java/lang/NoSuchMethodError'{0x00000000d58f7400}: 'java.lang.Object java.lang.invoke.DirectMethodHandle$Holder.invokeStaticInit(java.lang.Object, int, int, int, int)'> (0x00000000d58f7400) 
thrown [s\src\hotspot\share\interpreter\linkResolver.cpp, line 773]
Event: 3.241 Thread 0x0000021c9799c390 Exception <a 'java/lang/NoSuchMethodError'{0x00000000d5a0bb50}: 'java.lang.Object java.lang.invoke.DirectMethodHandle$Holder.invokeStaticInit(java.lang.Object, java.lang.Object, int, int, int, int)'> (0x00000000d5a0bb50) 
thrown [s\src\hotspot\share\interpreter\linkResolver.cpp, line 773]
Event: 3.272 Thread 0x0000021c9799c390 Exception <a 'java/lang/NoSuchMethodError'{0x00000000d5b1f738}: 'void java.lang.invoke.DirectMethodHandle$Holder.invokeSpecial(java.lang.Object, java.lang.Object, java.lang.Object, int)'> (0x00000000d5b1f738) 
thrown [s\src\hotspot\share\interpreter\linkResolver.cpp, line 773]
Event: 3.272 Thread 0x0000021c9799c390 Exception <a 'java/lang/NoSuchMethodError'{0x00000000d5b230c8}: 'void java.lang.invoke.DelegatingMethodHandle$Holder.reinvoke_L(java.lang.Object, java.lang.Object, int)'> (0x00000000d5b230c8) 
thrown [s\src\hotspot\share\interpreter\linkResolver.cpp, line 773]
Event: 3.273 Thread 0x0000021c9799c390 Exception <a 'java/lang/NoSuchMethodError'{0x00000000d5b29db0}: 'int java.lang.invoke.Invokers$Holder.invokeExact_MT(java.lang.Object, java.lang.Object, java.lang.Object)'> (0x00000000d5b29db0) 
thrown [s\src\hotspot\share\interpreter\linkResolver.cpp, line 773]
Event: 3.288 Thread 0x0000021c9799c390 Exception <a 'java/lang/NoSuchMethodError'{0x00000000d5c59410}: 'void java.lang.invoke.Invokers$Holder.invokeExact_MT(java.lang.Object, java.lang.Object, int, java.lang.Object)'> (0x00000000d5c59410) 
thrown [s\src\hotspot\share\interpreter\linkResolver.cpp, line 773]
Event: 3.368 Thread 0x0000021c9799c390 Exception <a 'java/lang/NoSuchMethodError'{0x00000000d5f169a0}: 'java.lang.Object java.lang.invoke.DirectMethodHandle$Holder.invokeSpecial(java.lang.Object, java.lang.Object, java.lang.Object, long, java.lang.Object)'> (0x00000000d5f169a0) 
thrown [s\src\hotspot\share\interpreter\linkResolver.cpp, line 773]
Event: 3.368 Thread 0x0000021c9799c390 Exception <a 'java/lang/NoSuchMethodError'{0x00000000d5f1e1e8}: 'java.lang.Object java.lang.invoke.DirectMethodHandle$Holder.newInvokeSpecial(java.lang.Object, java.lang.Object, java.lang.Object, long)'> (0x00000000d5f1e1e8) 
thrown [s\src\hotspot\share\interpreter\linkResolver.cpp, line 773]
Event: 3.369 Thread 0x0000021c9799c390 Exception <a 'java/lang/NoSuchMethodError'{0x00000000d5f22598}: 'java.lang.Object java.lang.invoke.DirectMethodHandle$Holder.invokeSpecial(java.lang.Object, java.lang.Object, java.lang.Object, java.lang.Object, long)'> (0x00000000d5f22598) 
thrown [s\src\hotspot\share\interpreter\linkResolver.cpp, line 773]
Event: 3.369 Thread 0x0000021c9799c390 Exception <a 'java/lang/NoSuchMethodError'{0x00000000d5f261b8}: 'java.lang.Object java.lang.invoke.Invokers$Holder.linkToTargetMethod(java.lang.Object, java.lang.Object, long, java.lang.Object)'> (0x00000000d5f261b8) 
thrown [s\src\hotspot\share\interpreter\linkResolver.cpp, line 773]
Event: 3.379 Thread 0x0000021c9799c390 Exception <a 'java/lang/NoSuchMethodError'{0x00000000d5f87568}: 'int java.lang.invoke.DirectMethodHandle$Holder.invokeStaticInit(java.lang.Object, java.lang.Object, java.lang.Object)'> (0x00000000d5f87568) 
thrown [s\src\hotspot\share\interpreter\linkResolver.cpp, line 773]
Event: 3.393 Thread 0x0000021c9799c390 Exception <a 'java/lang/IncompatibleClassChangeError'{0x00000000d60529b0}: Found class java.lang.Object, but interface was expected> (0x00000000d60529b0) 
thrown [s\src\hotspot\share\interpreter\linkResolver.cpp, line 840]
Event: 5.588 Thread 0x0000021c9799c390 Exception <a 'java/lang/NoSuchMethodError'{0x00000000d6445418}: 'java.lang.Object java.lang.invoke.DirectMethodHandle$Holder.invokeSpecial(java.lang.Object, java.lang.Object, java.lang.Object, int, java.lang.Object, java.lang.Object)'> (0x00000000d6445418) 
thrown [s\src\hotspot\share\interpreter\linkResolver.cpp, line 773]
Event: 5.593 Thread 0x0000021c9799c390 Exception <a 'java/lang/NoSuchMethodError'{0x00000000d644cd88}: 'java.lang.Object java.lang.invoke.DirectMethodHandle$Holder.newInvokeSpecial(java.lang.Object, java.lang.Object, java.lang.Object, int, java.lang.Object)'> (0x00000000d644cd88) 
thrown [s\src\hotspot\share\interpreter\linkResolver.cpp, line 773]
Event: 5.595 Thread 0x0000021c9799c390 Exception <a 'java/lang/NoSuchMethodError'{0x00000000d6450c88}: 'java.lang.Object java.lang.invoke.DirectMethodHandle$Holder.invokeSpecial(java.lang.Object, java.lang.Object, java.lang.Object, java.lang.Object, int, java.lang.Object)'> (0x00000000d6450c88) 
thrown [s\src\hotspot\share\interpreter\linkResolver.cpp, line 773]
Event: 5.596 Thread 0x0000021c9799c390 Exception <a 'java/lang/NoSuchMethodError'{0x00000000d64547b8}: 'java.lang.Object java.lang.invoke.Invokers$Holder.linkToTargetMethod(java.lang.Object, java.lang.Object, int, java.lang.Object, java.lang.Object)'> (0x00000000d64547b8) 
thrown [s\src\hotspot\share\interpreter\linkResolver.cpp, line 773]
Event: 5.598 Thread 0x0000021c9799e460 Exception <a 'java/lang/NoSuchMethodError'{0x00000000d5fb8008}: 'java.lang.Object java.lang.invoke.DirectMethodHandle$Holder.invokeSpecial(java.lang.Object, java.lang.Object, int, java.lang.Object, java.lang.Object)'> (0x00000000d5fb8008) 
thrown [s\src\hotspot\share\interpreter\linkResolver.cpp, line 773]
Event: 5.633 Thread 0x0000021c9799c390 Exception <a 'java/lang/NoSuchMethodError'{0x00000000d655c158}: 'void java.lang.invoke.DirectMethodHandle$Holder.invokeSpecial(java.lang.Object, java.lang.Object, java.lang.Object, java.lang.Object, java.lang.Object)'> (0x00000000d655c158) 
thrown [s\src\hotspot\share\interpreter\linkResolver.cpp, line 773]
Event: 5.787 Thread 0x0000021c9799c390 Exception <a 'java/lang/NoSuchMethodError'{0x00000000d5852478}: 'java.lang.Object java.lang.invoke.DirectMethodHandle$Holder.invokeInterface(java.lang.Object, java.lang.Object, java.lang.Object)'> (0x00000000d5852478) 
thrown [s\src\hotspot\share\interpreter\linkResolver.cpp, line 773]
Event: 5.848 Thread 0x0000021c9799c390 Exception <a 'java/lang/NoSuchMethodError'{0x00000000d5cf3ad0}: 'java.lang.Object java.lang.invoke.Invokers$Holder.linkToTargetMethod(java.lang.Object, long, java.lang.Object, java.lang.Object)'> (0x00000000d5cf3ad0) 
thrown [s\src\hotspot\share\interpreter\linkResolver.cpp, line 773]

ZGC Phase Switch (0 events):
No events

VM Operations (20 events):
Event: 3.226 Executing VM operation: HandshakeAllThreads (Deoptimize) done
Event: 3.262 Executing VM operation: HandshakeAllThreads (Deoptimize)
Event: 3.262 Executing VM operation: HandshakeAllThreads (Deoptimize) done
Event: 3.349 Executing VM operation: HandshakeAllThreads (Deoptimize)
Event: 3.349 Executing VM operation: HandshakeAllThreads (Deoptimize) done
Event: 4.353 Executing VM operation: Cleanup
Event: 5.584 Executing VM operation: Cleanup done
Event: 5.703 Executing VM operation: HandshakeAllThreads (Deoptimize)
Event: 5.703 Executing VM operation: HandshakeAllThreads (Deoptimize) done
Event: 5.738 Executing VM operation: ParallelGCFailedAllocation (Allocation Failure)
Event: 5.742 Executing VM operation: ParallelGCFailedAllocation (Allocation Failure) done
Event: 5.748 Executing VM operation: HandshakeAllThreads (Deoptimize)
Event: 5.748 Executing VM operation: HandshakeAllThreads (Deoptimize) done
Event: 5.754 Executing VM operation: HandshakeAllThreads (Deoptimize)
Event: 5.754 Executing VM operation: HandshakeAllThreads (Deoptimize) done
Event: 6.763 Executing VM operation: Cleanup
Event: 6.875 Executing VM operation: Cleanup done
Event: 7.879 Executing VM operation: Cleanup
Event: 8.054 Executing VM operation: Cleanup done
Event: 11.078 Executing VM operation: Cleanup

Memory protections (0 events):
No events

Nmethod flushes (0 events):
No events

Events (20 events):
Event: 1.504 Thread 0x0000021c37c800c0 Thread added: 0x0000021c9799b670
Event: 1.507 Thread 0x0000021c37ce6510 Thread added: 0x0000021c9799c390
Event: 1.959 Thread 0x0000021c9799c390 Thread added: 0x0000021c9799bd00
Event: 2.266 Thread 0x0000021c971410d0 Thread exited: 0x0000021c971410d0
Event: 2.287 Thread 0x0000021c9799c390 Thread added: 0x0000021c9799ca20
Event: 2.373 Thread 0x0000021c90cadbc0 Thread added: 0x0000021c980530e0
Event: 2.538 Thread 0x0000021c980530e0 Thread exited: 0x0000021c980530e0
Event: 2.644 Thread 0x0000021c9799c390 Thread added: 0x0000021c9799d0b0
Event: 2.849 Thread 0x0000021c37c8e8d0 Thread added: 0x0000021c981b3ea0
Event: 3.278 Thread 0x0000021c9799c390 Thread added: 0x0000021c9799ddd0
Event: 3.374 Thread 0x0000021c9799c390 Thread added: 0x0000021c9799e460
Event: 5.598 Thread 0x0000021c9799c390 Thread added: 0x0000021c9799afe0
Event: 5.806 Thread 0x0000021c9799afe0 Thread added: 0x0000021c9748d650
Event: 6.882 Thread 0x0000021c90e51f90 Thread exited: 0x0000021c90e51f90
Event: 6.882 Thread 0x0000021c90e4c4b0 Thread exited: 0x0000021c90e4c4b0
Event: 6.882 Thread 0x0000021c981b3ea0 Thread exited: 0x0000021c981b3ea0
Event: 6.882 Thread 0x0000021c90cadbc0 Thread exited: 0x0000021c90cadbc0
Event: 7.003 Thread 0x0000021c90b7e560 Thread added: 0x0000021c99147a50
Event: 7.475 Thread 0x0000021c99147a50 Thread exited: 0x0000021c99147a50
Event: 9.819 Thread 0x0000021c90c78040 Thread exited: 0x0000021c90c78040


Dynamic libraries:
0x00007ff724c30000 - 0x00007ff724c3e000 	c:\Users\jibri\.cursor\extensions\redhat.java-1.50.0-win32-x64\jre\21.0.9-win32-x86_64\bin\java.exe
0x00007fff566a0000 - 0x00007fff56908000 	C:\WINDOWS\SYSTEM32\ntdll.dll
0x00007fff0e8f0000 - 0x00007fff0e910000 	C:\Program Files\Avast Software\Avast\aswhook.dll
0x00007fff55600000 - 0x00007fff556c9000 	C:\WINDOWS\System32\KERNEL32.DLL
0x00007fff53b80000 - 0x00007fff53f78000 	C:\WINDOWS\System32\KERNELBASE.dll
0x00007fff537f0000 - 0x00007fff5393b000 	C:\WINDOWS\System32\ucrtbase.dll
0x00007fff2a2f0000 - 0x00007fff2a30e000 	c:\Users\jibri\.cursor\extensions\redhat.java-1.50.0-win32-x64\jre\21.0.9-win32-x86_64\bin\VCRUNTIME140.dll
0x00007fff260b0000 - 0x00007fff260c8000 	c:\Users\jibri\.cursor\extensions\redhat.java-1.50.0-win32-x64\jre\21.0.9-win32-x86_64\bin\jli.dll
0x00007fff55a40000 - 0x00007fff55c07000 	C:\WINDOWS\System32\USER32.dll
0x00007fff54030000 - 0x00007fff54057000 	C:\WINDOWS\System32\win32u.dll
0x00007fff2a8f0000 - 0x00007fff2ab84000 	C:\WINDOWS\WinSxS\amd64_microsoft.windows.common-controls_6595b64144ccf1df_6.0.26100.7019_none_3e06ffa0e335b8a8\COMCTL32.dll
0x00007fff54cc0000 - 0x00007fff54ceb000 	C:\WINDOWS\System32\GDI32.dll
0x00007fff565b0000 - 0x00007fff56659000 	C:\WINDOWS\System32\msvcrt.dll
0x00007fff541a0000 - 0x00007fff542cc000 	C:\WINDOWS\System32\gdi32full.dll
0x00007fff54060000 - 0x00007fff54103000 	C:\WINDOWS\System32\msvcp_win.dll
0x00007fff55900000 - 0x00007fff55931000 	C:\WINDOWS\System32\IMM32.DLL
0x00007fff4cdc0000 - 0x00007fff4cdcc000 	c:\Users\jibri\.cursor\extensions\redhat.java-1.50.0-win32-x64\jre\21.0.9-win32-x86_64\bin\vcruntime140_1.dll
0x00007fff0b250000 - 0x00007fff0b2dd000 	c:\Users\jibri\.cursor\extensions\redhat.java-1.50.0-win32-x64\jre\21.0.9-win32-x86_64\bin\msvcp140.dll
0x00007ffeaec40000 - 0x00007ffeaf9e0000 	c:\Users\jibri\.cursor\extensions\redhat.java-1.50.0-win32-x64\jre\21.0.9-win32-x86_64\bin\server\jvm.dll
0x00007fff551f0000 - 0x00007fff552a4000 	C:\WINDOWS\System32\ADVAPI32.dll
0x00007fff56500000 - 0x00007fff565a6000 	C:\WINDOWS\System32\sechost.dll
0x00007fff54cf0000 - 0x00007fff54e08000 	C:\WINDOWS\System32\RPCRT4.dll
0x00007fff54fd0000 - 0x00007fff55044000 	C:\WINDOWS\System32\WS2_32.dll
0x00007fff53650000 - 0x00007fff536ae000 	C:\WINDOWS\SYSTEM32\POWRPROF.dll
0x00007fff49d60000 - 0x00007fff49d6b000 	C:\WINDOWS\SYSTEM32\VERSION.dll
0x00007fff432b0000 - 0x00007fff432e5000 	C:\WINDOWS\SYSTEM32\WINMM.dll
0x00007fff53630000 - 0x00007fff53644000 	C:\WINDOWS\SYSTEM32\UMPDC.dll
0x00007fff525b0000 - 0x00007fff525cb000 	C:\WINDOWS\SYSTEM32\kernel.appcore.dll
0x00007fff294b0000 - 0x00007fff294ba000 	c:\Users\jibri\.cursor\extensions\redhat.java-1.50.0-win32-x64\jre\21.0.9-win32-x86_64\bin\jimage.dll
0x00007fff50f40000 - 0x00007fff51182000 	C:\WINDOWS\SYSTEM32\DBGHELP.DLL
0x00007fff55c90000 - 0x00007fff5601b000 	C:\WINDOWS\System32\combase.dll
0x00007fff54e10000 - 0x00007fff54ee7000 	C:\WINDOWS\System32\OLEAUT32.dll
0x00007fff43510000 - 0x00007fff4354c000 	C:\WINDOWS\SYSTEM32\dbgcore.DLL
0x00007fff53f80000 - 0x00007fff54025000 	C:\WINDOWS\System32\bcryptPrimitives.dll
0x00007fff4e780000 - 0x00007fff4e78f000 	c:\Users\jibri\.cursor\extensions\redhat.java-1.50.0-win32-x64\jre\21.0.9-win32-x86_64\bin\instrument.dll
0x00007fff25f30000 - 0x00007fff25f50000 	c:\Users\jibri\.cursor\extensions\redhat.java-1.50.0-win32-x64\jre\21.0.9-win32-x86_64\bin\java.dll
0x00007fff54560000 - 0x00007fff54caf000 	C:\WINDOWS\System32\SHELL32.dll
0x00007fff542d0000 - 0x00007fff5443b000 	C:\WINDOWS\System32\wintypes.dll
0x00007fff51400000 - 0x00007fff51c5d000 	C:\WINDOWS\SYSTEM32\windows.storage.dll
0x00007fff55940000 - 0x00007fff55a32000 	C:\WINDOWS\System32\SHCORE.dll
0x00007fff54f50000 - 0x00007fff54fb7000 	C:\WINDOWS\System32\shlwapi.dll
0x00007fff53710000 - 0x00007fff53739000 	C:\WINDOWS\SYSTEM32\profapi.dll
0x00007fff25e30000 - 0x00007fff25e48000 	c:\Users\jibri\.cursor\extensions\redhat.java-1.50.0-win32-x64\jre\21.0.9-win32-x86_64\bin\zip.dll
0x00007fff25e20000 - 0x00007fff25e30000 	C:\Users\jibri\.cursor\extensions\redhat.java-1.50.0-win32-x64\jre\21.0.9-win32-x86_64\bin\net.dll
0x00007fff48a40000 - 0x00007fff48b68000 	C:\WINDOWS\SYSTEM32\WINHTTP.dll
0x00007fff52b20000 - 0x00007fff52b8b000 	C:\WINDOWS\system32\mswsock.dll
0x00007fff1cf10000 - 0x00007fff1cf26000 	C:\Users\jibri\.cursor\extensions\redhat.java-1.50.0-win32-x64\jre\21.0.9-win32-x86_64\bin\nio.dll
0x00007fff19760000 - 0x00007fff19770000 	c:\Users\jibri\.cursor\extensions\redhat.java-1.50.0-win32-x64\jre\21.0.9-win32-x86_64\bin\verify.dll
0x00007fff0c7d0000 - 0x00007fff0c814000 	C:\Users\jibri\AppData\Roaming\Cursor\User\globalStorage\redhat.java\1.50.0\config_win\org.eclipse.equinox.launcher\org.eclipse.equinox.launcher.win32.win32.x86_64_1.2.1400.v20250801-0854\eclipse_11916.dll
0x00007fff55050000 - 0x00007fff551e7000 	C:\WINDOWS\System32\ole32.dll
0x00007fff52de0000 - 0x00007fff52dfb000 	C:\WINDOWS\SYSTEM32\CRYPTSP.dll
0x00007fff52510000 - 0x00007fff5254a000 	C:\WINDOWS\system32\rsaenh.dll
0x00007fff52bd0000 - 0x00007fff52bfb000 	C:\WINDOWS\SYSTEM32\USERENV.dll
0x00007fff536e0000 - 0x00007fff5370a000 	C:\WINDOWS\SYSTEM32\bcrypt.dll
0x00007fff52e00000 - 0x00007fff52e0c000 	C:\WINDOWS\SYSTEM32\CRYPTBASE.dll
0x00007fff520d0000 - 0x00007fff52104000 	C:\WINDOWS\SYSTEM32\IPHLPAPI.DLL
0x00007fff54550000 - 0x00007fff5455a000 	C:\WINDOWS\System32\NSI.dll
0x00007ffedc9c0000 - 0x00007ffedca09000 	C:\Users\jibri\AppData\Local\Temp\jna-101119098\jna15753089427533588871.dll
0x00007fff555d0000 - 0x00007fff555d8000 	C:\WINDOWS\System32\PSAPI.DLL

JVMTI agents:
c:\Users\jibri\.cursor\extensions\redhat.java-1.50.0-win32-x64\lombok\lombok-1.18.39-4050.jar path:c:\Users\jibri\.cursor\extensions\redhat.java-1.50.0-win32-x64\jre\21.0.9-win32-x86_64\bin\instrument.dll, loaded, initialized, instrumentlib options:none

dbghelp: loaded successfully - version: 4.0.5 - missing functions: none
symbol engine: initialized successfully - sym options: 0x614 - pdb path: .;c:\Users\jibri\.cursor\extensions\redhat.java-1.50.0-win32-x64\jre\21.0.9-win32-x86_64\bin;C:\WINDOWS\SYSTEM32;C:\Program Files\Avast Software\Avast;C:\WINDOWS\WinSxS\amd64_microsoft.windows.common-controls_6595b64144ccf1df_6.0.26100.7019_none_3e06ffa0e335b8a8;c:\Users\jibri\.cursor\extensions\redhat.java-1.50.0-win32-x64\jre\21.0.9-win32-x86_64\bin\server;C:\Users\jibri\AppData\Roaming\Cursor\User\globalStorage\redhat.java\1.50.0\config_win\org.eclipse.equinox.launcher\org.eclipse.equinox.launcher.win32.win32.x86_64_1.2.1400.v20250801-0854;C:\Users\jibri\AppData\Local\Temp\jna-101119098

VM Arguments:
jvm_args: --add-modules=ALL-SYSTEM --add-opens=java.base/java.util=ALL-UNNAMED --add-opens=java.base/java.lang=ALL-UNNAMED --add-opens=java.base/sun.nio.fs=ALL-UNNAMED -Declipse.application=org.eclipse.jdt.ls.core.id1 -Dosgi.bundles.defaultStartLevel=4 -Declipse.product=org.eclipse.jdt.ls.core.product -Djava.import.generatesMetadataFilesAtProjectRoot=false -DDetectVMInstallationsJob.disabled=true -Dfile.encoding=utf8 -XX:+UseParallelGC -XX:GCTimeRatio=4 -XX:AdaptiveSizePolicyWeight=90 -Dsun.zip.disableMemoryMapping=true -Xmx2G -Xms100m -Xlog:disable -javaagent:c:\Users\jibri\.cursor\extensions\redhat.java-1.50.0-win32-x64\lombok\lombok-1.18.39-4050.jar -XX:+HeapDumpOnOutOfMemoryError -XX:HeapDumpPath=c:\Users\jibri\AppData\Roaming\Cursor\User\workspaceStorage\8b75b7c593fc459511d45e689933c160\redhat.java -Daether.dependencyCollector.impl=bf 
java_command: c:\Users\jibri\.cursor\extensions\redhat.java-1.50.0-win32-x64\server\plugins\org.eclipse.equinox.launcher_1.7.100.v20251111-0406.jar -configuration c:\Users\jibri\AppData\Roaming\Cursor\User\globalStorage\redhat.java\1.50.0\config_win -data c:\Users\jibri\AppData\Roaming\Cursor\User\workspaceStorage\8b75b7c593fc459511d45e689933c160\redhat.java\jdt_ws --pipe=\\.\pipe\lsp-0a2e1cc8240c65c7d93c94b101eacf3a-sock
java_class_path (initial): c:\Users\jibri\.cursor\extensions\redhat.java-1.50.0-win32-x64\server\plugins\org.eclipse.equinox.launcher_1.7.100.v20251111-0406.jar
Launcher Type: SUN_STANDARD

[Global flags]
    uintx AdaptiveSizePolicyWeight                 = 90                                        {product} {command line}
     intx CICompilerCount                          = 12                                        {product} {ergonomic}
    uintx GCTimeRatio                              = 4                                         {product} {command line}
     bool HeapDumpOnOutOfMemoryError               = true                                   {manageable} {command line}
    ccstr HeapDumpPath                             = c:\Users\jibri\AppData\Roaming\Cursor\User\workspaceStorage\8b75b7c593fc459511d45e689933c160\redhat.java         {manageable} {command line}
   size_t InitialHeapSize                          = 104857600                                 {product} {command line}
   size_t MaxHeapSize                              = 2147483648                                {product} {command line}
   size_t MaxNewSize                               = 715653120                                 {product} {ergonomic}
   size_t MinHeapDeltaBytes                        = 524288                                    {product} {ergonomic}
   size_t MinHeapSize                              = 104857600                                 {product} {command line}
   size_t NewSize                                  = 34603008                                  {product} {ergonomic}
    uintx NonNMethodCodeHeapSize                   = 7602480                                {pd product} {ergonomic}
    uintx NonProfiledCodeHeapSize                  = 122027880                              {pd product} {ergonomic}
   size_t OldSize                                  = 70254592                                  {product} {ergonomic}
    uintx ProfiledCodeHeapSize                     = 122027880                              {pd product} {ergonomic}
    uintx ReservedCodeCacheSize                    = 251658240                              {pd product} {ergonomic}
     bool SegmentedCodeCache                       = true                                      {product} {ergonomic}
   size_t SoftMaxHeapSize                          = 2147483648                             {manageable} {ergonomic}
     bool UseCompressedOops                        = true                           {product lp64_product} {ergonomic}
     bool UseLargePagesIndividualAllocation        = false                                  {pd product} {ergonomic}
     bool UseParallelGC                            = true                                      {product} {command line}

Logging:
Log output configuration:
 #0: stdout all=off uptime,level,tags foldmultilines=false
 #1: stderr all=off uptime,level,tags foldmultilines=false

Release file:
JAVA_VERSION="21.0.9" 
MODULES="java.base java.compiler java.datatransfer java.xml java.prefs java.desktop java.instrument java.logging java.management java.security.sasl java.naming java.rmi java.management.rmi java.net.http java.scripting java.security.jgss java.transaction.xa java.sql java.sql.rowset java.xml.crypto java.se java.smartcardio jdk.accessibility jdk.internal.jvmstat jdk.attach jdk.charsets jdk.internal.opt jdk.zipfs jdk.compiler jdk.crypto.ec jdk.crypto.cryptoki jdk.crypto.mscapi jdk.dynalink jdk.internal.ed jdk.editpad jdk.hotspot.agent jdk.httpserver jdk.internal.le jdk.internal.vm.ci jdk.internal.vm.compiler jdk.internal.vm.compiler.management jdk.jartool jdk.javadoc jdk.jcmd jdk.management jdk.management.agent jdk.jconsole jdk.jdeps jdk.jdwp.agent jdk.jdi jdk.jfr jdk.jshell jdk.jsobject jdk.jstatd jdk.localedata jdk.management.jfr jdk.naming.dns jdk.naming.rmi jdk.net jdk.nio.mapmode jdk.random jdk.sctp jdk.security.auth jdk.security.jgss jdk.unsupported jdk.unsupported.desktop jdk.xml.dom" 

Environment Variables:
JAVA_HOME=C:\Program Files\Java\jdk-17
PATH=C:\Program Files\Microsoft\jdk-17.0.16.8-hotspot\bin;C:\ProgramData\Oracle\Java\javapath;C:\Program Files\NVIDIA GPU Computing Toolkit\CUDA\v12.8\bin;C:\Program Files\NVIDIA GPU Computing Toolkit\CUDA\v12.8\libnvvp;C:\Program Files\Common Files\Oracle\Java\javapath;C:\PHP\;C:\Windows\system32;C:\Windows;C:\Windows\System32\Wbem;C:\Windows\System32\WindowsPowerShell\v1.0\;C:\Windows\System32\OpenSSH\;C:\Program Files (x86)\NVIDIA Corporation\PhysX\Common;C:\Program Files\Microsoft SQL Server\150\Tools\Binn\;C:\Program Files\Microsoft SQL Server\Client SDK\ODBC\170\Tools\Binn\;C:\ProgramData\ComposerSetup\bin;C:\Users\jibri\.config\herd\bin\nvm;C:\Program Files\nodejs;C:\Program Files\Java\jdk-17\bin;C:\xampp\php;C:\WINDOWS\system32;C:\WINDOWS;C:\WINDOWS\System32\Wbem;C:\WINDOWS\System32\WindowsPowerShell\v1.0\;C:\WINDOWS\System32\OpenSSH\;C:\Program Files\nodejs\;C:\Program Files\Git\cmd;C:\Program Files\Git\bin;C:\Users\jibri\AppData\Local\Pub\Cache\bin;C:\Program Files\NVIDIA Corporation\NVIDIA app\NvDLISR;C:\Program Files\heroku\bin;C:\Program Files\NVIDIA Corporation\Nsight Compute 2025.1.1\;C:\ProgramData\chocolatey\bin;C:\Users\jibri\AppData\Local\Programs\Python\Python310\Scripts;C:\Program Files\dotnet\;C:\Program Files (x86)\Windows Kits\10\Windows Performance Toolkit\;C:\Users\jibri\AppData\Local\Android\Sdk\platform-tools;C:\Program Files\cursor\resources\app\bin;C:\Users\jibri\AppData\Local\Programs\Python\Python310\Scripts\;C:\Users\jibri\AppData\Local\Programs\Python\Python310\;C:\Users\jibri\.config\herd\bin;C:\Program Files\MySQL\MySQL Shell 8.0\bin\;C:\Users\jibri\AppData\Local\Microsoft\WindowsApps;C:\Users\jibri\AppData\Local\Programs\Microsoft VS Code\bin;C:\Users\jibri\AppData\Roaming\Composer\vendor\bin;C:\flutter\flutter\bin;C:\Users\jibri\AppData\Roaming\npm;C:\Program Files\Git;C:\Users\jibri\AppData\Local\Pub\Cache\bin;C:\Program Files\heroku\bin;C:\Users\jibri\.dotnet\tools;C:\AppServ\Apache24\bin;C:\AppServ\php5;C:\AppServ\MySQL\bin;C:\Users\jibri\AppData\Local\Android\Sdk\build-tools;C:\ProgramData\chocolatey\bin;C:\Program Files\nodejs\;C:\Users\jibri\AppData\Local\Programs\Antigravity\bin
USERNAME=jibri
OS=Windows_NT
PROCESSOR_IDENTIFIER=Intel64 Family 6 Model 191 Stepping 2, GenuineIntel
TMP=C:\Users\jibri\AppData\Local\Temp
TEMP=C:\Users\jibri\AppData\Local\Temp




Periodic native trim disabled

---------------  S Y S T E M  ---------------

OS:
 Windows 11 , 64 bit Build 26100 (10.0.26100.7019)
OS uptime: 0 days 19:16 hours
Hyper-V role detected

CPU: total 20 (initial active 20) (10 cores per cpu, 2 threads per core) family 6 model 191 stepping 2 microcode 0x2c, cx8, cmov, fxsr, ht, mmx, 3dnowpref, sse, sse2, sse3, ssse3, sse4.1, sse4.2, popcnt, lzcnt, tsc, tscinvbit, avx, avx2, aes, erms, clmul, bmi1, bmi2, adx, sha, fma, vzeroupper, clflush, clflushopt, clwb, hv, serialize, rdtscp, rdpid, fsrm, f16c, cet_ibt, cet_ss
Processor Information for processor 0
  Max Mhz: 2500, Current Mhz: 1532, Mhz Limit: 2500
Processor Information for processor 1
  Max Mhz: 2500, Current Mhz: 1532, Mhz Limit: 2500
Processor Information for processor 2
  Max Mhz: 2500, Current Mhz: 2500, Mhz Limit: 2500
Processor Information for processor 3
  Max Mhz: 2500, Current Mhz: 1532, Mhz Limit: 2500
Processor Information for processor 4
  Max Mhz: 2500, Current Mhz: 2500, Mhz Limit: 2500
Processor Information for processor 5
  Max Mhz: 2500, Current Mhz: 1532, Mhz Limit: 2500
Processor Information for processor 6
  Max Mhz: 2500, Current Mhz: 2500, Mhz Limit: 2500
Processor Information for processor 7
  Max Mhz: 2500, Current Mhz: 2500, Mhz Limit: 2500
Processor Information for processor 8
  Max Mhz: 2500, Current Mhz: 2500, Mhz Limit: 2500
Processor Information for processor 9
  Max Mhz: 2500, Current Mhz: 2500, Mhz Limit: 2500
Processor Information for processor 10
  Max Mhz: 2500, Current Mhz: 2500, Mhz Limit: 2500
Processor Information for processor 11
  Max Mhz: 2500, Current Mhz: 2500, Mhz Limit: 2500
Processor Information for processor 12
  Max Mhz: 2500, Current Mhz: 1800, Mhz Limit: 1800
Processor Information for processor 13
  Max Mhz: 2500, Current Mhz: 1800, Mhz Limit: 1800
Processor Information for processor 14
  Max Mhz: 2500, Current Mhz: 1800, Mhz Limit: 1800
Processor Information for processor 15
  Max Mhz: 2500, Current Mhz: 1500, Mhz Limit: 1800
Processor Information for processor 16
  Max Mhz: 2500, Current Mhz: 1800, Mhz Limit: 1800
Processor Information for processor 17
  Max Mhz: 2500, Current Mhz: 1500, Mhz Limit: 1800
Processor Information for processor 18
  Max Mhz: 2500, Current Mhz: 1800, Mhz Limit: 1800
Processor Information for processor 19
  Max Mhz: 2500, Current Mhz: 1800, Mhz Limit: 1800

Memory: 4k page, system-wide physical 7911M (534M free)
TotalPageFile size 32487M (AvailPageFile size 178M)
current process WorkingSet (physical memory assigned to process): 157M, peak: 175M
current process commit charge ("private bytes"): 291M, peak: 322M

vm_info: OpenJDK 64-Bit Server VM (21.0.9+10-LTS) for windows-amd64 JRE (21.0.9+10-LTS), built on 2025-10-21T00:00:00Z by "admin" with unknown MS VC++:1942

END.
