#
# There is insufficient memory for the Java Runtime Environment to continue.
# Native memory allocation (malloc) failed to allocate 1056416 bytes. Error detail: Chunk::new
# Possible reasons:
#   The system is out of physical RAM or swap space
#   This process is running with CompressedOops enabled, and the Java Heap may be blocking the growth of the native heap
# Possible solutions:
#   Reduce memory load on the system
#   Increase physical memory or swap space
#   Check if swap backing store is full
#   Decrease Java heap size (-Xmx/-Xms)
#   Decrease number of Java threads
#   Decrease Java thread stack sizes (-Xss)
#   Set larger code cache with -XX:ReservedCodeCacheSize=
#   JVM is running with Unscaled Compressed Oops mode in which the Java heap is
#     placed in the first 4GB address space. The Java Heap base address is the
#     maximum limit for the native heap growth. Please use -XX:HeapBaseMinAddress
#     to set the Java Heap base and to place the Java Heap above 4GB virtual address.
# This output file may be truncated or incomplete.
#
#  Out of Memory Error (arena.cpp:168), pid=30732, tid=32244
#
# JRE version: OpenJDK Runtime Environment Temurin-21.0.10+7 (21.0.10+7) (build 21.0.10+7-LTS)
# Java VM: OpenJDK 64-Bit Server VM Temurin-21.0.10+7 (21.0.10+7-LTS, mixed mode, sharing, tiered, compressed oops, compressed class ptrs, parallel gc, windows-amd64)
# No core dump will be written. Minidumps are not enabled by default on client versions of Windows
#

---------------  S U M M A R Y ------------

Command Line: --add-modules=ALL-SYSTEM --add-opens=java.base/java.util=ALL-UNNAMED --add-opens=java.base/java.lang=ALL-UNNAMED --add-opens=java.base/sun.nio.fs=ALL-UNNAMED -Declipse.application=org.eclipse.jdt.ls.core.id1 -Dosgi.bundles.defaultStartLevel=4 -Declipse.product=org.eclipse.jdt.ls.core.product -Djava.import.generatesMetadataFilesAtProjectRoot=false -DDetectVMInstallationsJob.disabled=true -Dfile.encoding=utf8 -XX:+UseParallelGC -XX:GCTimeRatio=4 -XX:AdaptiveSizePolicyWeight=90 -Dsun.zip.disableMemoryMapping=true -Xmx2G -Xms100m -Xlog:disable -javaagent:c:\Users\jibri\.antigravity\extensions\redhat.java-1.54.0-win32-x64\lombok\lombok-1.18.39-4050.jar -XX:+HeapDumpOnOutOfMemoryError -XX:HeapDumpPath=c:\Users\jibri\AppData\Roaming\Antigravity\User\workspaceStorage\8b75b7c593fc459511d45e689933c160\redhat.java -Daether.dependencyCollector.impl=bf c:\Users\jibri\.antigravity\extensions\redhat.java-1.54.0-win32-x64\server\plugins\org.eclipse.equinox.launcher_1.7.100.v20251111-0406.jar -configuration c:\Users\jibri\AppData\Roaming\Antigravity\User\globalStorage\redhat.java\1.54.0\config_win -data c:\Users\jibri\AppData\Roaming\Antigravity\User\workspaceStorage\8b75b7c593fc459511d45e689933c160\redhat.java\jdt_ws --pipe=\\.\pipe\lsp-7952fea91bb3804153728c3fcc3b2a38-sock

Host: 13th Gen Intel(R) Core(TM) i5-13500HX, 20 cores, 7G,  Windows 11 , 64 bit Build 26100 (10.0.26100.8246)
Time: Tue May  5 09:37:19 2026 Malay Peninsula Standard Time elapsed time: 43.267520 seconds (0d 0h 0m 43s)

---------------  T H R E A D  ---------------

Current thread (0x0000012a654c1750):  JavaThread "C2 CompilerThread1" daemon [_thread_in_native, id=32244, stack(0x0000000193000000,0x0000000193100000) (1024K)]


Current CompileTask:
C2:43267 12228   !   4       org.eclipse.jdt.internal.core.ClassFileInfo::generateMethodInfos (750 bytes)

Stack: [0x0000000193000000,0x0000000193100000]
Native frames: (J=compiled Java code, j=interpreted, Vv=VM code, C=native code)
V  [jvm.dll+0x6d7a39]
V  [jvm.dll+0x8b4b26]
V  [jvm.dll+0x8b70de]
V  [jvm.dll+0x8b77c3]
V  [jvm.dll+0x284346]
V  [jvm.dll+0xc66ed]
V  [jvm.dll+0xc6c31]
V  [jvm.dll+0x2fb29e]
V  [jvm.dll+0x5fe884]
V  [jvm.dll+0x255b17]
V  [jvm.dll+0x24df54]
V  [jvm.dll+0x24ba42]
V  [jvm.dll+0x1cb34e]
V  [jvm.dll+0x25b85d]
V  [jvm.dll+0x259dea]
V  [jvm.dll+0x3f857e]
V  [jvm.dll+0x85f59d]
V  [jvm.dll+0x6d626d]
C  [ucrtbase.dll+0x37b0]
C  [KERNEL32.DLL+0x2e8d7]
C  [ntdll.dll+0x8c3fc]


---------------  P R O C E S S  ---------------

Threads class SMR info:
_java_thread_list=0x0000012a657c7ea0, length=79, elements={
0x0000012a7f05a720, 0x0000012a7fa67400, 0x0000012a17f5d810, 0x0000012a7fa6a0d0,
0x0000012a7fa6cdc0, 0x0000012a7fa6ef50, 0x0000012a7fa721f0, 0x0000012a5a549260,
0x0000012a5a569d10, 0x0000012a7fa73c30, 0x0000012a7fa714d0, 0x0000012a7fa71b60,
0x0000012a7fa74950, 0x0000012a7fa742c0, 0x0000012a7fa72880, 0x0000012a7fa72f10,
0x0000012a7fa735a0, 0x0000012a5cbc7f30, 0x0000012a5cbc92e0, 0x0000012a5cbc8c50,
0x0000012a5cbc64f0, 0x0000012a5cbc6b80, 0x0000012a5cbc9970, 0x0000012a5cbca000,
0x0000012a5cbca690, 0x0000012a5cbc7210, 0x0000012a5cbcad20, 0x0000012a5cbc78a0,
0x0000012a5cbcb3b0, 0x0000012a5cbcba40, 0x0000012a5cbc85c0, 0x0000012a5cbcdb10,
0x0000012a5cbcc0d0, 0x0000012a5cbcc760, 0x0000012a5cbccdf0, 0x0000012a5cbcd480,
0x0000012a62870080, 0x0000012a628727e0, 0x0000012a62870710, 0x0000012a62870da0,
0x0000012a62871ac0, 0x0000012a62872e70, 0x0000012a62871430, 0x0000012a62872150,
0x0000012a6286f9f0, 0x0000012a62873500, 0x0000012a62875c60, 0x0000012a62876980,
0x0000012a62877010, 0x0000012a62873b90, 0x0000012a62874220, 0x0000012a62874f40,
0x0000012a628755d0, 0x0000012a64259fe0, 0x0000012a642592c0, 0x0000012a64259950,
0x0000012a642585a0, 0x0000012a64258c30, 0x0000012a6425a670, 0x0000012a6425ad00,
0x0000012a64257f10, 0x0000012a64257880, 0x0000012a6425daf0, 0x0000012a6425cdd0,
0x0000012a6425e180, 0x0000012a6425d460, 0x0000012a6425e810, 0x0000012a6425ba20,
0x0000012a6425c0b0, 0x0000012a6425eea0, 0x0000012a63ed77b0, 0x0000012a63ed6400,
0x0000012a63ed8b60, 0x0000012a654c1750, 0x0000012a654c6910, 0x0000012a654c6fe0,
0x0000012a654c7d80, 0x0000012a654c54a0, 0x0000012a654c76b0
}

Java Threads: ( => current thread )
  0x0000012a7f05a720 JavaThread "main"                              [_thread_blocked, id=32920, stack(0x0000000191100000,0x0000000191200000) (1024K)]
  0x0000012a7fa67400 JavaThread "Reference Handler"          daemon [_thread_blocked, id=27900, stack(0x0000000191500000,0x0000000191600000) (1024K)]
  0x0000012a17f5d810 JavaThread "Finalizer"                  daemon [_thread_blocked, id=28088, stack(0x0000000191600000,0x0000000191700000) (1024K)]
  0x0000012a7fa6a0d0 JavaThread "Signal Dispatcher"          daemon [_thread_blocked, id=30724, stack(0x0000000191700000,0x0000000191800000) (1024K)]
  0x0000012a7fa6cdc0 JavaThread "Attach Listener"            daemon [_thread_blocked, id=27448, stack(0x0000000191800000,0x0000000191900000) (1024K)]
  0x0000012a7fa6ef50 JavaThread "Service Thread"             daemon [_thread_blocked, id=33020, stack(0x0000000191900000,0x0000000191a00000) (1024K)]
  0x0000012a7fa721f0 JavaThread "Monitor Deflation Thread"   daemon [_thread_blocked, id=2104, stack(0x0000000191a00000,0x0000000191b00000) (1024K)]
  0x0000012a5a549260 JavaThread "C2 CompilerThread0"         daemon [_thread_in_native, id=30108, stack(0x0000000191b00000,0x0000000191c00000) (1024K)]
  0x0000012a5a569d10 JavaThread "C1 CompilerThread0"         daemon [_thread_blocked, id=34108, stack(0x0000000191c00000,0x0000000191d00000) (1024K)]
  0x0000012a7fa73c30 JavaThread "Common-Cleaner"             daemon [_thread_blocked, id=31092, stack(0x0000000192100000,0x0000000192200000) (1024K)]
  0x0000012a7fa714d0 JavaThread "Notification Thread"        daemon [_thread_blocked, id=9228, stack(0x0000000192300000,0x0000000192400000) (1024K)]
  0x0000012a7fa71b60 JavaThread "Active Thread: Equinox Container: 32e38608-6a69-40e2-b75a-da9348cd43c0"        [_thread_blocked, id=32956, stack(0x0000000192a00000,0x0000000192b00000) (1024K)]
  0x0000012a7fa74950 JavaThread "Refresh Thread: Equinox Container: 32e38608-6a69-40e2-b75a-da9348cd43c0" daemon [_thread_blocked, id=14524, stack(0x0000000191d00000,0x0000000191e00000) (1024K)]
  0x0000012a7fa742c0 JavaThread "Framework Event Dispatcher: Equinox Container: 32e38608-6a69-40e2-b75a-da9348cd43c0" daemon [_thread_blocked, id=3500, stack(0x0000000191e00000,0x0000000191f00000) (1024K)]
  0x0000012a7fa72880 JavaThread "Start Level: Equinox Container: 32e38608-6a69-40e2-b75a-da9348cd43c0" daemon [_thread_blocked, id=24756, stack(0x0000000191f00000,0x0000000192000000) (1024K)]
  0x0000012a7fa72f10 JavaThread "Bundle File Closer"         daemon [_thread_blocked, id=32248, stack(0x0000000192e00000,0x0000000192f00000) (1024K)]
  0x0000012a7fa735a0 JavaThread "SCR Component Actor"        daemon [_thread_blocked, id=16076, stack(0x0000000192d00000,0x0000000192e00000) (1024K)]
  0x0000012a5cbc7f30 JavaThread "Worker-JM"                         [_thread_blocked, id=8524, stack(0x0000000193100000,0x0000000193200000) (1024K)]
  0x0000012a5cbc92e0 JavaThread "JNA Cleaner"                daemon [_thread_blocked, id=26876, stack(0x0000000192f00000,0x0000000193000000) (1024K)]
  0x0000012a5cbc8c50 JavaThread "Worker-0"                          [_thread_blocked, id=1796, stack(0x0000000193700000,0x0000000193800000) (1024K)]
  0x0000012a5cbc64f0 JavaThread "Worker-1: Refreshing workspace"        [_thread_in_native, id=33604, stack(0x0000000193900000,0x0000000193a00000) (1024K)]
  0x0000012a5cbc6b80 JavaThread "Worker-2"                          [_thread_blocked, id=8016, stack(0x0000000193b00000,0x0000000193c00000) (1024K)]
  0x0000012a5cbc9970 JavaThread "Java indexing"              daemon [_thread_blocked, id=6044, stack(0x0000000193c00000,0x0000000193d00000) (1024K)]
  0x0000012a5cbca000 JavaThread "Worker-3"                          [_thread_blocked, id=28844, stack(0x0000000193f00000,0x0000000194000000) (1024K)]
  0x0000012a5cbca690 JavaThread "Worker-4: Initialize workspace"        [_thread_blocked, id=27016, stack(0x0000000194000000,0x0000000194100000) (1024K)]
  0x0000012a5cbc7210 JavaThread "Thread-1"                   daemon [_thread_in_native, id=28404, stack(0x0000000194100000,0x0000000194200000) (1024K)]
  0x0000012a5cbcad20 JavaThread "Thread-2"                   daemon [_thread_in_native, id=29768, stack(0x0000000194200000,0x0000000194300000) (1024K)]
  0x0000012a5cbc78a0 JavaThread "Thread-3"                   daemon [_thread_in_native, id=29332, stack(0x0000000194300000,0x0000000194400000) (1024K)]
  0x0000012a5cbcb3b0 JavaThread "Thread-4"                   daemon [_thread_in_native, id=27440, stack(0x0000000194400000,0x0000000194500000) (1024K)]
  0x0000012a5cbcba40 JavaThread "Thread-5"                   daemon [_thread_in_native, id=31928, stack(0x0000000194500000,0x0000000194600000) (1024K)]
  0x0000012a5cbc85c0 JavaThread "Thread-6"                   daemon [_thread_in_native, id=28824, stack(0x0000000194600000,0x0000000194700000) (1024K)]
  0x0000012a5cbcdb10 JavaThread "Thread-7"                   daemon [_thread_in_native, id=30336, stack(0x0000000194700000,0x0000000194800000) (1024K)]
  0x0000012a5cbcc0d0 JavaThread "Thread-8"                   daemon [_thread_in_native, id=13484, stack(0x0000000194800000,0x0000000194900000) (1024K)]
  0x0000012a5cbcc760 JavaThread "Thread-9"                   daemon [_thread_in_native, id=28648, stack(0x0000000194900000,0x0000000194a00000) (1024K)]
  0x0000012a5cbccdf0 JavaThread "Thread-10"                  daemon [_thread_in_native, id=26808, stack(0x0000000194a00000,0x0000000194b00000) (1024K)]
  0x0000012a5cbcd480 JavaThread "Thread-11"                  daemon [_thread_in_native, id=30624, stack(0x0000000194b00000,0x0000000194c00000) (1024K)]
  0x0000012a62870080 JavaThread "Thread-12"                  daemon [_thread_in_native, id=29740, stack(0x0000000194c00000,0x0000000194d00000) (1024K)]
  0x0000012a628727e0 JavaThread "Thread-13"                  daemon [_thread_in_native, id=29268, stack(0x0000000194d00000,0x0000000194e00000) (1024K)]
  0x0000012a62870710 JavaThread "Thread-14"                  daemon [_thread_in_native, id=13488, stack(0x0000000194e00000,0x0000000194f00000) (1024K)]
  0x0000012a62870da0 JavaThread "Thread-15"                  daemon [_thread_in_native, id=30704, stack(0x0000000194f00000,0x0000000195000000) (1024K)]
  0x0000012a62871ac0 JavaThread "Thread-16"                  daemon [_thread_in_native, id=31248, stack(0x0000000195000000,0x0000000195100000) (1024K)]
  0x0000012a62872e70 JavaThread "Thread-17"                  daemon [_thread_in_native, id=10412, stack(0x0000000195100000,0x0000000195200000) (1024K)]
  0x0000012a62871430 JavaThread "Thread-18"                  daemon [_thread_in_native, id=27980, stack(0x0000000195200000,0x0000000195300000) (1024K)]
  0x0000012a62872150 JavaThread "Thread-19"                  daemon [_thread_in_native, id=17380, stack(0x0000000195300000,0x0000000195400000) (1024K)]
  0x0000012a6286f9f0 JavaThread "Thread-20"                  daemon [_thread_in_native, id=18824, stack(0x0000000195400000,0x0000000195500000) (1024K)]
  0x0000012a62873500 JavaThread "Thread-21"                  daemon [_thread_in_native, id=28692, stack(0x0000000195500000,0x0000000195600000) (1024K)]
  0x0000012a62875c60 JavaThread "pool-2-thread-1"                   [_thread_blocked, id=11340, stack(0x0000000195600000,0x0000000195700000) (1024K)]
  0x0000012a62876980 JavaThread "Worker-5"                          [_thread_blocked, id=13360, stack(0x0000000195700000,0x0000000195800000) (1024K)]
  0x0000012a62877010 JavaThread "WorkspaceEventsHandler"            [_thread_blocked, id=27208, stack(0x0000000195800000,0x0000000195900000) (1024K)]
  0x0000012a62873b90 JavaThread "pool-1-thread-1"                   [_thread_blocked, id=28536, stack(0x0000000195900000,0x0000000195a00000) (1024K)]
  0x0000012a62874220 JavaThread "ForkJoinPool.commonPool-worker-1" daemon [_thread_in_Java, id=15436, stack(0x0000000195a00000,0x0000000195b00000) (1024K)]
  0x0000012a62874f40 JavaThread "ForkJoinPool.commonPool-worker-2" daemon [_thread_in_Java, id=25924, stack(0x0000000195b00000,0x0000000195c00000) (1024K)]
  0x0000012a628755d0 JavaThread "ForkJoinPool.commonPool-worker-3" daemon [_thread_in_Java, id=30944, stack(0x0000000195c00000,0x0000000195d00000) (1024K)]
  0x0000012a64259fe0 JavaThread "ForkJoinPool.commonPool-worker-4" daemon [_thread_in_Java, id=26096, stack(0x0000000195d00000,0x0000000195e00000) (1024K)]
  0x0000012a642592c0 JavaThread "ForkJoinPool.commonPool-worker-5" daemon [_thread_in_Java, id=8044, stack(0x0000000195e00000,0x0000000195f00000) (1024K)]
  0x0000012a64259950 JavaThread "ForkJoinPool.commonPool-worker-6" daemon [_thread_in_Java, id=32744, stack(0x0000000195f00000,0x0000000196000000) (1024K)]
  0x0000012a642585a0 JavaThread "ForkJoinPool.commonPool-worker-7" daemon [_thread_in_Java, id=26992, stack(0x0000000196000000,0x0000000196100000) (1024K)]
  0x0000012a64258c30 JavaThread "ForkJoinPool.commonPool-worker-8" daemon [_thread_in_vm, id=30076, stack(0x0000000196100000,0x0000000196200000) (1024K)]
  0x0000012a6425a670 JavaThread "ForkJoinPool.commonPool-worker-9" daemon [_thread_in_Java, id=21592, stack(0x0000000196200000,0x0000000196300000) (1024K)]
  0x0000012a6425ad00 JavaThread "ForkJoinPool.commonPool-worker-10" daemon [_thread_in_native, id=13656, stack(0x0000000196300000,0x0000000196400000) (1024K)]
  0x0000012a64257f10 JavaThread "ForkJoinPool.commonPool-worker-11" daemon [_thread_blocked, id=26348, stack(0x0000000196400000,0x0000000196500000) (1024K)]
  0x0000012a64257880 JavaThread "ForkJoinPool.commonPool-worker-12" daemon [_thread_in_Java, id=29936, stack(0x0000000196500000,0x0000000196600000) (1024K)]
  0x0000012a6425daf0 JavaThread "ForkJoinPool.commonPool-worker-13" daemon [_thread_in_vm, id=26752, stack(0x0000000196600000,0x0000000196700000) (1024K)]
  0x0000012a6425cdd0 JavaThread "ForkJoinPool.commonPool-worker-14" daemon [_thread_blocked, id=25520, stack(0x0000000196700000,0x0000000196800000) (1024K)]
  0x0000012a6425e180 JavaThread "ForkJoinPool.commonPool-worker-15" daemon [_thread_in_Java, id=21296, stack(0x0000000196800000,0x0000000196900000) (1024K)]
  0x0000012a6425d460 JavaThread "ForkJoinPool.commonPool-worker-16" daemon [_thread_in_Java, id=29512, stack(0x0000000196900000,0x0000000196a00000) (1024K)]
  0x0000012a6425e810 JavaThread "ForkJoinPool.commonPool-worker-17" daemon [_thread_in_Java, id=31732, stack(0x0000000196a00000,0x0000000196b00000) (1024K)]
  0x0000012a6425ba20 JavaThread "ForkJoinPool.commonPool-worker-18" daemon [_thread_in_Java, id=31348, stack(0x0000000196b00000,0x0000000196c00000) (1024K)]
  0x0000012a6425c0b0 JavaThread "ForkJoinPool.commonPool-worker-19" daemon [_thread_in_Java, id=27116, stack(0x0000000196c00000,0x0000000196d00000) (1024K)]
  0x0000012a6425eea0 JavaThread "Timer-0"                           [_thread_blocked, id=7480, stack(0x0000000193300000,0x0000000193400000) (1024K)]
  0x0000012a63ed77b0 JavaThread "Worker-6"                          [_thread_blocked, id=28552, stack(0x0000000196d00000,0x0000000196e00000) (1024K)]
  0x0000012a63ed6400 JavaThread "Connection worker"                 [_thread_in_native, id=29460, stack(0x0000000197000000,0x0000000197100000) (1024K)]
  0x0000012a63ed8b60 JavaThread "pool-3-thread-1"                   [_thread_blocked, id=32288, stack(0x0000000197100000,0x0000000197200000) (1024K)]
=>0x0000012a654c1750 JavaThread "C2 CompilerThread1"         daemon [_thread_in_native, id=32244, stack(0x0000000193000000,0x0000000193100000) (1024K)]
  0x0000012a654c6910 JavaThread "C1 CompilerThread1"         daemon [_thread_blocked, id=34284, stack(0x0000000197200000,0x0000000197300000) (1024K)]
  0x0000012a654c6fe0 JavaThread "C2 CompilerThread2"         daemon [_thread_in_native, id=29192, stack(0x0000000193200000,0x0000000193300000) (1024K)]
  0x0000012a654c7d80 JavaThread "C2 CompilerThread3"         daemon [_thread_in_native, id=28156, stack(0x0000000193a00000,0x0000000193b00000) (1024K)]
  0x0000012a654c54a0 JavaThread "C2 CompilerThread4"         daemon [_thread_in_native, id=27496, stack(0x0000000196f00000,0x0000000197000000) (1024K)]
  0x0000012a654c76b0 JavaThread "C2 CompilerThread5"         daemon [_thread_in_native, id=29056, stack(0x0000000197300000,0x0000000197400000) (1024K)]
Total: 79

Other Threads:
  0x0000012a7fa62860 VMThread "VM Thread"                           [id=26648, stack(0x0000000191400000,0x0000000191500000) (1024K)]
  0x0000012a17e3ca00 WatcherThread "VM Periodic Task Thread"        [id=29556, stack(0x0000000191300000,0x0000000191400000) (1024K)]
  0x0000012a7f9e3560 WorkerThread "GC Thread#0"                     [id=21564, stack(0x0000000191200000,0x0000000191300000) (1024K)]
  0x0000012a61233a00 WorkerThread "GC Thread#1"                     [id=33996, stack(0x0000000192000000,0x0000000192100000) (1024K)]
  0x0000012a61211810 WorkerThread "GC Thread#2"                     [id=27540, stack(0x0000000192400000,0x0000000192500000) (1024K)]
  0x0000012a61211bc0 WorkerThread "GC Thread#3"                     [id=28340, stack(0x0000000192500000,0x0000000192600000) (1024K)]
  0x0000012a61211f70 WorkerThread "GC Thread#4"                     [id=12468, stack(0x0000000192600000,0x0000000192700000) (1024K)]
  0x0000012a6101ab40 WorkerThread "GC Thread#5"                     [id=28032, stack(0x0000000192700000,0x0000000192800000) (1024K)]
  0x0000012a5cb4aed0 WorkerThread "GC Thread#6"                     [id=5348, stack(0x0000000192800000,0x0000000192900000) (1024K)]
  0x0000012a5cb4c140 WorkerThread "GC Thread#7"                     [id=17264, stack(0x0000000192b00000,0x0000000192c00000) (1024K)]
  0x0000012a5cb4ab20 WorkerThread "GC Thread#8"                     [id=27068, stack(0x0000000192200000,0x0000000192300000) (1024K)]
  0x0000012a5cb4b280 WorkerThread "GC Thread#9"                     [id=32104, stack(0x0000000192900000,0x0000000192a00000) (1024K)]
  0x0000012a5cb4b630 WorkerThread "GC Thread#10"                    [id=17064, stack(0x0000000192c00000,0x0000000192d00000) (1024K)]
  0x0000012a5cae7c60 WorkerThread "GC Thread#11"                    [id=14472, stack(0x0000000193400000,0x0000000193500000) (1024K)]
  0x0000012a5cae78b0 WorkerThread "GC Thread#12"                    [id=3720, stack(0x0000000193500000,0x0000000193600000) (1024K)]
  0x0000012a5cae83c0 WorkerThread "GC Thread#13"                    [id=28172, stack(0x0000000193600000,0x0000000193700000) (1024K)]
  0x0000012a5cae8770 WorkerThread "GC Thread#14"                    [id=33820, stack(0x0000000193800000,0x0000000193900000) (1024K)]
Total: 17

Threads with active compile tasks:
C2 CompilerThread0  43310 12248       4       org.eclipse.core.internal.resources.LocationValidator::validateName (145 bytes)
C2 CompilerThread1  43310 12228   !   4       org.eclipse.jdt.internal.core.ClassFileInfo::generateMethodInfos (750 bytes)
C2 CompilerThread2  43310 12150 % !   4       org.eclipse.jdt.internal.core.util.ClassFileReader::<init> @ 88 (1942 bytes)
C2 CompilerThread3  43310 12240  s    4       org.eclipse.jdt.internal.core.JavaModelManager::putInfos (192 bytes)
C2 CompilerThread4  43310 12230   !   4       org.eclipse.jdt.internal.compiler.classfmt.ClassFileReader::<init> (1968 bytes)
C2 CompilerThread5  43310 12262       4       org.eclipse.jdt.core.compiler.CharOperation::match (300 bytes)
Total: 6

VM state: not at safepoint (normal execution)

VM Mutex/Monitor currently owned by a thread: None

Heap address: 0x0000000080000000, size: 2048 MB, Compressed Oops mode: 32-bit

CDS archive(s) mapped at: [0x0000012a18000000-0x0000012a18ba0000-0x0000012a18ba0000), size 12189696, SharedBaseAddress: 0x0000012a18000000, ArchiveRelocationMode: 1.
Compressed class space mapped at: 0x0000012a19000000-0x0000012a59000000, reserved size: 1073741824
Narrow klass base: 0x0000012a18000000, Narrow klass shift: 0, Narrow klass range: 0x100000000

GC Precious Log:
 CardTable entry size: 512
 CPUs: 20 total, 20 available
 Memory: 7911M
 Large Page Support: Disabled
 NUMA Support: Disabled
 Compressed Oops: Enabled (32-bit)
 Alignments: Space 512K, Generation 512K, Heap 2M
 Heap Min Capacity: 100M
 Heap Initial Capacity: 100M
 Heap Max Capacity: 2G
 Pre-touch: Disabled
 Parallel Workers: 15

Heap:
 PSYoungGen      total 23552K, used 12215K [0x00000000d5580000, 0x00000000d7100000, 0x0000000100000000)
  eden space 20480K, 46% used [0x00000000d5580000,0x00000000d5ebe9f8,0x00000000d6980000)
  from space 3072K, 89% used [0x00000000d6c00000,0x00000000d6eaf2e0,0x00000000d6f00000)
  to   space 2048K, 0% used [0x00000000d6f00000,0x00000000d6f00000,0x00000000d7100000)
 ParOldGen       total 312832K, used 312639K [0x0000000080000000, 0x0000000093180000, 0x00000000d5580000)
  object space 312832K, 99% used [0x0000000080000000,0x000000009314fd90,0x0000000093180000)
 Metaspace       used 70357K, committed 71808K, reserved 1114112K
  class space    used 8140K, committed 8832K, reserved 1048576K

Card table byte_map: [0x0000012a13550000,0x0000012a13960000] _byte_map_base: 0x0000012a13150000

Marking Bits: (ParMarkBitMap*) 0x00007ff888853450
 Begin Bits: [0x0000012a13960000, 0x0000012a15960000)
 End Bits:   [0x0000012a15960000, 0x0000012a17960000)

Polling page: 0x0000012a7f400000

Metaspace:

Usage:
  Non-class:     60.76 MB used.
      Class:      7.95 MB used.
       Both:     68.71 MB used.

Virtual space:
  Non-class space:       64.00 MB reserved,      61.50 MB ( 96%) committed,  1 nodes.
      Class space:        1.00 GB reserved,       8.62 MB ( <1%) committed,  1 nodes.
             Both:        1.06 GB reserved,      70.12 MB (  6%) committed. 

Chunk freelists:
   Non-Class:  1.64 MB
       Class:  7.30 MB
        Both:  8.94 MB

MaxMetaspaceSize: unlimited
CompressedClassSpaceSize: 1.00 GB
Initial GC threshold: 21.00 MB
Current GC threshold: 97.31 MB
CDS: on
 - commit_granule_bytes: 65536.
 - commit_granule_words: 8192.
 - virtual_space_node_default_size: 8388608.
 - enlarge_chunks_in_place: 1.
 - use_allocation_guard: 0.


Internal statistics:

num_allocs_failed_limit: 13.
num_arena_births: 1174.
num_arena_deaths: 24.
num_vsnodes_births: 2.
num_vsnodes_deaths: 0.
num_space_committed: 1122.
num_space_uncommitted: 0.
num_chunks_returned_to_freelist: 42.
num_chunks_taken_from_freelist: 4067.
num_chunk_merges: 11.
num_chunk_splits: 2611.
num_chunks_enlarged: 1649.
num_inconsistent_stats: 0.

CodeHeap 'non-profiled nmethods': size=119168Kb used=9656Kb max_used=9656Kb free=109511Kb
 bounds [0x0000012a0c0f0000, 0x0000012a0ca60000, 0x0000012a13550000]
CodeHeap 'profiled nmethods': size=119104Kb used=24686Kb max_used=24686Kb free=94417Kb
 bounds [0x0000012a04550000, 0x0000012a05d70000, 0x0000012a0b9a0000]
CodeHeap 'non-nmethods': size=7488Kb used=2015Kb max_used=3206Kb free=5472Kb
 bounds [0x0000012a0b9a0000, 0x0000012a0bcd0000, 0x0000012a0c0f0000]
CodeCache: size=245760Kb, used=36357Kb, max_used=37548Kb, free=209400Kb
 total_blobs=12131, nmethods=11365, adapters=670, full_count=0
Compilation: enabled, stopped_count=0, restarted_count=0

Compilation events (20 events):
Event: 42.173 Thread 0x0000012a654c7d80 12231       4       java.net.URI$Parser::parseHierarchical (178 bytes)
Event: 42.191 Thread 0x0000012a654c7d80 nmethod 12231 0x0000012a0ca4a090 code [0x0000012a0ca4a3a0, 0x0000012a0ca4b6f0]
Event: 42.193 Thread 0x0000012a654c7d80 12239       4       org.eclipse.jdt.internal.core.ClassFile::unqualifiedName (53 bytes)
Event: 42.200 Thread 0x0000012a654c7d80 nmethod 12239 0x0000012a0ca4c710 code [0x0000012a0ca4c8c0, 0x0000012a0ca4cce8]
Event: 42.201 Thread 0x0000012a654c7d80 12240  s    4       org.eclipse.jdt.internal.core.JavaModelManager::putInfos (192 bytes)
Event: 42.205 Thread 0x0000012a5a569d10 12242       3       org.eclipse.jdt.internal.core.util.BootstrapMethodsAttribute::<init> (108 bytes)
Event: 42.206 Thread 0x0000012a5a569d10 nmethod 12242 0x0000012a05d57590 code [0x0000012a05d57780, 0x0000012a05d57ec0]
Event: 42.223 Thread 0x0000012a654c6910 12245       3       org.eclipse.jdt.internal.core.BinaryType::equals (22 bytes)
Event: 42.224 Thread 0x0000012a654c6910 nmethod 12245 0x0000012a05d58210 code [0x0000012a05d583e0, 0x0000012a05d586d8]
Event: 42.225 Thread 0x0000012a654c6910 12246       3       org.eclipse.jdt.internal.core.JavaProject::getRawClasspath (38 bytes)
Event: 42.226 Thread 0x0000012a654c6910 nmethod 12246 0x0000012a05d58790 code [0x0000012a05d589c0, 0x0000012a05d59270]
Event: 42.237 Thread 0x0000012a654c6910 12247   !   3       org.eclipse.jdt.internal.core.JavaElement::openWhenClosed (172 bytes)
Event: 42.240 Thread 0x0000012a654c6910 nmethod 12247 0x0000012a05d59590 code [0x0000012a05d59a00, 0x0000012a05d5c338]
Event: 42.243 Thread 0x0000012a654c6910 12249       3       org.objectweb.asm.ClassReader::readBootstrapMethodsAttribute (131 bytes)
Event: 42.243 Thread 0x0000012a654c6910 nmethod 12249 0x0000012a05d5d290 code [0x0000012a05d5d500, 0x0000012a05d5dcf0]
Event: 42.247 Thread 0x0000012a654c6910 12250       3       org.eclipse.jdt.internal.core.ClasspathEntry::getExtraAttribute (58 bytes)
Event: 42.248 Thread 0x0000012a654c6910 nmethod 12250 0x0000012a05d5e090 code [0x0000012a05d5e260, 0x0000012a05d5e600]
Event: 42.261 Thread 0x0000012a5a569d10 12251       3       org.eclipse.jdt.internal.core.util.NestMembersAttribute::<init> (93 bytes)
Event: 42.261 Thread 0x0000012a5a569d10 nmethod 12251 0x0000012a05d5e810 code [0x0000012a05d5ea00, 0x0000012a05d5f120]
Event: 42.267 Thread 0x0000012a5a549260 nmethod 12225 0x0000012a0ca4ce90 code [0x0000012a0ca4d5a0, 0x0000012a0ca519f8]

GC Heap History (20 events):
Event: 41.692 GC heap before
{Heap before GC invocations=448 (full 3):
 PSYoungGen      total 18432K, used 18136K [0x00000000d5580000, 0x00000000d6d80000, 0x0000000100000000)
  eden space 14336K, 99% used [0x00000000d5580000,0x00000000d637f408,0x00000000d6380000)
  from space 4096K, 92% used [0x00000000d6980000,0x00000000d6d36c20,0x00000000d6d80000)
  to   space 4608K, 0% used [0x00000000d6480000,0x00000000d6480000,0x00000000d6900000)
 ParOldGen       total 285184K, used 285098K [0x0000000080000000, 0x0000000091680000, 0x00000000d5580000)
  object space 285184K, 99% used [0x0000000080000000,0x000000009166a978,0x0000000091680000)
 Metaspace       used 70220K, committed 71680K, reserved 1114112K
  class space    used 8136K, committed 8768K, reserved 1048576K
}
Event: 41.696 GC heap after
{Heap after GC invocations=448 (full 3):
 PSYoungGen      total 19968K, used 4608K [0x00000000d5580000, 0x00000000d7880000, 0x0000000100000000)
  eden space 15360K, 0% used [0x00000000d5580000,0x00000000d5580000,0x00000000d6480000)
  from space 4608K, 100% used [0x00000000d6480000,0x00000000d6900000,0x00000000d6900000)
  to   space 9216K, 0% used [0x00000000d6f80000,0x00000000d6f80000,0x00000000d7880000)
 ParOldGen       total 288768K, used 288606K [0x0000000080000000, 0x0000000091a00000, 0x00000000d5580000)
  object space 288768K, 99% used [0x0000000080000000,0x00000000919d79e0,0x0000000091a00000)
 Metaspace       used 70220K, committed 71680K, reserved 1114112K
  class space    used 8136K, committed 8768K, reserved 1048576K
}
Event: 41.705 GC heap before
{Heap before GC invocations=449 (full 3):
 PSYoungGen      total 19968K, used 19968K [0x00000000d5580000, 0x00000000d7880000, 0x0000000100000000)
  eden space 15360K, 100% used [0x00000000d5580000,0x00000000d6480000,0x00000000d6480000)
  from space 4608K, 100% used [0x00000000d6480000,0x00000000d6900000,0x00000000d6900000)
  to   space 9216K, 0% used [0x00000000d6f80000,0x00000000d6f80000,0x00000000d7880000)
 ParOldGen       total 288768K, used 288606K [0x0000000080000000, 0x0000000091a00000, 0x00000000d5580000)
  object space 288768K, 99% used [0x0000000080000000,0x00000000919d79e0,0x0000000091a00000)
 Metaspace       used 70223K, committed 71680K, reserved 1114112K
  class space    used 8136K, committed 8768K, reserved 1048576K
}
Event: 41.709 GC heap after
{Heap after GC invocations=449 (full 3):
 PSYoungGen      total 22528K, used 3827K [0x00000000d5580000, 0x00000000d7380000, 0x0000000100000000)
  eden space 18432K, 0% used [0x00000000d5580000,0x00000000d5580000,0x00000000d6780000)
  from space 4096K, 93% used [0x00000000d6f80000,0x00000000d733cd40,0x00000000d7380000)
  to   space 5632K, 0% used [0x00000000d6880000,0x00000000d6880000,0x00000000d6e00000)
 ParOldGen       total 293376K, used 292883K [0x0000000080000000, 0x0000000091e80000, 0x00000000d5580000)
  object space 293376K, 99% used [0x0000000080000000,0x0000000091e04c18,0x0000000091e80000)
 Metaspace       used 70223K, committed 71680K, reserved 1114112K
  class space    used 8136K, committed 8768K, reserved 1048576K
}
Event: 41.724 GC heap before
{Heap before GC invocations=450 (full 3):
 PSYoungGen      total 22528K, used 22259K [0x00000000d5580000, 0x00000000d7380000, 0x0000000100000000)
  eden space 18432K, 100% used [0x00000000d5580000,0x00000000d6780000,0x00000000d6780000)
  from space 4096K, 93% used [0x00000000d6f80000,0x00000000d733cd40,0x00000000d7380000)
  to   space 5632K, 0% used [0x00000000d6880000,0x00000000d6880000,0x00000000d6e00000)
 ParOldGen       total 293376K, used 292883K [0x0000000080000000, 0x0000000091e80000, 0x00000000d5580000)
  object space 293376K, 99% used [0x0000000080000000,0x0000000091e04c18,0x0000000091e80000)
 Metaspace       used 70223K, committed 71680K, reserved 1114112K
  class space    used 8136K, committed 8768K, reserved 1048576K
}
Event: 41.727 GC heap after
{Heap after GC invocations=450 (full 3):
 PSYoungGen      total 25088K, used 1596K [0x00000000d5580000, 0x00000000d7180000, 0x0000000100000000)
  eden space 19456K, 0% used [0x00000000d5580000,0x00000000d5580000,0x00000000d6880000)
  from space 5632K, 28% used [0x00000000d6880000,0x00000000d6a0f1f8,0x00000000d6e00000)
  to   space 3072K, 0% used [0x00000000d6e80000,0x00000000d6e80000,0x00000000d7180000)
 ParOldGen       total 295424K, used 295349K [0x0000000080000000, 0x0000000092080000, 0x00000000d5580000)
  object space 295424K, 99% used [0x0000000080000000,0x000000009206d6e8,0x0000000092080000)
 Metaspace       used 70223K, committed 71680K, reserved 1114112K
  class space    used 8136K, committed 8768K, reserved 1048576K
}
Event: 41.739 GC heap before
{Heap before GC invocations=451 (full 3):
 PSYoungGen      total 25088K, used 21052K [0x00000000d5580000, 0x00000000d7180000, 0x0000000100000000)
  eden space 19456K, 100% used [0x00000000d5580000,0x00000000d6880000,0x00000000d6880000)
  from space 5632K, 28% used [0x00000000d6880000,0x00000000d6a0f1f8,0x00000000d6e00000)
  to   space 3072K, 0% used [0x00000000d6e80000,0x00000000d6e80000,0x00000000d7180000)
 ParOldGen       total 295424K, used 295349K [0x0000000080000000, 0x0000000092080000, 0x00000000d5580000)
  object space 295424K, 99% used [0x0000000080000000,0x000000009206d6e8,0x0000000092080000)
 Metaspace       used 70229K, committed 71680K, reserved 1114112K
  class space    used 8136K, committed 8768K, reserved 1048576K
}
Event: 41.741 GC heap after
{Heap after GC invocations=451 (full 3):
 PSYoungGen      total 23552K, used 3067K [0x00000000d5580000, 0x00000000d7680000, 0x0000000100000000)
  eden space 20480K, 0% used [0x00000000d5580000,0x00000000d5580000,0x00000000d6980000)
  from space 3072K, 99% used [0x00000000d6e80000,0x00000000d717eee0,0x00000000d7180000)
  to   space 5120K, 0% used [0x00000000d6980000,0x00000000d6980000,0x00000000d6e80000)
 ParOldGen       total 296960K, used 296474K [0x0000000080000000, 0x0000000092200000, 0x00000000d5580000)
  object space 296960K, 99% used [0x0000000080000000,0x0000000092186888,0x0000000092200000)
 Metaspace       used 70229K, committed 71680K, reserved 1114112K
  class space    used 8136K, committed 8768K, reserved 1048576K
}
Event: 41.757 GC heap before
{Heap before GC invocations=452 (full 3):
 PSYoungGen      total 23552K, used 23547K [0x00000000d5580000, 0x00000000d7680000, 0x0000000100000000)
  eden space 20480K, 100% used [0x00000000d5580000,0x00000000d6980000,0x00000000d6980000)
  from space 3072K, 99% used [0x00000000d6e80000,0x00000000d717eee0,0x00000000d7180000)
  to   space 5120K, 0% used [0x00000000d6980000,0x00000000d6980000,0x00000000d6e80000)
 ParOldGen       total 296960K, used 296474K [0x0000000080000000, 0x0000000092200000, 0x00000000d5580000)
  object space 296960K, 99% used [0x0000000080000000,0x0000000092186888,0x0000000092200000)
 Metaspace       used 70238K, committed 71680K, reserved 1114112K
  class space    used 8136K, committed 8768K, reserved 1048576K
}
Event: 41.760 GC heap after
{Heap after GC invocations=452 (full 3):
 PSYoungGen      total 25600K, used 5097K [0x00000000d5580000, 0x00000000d7d80000, 0x0000000100000000)
  eden space 20480K, 0% used [0x00000000d5580000,0x00000000d5580000,0x00000000d6980000)
  from space 5120K, 99% used [0x00000000d6980000,0x00000000d6e7a588,0x00000000d6e80000)
  to   space 8192K, 0% used [0x00000000d7580000,0x00000000d7580000,0x00000000d7d80000)
 ParOldGen       total 299008K, used 298534K [0x0000000080000000, 0x0000000092400000, 0x00000000d5580000)
  object space 299008K, 99% used [0x0000000080000000,0x00000000923899e8,0x0000000092400000)
 Metaspace       used 70238K, committed 71680K, reserved 1114112K
  class space    used 8136K, committed 8768K, reserved 1048576K
}
Event: 41.773 GC heap before
{Heap before GC invocations=453 (full 3):
 PSYoungGen      total 25600K, used 25577K [0x00000000d5580000, 0x00000000d7d80000, 0x0000000100000000)
  eden space 20480K, 100% used [0x00000000d5580000,0x00000000d6980000,0x00000000d6980000)
  from space 5120K, 99% used [0x00000000d6980000,0x00000000d6e7a588,0x00000000d6e80000)
  to   space 8192K, 0% used [0x00000000d7580000,0x00000000d7580000,0x00000000d7d80000)
 ParOldGen       total 299008K, used 298534K [0x0000000080000000, 0x0000000092400000, 0x00000000d5580000)
  object space 299008K, 99% used [0x0000000080000000,0x00000000923899e8,0x0000000092400000)
 Metaspace       used 70240K, committed 71680K, reserved 1114112K
  class space    used 8136K, committed 8768K, reserved 1048576K
}
Event: 41.776 GC heap after
{Heap after GC invocations=453 (full 3):
 PSYoungGen      total 22016K, used 1239K [0x00000000d5580000, 0x00000000d7700000, 0x0000000100000000)
  eden space 20480K, 0% used [0x00000000d5580000,0x00000000d5580000,0x00000000d6980000)
  from space 1536K, 80% used [0x00000000d7580000,0x00000000d76b5e90,0x00000000d7700000)
  to   space 3584K, 0% used [0x00000000d7000000,0x00000000d7000000,0x00000000d7380000)
 ParOldGen       total 303616K, used 303185K [0x0000000080000000, 0x0000000092880000, 0x00000000d5580000)
  object space 303616K, 99% used [0x0000000080000000,0x00000000928144e0,0x0000000092880000)
 Metaspace       used 70240K, committed 71680K, reserved 1114112K
  class space    used 8136K, committed 8768K, reserved 1048576K
}
Event: 41.965 GC heap before
{Heap before GC invocations=454 (full 3):
 PSYoungGen      total 22016K, used 21719K [0x00000000d5580000, 0x00000000d7700000, 0x0000000100000000)
  eden space 20480K, 100% used [0x00000000d5580000,0x00000000d6980000,0x00000000d6980000)
  from space 1536K, 80% used [0x00000000d7580000,0x00000000d76b5e90,0x00000000d7700000)
  to   space 3584K, 0% used [0x00000000d7000000,0x00000000d7000000,0x00000000d7380000)
 ParOldGen       total 303616K, used 303185K [0x0000000080000000, 0x0000000092880000, 0x00000000d5580000)
  object space 303616K, 99% used [0x0000000080000000,0x00000000928144e0,0x0000000092880000)
 Metaspace       used 70325K, committed 71744K, reserved 1114112K
  class space    used 8136K, committed 8768K, reserved 1048576K
}
Event: 41.967 GC heap after
{Heap after GC invocations=454 (full 3):
 PSYoungGen      total 24064K, used 1964K [0x00000000d5580000, 0x00000000d7600000, 0x0000000100000000)
  eden space 20480K, 0% used [0x00000000d5580000,0x00000000d5580000,0x00000000d6980000)
  from space 3584K, 54% used [0x00000000d7000000,0x00000000d71eb390,0x00000000d7380000)
  to   space 2560K, 0% used [0x00000000d7380000,0x00000000d7380000,0x00000000d7600000)
 ParOldGen       total 303616K, used 303491K [0x0000000080000000, 0x0000000092880000, 0x00000000d5580000)
  object space 303616K, 99% used [0x0000000080000000,0x0000000092860c68,0x0000000092880000)
 Metaspace       used 70325K, committed 71744K, reserved 1114112K
  class space    used 8136K, committed 8768K, reserved 1048576K
}
Event: 42.052 GC heap before
{Heap before GC invocations=455 (full 3):
 PSYoungGen      total 24064K, used 22444K [0x00000000d5580000, 0x00000000d7600000, 0x0000000100000000)
  eden space 20480K, 100% used [0x00000000d5580000,0x00000000d6980000,0x00000000d6980000)
  from space 3584K, 54% used [0x00000000d7000000,0x00000000d71eb390,0x00000000d7380000)
  to   space 2560K, 0% used [0x00000000d7380000,0x00000000d7380000,0x00000000d7600000)
 ParOldGen       total 303616K, used 303491K [0x0000000080000000, 0x0000000092880000, 0x00000000d5580000)
  object space 303616K, 99% used [0x0000000080000000,0x0000000092860c68,0x0000000092880000)
 Metaspace       used 70342K, committed 71808K, reserved 1114112K
  class space    used 8140K, committed 8832K, reserved 1048576K
}
Event: 42.054 GC heap after
{Heap after GC invocations=455 (full 3):
 PSYoungGen      total 23040K, used 2550K [0x00000000d5580000, 0x00000000d7600000, 0x0000000100000000)
  eden space 20480K, 0% used [0x00000000d5580000,0x00000000d5580000,0x00000000d6980000)
  from space 2560K, 99% used [0x00000000d7380000,0x00000000d75fdb78,0x00000000d7600000)
  to   space 5120K, 0% used [0x00000000d6c00000,0x00000000d6c00000,0x00000000d7100000)
 ParOldGen       total 305664K, used 305188K [0x0000000080000000, 0x0000000092a80000, 0x00000000d5580000)
  object space 305664K, 99% used [0x0000000080000000,0x0000000092a091c8,0x0000000092a80000)
 Metaspace       used 70342K, committed 71808K, reserved 1114112K
  class space    used 8140K, committed 8832K, reserved 1048576K
}
Event: 42.126 GC heap before
{Heap before GC invocations=456 (full 3):
 PSYoungGen      total 23040K, used 23003K [0x00000000d5580000, 0x00000000d7600000, 0x0000000100000000)
  eden space 20480K, 99% used [0x00000000d5580000,0x00000000d6979440,0x00000000d6980000)
  from space 2560K, 99% used [0x00000000d7380000,0x00000000d75fdb78,0x00000000d7600000)
  to   space 5120K, 0% used [0x00000000d6c00000,0x00000000d6c00000,0x00000000d7100000)
 ParOldGen       total 305664K, used 305188K [0x0000000080000000, 0x0000000092a80000, 0x00000000d5580000)
  object space 305664K, 99% used [0x0000000080000000,0x0000000092a091c8,0x0000000092a80000)
 Metaspace       used 70343K, committed 71808K, reserved 1114112K
  class space    used 8140K, committed 8832K, reserved 1048576K
}
Event: 42.128 GC heap after
{Heap after GC invocations=456 (full 3):
 PSYoungGen      total 23552K, used 2702K [0x00000000d5580000, 0x00000000d7400000, 0x0000000100000000)
  eden space 20480K, 0% used [0x00000000d5580000,0x00000000d5580000,0x00000000d6980000)
  from space 3072K, 87% used [0x00000000d6c00000,0x00000000d6ea38c8,0x00000000d6f00000)
  to   space 3584K, 0% used [0x00000000d7080000,0x00000000d7080000,0x00000000d7400000)
 ParOldGen       total 307712K, used 307664K [0x0000000080000000, 0x0000000092c80000, 0x00000000d5580000)
  object space 307712K, 99% used [0x0000000080000000,0x0000000092c743c0,0x0000000092c80000)
 Metaspace       used 70343K, committed 71808K, reserved 1114112K
  class space    used 8140K, committed 8832K, reserved 1048576K
}
Event: 42.197 GC heap before
{Heap before GC invocations=457 (full 3):
 PSYoungGen      total 23552K, used 23182K [0x00000000d5580000, 0x00000000d7400000, 0x0000000100000000)
  eden space 20480K, 100% used [0x00000000d5580000,0x00000000d6980000,0x00000000d6980000)
  from space 3072K, 87% used [0x00000000d6c00000,0x00000000d6ea38c8,0x00000000d6f00000)
  to   space 3584K, 0% used [0x00000000d7080000,0x00000000d7080000,0x00000000d7400000)
 ParOldGen       total 307712K, used 307664K [0x0000000080000000, 0x0000000092c80000, 0x00000000d5580000)
  object space 307712K, 99% used [0x0000000080000000,0x0000000092c743c0,0x0000000092c80000)
 Metaspace       used 70343K, committed 71808K, reserved 1114112K
  class space    used 8140K, committed 8832K, reserved 1048576K
}
Event: 42.200 GC heap after
{Heap after GC invocations=457 (full 3):
 PSYoungGen      total 23552K, used 2664K [0x00000000d5580000, 0x00000000d7380000, 0x0000000100000000)
  eden space 20480K, 0% used [0x00000000d5580000,0x00000000d5580000,0x00000000d6980000)
  from space 3072K, 86% used [0x00000000d7080000,0x00000000d731a028,0x00000000d7380000)
  to   space 3072K, 0% used [0x00000000d6c00000,0x00000000d6c00000,0x00000000d6f00000)
 ParOldGen       total 310272K, used 310195K [0x0000000080000000, 0x0000000092f00000, 0x00000000d5580000)
  object space 310272K, 99% used [0x0000000080000000,0x0000000092eecd30,0x0000000092f00000)
 Metaspace       used 70343K, committed 71808K, reserved 1114112K
  class space    used 8140K, committed 8832K, reserved 1048576K
}

Dll operation events (15 events):
Event: 0.010 Loaded shared library c:\Users\jibri\.antigravity\extensions\redhat.java-1.54.0-win32-x64\jre\21.0.10-win32-x86_64\bin\java.dll
Event: 0.470 Loaded shared library c:\Users\jibri\.antigravity\extensions\redhat.java-1.54.0-win32-x64\jre\21.0.10-win32-x86_64\bin\zip.dll
Event: 0.498 Loaded shared library C:\Users\jibri\.antigravity\extensions\redhat.java-1.54.0-win32-x64\jre\21.0.10-win32-x86_64\bin\instrument.dll
Event: 0.504 Loaded shared library C:\Users\jibri\.antigravity\extensions\redhat.java-1.54.0-win32-x64\jre\21.0.10-win32-x86_64\bin\net.dll
Event: 0.508 Loaded shared library C:\Users\jibri\.antigravity\extensions\redhat.java-1.54.0-win32-x64\jre\21.0.10-win32-x86_64\bin\nio.dll
Event: 0.512 Loaded shared library C:\Users\jibri\.antigravity\extensions\redhat.java-1.54.0-win32-x64\jre\21.0.10-win32-x86_64\bin\zip.dll
Event: 0.527 Loaded shared library C:\Users\jibri\.antigravity\extensions\redhat.java-1.54.0-win32-x64\jre\21.0.10-win32-x86_64\bin\jimage.dll
Event: 0.603 Loaded shared library c:\Users\jibri\.antigravity\extensions\redhat.java-1.54.0-win32-x64\jre\21.0.10-win32-x86_64\bin\verify.dll
Event: 8.711 Loaded shared library C:\Users\jibri\AppData\Roaming\Antigravity\User\globalStorage\redhat.java\1.54.0\config_win\org.eclipse.equinox.launcher\org.eclipse.equinox.launcher.win32.win32.x86_64_1.3.0.v20260203-2149\eclipse_11919.dll
Event: 15.848 Loaded shared library C:\Users\jibri\AppData\Local\Temp\jna-101119098\jna10969593106166494466.dll
Event: 17.557 Loaded shared library C:\Users\jibri\.antigravity\extensions\redhat.java-1.54.0-win32-x64\jre\21.0.10-win32-x86_64\bin\management.dll
Event: 17.561 Loaded shared library C:\Users\jibri\.antigravity\extensions\redhat.java-1.54.0-win32-x64\jre\21.0.10-win32-x86_64\bin\management_ext.dll
Event: 22.124 Loaded shared library C:\Users\jibri\.gradle\native\1def1411415f61bf3af743bc5b6707747c0891f09f0c88961ee8f79bc544acac\windows-amd64\native-platform.dll
Event: 23.480 Loaded shared library C:\Users\jibri\.antigravity\extensions\redhat.java-1.54.0-win32-x64\jre\21.0.10-win32-x86_64\bin\sunmscapi.dll
Event: 23.836 Loaded shared library C:\Users\jibri\.antigravity\extensions\redhat.java-1.54.0-win32-x64\jre\21.0.10-win32-x86_64\bin\extnet.dll

Deoptimization events (20 events):
Event: 42.164 Thread 0x0000012a6425daf0 DEOPT PACKING pc=0x0000012a05d41572 sp=0x00000001966fde00
Event: 42.164 Thread 0x0000012a6425daf0 DEOPT UNPACKING pc=0x0000012a0b9f4242 sp=0x00000001966fd378 mode 0
Event: 42.174 Thread 0x0000012a6425daf0 DEOPT PACKING pc=0x0000012a05d41572 sp=0x00000001966fde00
Event: 42.174 Thread 0x0000012a6425daf0 DEOPT UNPACKING pc=0x0000012a0b9f4242 sp=0x00000001966fd378 mode 0
Event: 42.190 Thread 0x0000012a64258c30 DEOPT PACKING pc=0x0000012a05d41572 sp=0x00000001961fd860
Event: 42.190 Thread 0x0000012a64258c30 DEOPT UNPACKING pc=0x0000012a0b9f4242 sp=0x00000001961fcdd8 mode 0
Event: 42.206 Thread 0x0000012a64258c30 DEOPT PACKING pc=0x0000012a05d41572 sp=0x00000001961fd860
Event: 42.206 Thread 0x0000012a64258c30 DEOPT UNPACKING pc=0x0000012a0b9f4242 sp=0x00000001961fcdd8 mode 0
Event: 42.217 Thread 0x0000012a64258c30 DEOPT PACKING pc=0x0000012a05d41572 sp=0x00000001961fd860
Event: 42.217 Thread 0x0000012a64258c30 DEOPT UNPACKING pc=0x0000012a0b9f4242 sp=0x00000001961fcdd8 mode 0
Event: 42.228 Thread 0x0000012a64258c30 DEOPT PACKING pc=0x0000012a05d41572 sp=0x00000001961fd860
Event: 42.228 Thread 0x0000012a64258c30 DEOPT UNPACKING pc=0x0000012a0b9f4242 sp=0x00000001961fcdd8 mode 0
Event: 42.237 Thread 0x0000012a6425daf0 DEOPT PACKING pc=0x0000012a05d41572 sp=0x00000001966fde00
Event: 42.237 Thread 0x0000012a6425daf0 DEOPT UNPACKING pc=0x0000012a0b9f4242 sp=0x00000001966fd378 mode 0
Event: 42.247 Thread 0x0000012a6425daf0 DEOPT PACKING pc=0x0000012a05d41572 sp=0x00000001966fde00
Event: 42.247 Thread 0x0000012a6425daf0 DEOPT UNPACKING pc=0x0000012a0b9f4242 sp=0x00000001966fd378 mode 0
Event: 42.262 Thread 0x0000012a6425daf0 DEOPT PACKING pc=0x0000012a05d41572 sp=0x00000001966fde00
Event: 42.262 Thread 0x0000012a6425daf0 DEOPT UNPACKING pc=0x0000012a0b9f4242 sp=0x00000001966fd378 mode 0
Event: 43.266 Thread 0x0000012a6425daf0 DEOPT PACKING pc=0x0000012a05d41572 sp=0x00000001966fde00
Event: 43.266 Thread 0x0000012a6425daf0 DEOPT UNPACKING pc=0x0000012a0b9f4242 sp=0x00000001966fd378 mode 0

Classes loaded (20 events):
Event: 28.772 Loading class java/nio/channels/Pipe$SinkChannel done
Event: 28.772 Loading class sun/nio/ch/SinkChannelImpl done
Event: 28.774 Loading class sun/nio/ch/SelectionKeyImpl
Event: 28.774 Loading class java/nio/channels/spi/AbstractSelectionKey
Event: 28.775 Loading class java/nio/channels/SelectionKey
Event: 28.775 Loading class java/nio/channels/SelectionKey done
Event: 28.775 Loading class java/nio/channels/spi/AbstractSelectionKey done
Event: 28.775 Loading class sun/nio/ch/SelectionKeyImpl done
Event: 28.775 Loading class java/lang/invoke/ConstantBootstraps
Event: 28.775 Loading class java/lang/invoke/ConstantBootstraps done
Event: 28.787 Loading class java/nio/channels/spi/AbstractSelector$1
Event: 28.787 Loading class java/nio/channels/spi/AbstractSelector$1 done
Event: 28.837 Loading class java/util/concurrent/Executors$AutoShutdownDelegatedExecutorService
Event: 28.837 Loading class java/util/concurrent/Executors$AutoShutdownDelegatedExecutorService done
Event: 31.550 Loading class sun/nio/cs/ISO_8859_1$Encoder
Event: 31.551 Loading class sun/nio/cs/ISO_8859_1$Encoder done
Event: 31.551 Loading class sun/nio/cs/Surrogate$Parser
Event: 31.551 Loading class sun/nio/cs/Surrogate$Parser done
Event: 31.551 Loading class sun/nio/cs/Surrogate
Event: 31.551 Loading class sun/nio/cs/Surrogate done

Classes unloaded (12 events):
Event: 16.817 Thread 0x0000012a7fa62860 Unloading class 0x0000012a191a9400 'java/lang/invoke/LambdaForm$MH+0x0000012a191a9400'
Event: 16.817 Thread 0x0000012a7fa62860 Unloading class 0x0000012a191a9000 'java/lang/invoke/LambdaForm$MH+0x0000012a191a9000'
Event: 16.817 Thread 0x0000012a7fa62860 Unloading class 0x0000012a191a8c00 'java/lang/invoke/LambdaForm$MH+0x0000012a191a8c00'
Event: 16.817 Thread 0x0000012a7fa62860 Unloading class 0x0000012a191a8800 'java/lang/invoke/LambdaForm$MH+0x0000012a191a8800'
Event: 16.817 Thread 0x0000012a7fa62860 Unloading class 0x0000012a191a8400 'java/lang/invoke/LambdaForm$BMH+0x0000012a191a8400'
Event: 16.817 Thread 0x0000012a7fa62860 Unloading class 0x0000012a191a8000 'java/lang/invoke/LambdaForm$DMH+0x0000012a191a8000'
Event: 16.817 Thread 0x0000012a7fa62860 Unloading class 0x0000012a191a6c00 'java/lang/invoke/LambdaForm$DMH+0x0000012a191a6c00'
Event: 17.969 Thread 0x0000012a7fa62860 Unloading class 0x0000012a193ec800 'java/lang/invoke/LambdaForm$MH+0x0000012a193ec800'
Event: 17.969 Thread 0x0000012a7fa62860 Unloading class 0x0000012a193ebc00 'java/lang/invoke/LambdaForm$MH+0x0000012a193ebc00'
Event: 17.969 Thread 0x0000012a7fa62860 Unloading class 0x0000012a193eb400 'java/lang/invoke/LambdaForm$MH+0x0000012a193eb400'
Event: 17.969 Thread 0x0000012a7fa62860 Unloading class 0x0000012a193eac00 'java/lang/invoke/LambdaForm$MH+0x0000012a193eac00'
Event: 17.969 Thread 0x0000012a7fa62860 Unloading class 0x0000012a193ea800 'java/lang/invoke/LambdaForm$DMH+0x0000012a193ea800'

Classes redefined (0 events):
No events

Internal exceptions (20 events):
Event: 26.802 Thread 0x0000012a642592c0 Exception <a 'sun/nio/fs/WindowsException'{0x00000000d5581680}> (0x00000000d5581680) 
thrown [s\src\hotspot\share\prims\jni.cpp, line 520]
Event: 26.803 Thread 0x0000012a642592c0 Exception <a 'sun/nio/fs/WindowsException'{0x00000000d57095b8}> (0x00000000d57095b8) 
thrown [s\src\hotspot\share\prims\jni.cpp, line 520]
Event: 26.803 Thread 0x0000012a642592c0 Exception <a 'sun/nio/fs/WindowsException'{0x00000000d5709e98}> (0x00000000d5709e98) 
thrown [s\src\hotspot\share\prims\jni.cpp, line 520]
Event: 28.602 Thread 0x0000012a642592c0 Exception <a 'java/lang/IncompatibleClassChangeError'{0x00000000d5b1b6f0}: Found class java.lang.Object, but interface was expected> (0x00000000d5b1b6f0) 
thrown [s\src\hotspot\share\interpreter\linkResolver.cpp, line 840]
Event: 28.602 Thread 0x0000012a6425daf0 Exception <a 'java/lang/IncompatibleClassChangeError'{0x00000000d5af7fd0}: Found class java.lang.Object, but interface was expected> (0x00000000d5af7fd0) 
thrown [s\src\hotspot\share\interpreter\linkResolver.cpp, line 840]
Event: 28.602 Thread 0x0000012a64258c30 Exception <a 'java/lang/IncompatibleClassChangeError'{0x00000000d5ae4398}: Found class java.lang.Object, but interface was expected> (0x00000000d5ae4398) 
thrown [s\src\hotspot\share\interpreter\linkResolver.cpp, line 840]
Event: 28.784 Thread 0x0000012a63ed6400 Exception <a 'java/lang/NoSuchMethodError'{0x00000000d598a448}: 'void java.lang.invoke.DirectMethodHandle$Holder.invokeInterface(java.lang.Object, java.lang.Object, java.lang.Object, java.lang.Object)'> (0x00000000d598a448) 
thrown [s\src\hotspot\share\interpreter\linkResolver.cpp, line 773]
Event: 28.902 Thread 0x0000012a64258c30 Exception <a 'java/lang/NoSuchMethodError'{0x00000000d5bc6000}: 'java.lang.Object java.lang.invoke.DirectMethodHandle$Holder.invokeVirtual(java.lang.Object, java.lang.Object, int)'> (0x00000000d5bc6000) 
thrown [s\src\hotspot\share\interpreter\linkResolver.cpp, line 773]
Event: 40.745 Thread 0x0000012a62873b90 Exception <a 'java/lang/IncompatibleClassChangeError'{0x00000000d56a54f0}: Found class java.lang.Object, but interface was expected> (0x00000000d56a54f0) 
thrown [s\src\hotspot\share\interpreter\linkResolver.cpp, line 840]
Event: 40.803 Thread 0x0000012a6425e810 Implicit null exception at 0x0000012a0c955c36 to 0x0000012a0c9563e8
Event: 41.555 Thread 0x0000012a64257f10 Implicit null exception at 0x0000012a0c95dc10 to 0x0000012a0c95ef08
Event: 41.555 Thread 0x0000012a628755d0 Implicit null exception at 0x0000012a0c95dc10 to 0x0000012a0c95ef08
Event: 41.555 Thread 0x0000012a6425a670 Implicit null exception at 0x0000012a0c95dc10 to 0x0000012a0c95ef08
Event: 41.556 Thread 0x0000012a6425ba20 Implicit null exception at 0x0000012a0c95dc10 to 0x0000012a0c95ef08
Event: 41.556 Thread 0x0000012a62874f40 Implicit null exception at 0x0000012a0c95dc10 to 0x0000012a0c95ef08
Event: 41.556 Thread 0x0000012a642585a0 Implicit null exception at 0x0000012a0c95dc10 to 0x0000012a0c95ef08
Event: 41.556 Thread 0x0000012a6425d460 Implicit null exception at 0x0000012a0c95dc10 to 0x0000012a0c95ef08
Event: 41.556 Thread 0x0000012a6425e810 Implicit null exception at 0x0000012a0c95dc10 to 0x0000012a0c95ef08
Event: 41.556 Thread 0x0000012a6425cdd0 Implicit null exception at 0x0000012a0c95dc10 to 0x0000012a0c95ef08
Event: 41.565 Thread 0x0000012a6425ba20 Implicit null exception at 0x0000012a0c98139d to 0x0000012a0c98180c

ZGC Phase Switch (0 events):
No events

VM Operations (20 events):
Event: 41.696 Executing safepoint VM operation: ParallelGCFailedAllocation (Allocation Failure) done
Event: 41.705 Executing safepoint VM operation: ParallelGCFailedAllocation (Allocation Failure)
Event: 41.709 Executing safepoint VM operation: ParallelGCFailedAllocation (Allocation Failure) done
Event: 41.724 Executing safepoint VM operation: ParallelGCFailedAllocation (Allocation Failure)
Event: 41.727 Executing safepoint VM operation: ParallelGCFailedAllocation (Allocation Failure) done
Event: 41.739 Executing safepoint VM operation: ParallelGCFailedAllocation (Allocation Failure)
Event: 41.741 Executing safepoint VM operation: ParallelGCFailedAllocation (Allocation Failure) done
Event: 41.757 Executing safepoint VM operation: ParallelGCFailedAllocation (Allocation Failure)
Event: 41.760 Executing safepoint VM operation: ParallelGCFailedAllocation (Allocation Failure) done
Event: 41.773 Executing safepoint VM operation: ParallelGCFailedAllocation (Allocation Failure)
Event: 41.776 Executing safepoint VM operation: ParallelGCFailedAllocation (Allocation Failure) done
Event: 41.965 Executing safepoint VM operation: ParallelGCFailedAllocation (Allocation Failure)
Event: 41.967 Executing safepoint VM operation: ParallelGCFailedAllocation (Allocation Failure) done
Event: 42.052 Executing safepoint VM operation: ParallelGCFailedAllocation (Allocation Failure)
Event: 42.054 Executing safepoint VM operation: ParallelGCFailedAllocation (Allocation Failure) done
Event: 42.126 Executing safepoint VM operation: ParallelGCFailedAllocation (Allocation Failure)
Event: 42.128 Executing safepoint VM operation: ParallelGCFailedAllocation (Allocation Failure) done
Event: 42.197 Executing safepoint VM operation: ParallelGCFailedAllocation (Allocation Failure)
Event: 42.200 Executing safepoint VM operation: ParallelGCFailedAllocation (Allocation Failure) done
Event: 42.278 Executing safepoint VM operation: ParallelGCFailedAllocation (Allocation Failure)

Memory protections (0 events):
No events

Nmethod flushes (20 events):
Event: 23.680 Thread 0x0000012a7fa62860 flushing  nmethod 0x0000012a04faf590
Event: 23.680 Thread 0x0000012a7fa62860 flushing  nmethod 0x0000012a04fb0990
Event: 23.680 Thread 0x0000012a7fa62860 flushing  nmethod 0x0000012a04fd7e10
Event: 23.680 Thread 0x0000012a7fa62860 flushing  nmethod 0x0000012a04ff5810
Event: 23.680 Thread 0x0000012a7fa62860 flushing  nmethod 0x0000012a04ff6b10
Event: 23.680 Thread 0x0000012a7fa62860 flushing  nmethod 0x0000012a04ff7090
Event: 23.680 Thread 0x0000012a7fa62860 flushing  nmethod 0x0000012a05026510
Event: 23.680 Thread 0x0000012a7fa62860 flushing  nmethod 0x0000012a05028410
Event: 23.680 Thread 0x0000012a7fa62860 flushing  nmethod 0x0000012a05028a10
Event: 23.680 Thread 0x0000012a7fa62860 flushing  nmethod 0x0000012a05029890
Event: 23.680 Thread 0x0000012a7fa62860 flushing  nmethod 0x0000012a0502b590
Event: 23.680 Thread 0x0000012a7fa62860 flushing osr nmethod 0x0000012a05093c10
Event: 23.680 Thread 0x0000012a7fa62860 flushing  nmethod 0x0000012a050a1f90
Event: 23.680 Thread 0x0000012a7fa62860 flushing  nmethod 0x0000012a050a2d10
Event: 23.680 Thread 0x0000012a7fa62860 flushing  nmethod 0x0000012a050a3110
Event: 23.680 Thread 0x0000012a7fa62860 flushing  nmethod 0x0000012a050a4810
Event: 23.680 Thread 0x0000012a7fa62860 flushing  nmethod 0x0000012a050a5510
Event: 23.680 Thread 0x0000012a7fa62860 flushing  nmethod 0x0000012a050a7110
Event: 23.680 Thread 0x0000012a7fa62860 flushing  nmethod 0x0000012a050be310
Event: 23.680 Thread 0x0000012a7fa62860 flushing  nmethod 0x0000012a050cd090

Events (20 events):
Event: 30.392 Thread 0x0000012a5a549260 Thread added: 0x0000012a654c1750
Event: 30.510 Thread 0x0000012a654c1750 Thread exited: 0x0000012a654c1750
Event: 30.917 Thread 0x0000012a621db9c0 Thread exited: 0x0000012a621db9c0
Event: 31.513 Thread 0x0000012a5a569d10 Thread added: 0x0000012a654c1080
Event: 31.986 Thread 0x0000012a654c1080 Thread exited: 0x0000012a654c1080
Event: 32.245 Thread 0x0000012a621de970 Thread exited: 0x0000012a621de970
Event: 32.829 Thread 0x0000012a616fea70 Thread exited: 0x0000012a616fea70
Event: 40.761 Thread 0x0000012a5a569d10 Thread added: 0x0000012a654c1750
Event: 40.768 Thread 0x0000012a5a569d10 Thread added: 0x0000012a654c6fe0
Event: 40.781 Thread 0x0000012a5a569d10 Thread added: 0x0000012a654c76b0
Event: 40.781 Thread 0x0000012a5a569d10 Thread added: 0x0000012a654c54a0
Event: 40.793 Thread 0x0000012a5a569d10 Thread added: 0x0000012a654c6910
Event: 41.330 Thread 0x0000012a654c54a0 Thread exited: 0x0000012a654c54a0
Event: 41.333 Thread 0x0000012a654c76b0 Thread exited: 0x0000012a654c76b0
Event: 41.376 Thread 0x0000012a654c6fe0 Thread exited: 0x0000012a654c6fe0
Event: 41.499 Thread 0x0000012a5a549260 Thread added: 0x0000012a654c6fe0
Event: 41.539 Thread 0x0000012a654c6910 Thread added: 0x0000012a654c7d80
Event: 41.554 Thread 0x0000012a654c6910 Thread added: 0x0000012a654c54a0
Event: 41.568 Thread 0x0000012a654c6910 Thread added: 0x0000012a654c76b0
Event: 41.571 Thread 0x0000012a654c6910 Thread added: 0x0000012a654c8450


Dynamic libraries:
0x00007ff6aa2a0000 - 0x00007ff6aa2ae000 	c:\Users\jibri\.antigravity\extensions\redhat.java-1.54.0-win32-x64\jre\21.0.10-win32-x86_64\bin\java.exe
0x00007ff961580000 - 0x00007ff9617e7000 	C:\WINDOWS\SYSTEM32\ntdll.dll
0x00007ff960eb0000 - 0x00007ff960f79000 	C:\WINDOWS\System32\KERNEL32.DLL
0x00007ff95ee60000 - 0x00007ff95f254000 	C:\WINDOWS\System32\KERNELBASE.dll
0x00007ff95ed10000 - 0x00007ff95ee5b000 	C:\WINDOWS\System32\ucrtbase.dll
0x00007ff959380000 - 0x00007ff95939e000 	c:\Users\jibri\.antigravity\extensions\redhat.java-1.54.0-win32-x64\jre\21.0.10-win32-x86_64\bin\VCRUNTIME140.dll
0x00007ff959330000 - 0x00007ff959348000 	c:\Users\jibri\.antigravity\extensions\redhat.java-1.54.0-win32-x64\jre\21.0.10-win32-x86_64\bin\jli.dll
0x00007ff95f7b0000 - 0x00007ff95f975000 	C:\WINDOWS\System32\USER32.dll
0x00007ff95ece0000 - 0x00007ff95ed07000 	C:\WINDOWS\System32\win32u.dll
0x00007ff960580000 - 0x00007ff9605ab000 	C:\WINDOWS\System32\GDI32.dll
0x00007ff95ebb0000 - 0x00007ff95ecdb000 	C:\WINDOWS\System32\gdi32full.dll
0x00007ff95f260000 - 0x00007ff95f303000 	C:\WINDOWS\System32\msvcp_win.dll
0x00007ff93a180000 - 0x00007ff93a413000 	C:\WINDOWS\WinSxS\amd64_microsoft.windows.common-controls_6595b64144ccf1df_6.0.26100.8115_none_3e075c82e3354f9c\COMCTL32.dll
0x00007ff95f510000 - 0x00007ff95f5b9000 	C:\WINDOWS\System32\msvcrt.dll
0x00007ff9613a0000 - 0x00007ff9613d2000 	C:\WINDOWS\System32\IMM32.DLL
0x00007ff954170000 - 0x00007ff95417c000 	c:\Users\jibri\.antigravity\extensions\redhat.java-1.54.0-win32-x64\jre\21.0.10-win32-x86_64\bin\vcruntime140_1.dll
0x00007ff8ad030000 - 0x00007ff8ad0bd000 	c:\Users\jibri\.antigravity\extensions\redhat.java-1.54.0-win32-x64\jre\21.0.10-win32-x86_64\bin\msvcp140.dll
0x00007ff887b90000 - 0x00007ff888931000 	c:\Users\jibri\.antigravity\extensions\redhat.java-1.54.0-win32-x64\jre\21.0.10-win32-x86_64\bin\server\jvm.dll
0x00007ff95fd10000 - 0x00007ff95fdc6000 	C:\WINDOWS\System32\ADVAPI32.dll
0x00007ff9612f0000 - 0x00007ff961397000 	C:\WINDOWS\System32\sechost.dll
0x00007ff95ffd0000 - 0x00007ff9600e8000 	C:\WINDOWS\System32\RPCRT4.dll
0x00007ff9614b0000 - 0x00007ff961530000 	C:\WINDOWS\System32\WS2_32.dll
0x00007ff95dcb0000 - 0x00007ff95dd0e000 	C:\WINDOWS\SYSTEM32\POWRPROF.dll
0x00007ff948a80000 - 0x00007ff948ab6000 	C:\WINDOWS\SYSTEM32\WINMM.dll
0x00007ff956fe0000 - 0x00007ff956feb000 	C:\WINDOWS\SYSTEM32\VERSION.dll
0x00007ff95dc90000 - 0x00007ff95dca4000 	C:\WINDOWS\SYSTEM32\UMPDC.dll
0x00007ff95cb10000 - 0x00007ff95cb2b000 	C:\WINDOWS\SYSTEM32\kernel.appcore.dll
0x00007ff93e6c0000 - 0x00007ff93e6ca000 	c:\Users\jibri\.antigravity\extensions\redhat.java-1.54.0-win32-x64\jre\21.0.10-win32-x86_64\bin\jimage.dll
0x00007ff95be10000 - 0x00007ff95c052000 	C:\WINDOWS\SYSTEM32\DBGHELP.DLL
0x00007ff95f980000 - 0x00007ff95fd02000 	C:\WINDOWS\System32\combase.dll
0x00007ff9605b0000 - 0x00007ff960688000 	C:\WINDOWS\System32\OLEAUT32.dll
0x00007ff932a30000 - 0x00007ff932a6b000 	C:\WINDOWS\SYSTEM32\dbgcore.DLL
0x00007ff95e750000 - 0x00007ff95e7f5000 	C:\WINDOWS\System32\bcryptPrimitives.dll
0x00007ff92ee50000 - 0x00007ff92ee5f000 	c:\Users\jibri\.antigravity\extensions\redhat.java-1.54.0-win32-x64\jre\21.0.10-win32-x86_64\bin\instrument.dll
0x00007ff91bc70000 - 0x00007ff91bc90000 	c:\Users\jibri\.antigravity\extensions\redhat.java-1.54.0-win32-x64\jre\21.0.10-win32-x86_64\bin\java.dll
0x00007ff960740000 - 0x00007ff960ea7000 	C:\WINDOWS\System32\SHELL32.dll
0x00007ff95e800000 - 0x00007ff95e96a000 	C:\WINDOWS\System32\wintypes.dll
0x00007ff95dee0000 - 0x00007ff95e748000 	C:\WINDOWS\System32\windows.storage.dll
0x00007ff95f410000 - 0x00007ff95f508000 	C:\WINDOWS\System32\SHCORE.dll
0x00007ff961280000 - 0x00007ff9612e6000 	C:\WINDOWS\System32\shlwapi.dll
0x00007ff95dd70000 - 0x00007ff95dd99000 	C:\WINDOWS\SYSTEM32\profapi.dll
0x00007ff907310000 - 0x00007ff907328000 	c:\Users\jibri\.antigravity\extensions\redhat.java-1.54.0-win32-x64\jre\21.0.10-win32-x86_64\bin\zip.dll
0x00007ff926280000 - 0x00007ff926290000 	C:\Users\jibri\.antigravity\extensions\redhat.java-1.54.0-win32-x64\jre\21.0.10-win32-x86_64\bin\net.dll
0x00007ff956e80000 - 0x00007ff956fad000 	C:\WINDOWS\SYSTEM32\WINHTTP.dll
0x00007ff95d130000 - 0x00007ff95d19c000 	C:\WINDOWS\system32\mswsock.dll
0x00007ff901e40000 - 0x00007ff901e56000 	C:\Users\jibri\.antigravity\extensions\redhat.java-1.54.0-win32-x64\jre\21.0.10-win32-x86_64\bin\nio.dll
0x00007ff921b60000 - 0x00007ff921b70000 	c:\Users\jibri\.antigravity\extensions\redhat.java-1.54.0-win32-x64\jre\21.0.10-win32-x86_64\bin\verify.dll
0x00007ff94fcf0000 - 0x00007ff94fd35000 	C:\Users\jibri\AppData\Roaming\Antigravity\User\globalStorage\redhat.java\1.54.0\config_win\org.eclipse.equinox.launcher\org.eclipse.equinox.launcher.win32.win32.x86_64_1.3.0.v20260203-2149\eclipse_11919.dll
0x00007ff95f5c0000 - 0x00007ff95f757000 	C:\WINDOWS\System32\ole32.dll
0x00007ff95d430000 - 0x00007ff95d44b000 	C:\WINDOWS\SYSTEM32\CRYPTSP.dll
0x00007ff95cb30000 - 0x00007ff95cb69000 	C:\WINDOWS\system32\rsaenh.dll
0x00007ff95d200000 - 0x00007ff95d233000 	C:\WINDOWS\SYSTEM32\USERENV.dll
0x00007ff95dd40000 - 0x00007ff95dd6a000 	C:\WINDOWS\SYSTEM32\bcrypt.dll
0x00007ff95d450000 - 0x00007ff95d45c000 	C:\WINDOWS\SYSTEM32\CRYPTBASE.dll
0x00007ff95c580000 - 0x00007ff95c5b2000 	C:\WINDOWS\SYSTEM32\IPHLPAPI.DLL
0x00007ff95ffc0000 - 0x00007ff95ffca000 	C:\WINDOWS\System32\NSI.dll
0x00007ff922200000 - 0x00007ff922249000 	C:\Users\jibri\AppData\Local\Temp\jna-101119098\jna10969593106166494466.dll
0x00007ff960f80000 - 0x00007ff960f88000 	C:\WINDOWS\System32\PSAPI.DLL
0x00007ff91bb90000 - 0x00007ff91bb9a000 	C:\Users\jibri\.antigravity\extensions\redhat.java-1.54.0-win32-x64\jre\21.0.10-win32-x86_64\bin\management.dll
0x00007ff91b7c0000 - 0x00007ff91b7cc000 	C:\Users\jibri\.antigravity\extensions\redhat.java-1.54.0-win32-x64\jre\21.0.10-win32-x86_64\bin\management_ext.dll
0x00007ff957020000 - 0x00007ff95703d000 	C:\WINDOWS\SYSTEM32\dhcpcsvc6.DLL
0x00007ff956ff0000 - 0x00007ff957015000 	C:\WINDOWS\SYSTEM32\dhcpcsvc.DLL
0x00007ff8a37d0000 - 0x00007ff8a37f7000 	C:\Users\jibri\.gradle\native\1def1411415f61bf3af743bc5b6707747c0891f09f0c88961ee8f79bc544acac\windows-amd64\native-platform.dll
0x00007ff9202d0000 - 0x00007ff9202de000 	C:\Users\jibri\.antigravity\extensions\redhat.java-1.54.0-win32-x64\jre\21.0.10-win32-x86_64\bin\sunmscapi.dll
0x00007ff95e970000 - 0x00007ff95eae7000 	C:\WINDOWS\System32\CRYPT32.dll
0x00007ff95d650000 - 0x00007ff95d680000 	C:\WINDOWS\SYSTEM32\ncrypt.dll
0x00007ff95d600000 - 0x00007ff95d63f000 	C:\WINDOWS\SYSTEM32\NTASN1.dll
0x00007ff95c670000 - 0x00007ff95c7a2000 	C:\WINDOWS\SYSTEM32\DNSAPI.dll
0x00007ff94ba70000 - 0x00007ff94ba7b000 	C:\Windows\System32\rasadhlp.dll
0x00007ff94f960000 - 0x00007ff94f9e6000 	C:\WINDOWS\System32\fwpuclnt.dll
0x00007ff91bbe0000 - 0x00007ff91bbe9000 	C:\Users\jibri\.antigravity\extensions\redhat.java-1.54.0-win32-x64\jre\21.0.10-win32-x86_64\bin\extnet.dll
0x00007ff9329b0000 - 0x00007ff9329b8000 	C:\WINDOWS\system32\wshunix.dll

JVMTI agents:
c:\Users\jibri\.antigravity\extensions\redhat.java-1.54.0-win32-x64\lombok\lombok-1.18.39-4050.jar path:c:\Users\jibri\.antigravity\extensions\redhat.java-1.54.0-win32-x64\jre\21.0.10-win32-x86_64\bin\instrument.dll, loaded, initialized, instrumentlib options:none

dbghelp: loaded successfully - version: 4.0.5 - missing functions: none
symbol engine: initialized successfully - sym options: 0x614 - pdb path: .;c:\Users\jibri\.antigravity\extensions\redhat.java-1.54.0-win32-x64\jre\21.0.10-win32-x86_64\bin;C:\WINDOWS\SYSTEM32;C:\WINDOWS\WinSxS\amd64_microsoft.windows.common-controls_6595b64144ccf1df_6.0.26100.8115_none_3e075c82e3354f9c;c:\Users\jibri\.antigravity\extensions\redhat.java-1.54.0-win32-x64\jre\21.0.10-win32-x86_64\bin\server;C:\Users\jibri\AppData\Roaming\Antigravity\User\globalStorage\redhat.java\1.54.0\config_win\org.eclipse.equinox.launcher\org.eclipse.equinox.launcher.win32.win32.x86_64_1.3.0.v20260203-2149;C:\Users\jibri\AppData\Local\Temp\jna-101119098;C:\Users\jibri\.gradle\native\1def1411415f61bf3af743bc5b6707747c0891f09f0c88961ee8f79bc544acac\windows-amd64

VM Arguments:
jvm_args: --add-modules=ALL-SYSTEM --add-opens=java.base/java.util=ALL-UNNAMED --add-opens=java.base/java.lang=ALL-UNNAMED --add-opens=java.base/sun.nio.fs=ALL-UNNAMED -Declipse.application=org.eclipse.jdt.ls.core.id1 -Dosgi.bundles.defaultStartLevel=4 -Declipse.product=org.eclipse.jdt.ls.core.product -Djava.import.generatesMetadataFilesAtProjectRoot=false -DDetectVMInstallationsJob.disabled=true -Dfile.encoding=utf8 -XX:+UseParallelGC -XX:GCTimeRatio=4 -XX:AdaptiveSizePolicyWeight=90 -Dsun.zip.disableMemoryMapping=true -Xmx2G -Xms100m -Xlog:disable -javaagent:c:\Users\jibri\.antigravity\extensions\redhat.java-1.54.0-win32-x64\lombok\lombok-1.18.39-4050.jar -XX:+HeapDumpOnOutOfMemoryError -XX:HeapDumpPath=c:\Users\jibri\AppData\Roaming\Antigravity\User\workspaceStorage\8b75b7c593fc459511d45e689933c160\redhat.java -Daether.dependencyCollector.impl=bf 
java_command: c:\Users\jibri\.antigravity\extensions\redhat.java-1.54.0-win32-x64\server\plugins\org.eclipse.equinox.launcher_1.7.100.v20251111-0406.jar -configuration c:\Users\jibri\AppData\Roaming\Antigravity\User\globalStorage\redhat.java\1.54.0\config_win -data c:\Users\jibri\AppData\Roaming\Antigravity\User\workspaceStorage\8b75b7c593fc459511d45e689933c160\redhat.java\jdt_ws --pipe=\\.\pipe\lsp-7952fea91bb3804153728c3fcc3b2a38-sock
java_class_path (initial): c:\Users\jibri\.antigravity\extensions\redhat.java-1.54.0-win32-x64\server\plugins\org.eclipse.equinox.launcher_1.7.100.v20251111-0406.jar
Launcher Type: SUN_STANDARD

[Global flags]
    uintx AdaptiveSizePolicyWeight                 = 90                                        {product} {command line}
     intx CICompilerCount                          = 12                                        {product} {ergonomic}
    uintx GCTimeRatio                              = 4                                         {product} {command line}
     bool HeapDumpOnOutOfMemoryError               = true                                   {manageable} {command line}
    ccstr HeapDumpPath                             = c:\Users\jibri\AppData\Roaming\Antigravity\User\workspaceStorage\8b75b7c593fc459511d45e689933c160\redhat.java         {manageable} {command line}
   size_t InitialHeapSize                          = 104857600                                 {product} {command line}
   size_t MaxHeapSize                              = 2147483648                                {product} {command line}
   size_t MaxNewSize                               = 715653120                                 {product} {ergonomic}
   size_t MinHeapDeltaBytes                        = 524288                                    {product} {ergonomic}
   size_t MinHeapSize                              = 104857600                                 {product} {command line}
   size_t NewSize                                  = 34603008                                  {product} {ergonomic}
    uintx NonNMethodCodeHeapSize                   = 7602480                                {pd product} {ergonomic}
    uintx NonProfiledCodeHeapSize                  = 122027880                              {pd product} {ergonomic}
   size_t OldSize                                  = 70254592                                  {product} {ergonomic}
    uintx ProfiledCodeHeapSize                     = 122027880                              {pd product} {ergonomic}
    uintx ReservedCodeCacheSize                    = 251658240                              {pd product} {ergonomic}
     bool SegmentedCodeCache                       = true                                      {product} {ergonomic}
   size_t SoftMaxHeapSize                          = 2147483648                             {manageable} {ergonomic}
     bool UseCompressedOops                        = true                           {product lp64_product} {ergonomic}
     bool UseLargePagesIndividualAllocation        = false                                  {pd product} {ergonomic}
     bool UseParallelGC                            = true                                      {product} {command line}

Logging:
Log output configuration:
 #0: stdout all=off uptime,level,tags foldmultilines=false
 #1: stderr all=off uptime,level,tags foldmultilines=false

Release file:
JAVA_VERSION="21.0.10" 
MODULES="java.base java.compiler java.datatransfer java.xml java.prefs java.desktop java.instrument java.logging java.management java.security.sasl java.naming java.rmi java.management.rmi java.net.http java.scripting java.security.jgss java.transaction.xa java.sql java.sql.rowset java.xml.crypto java.se java.smartcardio jdk.accessibility jdk.internal.jvmstat jdk.attach jdk.charsets jdk.internal.opt jdk.zipfs jdk.compiler jdk.crypto.ec jdk.crypto.cryptoki jdk.crypto.mscapi jdk.dynalink jdk.internal.ed jdk.editpad jdk.hotspot.agent jdk.httpserver jdk.internal.le jdk.internal.vm.ci jdk.internal.vm.compiler jdk.internal.vm.compiler.management jdk.jartool jdk.javadoc jdk.jcmd jdk.management jdk.management.agent jdk.jconsole jdk.jdeps jdk.jdwp.agent jdk.jdi jdk.jfr jdk.jshell jdk.jsobject jdk.jstatd jdk.localedata jdk.management.jfr jdk.naming.dns jdk.naming.rmi jdk.net jdk.nio.mapmode jdk.random jdk.sctp jdk.security.auth jdk.security.jgss jdk.unsupported jdk.unsupported.desktop jdk.xml.dom" 

Environment Variables:
JAVA_HOME=C:\Program Files\Java\jdk-17
PATH=C:\Program Files\Microsoft\jdk-17.0.16.8-hotspot\bin;C:\ProgramData\Oracle\Java\javapath;C:\Program Files\NVIDIA GPU Computing Toolkit\CUDA\v12.8\bin;C:\Program Files\NVIDIA GPU Computing Toolkit\CUDA\v12.8\libnvvp;C:\Program Files\Common Files\Oracle\Java\javapath;C:\PHP\phpoldversion\;C:\Windows\system32;C:\Windows;C:\Windows\System32\Wbem;C:\Windows\System32\WindowsPowerShell\v1.0\;C:\Windows\System32\OpenSSH\;C:\Program Files (x86)\NVIDIA Corporation\PhysX\Common;C:\Program Files\Microsoft SQL Server\150\Tools\Binn\;C:\Program Files\Microsoft SQL Server\Client SDK\ODBC\170\Tools\Binn\;C:\ProgramData\ComposerSetup\bin;C:\Users\jibri\.config\herd\bin\nvm;C:\Program Files\nodejs;C:\Program Files\Java\jdk-17\bin;C:\xampp\php;C:\WINDOWS\system32;C:\WINDOWS;C:\WINDOWS\System32\Wbem;C:\WINDOWS\System32\WindowsPowerShell\v1.0\;C:\WINDOWS\System32\OpenSSH\;C:\Program Files\nodejs\;C:\Program Files\Git\cmd;C:\Program Files\Git\bin;C:\Users\jibri\AppData\Local\Pub\Cache\bin;C:\Program Files\NVIDIA Corporation\NVIDIA app\NvDLISR;C:\Program Files\heroku\bin;C:\Program Files\NVIDIA Corporation\Nsight Compute 2025.1.1\;C:\ProgramData\chocolatey\bin;C:\Users\jibri\AppData\Local\Programs\Python\Python310\Scripts;C:\Program Files\dotnet\;C:\Program Files (x86)\Windows Kits\10\Windows Performance Toolkit\;C:\Users\jibri\AppData\Local\Android\Sdk\platform-tools;C:\Program Files\Docker\Docker\resources\bin;C:\Program Files\MySQL\MySQL Shell 8.0\bin\;C:\Users\jibri\AppData\Local\Programs\Python\Python310\Scripts\;C:\Users\jibri\AppData\Local\Programs\Python\Python310\;C:\Users\jibri\.config\herd\bin;C:\Users\jibri\AppData\Local\Microsoft\WindowsApps;C:\Users\jibri\AppData\Local\Programs\Microsoft VS Code\bin;C:\Users\jibri\AppData\Roaming\Composer\vendor\bin;C:\flutter\flutter\bin;C:\Users\jibri\AppData\Roaming\npm;C:\Program Files\Git;C:\Users\jibri\AppData\Local\Pub\Cache\bin;C:\Program Files\heroku\bin;C:\Users\jibri\.dotnet\tools;C:\AppServ\Apache24\bin;C:\AppServ\php7;C:\AppServ\MySQL\bin;C:\Users\jibri\AppData\Local\Android\Sdk\build-tools;C:\ProgramData\chocolatey\bin;C:\Program Files\nodejs\;C:\Users\jibri\AppData\Local\Programs\cursor\resources\app\bin;C:\Users\jibri\AppData\Local\Programs\Antigravity\bin
USERNAME=jibri
OS=Windows_NT
PROCESSOR_IDENTIFIER=Intel64 Family 6 Model 191 Stepping 2, GenuineIntel
TMP=C:\Users\jibri\AppData\Local\Temp
TEMP=C:\Users\jibri\AppData\Local\Temp




Periodic native trim disabled

---------------  S Y S T E M  ---------------

OS:
 Windows 11 , 64 bit Build 26100 (10.0.26100.8246)
OS uptime: 0 days 1:01 hours
Hyper-V role detected

CPU: total 20 (initial active 20) (10 cores per cpu, 2 threads per core) family 6 model 191 stepping 2 microcode 0x2c, cx8, cmov, fxsr, ht, mmx, 3dnowpref, sse, sse2, sse3, ssse3, sse4.1, sse4.2, popcnt, lzcnt, tsc, tscinvbit, avx, avx2, aes, erms, clmul, bmi1, bmi2, adx, sha, fma, vzeroupper, clflush, clflushopt, clwb, hv, serialize, rdtscp, rdpid, fsrm, f16c, cet_ibt, cet_ss
Processor Information for processor 0
  Max Mhz: 2500, Current Mhz: 2500, Mhz Limit: 2500
Processor Information for processor 1
  Max Mhz: 2500, Current Mhz: 2500, Mhz Limit: 2500
Processor Information for processor 2
  Max Mhz: 2500, Current Mhz: 2500, Mhz Limit: 2500
Processor Information for processor 3
  Max Mhz: 2500, Current Mhz: 2500, Mhz Limit: 2500
Processor Information for processor 4
  Max Mhz: 2500, Current Mhz: 2500, Mhz Limit: 2500
Processor Information for processor 5
  Max Mhz: 2500, Current Mhz: 2500, Mhz Limit: 2500
Processor Information for processor 6
  Max Mhz: 2500, Current Mhz: 2500, Mhz Limit: 2500
Processor Information for processor 7
  Max Mhz: 2500, Current Mhz: 2500, Mhz Limit: 2500
Processor Information for processor 8
  Max Mhz: 2500, Current Mhz: 2500, Mhz Limit: 2500
Processor Information for processor 9
  Max Mhz: 2500, Current Mhz: 2500, Mhz Limit: 2500
Processor Information for processor 10
  Max Mhz: 2500, Current Mhz: 2500, Mhz Limit: 2500
Processor Information for processor 11
  Max Mhz: 2500, Current Mhz: 2500, Mhz Limit: 2500
Processor Information for processor 12
  Max Mhz: 2500, Current Mhz: 1800, Mhz Limit: 1800
Processor Information for processor 13
  Max Mhz: 2500, Current Mhz: 1800, Mhz Limit: 1800
Processor Information for processor 14
  Max Mhz: 2500, Current Mhz: 1800, Mhz Limit: 1800
Processor Information for processor 15
  Max Mhz: 2500, Current Mhz: 1800, Mhz Limit: 1800
Processor Information for processor 16
  Max Mhz: 2500, Current Mhz: 1800, Mhz Limit: 1800
Processor Information for processor 17
  Max Mhz: 2500, Current Mhz: 1800, Mhz Limit: 1800
Processor Information for processor 18
  Max Mhz: 2500, Current Mhz: 1800, Mhz Limit: 1800
Processor Information for processor 19
  Max Mhz: 2500, Current Mhz: 1800, Mhz Limit: 1800

Memory: 4k page, system-wide physical 7911M (1305M free)
TotalPageFile size 32487M (AvailPageFile size 11M)
current process WorkingSet (physical memory assigned to process): 465M, peak: 466M
current process commit charge ("private bytes"): 715M, peak: 718M

vm_info: OpenJDK 64-Bit Server VM (21.0.10+7-LTS) for windows-amd64 JRE (21.0.10+7-LTS), built on 2026-01-20T00:00:00Z by "admin" with MS VC++ 17.12 (VS2022)

END.
