#
# There is insufficient memory for the Java Runtime Environment to continue.
# Native memory allocation (malloc) failed to allocate 1048576 bytes. Error detail: AllocateHeap
# Possible reasons:
#   The system is out of physical RAM or swap space
#   This process is running with CompressedOops enabled, and the Java Heap may be blocking the growth of the native heap
# Possible solutions:
#   Reduce memory load on the system
#   Increase physical memory or swap space
#   Check if swap backing store is full
#   Decrease Java heap size (-Xmx/-Xms)
#   Decrease number of Java threads
#   Decrease Java thread stack sizes (-Xss)
#   Set larger code cache with -XX:ReservedCodeCacheSize=
#   JVM is running with Unscaled Compressed Oops mode in which the Java heap is
#     placed in the first 4GB address space. The Java Heap base address is the
#     maximum limit for the native heap growth. Please use -XX:HeapBaseMinAddress
#     to set the Java Heap base and to place the Java Heap above 4GB virtual address.
# This output file may be truncated or incomplete.
#
#  Out of Memory Error (allocation.cpp:44), pid=13764, tid=2052
#
# JRE version: OpenJDK Runtime Environment Temurin-21.0.10+7 (21.0.10+7) (build 21.0.10+7-LTS)
# Java VM: OpenJDK 64-Bit Server VM Temurin-21.0.10+7 (21.0.10+7-LTS, mixed mode, sharing, tiered, compressed oops, compressed class ptrs, parallel gc, windows-amd64)
# No core dump will be written. Minidumps are not enabled by default on client versions of Windows
#

---------------  S U M M A R Y ------------

Command Line: --add-modules=ALL-SYSTEM --add-opens=java.base/java.util=ALL-UNNAMED --add-opens=java.base/java.lang=ALL-UNNAMED --add-opens=java.base/sun.nio.fs=ALL-UNNAMED -Declipse.application=org.eclipse.jdt.ls.core.id1 -Dosgi.bundles.defaultStartLevel=4 -Declipse.product=org.eclipse.jdt.ls.core.product -Djava.import.generatesMetadataFilesAtProjectRoot=false -DDetectVMInstallationsJob.disabled=true -Dfile.encoding=utf8 -XX:+UseParallelGC -XX:GCTimeRatio=4 -XX:AdaptiveSizePolicyWeight=90 -Dsun.zip.disableMemoryMapping=true -Xmx2G -Xms100m -Xlog:disable -javaagent:c:\Users\jibri\.antigravity\extensions\redhat.java-1.54.0-win32-x64\lombok\lombok-1.18.39-4050.jar -XX:+HeapDumpOnOutOfMemoryError -XX:HeapDumpPath=c:\Users\jibri\AppData\Roaming\Antigravity\User\workspaceStorage\8b75b7c593fc459511d45e689933c160\redhat.java -Daether.dependencyCollector.impl=bf c:\Users\jibri\.antigravity\extensions\redhat.java-1.54.0-win32-x64\server\plugins\org.eclipse.equinox.launcher_1.7.100.v20251111-0406.jar -configuration c:\Users\jibri\AppData\Roaming\Antigravity\User\globalStorage\redhat.java\1.54.0\config_win -data c:\Users\jibri\AppData\Roaming\Antigravity\User\workspaceStorage\8b75b7c593fc459511d45e689933c160\redhat.java\jdt_ws --pipe=\\.\pipe\lsp-4c7c6254f9c99719cd05b1d98480590c-sock

Host: 13th Gen Intel(R) Core(TM) i5-13500HX, 20 cores, 7G,  Windows 11 , 64 bit Build 26100 (10.0.26100.8246)
Time: Wed May  6 19:14:49 2026 Malay Peninsula Standard Time elapsed time: 2371.058905 seconds (0d 0h 39m 31s)

---------------  T H R E A D  ---------------

Current thread (0x000002b2f7ae2350):  JavaThread "Attach Listener" daemon [_thread_in_vm, id=2052, stack(0x000000f2d3700000,0x000000f2d3800000) (1024K)]

Stack: [0x000000f2d3700000,0x000000f2d3800000]
Native frames: (J=compiled Java code, j=interpreted, Vv=VM code, C=native code)
V  [jvm.dll+0x6d7a39]
V  [jvm.dll+0x8b4b26]
V  [jvm.dll+0x8b70de]
V  [jvm.dll+0x8b77c3]
V  [jvm.dll+0x284346]
V  [jvm.dll+0xc1277]
V  [jvm.dll+0x6d82e9]
V  [jvm.dll+0x1334a6]
V  [jvm.dll+0x3f857e]
V  [jvm.dll+0x85f59d]
V  [jvm.dll+0x6d626d]
C  [ucrtbase.dll+0x37b0]
C  [KERNEL32.DLL+0x2e8d7]
C  [ntdll.dll+0x8c3fc]


---------------  P R O C E S S  ---------------

Threads class SMR info:
_java_thread_list=0x000002b2db1e35d0, length=47, elements={
0x000002b2f54facb0, 0x000002b2f7adb680, 0x000002b2f7adc6a0, 0x000002b2f7adf680,
0x000002b2f7ae2350, 0x000002b2f7ae5770, 0x000002b2f7ae2e50, 0x000002b2f7ae45f0,
0x000002b2d084ac70, 0x000002b2d0a838a0, 0x000002b2d0b77520, 0x000002b2d2f29430,
0x000002b2d2f17260, 0x000002b2d2d2d950, 0x000002b2d2d33300, 0x000002b2d7a2f890,
0x000002b2d792c040, 0x000002b2d2ae9f10, 0x000002b2d87aa690, 0x000002b2d87acdf0,
0x000002b2d87aad20, 0x000002b2d87ad480, 0x000002b2d85120b0, 0x000002b2d8514180,
0x000002b2d8513af0, 0x000002b2d8513460, 0x000002b2d8511a20, 0x000002b2d8512dd0,
0x000002b2d8510d00, 0x000002b2d8514810, 0x000002b2d8512740, 0x000002b2d8511390,
0x000002b2d8514ea0, 0x000002b2d8515530, 0x000002b2d8517600, 0x000002b2d85168e0,
0x000002b2d8515bc0, 0x000002b2d8516f70, 0x000002b2d8516250, 0x000002b2d8517c90,
0x000002b2d8518320, 0x000002b2d95b8db0, 0x000002b2d95b8090, 0x000002b2d95bbba0,
0x000002b2d95ba7f0, 0x000002b2d95b9ad0, 0x000002b2d95bcf50
}

Java Threads: ( => current thread )
  0x000002b2f54facb0 JavaThread "main"                              [_thread_blocked, id=2400, stack(0x000000f2d3000000,0x000000f2d3100000) (1024K)]
  0x000002b2f7adb680 JavaThread "Reference Handler"          daemon [_thread_blocked, id=6188, stack(0x000000f2d3400000,0x000000f2d3500000) (1024K)]
  0x000002b2f7adc6a0 JavaThread "Finalizer"                  daemon [_thread_blocked, id=8280, stack(0x000000f2d3500000,0x000000f2d3600000) (1024K)]
  0x000002b2f7adf680 JavaThread "Signal Dispatcher"          daemon [_thread_blocked, id=18000, stack(0x000000f2d3600000,0x000000f2d3700000) (1024K)]
=>0x000002b2f7ae2350 JavaThread "Attach Listener"            daemon [_thread_in_vm, id=2052, stack(0x000000f2d3700000,0x000000f2d3800000) (1024K)]
  0x000002b2f7ae5770 JavaThread "Service Thread"             daemon [_thread_blocked, id=10876, stack(0x000000f2d3800000,0x000000f2d3900000) (1024K)]
  0x000002b2f7ae2e50 JavaThread "Monitor Deflation Thread"   daemon [_thread_blocked, id=16312, stack(0x000000f2d3900000,0x000000f2d3a00000) (1024K)]
  0x000002b2f7ae45f0 JavaThread "C2 CompilerThread0"         daemon [_thread_blocked, id=8096, stack(0x000000f2d3a00000,0x000000f2d3b00000) (1024K)]
  0x000002b2d084ac70 JavaThread "C1 CompilerThread0"         daemon [_thread_blocked, id=16420, stack(0x000000f2d3b00000,0x000000f2d3c00000) (1024K)]
  0x000002b2d0a838a0 JavaThread "Common-Cleaner"             daemon [_thread_blocked, id=18376, stack(0x000000f2d3d00000,0x000000f2d3e00000) (1024K)]
  0x000002b2d0b77520 JavaThread "Notification Thread"        daemon [_thread_blocked, id=24088, stack(0x000000f2d3e00000,0x000000f2d3f00000) (1024K)]
  0x000002b2d2f29430 JavaThread "Active Thread: Equinox Container: dfdc00f3-bc59-49e1-99fb-2d16f3ca2687"        [_thread_blocked, id=19192, stack(0x000000f2d4700000,0x000000f2d4800000) (1024K)]
  0x000002b2d2f17260 JavaThread "Refresh Thread: Equinox Container: dfdc00f3-bc59-49e1-99fb-2d16f3ca2687" daemon [_thread_blocked, id=24832, stack(0x000000f2d4500000,0x000000f2d4600000) (1024K)]
  0x000002b2d2d2d950 JavaThread "Framework Event Dispatcher: Equinox Container: dfdc00f3-bc59-49e1-99fb-2d16f3ca2687" daemon [_thread_blocked, id=24864, stack(0x000000f2d4600000,0x000000f2d4700000) (1024K)]
  0x000002b2d2d33300 JavaThread "Start Level: Equinox Container: dfdc00f3-bc59-49e1-99fb-2d16f3ca2687" daemon [_thread_blocked, id=24872, stack(0x000000f2d4900000,0x000000f2d4a00000) (1024K)]
  0x000002b2d7a2f890 JavaThread "Bundle File Closer"         daemon [_thread_blocked, id=25292, stack(0x000000f2d4e00000,0x000000f2d4f00000) (1024K)]
  0x000002b2d792c040 JavaThread "SCR Component Actor"        daemon [_thread_blocked, id=24652, stack(0x000000f2d4d00000,0x000000f2d4e00000) (1024K)]
  0x000002b2d2ae9f10 JavaThread "Worker-JM"                         [_thread_blocked, id=24768, stack(0x000000f2d5200000,0x000000f2d5300000) (1024K)]
  0x000002b2d87aa690 JavaThread "JNA Cleaner"                daemon [_thread_blocked, id=2504, stack(0x000000f2d4f00000,0x000000f2d5000000) (1024K)]
  0x000002b2d87acdf0 JavaThread "Java indexing"              daemon [_thread_blocked, id=25332, stack(0x000000f2d5b00000,0x000000f2d5c00000) (1024K)]
  0x000002b2d87aad20 JavaThread "Worker-2"                          [_thread_blocked, id=25428, stack(0x000000f2d5e00000,0x000000f2d5f00000) (1024K)]
  0x000002b2d87ad480 JavaThread "Thread-1"                   daemon [_thread_in_native, id=25440, stack(0x000000f2d6000000,0x000000f2d6100000) (1024K)]
  0x000002b2d85120b0 JavaThread "Thread-2"                   daemon [_thread_in_native, id=25448, stack(0x000000f2d6100000,0x000000f2d6200000) (1024K)]
  0x000002b2d8514180 JavaThread "Thread-3"                   daemon [_thread_in_native, id=25452, stack(0x000000f2d6200000,0x000000f2d6300000) (1024K)]
  0x000002b2d8513af0 JavaThread "Thread-4"                   daemon [_thread_in_native, id=25444, stack(0x000000f2d6300000,0x000000f2d6400000) (1024K)]
  0x000002b2d8513460 JavaThread "Thread-5"                   daemon [_thread_in_native, id=25456, stack(0x000000f2d6400000,0x000000f2d6500000) (1024K)]
  0x000002b2d8511a20 JavaThread "Thread-6"                   daemon [_thread_in_native, id=25464, stack(0x000000f2d6500000,0x000000f2d6600000) (1024K)]
  0x000002b2d8512dd0 JavaThread "Thread-7"                   daemon [_thread_in_native, id=25460, stack(0x000000f2d6600000,0x000000f2d6700000) (1024K)]
  0x000002b2d8510d00 JavaThread "Thread-8"                   daemon [_thread_in_native, id=25468, stack(0x000000f2d6700000,0x000000f2d6800000) (1024K)]
  0x000002b2d8514810 JavaThread "Thread-9"                   daemon [_thread_in_native, id=7280, stack(0x000000f2d6800000,0x000000f2d6900000) (1024K)]
  0x000002b2d8512740 JavaThread "Thread-10"                  daemon [_thread_in_native, id=25472, stack(0x000000f2d6900000,0x000000f2d6a00000) (1024K)]
  0x000002b2d8511390 JavaThread "Thread-11"                  daemon [_thread_in_native, id=25480, stack(0x000000f2d6a00000,0x000000f2d6b00000) (1024K)]
  0x000002b2d8514ea0 JavaThread "Thread-12"                  daemon [_thread_in_native, id=25476, stack(0x000000f2d6b00000,0x000000f2d6c00000) (1024K)]
  0x000002b2d8515530 JavaThread "Thread-13"                  daemon [_thread_in_native, id=25484, stack(0x000000f2d6c00000,0x000000f2d6d00000) (1024K)]
  0x000002b2d8517600 JavaThread "Thread-14"                  daemon [_thread_in_native, id=25488, stack(0x000000f2d6d00000,0x000000f2d6e00000) (1024K)]
  0x000002b2d85168e0 JavaThread "Thread-15"                  daemon [_thread_in_native, id=25496, stack(0x000000f2d6e00000,0x000000f2d6f00000) (1024K)]
  0x000002b2d8515bc0 JavaThread "Thread-16"                  daemon [_thread_in_native, id=25492, stack(0x000000f2d6f00000,0x000000f2d7000000) (1024K)]
  0x000002b2d8516f70 JavaThread "Thread-17"                  daemon [_thread_in_native, id=25500, stack(0x000000f2d7000000,0x000000f2d7100000) (1024K)]
  0x000002b2d8516250 JavaThread "Thread-18"                  daemon [_thread_in_native, id=13404, stack(0x000000f2d7100000,0x000000f2d7200000) (1024K)]
  0x000002b2d8517c90 JavaThread "Thread-19"                  daemon [_thread_in_native, id=25016, stack(0x000000f2d7200000,0x000000f2d7300000) (1024K)]
  0x000002b2d8518320 JavaThread "Thread-20"                  daemon [_thread_in_native, id=25012, stack(0x000000f2d7300000,0x000000f2d7400000) (1024K)]
  0x000002b2d95b8db0 JavaThread "Thread-21"                  daemon [_thread_in_native, id=25004, stack(0x000000f2d7400000,0x000000f2d7500000) (1024K)]
  0x000002b2d95b8090 JavaThread "pool-2-thread-1"                   [_thread_blocked, id=25008, stack(0x000000f2d7500000,0x000000f2d7600000) (1024K)]
  0x000002b2d95bbba0 JavaThread "WorkspaceEventsHandler"            [_thread_blocked, id=25000, stack(0x000000f2d7600000,0x000000f2d7700000) (1024K)]
  0x000002b2d95ba7f0 JavaThread "pool-1-thread-1"                   [_thread_blocked, id=21048, stack(0x000000f2d7700000,0x000000f2d7800000) (1024K)]
  0x000002b2d95b9ad0 JavaThread "Worker-4"                          [_thread_blocked, id=17188, stack(0x000000f2d7800000,0x000000f2d7900000) (1024K)]
  0x000002b2d95bcf50 JavaThread "Timer-0"                           [_thread_blocked, id=12532, stack(0x000000f2d7a00000,0x000000f2d7b00000) (1024K)]
Total: 47

Other Threads:
  0x000002b2f7ad2870 VMThread "VM Thread"                           [id=8076, stack(0x000000f2d3300000,0x000000f2d3400000) (1024K)]
  0x000002b2f78bca00 WatcherThread "VM Periodic Task Thread"        [id=12992, stack(0x000000f2d3200000,0x000000f2d3300000) (1024K)]
  0x000002b2f7a4ba70 WorkerThread "GC Thread#0"                     [id=6540, stack(0x000000f2d3100000,0x000000f2d3200000) (1024K)]
  0x000002b2d2786bb0 WorkerThread "GC Thread#1"                     [id=10476, stack(0x000000f2d3f00000,0x000000f2d4000000) (1024K)]
  0x000002b2d2987930 WorkerThread "GC Thread#2"                     [id=19064, stack(0x000000f2d4000000,0x000000f2d4100000) (1024K)]
  0x000002b2d297c950 WorkerThread "GC Thread#3"                     [id=4868, stack(0x000000f2d4100000,0x000000f2d4200000) (1024K)]
  0x000002b2d2c07520 WorkerThread "GC Thread#4"                     [id=16472, stack(0x000000f2d4200000,0x000000f2d4300000) (1024K)]
  0x000002b2d2b85890 WorkerThread "GC Thread#5"                     [id=8696, stack(0x000000f2d4300000,0x000000f2d4400000) (1024K)]
  0x000002b2d2b88880 WorkerThread "GC Thread#6"                     [id=4524, stack(0x000000f2d4400000,0x000000f2d4500000) (1024K)]
  0x000002b2d2c8c940 WorkerThread "GC Thread#7"                     [id=9284, stack(0x000000f2d4800000,0x000000f2d4900000) (1024K)]
  0x000002b2d28b3fa0 WorkerThread "GC Thread#8"                     [id=25276, stack(0x000000f2d4a00000,0x000000f2d4b00000) (1024K)]
  0x000002b2d784c970 WorkerThread "GC Thread#9"                     [id=25280, stack(0x000000f2d4b00000,0x000000f2d4c00000) (1024K)]
  0x000002b2d784cd20 WorkerThread "GC Thread#10"                    [id=25284, stack(0x000000f2d4c00000,0x000000f2d4d00000) (1024K)]
  0x000002b2d78aaca0 WorkerThread "GC Thread#11"                    [id=24796, stack(0x000000f2d5400000,0x000000f2d5500000) (1024K)]
  0x000002b2d78aa8f0 WorkerThread "GC Thread#12"                    [id=24800, stack(0x000000f2d5500000,0x000000f2d5600000) (1024K)]
  0x000002b2d78ab050 WorkerThread "GC Thread#13"                    [id=24792, stack(0x000000f2d5600000,0x000000f2d5700000) (1024K)]
  0x000002b2d78a9de0 WorkerThread "GC Thread#14"                    [id=4724, stack(0x000000f2d5800000,0x000000f2d5900000) (1024K)]
Total: 17

Threads with active compile tasks:
Total: 0

VM state: not at safepoint (normal execution)

VM Mutex/Monitor currently owned by a thread: None

Heap address: 0x0000000080000000, size: 2048 MB, Compressed Oops mode: 32-bit

CDS archive(s) mapped at: [0x000002b28f000000-0x000002b28fba0000-0x000002b28fba0000), size 12189696, SharedBaseAddress: 0x000002b28f000000, ArchiveRelocationMode: 1.
Compressed class space mapped at: 0x000002b290000000-0x000002b2d0000000, reserved size: 1073741824
Narrow klass base: 0x000002b28f000000, Narrow klass shift: 0, Narrow klass range: 0x100000000

GC Precious Log:
 CardTable entry size: 512
 CPUs: 20 total, 20 available
 Memory: 7911M
 Large Page Support: Disabled
 NUMA Support: Disabled
 Compressed Oops: Enabled (32-bit)
 Alignments: Space 512K, Generation 512K, Heap 2M
 Heap Min Capacity: 100M
 Heap Initial Capacity: 100M
 Heap Max Capacity: 2G
 Pre-touch: Disabled
 Parallel Workers: 15

Heap:
 PSYoungGen      total 5120K, used 3736K [0x00000000d5580000, 0x00000000d5d80000, 0x0000000100000000)
  eden space 4608K, 72% used [0x00000000d5580000,0x00000000d58be390,0x00000000d5a00000)
  from space 512K, 81% used [0x00000000d5c80000,0x00000000d5ce8000,0x00000000d5d00000)
  to   space 512K, 0% used [0x00000000d5d00000,0x00000000d5d00000,0x00000000d5d80000)
 ParOldGen       total 169472K, used 169433K [0x0000000080000000, 0x000000008a580000, 0x00000000d5580000)
  object space 169472K, 99% used [0x0000000080000000,0x000000008a576628,0x000000008a580000)
 Metaspace       used 86718K, committed 88576K, reserved 1179648K
  class space    used 11022K, committed 11840K, reserved 1048576K

Card table byte_map: [0x000002b2f73d0000,0x000002b2f77e0000] _byte_map_base: 0x000002b2f6fd0000

Marking Bits: (ParMarkBitMap*) 0x00007ffcfc4b3450
 Begin Bits: [0x000002b2faee0000, 0x000002b2fcee0000)
 End Bits:   [0x000002b2fcee0000, 0x000002b2feee0000)

Polling page: 0x000002b2f5870000

Metaspace:

Usage:
  Non-class:     73.92 MB used.
      Class:     10.76 MB used.
       Both:     84.69 MB used.

Virtual space:
  Non-class space:      128.00 MB reserved,      74.94 MB ( 59%) committed,  2 nodes.
      Class space:        1.00 GB reserved,      11.56 MB (  1%) committed,  1 nodes.
             Both:        1.12 GB reserved,      86.50 MB (  8%) committed. 

Chunk freelists:
   Non-Class:  4.22 MB
       Class:  4.47 MB
        Both:  8.69 MB

MaxMetaspaceSize: unlimited
CompressedClassSpaceSize: 1.00 GB
Initial GC threshold: 21.00 MB
Current GC threshold: 97.31 MB
CDS: on
 - commit_granule_bytes: 65536.
 - commit_granule_words: 8192.
 - virtual_space_node_default_size: 8388608.
 - enlarge_chunks_in_place: 1.
 - use_allocation_guard: 0.


Internal statistics:

num_allocs_failed_limit: 9.
num_arena_births: 1650.
num_arena_deaths: 14.
num_vsnodes_births: 3.
num_vsnodes_deaths: 0.
num_space_committed: 1384.
num_space_uncommitted: 0.
num_chunks_returned_to_freelist: 23.
num_chunks_taken_from_freelist: 5267.
num_chunk_merges: 12.
num_chunk_splits: 3478.
num_chunks_enlarged: 2314.
num_inconsistent_stats: 0.

CodeHeap 'non-profiled nmethods': size=119168Kb used=8409Kb max_used=8409Kb free=110758Kb
 bounds [0x000002b287ba0000, 0x000002b2883e0000, 0x000002b28f000000]
CodeHeap 'profiled nmethods': size=119104Kb used=24743Kb max_used=24743Kb free=94360Kb
 bounds [0x000002b280000000, 0x000002b281830000, 0x000002b287450000]
CodeHeap 'non-nmethods': size=7488Kb used=1445Kb max_used=3184Kb free=6042Kb
 bounds [0x000002b287450000, 0x000002b2877c0000, 0x000002b287ba0000]
CodeCache: size=245760Kb, used=34597Kb, max_used=36336Kb, free=211160Kb
 total_blobs=12367, nmethods=11610, adapters=663, full_count=0
Compilation: enabled, stopped_count=0, restarted_count=0

Compilation events (20 events):
Event: 1300.072 Thread 0x000002b2d084ac70 12441       1       org.eclipse.jdt.ls.core.internal.LanguageServerApplication::getParentProcessId (5 bytes)
Event: 1300.073 Thread 0x000002b2d084ac70 nmethod 12441 0x000002b2883d3290 code [0x000002b2883d3420, 0x000002b2883d34e8]
Event: 1458.656 Thread 0x000002b2d084ac70 12442   !   3       org.eclipse.core.internal.jobs.JobManager::nextJob (291 bytes)
Event: 1458.702 Thread 0x000002b2d084ac70 nmethod 12442 0x000002b281822090 code [0x000002b281822520, 0x000002b281824658]
Event: 1458.703 Thread 0x000002b2d084ac70 12443       3       org.eclipse.core.internal.jobs.JobManager::startJob (89 bytes)
Event: 1458.713 Thread 0x000002b2d084ac70 nmethod 12443 0x000002b281825790 code [0x000002b281825a40, 0x000002b2818268a0]
Event: 1459.674 Thread 0x000002b2d084ac70 12444   !   3       java.util.logging.LogManager::ensureLogManagerInitialized (144 bytes)
Event: 1459.700 Thread 0x000002b2d084ac70 nmethod 12444 0x000002b281826d10 code [0x000002b281827020, 0x000002b281828140]
Event: 1578.678 Thread 0x000002b2d084ac70 12445   !   3       org.eclipse.core.internal.jobs.JobManager::sleepHint (67 bytes)
Event: 1578.706 Thread 0x000002b2d084ac70 nmethod 12445 0x000002b281828710 code [0x000002b281828980, 0x000002b281829450]
Event: 1578.706 Thread 0x000002b2d084ac70 12446       3       org.eclipse.core.internal.jobs.JobQueue::isEmpty (18 bytes)
Event: 1578.707 Thread 0x000002b2d084ac70 nmethod 12446 0x000002b281829910 code [0x000002b281829ac0, 0x000002b281829c50]
Event: 1690.306 Thread 0x000002b2f7ae45f0 12447       4       java.util.concurrent.TimeUnit::convert (73 bytes)
Event: 1690.326 Thread 0x000002b2f7ae45f0 nmethod 12447 0x000002b2883d3590 code [0x000002b2883d3740, 0x000002b2883d38d0]
Event: 1699.743 Thread 0x000002b2d084ac70 12448       1       com.sun.jna.internal.Cleaner::access$100 (5 bytes)
Event: 1699.747 Thread 0x000002b2d084ac70 nmethod 12448 0x000002b2883d3a10 code [0x000002b2883d3ba0, 0x000002b2883d3c50]
Event: 2118.693 Thread 0x000002b2f7ae45f0 12449       4       org.eclipse.core.internal.resources.MarkerAttributeMap::shareStrings (92 bytes)
Event: 2118.763 Thread 0x000002b2f7ae45f0 nmethod 12449 0x000002b2883d3d10 code [0x000002b2883d3fa0, 0x000002b2883d4e48]
Event: 2359.915 Thread 0x000002b2f7ae45f0 12450   !   4       java.lang.Object::wait (50 bytes)
Event: 2359.952 Thread 0x000002b2f7ae45f0 nmethod 12450 0x000002b2883d5f10 code [0x000002b2883d60e0, 0x000002b2883d62a0]

GC Heap History (20 events):
Event: 279.322 GC heap before
{Heap before GC invocations=199 (full 3):
 PSYoungGen      total 5120K, used 4960K [0x00000000d5580000, 0x00000000d5d80000, 0x0000000100000000)
  eden space 4608K, 100% used [0x00000000d5580000,0x00000000d5a00000,0x00000000d5a00000)
  from space 512K, 68% used [0x00000000d5c80000,0x00000000d5cd8000,0x00000000d5d00000)
  to   space 512K, 0% used [0x00000000d5d00000,0x00000000d5d00000,0x00000000d5d80000)
 ParOldGen       total 168448K, used 167954K [0x0000000080000000, 0x000000008a480000, 0x00000000d5580000)
  object space 168448K, 99% used [0x0000000080000000,0x000000008a404908,0x000000008a480000)
 Metaspace       used 83795K, committed 85568K, reserved 1179648K
  class space    used 10572K, committed 11392K, reserved 1048576K
}
Event: 279.323 GC heap after
{Heap after GC invocations=199 (full 3):
 PSYoungGen      total 5120K, used 448K [0x00000000d5580000, 0x00000000d5d80000, 0x0000000100000000)
  eden space 4608K, 0% used [0x00000000d5580000,0x00000000d5580000,0x00000000d5a00000)
  from space 512K, 87% used [0x00000000d5d00000,0x00000000d5d70000,0x00000000d5d80000)
  to   space 512K, 0% used [0x00000000d5c80000,0x00000000d5c80000,0x00000000d5d00000)
 ParOldGen       total 168448K, used 168114K [0x0000000080000000, 0x000000008a480000, 0x00000000d5580000)
  object space 168448K, 99% used [0x0000000080000000,0x000000008a42c908,0x000000008a480000)
 Metaspace       used 83795K, committed 85568K, reserved 1179648K
  class space    used 10572K, committed 11392K, reserved 1048576K
}
Event: 279.367 GC heap before
{Heap before GC invocations=200 (full 3):
 PSYoungGen      total 5120K, used 5056K [0x00000000d5580000, 0x00000000d5d80000, 0x0000000100000000)
  eden space 4608K, 100% used [0x00000000d5580000,0x00000000d5a00000,0x00000000d5a00000)
  from space 512K, 87% used [0x00000000d5d00000,0x00000000d5d70000,0x00000000d5d80000)
  to   space 512K, 0% used [0x00000000d5c80000,0x00000000d5c80000,0x00000000d5d00000)
 ParOldGen       total 168448K, used 168114K [0x0000000080000000, 0x000000008a480000, 0x00000000d5580000)
  object space 168448K, 99% used [0x0000000080000000,0x000000008a42c908,0x000000008a480000)
 Metaspace       used 84246K, committed 86016K, reserved 1179648K
  class space    used 10658K, committed 11456K, reserved 1048576K
}
Event: 279.368 GC heap after
{Heap after GC invocations=200 (full 3):
 PSYoungGen      total 5120K, used 416K [0x00000000d5580000, 0x00000000d5d80000, 0x0000000100000000)
  eden space 4608K, 0% used [0x00000000d5580000,0x00000000d5580000,0x00000000d5a00000)
  from space 512K, 81% used [0x00000000d5c80000,0x00000000d5ce8000,0x00000000d5d00000)
  to   space 512K, 0% used [0x00000000d5d00000,0x00000000d5d00000,0x00000000d5d80000)
 ParOldGen       total 168448K, used 168314K [0x0000000080000000, 0x000000008a480000, 0x00000000d5580000)
  object space 168448K, 99% used [0x0000000080000000,0x000000008a45e908,0x000000008a480000)
 Metaspace       used 84246K, committed 86016K, reserved 1179648K
  class space    used 10658K, committed 11456K, reserved 1048576K
}
Event: 279.417 GC heap before
{Heap before GC invocations=201 (full 3):
 PSYoungGen      total 5120K, used 5024K [0x00000000d5580000, 0x00000000d5d80000, 0x0000000100000000)
  eden space 4608K, 100% used [0x00000000d5580000,0x00000000d5a00000,0x00000000d5a00000)
  from space 512K, 81% used [0x00000000d5c80000,0x00000000d5ce8000,0x00000000d5d00000)
  to   space 512K, 0% used [0x00000000d5d00000,0x00000000d5d00000,0x00000000d5d80000)
 ParOldGen       total 168448K, used 168314K [0x0000000080000000, 0x000000008a480000, 0x00000000d5580000)
  object space 168448K, 99% used [0x0000000080000000,0x000000008a45e908,0x000000008a480000)
 Metaspace       used 84735K, committed 86528K, reserved 1179648K
  class space    used 10746K, committed 11584K, reserved 1048576K
}
Event: 279.417 GC heap after
{Heap after GC invocations=201 (full 3):
 PSYoungGen      total 5120K, used 480K [0x00000000d5580000, 0x00000000d5d80000, 0x0000000100000000)
  eden space 4608K, 0% used [0x00000000d5580000,0x00000000d5580000,0x00000000d5a00000)
  from space 512K, 93% used [0x00000000d5d00000,0x00000000d5d78000,0x00000000d5d80000)
  to   space 512K, 0% used [0x00000000d5c80000,0x00000000d5c80000,0x00000000d5d00000)
 ParOldGen       total 168960K, used 168458K [0x0000000080000000, 0x000000008a500000, 0x00000000d5580000)
  object space 168960K, 99% used [0x0000000080000000,0x000000008a482908,0x000000008a500000)
 Metaspace       used 84735K, committed 86528K, reserved 1179648K
  class space    used 10746K, committed 11584K, reserved 1048576K
}
Event: 279.488 GC heap before
{Heap before GC invocations=202 (full 3):
 PSYoungGen      total 5120K, used 5088K [0x00000000d5580000, 0x00000000d5d80000, 0x0000000100000000)
  eden space 4608K, 100% used [0x00000000d5580000,0x00000000d5a00000,0x00000000d5a00000)
  from space 512K, 93% used [0x00000000d5d00000,0x00000000d5d78000,0x00000000d5d80000)
  to   space 512K, 0% used [0x00000000d5c80000,0x00000000d5c80000,0x00000000d5d00000)
 ParOldGen       total 168960K, used 168458K [0x0000000080000000, 0x000000008a500000, 0x00000000d5580000)
  object space 168960K, 99% used [0x0000000080000000,0x000000008a482908,0x000000008a500000)
 Metaspace       used 85260K, committed 87040K, reserved 1179648K
  class space    used 10836K, committed 11648K, reserved 1048576K
}
Event: 279.489 GC heap after
{Heap after GC invocations=202 (full 3):
 PSYoungGen      total 5120K, used 512K [0x00000000d5580000, 0x00000000d5d80000, 0x0000000100000000)
  eden space 4608K, 0% used [0x00000000d5580000,0x00000000d5580000,0x00000000d5a00000)
  from space 512K, 100% used [0x00000000d5c80000,0x00000000d5d00000,0x00000000d5d00000)
  to   space 512K, 0% used [0x00000000d5d00000,0x00000000d5d00000,0x00000000d5d80000)
 ParOldGen       total 168960K, used 168610K [0x0000000080000000, 0x000000008a500000, 0x00000000d5580000)
  object space 168960K, 99% used [0x0000000080000000,0x000000008a4a8908,0x000000008a500000)
 Metaspace       used 85260K, committed 87040K, reserved 1179648K
  class space    used 10836K, committed 11648K, reserved 1048576K
}
Event: 279.572 GC heap before
{Heap before GC invocations=203 (full 3):
 PSYoungGen      total 5120K, used 5120K [0x00000000d5580000, 0x00000000d5d80000, 0x0000000100000000)
  eden space 4608K, 100% used [0x00000000d5580000,0x00000000d5a00000,0x00000000d5a00000)
  from space 512K, 100% used [0x00000000d5c80000,0x00000000d5d00000,0x00000000d5d00000)
  to   space 512K, 0% used [0x00000000d5d00000,0x00000000d5d00000,0x00000000d5d80000)
 ParOldGen       total 168960K, used 168610K [0x0000000080000000, 0x000000008a500000, 0x00000000d5580000)
  object space 168960K, 99% used [0x0000000080000000,0x000000008a4a8908,0x000000008a500000)
 Metaspace       used 85454K, committed 87232K, reserved 1179648K
  class space    used 10869K, committed 11648K, reserved 1048576K
}
Event: 279.573 GC heap after
{Heap after GC invocations=203 (full 3):
 PSYoungGen      total 5120K, used 448K [0x00000000d5580000, 0x00000000d5d80000, 0x0000000100000000)
  eden space 4608K, 0% used [0x00000000d5580000,0x00000000d5580000,0x00000000d5a00000)
  from space 512K, 87% used [0x00000000d5d00000,0x00000000d5d70000,0x00000000d5d80000)
  to   space 512K, 0% used [0x00000000d5c80000,0x00000000d5c80000,0x00000000d5d00000)
 ParOldGen       total 168960K, used 168841K [0x0000000080000000, 0x000000008a500000, 0x00000000d5580000)
  object space 168960K, 99% used [0x0000000080000000,0x000000008a4e2628,0x000000008a500000)
 Metaspace       used 85454K, committed 87232K, reserved 1179648K
  class space    used 10869K, committed 11648K, reserved 1048576K
}
Event: 285.293 GC heap before
{Heap before GC invocations=204 (full 3):
 PSYoungGen      total 5120K, used 5056K [0x00000000d5580000, 0x00000000d5d80000, 0x0000000100000000)
  eden space 4608K, 100% used [0x00000000d5580000,0x00000000d5a00000,0x00000000d5a00000)
  from space 512K, 87% used [0x00000000d5d00000,0x00000000d5d70000,0x00000000d5d80000)
  to   space 512K, 0% used [0x00000000d5c80000,0x00000000d5c80000,0x00000000d5d00000)
 ParOldGen       total 168960K, used 168841K [0x0000000080000000, 0x000000008a500000, 0x00000000d5580000)
  object space 168960K, 99% used [0x0000000080000000,0x000000008a4e2628,0x000000008a500000)
 Metaspace       used 86028K, committed 87808K, reserved 1179648K
  class space    used 10940K, committed 11776K, reserved 1048576K
}
Event: 285.294 GC heap after
{Heap after GC invocations=204 (full 3):
 PSYoungGen      total 5120K, used 480K [0x00000000d5580000, 0x00000000d5d80000, 0x0000000100000000)
  eden space 4608K, 0% used [0x00000000d5580000,0x00000000d5580000,0x00000000d5a00000)
  from space 512K, 93% used [0x00000000d5c80000,0x00000000d5cf8010,0x00000000d5d00000)
  to   space 512K, 0% used [0x00000000d5d00000,0x00000000d5d00000,0x00000000d5d80000)
 ParOldGen       total 168960K, used 168929K [0x0000000080000000, 0x000000008a500000, 0x00000000d5580000)
  object space 168960K, 99% used [0x0000000080000000,0x000000008a4f8628,0x000000008a500000)
 Metaspace       used 86028K, committed 87808K, reserved 1179648K
  class space    used 10940K, committed 11776K, reserved 1048576K
}
Event: 287.254 GC heap before
{Heap before GC invocations=205 (full 3):
 PSYoungGen      total 5120K, used 5088K [0x00000000d5580000, 0x00000000d5d80000, 0x0000000100000000)
  eden space 4608K, 100% used [0x00000000d5580000,0x00000000d5a00000,0x00000000d5a00000)
  from space 512K, 93% used [0x00000000d5c80000,0x00000000d5cf8010,0x00000000d5d00000)
  to   space 512K, 0% used [0x00000000d5d00000,0x00000000d5d00000,0x00000000d5d80000)
 ParOldGen       total 168960K, used 168929K [0x0000000080000000, 0x000000008a500000, 0x00000000d5580000)
  object space 168960K, 99% used [0x0000000080000000,0x000000008a4f8628,0x000000008a500000)
 Metaspace       used 86278K, committed 88064K, reserved 1179648K
  class space    used 10976K, committed 11776K, reserved 1048576K
}
Event: 287.256 GC heap after
{Heap after GC invocations=205 (full 3):
 PSYoungGen      total 5120K, used 496K [0x00000000d5580000, 0x00000000d5d80000, 0x0000000100000000)
  eden space 4608K, 0% used [0x00000000d5580000,0x00000000d5580000,0x00000000d5a00000)
  from space 512K, 96% used [0x00000000d5d00000,0x00000000d5d7c010,0x00000000d5d80000)
  to   space 512K, 0% used [0x00000000d5c80000,0x00000000d5c80000,0x00000000d5d00000)
 ParOldGen       total 169472K, used 169105K [0x0000000080000000, 0x000000008a580000, 0x00000000d5580000)
  object space 169472K, 99% used [0x0000000080000000,0x000000008a524628,0x000000008a580000)
 Metaspace       used 86278K, committed 88064K, reserved 1179648K
  class space    used 10976K, committed 11776K, reserved 1048576K
}
Event: 297.913 GC heap before
{Heap before GC invocations=206 (full 3):
 PSYoungGen      total 5120K, used 5104K [0x00000000d5580000, 0x00000000d5d80000, 0x0000000100000000)
  eden space 4608K, 100% used [0x00000000d5580000,0x00000000d5a00000,0x00000000d5a00000)
  from space 512K, 96% used [0x00000000d5d00000,0x00000000d5d7c010,0x00000000d5d80000)
  to   space 512K, 0% used [0x00000000d5c80000,0x00000000d5c80000,0x00000000d5d00000)
 ParOldGen       total 169472K, used 169105K [0x0000000080000000, 0x000000008a580000, 0x00000000d5580000)
  object space 169472K, 99% used [0x0000000080000000,0x000000008a524628,0x000000008a580000)
 Metaspace       used 86361K, committed 88128K, reserved 1179648K
  class space    used 10981K, committed 11776K, reserved 1048576K
}
Event: 297.923 GC heap after
{Heap after GC invocations=206 (full 3):
 PSYoungGen      total 5120K, used 224K [0x00000000d5580000, 0x00000000d5d80000, 0x0000000100000000)
  eden space 4608K, 0% used [0x00000000d5580000,0x00000000d5580000,0x00000000d5a00000)
  from space 512K, 43% used [0x00000000d5c80000,0x00000000d5cb8000,0x00000000d5d00000)
  to   space 512K, 0% used [0x00000000d5d00000,0x00000000d5d00000,0x00000000d5d80000)
 ParOldGen       total 169472K, used 169265K [0x0000000080000000, 0x000000008a580000, 0x00000000d5580000)
  object space 169472K, 99% used [0x0000000080000000,0x000000008a54c628,0x000000008a580000)
 Metaspace       used 86361K, committed 88128K, reserved 1179648K
  class space    used 10981K, committed 11776K, reserved 1048576K
}
Event: 300.962 GC heap before
{Heap before GC invocations=207 (full 3):
 PSYoungGen      total 5120K, used 4832K [0x00000000d5580000, 0x00000000d5d80000, 0x0000000100000000)
  eden space 4608K, 100% used [0x00000000d5580000,0x00000000d5a00000,0x00000000d5a00000)
  from space 512K, 43% used [0x00000000d5c80000,0x00000000d5cb8000,0x00000000d5d00000)
  to   space 512K, 0% used [0x00000000d5d00000,0x00000000d5d00000,0x00000000d5d80000)
 ParOldGen       total 169472K, used 169265K [0x0000000080000000, 0x000000008a580000, 0x00000000d5580000)
  object space 169472K, 99% used [0x0000000080000000,0x000000008a54c628,0x000000008a580000)
 Metaspace       used 86382K, committed 88128K, reserved 1179648K
  class space    used 10982K, committed 11776K, reserved 1048576K
}
Event: 300.965 GC heap after
{Heap after GC invocations=207 (full 3):
 PSYoungGen      total 5120K, used 448K [0x00000000d5580000, 0x00000000d5d80000, 0x0000000100000000)
  eden space 4608K, 0% used [0x00000000d5580000,0x00000000d5580000,0x00000000d5a00000)
  from space 512K, 87% used [0x00000000d5d00000,0x00000000d5d70000,0x00000000d5d80000)
  to   space 512K, 0% used [0x00000000d5c80000,0x00000000d5c80000,0x00000000d5d00000)
 ParOldGen       total 169472K, used 169345K [0x0000000080000000, 0x000000008a580000, 0x00000000d5580000)
  object space 169472K, 99% used [0x0000000080000000,0x000000008a560628,0x000000008a580000)
 Metaspace       used 86382K, committed 88128K, reserved 1179648K
  class space    used 10982K, committed 11776K, reserved 1048576K
}
Event: 321.455 GC heap before
{Heap before GC invocations=208 (full 3):
 PSYoungGen      total 5120K, used 5055K [0x00000000d5580000, 0x00000000d5d80000, 0x0000000100000000)
  eden space 4608K, 99% used [0x00000000d5580000,0x00000000d59ffec0,0x00000000d5a00000)
  from space 512K, 87% used [0x00000000d5d00000,0x00000000d5d70000,0x00000000d5d80000)
  to   space 512K, 0% used [0x00000000d5c80000,0x00000000d5c80000,0x00000000d5d00000)
 ParOldGen       total 169472K, used 169345K [0x0000000080000000, 0x000000008a580000, 0x00000000d5580000)
  object space 169472K, 99% used [0x0000000080000000,0x000000008a560628,0x000000008a580000)
 Metaspace       used 86616K, committed 88448K, reserved 1179648K
  class space    used 11012K, committed 11840K, reserved 1048576K
}
Event: 321.459 GC heap after
{Heap after GC invocations=208 (full 3):
 PSYoungGen      total 5120K, used 416K [0x00000000d5580000, 0x00000000d5d80000, 0x0000000100000000)
  eden space 4608K, 0% used [0x00000000d5580000,0x00000000d5580000,0x00000000d5a00000)
  from space 512K, 81% used [0x00000000d5c80000,0x00000000d5ce8000,0x00000000d5d00000)
  to   space 512K, 0% used [0x00000000d5d00000,0x00000000d5d00000,0x00000000d5d80000)
 ParOldGen       total 169472K, used 169433K [0x0000000080000000, 0x000000008a580000, 0x00000000d5580000)
  object space 169472K, 99% used [0x0000000080000000,0x000000008a576628,0x000000008a580000)
 Metaspace       used 86616K, committed 88448K, reserved 1179648K
  class space    used 11012K, committed 11840K, reserved 1048576K
}

Dll operation events (18 events):
Event: 0.011 Loaded shared library c:\Users\jibri\.antigravity\extensions\redhat.java-1.54.0-win32-x64\jre\21.0.10-win32-x86_64\bin\java.dll
Event: 0.063 Loaded shared library c:\Users\jibri\.antigravity\extensions\redhat.java-1.54.0-win32-x64\jre\21.0.10-win32-x86_64\bin\zip.dll
Event: 0.078 Loaded shared library C:\Users\jibri\.antigravity\extensions\redhat.java-1.54.0-win32-x64\jre\21.0.10-win32-x86_64\bin\instrument.dll
Event: 0.084 Loaded shared library C:\Users\jibri\.antigravity\extensions\redhat.java-1.54.0-win32-x64\jre\21.0.10-win32-x86_64\bin\net.dll
Event: 0.086 Loaded shared library C:\Users\jibri\.antigravity\extensions\redhat.java-1.54.0-win32-x64\jre\21.0.10-win32-x86_64\bin\nio.dll
Event: 0.090 Loaded shared library C:\Users\jibri\.antigravity\extensions\redhat.java-1.54.0-win32-x64\jre\21.0.10-win32-x86_64\bin\zip.dll
Event: 0.109 Loaded shared library C:\Users\jibri\.antigravity\extensions\redhat.java-1.54.0-win32-x64\jre\21.0.10-win32-x86_64\bin\jimage.dll
Event: 0.199 Loaded shared library c:\Users\jibri\.antigravity\extensions\redhat.java-1.54.0-win32-x64\jre\21.0.10-win32-x86_64\bin\verify.dll
Event: 8.191 Loaded shared library C:\Users\jibri\AppData\Roaming\Antigravity\User\globalStorage\redhat.java\1.54.0\config_win\org.eclipse.equinox.launcher\org.eclipse.equinox.launcher.win32.win32.x86_64_1.3.0.v20260203-2149\eclipse_11919.dll
Event: 17.864 Loaded shared library C:\Users\jibri\AppData\Local\Temp\jna-101119098\jna9993481118950465287.dll
Event: 19.243 Loaded shared library C:\Users\jibri\.antigravity\extensions\redhat.java-1.54.0-win32-x64\jre\21.0.10-win32-x86_64\bin\management.dll
Event: 19.297 Loaded shared library C:\Users\jibri\.antigravity\extensions\redhat.java-1.54.0-win32-x64\jre\21.0.10-win32-x86_64\bin\management_ext.dll
Event: 35.200 Loaded shared library C:\Users\jibri\.gradle\native\1def1411415f61bf3af743bc5b6707747c0891f09f0c88961ee8f79bc544acac\windows-amd64\native-platform.dll
Event: 46.039 Loaded shared library C:\Users\jibri\.antigravity\extensions\redhat.java-1.54.0-win32-x64\jre\21.0.10-win32-x86_64\bin\sunmscapi.dll
Event: 46.145 Loaded shared library C:\Users\jibri\.antigravity\extensions\redhat.java-1.54.0-win32-x64\jre\21.0.10-win32-x86_64\bin\extnet.dll
Event: 137.325 Loaded shared library C:\Users\jibri\.gradle\native\c067742578af261105cb4f569cf0c3c89f3d7b1fecec35dd04571415982c5e48\windows-amd64\native-platform.dll
Event: 233.121 Loaded shared library C:\Users\jibri\.gradle\native\29\windows-amd64\native-platform.dll
Event: 272.372 Loaded shared library C:\Users\jibri\.gradle\native\e1d6ef7f7dcc3fd88c89a11ec53ec762bb8ba0a96d01ffa2cd45eb1d1d8dd5c5\windows-amd64\native-platform.dll

Deoptimization events (20 events):
Event: 321.510 Thread 0x000002b2d87aad20 Uncommon trap: trap_request=0xffffffde fr.pc=0x000002b288204138 relative=0x0000000000000898
Event: 321.510 Thread 0x000002b2d87aad20 Uncommon trap: reason=class_check action=maybe_recompile pc=0x000002b288204138 method=java.io.DataOutputStream.write([BII)V @ 7 c2
Event: 321.510 Thread 0x000002b2d87aad20 DEOPT PACKING pc=0x000002b288204138 sp=0x000000f2d5efe960
Event: 321.510 Thread 0x000002b2d87aad20 DEOPT UNPACKING pc=0x000002b2874a3aa2 sp=0x000000f2d5efe880 mode 2
Event: 321.531 Thread 0x000002b2d87aad20 Uncommon trap: trap_request=0x00000087 fr.pc=0x000002b2883c3b30 relative=0x00000000000003b0
Event: 321.531 Thread 0x000002b2d87aad20 Uncommon trap: reason=unloaded action=reinterpret pc=0x000002b2883c3b30 method=org.eclipse.core.internal.resources.MarkerWriter.snap(Lorg/eclipse/core/internal/resources/ResourceInfo;Lorg/eclipse/core/internal/watson/IPathRequestor;Ljava/io/DataOutputStre
Event: 321.531 Thread 0x000002b2d87aad20 DEOPT PACKING pc=0x000002b2883c3b30 sp=0x000000f2d5efec90
Event: 321.531 Thread 0x000002b2d87aad20 DEOPT UNPACKING pc=0x000002b2874a3aa2 sp=0x000000f2d5efeb08 mode 2
Event: 321.533 Thread 0x000002b2d87aad20 Uncommon trap: trap_request=0x00000087 fr.pc=0x000002b2883c660c relative=0x00000000000001cc
Event: 321.533 Thread 0x000002b2d87aad20 Uncommon trap: reason=unloaded action=reinterpret pc=0x000002b2883c660c method=org.eclipse.core.internal.resources.MarkerWriter.snap(Lorg/eclipse/core/internal/resources/ResourceInfo;Lorg/eclipse/core/internal/watson/IPathRequestor;Ljava/io/DataOutputStre
Event: 321.533 Thread 0x000002b2d87aad20 DEOPT PACKING pc=0x000002b2883c660c sp=0x000000f2d5efeb90
Event: 321.533 Thread 0x000002b2d87aad20 DEOPT UNPACKING pc=0x000002b2874a3aa2 sp=0x000000f2d5efeb20 mode 2
Event: 527.433 Thread 0x000002b2d95bbba0 Uncommon trap: trap_request=0xffffff45 fr.pc=0x000002b2883c0810 relative=0x00000000000002d0
Event: 527.434 Thread 0x000002b2d95bbba0 Uncommon trap: reason=unstable_if action=reinterpret pc=0x000002b2883c0810 method=org.eclipse.core.runtime.Path.equals(Ljava/lang/Object;)Z @ 120 c2
Event: 527.434 Thread 0x000002b2d95bbba0 DEOPT PACKING pc=0x000002b2883c0810 sp=0x000000f2d76ff020
Event: 527.434 Thread 0x000002b2d95bbba0 DEOPT UNPACKING pc=0x000002b2874a3aa2 sp=0x000000f2d76fefb0 mode 2
Event: 1218.608 Thread 0x000002b2d87aad20 Uncommon trap: trap_request=0xffffff45 fr.pc=0x000002b2883bdaf0 relative=0x0000000000000110
Event: 1218.609 Thread 0x000002b2d87aad20 Uncommon trap: reason=unstable_if action=reinterpret pc=0x000002b2883bdaf0 method=org.eclipse.core.internal.dtree.DataTreeNode.storeStrings(Lorg/eclipse/core/internal/utils/StringPool;)V @ 14 c2
Event: 1218.609 Thread 0x000002b2d87aad20 DEOPT PACKING pc=0x000002b2883bdaf0 sp=0x000000f2d5efee90
Event: 1218.610 Thread 0x000002b2d87aad20 DEOPT UNPACKING pc=0x000002b2874a3aa2 sp=0x000000f2d5efee28 mode 2

Classes loaded (20 events):
Event: 321.367 Loading class java/util/stream/Nodes$CollectorTask$OfRef
Event: 321.369 Loading class java/util/stream/Nodes$CollectorTask
Event: 321.373 Loading class java/util/stream/Nodes$CollectorTask done
Event: 321.373 Loading class java/util/stream/Nodes$CollectorTask$OfRef done
Event: 321.374 Loading class java/util/function/LongFunction
Event: 321.374 Loading class java/util/function/LongFunction done
Event: 321.376 Loading class java/util/stream/Nodes$ConcNode
Event: 321.377 Loading class java/util/stream/Nodes$AbstractConcNode
Event: 321.378 Loading class java/util/stream/Nodes$AbstractConcNode done
Event: 321.378 Loading class java/util/stream/Nodes$ConcNode done
Event: 321.445 Loading class java/util/stream/Nodes$ToArrayTask$OfRef
Event: 321.446 Loading class java/util/stream/Nodes$ToArrayTask
Event: 321.447 Loading class java/util/stream/Nodes$ToArrayTask done
Event: 321.447 Loading class java/util/stream/Nodes$ToArrayTask$OfRef done
Event: 321.453 Loading class java/io/ObjectOutputStream$BlockDataOutputStream
Event: 321.454 Loading class java/io/ObjectOutputStream$BlockDataOutputStream done
Event: 321.454 Loading class java/io/ObjectOutputStream$HandleTable
Event: 321.459 Loading class java/io/ObjectOutputStream$HandleTable done
Event: 321.459 Loading class java/io/ObjectOutputStream$ReplaceTable
Event: 321.460 Loading class java/io/ObjectOutputStream$ReplaceTable done

Classes unloaded (7 events):
Event: 18.691 Thread 0x000002b2f7ad2870 Unloading class 0x000002b2901a8c00 'java/lang/invoke/LambdaForm$MH+0x000002b2901a8c00'
Event: 18.691 Thread 0x000002b2f7ad2870 Unloading class 0x000002b2901a8800 'java/lang/invoke/LambdaForm$MH+0x000002b2901a8800'
Event: 18.691 Thread 0x000002b2f7ad2870 Unloading class 0x000002b2901a8400 'java/lang/invoke/LambdaForm$MH+0x000002b2901a8400'
Event: 18.691 Thread 0x000002b2f7ad2870 Unloading class 0x000002b2901a8000 'java/lang/invoke/LambdaForm$MH+0x000002b2901a8000'
Event: 18.691 Thread 0x000002b2f7ad2870 Unloading class 0x000002b2901a7c00 'java/lang/invoke/LambdaForm$BMH+0x000002b2901a7c00'
Event: 18.691 Thread 0x000002b2f7ad2870 Unloading class 0x000002b2901a7800 'java/lang/invoke/LambdaForm$DMH+0x000002b2901a7800'
Event: 18.691 Thread 0x000002b2f7ad2870 Unloading class 0x000002b2901a6400 'java/lang/invoke/LambdaForm$DMH+0x000002b2901a6400'

Classes redefined (0 events):
No events

Internal exceptions (20 events):
Event: 321.433 Thread 0x000002b2d87aad20 Exception <a 'sun/nio/fs/WindowsException'{0x00000000d5979378}> (0x00000000d5979378) 
thrown [s\src\hotspot\share\prims\jni.cpp, line 520]
Event: 321.433 Thread 0x000002b2d87aad20 Exception <a 'sun/nio/fs/WindowsException'{0x00000000d5979ea0}> (0x00000000d5979ea0) 
thrown [s\src\hotspot\share\prims\jni.cpp, line 520]
Event: 321.433 Thread 0x000002b2d87aad20 Exception <a 'sun/nio/fs/WindowsException'{0x00000000d597b880}> (0x00000000d597b880) 
thrown [s\src\hotspot\share\prims\jni.cpp, line 520]
Event: 321.433 Thread 0x000002b2d87aad20 Exception <a 'sun/nio/fs/WindowsException'{0x00000000d597c3a8}> (0x00000000d597c3a8) 
thrown [s\src\hotspot\share\prims\jni.cpp, line 520]
Event: 321.434 Thread 0x000002b2d87aad20 Exception <a 'sun/nio/fs/WindowsException'{0x00000000d597e000}> (0x00000000d597e000) 
thrown [s\src\hotspot\share\prims\jni.cpp, line 520]
Event: 321.434 Thread 0x000002b2d87aad20 Exception <a 'sun/nio/fs/WindowsException'{0x00000000d597eb28}> (0x00000000d597eb28) 
thrown [s\src\hotspot\share\prims\jni.cpp, line 520]
Event: 321.434 Thread 0x000002b2d87aad20 Exception <a 'sun/nio/fs/WindowsException'{0x00000000d5980508}> (0x00000000d5980508) 
thrown [s\src\hotspot\share\prims\jni.cpp, line 520]
Event: 321.434 Thread 0x000002b2d87aad20 Exception <a 'sun/nio/fs/WindowsException'{0x00000000d5981030}> (0x00000000d5981030) 
thrown [s\src\hotspot\share\prims\jni.cpp, line 520]
Event: 321.434 Thread 0x000002b2d87aad20 Exception <a 'sun/nio/fs/WindowsException'{0x00000000d5982c88}> (0x00000000d5982c88) 
thrown [s\src\hotspot\share\prims\jni.cpp, line 520]
Event: 321.434 Thread 0x000002b2d87aad20 Exception <a 'sun/nio/fs/WindowsException'{0x00000000d59837b0}> (0x00000000d59837b0) 
thrown [s\src\hotspot\share\prims\jni.cpp, line 520]
Event: 321.434 Thread 0x000002b2d87aad20 Exception <a 'sun/nio/fs/WindowsException'{0x00000000d5985190}> (0x00000000d5985190) 
thrown [s\src\hotspot\share\prims\jni.cpp, line 520]
Event: 321.434 Thread 0x000002b2d87aad20 Exception <a 'sun/nio/fs/WindowsException'{0x00000000d5985cb8}> (0x00000000d5985cb8) 
thrown [s\src\hotspot\share\prims\jni.cpp, line 520]
Event: 321.435 Thread 0x000002b2d87aad20 Exception <a 'sun/nio/fs/WindowsException'{0x00000000d5987848}> (0x00000000d5987848) 
thrown [s\src\hotspot\share\prims\jni.cpp, line 520]
Event: 321.435 Thread 0x000002b2d87aad20 Exception <a 'sun/nio/fs/WindowsException'{0x00000000d5988368}> (0x00000000d5988368) 
thrown [s\src\hotspot\share\prims\jni.cpp, line 520]
Event: 321.435 Thread 0x000002b2d87aad20 Exception <a 'sun/nio/fs/WindowsException'{0x00000000d598bd28}> (0x00000000d598bd28) 
thrown [s\src\hotspot\share\prims\jni.cpp, line 520]
Event: 321.435 Thread 0x000002b2d87aad20 Exception <a 'sun/nio/fs/WindowsException'{0x00000000d598c858}> (0x00000000d598c858) 
thrown [s\src\hotspot\share\prims\jni.cpp, line 520]
Event: 321.436 Thread 0x000002b2d87aad20 Exception <a 'sun/nio/fs/WindowsException'{0x00000000d598e6d0}> (0x00000000d598e6d0) 
thrown [s\src\hotspot\share\prims\jni.cpp, line 520]
Event: 321.436 Thread 0x000002b2d87aad20 Exception <a 'sun/nio/fs/WindowsException'{0x00000000d598f1f0}> (0x00000000d598f1f0) 
thrown [s\src\hotspot\share\prims\jni.cpp, line 520]
Event: 321.439 Thread 0x000002b2d87aad20 Implicit null exception at 0x000002b28818b083 to 0x000002b28818b328
Event: 321.486 Thread 0x000002b2d87aad20 Exception <a 'java/lang/NoSuchMethodError'{0x00000000d55b84a8}: 'java.lang.Object java.lang.invoke.DirectMethodHandle$Holder.newInvokeSpecial(java.lang.Object, java.lang.Object, java.lang.Object, java.lang.Object, java.lang.Object, java.lang.Object, java.lang.Object, java.lang.Object)'> (0x00000000d55b84a8) 
thrown [s\src\hotspot\share\interpreter\linkResolver.cpp, line 773]

ZGC Phase Switch (0 events):
No events

VM Operations (20 events):
Event: 2104.675 Executing non-safepoint VM operation: RendezvousGCThreads
Event: 2104.675 Executing non-safepoint VM operation: RendezvousGCThreads done
Event: 2118.683 Executing safepoint VM operation: Cleanup
Event: 2118.683 Executing safepoint VM operation: Cleanup done
Event: 2164.691 Executing non-safepoint VM operation: HandshakeAllThreads (HandshakeForDeflation)
Event: 2164.694 Executing non-safepoint VM operation: HandshakeAllThreads (HandshakeForDeflation) done
Event: 2164.694 Executing non-safepoint VM operation: RendezvousGCThreads
Event: 2164.694 Executing non-safepoint VM operation: RendezvousGCThreads done
Event: 2224.842 Executing non-safepoint VM operation: HandshakeAllThreads (HandshakeForDeflation)
Event: 2224.844 Executing non-safepoint VM operation: HandshakeAllThreads (HandshakeForDeflation) done
Event: 2224.844 Executing non-safepoint VM operation: RendezvousGCThreads
Event: 2224.844 Executing non-safepoint VM operation: RendezvousGCThreads done
Event: 2284.968 Executing non-safepoint VM operation: HandshakeAllThreads (HandshakeForDeflation)
Event: 2284.978 Executing non-safepoint VM operation: HandshakeAllThreads (HandshakeForDeflation) done
Event: 2284.979 Executing non-safepoint VM operation: RendezvousGCThreads
Event: 2284.979 Executing non-safepoint VM operation: RendezvousGCThreads done
Event: 2345.174 Executing non-safepoint VM operation: HandshakeAllThreads (HandshakeForDeflation)
Event: 2345.177 Executing non-safepoint VM operation: HandshakeAllThreads (HandshakeForDeflation) done
Event: 2345.177 Executing non-safepoint VM operation: RendezvousGCThreads
Event: 2345.177 Executing non-safepoint VM operation: RendezvousGCThreads done

Memory protections (0 events):
No events

Nmethod flushes (20 events):
Event: 45.882 Thread 0x000002b2f7ad2870 flushing  nmethod 0x000002b280a4d790
Event: 45.882 Thread 0x000002b2f7ad2870 flushing  nmethod 0x000002b280a56b90
Event: 45.882 Thread 0x000002b2f7ad2870 flushing  nmethod 0x000002b280a5a010
Event: 45.882 Thread 0x000002b2f7ad2870 flushing  nmethod 0x000002b280a76690
Event: 45.882 Thread 0x000002b2f7ad2870 flushing  nmethod 0x000002b280a77910
Event: 45.882 Thread 0x000002b2f7ad2870 flushing  nmethod 0x000002b280a77d10
Event: 45.882 Thread 0x000002b2f7ad2870 flushing  nmethod 0x000002b280a78a10
Event: 45.882 Thread 0x000002b2f7ad2870 flushing  nmethod 0x000002b280a7a490
Event: 45.882 Thread 0x000002b2f7ad2870 flushing  nmethod 0x000002b280a7c290
Event: 45.882 Thread 0x000002b2f7ad2870 flushing osr nmethod 0x000002b280a7d990
Event: 45.882 Thread 0x000002b2f7ad2870 flushing  nmethod 0x000002b280a82a90
Event: 45.882 Thread 0x000002b2f7ad2870 flushing  nmethod 0x000002b280a84390
Event: 45.882 Thread 0x000002b2f7ad2870 flushing  nmethod 0x000002b280a85e90
Event: 45.882 Thread 0x000002b2f7ad2870 flushing  nmethod 0x000002b280a8dc10
Event: 45.882 Thread 0x000002b2f7ad2870 flushing  nmethod 0x000002b280a8df90
Event: 45.882 Thread 0x000002b2f7ad2870 flushing  nmethod 0x000002b280a8eb10
Event: 45.882 Thread 0x000002b2f7ad2870 flushing  nmethod 0x000002b280a8f090
Event: 45.882 Thread 0x000002b2f7ad2870 flushing  nmethod 0x000002b280a91e90
Event: 45.882 Thread 0x000002b2f7ad2870 flushing  nmethod 0x000002b280a9d390
Event: 45.882 Thread 0x000002b2f7ad2870 flushing  nmethod 0x000002b280aab790

Events (20 events):
Event: 321.447 Thread 0x000002b2d9542ec0 Thread exited: 0x000002b2d9542ec0
Event: 321.448 Thread 0x000002b2d9546340 Thread exited: 0x000002b2d9546340
Event: 321.448 Thread 0x000002b2d9544900 Thread exited: 0x000002b2d9544900
Event: 321.448 Thread 0x000002b2d95469d0 Thread exited: 0x000002b2d95469d0
Event: 347.259 Thread 0x000002b2d95be990 Thread exited: 0x000002b2d95be990
Event: 381.811 Thread 0x000002b2d87aba40 Thread exited: 0x000002b2d87aba40
Event: 407.261 Thread 0x000002b2d9c843b0 Thread exited: 0x000002b2d9c843b0
Event: 467.261 Thread 0x000002b2d9c815c0 Thread exited: 0x000002b2d9c815c0
Event: 527.271 Thread 0x000002b2d87ab3b0 Thread exited: 0x000002b2d87ab3b0
Event: 587.277 Thread 0x000002b2d9540df0 Thread exited: 0x000002b2d9540df0
Event: 647.280 Thread 0x000002b2d9c84a40 Thread exited: 0x000002b2d9c84a40
Event: 707.279 Thread 0x000002b2d9541480 Thread exited: 0x000002b2d9541480
Event: 767.283 Thread 0x000002b2d9c81c50 Thread exited: 0x000002b2d9c81c50
Event: 827.286 Thread 0x000002b2d95bc8c0 Thread exited: 0x000002b2d95bc8c0
Event: 887.287 Thread 0x000002b2d95421a0 Thread exited: 0x000002b2d95421a0
Event: 947.289 Thread 0x000002b2d95bf020 Thread exited: 0x000002b2d95bf020
Event: 1007.291 Thread 0x000002b2d9c83000 Thread exited: 0x000002b2d9c83000
Event: 1067.294 Thread 0x000002b2d9c82970 Thread exited: 0x000002b2d9c82970
Event: 1127.295 Thread 0x000002b2d9c822e0 Thread exited: 0x000002b2d9c822e0
Event: 1187.305 Thread 0x000002b2d9c83d20 Thread exited: 0x000002b2d9c83d20


Dynamic libraries:
0x00007ff6bcdd0000 - 0x00007ff6bcdde000 	c:\Users\jibri\.antigravity\extensions\redhat.java-1.54.0-win32-x64\jre\21.0.10-win32-x86_64\bin\java.exe
0x00007ffdb3c40000 - 0x00007ffdb3ea7000 	C:\WINDOWS\SYSTEM32\ntdll.dll
0x00007ffdb37d0000 - 0x00007ffdb3899000 	C:\WINDOWS\System32\KERNEL32.DLL
0x00007ffdb0710000 - 0x00007ffdb0b04000 	C:\WINDOWS\System32\KERNELBASE.dll
0x00007ffdb05c0000 - 0x00007ffdb070b000 	C:\WINDOWS\System32\ucrtbase.dll
0x00007ffd94450000 - 0x00007ffd94468000 	c:\Users\jibri\.antigravity\extensions\redhat.java-1.54.0-win32-x64\jre\21.0.10-win32-x86_64\bin\jli.dll
0x00007ffdb1a10000 - 0x00007ffdb1bd5000 	C:\WINDOWS\System32\USER32.dll
0x00007ffdb0de0000 - 0x00007ffdb0e07000 	C:\WINDOWS\System32\win32u.dll
0x00007ffdb19d0000 - 0x00007ffdb19fb000 	C:\WINDOWS\System32\GDI32.dll
0x00007ffdb17f0000 - 0x00007ffdb191b000 	C:\WINDOWS\System32\gdi32full.dll
0x00007ffdb1920000 - 0x00007ffdb19c3000 	C:\WINDOWS\System32\msvcp_win.dll
0x00007ffd7c440000 - 0x00007ffd7c45e000 	c:\Users\jibri\.antigravity\extensions\redhat.java-1.54.0-win32-x64\jre\21.0.10-win32-x86_64\bin\VCRUNTIME140.dll
0x00007ffd8dd30000 - 0x00007ffd8dfc3000 	C:\WINDOWS\WinSxS\amd64_microsoft.windows.common-controls_6595b64144ccf1df_6.0.26100.8115_none_3e075c82e3354f9c\COMCTL32.dll
0x00007ffdb1f50000 - 0x00007ffdb1ff9000 	C:\WINDOWS\System32\msvcrt.dll
0x00007ffdb3aa0000 - 0x00007ffdb3ad2000 	C:\WINDOWS\System32\IMM32.DLL
0x00007ffd957f0000 - 0x00007ffd957fc000 	c:\Users\jibri\.antigravity\extensions\redhat.java-1.54.0-win32-x64\jre\21.0.10-win32-x86_64\bin\vcruntime140_1.dll
0x00007ffd56720000 - 0x00007ffd567ad000 	c:\Users\jibri\.antigravity\extensions\redhat.java-1.54.0-win32-x64\jre\21.0.10-win32-x86_64\bin\msvcp140.dll
0x00007ffcfb7f0000 - 0x00007ffcfc591000 	c:\Users\jibri\.antigravity\extensions\redhat.java-1.54.0-win32-x64\jre\21.0.10-win32-x86_64\bin\server\jvm.dll
0x00007ffdb33b0000 - 0x00007ffdb3466000 	C:\WINDOWS\System32\ADVAPI32.dll
0x00007ffdb32e0000 - 0x00007ffdb3387000 	C:\WINDOWS\System32\sechost.dll
0x00007ffdb3ae0000 - 0x00007ffdb3bf8000 	C:\WINDOWS\System32\RPCRT4.dll
0x00007ffdb3620000 - 0x00007ffdb36a0000 	C:\WINDOWS\System32\WS2_32.dll
0x00007ffdb0370000 - 0x00007ffdb03ce000 	C:\WINDOWS\SYSTEM32\POWRPROF.dll
0x00007ffda4800000 - 0x00007ffda4836000 	C:\WINDOWS\SYSTEM32\WINMM.dll
0x00007ffdaa090000 - 0x00007ffdaa09b000 	C:\WINDOWS\SYSTEM32\VERSION.dll
0x00007ffdb0350000 - 0x00007ffdb0364000 	C:\WINDOWS\SYSTEM32\UMPDC.dll
0x00007ffdaf1d0000 - 0x00007ffdaf1eb000 	C:\WINDOWS\SYSTEM32\kernel.appcore.dll
0x00007ffd94440000 - 0x00007ffd9444a000 	c:\Users\jibri\.antigravity\extensions\redhat.java-1.54.0-win32-x64\jre\21.0.10-win32-x86_64\bin\jimage.dll
0x00007ffdae4c0000 - 0x00007ffdae702000 	C:\WINDOWS\SYSTEM32\DBGHELP.DLL
0x00007ffdb2ec0000 - 0x00007ffdb3242000 	C:\WINDOWS\System32\combase.dll
0x00007ffdb2dd0000 - 0x00007ffdb2ea8000 	C:\WINDOWS\System32\OLEAUT32.dll
0x00007ffd8a120000 - 0x00007ffd8a15b000 	C:\WINDOWS\SYSTEM32\dbgcore.DLL
0x00007ffdb0510000 - 0x00007ffdb05b5000 	C:\WINDOWS\System32\bcryptPrimitives.dll
0x00007ffd8e170000 - 0x00007ffd8e17f000 	c:\Users\jibri\.antigravity\extensions\redhat.java-1.54.0-win32-x64\jre\21.0.10-win32-x86_64\bin\instrument.dll
0x00007ffd7c420000 - 0x00007ffd7c440000 	c:\Users\jibri\.antigravity\extensions\redhat.java-1.54.0-win32-x64\jre\21.0.10-win32-x86_64\bin\java.dll
0x00007ffdb2490000 - 0x00007ffdb2bf7000 	C:\WINDOWS\System32\SHELL32.dll
0x00007ffdb0e10000 - 0x00007ffdb0f7a000 	C:\WINDOWS\System32\wintypes.dll
0x00007ffdb0f80000 - 0x00007ffdb17e8000 	C:\WINDOWS\System32\windows.storage.dll
0x00007ffdb1dd0000 - 0x00007ffdb1ec8000 	C:\WINDOWS\System32\SHCORE.dll
0x00007ffdb2d60000 - 0x00007ffdb2dc6000 	C:\WINDOWS\System32\shlwapi.dll
0x00007ffdb0430000 - 0x00007ffdb0459000 	C:\WINDOWS\SYSTEM32\profapi.dll
0x00007ffd7c2d0000 - 0x00007ffd7c2e8000 	c:\Users\jibri\.antigravity\extensions\redhat.java-1.54.0-win32-x64\jre\21.0.10-win32-x86_64\bin\zip.dll
0x00007ffd83160000 - 0x00007ffd83170000 	C:\Users\jibri\.antigravity\extensions\redhat.java-1.54.0-win32-x64\jre\21.0.10-win32-x86_64\bin\net.dll
0x00007ffda9390000 - 0x00007ffda94bd000 	C:\WINDOWS\SYSTEM32\WINHTTP.dll
0x00007ffdaf7f0000 - 0x00007ffdaf85c000 	C:\WINDOWS\system32\mswsock.dll
0x00007ffd7c2b0000 - 0x00007ffd7c2c6000 	C:\Users\jibri\.antigravity\extensions\redhat.java-1.54.0-win32-x64\jre\21.0.10-win32-x86_64\bin\nio.dll
0x00007ffd7b620000 - 0x00007ffd7b630000 	c:\Users\jibri\.antigravity\extensions\redhat.java-1.54.0-win32-x64\jre\21.0.10-win32-x86_64\bin\verify.dll
0x00007ffdaba70000 - 0x00007ffdabab5000 	C:\Users\jibri\AppData\Roaming\Antigravity\User\globalStorage\redhat.java\1.54.0\config_win\org.eclipse.equinox.launcher\org.eclipse.equinox.launcher.win32.win32.x86_64_1.3.0.v20260203-2149\eclipse_11919.dll
0x00007ffdb3470000 - 0x00007ffdb3607000 	C:\WINDOWS\System32\ole32.dll
0x00007ffdafaf0000 - 0x00007ffdafb0b000 	C:\WINDOWS\SYSTEM32\CRYPTSP.dll
0x00007ffdaf1f0000 - 0x00007ffdaf229000 	C:\WINDOWS\system32\rsaenh.dll
0x00007ffdaf8c0000 - 0x00007ffdaf8f3000 	C:\WINDOWS\SYSTEM32\USERENV.dll
0x00007ffdb0400000 - 0x00007ffdb042a000 	C:\WINDOWS\SYSTEM32\bcrypt.dll
0x00007ffdafb10000 - 0x00007ffdafb1c000 	C:\WINDOWS\SYSTEM32\CRYPTBASE.dll
0x00007ffdaec40000 - 0x00007ffdaec72000 	C:\WINDOWS\SYSTEM32\IPHLPAPI.DLL
0x00007ffdb2eb0000 - 0x00007ffdb2eba000 	C:\WINDOWS\System32\NSI.dll
0x00007ffdab9d0000 - 0x00007ffdaba19000 	C:\Users\jibri\AppData\Local\Temp\jna-101119098\jna9993481118950465287.dll
0x00007ffdb1a00000 - 0x00007ffdb1a08000 	C:\WINDOWS\System32\PSAPI.DLL
0x00007ffdab9b0000 - 0x00007ffdab9ba000 	C:\Users\jibri\.antigravity\extensions\redhat.java-1.54.0-win32-x64\jre\21.0.10-win32-x86_64\bin\management.dll
0x00007ffdaa060000 - 0x00007ffdaa06c000 	C:\Users\jibri\.antigravity\extensions\redhat.java-1.54.0-win32-x64\jre\21.0.10-win32-x86_64\bin\management_ext.dll
0x00007ffda91f0000 - 0x00007ffda920d000 	C:\WINDOWS\SYSTEM32\dhcpcsvc6.DLL
0x00007ffda91c0000 - 0x00007ffda91e5000 	C:\WINDOWS\SYSTEM32\dhcpcsvc.DLL
0x00007ffd89f80000 - 0x00007ffd89fa7000 	C:\Users\jibri\.gradle\native\1def1411415f61bf3af743bc5b6707747c0891f09f0c88961ee8f79bc544acac\windows-amd64\native-platform.dll
0x00007ffd7b610000 - 0x00007ffd7b61e000 	C:\Users\jibri\.antigravity\extensions\redhat.java-1.54.0-win32-x64\jre\21.0.10-win32-x86_64\bin\sunmscapi.dll
0x00007ffdb0c60000 - 0x00007ffdb0dd7000 	C:\WINDOWS\System32\CRYPT32.dll
0x00007ffdafd10000 - 0x00007ffdafd40000 	C:\WINDOWS\SYSTEM32\ncrypt.dll
0x00007ffdafcc0000 - 0x00007ffdafcff000 	C:\WINDOWS\SYSTEM32\NTASN1.dll
0x00007ffdaed30000 - 0x00007ffdaee62000 	C:\WINDOWS\SYSTEM32\DNSAPI.dll
0x00007ffda43c0000 - 0x00007ffda43cb000 	C:\Windows\System32\rasadhlp.dll
0x00007ffda55e0000 - 0x00007ffda5666000 	C:\WINDOWS\System32\fwpuclnt.dll
0x00007ffd7b210000 - 0x00007ffd7b219000 	C:\Users\jibri\.antigravity\extensions\redhat.java-1.54.0-win32-x64\jre\21.0.10-win32-x86_64\bin\extnet.dll
0x00007ffd82f70000 - 0x00007ffd82f78000 	C:\WINDOWS\system32\wshunix.dll
0x00007ffd703f0000 - 0x00007ffd70417000 	C:\Users\jibri\.gradle\native\c067742578af261105cb4f569cf0c3c89f3d7b1fecec35dd04571415982c5e48\windows-amd64\native-platform.dll
0x00007ffd7b260000 - 0x00007ffd7b286000 	C:\Users\jibri\.gradle\native\29\windows-amd64\native-platform.dll
0x00007ffd98780000 - 0x00007ffd987a7000 	C:\Users\jibri\.gradle\native\e1d6ef7f7dcc3fd88c89a11ec53ec762bb8ba0a96d01ffa2cd45eb1d1d8dd5c5\windows-amd64\native-platform.dll

JVMTI agents:
c:\Users\jibri\.antigravity\extensions\redhat.java-1.54.0-win32-x64\lombok\lombok-1.18.39-4050.jar path:c:\Users\jibri\.antigravity\extensions\redhat.java-1.54.0-win32-x64\jre\21.0.10-win32-x86_64\bin\instrument.dll, loaded, initialized, instrumentlib options:none

dbghelp: loaded successfully - version: 4.0.5 - missing functions: none
symbol engine: initialized successfully - sym options: 0x614 - pdb path: .;c:\Users\jibri\.antigravity\extensions\redhat.java-1.54.0-win32-x64\jre\21.0.10-win32-x86_64\bin;C:\WINDOWS\SYSTEM32;C:\WINDOWS\WinSxS\amd64_microsoft.windows.common-controls_6595b64144ccf1df_6.0.26100.8115_none_3e075c82e3354f9c;c:\Users\jibri\.antigravity\extensions\redhat.java-1.54.0-win32-x64\jre\21.0.10-win32-x86_64\bin\server;C:\Users\jibri\AppData\Roaming\Antigravity\User\globalStorage\redhat.java\1.54.0\config_win\org.eclipse.equinox.launcher\org.eclipse.equinox.launcher.win32.win32.x86_64_1.3.0.v20260203-2149;C:\Users\jibri\AppData\Local\Temp\jna-101119098;C:\Users\jibri\.gradle\native\1def1411415f61bf3af743bc5b6707747c0891f09f0c88961ee8f79bc544acac\windows-amd64;C:\Users\jibri\.gradle\native\c067742578af261105cb4f569cf0c3c89f3d7b1fecec35dd04571415982c5e48\windows-amd64;C:\Users\jibri\.gradle\native\29\windows-amd64;C:\Users\jibri\.gradle\native\e1d6ef7f7dcc3fd88c89a11ec53ec762bb8ba0a96d01ffa2cd45eb1d1d8dd5c5\windows-amd64

VM Arguments:
jvm_args: --add-modules=ALL-SYSTEM --add-opens=java.base/java.util=ALL-UNNAMED --add-opens=java.base/java.lang=ALL-UNNAMED --add-opens=java.base/sun.nio.fs=ALL-UNNAMED -Declipse.application=org.eclipse.jdt.ls.core.id1 -Dosgi.bundles.defaultStartLevel=4 -Declipse.product=org.eclipse.jdt.ls.core.product -Djava.import.generatesMetadataFilesAtProjectRoot=false -DDetectVMInstallationsJob.disabled=true -Dfile.encoding=utf8 -XX:+UseParallelGC -XX:GCTimeRatio=4 -XX:AdaptiveSizePolicyWeight=90 -Dsun.zip.disableMemoryMapping=true -Xmx2G -Xms100m -Xlog:disable -javaagent:c:\Users\jibri\.antigravity\extensions\redhat.java-1.54.0-win32-x64\lombok\lombok-1.18.39-4050.jar -XX:+HeapDumpOnOutOfMemoryError -XX:HeapDumpPath=c:\Users\jibri\AppData\Roaming\Antigravity\User\workspaceStorage\8b75b7c593fc459511d45e689933c160\redhat.java -Daether.dependencyCollector.impl=bf 
java_command: c:\Users\jibri\.antigravity\extensions\redhat.java-1.54.0-win32-x64\server\plugins\org.eclipse.equinox.launcher_1.7.100.v20251111-0406.jar -configuration c:\Users\jibri\AppData\Roaming\Antigravity\User\globalStorage\redhat.java\1.54.0\config_win -data c:\Users\jibri\AppData\Roaming\Antigravity\User\workspaceStorage\8b75b7c593fc459511d45e689933c160\redhat.java\jdt_ws --pipe=\\.\pipe\lsp-4c7c6254f9c99719cd05b1d98480590c-sock
java_class_path (initial): c:\Users\jibri\.antigravity\extensions\redhat.java-1.54.0-win32-x64\server\plugins\org.eclipse.equinox.launcher_1.7.100.v20251111-0406.jar
Launcher Type: SUN_STANDARD

[Global flags]
    uintx AdaptiveSizePolicyWeight                 = 90                                        {product} {command line}
     intx CICompilerCount                          = 12                                        {product} {ergonomic}
    uintx GCTimeRatio                              = 4                                         {product} {command line}
     bool HeapDumpOnOutOfMemoryError               = true                                   {manageable} {command line}
    ccstr HeapDumpPath                             = c:\Users\jibri\AppData\Roaming\Antigravity\User\workspaceStorage\8b75b7c593fc459511d45e689933c160\redhat.java         {manageable} {command line}
   size_t InitialHeapSize                          = 104857600                                 {product} {command line}
   size_t MaxHeapSize                              = 2147483648                                {product} {command line}
   size_t MaxNewSize                               = 715653120                                 {product} {ergonomic}
   size_t MinHeapDeltaBytes                        = 524288                                    {product} {ergonomic}
   size_t MinHeapSize                              = 104857600                                 {product} {command line}
   size_t NewSize                                  = 34603008                                  {product} {ergonomic}
    uintx NonNMethodCodeHeapSize                   = 7602480                                {pd product} {ergonomic}
    uintx NonProfiledCodeHeapSize                  = 122027880                              {pd product} {ergonomic}
   size_t OldSize                                  = 70254592                                  {product} {ergonomic}
    uintx ProfiledCodeHeapSize                     = 122027880                              {pd product} {ergonomic}
    uintx ReservedCodeCacheSize                    = 251658240                              {pd product} {ergonomic}
     bool SegmentedCodeCache                       = true                                      {product} {ergonomic}
   size_t SoftMaxHeapSize                          = 2147483648                             {manageable} {ergonomic}
     bool UseCompressedOops                        = true                           {product lp64_product} {ergonomic}
     bool UseLargePagesIndividualAllocation        = false                                  {pd product} {ergonomic}
     bool UseParallelGC                            = true                                      {product} {command line}

Logging:
Log output configuration:
 #0: stdout all=off uptime,level,tags foldmultilines=false
 #1: stderr all=off uptime,level,tags foldmultilines=false

Release file:
JAVA_VERSION="21.0.10" 
MODULES="java.base java.compiler java.datatransfer java.xml java.prefs java.desktop java.instrument java.logging java.management java.security.sasl java.naming java.rmi java.management.rmi java.net.http java.scripting java.security.jgss java.transaction.xa java.sql java.sql.rowset java.xml.crypto java.se java.smartcardio jdk.accessibility jdk.internal.jvmstat jdk.attach jdk.charsets jdk.internal.opt jdk.zipfs jdk.compiler jdk.crypto.ec jdk.crypto.cryptoki jdk.crypto.mscapi jdk.dynalink jdk.internal.ed jdk.editpad jdk.hotspot.agent jdk.httpserver jdk.internal.le jdk.internal.vm.ci jdk.internal.vm.compiler jdk.internal.vm.compiler.management jdk.jartool jdk.javadoc jdk.jcmd jdk.management jdk.management.agent jdk.jconsole jdk.jdeps jdk.jdwp.agent jdk.jdi jdk.jfr jdk.jshell jdk.jsobject jdk.jstatd jdk.localedata jdk.management.jfr jdk.naming.dns jdk.naming.rmi jdk.net jdk.nio.mapmode jdk.random jdk.sctp jdk.security.auth jdk.security.jgss jdk.unsupported jdk.unsupported.desktop jdk.xml.dom" 

Environment Variables:
JAVA_HOME=C:\Program Files\Java\jdk-17
PATH=C:\Program Files\Microsoft\jdk-17.0.16.8-hotspot\bin;C:\ProgramData\Oracle\Java\javapath;C:\Program Files\NVIDIA GPU Computing Toolkit\CUDA\v12.8\bin;C:\Program Files\NVIDIA GPU Computing Toolkit\CUDA\v12.8\libnvvp;C:\Program Files\Common Files\Oracle\Java\javapath;C:\PHP\phpoldversion\;C:\Windows\system32;C:\Windows;C:\Windows\System32\Wbem;C:\Windows\System32\WindowsPowerShell\v1.0\;C:\Windows\System32\OpenSSH\;C:\Program Files (x86)\NVIDIA Corporation\PhysX\Common;C:\Program Files\Microsoft SQL Server\150\Tools\Binn\;C:\Program Files\Microsoft SQL Server\Client SDK\ODBC\170\Tools\Binn\;C:\ProgramData\ComposerSetup\bin;C:\Users\jibri\.config\herd\bin\nvm;C:\Program Files\nodejs;C:\Program Files\Java\jdk-17\bin;C:\xampp\php;C:\WINDOWS\system32;C:\WINDOWS;C:\WINDOWS\System32\Wbem;C:\WINDOWS\System32\WindowsPowerShell\v1.0\;C:\WINDOWS\System32\OpenSSH\;C:\Program Files\nodejs\;C:\Program Files\Git\cmd;C:\Program Files\Git\bin;C:\Users\jibri\AppData\Local\Pub\Cache\bin;C:\Program Files\NVIDIA Corporation\NVIDIA app\NvDLISR;C:\Program Files\heroku\bin;C:\Program Files\NVIDIA Corporation\Nsight Compute 2025.1.1\;C:\ProgramData\chocolatey\bin;C:\Users\jibri\AppData\Local\Programs\Python\Python310\Scripts;C:\Program Files\dotnet\;C:\Program Files (x86)\Windows Kits\10\Windows Performance Toolkit\;C:\Users\jibri\AppData\Local\Android\Sdk\platform-tools;C:\Program Files\Docker\Docker\resources\bin;C:\Program Files\MySQL\MySQL Shell 8.0\bin\;C:\Users\jibri\AppData\Local\Programs\Python\Python310\Scripts\;C:\Users\jibri\AppData\Local\Programs\Python\Python310\;C:\Users\jibri\.config\herd\bin;C:\Users\jibri\AppData\Local\Microsoft\WindowsApps;C:\Users\jibri\AppData\Local\Programs\Microsoft VS Code\bin;C:\Users\jibri\AppData\Roaming\Composer\vendor\bin;C:\flutter\flutter\bin;C:\Users\jibri\AppData\Roaming\npm;C:\Program Files\Git;C:\Users\jibri\AppData\Local\Pub\Cache\bin;C:\Program Files\heroku\bin;C:\Users\jibri\.dotnet\tools;C:\AppServ\Apache24\bin;C:\AppServ\php7;C:\AppServ\MySQL\bin;C:\Users\jibri\AppData\Local\Android\Sdk\build-tools;C:\ProgramData\chocolatey\bin;C:\Program Files\nodejs\;C:\Users\jibri\AppData\Local\Programs\cursor\resources\app\bin;C:\Users\jibri\AppData\Local\Programs\Antigravity\bin
USERNAME=jibri
OS=Windows_NT
PROCESSOR_IDENTIFIER=Intel64 Family 6 Model 191 Stepping 2, GenuineIntel
TMP=C:\Users\jibri\AppData\Local\Temp
TEMP=C:\Users\jibri\AppData\Local\Temp




Periodic native trim disabled

---------------  S Y S T E M  ---------------

OS:
 Windows 11 , 64 bit Build 26100 (10.0.26100.8246)
OS uptime: 0 days 0:49 hours
Hyper-V role detected

CPU: total 20 (initial active 20) (10 cores per cpu, 2 threads per core) family 6 model 191 stepping 2 microcode 0x2c, cx8, cmov, fxsr, ht, mmx, 3dnowpref, sse, sse2, sse3, ssse3, sse4.1, sse4.2, popcnt, lzcnt, tsc, tscinvbit, avx, avx2, aes, erms, clmul, bmi1, bmi2, adx, sha, fma, vzeroupper, clflush, clflushopt, clwb, hv, serialize, rdtscp, rdpid, fsrm, f16c, cet_ibt, cet_ss
Processor Information for processor 0
  Max Mhz: 2500, Current Mhz: 2500, Mhz Limit: 2500
Processor Information for processor 1
  Max Mhz: 2500, Current Mhz: 2500, Mhz Limit: 2500
Processor Information for processor 2
  Max Mhz: 2500, Current Mhz: 2500, Mhz Limit: 2500
Processor Information for processor 3
  Max Mhz: 2500, Current Mhz: 2500, Mhz Limit: 2500
Processor Information for processor 4
  Max Mhz: 2500, Current Mhz: 2500, Mhz Limit: 2500
Processor Information for processor 5
  Max Mhz: 2500, Current Mhz: 2500, Mhz Limit: 2500
Processor Information for processor 6
  Max Mhz: 2500, Current Mhz: 2500, Mhz Limit: 2500
Processor Information for processor 7
  Max Mhz: 2500, Current Mhz: 2500, Mhz Limit: 2500
Processor Information for processor 8
  Max Mhz: 2500, Current Mhz: 2500, Mhz Limit: 2500
Processor Information for processor 9
  Max Mhz: 2500, Current Mhz: 2500, Mhz Limit: 2500
Processor Information for processor 10
  Max Mhz: 2500, Current Mhz: 2500, Mhz Limit: 2500
Processor Information for processor 11
  Max Mhz: 2500, Current Mhz: 2500, Mhz Limit: 2500
Processor Information for processor 12
  Max Mhz: 2500, Current Mhz: 1800, Mhz Limit: 1800
Processor Information for processor 13
  Max Mhz: 2500, Current Mhz: 1800, Mhz Limit: 1800
Processor Information for processor 14
  Max Mhz: 2500, Current Mhz: 1800, Mhz Limit: 1800
Processor Information for processor 15
  Max Mhz: 2500, Current Mhz: 1800, Mhz Limit: 1800
Processor Information for processor 16
  Max Mhz: 2500, Current Mhz: 1800, Mhz Limit: 1800
Processor Information for processor 17
  Max Mhz: 2500, Current Mhz: 1800, Mhz Limit: 1800
Processor Information for processor 18
  Max Mhz: 2500, Current Mhz: 1800, Mhz Limit: 1800
Processor Information for processor 19
  Max Mhz: 2500, Current Mhz: 1800, Mhz Limit: 1800

Memory: 4k page, system-wide physical 7911M (465M free)
TotalPageFile size 32487M (AvailPageFile size 3M)
current process WorkingSet (physical memory assigned to process): 14M, peak: 337M
current process commit charge ("private bytes"): 551M, peak: 588M

vm_info: OpenJDK 64-Bit Server VM (21.0.10+7-LTS) for windows-amd64 JRE (21.0.10+7-LTS), built on 2026-01-20T00:00:00Z by "admin" with MS VC++ 17.12 (VS2022)

END.
