#
# There is insufficient memory for the Java Runtime Environment to continue.
# Native memory allocation (malloc) failed to allocate 1438256 bytes. Error detail: Chunk::new
# Possible reasons:
#   The system is out of physical RAM or swap space
#   This process is running with CompressedOops enabled, and the Java Heap may be blocking the growth of the native heap
# Possible solutions:
#   Reduce memory load on the system
#   Increase physical memory or swap space
#   Check if swap backing store is full
#   Decrease Java heap size (-Xmx/-Xms)
#   Decrease number of Java threads
#   Decrease Java thread stack sizes (-Xss)
#   Set larger code cache with -XX:ReservedCodeCacheSize=
#   JVM is running with Unscaled Compressed Oops mode in which the Java heap is
#     placed in the first 4GB address space. The Java Heap base address is the
#     maximum limit for the native heap growth. Please use -XX:HeapBaseMinAddress
#     to set the Java Heap base and to place the Java Heap above 4GB virtual address.
# This output file may be truncated or incomplete.
#
#  Out of Memory Error (arena.cpp:168), pid=9552, tid=324
#
# JRE version: OpenJDK Runtime Environment Temurin-21.0.10+7 (21.0.10+7) (build 21.0.10+7-LTS)
# Java VM: OpenJDK 64-Bit Server VM Temurin-21.0.10+7 (21.0.10+7-LTS, mixed mode, sharing, tiered, compressed oops, compressed class ptrs, parallel gc, windows-amd64)
# No core dump will be written. Minidumps are not enabled by default on client versions of Windows
#

---------------  S U M M A R Y ------------

Command Line: --add-modules=ALL-SYSTEM --add-opens=java.base/java.util=ALL-UNNAMED --add-opens=java.base/java.lang=ALL-UNNAMED --add-opens=java.base/sun.nio.fs=ALL-UNNAMED -Declipse.application=org.eclipse.jdt.ls.core.id1 -Dosgi.bundles.defaultStartLevel=4 -Declipse.product=org.eclipse.jdt.ls.core.product -Djava.import.generatesMetadataFilesAtProjectRoot=false -DDetectVMInstallationsJob.disabled=true -Dfile.encoding=utf8 -XX:+UseParallelGC -XX:GCTimeRatio=4 -XX:AdaptiveSizePolicyWeight=90 -Dsun.zip.disableMemoryMapping=true -Xmx2G -Xms100m -Xlog:disable -javaagent:c:\Users\jibri\.antigravity\extensions\redhat.java-1.54.0-win32-x64\lombok\lombok-1.18.39-4050.jar -XX:+HeapDumpOnOutOfMemoryError -XX:HeapDumpPath=c:\Users\jibri\AppData\Roaming\Antigravity\User\workspaceStorage\8b75b7c593fc459511d45e689933c160\redhat.java -Daether.dependencyCollector.impl=bf c:\Users\jibri\.antigravity\extensions\redhat.java-1.54.0-win32-x64\server\plugins\org.eclipse.equinox.launcher_1.7.100.v20251111-0406.jar -configuration c:\Users\jibri\AppData\Roaming\Antigravity\User\globalStorage\redhat.java\1.54.0\config_win -data c:\Users\jibri\AppData\Roaming\Antigravity\User\workspaceStorage\8b75b7c593fc459511d45e689933c160\redhat.java\jdt_ws --pipe=\\.\pipe\lsp-6fe12dd47e22576ac5d9df5b96eda393-sock

Host: 13th Gen Intel(R) Core(TM) i5-13500HX, 20 cores, 7G,  Windows 11 , 64 bit Build 26100 (10.0.26100.8246)
Time: Tue May  5 09:36:34 2026 Malay Peninsula Standard Time elapsed time: 2483.130037 seconds (0d 0h 41m 23s)

---------------  T H R E A D  ---------------

Current thread (0x00000177cc9c5ba0):  JavaThread "C2 CompilerThread0" daemon [_thread_in_native, id=324, stack(0x0000000a3e500000,0x0000000a3e600000) (1024K)]


Current CompileTask:
C2:2483130 14743   !   4       org.eclipse.jdt.internal.core.util.ClassFileReader::<init> (1942 bytes)

Stack: [0x0000000a3e500000,0x0000000a3e600000]
Native frames: (J=compiled Java code, j=interpreted, Vv=VM code, C=native code)
V  [jvm.dll+0x6d7a39]
V  [jvm.dll+0x8b4b26]
V  [jvm.dll+0x8b70de]
V  [jvm.dll+0x8b77c3]
V  [jvm.dll+0x284346]
V  [jvm.dll+0xc66ed]
V  [jvm.dll+0xc6c31]
V  [jvm.dll+0x2fb29e]
V  [jvm.dll+0x5fe884]
V  [jvm.dll+0x255b17]
V  [jvm.dll+0x255edd]
V  [jvm.dll+0x24e500]
V  [jvm.dll+0x24ba42]
V  [jvm.dll+0x1cb34e]
V  [jvm.dll+0x25b85d]
V  [jvm.dll+0x259dea]
V  [jvm.dll+0x3f857e]
V  [jvm.dll+0x85f59d]
V  [jvm.dll+0x6d626d]
C  [ucrtbase.dll+0x37b0]
C  [KERNEL32.DLL+0x2e8d7]
C  [ntdll.dll+0x8c3fc]


---------------  P R O C E S S  ---------------

Threads class SMR info:
_java_thread_list=0x00000177ee3003e0, length=66, elements={
0x00000177ca3db320, 0x00000177cc9b3f40, 0x00000177cc9b5b80, 0x00000177cc9b99b0,
0x00000177cc9bca80, 0x00000177cc9be520, 0x00000177cc9bf720, 0x00000177cc9c5ba0,
0x00000177cc9cddc0, 0x00000177e4a78480, 0x00000177e6708600, 0x00000177eb0777c0,
0x00000177eb031120, 0x00000177e4949140, 0x00000177e4a2dde0, 0x00000177e6ba7800,
0x00000177e6b55280, 0x00000177e6dc6110, 0x00000177ec5ac270, 0x00000177e49052b0,
0x00000177e49031e0, 0x00000177e4903870, 0x00000177e4903f00, 0x00000177ed6d5440,
0x00000177ed6d5ad0, 0x00000177ed6d7ba0, 0x00000177ed6d8230, 0x00000177ed6d4db0,
0x00000177ed6d88c0, 0x00000177ed6d6e80, 0x00000177ed6d67f0, 0x00000177ed6d7510,
0x00000177ed6d8f50, 0x00000177ed6d95e0, 0x00000177ed6d6160, 0x00000177ed6dc3d0,
0x00000177ed6d9c70, 0x00000177ed6da300, 0x00000177ed6da990, 0x00000177ed6db020,
0x00000177ed6db6b0, 0x00000177ed6dbd40, 0x00000177edbf2560, 0x00000177edbf1840,
0x00000177edbf3fa0, 0x00000177edbf4630, 0x00000177edbf6700, 0x00000177ed9bbc00,
0x00000177ed9bc290, 0x00000177ed9ba850, 0x00000177ed9bc920, 0x00000177ed9bb570,
0x00000177ed9bd640, 0x00000177ed9bdcd0, 0x00000177ed9baee0, 0x00000177ed9c0430,
0x00000177ed9be9f0, 0x00000177ed9c1150, 0x00000177edbf3280, 0x00000177edbf1ed0,
0x00000177edbf6070, 0x00000177edbf2bf0, 0x00000177edbf7ab0, 0x00000177edbf87d0,
0x00000177e4902b50, 0x00000177ed9c17e0
}

Java Threads: ( => current thread )
  0x00000177ca3db320 JavaThread "main"                              [_thread_blocked, id=14380, stack(0x0000000a3db00000,0x0000000a3dc00000) (1024K)]
  0x00000177cc9b3f40 JavaThread "Reference Handler"          daemon [_thread_blocked, id=23872, stack(0x0000000a3df00000,0x0000000a3e000000) (1024K)]
  0x00000177cc9b5b80 JavaThread "Finalizer"                  daemon [_thread_blocked, id=9944, stack(0x0000000a3e000000,0x0000000a3e100000) (1024K)]
  0x00000177cc9b99b0 JavaThread "Signal Dispatcher"          daemon [_thread_blocked, id=24032, stack(0x0000000a3e100000,0x0000000a3e200000) (1024K)]
  0x00000177cc9bca80 JavaThread "Attach Listener"            daemon [_thread_blocked, id=23496, stack(0x0000000a3e200000,0x0000000a3e300000) (1024K)]
  0x00000177cc9be520 JavaThread "Service Thread"             daemon [_thread_blocked, id=17276, stack(0x0000000a3e300000,0x0000000a3e400000) (1024K)]
  0x00000177cc9bf720 JavaThread "Monitor Deflation Thread"   daemon [_thread_blocked, id=7792, stack(0x0000000a3e400000,0x0000000a3e500000) (1024K)]
=>0x00000177cc9c5ba0 JavaThread "C2 CompilerThread0"         daemon [_thread_in_native, id=324, stack(0x0000000a3e500000,0x0000000a3e600000) (1024K)]
  0x00000177cc9cddc0 JavaThread "C1 CompilerThread0"         daemon [_thread_blocked, id=25108, stack(0x0000000a3e600000,0x0000000a3e700000) (1024K)]
  0x00000177e4a78480 JavaThread "Common-Cleaner"             daemon [_thread_blocked, id=19668, stack(0x0000000a3e900000,0x0000000a3ea00000) (1024K)]
  0x00000177e6708600 JavaThread "Notification Thread"        daemon [_thread_blocked, id=3036, stack(0x0000000a3ea00000,0x0000000a3eb00000) (1024K)]
  0x00000177eb0777c0 JavaThread "Active Thread: Equinox Container: 6d5e770b-f879-457e-8a99-a3f1b94304e5"        [_thread_blocked, id=4764, stack(0x0000000a3f200000,0x0000000a3f300000) (1024K)]
  0x00000177eb031120 JavaThread "Refresh Thread: Equinox Container: 6d5e770b-f879-457e-8a99-a3f1b94304e5" daemon [_thread_blocked, id=12820, stack(0x0000000a3e700000,0x0000000a3e800000) (1024K)]
  0x00000177e4949140 JavaThread "Framework Event Dispatcher: Equinox Container: 6d5e770b-f879-457e-8a99-a3f1b94304e5" daemon [_thread_blocked, id=19540, stack(0x0000000a3e800000,0x0000000a3e900000) (1024K)]
  0x00000177e4a2dde0 JavaThread "Start Level: Equinox Container: 6d5e770b-f879-457e-8a99-a3f1b94304e5" daemon [_thread_blocked, id=13884, stack(0x0000000a3eb00000,0x0000000a3ec00000) (1024K)]
  0x00000177e6ba7800 JavaThread "Bundle File Closer"         daemon [_thread_blocked, id=15316, stack(0x0000000a3f900000,0x0000000a3fa00000) (1024K)]
  0x00000177e6b55280 JavaThread "SCR Component Actor"        daemon [_thread_blocked, id=26052, stack(0x0000000a3f500000,0x0000000a3f600000) (1024K)]
  0x00000177e6dc6110 JavaThread "Worker-JM"                         [_thread_blocked, id=26068, stack(0x0000000a3fd00000,0x0000000a3fe00000) (1024K)]
  0x00000177ec5ac270 JavaThread "JNA Cleaner"                daemon [_thread_blocked, id=26188, stack(0x0000000a3fb00000,0x0000000a3fc00000) (1024K)]
  0x00000177e49052b0 JavaThread "Java indexing"              daemon [_thread_blocked, id=26460, stack(0x0000000a40600000,0x0000000a40700000) (1024K)]
  0x00000177e49031e0 JavaThread "Thread-1"                   daemon [_thread_in_native, id=26588, stack(0x0000000a40b00000,0x0000000a40c00000) (1024K)]
  0x00000177e4903870 JavaThread "Thread-2"                   daemon [_thread_in_native, id=26592, stack(0x0000000a40c00000,0x0000000a40d00000) (1024K)]
  0x00000177e4903f00 JavaThread "Thread-3"                   daemon [_thread_in_native, id=26596, stack(0x0000000a40d00000,0x0000000a40e00000) (1024K)]
  0x00000177ed6d5440 JavaThread "Thread-4"                   daemon [_thread_in_native, id=26600, stack(0x0000000a40e00000,0x0000000a40f00000) (1024K)]
  0x00000177ed6d5ad0 JavaThread "Thread-5"                   daemon [_thread_in_native, id=26604, stack(0x0000000a40f00000,0x0000000a41000000) (1024K)]
  0x00000177ed6d7ba0 JavaThread "Thread-6"                   daemon [_thread_in_native, id=26608, stack(0x0000000a41000000,0x0000000a41100000) (1024K)]
  0x00000177ed6d8230 JavaThread "Thread-7"                   daemon [_thread_in_native, id=26612, stack(0x0000000a41100000,0x0000000a41200000) (1024K)]
  0x00000177ed6d4db0 JavaThread "Thread-8"                   daemon [_thread_in_native, id=26616, stack(0x0000000a41200000,0x0000000a41300000) (1024K)]
  0x00000177ed6d88c0 JavaThread "Thread-9"                   daemon [_thread_in_native, id=26620, stack(0x0000000a41300000,0x0000000a41400000) (1024K)]
  0x00000177ed6d6e80 JavaThread "Thread-10"                  daemon [_thread_in_native, id=25800, stack(0x0000000a41400000,0x0000000a41500000) (1024K)]
  0x00000177ed6d67f0 JavaThread "Thread-11"                  daemon [_thread_in_native, id=25808, stack(0x0000000a41500000,0x0000000a41600000) (1024K)]
  0x00000177ed6d7510 JavaThread "Thread-12"                  daemon [_thread_in_native, id=25804, stack(0x0000000a41600000,0x0000000a41700000) (1024K)]
  0x00000177ed6d8f50 JavaThread "Thread-13"                  daemon [_thread_in_native, id=25812, stack(0x0000000a41700000,0x0000000a41800000) (1024K)]
  0x00000177ed6d95e0 JavaThread "Thread-14"                  daemon [_thread_in_native, id=25816, stack(0x0000000a41800000,0x0000000a41900000) (1024K)]
  0x00000177ed6d6160 JavaThread "Thread-15"                  daemon [_thread_in_native, id=25824, stack(0x0000000a41900000,0x0000000a41a00000) (1024K)]
  0x00000177ed6dc3d0 JavaThread "Thread-16"                  daemon [_thread_in_native, id=25820, stack(0x0000000a41a00000,0x0000000a41b00000) (1024K)]
  0x00000177ed6d9c70 JavaThread "Thread-17"                  daemon [_thread_in_native, id=25828, stack(0x0000000a41b00000,0x0000000a41c00000) (1024K)]
  0x00000177ed6da300 JavaThread "Thread-18"                  daemon [_thread_in_native, id=25832, stack(0x0000000a41c00000,0x0000000a41d00000) (1024K)]
  0x00000177ed6da990 JavaThread "Thread-19"                  daemon [_thread_in_native, id=25840, stack(0x0000000a41d00000,0x0000000a41e00000) (1024K)]
  0x00000177ed6db020 JavaThread "Thread-20"                  daemon [_thread_in_native, id=25836, stack(0x0000000a41e00000,0x0000000a41f00000) (1024K)]
  0x00000177ed6db6b0 JavaThread "Thread-21"                  daemon [_thread_in_native, id=25844, stack(0x0000000a41f00000,0x0000000a42000000) (1024K)]
  0x00000177ed6dbd40 JavaThread "pool-2-thread-1"                   [_thread_blocked, id=25888, stack(0x0000000a42000000,0x0000000a42100000) (1024K)]
  0x00000177edbf2560 JavaThread "Worker-4"                          [_thread_blocked, id=25996, stack(0x0000000a42100000,0x0000000a42200000) (1024K)]
  0x00000177edbf1840 JavaThread "WorkspaceEventsHandler"            [_thread_blocked, id=16944, stack(0x0000000a42200000,0x0000000a42300000) (1024K)]
  0x00000177edbf3fa0 JavaThread "pool-1-thread-1"                   [_thread_blocked, id=26000, stack(0x0000000a42300000,0x0000000a42400000) (1024K)]
  0x00000177edbf4630 JavaThread "Worker-5"                          [_thread_blocked, id=26020, stack(0x0000000a42400000,0x0000000a42500000) (1024K)]
  0x00000177edbf6700 JavaThread "Timer-0"                           [_thread_blocked, id=17752, stack(0x0000000a40300000,0x0000000a40400000) (1024K)]
  0x00000177ed9bbc00 JavaThread "ForkJoinPool.commonPool-worker-26" daemon [_thread_blocked, id=28548, stack(0x0000000a3d900000,0x0000000a3da00000) (1024K)]
  0x00000177ed9bc290 JavaThread "ForkJoinPool.commonPool-worker-27" daemon [_thread_blocked, id=21600, stack(0x0000000a3da00000,0x0000000a3db00000) (1024K)]
  0x00000177ed9ba850 JavaThread "ForkJoinPool.commonPool-worker-28" daemon [_thread_blocked, id=26156, stack(0x0000000a3f400000,0x0000000a3f500000) (1024K)]
  0x00000177ed9bc920 JavaThread "ForkJoinPool.commonPool-worker-29" daemon [_thread_blocked, id=27328, stack(0x0000000a3fc00000,0x0000000a3fd00000) (1024K)]
  0x00000177ed9bb570 JavaThread "ForkJoinPool.commonPool-worker-30" daemon [_thread_blocked, id=14992, stack(0x0000000a40000000,0x0000000a40100000) (1024K)]
  0x00000177ed9bd640 JavaThread "ForkJoinPool.commonPool-worker-31" daemon [_thread_blocked, id=28876, stack(0x0000000a40100000,0x0000000a40200000) (1024K)]
  0x00000177ed9bdcd0 JavaThread "ForkJoinPool.commonPool-worker-33" daemon [_thread_in_native, id=25560, stack(0x0000000a40400000,0x0000000a40500000) (1024K)]
  0x00000177ed9baee0 JavaThread "ForkJoinPool.commonPool-worker-34" daemon [_thread_blocked, id=1736, stack(0x0000000a40500000,0x0000000a40600000) (1024K)]
  0x00000177ed9c0430 JavaThread "ForkJoinPool.commonPool-worker-35" daemon [_thread_blocked, id=17836, stack(0x0000000a40700000,0x0000000a40800000) (1024K)]
  0x00000177ed9be9f0 JavaThread "ForkJoinPool.commonPool-worker-36" daemon [_thread_blocked, id=6828, stack(0x0000000a40800000,0x0000000a40900000) (1024K)]
  0x00000177ed9c1150 JavaThread "ForkJoinPool.commonPool-worker-38" daemon [_thread_blocked, id=32384, stack(0x0000000a40900000,0x0000000a40a00000) (1024K)]
  0x00000177edbf3280 JavaThread "ForkJoinPool.commonPool-worker-39" daemon [_thread_blocked, id=32100, stack(0x0000000a42500000,0x0000000a42600000) (1024K)]
  0x00000177edbf1ed0 JavaThread "ForkJoinPool.commonPool-worker-41" daemon [_thread_blocked, id=13324, stack(0x0000000a42600000,0x0000000a42700000) (1024K)]
  0x00000177edbf6070 JavaThread "ForkJoinPool.commonPool-worker-40" daemon [_thread_blocked, id=10304, stack(0x0000000a42700000,0x0000000a42800000) (1024K)]
  0x00000177edbf2bf0 JavaThread "ForkJoinPool.commonPool-worker-42" daemon [_thread_blocked, id=15796, stack(0x0000000a42800000,0x0000000a42900000) (1024K)]
  0x00000177edbf7ab0 JavaThread "ForkJoinPool.commonPool-worker-43" daemon [_thread_blocked, id=9848, stack(0x0000000a42900000,0x0000000a42a00000) (1024K)]
  0x00000177edbf87d0 JavaThread "ForkJoinPool.commonPool-worker-32" daemon [_thread_blocked, id=26260, stack(0x0000000a42a00000,0x0000000a42b00000) (1024K)]
  0x00000177e4902b50 JavaThread "ForkJoinPool.commonPool-worker-44" daemon [_thread_blocked, id=27312, stack(0x0000000a3d800000,0x0000000a3d900000) (1024K)]
  0x00000177ed9c17e0 JavaThread "ForkJoinPool.commonPool-worker-45" daemon [_thread_blocked, id=14588, stack(0x0000000a40a00000,0x0000000a40b00000) (1024K)]
Total: 66

Other Threads:
  0x00000177e33a4930 VMThread "VM Thread"                           [id=16364, stack(0x0000000a3de00000,0x0000000a3df00000) (1024K)]
  0x00000177e329ca00 WatcherThread "VM Periodic Task Thread"        [id=7364, stack(0x0000000a3dd00000,0x0000000a3de00000) (1024K)]
  0x00000177cc9329d0 WorkerThread "GC Thread#0"                     [id=21124, stack(0x0000000a3dc00000,0x0000000a3dd00000) (1024K)]
  0x00000177e67df250 WorkerThread "GC Thread#1"                     [id=17024, stack(0x0000000a3ec00000,0x0000000a3ed00000) (1024K)]
  0x00000177eb0adcd0 WorkerThread "GC Thread#2"                     [id=23356, stack(0x0000000a3ed00000,0x0000000a3ee00000) (1024K)]
  0x00000177eb0ae080 WorkerThread "GC Thread#3"                     [id=15264, stack(0x0000000a3ee00000,0x0000000a3ef00000) (1024K)]
  0x00000177eb0ae430 WorkerThread "GC Thread#4"                     [id=3312, stack(0x0000000a3ef00000,0x0000000a3f000000) (1024K)]
  0x00000177e6e47190 WorkerThread "GC Thread#5"                     [id=20448, stack(0x0000000a3f000000,0x0000000a3f100000) (1024K)]
  0x00000177e6e47950 WorkerThread "GC Thread#6"                     [id=4160, stack(0x0000000a3f100000,0x0000000a3f200000) (1024K)]
  0x00000177eb034230 WorkerThread "GC Thread#7"                     [id=14960, stack(0x0000000a3f300000,0x0000000a3f400000) (1024K)]
  0x00000177e4879f30 WorkerThread "GC Thread#8"                     [id=21300, stack(0x0000000a3f600000,0x0000000a3f700000) (1024K)]
  0x00000177e4a2e450 WorkerThread "GC Thread#9"                     [id=15016, stack(0x0000000a3f700000,0x0000000a3f800000) (1024K)]
  0x00000177e6cf8bc0 WorkerThread "GC Thread#10"                    [id=21256, stack(0x0000000a3f800000,0x0000000a3f900000) (1024K)]
  0x00000177e6e67800 WorkerThread "GC Thread#11"                    [id=26072, stack(0x0000000a3fe00000,0x0000000a3ff00000) (1024K)]
  0x00000177e6e67bb0 WorkerThread "GC Thread#12"                    [id=26076, stack(0x0000000a3ff00000,0x0000000a40000000) (1024K)]
  0x00000177e6e67450 WorkerThread "GC Thread#13"                    [id=26184, stack(0x0000000a3fa00000,0x0000000a3fb00000) (1024K)]
  0x00000177e6e66940 WorkerThread "GC Thread#14"                    [id=26400, stack(0x0000000a40200000,0x0000000a40300000) (1024K)]
Total: 17

Threads with active compile tasks:
C2 CompilerThread0  2483178 14743   !   4       org.eclipse.jdt.internal.core.util.ClassFileReader::<init> (1942 bytes)
C1 CompilerThread0  2483178 14746       3       sun.util.locale.provider.CalendarDataUtility::findRegionOverride (108 bytes)
Total: 2

VM state: not at safepoint (normal execution)

VM Mutex/Monitor currently owned by a thread: None

Heap address: 0x0000000080000000, size: 2048 MB, Compressed Oops mode: 32-bit

CDS archive(s) mapped at: [0x0000017780000000-0x0000017780ba0000-0x0000017780ba0000), size 12189696, SharedBaseAddress: 0x0000017780000000, ArchiveRelocationMode: 1.
Compressed class space mapped at: 0x0000017781000000-0x00000177c1000000, reserved size: 1073741824
Narrow klass base: 0x0000017780000000, Narrow klass shift: 0, Narrow klass range: 0x100000000

GC Precious Log:
 CardTable entry size: 512
 CPUs: 20 total, 20 available
 Memory: 7911M
 Large Page Support: Disabled
 NUMA Support: Disabled
 Compressed Oops: Enabled (32-bit)
 Alignments: Space 512K, Generation 512K, Heap 2M
 Heap Min Capacity: 100M
 Heap Initial Capacity: 100M
 Heap Max Capacity: 2G
 Pre-touch: Disabled
 Parallel Workers: 15

Heap:
 PSYoungGen      total 22528K, used 17723K [0x00000000d5580000, 0x00000000d7780000, 0x0000000100000000)
  eden space 22016K, 78% used [0x00000000d5580000,0x00000000d664eef8,0x00000000d6b00000)
  from space 512K, 100% used [0x00000000d7700000,0x00000000d7780000,0x00000000d7780000)
  to   space 1024K, 0% used [0x00000000d7580000,0x00000000d7580000,0x00000000d7680000)
 ParOldGen       total 977408K, used 977096K [0x0000000080000000, 0x00000000bba80000, 0x00000000d5580000)
  object space 977408K, 99% used [0x0000000080000000,0x00000000bba32230,0x00000000bba80000)
 Metaspace       used 94559K, committed 96448K, reserved 1179648K
  class space    used 11815K, committed 12672K, reserved 1048576K

Card table byte_map: [0x00000177cc2b0000,0x00000177cc6c0000] _byte_map_base: 0x00000177cbeb0000

Marking Bits: (ParMarkBitMap*) 0x00007ff888853450
 Begin Bits: [0x00000177dedc0000, 0x00000177e0dc0000)
 End Bits:   [0x00000177e0dc0000, 0x00000177e2dc0000)

Polling page: 0x00000177ca700000

Metaspace:

Usage:
  Non-class:     80.80 MB used.
      Class:     11.54 MB used.
       Both:     92.34 MB used.

Virtual space:
  Non-class space:      128.00 MB reserved,      81.81 MB ( 64%) committed,  2 nodes.
      Class space:        1.00 GB reserved,      12.38 MB (  1%) committed,  1 nodes.
             Both:        1.12 GB reserved,      94.19 MB (  8%) committed. 

Chunk freelists:
   Non-Class:  14.17 MB
       Class:  3.66 MB
        Both:  17.83 MB

MaxMetaspaceSize: unlimited
CompressedClassSpaceSize: 1.00 GB
Initial GC threshold: 21.00 MB
Current GC threshold: 126.88 MB
CDS: on
 - commit_granule_bytes: 65536.
 - commit_granule_words: 8192.
 - virtual_space_node_default_size: 8388608.
 - enlarge_chunks_in_place: 1.
 - use_allocation_guard: 0.


Internal statistics:

num_allocs_failed_limit: 9.
num_arena_births: 1786.
num_arena_deaths: 14.
num_vsnodes_births: 3.
num_vsnodes_deaths: 0.
num_space_committed: 1507.
num_space_uncommitted: 0.
num_chunks_returned_to_freelist: 23.
num_chunks_taken_from_freelist: 5752.
num_chunk_merges: 9.
num_chunk_splits: 3811.
num_chunks_enlarged: 2549.
num_inconsistent_stats: 0.

CodeHeap 'non-profiled nmethods': size=119168Kb used=13283Kb max_used=13283Kb free=105884Kb
 bounds [0x00000177d76b0000, 0x00000177d83b0000, 0x00000177deb10000]
CodeHeap 'profiled nmethods': size=119104Kb used=28461Kb max_used=28461Kb free=90642Kb
 bounds [0x00000177cfb10000, 0x00000177d16e0000, 0x00000177d6f60000]
CodeHeap 'non-nmethods': size=7488Kb used=1465Kb max_used=3290Kb free=6022Kb
 bounds [0x00000177d6f60000, 0x00000177d72a0000, 0x00000177d76b0000]
CodeCache: size=245760Kb, used=43209Kb, max_used=45034Kb, free=202548Kb
 total_blobs=13838, nmethods=13058, adapters=685, full_count=0
Compilation: enabled, stopped_count=0, restarted_count=0

Compilation events (20 events):
Event: 2481.914 Thread 0x00000177cc9c5ba0 nmethod 14733 0x00000177d83a6e10 code [0x00000177d83a70a0, 0x00000177d83a7dd0]
Event: 2481.932 Thread 0x00000177cc9cddc0 14734       3       sun.util.locale.provider.LocaleResources::removeEmptyReferences (33 bytes)
Event: 2481.933 Thread 0x00000177cc9cddc0 nmethod 14734 0x00000177d16d5b10 code [0x00000177d16d5ce0, 0x00000177d16d6158]
Event: 2481.941 Thread 0x00000177cc9cddc0 14735       3       org.eclipse.jdt.internal.core.JarPackageFragmentRoot::unmodifiableCopy (108 bytes)
Event: 2481.941 Thread 0x00000177cc9cddc0 nmethod 14735 0x00000177d16d6310 code [0x00000177d16d65e0, 0x00000177d16d7478]
Event: 2481.941 Thread 0x00000177cc9cddc0 14736       3       org.eclipse.jdt.internal.core.JarPackageFragmentRoot::createChildren (97 bytes)
Event: 2481.944 Thread 0x00000177cc9cddc0 nmethod 14736 0x00000177d16d7910 code [0x00000177d16d7c60, 0x00000177d16d9348]
Event: 2481.946 Thread 0x00000177cc9cddc0 14737       3       sun.util.locale.provider.JRELocaleProviderAdapter::getLocaleResources (51 bytes)
Event: 2481.947 Thread 0x00000177cc9cddc0 nmethod 14737 0x00000177d16d9a90 code [0x00000177d16d9c80, 0x00000177d16da250]
Event: 2481.972 Thread 0x00000177cc9cddc0 14738       1       org.eclipse.jdt.internal.core.PackageFragmentRootInfo::setRootKind (6 bytes)
Event: 2481.972 Thread 0x00000177cc9cddc0 nmethod 14738 0x00000177d83a8790 code [0x00000177d83a8920, 0x00000177d83a89e8]
Event: 2481.987 Thread 0x00000177cc9c5ba0 14739       4       java.util.AbstractList::listIterator (6 bytes)
Event: 2481.987 Thread 0x00000177cc9c5ba0 nmethod 14739 0x00000177d83a8a90 code [0x00000177d83a8c20, 0x00000177d83a8cd0]
Event: 2481.989 Thread 0x00000177cc9cddc0 14740       3       org.eclipse.jdt.internal.compiler.classfmt.MethodInfo::decodeTypeAnnotations (88 bytes)
Event: 2481.990 Thread 0x00000177cc9cddc0 nmethod 14740 0x00000177d16da410 code [0x00000177d16da600, 0x00000177d16dac70]
Event: 2481.990 Thread 0x00000177cc9cddc0 14741       3       org.eclipse.jdt.internal.compiler.classfmt.MethodInfoWithTypeAnnotations::initialize (44 bytes)
Event: 2481.990 Thread 0x00000177cc9cddc0 nmethod 14741 0x00000177d16daf10 code [0x00000177d16db100, 0x00000177d16db4d8]
Event: 2481.990 Thread 0x00000177cc9cddc0 14742       3       org.eclipse.jdt.internal.compiler.classfmt.MethodInfoWithTypeAnnotations::reset (44 bytes)
Event: 2481.990 Thread 0x00000177cc9cddc0 nmethod 14742 0x00000177d16db710 code [0x00000177d16db900, 0x00000177d16dbd98]
Event: 2482.012 Thread 0x00000177cc9c5ba0 14743   !   4       org.eclipse.jdt.internal.core.util.ClassFileReader::<init> (1942 bytes)

GC Heap History (20 events):
Event: 2481.704 GC heap before
{Heap before GC invocations=1038 (full 4):
 PSYoungGen      total 22528K, used 21909K [0x00000000d5580000, 0x00000000d7800000, 0x0000000100000000)
  eden space 22016K, 97% used [0x00000000d5580000,0x00000000d6a75600,0x00000000d6b00000)
  from space 512K, 87% used [0x00000000d7780000,0x00000000d77f0000,0x00000000d7800000)
  to   space 512K, 0% used [0x00000000d7700000,0x00000000d7700000,0x00000000d7780000)
 ParOldGen       total 974336K, used 974314K [0x0000000080000000, 0x00000000bb780000, 0x00000000d5580000)
  object space 974336K, 99% used [0x0000000080000000,0x00000000bb77abf8,0x00000000bb780000)
 Metaspace       used 94551K, committed 96448K, reserved 1179648K
  class space    used 11815K, committed 12672K, reserved 1048576K
}
Event: 2481.706 GC heap after
{Heap after GC invocations=1038 (full 4):
 PSYoungGen      total 22528K, used 448K [0x00000000d5580000, 0x00000000d7800000, 0x0000000100000000)
  eden space 22016K, 0% used [0x00000000d5580000,0x00000000d5580000,0x00000000d6b00000)
  from space 512K, 87% used [0x00000000d7700000,0x00000000d7770000,0x00000000d7780000)
  to   space 512K, 0% used [0x00000000d7780000,0x00000000d7780000,0x00000000d7800000)
 ParOldGen       total 974848K, used 974426K [0x0000000080000000, 0x00000000bb800000, 0x00000000d5580000)
  object space 974848K, 99% used [0x0000000080000000,0x00000000bb796bf8,0x00000000bb800000)
 Metaspace       used 94551K, committed 96448K, reserved 1179648K
  class space    used 11815K, committed 12672K, reserved 1048576K
}
Event: 2481.728 GC heap before
{Heap before GC invocations=1039 (full 4):
 PSYoungGen      total 22528K, used 22425K [0x00000000d5580000, 0x00000000d7800000, 0x0000000100000000)
  eden space 22016K, 99% used [0x00000000d5580000,0x00000000d6af6598,0x00000000d6b00000)
  from space 512K, 87% used [0x00000000d7700000,0x00000000d7770000,0x00000000d7780000)
  to   space 512K, 0% used [0x00000000d7780000,0x00000000d7780000,0x00000000d7800000)
 ParOldGen       total 974848K, used 974426K [0x0000000080000000, 0x00000000bb800000, 0x00000000d5580000)
  object space 974848K, 99% used [0x0000000080000000,0x00000000bb796bf8,0x00000000bb800000)
 Metaspace       used 94551K, committed 96448K, reserved 1179648K
  class space    used 11815K, committed 12672K, reserved 1048576K
}
Event: 2481.729 GC heap after
{Heap after GC invocations=1039 (full 4):
 PSYoungGen      total 22528K, used 448K [0x00000000d5580000, 0x00000000d7800000, 0x0000000100000000)
  eden space 22016K, 0% used [0x00000000d5580000,0x00000000d5580000,0x00000000d6b00000)
  from space 512K, 87% used [0x00000000d7780000,0x00000000d77f0000,0x00000000d7800000)
  to   space 512K, 0% used [0x00000000d7700000,0x00000000d7700000,0x00000000d7780000)
 ParOldGen       total 974848K, used 974562K [0x0000000080000000, 0x00000000bb800000, 0x00000000d5580000)
  object space 974848K, 99% used [0x0000000080000000,0x00000000bb7b8bf8,0x00000000bb800000)
 Metaspace       used 94551K, committed 96448K, reserved 1179648K
  class space    used 11815K, committed 12672K, reserved 1048576K
}
Event: 2481.747 GC heap before
{Heap before GC invocations=1040 (full 4):
 PSYoungGen      total 22528K, used 22198K [0x00000000d5580000, 0x00000000d7800000, 0x0000000100000000)
  eden space 22016K, 98% used [0x00000000d5580000,0x00000000d6abdb88,0x00000000d6b00000)
  from space 512K, 87% used [0x00000000d7780000,0x00000000d77f0000,0x00000000d7800000)
  to   space 512K, 0% used [0x00000000d7700000,0x00000000d7700000,0x00000000d7780000)
 ParOldGen       total 974848K, used 974562K [0x0000000080000000, 0x00000000bb800000, 0x00000000d5580000)
  object space 974848K, 99% used [0x0000000080000000,0x00000000bb7b8bf8,0x00000000bb800000)
 Metaspace       used 94551K, committed 96448K, reserved 1179648K
  class space    used 11815K, committed 12672K, reserved 1048576K
}
Event: 2481.748 GC heap after
{Heap after GC invocations=1040 (full 4):
 PSYoungGen      total 22528K, used 448K [0x00000000d5580000, 0x00000000d7800000, 0x0000000100000000)
  eden space 22016K, 0% used [0x00000000d5580000,0x00000000d5580000,0x00000000d6b00000)
  from space 512K, 87% used [0x00000000d7700000,0x00000000d7770000,0x00000000d7780000)
  to   space 512K, 0% used [0x00000000d7780000,0x00000000d7780000,0x00000000d7800000)
 ParOldGen       total 974848K, used 974709K [0x0000000080000000, 0x00000000bb800000, 0x00000000d5580000)
  object space 974848K, 99% used [0x0000000080000000,0x00000000bb7dd7b8,0x00000000bb800000)
 Metaspace       used 94551K, committed 96448K, reserved 1179648K
  class space    used 11815K, committed 12672K, reserved 1048576K
}
Event: 2481.771 GC heap before
{Heap before GC invocations=1041 (full 4):
 PSYoungGen      total 22528K, used 21750K [0x00000000d5580000, 0x00000000d7800000, 0x0000000100000000)
  eden space 22016K, 96% used [0x00000000d5580000,0x00000000d6a4db80,0x00000000d6b00000)
  from space 512K, 87% used [0x00000000d7700000,0x00000000d7770000,0x00000000d7780000)
  to   space 512K, 0% used [0x00000000d7780000,0x00000000d7780000,0x00000000d7800000)
 ParOldGen       total 974848K, used 974709K [0x0000000080000000, 0x00000000bb800000, 0x00000000d5580000)
  object space 974848K, 99% used [0x0000000080000000,0x00000000bb7dd7b8,0x00000000bb800000)
 Metaspace       used 94551K, committed 96448K, reserved 1179648K
  class space    used 11815K, committed 12672K, reserved 1048576K
}
Event: 2481.772 GC heap after
{Heap after GC invocations=1041 (full 4):
 PSYoungGen      total 22528K, used 416K [0x00000000d5580000, 0x00000000d7800000, 0x0000000100000000)
  eden space 22016K, 0% used [0x00000000d5580000,0x00000000d5580000,0x00000000d6b00000)
  from space 512K, 81% used [0x00000000d7780000,0x00000000d77e8000,0x00000000d7800000)
  to   space 512K, 0% used [0x00000000d7700000,0x00000000d7700000,0x00000000d7780000)
 ParOldGen       total 974848K, used 974805K [0x0000000080000000, 0x00000000bb800000, 0x00000000d5580000)
  object space 974848K, 99% used [0x0000000080000000,0x00000000bb7f57b8,0x00000000bb800000)
 Metaspace       used 94551K, committed 96448K, reserved 1179648K
  class space    used 11815K, committed 12672K, reserved 1048576K
}
Event: 2481.838 GC heap before
{Heap before GC invocations=1042 (full 4):
 PSYoungGen      total 22528K, used 22432K [0x00000000d5580000, 0x00000000d7800000, 0x0000000100000000)
  eden space 22016K, 100% used [0x00000000d5580000,0x00000000d6b00000,0x00000000d6b00000)
  from space 512K, 81% used [0x00000000d7780000,0x00000000d77e8000,0x00000000d7800000)
  to   space 512K, 0% used [0x00000000d7700000,0x00000000d7700000,0x00000000d7780000)
 ParOldGen       total 974848K, used 974805K [0x0000000080000000, 0x00000000bb800000, 0x00000000d5580000)
  object space 974848K, 99% used [0x0000000080000000,0x00000000bb7f57b8,0x00000000bb800000)
 Metaspace       used 94551K, committed 96448K, reserved 1179648K
  class space    used 11815K, committed 12672K, reserved 1048576K
}
Event: 2481.842 GC heap after
{Heap after GC invocations=1042 (full 4):
 PSYoungGen      total 22528K, used 512K [0x00000000d5580000, 0x00000000d7800000, 0x0000000100000000)
  eden space 22016K, 0% used [0x00000000d5580000,0x00000000d5580000,0x00000000d6b00000)
  from space 512K, 100% used [0x00000000d7700000,0x00000000d7780000,0x00000000d7780000)
  to   space 512K, 0% used [0x00000000d7780000,0x00000000d7780000,0x00000000d7800000)
 ParOldGen       total 975360K, used 974949K [0x0000000080000000, 0x00000000bb880000, 0x00000000d5580000)
  object space 975360K, 99% used [0x0000000080000000,0x00000000bb819728,0x00000000bb880000)
 Metaspace       used 94551K, committed 96448K, reserved 1179648K
  class space    used 11815K, committed 12672K, reserved 1048576K
}
Event: 2481.904 GC heap before
{Heap before GC invocations=1043 (full 4):
 PSYoungGen      total 22528K, used 22474K [0x00000000d5580000, 0x00000000d7800000, 0x0000000100000000)
  eden space 22016K, 99% used [0x00000000d5580000,0x00000000d6af2b40,0x00000000d6b00000)
  from space 512K, 100% used [0x00000000d7700000,0x00000000d7780000,0x00000000d7780000)
  to   space 512K, 0% used [0x00000000d7780000,0x00000000d7780000,0x00000000d7800000)
 ParOldGen       total 975360K, used 974949K [0x0000000080000000, 0x00000000bb880000, 0x00000000d5580000)
  object space 975360K, 99% used [0x0000000080000000,0x00000000bb819728,0x00000000bb880000)
 Metaspace       used 94551K, committed 96448K, reserved 1179648K
  class space    used 11815K, committed 12672K, reserved 1048576K
}
Event: 2481.906 GC heap after
{Heap after GC invocations=1043 (full 4):
 PSYoungGen      total 22528K, used 512K [0x00000000d5580000, 0x00000000d7800000, 0x0000000100000000)
  eden space 22016K, 0% used [0x00000000d5580000,0x00000000d5580000,0x00000000d6b00000)
  from space 512K, 100% used [0x00000000d7780000,0x00000000d7800000,0x00000000d7800000)
  to   space 1536K, 0% used [0x00000000d7500000,0x00000000d7500000,0x00000000d7680000)
 ParOldGen       total 975872K, used 975453K [0x0000000080000000, 0x00000000bb900000, 0x00000000d5580000)
  object space 975872K, 99% used [0x0000000080000000,0x00000000bb897728,0x00000000bb900000)
 Metaspace       used 94551K, committed 96448K, reserved 1179648K
  class space    used 11815K, committed 12672K, reserved 1048576K
}
Event: 2481.982 GC heap before
{Heap before GC invocations=1044 (full 4):
 PSYoungGen      total 22528K, used 22528K [0x00000000d5580000, 0x00000000d7800000, 0x0000000100000000)
  eden space 22016K, 100% used [0x00000000d5580000,0x00000000d6b00000,0x00000000d6b00000)
  from space 512K, 100% used [0x00000000d7780000,0x00000000d7800000,0x00000000d7800000)
  to   space 1536K, 0% used [0x00000000d7500000,0x00000000d7500000,0x00000000d7680000)
 ParOldGen       total 975872K, used 975453K [0x0000000080000000, 0x00000000bb900000, 0x00000000d5580000)
  object space 975872K, 99% used [0x0000000080000000,0x00000000bb897728,0x00000000bb900000)
 Metaspace       used 94555K, committed 96448K, reserved 1179648K
  class space    used 11815K, committed 12672K, reserved 1048576K
}
Event: 2481.984 GC heap after
{Heap after GC invocations=1044 (full 4):
 PSYoungGen      total 23552K, used 971K [0x00000000d5580000, 0x00000000d7800000, 0x0000000100000000)
  eden space 22016K, 0% used [0x00000000d5580000,0x00000000d5580000,0x00000000d6b00000)
  from space 1536K, 63% used [0x00000000d7500000,0x00000000d75f2e18,0x00000000d7680000)
  to   space 1024K, 0% used [0x00000000d7700000,0x00000000d7700000,0x00000000d7800000)
 ParOldGen       total 976384K, used 975935K [0x0000000080000000, 0x00000000bb980000, 0x00000000d5580000)
  object space 976384K, 99% used [0x0000000080000000,0x00000000bb90ff50,0x00000000bb980000)
 Metaspace       used 94555K, committed 96448K, reserved 1179648K
  class space    used 11815K, committed 12672K, reserved 1048576K
}
Event: 2482.019 GC heap before
{Heap before GC invocations=1045 (full 4):
 PSYoungGen      total 23552K, used 22987K [0x00000000d5580000, 0x00000000d7800000, 0x0000000100000000)
  eden space 22016K, 100% used [0x00000000d5580000,0x00000000d6b00000,0x00000000d6b00000)
  from space 1536K, 63% used [0x00000000d7500000,0x00000000d75f2e18,0x00000000d7680000)
  to   space 1024K, 0% used [0x00000000d7700000,0x00000000d7700000,0x00000000d7800000)
 ParOldGen       total 976384K, used 975935K [0x0000000080000000, 0x00000000bb980000, 0x00000000d5580000)
  object space 976384K, 99% used [0x0000000080000000,0x00000000bb90ff50,0x00000000bb980000)
 Metaspace       used 94556K, committed 96448K, reserved 1179648K
  class space    used 11815K, committed 12672K, reserved 1048576K
}
Event: 2482.021 GC heap after
{Heap after GC invocations=1045 (full 4):
 PSYoungGen      total 23040K, used 608K [0x00000000d5580000, 0x00000000d7800000, 0x0000000100000000)
  eden space 22016K, 0% used [0x00000000d5580000,0x00000000d5580000,0x00000000d6b00000)
  from space 1024K, 59% used [0x00000000d7700000,0x00000000d7798000,0x00000000d7800000)
  to   space 1024K, 0% used [0x00000000d7600000,0x00000000d7600000,0x00000000d7700000)
 ParOldGen       total 976384K, used 976331K [0x0000000080000000, 0x00000000bb980000, 0x00000000d5580000)
  object space 976384K, 99% used [0x0000000080000000,0x00000000bb972ea0,0x00000000bb980000)
 Metaspace       used 94556K, committed 96448K, reserved 1179648K
  class space    used 11815K, committed 12672K, reserved 1048576K
}
Event: 2482.062 GC heap before
{Heap before GC invocations=1046 (full 4):
 PSYoungGen      total 23040K, used 22490K [0x00000000d5580000, 0x00000000d7800000, 0x0000000100000000)
  eden space 22016K, 99% used [0x00000000d5580000,0x00000000d6ade930,0x00000000d6b00000)
  from space 1024K, 59% used [0x00000000d7700000,0x00000000d7798000,0x00000000d7800000)
  to   space 1024K, 0% used [0x00000000d7600000,0x00000000d7600000,0x00000000d7700000)
 ParOldGen       total 976384K, used 976331K [0x0000000080000000, 0x00000000bb980000, 0x00000000d5580000)
  object space 976384K, 99% used [0x0000000080000000,0x00000000bb972ea0,0x00000000bb980000)
 Metaspace       used 94556K, committed 96448K, reserved 1179648K
  class space    used 11815K, committed 12672K, reserved 1048576K
}
Event: 2482.063 GC heap after
{Heap after GC invocations=1046 (full 4):
 PSYoungGen      total 23040K, used 544K [0x00000000d5580000, 0x00000000d7780000, 0x0000000100000000)
  eden space 22016K, 0% used [0x00000000d5580000,0x00000000d5580000,0x00000000d6b00000)
  from space 1024K, 53% used [0x00000000d7600000,0x00000000d7688000,0x00000000d7700000)
  to   space 512K, 0% used [0x00000000d7700000,0x00000000d7700000,0x00000000d7780000)
 ParOldGen       total 976896K, used 976722K [0x0000000080000000, 0x00000000bba00000, 0x00000000d5580000)
  object space 976896K, 99% used [0x0000000080000000,0x00000000bb9d48f8,0x00000000bba00000)
 Metaspace       used 94556K, committed 96448K, reserved 1179648K
  class space    used 11815K, committed 12672K, reserved 1048576K
}
Event: 2482.117 GC heap before
{Heap before GC invocations=1047 (full 4):
 PSYoungGen      total 23040K, used 22525K [0x00000000d5580000, 0x00000000d7780000, 0x0000000100000000)
  eden space 22016K, 99% used [0x00000000d5580000,0x00000000d6af7568,0x00000000d6b00000)
  from space 1024K, 53% used [0x00000000d7600000,0x00000000d7688000,0x00000000d7700000)
  to   space 512K, 0% used [0x00000000d7700000,0x00000000d7700000,0x00000000d7780000)
 ParOldGen       total 976896K, used 976722K [0x0000000080000000, 0x00000000bba00000, 0x00000000d5580000)
  object space 976896K, 99% used [0x0000000080000000,0x00000000bb9d48f8,0x00000000bba00000)
 Metaspace       used 94557K, committed 96448K, reserved 1179648K
  class space    used 11815K, committed 12672K, reserved 1048576K
}
Event: 2482.121 GC heap after
{Heap after GC invocations=1047 (full 4):
 PSYoungGen      total 22528K, used 512K [0x00000000d5580000, 0x00000000d7780000, 0x0000000100000000)
  eden space 22016K, 0% used [0x00000000d5580000,0x00000000d5580000,0x00000000d6b00000)
  from space 512K, 100% used [0x00000000d7700000,0x00000000d7780000,0x00000000d7780000)
  to   space 1024K, 0% used [0x00000000d7580000,0x00000000d7580000,0x00000000d7680000)
 ParOldGen       total 977408K, used 977096K [0x0000000080000000, 0x00000000bba80000, 0x00000000d5580000)
  object space 977408K, 99% used [0x0000000080000000,0x00000000bba32230,0x00000000bba80000)
 Metaspace       used 94557K, committed 96448K, reserved 1179648K
  class space    used 11815K, committed 12672K, reserved 1048576K
}

Dll operation events (18 events):
Event: 0.013 Loaded shared library c:\Users\jibri\.antigravity\extensions\redhat.java-1.54.0-win32-x64\jre\21.0.10-win32-x86_64\bin\java.dll
Event: 0.080 Loaded shared library c:\Users\jibri\.antigravity\extensions\redhat.java-1.54.0-win32-x64\jre\21.0.10-win32-x86_64\bin\zip.dll
Event: 0.112 Loaded shared library C:\Users\jibri\.antigravity\extensions\redhat.java-1.54.0-win32-x64\jre\21.0.10-win32-x86_64\bin\instrument.dll
Event: 0.119 Loaded shared library C:\Users\jibri\.antigravity\extensions\redhat.java-1.54.0-win32-x64\jre\21.0.10-win32-x86_64\bin\net.dll
Event: 0.125 Loaded shared library C:\Users\jibri\.antigravity\extensions\redhat.java-1.54.0-win32-x64\jre\21.0.10-win32-x86_64\bin\nio.dll
Event: 0.131 Loaded shared library C:\Users\jibri\.antigravity\extensions\redhat.java-1.54.0-win32-x64\jre\21.0.10-win32-x86_64\bin\zip.dll
Event: 0.148 Loaded shared library C:\Users\jibri\.antigravity\extensions\redhat.java-1.54.0-win32-x64\jre\21.0.10-win32-x86_64\bin\jimage.dll
Event: 0.245 Loaded shared library c:\Users\jibri\.antigravity\extensions\redhat.java-1.54.0-win32-x64\jre\21.0.10-win32-x86_64\bin\verify.dll
Event: 10.477 Loaded shared library C:\Users\jibri\AppData\Roaming\Antigravity\User\globalStorage\redhat.java\1.54.0\config_win\org.eclipse.equinox.launcher\org.eclipse.equinox.launcher.win32.win32.x86_64_1.3.0.v20260203-2149\eclipse_11919.dll
Event: 20.445 Loaded shared library C:\Users\jibri\AppData\Local\Temp\jna-101119098\jna831498488440439051.dll
Event: 21.897 Loaded shared library C:\Users\jibri\.antigravity\extensions\redhat.java-1.54.0-win32-x64\jre\21.0.10-win32-x86_64\bin\management.dll
Event: 21.927 Loaded shared library C:\Users\jibri\.antigravity\extensions\redhat.java-1.54.0-win32-x64\jre\21.0.10-win32-x86_64\bin\management_ext.dll
Event: 38.560 Loaded shared library C:\Users\jibri\.gradle\native\1def1411415f61bf3af743bc5b6707747c0891f09f0c88961ee8f79bc544acac\windows-amd64\native-platform.dll
Event: 48.927 Loaded shared library C:\Users\jibri\.antigravity\extensions\redhat.java-1.54.0-win32-x64\jre\21.0.10-win32-x86_64\bin\sunmscapi.dll
Event: 49.387 Loaded shared library C:\Users\jibri\.antigravity\extensions\redhat.java-1.54.0-win32-x64\jre\21.0.10-win32-x86_64\bin\extnet.dll
Event: 168.671 Loaded shared library C:\Users\jibri\.gradle\native\c067742578af261105cb4f569cf0c3c89f3d7b1fecec35dd04571415982c5e48\windows-amd64\native-platform.dll
Event: 256.352 Loaded shared library C:\Users\jibri\.gradle\native\29\windows-amd64\native-platform.dll
Event: 294.362 Loaded shared library C:\Users\jibri\.gradle\native\e1d6ef7f7dcc3fd88c89a11ec53ec762bb8ba0a96d01ffa2cd45eb1d1d8dd5c5\windows-amd64\native-platform.dll

Deoptimization events (20 events):
Event: 2480.411 Thread 0x00000177ed9bdcd0 Uncommon trap: trap_request=0xffffff45 fr.pc=0x00000177d83213dc relative=0x0000000000000bfc
Event: 2480.411 Thread 0x00000177ed9bdcd0 Uncommon trap: reason=unstable_if action=reinterpret pc=0x00000177d83213dc method=org.eclipse.jdt.internal.compiler.classfmt.ClassFileReader.getMemberTypes()[Lorg/eclipse/jdt/internal/compiler/env/IBinaryNestedType; @ 83 c2
Event: 2480.411 Thread 0x00000177ed9bdcd0 DEOPT PACKING pc=0x00000177d83213dc sp=0x0000000a404fdf30
Event: 2480.411 Thread 0x00000177ed9bdcd0 DEOPT UNPACKING pc=0x00000177d6fb3aa2 sp=0x0000000a404fdf20 mode 2
Event: 2480.709 Thread 0x00000177ed9bdcd0 Uncommon trap: trap_request=0xffffff45 fr.pc=0x00000177d824cfec relative=0x000000000000252c
Event: 2480.709 Thread 0x00000177ed9bdcd0 Uncommon trap: reason=unstable_if action=reinterpret pc=0x00000177d824cfec method=org.eclipse.jdt.internal.core.search.NameMatchRequestorWrapper.createTypeFromJar(Ljava/lang/String;I)Lorg/eclipse/jdt/core/IType; @ 18 c2
Event: 2480.709 Thread 0x00000177ed9bdcd0 DEOPT PACKING pc=0x00000177d824cfec sp=0x0000000a404fe3b0
Event: 2480.709 Thread 0x00000177ed9bdcd0 DEOPT UNPACKING pc=0x00000177d6fb3aa2 sp=0x0000000a404fe2b0 mode 2
Event: 2480.722 Thread 0x00000177ed9bdcd0 Uncommon trap: trap_request=0xffffff45 fr.pc=0x00000177d8201c70 relative=0x0000000000000290
Event: 2480.722 Thread 0x00000177ed9bdcd0 Uncommon trap: reason=unstable_if action=reinterpret pc=0x00000177d8201c70 method=org.eclipse.jdt.internal.compiler.parser.Scanner.scanIdentifier()Lorg/eclipse/jdt/internal/compiler/parser/TerminalToken; @ 340 c2
Event: 2480.722 Thread 0x00000177ed9bdcd0 DEOPT PACKING pc=0x00000177d8201c70 sp=0x0000000a404fdc40
Event: 2480.722 Thread 0x00000177ed9bdcd0 DEOPT UNPACKING pc=0x00000177d6fb3aa2 sp=0x0000000a404fdba0 mode 2
Event: 2481.972 Thread 0x00000177ed9bdcd0 Uncommon trap: trap_request=0xffffffd6 fr.pc=0x00000177d835d270 relative=0x0000000000009950
Event: 2481.972 Thread 0x00000177ed9bdcd0 Uncommon trap: reason=array_check action=maybe_recompile pc=0x00000177d835d270 method=org.eclipse.jdt.internal.core.util.ClassFileReader.<init>([BI)V @ 1458 c2
Event: 2481.972 Thread 0x00000177ed9bdcd0 DEOPT PACKING pc=0x00000177d835d270 sp=0x0000000a404fe180
Event: 2481.972 Thread 0x00000177ed9bdcd0 DEOPT UNPACKING pc=0x00000177d6fb3aa2 sp=0x0000000a404fe1a8 mode 2
Event: 2481.999 Thread 0x00000177ed9bdcd0 Uncommon trap: trap_request=0xffffffd6 fr.pc=0x00000177d835d270 relative=0x0000000000009950
Event: 2481.999 Thread 0x00000177ed9bdcd0 Uncommon trap: reason=array_check action=maybe_recompile pc=0x00000177d835d270 method=org.eclipse.jdt.internal.core.util.ClassFileReader.<init>([BI)V @ 1458 c2
Event: 2481.999 Thread 0x00000177ed9bdcd0 DEOPT PACKING pc=0x00000177d835d270 sp=0x0000000a404fe180
Event: 2481.999 Thread 0x00000177ed9bdcd0 DEOPT UNPACKING pc=0x00000177d6fb3aa2 sp=0x0000000a404fe1a8 mode 2

Classes loaded (20 events):
Event: 324.859 Loading class java/io/ObjectOutputStream$HandleTable
Event: 324.860 Loading class java/io/ObjectOutputStream$HandleTable done
Event: 324.860 Loading class java/io/ObjectOutputStream$ReplaceTable
Event: 324.860 Loading class java/io/ObjectOutputStream$ReplaceTable done
Event: 380.587 Loading class sun/reflect/generics/tree/IntSignature
Event: 380.588 Loading class sun/reflect/generics/tree/IntSignature done
Event: 881.820 Loading class java/io/SequenceInputStream
Event: 881.826 Loading class java/io/SequenceInputStream done
Event: 2376.943 Loading class java/util/stream/ReferencePipeline$4
Event: 2376.944 Loading class java/util/stream/ReferencePipeline$4 done
Event: 2376.945 Loading class java/util/stream/Nodes$IntFixedNodeBuilder
Event: 2376.946 Loading class java/util/stream/Node$Builder$OfInt
Event: 2376.946 Loading class java/util/stream/Node$Builder$OfInt done
Event: 2376.946 Loading class java/util/stream/Nodes$IntArrayNode
Event: 2376.947 Loading class java/util/stream/Nodes$IntArrayNode done
Event: 2376.947 Loading class java/util/stream/Nodes$IntFixedNodeBuilder done
Event: 2376.947 Loading class java/util/stream/ReferencePipeline$4$1
Event: 2376.947 Loading class java/util/stream/ReferencePipeline$4$1 done
Event: 2377.003 Loading class java/util/Hashtable$ValueCollection
Event: 2377.003 Loading class java/util/Hashtable$ValueCollection done

Classes unloaded (7 events):
Event: 21.252 Thread 0x00000177e33a4930 Unloading class 0x00000177811a9400 'java/lang/invoke/LambdaForm$MH+0x00000177811a9400'
Event: 21.252 Thread 0x00000177e33a4930 Unloading class 0x00000177811a9000 'java/lang/invoke/LambdaForm$MH+0x00000177811a9000'
Event: 21.252 Thread 0x00000177e33a4930 Unloading class 0x00000177811a8c00 'java/lang/invoke/LambdaForm$MH+0x00000177811a8c00'
Event: 21.252 Thread 0x00000177e33a4930 Unloading class 0x00000177811a8800 'java/lang/invoke/LambdaForm$MH+0x00000177811a8800'
Event: 21.252 Thread 0x00000177e33a4930 Unloading class 0x00000177811a8400 'java/lang/invoke/LambdaForm$BMH+0x00000177811a8400'
Event: 21.252 Thread 0x00000177e33a4930 Unloading class 0x00000177811a8000 'java/lang/invoke/LambdaForm$DMH+0x00000177811a8000'
Event: 21.252 Thread 0x00000177e33a4930 Unloading class 0x00000177811a6c00 'java/lang/invoke/LambdaForm$DMH+0x00000177811a6c00'

Classes redefined (0 events):
No events

Internal exceptions (20 events):
Event: 2108.305 Thread 0x00000177edbf2560 Exception <a 'sun/nio/fs/WindowsException'{0x00000000d62c45b0}> (0x00000000d62c45b0) 
thrown [s\src\hotspot\share\prims\jni.cpp, line 520]
Event: 2108.305 Thread 0x00000177edbf2560 Exception <a 'sun/nio/fs/WindowsException'{0x00000000d62c4e78}> (0x00000000d62c4e78) 
thrown [s\src\hotspot\share\prims\jni.cpp, line 520]
Event: 2108.305 Thread 0x00000177edbf2560 Exception <a 'sun/nio/fs/WindowsException'{0x00000000d62c6390}> (0x00000000d62c6390) 
thrown [s\src\hotspot\share\prims\jni.cpp, line 520]
Event: 2108.305 Thread 0x00000177edbf2560 Exception <a 'sun/nio/fs/WindowsException'{0x00000000d62c6c58}> (0x00000000d62c6c58) 
thrown [s\src\hotspot\share\prims\jni.cpp, line 520]
Event: 2108.306 Thread 0x00000177edbf2560 Exception <a 'sun/nio/fs/WindowsException'{0x00000000d62c8170}> (0x00000000d62c8170) 
thrown [s\src\hotspot\share\prims\jni.cpp, line 520]
Event: 2108.306 Thread 0x00000177edbf2560 Exception <a 'sun/nio/fs/WindowsException'{0x00000000d62c8a38}> (0x00000000d62c8a38) 
thrown [s\src\hotspot\share\prims\jni.cpp, line 520]
Event: 2108.306 Thread 0x00000177edbf2560 Exception <a 'sun/nio/fs/WindowsException'{0x00000000d62c9f50}> (0x00000000d62c9f50) 
thrown [s\src\hotspot\share\prims\jni.cpp, line 520]
Event: 2108.306 Thread 0x00000177edbf2560 Exception <a 'sun/nio/fs/WindowsException'{0x00000000d62ca818}> (0x00000000d62ca818) 
thrown [s\src\hotspot\share\prims\jni.cpp, line 520]
Event: 2108.307 Thread 0x00000177edbf2560 Exception <a 'sun/nio/fs/WindowsException'{0x00000000d62cbd30}> (0x00000000d62cbd30) 
thrown [s\src\hotspot\share\prims\jni.cpp, line 520]
Event: 2108.307 Thread 0x00000177edbf2560 Exception <a 'sun/nio/fs/WindowsException'{0x00000000d62cc5f8}> (0x00000000d62cc5f8) 
thrown [s\src\hotspot\share\prims\jni.cpp, line 520]
Event: 2108.307 Thread 0x00000177edbf2560 Exception <a 'sun/nio/fs/WindowsException'{0x00000000d62cdb10}> (0x00000000d62cdb10) 
thrown [s\src\hotspot\share\prims\jni.cpp, line 520]
Event: 2108.307 Thread 0x00000177edbf2560 Exception <a 'sun/nio/fs/WindowsException'{0x00000000d62ce3d8}> (0x00000000d62ce3d8) 
thrown [s\src\hotspot\share\prims\jni.cpp, line 520]
Event: 2108.308 Thread 0x00000177edbf2560 Exception <a 'sun/nio/fs/WindowsException'{0x00000000d62cf830}> (0x00000000d62cf830) 
thrown [s\src\hotspot\share\prims\jni.cpp, line 520]
Event: 2108.308 Thread 0x00000177edbf2560 Exception <a 'sun/nio/fs/WindowsException'{0x00000000d62d0338}> (0x00000000d62d0338) 
thrown [s\src\hotspot\share\prims\jni.cpp, line 520]
Event: 2108.309 Thread 0x00000177edbf2560 Exception <a 'sun/nio/fs/WindowsException'{0x00000000d62d30c0}> (0x00000000d62d30c0) 
thrown [s\src\hotspot\share\prims\jni.cpp, line 520]
Event: 2108.309 Thread 0x00000177edbf2560 Exception <a 'sun/nio/fs/WindowsException'{0x00000000d62d3988}> (0x00000000d62d3988) 
thrown [s\src\hotspot\share\prims\jni.cpp, line 520]
Event: 2108.309 Thread 0x00000177edbf2560 Exception <a 'sun/nio/fs/WindowsException'{0x00000000d62d5120}> (0x00000000d62d5120) 
thrown [s\src\hotspot\share\prims\jni.cpp, line 520]
Event: 2108.309 Thread 0x00000177edbf2560 Exception <a 'sun/nio/fs/WindowsException'{0x00000000d62d59e8}> (0x00000000d62d59e8) 
thrown [s\src\hotspot\share\prims\jni.cpp, line 520]
Event: 2375.928 Thread 0x00000177edbf7ab0 Exception <a 'java/lang/NoSuchMethodError'{0x00000000d66b6a00}: 'java.lang.Object java.lang.invoke.DirectMethodHandle$Holder.invokeVirtual(java.lang.Object, java.lang.Object, int)'> (0x00000000d66b6a00) 
thrown [s\src\hotspot\share\interpreter\linkResolver.cpp, line 773]
Event: 2474.192 Thread 0x00000177ed9bdcd0 Implicit null exception at 0x00000177d82016da to 0x00000177d8201733

ZGC Phase Switch (0 events):
No events

VM Operations (20 events):
Event: 2481.704 Executing safepoint VM operation: ParallelGCFailedAllocation (Allocation Failure)
Event: 2481.706 Executing safepoint VM operation: ParallelGCFailedAllocation (Allocation Failure) done
Event: 2481.728 Executing safepoint VM operation: ParallelGCFailedAllocation (Allocation Failure)
Event: 2481.730 Executing safepoint VM operation: ParallelGCFailedAllocation (Allocation Failure) done
Event: 2481.747 Executing safepoint VM operation: ParallelGCFailedAllocation (Allocation Failure)
Event: 2481.748 Executing safepoint VM operation: ParallelGCFailedAllocation (Allocation Failure) done
Event: 2481.771 Executing safepoint VM operation: ParallelGCFailedAllocation (Allocation Failure)
Event: 2481.772 Executing safepoint VM operation: ParallelGCFailedAllocation (Allocation Failure) done
Event: 2481.838 Executing safepoint VM operation: ParallelGCFailedAllocation (Allocation Failure)
Event: 2481.842 Executing safepoint VM operation: ParallelGCFailedAllocation (Allocation Failure) done
Event: 2481.904 Executing safepoint VM operation: ParallelGCFailedAllocation (Allocation Failure)
Event: 2481.906 Executing safepoint VM operation: ParallelGCFailedAllocation (Allocation Failure) done
Event: 2481.982 Executing safepoint VM operation: ParallelGCFailedAllocation (Allocation Failure)
Event: 2481.984 Executing safepoint VM operation: ParallelGCFailedAllocation (Allocation Failure) done
Event: 2482.019 Executing safepoint VM operation: ParallelGCFailedAllocation (Allocation Failure)
Event: 2482.021 Executing safepoint VM operation: ParallelGCFailedAllocation (Allocation Failure) done
Event: 2482.062 Executing safepoint VM operation: ParallelGCFailedAllocation (Allocation Failure)
Event: 2482.063 Executing safepoint VM operation: ParallelGCFailedAllocation (Allocation Failure) done
Event: 2482.117 Executing safepoint VM operation: ParallelGCFailedAllocation (Allocation Failure)
Event: 2482.121 Executing safepoint VM operation: ParallelGCFailedAllocation (Allocation Failure) done

Memory protections (0 events):
No events

Nmethod flushes (20 events):
Event: 251.277 Thread 0x00000177e33a4930 flushing  nmethod 0x00000177d0be4690
Event: 251.277 Thread 0x00000177e33a4930 flushing  nmethod 0x00000177d0be4b10
Event: 251.278 Thread 0x00000177e33a4930 flushing  nmethod 0x00000177d0be5210
Event: 251.278 Thread 0x00000177e33a4930 flushing  nmethod 0x00000177d0be5690
Event: 251.278 Thread 0x00000177e33a4930 flushing  nmethod 0x00000177d0be6110
Event: 251.278 Thread 0x00000177e33a4930 flushing  nmethod 0x00000177d0bec510
Event: 251.278 Thread 0x00000177e33a4930 flushing  nmethod 0x00000177d0bedd10
Event: 251.278 Thread 0x00000177e33a4930 flushing  nmethod 0x00000177d0bef390
Event: 251.278 Thread 0x00000177e33a4930 flushing  nmethod 0x00000177d0bf2210
Event: 251.278 Thread 0x00000177e33a4930 flushing  nmethod 0x00000177d0bf3310
Event: 251.278 Thread 0x00000177e33a4930 flushing  nmethod 0x00000177d0c25710
Event: 251.278 Thread 0x00000177e33a4930 flushing  nmethod 0x00000177d0c2a790
Event: 251.278 Thread 0x00000177e33a4930 flushing  nmethod 0x00000177d0c30990
Event: 251.278 Thread 0x00000177e33a4930 flushing  nmethod 0x00000177d0c53810
Event: 251.278 Thread 0x00000177e33a4930 flushing  nmethod 0x00000177d0c54090
Event: 251.278 Thread 0x00000177e33a4930 flushing  nmethod 0x00000177d0c63890
Event: 251.278 Thread 0x00000177e33a4930 flushing  nmethod 0x00000177d0c64c10
Event: 251.278 Thread 0x00000177e33a4930 flushing  nmethod 0x00000177d0c65d10
Event: 251.278 Thread 0x00000177e33a4930 flushing  nmethod 0x00000177d0cb6090
Event: 251.278 Thread 0x00000177e33a4930 flushing  nmethod 0x00000177d0cb6d10

Events (20 events):
Event: 2373.340 Thread 0x00000177cc9cddc0 Thread added: 0x00000177f163a300
Event: 2373.701 Thread 0x00000177f163a300 Thread exited: 0x00000177f163a300
Event: 2373.727 Thread 0x00000177cc9c5ba0 Thread added: 0x00000177f1638e90
Event: 2374.682 Thread 0x00000177f1638e90 Thread exited: 0x00000177f1638e90
Event: 2376.970 Thread 0x00000177cc9c5ba0 Thread added: 0x00000177f163a300
Event: 2376.970 Thread 0x00000177cc9c5ba0 Thread added: 0x00000177f163b0a0
Event: 2377.625 Thread 0x00000177f163b0a0 Thread exited: 0x00000177f163b0a0
Event: 2377.769 Thread 0x00000177f163a300 Thread exited: 0x00000177f163a300
Event: 2447.249 Thread 0x00000177ed9c17e0 Thread exited: 0x00000177ed9c17e0
Event: 2471.233 Thread 0x00000177e4902b50 Thread added: 0x00000177ed9c17e0
Event: 2472.169 Thread 0x00000177cc9cddc0 Thread added: 0x00000177f163a300
Event: 2473.854 Thread 0x00000177f163a300 Thread exited: 0x00000177f163a300
Event: 2474.491 Thread 0x00000177cc9cddc0 Thread added: 0x00000177f163b0a0
Event: 2474.850 Thread 0x00000177f163b0a0 Thread exited: 0x00000177f163b0a0
Event: 2476.313 Thread 0x00000177cc9cddc0 Thread added: 0x00000177f1638e90
Event: 2476.815 Thread 0x00000177f1638e90 Thread exited: 0x00000177f1638e90
Event: 2478.809 Thread 0x00000177cc9c5ba0 Thread added: 0x00000177f1638e90
Event: 2479.109 Thread 0x00000177f1638e90 Thread exited: 0x00000177f1638e90
Event: 2479.768 Thread 0x00000177cc9c5ba0 Thread added: 0x00000177f163a300
Event: 2479.964 Thread 0x00000177f163a300 Thread exited: 0x00000177f163a300


Dynamic libraries:
0x00007ff6aa2a0000 - 0x00007ff6aa2ae000 	c:\Users\jibri\.antigravity\extensions\redhat.java-1.54.0-win32-x64\jre\21.0.10-win32-x86_64\bin\java.exe
0x00007ff961580000 - 0x00007ff9617e7000 	C:\WINDOWS\SYSTEM32\ntdll.dll
0x00007ff960eb0000 - 0x00007ff960f79000 	C:\WINDOWS\System32\KERNEL32.DLL
0x00007ff95ee60000 - 0x00007ff95f254000 	C:\WINDOWS\System32\KERNELBASE.dll
0x00007ff95ed10000 - 0x00007ff95ee5b000 	C:\WINDOWS\System32\ucrtbase.dll
0x00007ff959380000 - 0x00007ff95939e000 	c:\Users\jibri\.antigravity\extensions\redhat.java-1.54.0-win32-x64\jre\21.0.10-win32-x86_64\bin\VCRUNTIME140.dll
0x00007ff959330000 - 0x00007ff959348000 	c:\Users\jibri\.antigravity\extensions\redhat.java-1.54.0-win32-x64\jre\21.0.10-win32-x86_64\bin\jli.dll
0x00007ff95f7b0000 - 0x00007ff95f975000 	C:\WINDOWS\System32\USER32.dll
0x00007ff95ece0000 - 0x00007ff95ed07000 	C:\WINDOWS\System32\win32u.dll
0x00007ff960580000 - 0x00007ff9605ab000 	C:\WINDOWS\System32\GDI32.dll
0x00007ff93a180000 - 0x00007ff93a413000 	C:\WINDOWS\WinSxS\amd64_microsoft.windows.common-controls_6595b64144ccf1df_6.0.26100.8115_none_3e075c82e3354f9c\COMCTL32.dll
0x00007ff95ebb0000 - 0x00007ff95ecdb000 	C:\WINDOWS\System32\gdi32full.dll
0x00007ff95f510000 - 0x00007ff95f5b9000 	C:\WINDOWS\System32\msvcrt.dll
0x00007ff95f260000 - 0x00007ff95f303000 	C:\WINDOWS\System32\msvcp_win.dll
0x00007ff9613a0000 - 0x00007ff9613d2000 	C:\WINDOWS\System32\IMM32.DLL
0x00007ff954170000 - 0x00007ff95417c000 	c:\Users\jibri\.antigravity\extensions\redhat.java-1.54.0-win32-x64\jre\21.0.10-win32-x86_64\bin\vcruntime140_1.dll
0x00007ff8ad030000 - 0x00007ff8ad0bd000 	c:\Users\jibri\.antigravity\extensions\redhat.java-1.54.0-win32-x64\jre\21.0.10-win32-x86_64\bin\msvcp140.dll
0x00007ff887b90000 - 0x00007ff888931000 	c:\Users\jibri\.antigravity\extensions\redhat.java-1.54.0-win32-x64\jre\21.0.10-win32-x86_64\bin\server\jvm.dll
0x00007ff95fd10000 - 0x00007ff95fdc6000 	C:\WINDOWS\System32\ADVAPI32.dll
0x00007ff9612f0000 - 0x00007ff961397000 	C:\WINDOWS\System32\sechost.dll
0x00007ff95ffd0000 - 0x00007ff9600e8000 	C:\WINDOWS\System32\RPCRT4.dll
0x00007ff9614b0000 - 0x00007ff961530000 	C:\WINDOWS\System32\WS2_32.dll
0x00007ff95dcb0000 - 0x00007ff95dd0e000 	C:\WINDOWS\SYSTEM32\POWRPROF.dll
0x00007ff948a80000 - 0x00007ff948ab6000 	C:\WINDOWS\SYSTEM32\WINMM.dll
0x00007ff956fe0000 - 0x00007ff956feb000 	C:\WINDOWS\SYSTEM32\VERSION.dll
0x00007ff95dc90000 - 0x00007ff95dca4000 	C:\WINDOWS\SYSTEM32\UMPDC.dll
0x00007ff95cb10000 - 0x00007ff95cb2b000 	C:\WINDOWS\SYSTEM32\kernel.appcore.dll
0x00007ff93e6c0000 - 0x00007ff93e6ca000 	c:\Users\jibri\.antigravity\extensions\redhat.java-1.54.0-win32-x64\jre\21.0.10-win32-x86_64\bin\jimage.dll
0x00007ff95be10000 - 0x00007ff95c052000 	C:\WINDOWS\SYSTEM32\DBGHELP.DLL
0x00007ff95f980000 - 0x00007ff95fd02000 	C:\WINDOWS\System32\combase.dll
0x00007ff9605b0000 - 0x00007ff960688000 	C:\WINDOWS\System32\OLEAUT32.dll
0x00007ff932a30000 - 0x00007ff932a6b000 	C:\WINDOWS\SYSTEM32\dbgcore.DLL
0x00007ff95e750000 - 0x00007ff95e7f5000 	C:\WINDOWS\System32\bcryptPrimitives.dll
0x00007ff92ee50000 - 0x00007ff92ee5f000 	c:\Users\jibri\.antigravity\extensions\redhat.java-1.54.0-win32-x64\jre\21.0.10-win32-x86_64\bin\instrument.dll
0x00007ff91bc70000 - 0x00007ff91bc90000 	c:\Users\jibri\.antigravity\extensions\redhat.java-1.54.0-win32-x64\jre\21.0.10-win32-x86_64\bin\java.dll
0x00007ff960740000 - 0x00007ff960ea7000 	C:\WINDOWS\System32\SHELL32.dll
0x00007ff95e800000 - 0x00007ff95e96a000 	C:\WINDOWS\System32\wintypes.dll
0x00007ff95dee0000 - 0x00007ff95e748000 	C:\WINDOWS\System32\windows.storage.dll
0x00007ff95f410000 - 0x00007ff95f508000 	C:\WINDOWS\System32\SHCORE.dll
0x00007ff961280000 - 0x00007ff9612e6000 	C:\WINDOWS\System32\shlwapi.dll
0x00007ff95dd70000 - 0x00007ff95dd99000 	C:\WINDOWS\SYSTEM32\profapi.dll
0x00007ff907310000 - 0x00007ff907328000 	c:\Users\jibri\.antigravity\extensions\redhat.java-1.54.0-win32-x64\jre\21.0.10-win32-x86_64\bin\zip.dll
0x00007ff926280000 - 0x00007ff926290000 	C:\Users\jibri\.antigravity\extensions\redhat.java-1.54.0-win32-x64\jre\21.0.10-win32-x86_64\bin\net.dll
0x00007ff956e80000 - 0x00007ff956fad000 	C:\WINDOWS\SYSTEM32\WINHTTP.dll
0x00007ff95d130000 - 0x00007ff95d19c000 	C:\WINDOWS\system32\mswsock.dll
0x00007ff901e40000 - 0x00007ff901e56000 	C:\Users\jibri\.antigravity\extensions\redhat.java-1.54.0-win32-x64\jre\21.0.10-win32-x86_64\bin\nio.dll
0x00007ff921b60000 - 0x00007ff921b70000 	c:\Users\jibri\.antigravity\extensions\redhat.java-1.54.0-win32-x64\jre\21.0.10-win32-x86_64\bin\verify.dll
0x00007ff906ff0000 - 0x00007ff907035000 	C:\Users\jibri\AppData\Roaming\Antigravity\User\globalStorage\redhat.java\1.54.0\config_win\org.eclipse.equinox.launcher\org.eclipse.equinox.launcher.win32.win32.x86_64_1.3.0.v20260203-2149\eclipse_11919.dll
0x00007ff95f5c0000 - 0x00007ff95f757000 	C:\WINDOWS\System32\ole32.dll
0x00007ff95d430000 - 0x00007ff95d44b000 	C:\WINDOWS\SYSTEM32\CRYPTSP.dll
0x00007ff95cb30000 - 0x00007ff95cb69000 	C:\WINDOWS\system32\rsaenh.dll
0x00007ff95d200000 - 0x00007ff95d233000 	C:\WINDOWS\SYSTEM32\USERENV.dll
0x00007ff95dd40000 - 0x00007ff95dd6a000 	C:\WINDOWS\SYSTEM32\bcrypt.dll
0x00007ff95d450000 - 0x00007ff95d45c000 	C:\WINDOWS\SYSTEM32\CRYPTBASE.dll
0x00007ff95c580000 - 0x00007ff95c5b2000 	C:\WINDOWS\SYSTEM32\IPHLPAPI.DLL
0x00007ff95ffc0000 - 0x00007ff95ffca000 	C:\WINDOWS\System32\NSI.dll
0x00007ff8a9040000 - 0x00007ff8a9089000 	C:\Users\jibri\AppData\Local\Temp\jna-101119098\jna831498488440439051.dll
0x00007ff960f80000 - 0x00007ff960f88000 	C:\WINDOWS\System32\PSAPI.DLL
0x00007ff91bb90000 - 0x00007ff91bb9a000 	C:\Users\jibri\.antigravity\extensions\redhat.java-1.54.0-win32-x64\jre\21.0.10-win32-x86_64\bin\management.dll
0x00007ff91b7c0000 - 0x00007ff91b7cc000 	C:\Users\jibri\.antigravity\extensions\redhat.java-1.54.0-win32-x64\jre\21.0.10-win32-x86_64\bin\management_ext.dll
0x00007ff957020000 - 0x00007ff95703d000 	C:\WINDOWS\SYSTEM32\dhcpcsvc6.DLL
0x00007ff956ff0000 - 0x00007ff957015000 	C:\WINDOWS\SYSTEM32\dhcpcsvc.DLL
0x00007ff8a37d0000 - 0x00007ff8a37f7000 	C:\Users\jibri\.gradle\native\1def1411415f61bf3af743bc5b6707747c0891f09f0c88961ee8f79bc544acac\windows-amd64\native-platform.dll
0x00007ff9202d0000 - 0x00007ff9202de000 	C:\Users\jibri\.antigravity\extensions\redhat.java-1.54.0-win32-x64\jre\21.0.10-win32-x86_64\bin\sunmscapi.dll
0x00007ff95e970000 - 0x00007ff95eae7000 	C:\WINDOWS\System32\CRYPT32.dll
0x00007ff95d650000 - 0x00007ff95d680000 	C:\WINDOWS\SYSTEM32\ncrypt.dll
0x00007ff95d600000 - 0x00007ff95d63f000 	C:\WINDOWS\SYSTEM32\NTASN1.dll
0x00007ff95c670000 - 0x00007ff95c7a2000 	C:\WINDOWS\SYSTEM32\DNSAPI.dll
0x00007ff94ba70000 - 0x00007ff94ba7b000 	C:\Windows\System32\rasadhlp.dll
0x00007ff94f960000 - 0x00007ff94f9e6000 	C:\WINDOWS\System32\fwpuclnt.dll
0x00007ff91bbe0000 - 0x00007ff91bbe9000 	C:\Users\jibri\.antigravity\extensions\redhat.java-1.54.0-win32-x64\jre\21.0.10-win32-x86_64\bin\extnet.dll
0x00007ff9329b0000 - 0x00007ff9329b8000 	C:\WINDOWS\system32\wshunix.dll
0x00007ff9267e0000 - 0x00007ff926807000 	C:\Users\jibri\.gradle\native\c067742578af261105cb4f569cf0c3c89f3d7b1fecec35dd04571415982c5e48\windows-amd64\native-platform.dll
0x00007ff8a8e60000 - 0x00007ff8a8e86000 	C:\Users\jibri\.gradle\native\29\windows-amd64\native-platform.dll
0x00007ff8a6a40000 - 0x00007ff8a6a67000 	C:\Users\jibri\.gradle\native\e1d6ef7f7dcc3fd88c89a11ec53ec762bb8ba0a96d01ffa2cd45eb1d1d8dd5c5\windows-amd64\native-platform.dll

JVMTI agents:
c:\Users\jibri\.antigravity\extensions\redhat.java-1.54.0-win32-x64\lombok\lombok-1.18.39-4050.jar path:c:\Users\jibri\.antigravity\extensions\redhat.java-1.54.0-win32-x64\jre\21.0.10-win32-x86_64\bin\instrument.dll, loaded, initialized, instrumentlib options:none

dbghelp: loaded successfully - version: 4.0.5 - missing functions: none
symbol engine: initialized successfully - sym options: 0x614 - pdb path: .;c:\Users\jibri\.antigravity\extensions\redhat.java-1.54.0-win32-x64\jre\21.0.10-win32-x86_64\bin;C:\WINDOWS\SYSTEM32;C:\WINDOWS\WinSxS\amd64_microsoft.windows.common-controls_6595b64144ccf1df_6.0.26100.8115_none_3e075c82e3354f9c;c:\Users\jibri\.antigravity\extensions\redhat.java-1.54.0-win32-x64\jre\21.0.10-win32-x86_64\bin\server;C:\Users\jibri\AppData\Roaming\Antigravity\User\globalStorage\redhat.java\1.54.0\config_win\org.eclipse.equinox.launcher\org.eclipse.equinox.launcher.win32.win32.x86_64_1.3.0.v20260203-2149;C:\Users\jibri\AppData\Local\Temp\jna-101119098;C:\Users\jibri\.gradle\native\1def1411415f61bf3af743bc5b6707747c0891f09f0c88961ee8f79bc544acac\windows-amd64;C:\Users\jibri\.gradle\native\c067742578af261105cb4f569cf0c3c89f3d7b1fecec35dd04571415982c5e48\windows-amd64;C:\Users\jibri\.gradle\native\29\windows-amd64;C:\Users\jibri\.gradle\native\e1d6ef7f7dcc3fd88c89a11ec53ec762bb8ba0a96d01ffa2cd45eb1d1d8dd5c5\windows-amd64

VM Arguments:
jvm_args: --add-modules=ALL-SYSTEM --add-opens=java.base/java.util=ALL-UNNAMED --add-opens=java.base/java.lang=ALL-UNNAMED --add-opens=java.base/sun.nio.fs=ALL-UNNAMED -Declipse.application=org.eclipse.jdt.ls.core.id1 -Dosgi.bundles.defaultStartLevel=4 -Declipse.product=org.eclipse.jdt.ls.core.product -Djava.import.generatesMetadataFilesAtProjectRoot=false -DDetectVMInstallationsJob.disabled=true -Dfile.encoding=utf8 -XX:+UseParallelGC -XX:GCTimeRatio=4 -XX:AdaptiveSizePolicyWeight=90 -Dsun.zip.disableMemoryMapping=true -Xmx2G -Xms100m -Xlog:disable -javaagent:c:\Users\jibri\.antigravity\extensions\redhat.java-1.54.0-win32-x64\lombok\lombok-1.18.39-4050.jar -XX:+HeapDumpOnOutOfMemoryError -XX:HeapDumpPath=c:\Users\jibri\AppData\Roaming\Antigravity\User\workspaceStorage\8b75b7c593fc459511d45e689933c160\redhat.java -Daether.dependencyCollector.impl=bf 
java_command: c:\Users\jibri\.antigravity\extensions\redhat.java-1.54.0-win32-x64\server\plugins\org.eclipse.equinox.launcher_1.7.100.v20251111-0406.jar -configuration c:\Users\jibri\AppData\Roaming\Antigravity\User\globalStorage\redhat.java\1.54.0\config_win -data c:\Users\jibri\AppData\Roaming\Antigravity\User\workspaceStorage\8b75b7c593fc459511d45e689933c160\redhat.java\jdt_ws --pipe=\\.\pipe\lsp-6fe12dd47e22576ac5d9df5b96eda393-sock
java_class_path (initial): c:\Users\jibri\.antigravity\extensions\redhat.java-1.54.0-win32-x64\server\plugins\org.eclipse.equinox.launcher_1.7.100.v20251111-0406.jar
Launcher Type: SUN_STANDARD

[Global flags]
    uintx AdaptiveSizePolicyWeight                 = 90                                        {product} {command line}
     intx CICompilerCount                          = 12                                        {product} {ergonomic}
    uintx GCTimeRatio                              = 4                                         {product} {command line}
     bool HeapDumpOnOutOfMemoryError               = true                                   {manageable} {command line}
    ccstr HeapDumpPath                             = c:\Users\jibri\AppData\Roaming\Antigravity\User\workspaceStorage\8b75b7c593fc459511d45e689933c160\redhat.java         {manageable} {command line}
   size_t InitialHeapSize                          = 104857600                                 {product} {command line}
   size_t MaxHeapSize                              = 2147483648                                {product} {command line}
   size_t MaxNewSize                               = 715653120                                 {product} {ergonomic}
   size_t MinHeapDeltaBytes                        = 524288                                    {product} {ergonomic}
   size_t MinHeapSize                              = 104857600                                 {product} {command line}
   size_t NewSize                                  = 34603008                                  {product} {ergonomic}
    uintx NonNMethodCodeHeapSize                   = 7602480                                {pd product} {ergonomic}
    uintx NonProfiledCodeHeapSize                  = 122027880                              {pd product} {ergonomic}
   size_t OldSize                                  = 70254592                                  {product} {ergonomic}
    uintx ProfiledCodeHeapSize                     = 122027880                              {pd product} {ergonomic}
    uintx ReservedCodeCacheSize                    = 251658240                              {pd product} {ergonomic}
     bool SegmentedCodeCache                       = true                                      {product} {ergonomic}
   size_t SoftMaxHeapSize                          = 2147483648                             {manageable} {ergonomic}
     bool UseCompressedOops                        = true                           {product lp64_product} {ergonomic}
     bool UseLargePagesIndividualAllocation        = false                                  {pd product} {ergonomic}
     bool UseParallelGC                            = true                                      {product} {command line}

Logging:
Log output configuration:
 #0: stdout all=off uptime,level,tags foldmultilines=false
 #1: stderr all=off uptime,level,tags foldmultilines=false

Release file:
JAVA_VERSION="21.0.10" 
MODULES="java.base java.compiler java.datatransfer java.xml java.prefs java.desktop java.instrument java.logging java.management java.security.sasl java.naming java.rmi java.management.rmi java.net.http java.scripting java.security.jgss java.transaction.xa java.sql java.sql.rowset java.xml.crypto java.se java.smartcardio jdk.accessibility jdk.internal.jvmstat jdk.attach jdk.charsets jdk.internal.opt jdk.zipfs jdk.compiler jdk.crypto.ec jdk.crypto.cryptoki jdk.crypto.mscapi jdk.dynalink jdk.internal.ed jdk.editpad jdk.hotspot.agent jdk.httpserver jdk.internal.le jdk.internal.vm.ci jdk.internal.vm.compiler jdk.internal.vm.compiler.management jdk.jartool jdk.javadoc jdk.jcmd jdk.management jdk.management.agent jdk.jconsole jdk.jdeps jdk.jdwp.agent jdk.jdi jdk.jfr jdk.jshell jdk.jsobject jdk.jstatd jdk.localedata jdk.management.jfr jdk.naming.dns jdk.naming.rmi jdk.net jdk.nio.mapmode jdk.random jdk.sctp jdk.security.auth jdk.security.jgss jdk.unsupported jdk.unsupported.desktop jdk.xml.dom" 

Environment Variables:
JAVA_HOME=C:\Program Files\Java\jdk-17
PATH=C:\Program Files\Microsoft\jdk-17.0.16.8-hotspot\bin;C:\ProgramData\Oracle\Java\javapath;C:\Program Files\NVIDIA GPU Computing Toolkit\CUDA\v12.8\bin;C:\Program Files\NVIDIA GPU Computing Toolkit\CUDA\v12.8\libnvvp;C:\Program Files\Common Files\Oracle\Java\javapath;C:\PHP\phpoldversion\;C:\Windows\system32;C:\Windows;C:\Windows\System32\Wbem;C:\Windows\System32\WindowsPowerShell\v1.0\;C:\Windows\System32\OpenSSH\;C:\Program Files (x86)\NVIDIA Corporation\PhysX\Common;C:\Program Files\Microsoft SQL Server\150\Tools\Binn\;C:\Program Files\Microsoft SQL Server\Client SDK\ODBC\170\Tools\Binn\;C:\ProgramData\ComposerSetup\bin;C:\Users\jibri\.config\herd\bin\nvm;C:\Program Files\nodejs;C:\Program Files\Java\jdk-17\bin;C:\xampp\php;C:\WINDOWS\system32;C:\WINDOWS;C:\WINDOWS\System32\Wbem;C:\WINDOWS\System32\WindowsPowerShell\v1.0\;C:\WINDOWS\System32\OpenSSH\;C:\Program Files\nodejs\;C:\Program Files\Git\cmd;C:\Program Files\Git\bin;C:\Users\jibri\AppData\Local\Pub\Cache\bin;C:\Program Files\NVIDIA Corporation\NVIDIA app\NvDLISR;C:\Program Files\heroku\bin;C:\Program Files\NVIDIA Corporation\Nsight Compute 2025.1.1\;C:\ProgramData\chocolatey\bin;C:\Users\jibri\AppData\Local\Programs\Python\Python310\Scripts;C:\Program Files\dotnet\;C:\Program Files (x86)\Windows Kits\10\Windows Performance Toolkit\;C:\Users\jibri\AppData\Local\Android\Sdk\platform-tools;C:\Program Files\Docker\Docker\resources\bin;C:\Program Files\MySQL\MySQL Shell 8.0\bin\;C:\Users\jibri\AppData\Local\Programs\Python\Python310\Scripts\;C:\Users\jibri\AppData\Local\Programs\Python\Python310\;C:\Users\jibri\.config\herd\bin;C:\Users\jibri\AppData\Local\Microsoft\WindowsApps;C:\Users\jibri\AppData\Local\Programs\Microsoft VS Code\bin;C:\Users\jibri\AppData\Roaming\Composer\vendor\bin;C:\flutter\flutter\bin;C:\Users\jibri\AppData\Roaming\npm;C:\Program Files\Git;C:\Users\jibri\AppData\Local\Pub\Cache\bin;C:\Program Files\heroku\bin;C:\Users\jibri\.dotnet\tools;C:\AppServ\Apache24\bin;C:\AppServ\php7;C:\AppServ\MySQL\bin;C:\Users\jibri\AppData\Local\Android\Sdk\build-tools;C:\ProgramData\chocolatey\bin;C:\Program Files\nodejs\;C:\Users\jibri\AppData\Local\Programs\cursor\resources\app\bin;C:\Users\jibri\AppData\Local\Programs\Antigravity\bin
USERNAME=jibri
OS=Windows_NT
PROCESSOR_IDENTIFIER=Intel64 Family 6 Model 191 Stepping 2, GenuineIntel
TMP=C:\Users\jibri\AppData\Local\Temp
TEMP=C:\Users\jibri\AppData\Local\Temp




Periodic native trim disabled

---------------  S Y S T E M  ---------------

OS:
 Windows 11 , 64 bit Build 26100 (10.0.26100.8246)
OS uptime: 0 days 1:01 hours
Hyper-V role detected

CPU: total 20 (initial active 20) (10 cores per cpu, 2 threads per core) family 6 model 191 stepping 2 microcode 0x2c, cx8, cmov, fxsr, ht, mmx, 3dnowpref, sse, sse2, sse3, ssse3, sse4.1, sse4.2, popcnt, lzcnt, tsc, tscinvbit, avx, avx2, aes, erms, clmul, bmi1, bmi2, adx, sha, fma, vzeroupper, clflush, clflushopt, clwb, hv, serialize, rdtscp, rdpid, fsrm, f16c, cet_ibt, cet_ss
Processor Information for processor 0
  Max Mhz: 2500, Current Mhz: 2500, Mhz Limit: 2500
Processor Information for processor 1
  Max Mhz: 2500, Current Mhz: 2500, Mhz Limit: 2500
Processor Information for processor 2
  Max Mhz: 2500, Current Mhz: 2500, Mhz Limit: 2500
Processor Information for processor 3
  Max Mhz: 2500, Current Mhz: 2500, Mhz Limit: 2500
Processor Information for processor 4
  Max Mhz: 2500, Current Mhz: 2500, Mhz Limit: 2500
Processor Information for processor 5
  Max Mhz: 2500, Current Mhz: 2500, Mhz Limit: 2500
Processor Information for processor 6
  Max Mhz: 2500, Current Mhz: 2500, Mhz Limit: 2500
Processor Information for processor 7
  Max Mhz: 2500, Current Mhz: 2500, Mhz Limit: 2500
Processor Information for processor 8
  Max Mhz: 2500, Current Mhz: 2500, Mhz Limit: 2500
Processor Information for processor 9
  Max Mhz: 2500, Current Mhz: 2500, Mhz Limit: 2500
Processor Information for processor 10
  Max Mhz: 2500, Current Mhz: 2500, Mhz Limit: 2500
Processor Information for processor 11
  Max Mhz: 2500, Current Mhz: 2500, Mhz Limit: 2500
Processor Information for processor 12
  Max Mhz: 2500, Current Mhz: 1800, Mhz Limit: 1800
Processor Information for processor 13
  Max Mhz: 2500, Current Mhz: 1800, Mhz Limit: 1800
Processor Information for processor 14
  Max Mhz: 2500, Current Mhz: 1800, Mhz Limit: 1800
Processor Information for processor 15
  Max Mhz: 2500, Current Mhz: 1800, Mhz Limit: 1800
Processor Information for processor 16
  Max Mhz: 2500, Current Mhz: 1800, Mhz Limit: 1800
Processor Information for processor 17
  Max Mhz: 2500, Current Mhz: 1800, Mhz Limit: 1800
Processor Information for processor 18
  Max Mhz: 2500, Current Mhz: 1800, Mhz Limit: 1800
Processor Information for processor 19
  Max Mhz: 2500, Current Mhz: 1800, Mhz Limit: 1800

Memory: 4k page, system-wide physical 7911M (470M free)
TotalPageFile size 32487M (AvailPageFile size 57M)
current process WorkingSet (physical memory assigned to process): 474M, peak: 652M
current process commit charge ("private bytes"): 1432M, peak: 1433M

vm_info: OpenJDK 64-Bit Server VM (21.0.10+7-LTS) for windows-amd64 JRE (21.0.10+7-LTS), built on 2026-01-20T00:00:00Z by "admin" with MS VC++ 17.12 (VS2022)

END.
