#
# There is insufficient memory for the Java Runtime Environment to continue.
# Native memory allocation (malloc) failed to allocate 1644560 bytes. Error detail: Chunk::new
# Possible reasons:
#   The system is out of physical RAM or swap space
#   This process is running with CompressedOops enabled, and the Java Heap may be blocking the growth of the native heap
# Possible solutions:
#   Reduce memory load on the system
#   Increase physical memory or swap space
#   Check if swap backing store is full
#   Decrease Java heap size (-Xmx/-Xms)
#   Decrease number of Java threads
#   Decrease Java thread stack sizes (-Xss)
#   Set larger code cache with -XX:ReservedCodeCacheSize=
#   JVM is running with Unscaled Compressed Oops mode in which the Java heap is
#     placed in the first 4GB address space. The Java Heap base address is the
#     maximum limit for the native heap growth. Please use -XX:HeapBaseMinAddress
#     to set the Java Heap base and to place the Java Heap above 4GB virtual address.
# This output file may be truncated or incomplete.
#
#  Out of Memory Error (arena.cpp:168), pid=7992, tid=34172
#
# JRE version: OpenJDK Runtime Environment Temurin-21.0.10+7 (21.0.10+7) (build 21.0.10+7-LTS)
# Java VM: OpenJDK 64-Bit Server VM Temurin-21.0.10+7 (21.0.10+7-LTS, mixed mode, sharing, tiered, compressed oops, compressed class ptrs, parallel gc, windows-amd64)
# No core dump will be written. Minidumps are not enabled by default on client versions of Windows
#

---------------  S U M M A R Y ------------

Command Line: --add-modules=ALL-SYSTEM --add-opens=java.base/java.util=ALL-UNNAMED --add-opens=java.base/java.lang=ALL-UNNAMED --add-opens=java.base/sun.nio.fs=ALL-UNNAMED -Declipse.application=org.eclipse.jdt.ls.core.id1 -Dosgi.bundles.defaultStartLevel=4 -Declipse.product=org.eclipse.jdt.ls.core.product -Djava.import.generatesMetadataFilesAtProjectRoot=false -DDetectVMInstallationsJob.disabled=true -Dfile.encoding=utf8 -XX:+UseParallelGC -XX:GCTimeRatio=4 -XX:AdaptiveSizePolicyWeight=90 -Dsun.zip.disableMemoryMapping=true -Xmx2G -Xms100m -Xlog:disable -javaagent:c:\Users\jibri\.vscode\extensions\redhat.java-1.54.0-win32-x64\lombok\lombok-1.18.39-4050.jar -XX:+HeapDumpOnOutOfMemoryError -XX:HeapDumpPath=c:\Users\jibri\AppData\Roaming\Code\User\workspaceStorage\8b75b7c593fc459511d45e689933c160\redhat.java -Daether.dependencyCollector.impl=bf c:\Users\jibri\.vscode\extensions\redhat.java-1.54.0-win32-x64\server\plugins\org.eclipse.equinox.launcher_1.7.100.v20251111-0406.jar -configuration c:\Users\jibri\AppData\Roaming\Code\User\globalStorage\redhat.java\1.54.0\config_win -data c:\Users\jibri\AppData\Roaming\Code\User\workspaceStorage\8b75b7c593fc459511d45e689933c160\redhat.java\jdt_ws --pipe=\\.\pipe\lsp-fe204f647c7273c7a96f936a33921864-sock

Host: 13th Gen Intel(R) Core(TM) i5-13500HX, 15 cores, 7G,  Windows 11 , 64 bit Build 26100 (10.0.26100.8328)
Time: Sun May 24 12:23:21 2026 Malay Peninsula Standard Time elapsed time: 24.972647 seconds (0d 0h 0m 24s)

---------------  T H R E A D  ---------------

Current thread (0x000001c6e99902f0):  JavaThread "C2 CompilerThread1" daemon [_thread_in_native, id=34172, stack(0x000000689d100000,0x000000689d200000) (1024K)]


Current CompileTask:
C2:24972 10332   !   4       org.eclipse.jdt.internal.compiler.classfmt.ClassFileReader::<init> (1968 bytes)

Stack: [0x000000689d100000,0x000000689d200000]
Native frames: (J=compiled Java code, j=interpreted, Vv=VM code, C=native code)
V  [jvm.dll+0x6d7a39]
V  [jvm.dll+0x8b4b26]
V  [jvm.dll+0x8b70de]
V  [jvm.dll+0x8b77c3]
V  [jvm.dll+0x284346]
V  [jvm.dll+0xc66ed]
V  [jvm.dll+0xc6c31]
V  [jvm.dll+0x3bec3b]
V  [jvm.dll+0x38b162]
V  [jvm.dll+0x38a5aa]
V  [jvm.dll+0x24c560]
V  [jvm.dll+0x24bb40]
V  [jvm.dll+0x1cb34e]
V  [jvm.dll+0x25b85d]
V  [jvm.dll+0x259dea]
V  [jvm.dll+0x3f857e]
V  [jvm.dll+0x85f59d]
V  [jvm.dll+0x6d626d]
C  [ucrtbase.dll+0x37b0]
C  [KERNEL32.DLL+0x2e957]
C  [ntdll.dll+0x427c]


---------------  P R O C E S S  ---------------

Threads class SMR info:
_java_thread_list=0x000001c6f9f2f490, length=64, elements={
0x000001c68cc7bf00, 0x000001c68f0e2f40, 0x000001c68f0e3c00, 0x000001c68f0e86f0,
0x000001c68f0ec3a0, 0x000001c68f0f7cb0, 0x000001c6e7e35a60, 0x000001c6e7e3c030,
0x000001c6e7e3d320, 0x000001c6e7e360f0, 0x000001c6e7e36e10, 0x000001c6e7e36780,
0x000001c6e7e34020, 0x000001c6e7e374a0, 0x000001c6e7e34d40, 0x000001c6e7e346b0,
0x000001c6e7e353d0, 0x000001c6ee5c8e70, 0x000001c6ee5cbc60, 0x000001c6ee5caf40,
0x000001c6ee5ca220, 0x000001c6ee5ca8b0, 0x000001c6ee5cc980, 0x000001c6ee5c9b90,
0x000001c6ee5cea50, 0x000001c6ee5cd010, 0x000001c6ee5cdd30, 0x000001c6ee5cc2f0,
0x000001c6ee5cd6a0, 0x000001c6ee5ce3c0, 0x000001c6ee5cf0e0, 0x000001c6ee5cfe00,
0x000001c6ee5cf770, 0x000001c6ee5d0490, 0x000001c6ee548810, 0x000001c6ee548ea0,
0x000001c6ee549bc0, 0x000001c6ee547af0, 0x000001c6ee547460, 0x000001c6ee546dd0,
0x000001c6ee548180, 0x000001c6ee549530, 0x000001c6ee546740, 0x000001c6ee54d6d0,
0x000001c6ee54af70, 0x000001c6ee54a250, 0x000001c6ee54a8e0, 0x000001c6ee54d040,
0x000001c6efbaf230, 0x000001c6efbaeba0, 0x000001c6efbaf8c0, 0x000001c6efbae510,
0x000001c6efbaff50, 0x000001c6efbade80, 0x000001c6efbb3a60, 0x000001c6efbb05e0,
0x000001c6efbb0c70, 0x000001c6efbb33d0, 0x000001c6efbb2d40, 0x000001c6efbb26b0,
0x000001c6efbb40f0, 0x000001c6e99902f0, 0x000001c6efbb4780, 0x000001c6efbb4e10
}

Java Threads: ( => current thread )
  0x000001c68cc7bf00 JavaThread "main"                              [_thread_blocked, id=21220, stack(0x000000689ac00000,0x000000689ad00000) (1024K)]
  0x000001c68f0e2f40 JavaThread "Reference Handler"          daemon [_thread_blocked, id=20860, stack(0x000000689b000000,0x000000689b100000) (1024K)]
  0x000001c68f0e3c00 JavaThread "Finalizer"                  daemon [_thread_blocked, id=29420, stack(0x000000689b100000,0x000000689b200000) (1024K)]
  0x000001c68f0e86f0 JavaThread "Signal Dispatcher"          daemon [_thread_blocked, id=27180, stack(0x000000689b200000,0x000000689b300000) (1024K)]
  0x000001c68f0ec3a0 JavaThread "Attach Listener"            daemon [_thread_blocked, id=30612, stack(0x000000689b300000,0x000000689b400000) (1024K)]
  0x000001c68f0f7cb0 JavaThread "Service Thread"             daemon [_thread_blocked, id=16872, stack(0x000000689b400000,0x000000689b500000) (1024K)]
  0x000001c6e7e35a60 JavaThread "Monitor Deflation Thread"   daemon [_thread_blocked, id=32052, stack(0x000000689b500000,0x000000689b600000) (1024K)]
  0x000001c6e7e3c030 JavaThread "C2 CompilerThread0"         daemon [_thread_blocked, id=18668, stack(0x000000689b600000,0x000000689b700000) (1024K)]
  0x000001c6e7e3d320 JavaThread "C1 CompilerThread0"         daemon [_thread_blocked, id=25040, stack(0x000000689b700000,0x000000689b800000) (1024K)]
  0x000001c6e7e360f0 JavaThread "Common-Cleaner"             daemon [_thread_blocked, id=32464, stack(0x000000689b900000,0x000000689ba00000) (1024K)]
  0x000001c6e7e36e10 JavaThread "Notification Thread"        daemon [_thread_blocked, id=24780, stack(0x000000689ba00000,0x000000689bb00000) (1024K)]
  0x000001c6e7e36780 JavaThread "Active Thread: Equinox Container: 525f29b2-6859-4e77-9f4a-3b07cf93ed44"        [_thread_blocked, id=25016, stack(0x000000689c200000,0x000000689c300000) (1024K)]
  0x000001c6e7e34020 JavaThread "Refresh Thread: Equinox Container: 525f29b2-6859-4e77-9f4a-3b07cf93ed44" daemon [_thread_blocked, id=18976, stack(0x000000689c400000,0x000000689c500000) (1024K)]
  0x000001c6e7e374a0 JavaThread "Framework Event Dispatcher: Equinox Container: 525f29b2-6859-4e77-9f4a-3b07cf93ed44" daemon [_thread_blocked, id=31164, stack(0x000000689c500000,0x000000689c600000) (1024K)]
  0x000001c6e7e34d40 JavaThread "Start Level: Equinox Container: 525f29b2-6859-4e77-9f4a-3b07cf93ed44" daemon [_thread_blocked, id=13772, stack(0x000000689c600000,0x000000689c700000) (1024K)]
  0x000001c6e7e346b0 JavaThread "Bundle File Closer"         daemon [_thread_blocked, id=28696, stack(0x000000689ca00000,0x000000689cb00000) (1024K)]
  0x000001c6e7e353d0 JavaThread "SCR Component Actor"        daemon [_thread_blocked, id=13808, stack(0x000000689b800000,0x000000689b900000) (1024K)]
  0x000001c6ee5c8e70 JavaThread "Worker-JM"                         [_thread_blocked, id=15880, stack(0x000000689cb00000,0x000000689cc00000) (1024K)]
  0x000001c6ee5cbc60 JavaThread "JNA Cleaner"                daemon [_thread_blocked, id=23244, stack(0x000000689ce00000,0x000000689cf00000) (1024K)]
  0x000001c6ee5caf40 JavaThread "Worker-0"                          [_thread_blocked, id=16448, stack(0x000000689cf00000,0x000000689d000000) (1024K)]
  0x000001c6ee5ca220 JavaThread "Worker-1: Refreshing workspace"        [_thread_blocked, id=25080, stack(0x000000689bb00000,0x000000689bc00000) (1024K)]
  0x000001c6ee5ca8b0 JavaThread "Worker-2"                          [_thread_blocked, id=21756, stack(0x000000689d000000,0x000000689d100000) (1024K)]
  0x000001c6ee5cc980 JavaThread "Java indexing"              daemon [_thread_blocked, id=14040, stack(0x000000689d200000,0x000000689d300000) (1024K)]
  0x000001c6ee5c9b90 JavaThread "Worker-3"                          [_thread_blocked, id=33260, stack(0x000000689d500000,0x000000689d600000) (1024K)]
  0x000001c6ee5cea50 JavaThread "Worker-4: Initialize workspace"        [_thread_blocked, id=25340, stack(0x000000689d600000,0x000000689d700000) (1024K)]
  0x000001c6ee5cd010 JavaThread "Worker-5"                          [_thread_blocked, id=27436, stack(0x000000689d700000,0x000000689d800000) (1024K)]
  0x000001c6ee5cdd30 JavaThread "Worker-6"                          [_thread_blocked, id=26660, stack(0x000000689d800000,0x000000689d900000) (1024K)]
  0x000001c6ee5cc2f0 JavaThread "Thread-1"                   daemon [_thread_in_native, id=31380, stack(0x000000689d900000,0x000000689da00000) (1024K)]
  0x000001c6ee5cd6a0 JavaThread "Thread-2"                   daemon [_thread_in_native, id=17828, stack(0x000000689da00000,0x000000689db00000) (1024K)]
  0x000001c6ee5ce3c0 JavaThread "Thread-3"                   daemon [_thread_in_native, id=23028, stack(0x000000689db00000,0x000000689dc00000) (1024K)]
  0x000001c6ee5cf0e0 JavaThread "Thread-4"                   daemon [_thread_in_native, id=26408, stack(0x000000689dc00000,0x000000689dd00000) (1024K)]
  0x000001c6ee5cfe00 JavaThread "Thread-5"                   daemon [_thread_in_native, id=26788, stack(0x000000689dd00000,0x000000689de00000) (1024K)]
  0x000001c6ee5cf770 JavaThread "Thread-6"                   daemon [_thread_in_native, id=13332, stack(0x000000689de00000,0x000000689df00000) (1024K)]
  0x000001c6ee5d0490 JavaThread "Thread-7"                   daemon [_thread_in_native, id=24608, stack(0x000000689df00000,0x000000689e000000) (1024K)]
  0x000001c6ee548810 JavaThread "Thread-8"                   daemon [_thread_in_native, id=21068, stack(0x000000689e000000,0x000000689e100000) (1024K)]
  0x000001c6ee548ea0 JavaThread "Thread-9"                   daemon [_thread_in_native, id=5524, stack(0x000000689e100000,0x000000689e200000) (1024K)]
  0x000001c6ee549bc0 JavaThread "Thread-10"                  daemon [_thread_in_native, id=34748, stack(0x000000689e200000,0x000000689e300000) (1024K)]
  0x000001c6ee547af0 JavaThread "Thread-11"                  daemon [_thread_in_native, id=19040, stack(0x000000689e300000,0x000000689e400000) (1024K)]
  0x000001c6ee547460 JavaThread "Thread-12"                  daemon [_thread_in_native, id=34424, stack(0x000000689e400000,0x000000689e500000) (1024K)]
  0x000001c6ee546dd0 JavaThread "Thread-13"                  daemon [_thread_in_native, id=27516, stack(0x000000689e500000,0x000000689e600000) (1024K)]
  0x000001c6ee548180 JavaThread "Thread-14"                  daemon [_thread_in_native, id=24696, stack(0x000000689e600000,0x000000689e700000) (1024K)]
  0x000001c6ee549530 JavaThread "Thread-15"                  daemon [_thread_in_native, id=7088, stack(0x000000689e700000,0x000000689e800000) (1024K)]
  0x000001c6ee546740 JavaThread "Thread-16"                  daemon [_thread_in_native, id=13740, stack(0x000000689e800000,0x000000689e900000) (1024K)]
  0x000001c6ee54d6d0 JavaThread "pool-2-thread-1"                   [_thread_blocked, id=18388, stack(0x000000689e900000,0x000000689ea00000) (1024K)]
  0x000001c6ee54af70 JavaThread "WorkspaceEventsHandler"            [_thread_blocked, id=30312, stack(0x000000689ea00000,0x000000689eb00000) (1024K)]
  0x000001c6ee54a250 JavaThread "pool-1-thread-1"                   [_thread_blocked, id=12956, stack(0x000000689eb00000,0x000000689ec00000) (1024K)]
  0x000001c6ee54a8e0 JavaThread "ForkJoinPool.commonPool-worker-1" daemon [_thread_blocked, id=16112, stack(0x000000689ec00000,0x000000689ed00000) (1024K)]
  0x000001c6ee54d040 JavaThread "ForkJoinPool.commonPool-worker-2" daemon [_thread_blocked, id=12900, stack(0x000000689ed00000,0x000000689ee00000) (1024K)]
  0x000001c6efbaf230 JavaThread "ForkJoinPool.commonPool-worker-3" daemon [_thread_blocked, id=33436, stack(0x000000689ee00000,0x000000689ef00000) (1024K)]
  0x000001c6efbaeba0 JavaThread "ForkJoinPool.commonPool-worker-4" daemon [_thread_blocked, id=29628, stack(0x000000689ef00000,0x000000689f000000) (1024K)]
  0x000001c6efbaf8c0 JavaThread "ForkJoinPool.commonPool-worker-5" daemon [_thread_blocked, id=24144, stack(0x000000689f000000,0x000000689f100000) (1024K)]
  0x000001c6efbae510 JavaThread "ForkJoinPool.commonPool-worker-6" daemon [_thread_blocked, id=17420, stack(0x000000689f100000,0x000000689f200000) (1024K)]
  0x000001c6efbaff50 JavaThread "ForkJoinPool.commonPool-worker-7" daemon [_thread_blocked, id=17988, stack(0x000000689f200000,0x000000689f300000) (1024K)]
  0x000001c6efbade80 JavaThread "ForkJoinPool.commonPool-worker-8" daemon [_thread_blocked, id=16188, stack(0x000000689f300000,0x000000689f400000) (1024K)]
  0x000001c6efbb3a60 JavaThread "ForkJoinPool.commonPool-worker-9" daemon [_thread_blocked, id=34032, stack(0x000000689f400000,0x000000689f500000) (1024K)]
  0x000001c6efbb05e0 JavaThread "ForkJoinPool.commonPool-worker-10" daemon [_thread_blocked, id=34772, stack(0x000000689f500000,0x000000689f600000) (1024K)]
  0x000001c6efbb0c70 JavaThread "ForkJoinPool.commonPool-worker-11" daemon [_thread_blocked, id=31880, stack(0x000000689f600000,0x000000689f700000) (1024K)]
  0x000001c6efbb33d0 JavaThread "ForkJoinPool.commonPool-worker-12" daemon [_thread_blocked, id=4516, stack(0x000000689f700000,0x000000689f800000) (1024K)]
  0x000001c6efbb2d40 JavaThread "ForkJoinPool.commonPool-worker-13" daemon [_thread_blocked, id=22488, stack(0x000000689f800000,0x000000689f900000) (1024K)]
  0x000001c6efbb26b0 JavaThread "ForkJoinPool.commonPool-worker-14" daemon [_thread_blocked, id=34592, stack(0x000000689f900000,0x000000689fa00000) (1024K)]
  0x000001c6efbb40f0 JavaThread "Timer-0"                           [_thread_blocked, id=9336, stack(0x000000689cd00000,0x000000689ce00000) (1024K)]
=>0x000001c6e99902f0 JavaThread "C2 CompilerThread1"         daemon [_thread_in_native, id=34172, stack(0x000000689d100000,0x000000689d200000) (1024K)]
  0x000001c6efbb4780 JavaThread "Connection worker"                 [_thread_blocked, id=21952, stack(0x000000689fa00000,0x000000689fb00000) (1024K)]
  0x000001c6efbb4e10 JavaThread "pool-3-thread-1"                   [_thread_blocked, id=13248, stack(0x000000689fc00000,0x000000689fd00000) (1024K)]
Total: 64

Other Threads:
  0x000001c68efd4470 VMThread "VM Thread"                           [id=24368, stack(0x000000689af00000,0x000000689b000000) (1024K)]
  0x000001c68eecba00 WatcherThread "VM Periodic Task Thread"        [id=12564, stack(0x000000689ae00000,0x000000689af00000) (1024K)]
  0x000001c68f0602f0 WorkerThread "GC Thread#0"                     [id=31252, stack(0x000000689ad00000,0x000000689ae00000) (1024K)]
  0x000001c6e965ac10 WorkerThread "GC Thread#1"                     [id=2376, stack(0x000000689bc00000,0x000000689bd00000) (1024K)]
  0x000001c6ee04d460 WorkerThread "GC Thread#2"                     [id=34236, stack(0x000000689bd00000,0x000000689be00000) (1024K)]
  0x000001c6e9a79420 WorkerThread "GC Thread#3"                     [id=30392, stack(0x000000689be00000,0x000000689bf00000) (1024K)]
  0x000001c6e9a4da80 WorkerThread "GC Thread#4"                     [id=21284, stack(0x000000689bf00000,0x000000689c000000) (1024K)]
  0x000001c6e9a4de30 WorkerThread "GC Thread#5"                     [id=29668, stack(0x000000689c000000,0x000000689c100000) (1024K)]
  0x000001c6e9aa39f0 WorkerThread "GC Thread#6"                     [id=7648, stack(0x000000689c100000,0x000000689c200000) (1024K)]
  0x000001c6ee03dc10 WorkerThread "GC Thread#7"                     [id=33664, stack(0x000000689c300000,0x000000689c400000) (1024K)]
  0x000001c6ee03dfc0 WorkerThread "GC Thread#8"                     [id=13028, stack(0x000000689c700000,0x000000689c800000) (1024K)]
  0x000001c6ee03d4b0 WorkerThread "GC Thread#9"                     [id=23092, stack(0x000000689c800000,0x000000689c900000) (1024K)]
  0x000001c6ee03e720 WorkerThread "GC Thread#10"                    [id=27492, stack(0x000000689c900000,0x000000689ca00000) (1024K)]
  0x000001c6ee03ead0 WorkerThread "GC Thread#11"                    [id=5840, stack(0x000000689cc00000,0x000000689cd00000) (1024K)]
Total: 14

Threads with active compile tasks:
C2 CompilerThread0  25015 10393       4       org.eclipse.jdt.ls.core.internal.filesystem.JLSFileSystem::getStore (26 bytes)
C2 CompilerThread1  25015 10332   !   4       org.eclipse.jdt.internal.compiler.classfmt.ClassFileReader::<init> (1968 bytes)
Total: 2

VM state: at safepoint (normal execution)

VM Mutex/Monitor currently owned by a thread:  ([mutex/lock_event])
[0x00007ff8343ae560] Threads_lock - owner thread: 0x000001c68efd4470
[0x00007ff8343ae660] Heap_lock - owner thread: 0x000001c6efbb4780
[0x00007ff8343aeae0] PSOldGenExpand_lock - owner thread: 0x000001c6e9a4da80

Heap address: 0x0000000080000000, size: 2048 MB, Compressed Oops mode: 32-bit

CDS archive(s) mapped at: [0x000001c6a6000000-0x000001c6a6ba0000-0x000001c6a6ba0000), size 12189696, SharedBaseAddress: 0x000001c6a6000000, ArchiveRelocationMode: 1.
Compressed class space mapped at: 0x000001c6a7000000-0x000001c6e7000000, reserved size: 1073741824
Narrow klass base: 0x000001c6a6000000, Narrow klass shift: 0, Narrow klass range: 0x100000000

GC Precious Log:
 CardTable entry size: 512
 CPUs: 15 total, 15 available
 Memory: 7911M
 Large Page Support: Disabled
 NUMA Support: Disabled
 Compressed Oops: Enabled (32-bit)
 Alignments: Space 512K, Generation 512K, Heap 2M
 Heap Min Capacity: 100M
 Heap Initial Capacity: 100M
 Heap Max Capacity: 2G
 Pre-touch: Disabled
 Parallel Workers: 12

Heap:
 PSYoungGen      total 13824K, used 13344K [0x00000000d5580000, 0x00000000d6480000, 0x0000000100000000)
  eden space 12800K, 100% used [0x00000000d5580000,0x00000000d6200000,0x00000000d6200000)
  from space 1024K, 53% used [0x00000000d6380000,0x00000000d6408000,0x00000000d6480000)
  to   space 1024K, 62% used [0x00000000d6280000,0x00000000d6320000,0x00000000d6380000)
 ParOldGen       total 114176K, used 114171K [0x0000000080000000, 0x0000000086f80000, 0x00000000d5580000)
  object space 114176K, 99% used [0x0000000080000000,0x0000000086f7ed80,0x0000000086f80000)
 Metaspace       used 66030K, committed 67456K, reserved 1114112K
  class space    used 7754K, committed 8384K, reserved 1048576K

Card table byte_map: [0x000001c68e9e0000,0x000001c68edf0000] _byte_map_base: 0x000001c68e5e0000

Marking Bits: (ParMarkBitMap*) 0x00007ff8343b3450
 Begin Bits: [0x000001c6a14f0000, 0x000001c6a34f0000)
 End Bits:   [0x000001c6a34f0000, 0x000001c6a54f0000)

Polling page: 0x000001c68ce20000

Metaspace:

Usage:
  Non-class:     56.91 MB used.
      Class:      7.57 MB used.
       Both:     64.48 MB used.

Virtual space:
  Non-class space:       64.00 MB reserved,      57.69 MB ( 90%) committed,  1 nodes.
      Class space:        1.00 GB reserved,       8.19 MB ( <1%) committed,  1 nodes.
             Both:        1.06 GB reserved,      65.88 MB (  6%) committed. 

Chunk freelists:
   Non-Class:  6.28 MB
       Class:  7.80 MB
        Both:  14.08 MB

MaxMetaspaceSize: unlimited
CompressedClassSpaceSize: 1.00 GB
Initial GC threshold: 21.00 MB
Current GC threshold: 97.31 MB
CDS: on
 - commit_granule_bytes: 65536.
 - commit_granule_words: 8192.
 - virtual_space_node_default_size: 8388608.
 - enlarge_chunks_in_place: 1.
 - use_allocation_guard: 0.


Internal statistics:

num_allocs_failed_limit: 9.
num_arena_births: 1136.
num_arena_deaths: 22.
num_vsnodes_births: 2.
num_vsnodes_deaths: 0.
num_space_committed: 1054.
num_space_uncommitted: 0.
num_chunks_returned_to_freelist: 33.
num_chunks_taken_from_freelist: 3891.
num_chunk_merges: 12.
num_chunk_splits: 2459.
num_chunks_enlarged: 1532.
num_inconsistent_stats: 0.

CodeHeap 'non-profiled nmethods': size=120000Kb used=6482Kb max_used=6482Kb free=113518Kb
 bounds [0x000001c699d10000, 0x000001c69a370000, 0x000001c6a1240000]
CodeHeap 'profiled nmethods': size=120000Kb used=18600Kb max_used=18600Kb free=101399Kb
 bounds [0x000001c692240000, 0x000001c693470000, 0x000001c699770000]
CodeHeap 'non-nmethods': size=5760Kb used=1442Kb max_used=1503Kb free=4317Kb
 bounds [0x000001c699770000, 0x000001c6999e0000, 0x000001c699d10000]
CodeCache: size=245760Kb, used=26524Kb, max_used=26585Kb, free=219234Kb
 total_blobs=10233, nmethods=9486, adapters=653, full_count=0
Compilation: enabled, stopped_count=0, restarted_count=0

Compilation events (20 events):
Event: 23.950 Thread 0x000001c6e7e3d320 10401       3       java.util.ImmutableCollections$AbstractImmutableList::equals (89 bytes)
Event: 23.950 Thread 0x000001c6e7e3d320 nmethod 10401 0x000001c693456b90 code [0x000001c693456e00, 0x000001c693457a08]
Event: 23.950 Thread 0x000001c6e7e3d320 10399       3       java.net.URL::toURI (54 bytes)
Event: 23.951 Thread 0x000001c6e7e3d320 nmethod 10399 0x000001c693457c90 code [0x000001c693457f60, 0x000001c693458e48]
Event: 23.951 Thread 0x000001c6e7e3d320 10402   !   3       org.eclipse.core.internal.jobs.ImplicitJobs::begin (309 bytes)
Event: 23.954 Thread 0x000001c6e7e3d320 nmethod 10402 0x000001c693459410 code [0x000001c693459780, 0x000001c69345ae08]
Event: 23.956 Thread 0x000001c6e7e3d320 10403       3       org.eclipse.core.internal.dtree.DeltaDataTree::createChild (27 bytes)
Event: 23.956 Thread 0x000001c6e7e3d320 nmethod 10403 0x000001c69345b890 code [0x000001c69345ba60, 0x000001c69345be90]
Event: 23.958 Thread 0x000001c6e7e3d320 10404 % !   2       java.util.jar.Attributes::read @ 214 (494 bytes)
Event: 23.960 Thread 0x000001c6e7e3d320 nmethod 10404% 0x000001c69345c010 code [0x000001c69345c580, 0x000001c69345e4f0]
Event: 23.962 Thread 0x000001c6e7e3d320 10405 % !   2       java.util.jar.Attributes::read @ 12 (494 bytes)
Event: 23.963 Thread 0x000001c6e7e3d320 nmethod 10405% 0x000001c69345f890 code [0x000001c69345fe00, 0x000001c693461c08]
Event: 23.964 Thread 0x000001c6e7e3d320 10406   !   2       java.util.jar.Attributes::read (494 bytes)
Event: 23.966 Thread 0x000001c6e7e3d320 nmethod 10406 0x000001c693462f10 code [0x000001c693463460, 0x000001c693465000]
Event: 23.992 Thread 0x000001c6e7e3d320 10408  s!   3       org.eclipse.core.internal.watson.ElementTree::openElementData (136 bytes)
Event: 23.993 Thread 0x000001c6e7e3d320 nmethod 10408 0x000001c693466290 code [0x000001c6934665e0, 0x000001c693467a60]
Event: 24.003 Thread 0x000001c6e7e3d320 10409       3       org.eclipse.core.internal.jobs.ThreadJob::pop (53 bytes)
Event: 24.004 Thread 0x000001c6e7e3d320 nmethod 10409 0x000001c693468190 code [0x000001c693468360, 0x000001c693468718]
Event: 24.020 Thread 0x000001c6e7e3d320 10410       3       org.eclipse.core.internal.resources.Rules::factoryFor (87 bytes)
Event: 24.021 Thread 0x000001c6e7e3d320 nmethod 10410 0x000001c693468890 code [0x000001c693468b20, 0x000001c693469c30]

GC Heap History (20 events):
Event: 20.698 GC heap before
{Heap before GC invocations=122 (full 3):
 PSYoungGen      total 13312K, used 13310K [0x00000000d5580000, 0x00000000d6500000, 0x0000000100000000)
  eden space 12800K, 100% used [0x00000000d5580000,0x00000000d6200000,0x00000000d6200000)
  from space 512K, 99% used [0x00000000d6480000,0x00000000d64ffb58,0x00000000d6500000)
  to   space 1024K, 0% used [0x00000000d6300000,0x00000000d6300000,0x00000000d6400000)
 ParOldGen       total 110592K, used 110515K [0x0000000080000000, 0x0000000086c00000, 0x00000000d5580000)
  object space 110592K, 99% used [0x0000000080000000,0x0000000086becf80,0x0000000086c00000)
 Metaspace       used 64713K, committed 66176K, reserved 1114112K
  class space    used 7558K, committed 8192K, reserved 1048576K
}
Event: 20.699 GC heap after
{Heap after GC invocations=122 (full 3):
 PSYoungGen      total 13824K, used 448K [0x00000000d5580000, 0x00000000d6500000, 0x0000000100000000)
  eden space 12800K, 0% used [0x00000000d5580000,0x00000000d5580000,0x00000000d6200000)
  from space 1024K, 43% used [0x00000000d6300000,0x00000000d6370000,0x00000000d6400000)
  to   space 512K, 0% used [0x00000000d6480000,0x00000000d6480000,0x00000000d6500000)
 ParOldGen       total 111104K, used 110675K [0x0000000080000000, 0x0000000086c80000, 0x00000000d5580000)
  object space 111104K, 99% used [0x0000000080000000,0x0000000086c14f80,0x0000000086c80000)
 Metaspace       used 64713K, committed 66176K, reserved 1114112K
  class space    used 7558K, committed 8192K, reserved 1048576K
}
Event: 23.753 GC heap before
{Heap before GC invocations=123 (full 3):
 PSYoungGen      total 13824K, used 13248K [0x00000000d5580000, 0x00000000d6500000, 0x0000000100000000)
  eden space 12800K, 100% used [0x00000000d5580000,0x00000000d6200000,0x00000000d6200000)
  from space 1024K, 43% used [0x00000000d6300000,0x00000000d6370000,0x00000000d6400000)
  to   space 512K, 0% used [0x00000000d6480000,0x00000000d6480000,0x00000000d6500000)
 ParOldGen       total 111104K, used 110675K [0x0000000080000000, 0x0000000086c80000, 0x00000000d5580000)
  object space 111104K, 99% used [0x0000000080000000,0x0000000086c14f80,0x0000000086c80000)
 Metaspace       used 64838K, committed 66304K, reserved 1114112K
  class space    used 7569K, committed 8192K, reserved 1048576K
}
Event: 23.754 GC heap after
{Heap after GC invocations=123 (full 3):
 PSYoungGen      total 13312K, used 486K [0x00000000d5580000, 0x00000000d6500000, 0x0000000100000000)
  eden space 12800K, 0% used [0x00000000d5580000,0x00000000d5580000,0x00000000d6200000)
  from space 512K, 95% used [0x00000000d6480000,0x00000000d64f9b90,0x00000000d6500000)
  to   space 1536K, 0% used [0x00000000d6200000,0x00000000d6200000,0x00000000d6380000)
 ParOldGen       total 111616K, used 111242K [0x0000000080000000, 0x0000000086d00000, 0x00000000d5580000)
  object space 111616K, 99% used [0x0000000080000000,0x0000000086ca2810,0x0000000086d00000)
 Metaspace       used 64838K, committed 66304K, reserved 1114112K
  class space    used 7569K, committed 8192K, reserved 1048576K
}
Event: 23.766 GC heap before
{Heap before GC invocations=124 (full 3):
 PSYoungGen      total 13312K, used 13286K [0x00000000d5580000, 0x00000000d6500000, 0x0000000100000000)
  eden space 12800K, 100% used [0x00000000d5580000,0x00000000d6200000,0x00000000d6200000)
  from space 512K, 95% used [0x00000000d6480000,0x00000000d64f9b90,0x00000000d6500000)
  to   space 1536K, 0% used [0x00000000d6200000,0x00000000d6200000,0x00000000d6380000)
 ParOldGen       total 111616K, used 111242K [0x0000000080000000, 0x0000000086d00000, 0x00000000d5580000)
  object space 111616K, 99% used [0x0000000080000000,0x0000000086ca2810,0x0000000086d00000)
 Metaspace       used 64953K, committed 66368K, reserved 1114112K
  class space    used 7587K, committed 8192K, reserved 1048576K
}
Event: 23.767 GC heap after
{Heap after GC invocations=124 (full 3):
 PSYoungGen      total 14336K, used 384K [0x00000000d5580000, 0x00000000d6500000, 0x0000000100000000)
  eden space 12800K, 0% used [0x00000000d5580000,0x00000000d5580000,0x00000000d6200000)
  from space 1536K, 25% used [0x00000000d6200000,0x00000000d6260000,0x00000000d6380000)
  to   space 1024K, 0% used [0x00000000d6400000,0x00000000d6400000,0x00000000d6500000)
 ParOldGen       total 111616K, used 111440K [0x0000000080000000, 0x0000000086d00000, 0x00000000d5580000)
  object space 111616K, 99% used [0x0000000080000000,0x0000000086cd4258,0x0000000086d00000)
 Metaspace       used 64953K, committed 66368K, reserved 1114112K
  class space    used 7587K, committed 8192K, reserved 1048576K
}
Event: 23.801 GC heap before
{Heap before GC invocations=125 (full 3):
 PSYoungGen      total 14336K, used 13184K [0x00000000d5580000, 0x00000000d6500000, 0x0000000100000000)
  eden space 12800K, 100% used [0x00000000d5580000,0x00000000d6200000,0x00000000d6200000)
  from space 1536K, 25% used [0x00000000d6200000,0x00000000d6260000,0x00000000d6380000)
  to   space 1024K, 0% used [0x00000000d6400000,0x00000000d6400000,0x00000000d6500000)
 ParOldGen       total 111616K, used 111440K [0x0000000080000000, 0x0000000086d00000, 0x00000000d5580000)
  object space 111616K, 99% used [0x0000000080000000,0x0000000086cd4258,0x0000000086d00000)
 Metaspace       used 65165K, committed 66624K, reserved 1114112K
  class space    used 7621K, committed 8256K, reserved 1048576K
}
Event: 23.804 GC heap after
{Heap after GC invocations=125 (full 3):
 PSYoungGen      total 13824K, used 602K [0x00000000d5580000, 0x00000000d6500000, 0x0000000100000000)
  eden space 12800K, 0% used [0x00000000d5580000,0x00000000d5580000,0x00000000d6200000)
  from space 1024K, 58% used [0x00000000d6400000,0x00000000d64969c8,0x00000000d6500000)
  to   space 1024K, 0% used [0x00000000d6300000,0x00000000d6300000,0x00000000d6400000)
 ParOldGen       total 112128K, used 111640K [0x0000000080000000, 0x0000000086d80000, 0x00000000d5580000)
  object space 112128K, 99% used [0x0000000080000000,0x0000000086d06258,0x0000000086d80000)
 Metaspace       used 65165K, committed 66624K, reserved 1114112K
  class space    used 7621K, committed 8256K, reserved 1048576K
}
Event: 23.825 GC heap before
{Heap before GC invocations=126 (full 3):
 PSYoungGen      total 13824K, used 13402K [0x00000000d5580000, 0x00000000d6500000, 0x0000000100000000)
  eden space 12800K, 100% used [0x00000000d5580000,0x00000000d6200000,0x00000000d6200000)
  from space 1024K, 58% used [0x00000000d6400000,0x00000000d64969c8,0x00000000d6500000)
  to   space 1024K, 0% used [0x00000000d6300000,0x00000000d6300000,0x00000000d6400000)
 ParOldGen       total 112128K, used 111640K [0x0000000080000000, 0x0000000086d80000, 0x00000000d5580000)
  object space 112128K, 99% used [0x0000000080000000,0x0000000086d06258,0x0000000086d80000)
 Metaspace       used 65353K, committed 66752K, reserved 1114112K
  class space    used 7656K, committed 8256K, reserved 1048576K
}
Event: 23.826 GC heap after
{Heap after GC invocations=126 (full 3):
 PSYoungGen      total 13824K, used 384K [0x00000000d5580000, 0x00000000d6480000, 0x0000000100000000)
  eden space 12800K, 0% used [0x00000000d5580000,0x00000000d5580000,0x00000000d6200000)
  from space 1024K, 37% used [0x00000000d6300000,0x00000000d6360000,0x00000000d6400000)
  to   space 512K, 0% used [0x00000000d6400000,0x00000000d6400000,0x00000000d6480000)
 ParOldGen       total 112128K, used 111941K [0x0000000080000000, 0x0000000086d80000, 0x00000000d5580000)
  object space 112128K, 99% used [0x0000000080000000,0x0000000086d516f0,0x0000000086d80000)
 Metaspace       used 65353K, committed 66752K, reserved 1114112K
  class space    used 7656K, committed 8256K, reserved 1048576K
}
Event: 23.862 GC heap before
{Heap before GC invocations=127 (full 3):
 PSYoungGen      total 13824K, used 13184K [0x00000000d5580000, 0x00000000d6480000, 0x0000000100000000)
  eden space 12800K, 100% used [0x00000000d5580000,0x00000000d6200000,0x00000000d6200000)
  from space 1024K, 37% used [0x00000000d6300000,0x00000000d6360000,0x00000000d6400000)
  to   space 512K, 0% used [0x00000000d6400000,0x00000000d6400000,0x00000000d6480000)
 ParOldGen       total 112128K, used 111941K [0x0000000080000000, 0x0000000086d80000, 0x00000000d5580000)
  object space 112128K, 99% used [0x0000000080000000,0x0000000086d516f0,0x0000000086d80000)
 Metaspace       used 65502K, committed 66944K, reserved 1114112K
  class space    used 7686K, committed 8320K, reserved 1048576K
}
Event: 23.865 GC heap after
{Heap after GC invocations=127 (full 3):
 PSYoungGen      total 13312K, used 448K [0x00000000d5580000, 0x00000000d6480000, 0x0000000100000000)
  eden space 12800K, 0% used [0x00000000d5580000,0x00000000d5580000,0x00000000d6200000)
  from space 512K, 87% used [0x00000000d6400000,0x00000000d6470278,0x00000000d6480000)
  to   space 512K, 0% used [0x00000000d6380000,0x00000000d6380000,0x00000000d6400000)
 ParOldGen       total 112128K, used 112029K [0x0000000080000000, 0x0000000086d80000, 0x00000000d5580000)
  object space 112128K, 99% used [0x0000000080000000,0x0000000086d676f0,0x0000000086d80000)
 Metaspace       used 65502K, committed 66944K, reserved 1114112K
  class space    used 7686K, committed 8320K, reserved 1048576K
}
Event: 23.889 GC heap before
{Heap before GC invocations=128 (full 3):
 PSYoungGen      total 13312K, used 12662K [0x00000000d5580000, 0x00000000d6480000, 0x0000000100000000)
  eden space 12800K, 95% used [0x00000000d5580000,0x00000000d616d690,0x00000000d6200000)
  from space 512K, 87% used [0x00000000d6400000,0x00000000d6470278,0x00000000d6480000)
  to   space 512K, 0% used [0x00000000d6380000,0x00000000d6380000,0x00000000d6400000)
 ParOldGen       total 112128K, used 112029K [0x0000000080000000, 0x0000000086d80000, 0x00000000d5580000)
  object space 112128K, 99% used [0x0000000080000000,0x0000000086d676f0,0x0000000086d80000)
 Metaspace       used 65641K, committed 67072K, reserved 1114112K
  class space    used 7709K, committed 8320K, reserved 1048576K
}
Event: 23.890 GC heap after
{Heap after GC invocations=128 (full 3):
 PSYoungGen      total 13312K, used 384K [0x00000000d5580000, 0x00000000d6480000, 0x0000000100000000)
  eden space 12800K, 0% used [0x00000000d5580000,0x00000000d5580000,0x00000000d6200000)
  from space 512K, 75% used [0x00000000d6380000,0x00000000d63e0000,0x00000000d6400000)
  to   space 512K, 0% used [0x00000000d6400000,0x00000000d6400000,0x00000000d6480000)
 ParOldGen       total 112640K, used 112213K [0x0000000080000000, 0x0000000086e00000, 0x00000000d5580000)
  object space 112640K, 99% used [0x0000000080000000,0x0000000086d95700,0x0000000086e00000)
 Metaspace       used 65641K, committed 67072K, reserved 1114112K
  class space    used 7709K, committed 8320K, reserved 1048576K
}
Event: 23.905 GC heap before
{Heap before GC invocations=129 (full 3):
 PSYoungGen      total 13312K, used 13184K [0x00000000d5580000, 0x00000000d6480000, 0x0000000100000000)
  eden space 12800K, 100% used [0x00000000d5580000,0x00000000d6200000,0x00000000d6200000)
  from space 512K, 75% used [0x00000000d6380000,0x00000000d63e0000,0x00000000d6400000)
  to   space 512K, 0% used [0x00000000d6400000,0x00000000d6400000,0x00000000d6480000)
 ParOldGen       total 112640K, used 112213K [0x0000000080000000, 0x0000000086e00000, 0x00000000d5580000)
  object space 112640K, 99% used [0x0000000080000000,0x0000000086d95700,0x0000000086e00000)
 Metaspace       used 65767K, committed 67136K, reserved 1114112K
  class space    used 7730K, committed 8320K, reserved 1048576K
}
Event: 23.906 GC heap after
{Heap after GC invocations=129 (full 3):
 PSYoungGen      total 13312K, used 485K [0x00000000d5580000, 0x00000000d6500000, 0x0000000100000000)
  eden space 12800K, 0% used [0x00000000d5580000,0x00000000d5580000,0x00000000d6200000)
  from space 512K, 94% used [0x00000000d6400000,0x00000000d6479620,0x00000000d6480000)
  to   space 1536K, 0% used [0x00000000d6200000,0x00000000d6200000,0x00000000d6380000)
 ParOldGen       total 113664K, used 113007K [0x0000000080000000, 0x0000000086f00000, 0x00000000d5580000)
  object space 113664K, 99% used [0x0000000080000000,0x0000000086e5bc10,0x0000000086f00000)
 Metaspace       used 65767K, committed 67136K, reserved 1114112K
  class space    used 7730K, committed 8320K, reserved 1048576K
}
Event: 23.920 GC heap before
{Heap before GC invocations=130 (full 3):
 PSYoungGen      total 13312K, used 13285K [0x00000000d5580000, 0x00000000d6500000, 0x0000000100000000)
  eden space 12800K, 100% used [0x00000000d5580000,0x00000000d6200000,0x00000000d6200000)
  from space 512K, 94% used [0x00000000d6400000,0x00000000d6479620,0x00000000d6480000)
  to   space 1536K, 0% used [0x00000000d6200000,0x00000000d6200000,0x00000000d6380000)
 ParOldGen       total 113664K, used 113007K [0x0000000080000000, 0x0000000086f00000, 0x00000000d5580000)
  object space 113664K, 99% used [0x0000000080000000,0x0000000086e5bc10,0x0000000086f00000)
 Metaspace       used 65821K, committed 67264K, reserved 1114112K
  class space    used 7738K, committed 8384K, reserved 1048576K
}
Event: 23.924 GC heap after
{Heap after GC invocations=130 (full 3):
 PSYoungGen      total 14336K, used 416K [0x00000000d5580000, 0x00000000d6480000, 0x0000000100000000)
  eden space 12800K, 0% used [0x00000000d5580000,0x00000000d5580000,0x00000000d6200000)
  from space 1536K, 27% used [0x00000000d6200000,0x00000000d6268000,0x00000000d6380000)
  to   space 1024K, 0% used [0x00000000d6380000,0x00000000d6380000,0x00000000d6480000)
 ParOldGen       total 113664K, used 113520K [0x0000000080000000, 0x0000000086f00000, 0x00000000d5580000)
  object space 113664K, 99% used [0x0000000080000000,0x0000000086edc0b0,0x0000000086f00000)
 Metaspace       used 65821K, committed 67264K, reserved 1114112K
  class space    used 7738K, committed 8384K, reserved 1048576K
}
Event: 23.941 GC heap before
{Heap before GC invocations=131 (full 3):
 PSYoungGen      total 14336K, used 13216K [0x00000000d5580000, 0x00000000d6480000, 0x0000000100000000)
  eden space 12800K, 100% used [0x00000000d5580000,0x00000000d6200000,0x00000000d6200000)
  from space 1536K, 27% used [0x00000000d6200000,0x00000000d6268000,0x00000000d6380000)
  to   space 1024K, 0% used [0x00000000d6380000,0x00000000d6380000,0x00000000d6480000)
 ParOldGen       total 113664K, used 113520K [0x0000000080000000, 0x0000000086f00000, 0x00000000d5580000)
  object space 113664K, 99% used [0x0000000080000000,0x0000000086edc0b0,0x0000000086f00000)
 Metaspace       used 65957K, committed 67456K, reserved 1114112K
  class space    used 7750K, committed 8384K, reserved 1048576K
}
Event: 23.942 GC heap after
{Heap after GC invocations=131 (full 3):
 PSYoungGen      total 13824K, used 544K [0x00000000d5580000, 0x00000000d6480000, 0x0000000100000000)
  eden space 12800K, 0% used [0x00000000d5580000,0x00000000d5580000,0x00000000d6200000)
  from space 1024K, 53% used [0x00000000d6380000,0x00000000d6408000,0x00000000d6480000)
  to   space 1024K, 0% used [0x00000000d6280000,0x00000000d6280000,0x00000000d6380000)
 ParOldGen       total 114176K, used 113760K [0x0000000080000000, 0x0000000086f80000, 0x00000000d5580000)
  object space 114176K, 99% used [0x0000000080000000,0x0000000086f180b0,0x0000000086f80000)
 Metaspace       used 65957K, committed 67456K, reserved 1114112K
  class space    used 7750K, committed 8384K, reserved 1048576K
}

Dll operation events (15 events):
Event: 0.017 Loaded shared library c:\Users\jibri\.vscode\extensions\redhat.java-1.54.0-win32-x64\jre\21.0.10-win32-x86_64\bin\java.dll
Event: 0.064 Loaded shared library c:\Users\jibri\.vscode\extensions\redhat.java-1.54.0-win32-x64\jre\21.0.10-win32-x86_64\bin\zip.dll
Event: 0.081 Loaded shared library C:\Users\jibri\.vscode\extensions\redhat.java-1.54.0-win32-x64\jre\21.0.10-win32-x86_64\bin\instrument.dll
Event: 0.086 Loaded shared library C:\Users\jibri\.vscode\extensions\redhat.java-1.54.0-win32-x64\jre\21.0.10-win32-x86_64\bin\net.dll
Event: 0.090 Loaded shared library C:\Users\jibri\.vscode\extensions\redhat.java-1.54.0-win32-x64\jre\21.0.10-win32-x86_64\bin\nio.dll
Event: 0.092 Loaded shared library C:\Users\jibri\.vscode\extensions\redhat.java-1.54.0-win32-x64\jre\21.0.10-win32-x86_64\bin\zip.dll
Event: 0.107 Loaded shared library C:\Users\jibri\.vscode\extensions\redhat.java-1.54.0-win32-x64\jre\21.0.10-win32-x86_64\bin\jimage.dll
Event: 0.180 Loaded shared library c:\Users\jibri\.vscode\extensions\redhat.java-1.54.0-win32-x64\jre\21.0.10-win32-x86_64\bin\verify.dll
Event: 1.102 Loaded shared library C:\Users\jibri\AppData\Roaming\Code\User\globalStorage\redhat.java\1.54.0\config_win\org.eclipse.equinox.launcher\org.eclipse.equinox.launcher.win32.win32.x86_64_1.3.0.v20260203-2149\eclipse_11919.dll
Event: 4.369 Loaded shared library C:\Users\jibri\AppData\Local\Temp\jna-101119098\jna18349032596597105071.dll
Event: 12.457 Loaded shared library C:\Users\jibri\.gradle\native\1def1411415f61bf3af743bc5b6707747c0891f09f0c88961ee8f79bc544acac\windows-amd64\native-platform.dll
Event: 13.864 Loaded shared library C:\Users\jibri\.vscode\extensions\redhat.java-1.54.0-win32-x64\jre\21.0.10-win32-x86_64\bin\management.dll
Event: 13.868 Loaded shared library C:\Users\jibri\.vscode\extensions\redhat.java-1.54.0-win32-x64\jre\21.0.10-win32-x86_64\bin\management_ext.dll
Event: 13.998 Loaded shared library C:\Users\jibri\.vscode\extensions\redhat.java-1.54.0-win32-x64\jre\21.0.10-win32-x86_64\bin\sunmscapi.dll
Event: 14.282 Loaded shared library C:\Users\jibri\.vscode\extensions\redhat.java-1.54.0-win32-x64\jre\21.0.10-win32-x86_64\bin\extnet.dll

Deoptimization events (20 events):
Event: 23.796 Thread 0x000001c6efbade80 DEOPT PACKING pc=0x000001c692e15ec2 sp=0x000000689f3fdd70
Event: 23.796 Thread 0x000001c6efbade80 DEOPT UNPACKING pc=0x000001c6997c4242 sp=0x000000689f3fd2e8 mode 0
Event: 23.870 Thread 0x000001c6efbade80 DEOPT PACKING pc=0x000001c692e15ec2 sp=0x000000689f3fdd90
Event: 23.870 Thread 0x000001c6efbade80 DEOPT UNPACKING pc=0x000001c6997c4242 sp=0x000000689f3fd308 mode 0
Event: 23.914 Thread 0x000001c6efbb4780 Uncommon trap: trap_request=0xffffff45 fr.pc=0x000001c69a29914c relative=0x000000000000050c
Event: 23.914 Thread 0x000001c6efbb4780 Uncommon trap: reason=unstable_if action=reinterpret pc=0x000001c69a29914c method=sun.nio.fs.WindowsFileSystemProvider.isSameFile(Ljava/nio/file/Path;Ljava/nio/file/Path;)Z @ 10 c2
Event: 23.914 Thread 0x000001c6efbb4780 DEOPT PACKING pc=0x000001c69a29914c sp=0x000000689fafe1a0
Event: 23.914 Thread 0x000001c6efbb4780 DEOPT UNPACKING pc=0x000001c6997c3aa2 sp=0x000000689fafe110 mode 2
Event: 23.933 Thread 0x000001c6efbb4780 Uncommon trap: trap_request=0xffffff45 fr.pc=0x000001c69a30ec34 relative=0x00000000000005f4
Event: 23.933 Thread 0x000001c6efbb4780 Uncommon trap: reason=unstable_if action=reinterpret pc=0x000001c69a30ec34 method=java.util.ImmutableCollections$AbstractImmutableList.equals(Ljava/lang/Object;)Z @ 2 c2
Event: 23.933 Thread 0x000001c6efbb4780 DEOPT PACKING pc=0x000001c69a30ec34 sp=0x000000689fafdf80
Event: 23.933 Thread 0x000001c6efbb4780 DEOPT UNPACKING pc=0x000001c6997c3aa2 sp=0x000000689fafdf20 mode 2
Event: 23.949 Thread 0x000001c6efbb4780 Uncommon trap: trap_request=0xffffff45 fr.pc=0x000001c69a23721c relative=0x000000000000015c
Event: 23.949 Thread 0x000001c6efbb4780 Uncommon trap: reason=unstable_if action=reinterpret pc=0x000001c69a23721c method=org.gradle.internal.classpath.DefaultClassPath$ImmutableUniqueList$Builder.add(Ljava/lang/Object;)V @ 8 c2
Event: 23.949 Thread 0x000001c6efbb4780 DEOPT PACKING pc=0x000001c69a23721c sp=0x000000689fafdf60
Event: 23.949 Thread 0x000001c6efbb4780 DEOPT UNPACKING pc=0x000001c6997c3aa2 sp=0x000000689fafdf00 mode 2
Event: 23.968 Thread 0x000001c6efbb4780 Uncommon trap: trap_request=0xffffff45 fr.pc=0x000001c699d78e58 relative=0x00000000000000b8
Event: 23.968 Thread 0x000001c6efbb4780 Uncommon trap: reason=unstable_if action=reinterpret pc=0x000001c699d78e58 method=java.util.jar.Manifest$FastInputStream.peek()B @ 23 c2
Event: 23.968 Thread 0x000001c6efbb4780 DEOPT PACKING pc=0x000001c699d78e58 sp=0x000000689fafd9b0
Event: 23.968 Thread 0x000001c6efbb4780 DEOPT UNPACKING pc=0x000001c6997c3aa2 sp=0x000000689fafd940 mode 2

Classes loaded (20 events):
Event: 23.933 Loading class sun/util/cldr/CLDRTimeZoneNameProviderImpl
Event: 23.934 Loading class sun/util/locale/provider/TimeZoneNameProviderImpl
Event: 23.934 Loading class sun/util/locale/provider/TimeZoneNameProviderImpl done
Event: 23.934 Loading class sun/util/cldr/CLDRTimeZoneNameProviderImpl done
Event: 23.935 Loading class sun/util/resources/cldr/TimeZoneNames
Event: 23.936 Loading class sun/util/resources/TimeZoneNamesBundle
Event: 23.936 Loading class sun/util/resources/OpenListResourceBundle
Event: 23.936 Loading class sun/util/resources/OpenListResourceBundle done
Event: 23.936 Loading class sun/util/resources/TimeZoneNamesBundle done
Event: 23.936 Loading class sun/util/resources/cldr/TimeZoneNames done
Event: 23.936 Loading class sun/util/resources/cldr/TimeZoneNames_en
Event: 23.937 Loading class sun/util/resources/cldr/TimeZoneNames_en done
Event: 23.938 Loading class sun/util/resources/cldr/TimeZoneNames_en_US
Event: 23.938 Loading class sun/util/resources/cldr/TimeZoneNames_en_US done
Event: 23.939 Loading class sun/util/cldr/CLDRBaseLocaleDataMetaInfo$TZCanonicalIDMapHolder
Event: 23.940 Loading class sun/util/cldr/CLDRBaseLocaleDataMetaInfo$TZCanonicalIDMapHolder done
Event: 23.941 Loading class sun/util/resources/TimeZoneNames
Event: 23.943 Loading class sun/util/resources/TimeZoneNames done
Event: 23.944 Loading class sun/util/resources/TimeZoneNames_en
Event: 23.944 Loading class sun/util/resources/TimeZoneNames_en done

Classes unloaded (11 events):
Event: 5.664 Thread 0x000001c68efd4470 Unloading class 0x000001c6a71a5400 'java/lang/invoke/LambdaForm$MH+0x000001c6a71a5400'
Event: 5.664 Thread 0x000001c68efd4470 Unloading class 0x000001c6a71a5000 'java/lang/invoke/LambdaForm$MH+0x000001c6a71a5000'
Event: 5.664 Thread 0x000001c68efd4470 Unloading class 0x000001c6a71a4c00 'java/lang/invoke/LambdaForm$MH+0x000001c6a71a4c00'
Event: 5.664 Thread 0x000001c68efd4470 Unloading class 0x000001c6a71a4800 'java/lang/invoke/LambdaForm$MH+0x000001c6a71a4800'
Event: 5.664 Thread 0x000001c68efd4470 Unloading class 0x000001c6a71a4400 'java/lang/invoke/LambdaForm$BMH+0x000001c6a71a4400'
Event: 5.664 Thread 0x000001c68efd4470 Unloading class 0x000001c6a71a4000 'java/lang/invoke/LambdaForm$DMH+0x000001c6a71a4000'
Event: 5.664 Thread 0x000001c68efd4470 Unloading class 0x000001c6a71a2c00 'java/lang/invoke/LambdaForm$DMH+0x000001c6a71a2c00'
Event: 6.994 Thread 0x000001c68efd4470 Unloading class 0x000001c6a7396000 'java/lang/invoke/LambdaForm$MH+0x000001c6a7396000'
Event: 6.994 Thread 0x000001c68efd4470 Unloading class 0x000001c6a7395400 'java/lang/invoke/LambdaForm$MH+0x000001c6a7395400'
Event: 6.994 Thread 0x000001c68efd4470 Unloading class 0x000001c6a7394c00 'java/lang/invoke/LambdaForm$MH+0x000001c6a7394c00'
Event: 6.994 Thread 0x000001c68efd4470 Unloading class 0x000001c6a7394000 'java/lang/invoke/LambdaForm$MH+0x000001c6a7394000'

Classes redefined (0 events):
No events

Internal exceptions (20 events):
Event: 23.843 Thread 0x000001c6efbade80 Exception <a 'sun/nio/fs/WindowsException'{0x00000000d5b25238}> (0x00000000d5b25238) 
thrown [s\src\hotspot\share\prims\jni.cpp, line 520]
Event: 23.843 Thread 0x000001c6efbade80 Exception <a 'sun/nio/fs/WindowsException'{0x00000000d5b25b18}> (0x00000000d5b25b18) 
thrown [s\src\hotspot\share\prims\jni.cpp, line 520]
Event: 23.844 Thread 0x000001c6efbade80 Exception <a 'sun/nio/fs/WindowsException'{0x00000000d5b26890}> (0x00000000d5b26890) 
thrown [s\src\hotspot\share\prims\jni.cpp, line 520]
Event: 23.844 Thread 0x000001c6efbade80 Exception <a 'sun/nio/fs/WindowsException'{0x00000000d5b27170}> (0x00000000d5b27170) 
thrown [s\src\hotspot\share\prims\jni.cpp, line 520]
Event: 23.849 Thread 0x000001c6efbade80 Exception <a 'sun/nio/fs/WindowsException'{0x00000000d5e15ba8}> (0x00000000d5e15ba8) 
thrown [s\src\hotspot\share\prims\jni.cpp, line 520]
Event: 23.849 Thread 0x000001c6efbade80 Exception <a 'sun/nio/fs/WindowsException'{0x00000000d5e1bee8}> (0x00000000d5e1bee8) 
thrown [s\src\hotspot\share\prims\jni.cpp, line 520]
Event: 23.860 Thread 0x000001c6efbb4780 Exception <a 'java/lang/NoSuchMethodError'{0x00000000d618e798}: 'long java.lang.invoke.DirectMethodHandle$Holder.invokeVirtual(java.lang.Object, java.lang.Object)'> (0x00000000d618e798) 
thrown [s\src\hotspot\share\interpreter\linkResolver.cpp, line 773]
Event: 23.861 Thread 0x000001c6efbb4780 Exception <a 'java/lang/NoSuchMethodError'{0x00000000d6191b98}: 'long java.lang.invoke.DelegatingMethodHandle$Holder.reinvoke_L(java.lang.Object, java.lang.Object)'> (0x00000000d6191b98) 
thrown [s\src\hotspot\share\interpreter\linkResolver.cpp, line 773]
Event: 23.867 Thread 0x000001c6efbade80 Exception <a 'sun/nio/fs/WindowsException'{0x00000000d55e0df8}> (0x00000000d55e0df8) 
thrown [s\src\hotspot\share\prims\jni.cpp, line 520]
Event: 23.867 Thread 0x000001c6efbade80 Exception <a 'sun/nio/fs/WindowsException'{0x00000000d55e16d8}> (0x00000000d55e16d8) 
thrown [s\src\hotspot\share\prims\jni.cpp, line 520]
Event: 23.867 Thread 0x000001c6efbade80 Exception <a 'sun/nio/fs/WindowsException'{0x00000000d55e24b0}> (0x00000000d55e24b0) 
thrown [s\src\hotspot\share\prims\jni.cpp, line 520]
Event: 23.868 Thread 0x000001c6efbade80 Exception <a 'sun/nio/fs/WindowsException'{0x00000000d55e2d90}> (0x00000000d55e2d90) 
thrown [s\src\hotspot\share\prims\jni.cpp, line 520]
Event: 23.868 Thread 0x000001c6efbade80 Exception <a 'sun/nio/fs/WindowsException'{0x00000000d55e4cc8}> (0x00000000d55e4cc8) 
thrown [s\src\hotspot\share\prims\jni.cpp, line 520]
Event: 23.868 Thread 0x000001c6efbade80 Exception <a 'sun/nio/fs/WindowsException'{0x00000000d582abb8}> (0x00000000d582abb8) 
thrown [s\src\hotspot\share\prims\jni.cpp, line 520]
Event: 23.881 Thread 0x000001c6efbade80 Exception <a 'sun/nio/fs/WindowsException'{0x00000000d5eaed98}> (0x00000000d5eaed98) 
thrown [s\src\hotspot\share\prims\jni.cpp, line 520]
Event: 23.881 Thread 0x000001c6efbade80 Exception <a 'sun/nio/fs/WindowsException'{0x00000000d5eaf678}> (0x00000000d5eaf678) 
thrown [s\src\hotspot\share\prims\jni.cpp, line 520]
Event: 23.882 Thread 0x000001c6efbade80 Exception <a 'sun/nio/fs/WindowsException'{0x00000000d5eb03f0}> (0x00000000d5eb03f0) 
thrown [s\src\hotspot\share\prims\jni.cpp, line 520]
Event: 23.882 Thread 0x000001c6efbade80 Exception <a 'sun/nio/fs/WindowsException'{0x00000000d5eb0cd0}> (0x00000000d5eb0cd0) 
thrown [s\src\hotspot\share\prims\jni.cpp, line 520]
Event: 23.883 Thread 0x000001c6efbade80 Exception <a 'sun/nio/fs/WindowsException'{0x00000000d5eb2380}> (0x00000000d5eb2380) 
thrown [s\src\hotspot\share\prims\jni.cpp, line 520]
Event: 23.883 Thread 0x000001c6efbade80 Exception <a 'sun/nio/fs/WindowsException'{0x00000000d609d2b0}> (0x00000000d609d2b0) 
thrown [s\src\hotspot\share\prims\jni.cpp, line 520]

ZGC Phase Switch (0 events):
No events

VM Operations (20 events):
Event: 23.754 Executing safepoint VM operation: ParallelGCFailedAllocation (Allocation Failure) done
Event: 23.766 Executing safepoint VM operation: ParallelGCFailedAllocation (Allocation Failure)
Event: 23.767 Executing safepoint VM operation: ParallelGCFailedAllocation (Allocation Failure) done
Event: 23.801 Executing safepoint VM operation: ParallelGCFailedAllocation (Allocation Failure)
Event: 23.804 Executing safepoint VM operation: ParallelGCFailedAllocation (Allocation Failure) done
Event: 23.814 Executing non-safepoint VM operation: HandshakeAllThreads (Deoptimize)
Event: 23.815 Executing non-safepoint VM operation: HandshakeAllThreads (Deoptimize) done
Event: 23.825 Executing safepoint VM operation: ParallelGCFailedAllocation (Allocation Failure)
Event: 23.826 Executing safepoint VM operation: ParallelGCFailedAllocation (Allocation Failure) done
Event: 23.862 Executing safepoint VM operation: ParallelGCFailedAllocation (Allocation Failure)
Event: 23.865 Executing safepoint VM operation: ParallelGCFailedAllocation (Allocation Failure) done
Event: 23.885 Executing safepoint VM operation: ParallelGCFailedAllocation (Allocation Failure)
Event: 23.890 Executing safepoint VM operation: ParallelGCFailedAllocation (Allocation Failure) done
Event: 23.904 Executing safepoint VM operation: ParallelGCFailedAllocation (Allocation Failure)
Event: 23.906 Executing safepoint VM operation: ParallelGCFailedAllocation (Allocation Failure) done
Event: 23.920 Executing safepoint VM operation: ParallelGCFailedAllocation (Allocation Failure)
Event: 23.924 Executing safepoint VM operation: ParallelGCFailedAllocation (Allocation Failure) done
Event: 23.941 Executing safepoint VM operation: ParallelGCFailedAllocation (Allocation Failure)
Event: 23.942 Executing safepoint VM operation: ParallelGCFailedAllocation (Allocation Failure) done
Event: 24.069 Executing safepoint VM operation: ParallelGCFailedAllocation (Allocation Failure)

Memory protections (0 events):
No events

Nmethod flushes (20 events):
Event: 14.083 Thread 0x000001c68efd4470 flushing  nmethod 0x000001c692c94110
Event: 14.083 Thread 0x000001c68efd4470 flushing  nmethod 0x000001c692c94e90
Event: 14.083 Thread 0x000001c68efd4470 flushing  nmethod 0x000001c692c95290
Event: 14.083 Thread 0x000001c68efd4470 flushing  nmethod 0x000001c692c96790
Event: 14.083 Thread 0x000001c68efd4470 flushing  nmethod 0x000001c692c96c90
Event: 14.083 Thread 0x000001c68efd4470 flushing  nmethod 0x000001c692cb4d10
Event: 14.083 Thread 0x000001c68efd4470 flushing  nmethod 0x000001c692cb6d10
Event: 14.083 Thread 0x000001c68efd4470 flushing  nmethod 0x000001c692cb8d10
Event: 14.083 Thread 0x000001c68efd4470 flushing  nmethod 0x000001c692cb9110
Event: 14.083 Thread 0x000001c68efd4470 flushing  nmethod 0x000001c692cb9b90
Event: 14.083 Thread 0x000001c68efd4470 flushing  nmethod 0x000001c692cb9f90
Event: 14.083 Thread 0x000001c68efd4470 flushing  nmethod 0x000001c692cba610
Event: 14.083 Thread 0x000001c68efd4470 flushing  nmethod 0x000001c692cbab10
Event: 14.083 Thread 0x000001c68efd4470 flushing  nmethod 0x000001c692cc0110
Event: 14.083 Thread 0x000001c68efd4470 flushing  nmethod 0x000001c692cc1590
Event: 14.083 Thread 0x000001c68efd4470 flushing  nmethod 0x000001c692cc1910
Event: 14.083 Thread 0x000001c68efd4470 flushing  nmethod 0x000001c692cc1c90
Event: 14.083 Thread 0x000001c68efd4470 flushing  nmethod 0x000001c692cc2d10
Event: 14.083 Thread 0x000001c68efd4470 flushing  nmethod 0x000001c692cc7490
Event: 14.083 Thread 0x000001c68efd4470 flushing  nmethod 0x000001c692cee490

Events (20 events):
Event: 11.904 Thread 0x000001c6ee5ca8b0 Thread added: 0x000001c6efbb1990
Event: 13.035 Thread 0x000001c6e9992bd0 Thread exited: 0x000001c6e9992bd0
Event: 13.035 Thread 0x000001c6e998fc20 Thread exited: 0x000001c6e998fc20
Event: 13.544 Thread 0x000001c6e7e3d320 Thread added: 0x000001c6e998fc20
Event: 13.931 Thread 0x000001c6e998fc20 Thread exited: 0x000001c6e998fc20
Event: 13.958 Thread 0x000001c6efbb1990 Thread exited: 0x000001c6efbb1990
Event: 13.974 Thread 0x000001c6e7e3d320 Thread added: 0x000001c6e9991760
Event: 14.656 Thread 0x000001c6ee5caf40 Thread added: 0x000001c6efbb4e10
Event: 14.656 Thread 0x000001c6efbb4e10 Thread exited: 0x000001c6efbb4e10
Event: 14.920 Thread 0x000001c6ee5caf40 Thread added: 0x000001c6efbb4e10
Event: 14.920 Thread 0x000001c6efbb4e10 Thread exited: 0x000001c6efbb4e10
Event: 14.982 Thread 0x000001c6e9991760 Thread exited: 0x000001c6e9991760
Event: 15.084 Thread 0x000001c6ee5caf40 Thread added: 0x000001c6efbb4e10
Event: 15.084 Thread 0x000001c6efbb4e10 Thread exited: 0x000001c6efbb4e10
Event: 15.255 Thread 0x000001c6ee5caf40 Thread added: 0x000001c6efbb4e10
Event: 15.255 Thread 0x000001c6efbb4e10 Thread exited: 0x000001c6efbb4e10
Event: 17.276 Thread 0x000001c6efbb4780 Thread exited: 0x000001c6efbb4780
Event: 17.286 Thread 0x000001c6e7e3d320 Thread added: 0x000001c6e99902f0
Event: 20.523 Thread 0x000001c6ee5cea50 Thread added: 0x000001c6efbb4780
Event: 23.879 Thread 0x000001c6efbb4780 Thread added: 0x000001c6efbb4e10


Dynamic libraries:
0x00007ff6aa770000 - 0x00007ff6aa77e000 	c:\Users\jibri\.vscode\extensions\redhat.java-1.54.0-win32-x64\jre\21.0.10-win32-x86_64\bin\java.exe
0x00007ff911840000 - 0x00007ff911aa7000 	C:\WINDOWS\SYSTEM32\ntdll.dll
0x00007ff90f650000 - 0x00007ff90f719000 	C:\WINDOWS\System32\KERNEL32.DLL
0x00007ff90e2a0000 - 0x00007ff90e697000 	C:\WINDOWS\System32\KERNELBASE.dll
0x00007ff90f330000 - 0x00007ff90f47b000 	C:\WINDOWS\System32\ucrtbase.dll
0x00007ff8d4310000 - 0x00007ff8d4328000 	c:\Users\jibri\.vscode\extensions\redhat.java-1.54.0-win32-x64\jre\21.0.10-win32-x86_64\bin\jli.dll
0x00007ff8d4d20000 - 0x00007ff8d4d3e000 	c:\Users\jibri\.vscode\extensions\redhat.java-1.54.0-win32-x64\jre\21.0.10-win32-x86_64\bin\VCRUNTIME140.dll
0x00007ff911570000 - 0x00007ff911736000 	C:\WINDOWS\System32\USER32.dll
0x00007ff90e270000 - 0x00007ff90e297000 	C:\WINDOWS\System32\win32u.dll
0x00007ff910d80000 - 0x00007ff910dab000 	C:\WINDOWS\System32\GDI32.dll
0x00007ff90f080000 - 0x00007ff90f1ac000 	C:\WINDOWS\System32\gdi32full.dll
0x00007ff90f510000 - 0x00007ff90f5b3000 	C:\WINDOWS\System32\msvcp_win.dll
0x00007ff8e9210000 - 0x00007ff8e94a2000 	C:\WINDOWS\WinSxS\amd64_microsoft.windows.common-controls_6595b64144ccf1df_6.0.26100.8457_none_3e0b2faee331e92d\COMCTL32.dll
0x00007ff90f8b0000 - 0x00007ff90f959000 	C:\WINDOWS\System32\msvcrt.dll
0x00007ff90f7f0000 - 0x00007ff90f822000 	C:\WINDOWS\System32\IMM32.DLL
0x00007ff8d5a30000 - 0x00007ff8d5a3c000 	c:\Users\jibri\.vscode\extensions\redhat.java-1.54.0-win32-x64\jre\21.0.10-win32-x86_64\bin\vcruntime140_1.dll
0x00007ff8b95a0000 - 0x00007ff8b962d000 	c:\Users\jibri\.vscode\extensions\redhat.java-1.54.0-win32-x64\jre\21.0.10-win32-x86_64\bin\msvcp140.dll
0x00007ff8336f0000 - 0x00007ff834491000 	c:\Users\jibri\.vscode\extensions\redhat.java-1.54.0-win32-x64\jre\21.0.10-win32-x86_64\bin\server\jvm.dll
0x00007ff911740000 - 0x00007ff9117f6000 	C:\WINDOWS\System32\ADVAPI32.dll
0x00007ff910520000 - 0x00007ff9105c7000 	C:\WINDOWS\System32\sechost.dll
0x00007ff9105d0000 - 0x00007ff9106e8000 	C:\WINDOWS\System32\RPCRT4.dll
0x00007ff90f5c0000 - 0x00007ff90f640000 	C:\WINDOWS\System32\WS2_32.dll
0x00007ff90e0d0000 - 0x00007ff90e12e000 	C:\WINDOWS\SYSTEM32\POWRPROF.dll
0x00007ff905dd0000 - 0x00007ff905ddb000 	C:\WINDOWS\SYSTEM32\VERSION.dll
0x00007ff900920000 - 0x00007ff900956000 	C:\WINDOWS\SYSTEM32\WINMM.dll
0x00007ff90e0b0000 - 0x00007ff90e0c4000 	C:\WINDOWS\SYSTEM32\UMPDC.dll
0x00007ff90cfd0000 - 0x00007ff90cfeb000 	C:\WINDOWS\SYSTEM32\kernel.appcore.dll
0x00007ff8d5070000 - 0x00007ff8d507a000 	c:\Users\jibri\.vscode\extensions\redhat.java-1.54.0-win32-x64\jre\21.0.10-win32-x86_64\bin\jimage.dll
0x00007ff90bfa0000 - 0x00007ff90c1e2000 	C:\WINDOWS\SYSTEM32\DBGHELP.DLL
0x00007ff90fc40000 - 0x00007ff90ffc3000 	C:\WINDOWS\System32\combase.dll
0x00007ff9101a0000 - 0x00007ff910279000 	C:\WINDOWS\System32\OLEAUT32.dll
0x00007ff8e3840000 - 0x00007ff8e387b000 	C:\WINDOWS\SYSTEM32\dbgcore.DLL
0x00007ff90ef10000 - 0x00007ff90efb8000 	C:\WINDOWS\System32\bcryptPrimitives.dll
0x00007ff8d32f0000 - 0x00007ff8d32ff000 	c:\Users\jibri\.vscode\extensions\redhat.java-1.54.0-win32-x64\jre\21.0.10-win32-x86_64\bin\instrument.dll
0x00007ff8d4210000 - 0x00007ff8d4230000 	c:\Users\jibri\.vscode\extensions\redhat.java-1.54.0-win32-x64\jre\21.0.10-win32-x86_64\bin\java.dll
0x00007ff910db0000 - 0x00007ff91151e000 	C:\WINDOWS\System32\SHELL32.dll
0x00007ff90e6a0000 - 0x00007ff90ef0c000 	C:\WINDOWS\System32\windows.storage.dll
0x00007ff90fb40000 - 0x00007ff90fc36000 	C:\WINDOWS\System32\SHCORE.dll
0x00007ff90ffd0000 - 0x00007ff910036000 	C:\WINDOWS\System32\shlwapi.dll
0x00007ff90e190000 - 0x00007ff90e1b9000 	C:\WINDOWS\SYSTEM32\profapi.dll
0x00007ff8d3300000 - 0x00007ff8d3318000 	c:\Users\jibri\.vscode\extensions\redhat.java-1.54.0-win32-x64\jre\21.0.10-win32-x86_64\bin\zip.dll
0x00007ff8d4d10000 - 0x00007ff8d4d20000 	C:\Users\jibri\.vscode\extensions\redhat.java-1.54.0-win32-x64\jre\21.0.10-win32-x86_64\bin\net.dll
0x00007ff906160000 - 0x00007ff906289000 	C:\WINDOWS\SYSTEM32\WINHTTP.dll
0x00007ff90d570000 - 0x00007ff90d5dc000 	C:\WINDOWS\system32\mswsock.dll
0x00007ff8d1c60000 - 0x00007ff8d1c76000 	C:\Users\jibri\.vscode\extensions\redhat.java-1.54.0-win32-x64\jre\21.0.10-win32-x86_64\bin\nio.dll
0x00007ff8d1be0000 - 0x00007ff8d1bf0000 	c:\Users\jibri\.vscode\extensions\redhat.java-1.54.0-win32-x64\jre\21.0.10-win32-x86_64\bin\verify.dll
0x00007ff8d4330000 - 0x00007ff8d4375000 	C:\Users\jibri\AppData\Roaming\Code\User\globalStorage\redhat.java\1.54.0\config_win\org.eclipse.equinox.launcher\org.eclipse.equinox.launcher.win32.win32.x86_64_1.3.0.v20260203-2149\eclipse_11919.dll
0x00007ff9106f0000 - 0x00007ff910887000 	C:\WINDOWS\System32\ole32.dll
0x00007ff90d850000 - 0x00007ff90d86b000 	C:\WINDOWS\SYSTEM32\CRYPTSP.dll
0x00007ff90cf30000 - 0x00007ff90cf69000 	C:\WINDOWS\system32\rsaenh.dll
0x00007ff90d620000 - 0x00007ff90d653000 	C:\WINDOWS\SYSTEM32\USERENV.dll
0x00007ff90e160000 - 0x00007ff90e18a000 	C:\WINDOWS\SYSTEM32\bcrypt.dll
0x00007ff90d870000 - 0x00007ff90d87c000 	C:\WINDOWS\SYSTEM32\CRYPTBASE.dll
0x00007ff90ca00000 - 0x00007ff90ca32000 	C:\WINDOWS\SYSTEM32\IPHLPAPI.DLL
0x00007ff90f880000 - 0x00007ff90f88a000 	C:\WINDOWS\System32\NSI.dll
0x00007ff8bdc10000 - 0x00007ff8bdc59000 	C:\Users\jibri\AppData\Local\Temp\jna-101119098\jna18349032596597105071.dll
0x00007ff90f720000 - 0x00007ff90f728000 	C:\WINDOWS\System32\PSAPI.DLL
0x00007ff906340000 - 0x00007ff90635d000 	C:\WINDOWS\SYSTEM32\dhcpcsvc6.DLL
0x00007ff906130000 - 0x00007ff906155000 	C:\WINDOWS\SYSTEM32\dhcpcsvc.DLL
0x00007ff8d6140000 - 0x00007ff8d6167000 	C:\Users\jibri\.gradle\native\1def1411415f61bf3af743bc5b6707747c0891f09f0c88961ee8f79bc544acac\windows-amd64\native-platform.dll
0x00007ff90ae10000 - 0x00007ff90ae1a000 	C:\Users\jibri\.vscode\extensions\redhat.java-1.54.0-win32-x64\jre\21.0.10-win32-x86_64\bin\management.dll
0x00007ff8cefc0000 - 0x00007ff8cefcc000 	C:\Users\jibri\.vscode\extensions\redhat.java-1.54.0-win32-x64\jre\21.0.10-win32-x86_64\bin\management_ext.dll
0x00007ff8d4710000 - 0x00007ff8d471e000 	C:\Users\jibri\.vscode\extensions\redhat.java-1.54.0-win32-x64\jre\21.0.10-win32-x86_64\bin\sunmscapi.dll
0x00007ff90f1b0000 - 0x00007ff90f328000 	C:\WINDOWS\System32\CRYPT32.dll
0x00007ff90da70000 - 0x00007ff90daa0000 	C:\WINDOWS\SYSTEM32\ncrypt.dll
0x00007ff90da20000 - 0x00007ff90da5f000 	C:\WINDOWS\SYSTEM32\NTASN1.dll
0x00007ff90caa0000 - 0x00007ff90cbd2000 	C:\WINDOWS\SYSTEM32\DNSAPI.dll
0x00007ff905880000 - 0x00007ff90588b000 	C:\Windows\System32\rasadhlp.dll
0x00007ff905350000 - 0x00007ff9053d6000 	C:\WINDOWS\System32\fwpuclnt.dll
0x00007ff8d4300000 - 0x00007ff8d4309000 	C:\Users\jibri\.vscode\extensions\redhat.java-1.54.0-win32-x64\jre\21.0.10-win32-x86_64\bin\extnet.dll

JVMTI agents:
c:\Users\jibri\.vscode\extensions\redhat.java-1.54.0-win32-x64\lombok\lombok-1.18.39-4050.jar path:c:\Users\jibri\.vscode\extensions\redhat.java-1.54.0-win32-x64\jre\21.0.10-win32-x86_64\bin\instrument.dll, loaded, initialized, instrumentlib options:none

dbghelp: loaded successfully - version: 4.0.5 - missing functions: none
symbol engine: initialized successfully - sym options: 0x614 - pdb path: .;c:\Users\jibri\.vscode\extensions\redhat.java-1.54.0-win32-x64\jre\21.0.10-win32-x86_64\bin;C:\WINDOWS\SYSTEM32;C:\WINDOWS\WinSxS\amd64_microsoft.windows.common-controls_6595b64144ccf1df_6.0.26100.8457_none_3e0b2faee331e92d;c:\Users\jibri\.vscode\extensions\redhat.java-1.54.0-win32-x64\jre\21.0.10-win32-x86_64\bin\server;C:\Users\jibri\AppData\Roaming\Code\User\globalStorage\redhat.java\1.54.0\config_win\org.eclipse.equinox.launcher\org.eclipse.equinox.launcher.win32.win32.x86_64_1.3.0.v20260203-2149;C:\Users\jibri\AppData\Local\Temp\jna-101119098;C:\Users\jibri\.gradle\native\1def1411415f61bf3af743bc5b6707747c0891f09f0c88961ee8f79bc544acac\windows-amd64

VM Arguments:
jvm_args: --add-modules=ALL-SYSTEM --add-opens=java.base/java.util=ALL-UNNAMED --add-opens=java.base/java.lang=ALL-UNNAMED --add-opens=java.base/sun.nio.fs=ALL-UNNAMED -Declipse.application=org.eclipse.jdt.ls.core.id1 -Dosgi.bundles.defaultStartLevel=4 -Declipse.product=org.eclipse.jdt.ls.core.product -Djava.import.generatesMetadataFilesAtProjectRoot=false -DDetectVMInstallationsJob.disabled=true -Dfile.encoding=utf8 -XX:+UseParallelGC -XX:GCTimeRatio=4 -XX:AdaptiveSizePolicyWeight=90 -Dsun.zip.disableMemoryMapping=true -Xmx2G -Xms100m -Xlog:disable -javaagent:c:\Users\jibri\.vscode\extensions\redhat.java-1.54.0-win32-x64\lombok\lombok-1.18.39-4050.jar -XX:+HeapDumpOnOutOfMemoryError -XX:HeapDumpPath=c:\Users\jibri\AppData\Roaming\Code\User\workspaceStorage\8b75b7c593fc459511d45e689933c160\redhat.java -Daether.dependencyCollector.impl=bf 
java_command: c:\Users\jibri\.vscode\extensions\redhat.java-1.54.0-win32-x64\server\plugins\org.eclipse.equinox.launcher_1.7.100.v20251111-0406.jar -configuration c:\Users\jibri\AppData\Roaming\Code\User\globalStorage\redhat.java\1.54.0\config_win -data c:\Users\jibri\AppData\Roaming\Code\User\workspaceStorage\8b75b7c593fc459511d45e689933c160\redhat.java\jdt_ws --pipe=\\.\pipe\lsp-fe204f647c7273c7a96f936a33921864-sock
java_class_path (initial): c:\Users\jibri\.vscode\extensions\redhat.java-1.54.0-win32-x64\server\plugins\org.eclipse.equinox.launcher_1.7.100.v20251111-0406.jar
Launcher Type: SUN_STANDARD

[Global flags]
    uintx AdaptiveSizePolicyWeight                 = 90                                        {product} {command line}
     intx CICompilerCount                          = 4                                         {product} {ergonomic}
    uintx GCTimeRatio                              = 4                                         {product} {command line}
     bool HeapDumpOnOutOfMemoryError               = true                                   {manageable} {command line}
    ccstr HeapDumpPath                             = c:\Users\jibri\AppData\Roaming\Code\User\workspaceStorage\8b75b7c593fc459511d45e689933c160\redhat.java         {manageable} {command line}
   size_t InitialHeapSize                          = 104857600                                 {product} {command line}
   size_t MaxHeapSize                              = 2147483648                                {product} {command line}
   size_t MaxNewSize                               = 715653120                                 {product} {ergonomic}
   size_t MinHeapDeltaBytes                        = 524288                                    {product} {ergonomic}
   size_t MinHeapSize                              = 104857600                                 {product} {command line}
   size_t NewSize                                  = 34603008                                  {product} {ergonomic}
    uintx NonNMethodCodeHeapSize                   = 5839372                                {pd product} {ergonomic}
    uintx NonProfiledCodeHeapSize                  = 122909434                              {pd product} {ergonomic}
   size_t OldSize                                  = 70254592                                  {product} {ergonomic}
    uintx ProfiledCodeHeapSize                     = 122909434                              {pd product} {ergonomic}
    uintx ReservedCodeCacheSize                    = 251658240                              {pd product} {ergonomic}
     bool SegmentedCodeCache                       = true                                      {product} {ergonomic}
   size_t SoftMaxHeapSize                          = 2147483648                             {manageable} {ergonomic}
     bool UseCompressedOops                        = true                           {product lp64_product} {ergonomic}
     bool UseLargePagesIndividualAllocation        = false                                  {pd product} {ergonomic}
     bool UseParallelGC                            = true                                      {product} {command line}

Logging:
Log output configuration:
 #0: stdout all=off uptime,level,tags foldmultilines=false
 #1: stderr all=off uptime,level,tags foldmultilines=false

Release file:
JAVA_VERSION="21.0.10" 
MODULES="java.base java.compiler java.datatransfer java.xml java.prefs java.desktop java.instrument java.logging java.management java.security.sasl java.naming java.rmi java.management.rmi java.net.http java.scripting java.security.jgss java.transaction.xa java.sql java.sql.rowset java.xml.crypto java.se java.smartcardio jdk.accessibility jdk.internal.jvmstat jdk.attach jdk.charsets jdk.internal.opt jdk.zipfs jdk.compiler jdk.crypto.ec jdk.crypto.cryptoki jdk.crypto.mscapi jdk.dynalink jdk.internal.ed jdk.editpad jdk.hotspot.agent jdk.httpserver jdk.internal.le jdk.internal.vm.ci jdk.internal.vm.compiler jdk.internal.vm.compiler.management jdk.jartool jdk.javadoc jdk.jcmd jdk.management jdk.management.agent jdk.jconsole jdk.jdeps jdk.jdwp.agent jdk.jdi jdk.jfr jdk.jshell jdk.jsobject jdk.jstatd jdk.localedata jdk.management.jfr jdk.naming.dns jdk.naming.rmi jdk.net jdk.nio.mapmode jdk.random jdk.sctp jdk.security.auth jdk.security.jgss jdk.unsupported jdk.unsupported.desktop jdk.xml.dom" 

Environment Variables:
JAVA_HOME=C:\Program Files\Java\jdk-17
PATH=C:\Program Files\Microsoft\jdk-17.0.16.8-hotspot\bin;C:\ProgramData\Oracle\Java\javapath;C:\Program Files\NVIDIA GPU Computing Toolkit\CUDA\v12.8\bin;C:\Program Files\NVIDIA GPU Computing Toolkit\CUDA\v12.8\libnvvp;C:\Program Files\Common Files\Oracle\Java\javapath;C:\PHP\;C:\Windows\system32;C:\Windows;C:\Windows\System32\Wbem;C:\Windows\System32\WindowsPowerShell\v1.0\;C:\Windows\System32\OpenSSH\;C:\Program Files (x86)\NVIDIA Corporation\PhysX\Common;C:\Program Files\Microsoft SQL Server\150\Tools\Binn\;C:\Program Files\Microsoft SQL Server\Client SDK\ODBC\170\Tools\Binn\;C:\ProgramData\ComposerSetup\bin;C:\Users\jibri\.config\herd\bin\nvm;C:\Program Files\nodejs;C:\Program Files\Java\jdk-17\bin;C:\xampp\php;C:\WINDOWS\system32;C:\WINDOWS;C:\WINDOWS\System32\Wbem;C:\WINDOWS\System32\WindowsPowerShell\v1.0\;C:\WINDOWS\System32\OpenSSH\;C:\Program Files\nodejs\;C:\Program Files\Git\cmd;C:\Program Files\Git\bin;C:\Users\jibri\AppData\Local\Pub\Cache\bin;C:\Program Files\NVIDIA Corporation\NVIDIA app\NvDLISR;C:\Program Files\heroku\bin;C:\Program Files\NVIDIA Corporation\Nsight Compute 2025.1.1\;C:\ProgramData\chocolatey\bin;C:\Users\jibri\AppData\Local\Programs\Python\Python310\Scripts;C:\Program Files\dotnet\;C:\Program Files (x86)\Windows Kits\10\Windows Performance Toolkit\;C:\Users\jibri\AppData\Local\Android\Sdk\platform-tools;C:\Program Files\Docker\Docker\resources\bin;C:\PHP\phpoldversion\;C:\Program Files\MySQL\MySQL Shell 8.0\bin\;C:\Users\jibri\AppData\Local\Programs\Python\Python310\Scripts\;C:\Users\jibri\AppData\Local\Programs\Python\Python310\;C:\Users\jibri\.config\herd\bin;C:\Users\jibri\AppData\Local\Microsoft\WindowsApps;C:\Users\jibri\AppData\Local\Programs\Microsoft VS Code\bin;C:\Users\jibri\AppData\Roaming\Composer\vendor\bin;C:\flutter\flutter\bin;C:\Users\jibri\AppData\Roaming\npm;C:\Program Files\Git;C:\Users\jibri\AppData\Local\Pub\Cache\bin;C:\Program Files\heroku\bin;C:\Users\jibri\.dotnet\tools;C:\AppServ\Apache24\bin;C:\AppServ\php7;C:\AppServ\MySQL\bin;C:\Users\jibri\AppData\Local\Android\Sdk\build-tools;C:\ProgramData\chocolatey\bin;C:\Program Files\nodejs\;C:\Users\jibri\AppData\Local\Programs\cursor\resources\app\bin;C:\Users\jibri\AppData\Local\Programs\Antigravity IDE\bin
USERNAME=jibri
OS=Windows_NT
PROCESSOR_IDENTIFIER=Intel64 Family 6 Model 191 Stepping 2, GenuineIntel
TMP=C:\Users\jibri\AppData\Local\Temp
TEMP=C:\Users\jibri\AppData\Local\Temp




Periodic native trim disabled

---------------  S Y S T E M  ---------------

OS:
 Windows 11 , 64 bit Build 26100 (10.0.26100.8328)
OS uptime: 0 days 9:23 hours
Hyper-V role detected

CPU: total 15 (initial active 15) (10 cores per cpu, 2 threads per core) family 6 model 191 stepping 2 microcode 0x2c, cx8, cmov, fxsr, ht, mmx, 3dnowpref, sse, sse2, sse3, ssse3, sse4.1, sse4.2, popcnt, lzcnt, tsc, tscinvbit, avx, avx2, aes, erms, clmul, bmi1, bmi2, adx, sha, fma, vzeroupper, clflush, clflushopt, clwb, hv, serialize, rdtscp, rdpid, fsrm, f16c, cet_ibt, cet_ss
Processor Information for processor 0
  Max Mhz: 2500, Current Mhz: 2500, Mhz Limit: 2500
Processor Information for processor 1
  Max Mhz: 2500, Current Mhz: 2500, Mhz Limit: 2500
Processor Information for processor 2
  Max Mhz: 2500, Current Mhz: 2500, Mhz Limit: 2500
Processor Information for processor 3
  Max Mhz: 2500, Current Mhz: 2500, Mhz Limit: 2500
Processor Information for processor 4
  Max Mhz: 2500, Current Mhz: 2500, Mhz Limit: 2500
Processor Information for processor 5
  Max Mhz: 2500, Current Mhz: 2500, Mhz Limit: 2500
Processor Information for processor 6
  Max Mhz: 2500, Current Mhz: 2500, Mhz Limit: 2500
Processor Information for processor 7
  Max Mhz: 2500, Current Mhz: 2500, Mhz Limit: 2500
Processor Information for processor 8
  Max Mhz: 2500, Current Mhz: 2500, Mhz Limit: 2500
Processor Information for processor 9
  Max Mhz: 2500, Current Mhz: 2500, Mhz Limit: 2500
Processor Information for processor 10
  Max Mhz: 2500, Current Mhz: 2500, Mhz Limit: 2500
Processor Information for processor 11
  Max Mhz: 2500, Current Mhz: 2500, Mhz Limit: 2500
Processor Information for processor 12
  Max Mhz: 2688, Current Mhz: 2688, Mhz Limit: 2688
Processor Information for processor 13
  Max Mhz: 2688, Current Mhz: 2688, Mhz Limit: 2688
Processor Information for processor 14
  Max Mhz: 2688, Current Mhz: 2688, Mhz Limit: 2688

Memory: 4k page, system-wide physical 7911M (514M free)
TotalPageFile size 32487M (AvailPageFile size 0M)
current process WorkingSet (physical memory assigned to process): 355M, peak: 359M
current process commit charge ("private bytes"): 440M, peak: 441M

vm_info: OpenJDK 64-Bit Server VM (21.0.10+7-LTS) for windows-amd64 JRE (21.0.10+7-LTS), built on 2026-01-20T00:00:00Z by "admin" with MS VC++ 17.12 (VS2022)

END.
