#
# There is insufficient memory for the Java Runtime Environment to continue.
# Native memory allocation (malloc) failed to allocate 1730624 bytes. Error detail: Chunk::new
# Possible reasons:
#   The system is out of physical RAM or swap space
#   This process is running with CompressedOops enabled, and the Java Heap may be blocking the growth of the native heap
# Possible solutions:
#   Reduce memory load on the system
#   Increase physical memory or swap space
#   Check if swap backing store is full
#   Decrease Java heap size (-Xmx/-Xms)
#   Decrease number of Java threads
#   Decrease Java thread stack sizes (-Xss)
#   Set larger code cache with -XX:ReservedCodeCacheSize=
#   JVM is running with Unscaled Compressed Oops mode in which the Java heap is
#     placed in the first 4GB address space. The Java Heap base address is the
#     maximum limit for the native heap growth. Please use -XX:HeapBaseMinAddress
#     to set the Java Heap base and to place the Java Heap above 4GB virtual address.
# This output file may be truncated or incomplete.
#
#  Out of Memory Error (arena.cpp:168), pid=37124, tid=20068
#
# JRE version: OpenJDK Runtime Environment Temurin-21.0.10+7 (21.0.10+7) (build 21.0.10+7-LTS)
# Java VM: OpenJDK 64-Bit Server VM Temurin-21.0.10+7 (21.0.10+7-LTS, mixed mode, sharing, tiered, compressed oops, compressed class ptrs, parallel gc, windows-amd64)
# No core dump will be written. Minidumps are not enabled by default on client versions of Windows
#

---------------  S U M M A R Y ------------

Command Line: --add-modules=ALL-SYSTEM --add-opens=java.base/java.util=ALL-UNNAMED --add-opens=java.base/java.lang=ALL-UNNAMED --add-opens=java.base/sun.nio.fs=ALL-UNNAMED -Declipse.application=org.eclipse.jdt.ls.core.id1 -Dosgi.bundles.defaultStartLevel=4 -Declipse.product=org.eclipse.jdt.ls.core.product -Djava.import.generatesMetadataFilesAtProjectRoot=false -DDetectVMInstallationsJob.disabled=true -Dfile.encoding=utf8 -XX:+UseParallelGC -XX:GCTimeRatio=4 -XX:AdaptiveSizePolicyWeight=90 -Dsun.zip.disableMemoryMapping=true -Xmx2G -Xms100m -Xlog:disable -javaagent:c:\Users\jibri\.cursor\extensions\redhat.java-1.53.0-win32-x64\lombok\lombok-1.18.39-4050.jar -XX:+HeapDumpOnOutOfMemoryError -XX:HeapDumpPath=c:\Users\jibri\AppData\Roaming\Cursor\User\workspaceStorage\8b75b7c593fc459511d45e689933c160\redhat.java -Daether.dependencyCollector.impl=bf c:\Users\jibri\.cursor\extensions\redhat.java-1.53.0-win32-x64\server\plugins\org.eclipse.equinox.launcher_1.7.100.v20251111-0406.jar -configuration c:\Users\jibri\AppData\Roaming\Cursor\User\globalStorage\redhat.java\1.53.0\config_win -data c:\Users\jibri\AppData\Roaming\Cursor\User\workspaceStorage\8b75b7c593fc459511d45e689933c160\redhat.java\jdt_ws --pipe=\\.\pipe\lsp-6314168e00126b91d2d69aba840392af-sock

Host: 13th Gen Intel(R) Core(TM) i5-13500HX, 20 cores, 7G,  Windows 11 , 64 bit Build 26100 (10.0.26100.7705)
Time: Wed Mar  4 12:33:43 2026 Malay Peninsula Standard Time elapsed time: 40.137257 seconds (0d 0h 0m 40s)

---------------  T H R E A D  ---------------

Current thread (0x000001ecd9f4c270):  JavaThread "C2 CompilerThread1" daemon [_thread_in_native, id=20068, stack(0x000000d1d1300000,0x000000d1d1400000) (1024K)]


Current CompileTask:
C2:40137 11178       4       org.eclipse.jdt.internal.compiler.parser.Parser::consumeRule (7843 bytes)

Stack: [0x000000d1d1300000,0x000000d1d1400000]
Native frames: (J=compiled Java code, j=interpreted, Vv=VM code, C=native code)
V  [jvm.dll+0x6d7a39]
V  [jvm.dll+0x8b4b26]
V  [jvm.dll+0x8b70de]
V  [jvm.dll+0x8b77c3]
V  [jvm.dll+0x284346]
V  [jvm.dll+0xc66ed]
V  [jvm.dll+0xc6c31]
V  [jvm.dll+0x3bec3b]
V  [jvm.dll+0x38b162]
V  [jvm.dll+0x38a5aa]
V  [jvm.dll+0x24c560]
V  [jvm.dll+0x24bb40]
V  [jvm.dll+0x1cb34e]
V  [jvm.dll+0x25b85d]
V  [jvm.dll+0x259dea]
V  [jvm.dll+0x3f857e]
V  [jvm.dll+0x85f59d]
V  [jvm.dll+0x6d626d]
C  [ucrtbase.dll+0x37b0]
C  [KERNEL32.DLL+0x2e8d7]
C  [ntdll.dll+0x8c40c]


---------------  P R O C E S S  ---------------

Threads class SMR info:
_java_thread_list=0x000001ecd9be34e0, length=90, elements={
0x000001ecf86a5cb0, 0x000001ecf863aff0, 0x000001ecf863c9a0, 0x000001ecf8642bf0,
0x000001ecf8641ed0, 0x000001ecf8643280, 0x000001ecf8644630, 0x000001ecf864e3f0,
0x000001ecd14ffb50, 0x000001ecf8643fa0, 0x000001ecf8643910, 0x000001ecf8645350,
0x000001ecf8642560, 0x000001ecf8644cc0, 0x000001ecd83658c0, 0x000001ecd8362440,
0x000001ecd8364ba0, 0x000001ecd8363160, 0x000001ecd83637f0, 0x000001ecd8365f50,
0x000001ecd8362ad0, 0x000001ecd8367990, 0x000001ecd8367300, 0x000001ecd8364510,
0x000001ecd8368d40, 0x000001ecd8368020, 0x000001ecd83686b0, 0x000001ecd83665e0,
0x000001ecd83693d0, 0x000001ecd8366c70, 0x000001ecd9e223b0, 0x000001ecd9e21d20,
0x000001ecd9e22a40, 0x000001ecd9e21000, 0x000001ecd9e1fc50, 0x000001ecd9e20970,
0x000001ecd9e202e0, 0x000001ecd9e21690, 0x000001ecd9e1f5c0, 0x000001ecdb0b45a0,
0x000001ecdb0b3880, 0x000001ecdb0b24d0, 0x000001ecdb0b31f0, 0x000001ecdb0b3f10,
0x000001ecdb0b4c30, 0x000001ecdb0b52c0, 0x000001ecdb0b5950, 0x000001ecdb0b5fe0,
0x000001ecdb0b2b60, 0x000001ecdb0b9460, 0x000001ecdb0b80b0, 0x000001ecdb0b8740,
0x000001ecdaa2a370, 0x000001ecd388c700, 0x000001ecd3889910, 0x000001ecd3889fa0,
0x000001ecd388b9e0, 0x000001ecd388a630, 0x000001ecd388acc0, 0x000001ecd388b350,
0x000001ecd388c070, 0x000001ecd3889280, 0x000001ecd3605710, 0x000001ecd3605da0,
0x000001ecd3606430, 0x000001ecd3605080, 0x000001ecd36077e0, 0x000001ecd3606ac0,
0x000001ecd3607150, 0x000001ecd3604360, 0x000001ecd3607e70, 0x000001ecd36049f0,
0x000001ecd36098b0, 0x000001ecd3608b90, 0x000001ecd3609f40, 0x000001ecd360a5d0,
0x000001ecd360b2f0, 0x000001ecd360ac60, 0x000001ecd360b980, 0x000001ecd3608500,
0x000001ecd3609220, 0x000001ecdb0b7a20, 0x000001ecd8363e80, 0x000001ecdab6cac0,
0x000001ecdab6eb90, 0x000001ecdab6c430, 0x000001ecdab6b710, 0x000001ecdab6d7e0,
0x000001ecd9f4c270, 0x000001ecda6688f0
}

Java Threads: ( => current thread )
  0x000001ecf86a5cb0 JavaThread "main"                              [_thread_blocked, id=37172, stack(0x000000d1d1500000,0x000000d1d1600000) (1024K)]
  0x000001ecf863aff0 JavaThread "Reference Handler"          daemon [_thread_blocked, id=20848, stack(0x000000d1d1900000,0x000000d1d1a00000) (1024K)]
  0x000001ecf863c9a0 JavaThread "Finalizer"                  daemon [_thread_blocked, id=17304, stack(0x000000d1d1a00000,0x000000d1d1b00000) (1024K)]
  0x000001ecf8642bf0 JavaThread "Signal Dispatcher"          daemon [_thread_blocked, id=37640, stack(0x000000d1d1b00000,0x000000d1d1c00000) (1024K)]
  0x000001ecf8641ed0 JavaThread "Attach Listener"            daemon [_thread_blocked, id=10168, stack(0x000000d1d1c00000,0x000000d1d1d00000) (1024K)]
  0x000001ecf8643280 JavaThread "Service Thread"             daemon [_thread_blocked, id=35324, stack(0x000000d1d1d00000,0x000000d1d1e00000) (1024K)]
  0x000001ecf8644630 JavaThread "Monitor Deflation Thread"   daemon [_thread_blocked, id=33888, stack(0x000000d1d1e00000,0x000000d1d1f00000) (1024K)]
  0x000001ecf864e3f0 JavaThread "C2 CompilerThread0"         daemon [_thread_blocked, id=8052, stack(0x000000d1d1f00000,0x000000d1d2000000) (1024K)]
  0x000001ecd14ffb50 JavaThread "C1 CompilerThread0"         daemon [_thread_blocked, id=36376, stack(0x000000d1d2000000,0x000000d1d2100000) (1024K)]
  0x000001ecf8643fa0 JavaThread "Common-Cleaner"             daemon [_thread_blocked, id=35972, stack(0x000000d1d2500000,0x000000d1d2600000) (1024K)]
  0x000001ecf8643910 JavaThread "Notification Thread"        daemon [_thread_blocked, id=4384, stack(0x000000d1d2700000,0x000000d1d2800000) (1024K)]
  0x000001ecf8645350 JavaThread "Active Thread: Equinox Container: bc061a76-8e49-4b24-85f2-03563b0de802"        [_thread_blocked, id=35156, stack(0x000000d1d2e00000,0x000000d1d2f00000) (1024K)]
  0x000001ecf8642560 JavaThread "Refresh Thread: Equinox Container: bc061a76-8e49-4b24-85f2-03563b0de802" daemon [_thread_blocked, id=36220, stack(0x000000d1d3000000,0x000000d1d3100000) (1024K)]
  0x000001ecf8644cc0 JavaThread "Framework Event Dispatcher: Equinox Container: bc061a76-8e49-4b24-85f2-03563b0de802" daemon [_thread_blocked, id=37700, stack(0x000000d1d3100000,0x000000d1d3200000) (1024K)]
  0x000001ecd83658c0 JavaThread "Start Level: Equinox Container: bc061a76-8e49-4b24-85f2-03563b0de802" daemon [_thread_blocked, id=28036, stack(0x000000d1d3200000,0x000000d1d3300000) (1024K)]
  0x000001ecd8362440 JavaThread "Bundle File Closer"         daemon [_thread_blocked, id=34880, stack(0x000000d1d3600000,0x000000d1d3700000) (1024K)]
  0x000001ecd8364ba0 JavaThread "SCR Component Actor"        daemon [_thread_blocked, id=33912, stack(0x000000d1d3700000,0x000000d1d3800000) (1024K)]
  0x000001ecd8363160 JavaThread "Worker-JM"                         [_thread_blocked, id=34040, stack(0x000000d1d3800000,0x000000d1d3900000) (1024K)]
  0x000001ecd83637f0 JavaThread "JNA Cleaner"                daemon [_thread_blocked, id=5868, stack(0x000000d1d3c00000,0x000000d1d3d00000) (1024K)]
  0x000001ecd8365f50 JavaThread "Worker-0"                          [_thread_blocked, id=35876, stack(0x000000d1d3e00000,0x000000d1d3f00000) (1024K)]
  0x000001ecd8362ad0 JavaThread "Worker-1"                          [_thread_blocked, id=37024, stack(0x000000d1d2400000,0x000000d1d2500000) (1024K)]
  0x000001ecd8367990 JavaThread "Worker-2: Java indexing... "        [_thread_blocked, id=37264, stack(0x000000d1d3f00000,0x000000d1d4000000) (1024K)]
  0x000001ecd8367300 JavaThread "Java indexing"              daemon [_thread_blocked, id=35244, stack(0x000000d1d4000000,0x000000d1d4100000) (1024K)]
  0x000001ecd8364510 JavaThread "Worker-3: Initialize workspace"        [_thread_blocked, id=24180, stack(0x000000d1d4300000,0x000000d1d4400000) (1024K)]
  0x000001ecd8368d40 JavaThread "Worker-4"                          [_thread_blocked, id=37288, stack(0x000000d1d4400000,0x000000d1d4500000) (1024K)]
  0x000001ecd8368020 JavaThread "Thread-1"                   daemon [_thread_in_native, id=36468, stack(0x000000d1d4500000,0x000000d1d4600000) (1024K)]
  0x000001ecd83686b0 JavaThread "Thread-2"                   daemon [_thread_in_native, id=5680, stack(0x000000d1d4600000,0x000000d1d4700000) (1024K)]
  0x000001ecd83665e0 JavaThread "Thread-3"                   daemon [_thread_in_native, id=26168, stack(0x000000d1d4700000,0x000000d1d4800000) (1024K)]
  0x000001ecd83693d0 JavaThread "Thread-4"                   daemon [_thread_in_native, id=1452, stack(0x000000d1d4800000,0x000000d1d4900000) (1024K)]
  0x000001ecd8366c70 JavaThread "Thread-5"                   daemon [_thread_in_native, id=37532, stack(0x000000d1d4900000,0x000000d1d4a00000) (1024K)]
  0x000001ecd9e223b0 JavaThread "Thread-6"                   daemon [_thread_in_native, id=17636, stack(0x000000d1d4a00000,0x000000d1d4b00000) (1024K)]
  0x000001ecd9e21d20 JavaThread "Thread-7"                   daemon [_thread_in_native, id=6220, stack(0x000000d1d4b00000,0x000000d1d4c00000) (1024K)]
  0x000001ecd9e22a40 JavaThread "Thread-8"                   daemon [_thread_in_native, id=33364, stack(0x000000d1d4c00000,0x000000d1d4d00000) (1024K)]
  0x000001ecd9e21000 JavaThread "Thread-9"                   daemon [_thread_in_native, id=36896, stack(0x000000d1d4d00000,0x000000d1d4e00000) (1024K)]
  0x000001ecd9e1fc50 JavaThread "Thread-10"                  daemon [_thread_in_native, id=23240, stack(0x000000d1d4e00000,0x000000d1d4f00000) (1024K)]
  0x000001ecd9e20970 JavaThread "Thread-11"                  daemon [_thread_in_native, id=34132, stack(0x000000d1d4f00000,0x000000d1d5000000) (1024K)]
  0x000001ecd9e202e0 JavaThread "Thread-12"                  daemon [_thread_in_native, id=4856, stack(0x000000d1d5000000,0x000000d1d5100000) (1024K)]
  0x000001ecd9e21690 JavaThread "Thread-13"                  daemon [_thread_in_native, id=24528, stack(0x000000d1d5100000,0x000000d1d5200000) (1024K)]
  0x000001ecd9e1f5c0 JavaThread "Thread-14"                  daemon [_thread_in_native, id=28940, stack(0x000000d1d5200000,0x000000d1d5300000) (1024K)]
  0x000001ecdb0b45a0 JavaThread "Thread-15"                  daemon [_thread_in_native, id=28976, stack(0x000000d1d5300000,0x000000d1d5400000) (1024K)]
  0x000001ecdb0b3880 JavaThread "Thread-16"                  daemon [_thread_in_native, id=21372, stack(0x000000d1d5400000,0x000000d1d5500000) (1024K)]
  0x000001ecdb0b24d0 JavaThread "Thread-17"                  daemon [_thread_in_native, id=32216, stack(0x000000d1d5500000,0x000000d1d5600000) (1024K)]
  0x000001ecdb0b31f0 JavaThread "Thread-18"                  daemon [_thread_in_native, id=22008, stack(0x000000d1d5600000,0x000000d1d5700000) (1024K)]
  0x000001ecdb0b3f10 JavaThread "Thread-19"                  daemon [_thread_in_native, id=35692, stack(0x000000d1d5700000,0x000000d1d5800000) (1024K)]
  0x000001ecdb0b4c30 JavaThread "Thread-20"                  daemon [_thread_in_native, id=33468, stack(0x000000d1d5800000,0x000000d1d5900000) (1024K)]
  0x000001ecdb0b52c0 JavaThread "Thread-21"                  daemon [_thread_in_native, id=6560, stack(0x000000d1d5900000,0x000000d1d5a00000) (1024K)]
  0x000001ecdb0b5950 JavaThread "pool-2-thread-1"                   [_thread_blocked, id=36480, stack(0x000000d1d5a00000,0x000000d1d5b00000) (1024K)]
  0x000001ecdb0b5fe0 JavaThread "WorkspaceEventsHandler"            [_thread_blocked, id=32196, stack(0x000000d1d5b00000,0x000000d1d5c00000) (1024K)]
  0x000001ecdb0b2b60 JavaThread "pool-1-thread-1"                   [_thread_blocked, id=36388, stack(0x000000d1d5c00000,0x000000d1d5d00000) (1024K)]
  0x000001ecdb0b9460 JavaThread "Worker-5: Building"                [_thread_blocked, id=13844, stack(0x000000d1d5d00000,0x000000d1d5e00000) (1024K)]
  0x000001ecdb0b80b0 JavaThread "Timer-0"                           [_thread_blocked, id=34920, stack(0x000000d1d5e00000,0x000000d1d5f00000) (1024K)]
  0x000001ecdb0b8740 JavaThread "ForkJoinPool.commonPool-worker-1" daemon [_thread_blocked, id=3856, stack(0x000000d1d2300000,0x000000d1d2400000) (1024K)]
  0x000001ecdaa2a370 JavaThread "C1 CompilerThread1"         daemon [_thread_blocked, id=32604, stack(0x000000d1d2100000,0x000000d1d2200000) (1024K)]
  0x000001ecd388c700 JavaThread "LocalFile Deleter"          daemon [_thread_blocked, id=37820, stack(0x000000d1d5f00000,0x000000d1d6000000) (1024K)]
  0x000001ecd3889910 JavaThread "LocalFile Deleter"          daemon [_thread_blocked, id=12884, stack(0x000000d1d6100000,0x000000d1d6200000) (1024K)]
  0x000001ecd3889fa0 JavaThread "LocalFile Deleter"          daemon [_thread_blocked, id=22776, stack(0x000000d1d6200000,0x000000d1d6300000) (1024K)]
  0x000001ecd388b9e0 JavaThread "LocalFile Deleter"          daemon [_thread_blocked, id=28448, stack(0x000000d1d6300000,0x000000d1d6400000) (1024K)]
  0x000001ecd388a630 JavaThread "LocalFile Deleter"          daemon [_thread_blocked, id=4804, stack(0x000000d1d6400000,0x000000d1d6500000) (1024K)]
  0x000001ecd388acc0 JavaThread "LocalFile Deleter"          daemon [_thread_blocked, id=26788, stack(0x000000d1d6500000,0x000000d1d6600000) (1024K)]
  0x000001ecd388b350 JavaThread "LocalFile Deleter"          daemon [_thread_blocked, id=23272, stack(0x000000d1d6600000,0x000000d1d6700000) (1024K)]
  0x000001ecd388c070 JavaThread "LocalFile Deleter"          daemon [_thread_blocked, id=28424, stack(0x000000d1d6700000,0x000000d1d6800000) (1024K)]
  0x000001ecd3889280 JavaThread "LocalFile Deleter"          daemon [_thread_blocked, id=1800, stack(0x000000d1d6800000,0x000000d1d6900000) (1024K)]
  0x000001ecd3605710 JavaThread "LocalFile Deleter"          daemon [_thread_blocked, id=29608, stack(0x000000d1d6900000,0x000000d1d6a00000) (1024K)]
  0x000001ecd3605da0 JavaThread "LocalFile Deleter"          daemon [_thread_blocked, id=23792, stack(0x000000d1d6a00000,0x000000d1d6b00000) (1024K)]
  0x000001ecd3606430 JavaThread "LocalFile Deleter"          daemon [_thread_blocked, id=16420, stack(0x000000d1d6b00000,0x000000d1d6c00000) (1024K)]
  0x000001ecd3605080 JavaThread "LocalFile Deleter"          daemon [_thread_blocked, id=11764, stack(0x000000d1d6c00000,0x000000d1d6d00000) (1024K)]
  0x000001ecd36077e0 JavaThread "LocalFile Deleter"          daemon [_thread_blocked, id=10060, stack(0x000000d1d6d00000,0x000000d1d6e00000) (1024K)]
  0x000001ecd3606ac0 JavaThread "LocalFile Deleter"          daemon [_thread_blocked, id=16076, stack(0x000000d1d6e00000,0x000000d1d6f00000) (1024K)]
  0x000001ecd3607150 JavaThread "LocalFile Deleter"          daemon [_thread_blocked, id=23640, stack(0x000000d1d6f00000,0x000000d1d7000000) (1024K)]
  0x000001ecd3604360 JavaThread "LocalFile Deleter"          daemon [_thread_blocked, id=33540, stack(0x000000d1d7000000,0x000000d1d7100000) (1024K)]
  0x000001ecd3607e70 JavaThread "LocalFile Deleter"          daemon [_thread_blocked, id=26864, stack(0x000000d1d7100000,0x000000d1d7200000) (1024K)]
  0x000001ecd36049f0 JavaThread "LocalFile Deleter"          daemon [_thread_blocked, id=4736, stack(0x000000d1d7200000,0x000000d1d7300000) (1024K)]
  0x000001ecd36098b0 JavaThread "LocalFile Deleter"          daemon [_thread_blocked, id=24220, stack(0x000000d1d7300000,0x000000d1d7400000) (1024K)]
  0x000001ecd3608b90 JavaThread "Compiler Source File Reader" daemon [_thread_blocked, id=20216, stack(0x000000d1d7500000,0x000000d1d7600000) (1024K)]
  0x000001ecd3609f40 JavaThread "Compiler Source File Reader" daemon [_thread_blocked, id=35308, stack(0x000000d1d7600000,0x000000d1d7700000) (1024K)]
  0x000001ecd360a5d0 JavaThread "Compiler Source File Reader" daemon [_thread_blocked, id=22564, stack(0x000000d1d7700000,0x000000d1d7800000) (1024K)]
  0x000001ecd360b2f0 JavaThread "Compiler Source File Reader" daemon [_thread_blocked, id=35592, stack(0x000000d1d7800000,0x000000d1d7900000) (1024K)]
  0x000001ecd360ac60 JavaThread "Compiler Source File Reader" daemon [_thread_blocked, id=8340, stack(0x000000d1d7900000,0x000000d1d7a00000) (1024K)]
  0x000001ecd360b980 JavaThread "Compiler Source File Reader" daemon [_thread_blocked, id=37192, stack(0x000000d1d7a00000,0x000000d1d7b00000) (1024K)]
  0x000001ecd3608500 JavaThread "Compiler Source File Reader" daemon [_thread_blocked, id=31008, stack(0x000000d1d7b00000,0x000000d1d7c00000) (1024K)]
  0x000001ecd3609220 JavaThread "Compiler Source File Reader" daemon [_thread_blocked, id=36984, stack(0x000000d1d7c00000,0x000000d1d7d00000) (1024K)]
  0x000001ecdb0b7a20 JavaThread "Compiler Source File Reader" daemon [_thread_blocked, id=13184, stack(0x000000d1d7d00000,0x000000d1d7e00000) (1024K)]
  0x000001ecd8363e80 JavaThread "Compiler Source File Reader" daemon [_thread_blocked, id=34820, stack(0x000000d1d7e00000,0x000000d1d7f00000) (1024K)]
  0x000001ecdab6cac0 JavaThread "Compiler Source File Reader" daemon [_thread_blocked, id=12972, stack(0x000000d1d7f00000,0x000000d1d8000000) (1024K)]
  0x000001ecdab6eb90 JavaThread "Compiler Source File Reader" daemon [_thread_blocked, id=28096, stack(0x000000d1d8000000,0x000000d1d8100000) (1024K)]
  0x000001ecdab6c430 JavaThread "Compiler Source File Reader" daemon [_thread_blocked, id=2128, stack(0x000000d1d8100000,0x000000d1d8200000) (1024K)]
  0x000001ecdab6b710 JavaThread "Compiler Source File Reader" daemon [_thread_blocked, id=2892, stack(0x000000d1d8200000,0x000000d1d8300000) (1024K)]
  0x000001ecdab6d7e0 JavaThread "Compiler Source File Reader" daemon [_thread_blocked, id=12944, stack(0x000000d1d8300000,0x000000d1d8400000) (1024K)]
=>0x000001ecd9f4c270 JavaThread "C2 CompilerThread1"         daemon [_thread_in_native, id=20068, stack(0x000000d1d1300000,0x000000d1d1400000) (1024K)]
  0x000001ecda6688f0 JavaThread "C2 CompilerThread2"         daemon [_thread_blocked, id=36900, stack(0x000000d1d2600000,0x000000d1d2700000) (1024K)]
Total: 90

Other Threads:
  0x000001ecf8748bc0 VMThread "VM Thread"                           [id=26584, stack(0x000000d1d1800000,0x000000d1d1900000) (1024K)]
  0x000001ecf8712c60 WatcherThread "VM Periodic Task Thread"        [id=33380, stack(0x000000d1d1700000,0x000000d1d1800000) (1024K)]
  0x000001ecf86c41d0 WorkerThread "GC Thread#0"                     [id=34048, stack(0x000000d1d1600000,0x000000d1d1700000) (1024K)]
  0x000001ecd3a30240 WorkerThread "GC Thread#1"                     [id=24300, stack(0x000000d1d2800000,0x000000d1d2900000) (1024K)]
  0x000001ecd3a305f0 WorkerThread "GC Thread#2"                     [id=22436, stack(0x000000d1d2900000,0x000000d1d2a00000) (1024K)]
  0x000001ecd3a309a0 WorkerThread "GC Thread#3"                     [id=8696, stack(0x000000d1d2a00000,0x000000d1d2b00000) (1024K)]
  0x000001ecd80dace0 WorkerThread "GC Thread#4"                     [id=33320, stack(0x000000d1d2b00000,0x000000d1d2c00000) (1024K)]
  0x000001ecd80db490 WorkerThread "GC Thread#5"                     [id=23908, stack(0x000000d1d2c00000,0x000000d1d2d00000) (1024K)]
  0x000001ecd82dd3c0 WorkerThread "GC Thread#6"                     [id=34316, stack(0x000000d1d2d00000,0x000000d1d2e00000) (1024K)]
  0x000001ecd3bd31f0 WorkerThread "GC Thread#7"                     [id=35344, stack(0x000000d1d2f00000,0x000000d1d3000000) (1024K)]
  0x000001ecd83caf30 WorkerThread "GC Thread#8"                     [id=28720, stack(0x000000d1d3300000,0x000000d1d3400000) (1024K)]
  0x000001ecd82d4540 WorkerThread "GC Thread#9"                     [id=16072, stack(0x000000d1d3400000,0x000000d1d3500000) (1024K)]
  0x000001ecd84b9dd0 WorkerThread "GC Thread#10"                    [id=35492, stack(0x000000d1d3500000,0x000000d1d3600000) (1024K)]
  0x000001ecd83eb4f0 WorkerThread "GC Thread#11"                    [id=35456, stack(0x000000d1d3900000,0x000000d1d3a00000) (1024K)]
  0x000001ecd83eb8a0 WorkerThread "GC Thread#12"                    [id=30808, stack(0x000000d1d3a00000,0x000000d1d3b00000) (1024K)]
  0x000001ecd83ea9e0 WorkerThread "GC Thread#13"                    [id=5804, stack(0x000000d1d3b00000,0x000000d1d3c00000) (1024K)]
  0x000001ecd83eb140 WorkerThread "GC Thread#14"                    [id=29800, stack(0x000000d1d3d00000,0x000000d1d3e00000) (1024K)]
Total: 17

Threads with active compile tasks:
C2 CompilerThread0  41225 11206       4       org.eclipse.jdt.internal.compiler.parser.Scanner::internalScanIdentifierOrKeyword (5041 bytes)
C2 CompilerThread1  41225 11178       4       org.eclipse.jdt.internal.compiler.parser.Parser::consumeRule (7843 bytes)
C2 CompilerThread2  41225 10858 %     4       org.lombokweb.asm.ClassReader::readCode @ 92 (5117 bytes)
Total: 3

VM state: at safepoint (normal execution)

VM Mutex/Monitor currently owned by a thread:  ([mutex/lock_event])
[0x00007fff8d62e560] Threads_lock - owner thread: 0x000001ecf8748bc0
[0x00007fff8d62e660] Heap_lock - owner thread: 0x000001ecdab6d7e0

Heap address: 0x0000000080000000, size: 2048 MB, Compressed Oops mode: 32-bit

CDS archive(s) mapped at: [0x000001ec8f000000-0x000001ec8fba0000-0x000001ec8fba0000), size 12189696, SharedBaseAddress: 0x000001ec8f000000, ArchiveRelocationMode: 1.
Compressed class space mapped at: 0x000001ec90000000-0x000001ecd0000000, reserved size: 1073741824
Narrow klass base: 0x000001ec8f000000, Narrow klass shift: 0, Narrow klass range: 0x100000000

GC Precious Log:
 CardTable entry size: 512
 CPUs: 20 total, 20 available
 Memory: 7911M
 Large Page Support: Disabled
 NUMA Support: Disabled
 Compressed Oops: Enabled (32-bit)
 Alignments: Space 512K, Generation 512K, Heap 2M
 Heap Min Capacity: 100M
 Heap Initial Capacity: 100M
 Heap Max Capacity: 2G
 Pre-touch: Disabled
 Parallel Workers: 15

Heap:
 PSYoungGen      total 16384K, used 501K [0x00000000d5580000, 0x00000000d6800000, 0x0000000100000000)
  eden space 15872K, 0% used [0x00000000d5580000,0x00000000d5580000,0x00000000d6500000)
  from space 512K, 97% used [0x00000000d6780000,0x00000000d67fd618,0x00000000d6800000)
  to   space 1024K, 0% used [0x00000000d6600000,0x00000000d6600000,0x00000000d6700000)
 ParOldGen       total 102400K, used 77665K [0x0000000080000000, 0x0000000086400000, 0x00000000d5580000)
  object space 102400K, 75% used [0x0000000080000000,0x0000000084bd8428,0x0000000086400000)
 Metaspace       used 72444K, committed 73920K, reserved 1179648K
  class space    used 8410K, committed 9088K, reserved 1048576K

Card table byte_map: [0x000001ecf8040000,0x000001ecf8450000] _byte_map_base: 0x000001ecf7c40000

Marking Bits: (ParMarkBitMap*) 0x00007fff8d633450
 Begin Bits: [0x000001ecfbb50000, 0x000001ecfdb50000)
 End Bits:   [0x000001ecfdb50000, 0x000001ecffb50000)

Polling page: 0x000001ecf6180000

Metaspace:

Usage:
  Non-class:     62.53 MB used.
      Class:      8.21 MB used.
       Both:     70.75 MB used.

Virtual space:
  Non-class space:      128.00 MB reserved,      63.31 MB ( 49%) committed,  2 nodes.
      Class space:        1.00 GB reserved,       8.88 MB ( <1%) committed,  1 nodes.
             Both:        1.12 GB reserved,      72.19 MB (  6%) committed. 

Chunk freelists:
   Non-Class:  15.79 MB
       Class:  7.05 MB
        Both:  22.84 MB

MaxMetaspaceSize: unlimited
CompressedClassSpaceSize: 1.00 GB
Initial GC threshold: 21.00 MB
Current GC threshold: 112.50 MB
CDS: on
 - commit_granule_bytes: 65536.
 - commit_granule_words: 8192.
 - virtual_space_node_default_size: 8388608.
 - enlarge_chunks_in_place: 1.
 - use_allocation_guard: 0.


Internal statistics:

num_allocs_failed_limit: 9.
num_arena_births: 1204.
num_arena_deaths: 14.
num_vsnodes_births: 3.
num_vsnodes_deaths: 0.
num_space_committed: 1155.
num_space_uncommitted: 0.
num_chunks_returned_to_freelist: 23.
num_chunks_taken_from_freelist: 4191.
num_chunk_merges: 8.
num_chunk_splits: 2696.
num_chunks_enlarged: 1699.
num_inconsistent_stats: 0.

CodeHeap 'non-profiled nmethods': size=119168Kb used=7057Kb max_used=7057Kb free=112110Kb
 bounds [0x000001ec87ba0000, 0x000001ec88290000, 0x000001ec8f000000]
CodeHeap 'profiled nmethods': size=119104Kb used=18858Kb max_used=19013Kb free=100245Kb
 bounds [0x000001ec80000000, 0x000001ec81360000, 0x000001ec87450000]
CodeHeap 'non-nmethods': size=7488Kb used=2033Kb max_used=3161Kb free=5454Kb
 bounds [0x000001ec87450000, 0x000001ec87770000, 0x000001ec87ba0000]
CodeCache: size=245760Kb, used=27948Kb, max_used=29231Kb, free=217809Kb
 total_blobs=10208, nmethods=9433, adapters=679, full_count=0
Compilation: enabled, stopped_count=0, restarted_count=0

Compilation events (20 events):
Event: 39.124 Thread 0x000001ecd8fb0230 11264       3       org.eclipse.jdt.internal.compiler.parser.ScannerHelper::isWhitespace (26 bytes)
Event: 39.125 Thread 0x000001ecd14ffb50 nmethod 11258 0x000001ec81354110 code [0x000001ec81354f40, 0x000001ec8135dfd8]
Event: 39.125 Thread 0x000001ecd8fb0230 nmethod 11264 0x000001ec807b2610 code [0x000001ec807b2800, 0x000001ec807b2ba8]
Event: 39.125 Thread 0x000001ecdaa2a370 nmethod 11263 0x000001ec80ac9f90 code [0x000001ec80aca2a0, 0x000001ec80acb528]
Event: 39.126 Thread 0x000001ecd14ffb50 11265       3       java.util.concurrent.locks.AbstractQueuedSynchronizer$ConditionObject::canReacquire (38 bytes)
Event: 39.126 Thread 0x000001ecd14ffb50 nmethod 11265 0x000001ec807b1f90 code [0x000001ec807b2160, 0x000001ec807b24a8]
Event: 39.127 Thread 0x000001ecd8fb0230 11266       3       org.eclipse.core.internal.resources.Resource::getLocationURI (30 bytes)
Event: 39.128 Thread 0x000001ecd8fb0230 nmethod 11266 0x000001ec80d52e90 code [0x000001ec80d530e0, 0x000001ec80d53b78]
Event: 39.132 Thread 0x000001ecd14ffb50 11267       3       java.nio.ByteBuffer::rewind (7 bytes)
Event: 39.132 Thread 0x000001ecd14ffb50 nmethod 11267 0x000001ec80111810 code [0x000001ec801119c0, 0x000001ec80111b38]
Event: 39.134 Thread 0x000001ecd14ffb50 11268       3       org.eclipse.jdt.internal.core.builder.NameEnvironment$$Lambda/0x000001ec908e5758::test (14 bytes)
Event: 39.134 Thread 0x000001ecd14ffb50 nmethod 11268 0x000001ec80d52910 code [0x000001ec80d52ac0, 0x000001ec80d52d88]
Event: 39.134 Thread 0x000001ecd8fb0230 11269       3       java.nio.MappedByteBuffer::rewind (5 bytes)
Event: 39.134 Thread 0x000001ecd14ffb50 11270       3       java.nio.MappedByteBuffer::rewind (7 bytes)
Event: 39.134 Thread 0x000001ecd14ffb50 nmethod 11270 0x000001ec80d57d10 code [0x000001ec80d57ec0, 0x000001ec80d58098]
Event: 39.135 Thread 0x000001ecd8fb0230 nmethod 11269 0x000001ec80d52410 code [0x000001ec80d525c0, 0x000001ec80d527f8]
Event: 39.136 Thread 0x000001ecdaa2a370 11272       3       org.eclipse.jdt.internal.compiler.parser.Scanner::checkTaskTag (937 bytes)
Event: 39.137 Thread 0x000001ecd14ffb50 11273       3       org.eclipse.jdt.internal.compiler.lookup.Scope::<init> (44 bytes)
Event: 39.137 Thread 0x000001ecd14ffb50 nmethod 11273 0x000001ec807b1990 code [0x000001ec807b1b40, 0x000001ec807b1e60]
Event: 40.132 Thread 0x000001ecdaa2a370 nmethod 11272 0x000001ec80a01210 code [0x000001ec80a01680, 0x000001ec80a04518]

GC Heap History (20 events):
Event: 23.372 GC heap before
{Heap before GC invocations=124 (full 3):
 PSYoungGen      total 16384K, used 16352K [0x00000000d5580000, 0x00000000d6800000, 0x0000000100000000)
  eden space 15872K, 100% used [0x00000000d5580000,0x00000000d6500000,0x00000000d6500000)
  from space 512K, 93% used [0x00000000d6780000,0x00000000d67f8000,0x00000000d6800000)
  to   space 1536K, 0% used [0x00000000d6500000,0x00000000d6500000,0x00000000d6680000)
 ParOldGen       total 75776K, used 75378K [0x0000000080000000, 0x0000000084a00000, 0x00000000d5580000)
  object space 75776K, 99% used [0x0000000080000000,0x000000008499c830,0x0000000084a00000)
 Metaspace       used 66465K, committed 67840K, reserved 1114112K
  class space    used 7867K, committed 8512K, reserved 1048576K
}
Event: 23.373 GC heap after
{Heap after GC invocations=124 (full 3):
 PSYoungGen      total 17408K, used 416K [0x00000000d5580000, 0x00000000d6800000, 0x0000000100000000)
  eden space 15872K, 0% used [0x00000000d5580000,0x00000000d5580000,0x00000000d6500000)
  from space 1536K, 27% used [0x00000000d6500000,0x00000000d6568000,0x00000000d6680000)
  to   space 1024K, 0% used [0x00000000d6700000,0x00000000d6700000,0x00000000d6800000)
 ParOldGen       total 75776K, used 75522K [0x0000000080000000, 0x0000000084a00000, 0x00000000d5580000)
  object space 75776K, 99% used [0x0000000080000000,0x00000000849c0830,0x0000000084a00000)
 Metaspace       used 66465K, committed 67840K, reserved 1114112K
  class space    used 7867K, committed 8512K, reserved 1048576K
}
Event: 24.289 GC heap before
{Heap before GC invocations=125 (full 3):
 PSYoungGen      total 17408K, used 16288K [0x00000000d5580000, 0x00000000d6800000, 0x0000000100000000)
  eden space 15872K, 100% used [0x00000000d5580000,0x00000000d6500000,0x00000000d6500000)
  from space 1536K, 27% used [0x00000000d6500000,0x00000000d6568000,0x00000000d6680000)
  to   space 1024K, 0% used [0x00000000d6700000,0x00000000d6700000,0x00000000d6800000)
 ParOldGen       total 75776K, used 75522K [0x0000000080000000, 0x0000000084a00000, 0x00000000d5580000)
  object space 75776K, 99% used [0x0000000080000000,0x00000000849c0830,0x0000000084a00000)
 Metaspace       used 66465K, committed 67840K, reserved 1114112K
  class space    used 7867K, committed 8512K, reserved 1048576K
}
Event: 24.290 GC heap after
{Heap after GC invocations=125 (full 3):
 PSYoungGen      total 16384K, used 288K [0x00000000d5580000, 0x00000000d6780000, 0x0000000100000000)
  eden space 15872K, 0% used [0x00000000d5580000,0x00000000d5580000,0x00000000d6500000)
  from space 512K, 56% used [0x00000000d6700000,0x00000000d6748000,0x00000000d6780000)
  to   space 512K, 0% used [0x00000000d6680000,0x00000000d6680000,0x00000000d6700000)
 ParOldGen       total 75776K, used 75642K [0x0000000080000000, 0x0000000084a00000, 0x00000000d5580000)
  object space 75776K, 99% used [0x0000000080000000,0x00000000849de830,0x0000000084a00000)
 Metaspace       used 66465K, committed 67840K, reserved 1114112K
  class space    used 7867K, committed 8512K, reserved 1048576K
}
Event: 24.546 GC heap before
{Heap before GC invocations=126 (full 3):
 PSYoungGen      total 16384K, used 16160K [0x00000000d5580000, 0x00000000d6780000, 0x0000000100000000)
  eden space 15872K, 100% used [0x00000000d5580000,0x00000000d6500000,0x00000000d6500000)
  from space 512K, 56% used [0x00000000d6700000,0x00000000d6748000,0x00000000d6780000)
  to   space 512K, 0% used [0x00000000d6680000,0x00000000d6680000,0x00000000d6700000)
 ParOldGen       total 75776K, used 75642K [0x0000000080000000, 0x0000000084a00000, 0x00000000d5580000)
  object space 75776K, 99% used [0x0000000080000000,0x00000000849de830,0x0000000084a00000)
 Metaspace       used 66471K, committed 67840K, reserved 1114112K
  class space    used 7867K, committed 8512K, reserved 1048576K
}
Event: 25.551 GC heap after
{Heap after GC invocations=126 (full 3):
 PSYoungGen      total 16384K, used 512K [0x00000000d5580000, 0x00000000d6d00000, 0x0000000100000000)
  eden space 15872K, 0% used [0x00000000d5580000,0x00000000d5580000,0x00000000d6500000)
  from space 512K, 100% used [0x00000000d6680000,0x00000000d6700000,0x00000000d6700000)
  to   space 4096K, 0% used [0x00000000d6900000,0x00000000d6900000,0x00000000d6d00000)
 ParOldGen       total 78336K, used 78314K [0x0000000080000000, 0x0000000084c80000, 0x00000000d5580000)
  object space 78336K, 99% used [0x0000000080000000,0x0000000084c7a830,0x0000000084c80000)
 Metaspace       used 66471K, committed 67840K, reserved 1114112K
  class space    used 7867K, committed 8512K, reserved 1048576K
}
Event: 28.835 GC heap before
{Heap before GC invocations=127 (full 3):
 PSYoungGen      total 16384K, used 16384K [0x00000000d5580000, 0x00000000d6d00000, 0x0000000100000000)
  eden space 15872K, 100% used [0x00000000d5580000,0x00000000d6500000,0x00000000d6500000)
  from space 512K, 100% used [0x00000000d6680000,0x00000000d6700000,0x00000000d6700000)
  to   space 4096K, 0% used [0x00000000d6900000,0x00000000d6900000,0x00000000d6d00000)
 ParOldGen       total 78336K, used 78314K [0x0000000080000000, 0x0000000084c80000, 0x00000000d5580000)
  object space 78336K, 99% used [0x0000000080000000,0x0000000084c7a830,0x0000000084c80000)
 Metaspace       used 67700K, committed 69120K, reserved 1114112K
  class space    used 7966K, committed 8640K, reserved 1048576K
}
Event: 33.878 GC heap after
{Heap after GC invocations=127 (full 3):
 PSYoungGen      total 16384K, used 16384K [0x00000000d5580000, 0x00000000d6d00000, 0x0000000100000000)
  eden space 15872K, 100% used [0x00000000d5580000,0x00000000d6500000,0x00000000d6500000)
  from space 512K, 100% used [0x00000000d6680000,0x00000000d6700000,0x00000000d6700000)
  to   space 4096K, 94% used [0x00000000d6900000,0x00000000d6cc5d98,0x00000000d6d00000)
 ParOldGen       total 78848K, used 78442K [0x0000000080000000, 0x0000000084d00000, 0x00000000d5580000)
  object space 78848K, 99% used [0x0000000080000000,0x0000000084c9a830,0x0000000084d00000)
 Metaspace       used 67700K, committed 69120K, reserved 1114112K
  class space    used 7966K, committed 8640K, reserved 1048576K
}
Event: 33.879 GC heap before
{Heap before GC invocations=128 (full 4):
 PSYoungGen      total 16384K, used 16384K [0x00000000d5580000, 0x00000000d6d00000, 0x0000000100000000)
  eden space 15872K, 100% used [0x00000000d5580000,0x00000000d6500000,0x00000000d6500000)
  from space 512K, 100% used [0x00000000d6680000,0x00000000d6700000,0x00000000d6700000)
  to   space 4096K, 94% used [0x00000000d6900000,0x00000000d6cc5d98,0x00000000d6d00000)
 ParOldGen       total 78848K, used 78442K [0x0000000080000000, 0x0000000084d00000, 0x00000000d5580000)
  object space 78848K, 99% used [0x0000000080000000,0x0000000084c9a830,0x0000000084d00000)
 Metaspace       used 67700K, committed 69120K, reserved 1114112K
  class space    used 7966K, committed 8640K, reserved 1048576K
}
Event: 35.125 GC heap after
{Heap after GC invocations=128 (full 4):
 PSYoungGen      total 19968K, used 0K [0x00000000d5580000, 0x00000000d6d00000, 0x0000000100000000)
  eden space 15872K, 0% used [0x00000000d5580000,0x00000000d5580000,0x00000000d6500000)
  from space 4096K, 0% used [0x00000000d6900000,0x00000000d6900000,0x00000000d6d00000)
  to   space 4096K, 0% used [0x00000000d6500000,0x00000000d6500000,0x00000000d6900000)
 ParOldGen       total 102400K, used 73818K [0x0000000080000000, 0x0000000086400000, 0x00000000d5580000)
  object space 102400K, 72% used [0x0000000080000000,0x0000000084816918,0x0000000086400000)
 Metaspace       used 67700K, committed 69120K, reserved 1114112K
  class space    used 7966K, committed 8640K, reserved 1048576K
}
Event: 35.772 GC heap before
{Heap before GC invocations=129 (full 4):
 PSYoungGen      total 19968K, used 15859K [0x00000000d5580000, 0x00000000d6d00000, 0x0000000100000000)
  eden space 15872K, 99% used [0x00000000d5580000,0x00000000d64fcfa8,0x00000000d6500000)
  from space 4096K, 0% used [0x00000000d6900000,0x00000000d6900000,0x00000000d6d00000)
  to   space 4096K, 0% used [0x00000000d6500000,0x00000000d6500000,0x00000000d6900000)
 ParOldGen       total 102400K, used 73818K [0x0000000080000000, 0x0000000086400000, 0x00000000d5580000)
  object space 102400K, 72% used [0x0000000080000000,0x0000000084816918,0x0000000086400000)
 Metaspace       used 68829K, committed 70208K, reserved 1114112K
  class space    used 8051K, committed 8704K, reserved 1048576K
}
Event: 35.774 GC heap after
{Heap after GC invocations=129 (full 4):
 PSYoungGen      total 16896K, used 1024K [0x00000000d5580000, 0x00000000d6980000, 0x0000000100000000)
  eden space 15872K, 0% used [0x00000000d5580000,0x00000000d5580000,0x00000000d6500000)
  from space 1024K, 100% used [0x00000000d6500000,0x00000000d6600000,0x00000000d6600000)
  to   space 2048K, 0% used [0x00000000d6780000,0x00000000d6780000,0x00000000d6980000)
 ParOldGen       total 102400K, used 73826K [0x0000000080000000, 0x0000000086400000, 0x00000000d5580000)
  object space 102400K, 72% used [0x0000000080000000,0x0000000084818918,0x0000000086400000)
 Metaspace       used 68829K, committed 70208K, reserved 1114112K
  class space    used 8051K, committed 8704K, reserved 1048576K
}
Event: 36.217 GC heap before
{Heap before GC invocations=130 (full 4):
 PSYoungGen      total 16896K, used 16896K [0x00000000d5580000, 0x00000000d6980000, 0x0000000100000000)
  eden space 15872K, 100% used [0x00000000d5580000,0x00000000d6500000,0x00000000d6500000)
  from space 1024K, 100% used [0x00000000d6500000,0x00000000d6600000,0x00000000d6600000)
  to   space 2048K, 0% used [0x00000000d6780000,0x00000000d6780000,0x00000000d6980000)
 ParOldGen       total 102400K, used 73826K [0x0000000080000000, 0x0000000086400000, 0x00000000d5580000)
  object space 102400K, 72% used [0x0000000080000000,0x0000000084818918,0x0000000086400000)
 Metaspace       used 69510K, committed 70912K, reserved 1114112K
  class space    used 8138K, committed 8768K, reserved 1048576K
}
Event: 36.219 GC heap after
{Heap after GC invocations=130 (full 4):
 PSYoungGen      total 16384K, used 512K [0x00000000d5580000, 0x00000000d6800000, 0x0000000100000000)
  eden space 15872K, 0% used [0x00000000d5580000,0x00000000d5580000,0x00000000d6500000)
  from space 512K, 100% used [0x00000000d6780000,0x00000000d6800000,0x00000000d6800000)
  to   space 1024K, 0% used [0x00000000d6600000,0x00000000d6600000,0x00000000d6700000)
 ParOldGen       total 102400K, used 74718K [0x0000000080000000, 0x0000000086400000, 0x00000000d5580000)
  object space 102400K, 72% used [0x0000000080000000,0x00000000848f7948,0x0000000086400000)
 Metaspace       used 69510K, committed 70912K, reserved 1114112K
  class space    used 8138K, committed 8768K, reserved 1048576K
}
Event: 36.493 GC heap before
{Heap before GC invocations=131 (full 4):
 PSYoungGen      total 16384K, used 16384K [0x00000000d5580000, 0x00000000d6800000, 0x0000000100000000)
  eden space 15872K, 100% used [0x00000000d5580000,0x00000000d6500000,0x00000000d6500000)
  from space 512K, 100% used [0x00000000d6780000,0x00000000d6800000,0x00000000d6800000)
  to   space 1024K, 0% used [0x00000000d6600000,0x00000000d6600000,0x00000000d6700000)
 ParOldGen       total 102400K, used 74718K [0x0000000080000000, 0x0000000086400000, 0x00000000d5580000)
  object space 102400K, 72% used [0x0000000080000000,0x00000000848f7948,0x0000000086400000)
 Metaspace       used 70280K, committed 71616K, reserved 1114112K
  class space    used 8217K, committed 8832K, reserved 1048576K
}
Event: 38.511 GC heap after
{Heap after GC invocations=131 (full 4):
 PSYoungGen      total 16896K, used 1020K [0x00000000d5580000, 0x00000000d6800000, 0x0000000100000000)
  eden space 15872K, 0% used [0x00000000d5580000,0x00000000d5580000,0x00000000d6500000)
  from space 1024K, 99% used [0x00000000d6600000,0x00000000d66ff168,0x00000000d6700000)
  to   space 512K, 0% used [0x00000000d6780000,0x00000000d6780000,0x00000000d6800000)
 ParOldGen       total 102400K, used 75371K [0x0000000080000000, 0x0000000086400000, 0x00000000d5580000)
  object space 102400K, 73% used [0x0000000080000000,0x000000008499af98,0x0000000086400000)
 Metaspace       used 70280K, committed 71616K, reserved 1114112K
  class space    used 8217K, committed 8832K, reserved 1048576K
}
Event: 38.706 GC heap before
{Heap before GC invocations=132 (full 4):
 PSYoungGen      total 16896K, used 16868K [0x00000000d5580000, 0x00000000d6800000, 0x0000000100000000)
  eden space 15872K, 99% used [0x00000000d5580000,0x00000000d64fa1f0,0x00000000d6500000)
  from space 1024K, 99% used [0x00000000d6600000,0x00000000d66ff168,0x00000000d6700000)
  to   space 512K, 0% used [0x00000000d6780000,0x00000000d6780000,0x00000000d6800000)
 ParOldGen       total 102400K, used 75371K [0x0000000080000000, 0x0000000086400000, 0x00000000d5580000)
  object space 102400K, 73% used [0x0000000080000000,0x000000008499af98,0x0000000086400000)
 Metaspace       used 70292K, committed 71616K, reserved 1114112K
  class space    used 8217K, committed 8832K, reserved 1048576K
}
Event: 38.707 GC heap after
{Heap after GC invocations=132 (full 4):
 PSYoungGen      total 16384K, used 480K [0x00000000d5580000, 0x00000000d6800000, 0x0000000100000000)
  eden space 15872K, 0% used [0x00000000d5580000,0x00000000d5580000,0x00000000d6500000)
  from space 512K, 93% used [0x00000000d6780000,0x00000000d67f8360,0x00000000d6800000)
  to   space 1024K, 0% used [0x00000000d6600000,0x00000000d6600000,0x00000000d6700000)
 ParOldGen       total 102400K, used 75762K [0x0000000080000000, 0x0000000086400000, 0x00000000d5580000)
  object space 102400K, 73% used [0x0000000080000000,0x00000000849fcac0,0x0000000086400000)
 Metaspace       used 70292K, committed 71616K, reserved 1114112K
  class space    used 8217K, committed 8832K, reserved 1048576K
}
Event: 38.778 GC heap before
{Heap before GC invocations=133 (full 4):
 PSYoungGen      total 16384K, used 16352K [0x00000000d5580000, 0x00000000d6800000, 0x0000000100000000)
  eden space 15872K, 100% used [0x00000000d5580000,0x00000000d6500000,0x00000000d6500000)
  from space 512K, 93% used [0x00000000d6780000,0x00000000d67f8360,0x00000000d6800000)
  to   space 1024K, 0% used [0x00000000d6600000,0x00000000d6600000,0x00000000d6700000)
 ParOldGen       total 102400K, used 75762K [0x0000000080000000, 0x0000000086400000, 0x00000000d5580000)
  object space 102400K, 73% used [0x0000000080000000,0x00000000849fcac0,0x0000000086400000)
 Metaspace       used 70507K, committed 71936K, reserved 1114112K
  class space    used 8224K, committed 8896K, reserved 1048576K
}
Event: 38.779 GC heap after
{Heap after GC invocations=133 (full 4):
 PSYoungGen      total 16896K, used 256K [0x00000000d5580000, 0x00000000d6800000, 0x0000000100000000)
  eden space 15872K, 0% used [0x00000000d5580000,0x00000000d5580000,0x00000000d6500000)
  from space 1024K, 25% used [0x00000000d6600000,0x00000000d6640000,0x00000000d6700000)
  to   space 512K, 0% used [0x00000000d6780000,0x00000000d6780000,0x00000000d6800000)
 ParOldGen       total 102400K, used 75866K [0x0000000080000000, 0x0000000086400000, 0x00000000d5580000)
  object space 102400K, 74% used [0x0000000080000000,0x0000000084a16ac0,0x0000000086400000)
 Metaspace       used 70507K, committed 71936K, reserved 1114112K
  class space    used 8224K, committed 8896K, reserved 1048576K
}

Dll operation events (15 events):
Event: 0.020 Loaded shared library c:\Users\jibri\.cursor\extensions\redhat.java-1.53.0-win32-x64\jre\21.0.10-win32-x86_64\bin\java.dll
Event: 0.088 Loaded shared library c:\Users\jibri\.cursor\extensions\redhat.java-1.53.0-win32-x64\jre\21.0.10-win32-x86_64\bin\zip.dll
Event: 0.107 Loaded shared library C:\Users\jibri\.cursor\extensions\redhat.java-1.53.0-win32-x64\jre\21.0.10-win32-x86_64\bin\instrument.dll
Event: 0.111 Loaded shared library C:\Users\jibri\.cursor\extensions\redhat.java-1.53.0-win32-x64\jre\21.0.10-win32-x86_64\bin\net.dll
Event: 0.113 Loaded shared library C:\Users\jibri\.cursor\extensions\redhat.java-1.53.0-win32-x64\jre\21.0.10-win32-x86_64\bin\nio.dll
Event: 0.115 Loaded shared library C:\Users\jibri\.cursor\extensions\redhat.java-1.53.0-win32-x64\jre\21.0.10-win32-x86_64\bin\zip.dll
Event: 0.133 Loaded shared library C:\Users\jibri\.cursor\extensions\redhat.java-1.53.0-win32-x64\jre\21.0.10-win32-x86_64\bin\jimage.dll
Event: 0.198 Loaded shared library c:\Users\jibri\.cursor\extensions\redhat.java-1.53.0-win32-x64\jre\21.0.10-win32-x86_64\bin\verify.dll
Event: 0.838 Loaded shared library C:\Users\jibri\AppData\Roaming\Cursor\User\globalStorage\redhat.java\1.53.0\config_win\org.eclipse.equinox.launcher\org.eclipse.equinox.launcher.win32.win32.x86_64_1.3.0.v20260203-2149\eclipse_11919.dll
Event: 1.849 Loaded shared library C:\Users\jibri\AppData\Local\Temp\jna-101119098\jna18134428780776775718.dll
Event: 5.593 Loaded shared library C:\Users\jibri\.gradle\native\1def1411415f61bf3af743bc5b6707747c0891f09f0c88961ee8f79bc544acac\windows-amd64\native-platform.dll
Event: 6.472 Loaded shared library C:\Users\jibri\.cursor\extensions\redhat.java-1.53.0-win32-x64\jre\21.0.10-win32-x86_64\bin\management.dll
Event: 6.474 Loaded shared library C:\Users\jibri\.cursor\extensions\redhat.java-1.53.0-win32-x64\jre\21.0.10-win32-x86_64\bin\management_ext.dll
Event: 6.657 Loaded shared library C:\Users\jibri\.cursor\extensions\redhat.java-1.53.0-win32-x64\jre\21.0.10-win32-x86_64\bin\extnet.dll
Event: 6.708 Loaded shared library C:\Users\jibri\.cursor\extensions\redhat.java-1.53.0-win32-x64\jre\21.0.10-win32-x86_64\bin\sunmscapi.dll

Deoptimization events (20 events):
Event: 39.097 Thread 0x000001ecd8367300 Uncommon trap: trap_request=0xffffff45 fr.pc=0x000001ec8827b540 relative=0x00000000000003e0
Event: 39.098 Thread 0x000001ecd8367300 Uncommon trap: reason=unstable_if action=reinterpret pc=0x000001ec8827b540 method=org.eclipse.jdt.internal.compiler.parser.Scanner.mayBeAtCasePattern(Lorg/eclipse/jdt/internal/compiler/parser/TerminalToken;)Z @ 4 c2
Event: 39.098 Thread 0x000001ecd8367300 DEOPT PACKING pc=0x000001ec8827b540 sp=0x000000d1d40febe0
Event: 39.098 Thread 0x000001ecd8367300 DEOPT UNPACKING pc=0x000001ec874a3aa2 sp=0x000000d1d40feb10 mode 2
Event: 39.098 Thread 0x000001ecd8367300 Uncommon trap: trap_request=0xffffff45 fr.pc=0x000001ec8827c42c relative=0x000000000000016c
Event: 39.098 Thread 0x000001ecd8367300 Uncommon trap: reason=unstable_if action=reinterpret pc=0x000001ec8827c42c method=org.eclipse.jdt.internal.compiler.parser.Scanner.addTokenToLookBack(Lorg/eclipse/jdt/internal/compiler/parser/TerminalToken;)V @ 45 c2
Event: 39.098 Thread 0x000001ecd8367300 DEOPT PACKING pc=0x000001ec8827c42c sp=0x000000d1d40feb60
Event: 39.098 Thread 0x000001ecd8367300 DEOPT UNPACKING pc=0x000001ec874a3aa2 sp=0x000000d1d40feb08 mode 2
Event: 39.098 Thread 0x000001ecd8367300 Uncommon trap: trap_request=0xffffff45 fr.pc=0x000001ec8827ddac relative=0x000000000000008c
Event: 39.098 Thread 0x000001ecd8367300 Uncommon trap: reason=unstable_if action=reinterpret pc=0x000001ec8827ddac method=org.eclipse.jdt.internal.compiler.parser.Scanner.atMultiCaseComma()Z @ 4 c2
Event: 39.098 Thread 0x000001ecd8367300 DEOPT PACKING pc=0x000001ec8827ddac sp=0x000000d1d40feb70
Event: 39.098 Thread 0x000001ecd8367300 DEOPT UNPACKING pc=0x000001ec874a3aa2 sp=0x000000d1d40feab0 mode 2
Event: 39.098 Thread 0x000001ecd8367300 Uncommon trap: trap_request=0xffffff45 fr.pc=0x000001ec8827da8c relative=0x000000000000006c
Event: 39.098 Thread 0x000001ecd8367300 Uncommon trap: reason=unstable_if action=reinterpret pc=0x000001ec8827da8c method=org.eclipse.jdt.internal.compiler.parser.Scanner.atMultiCaseComma()Z @ 4 c2
Event: 39.098 Thread 0x000001ecd8367300 DEOPT PACKING pc=0x000001ec8827da8c sp=0x000000d1d40feb10
Event: 39.098 Thread 0x000001ecd8367300 DEOPT UNPACKING pc=0x000001ec874a3aa2 sp=0x000000d1d40feab0 mode 2
Event: 39.119 Thread 0x000001ecdb0b9460 Uncommon trap: trap_request=0xffffff45 fr.pc=0x000001ec88280ae4 relative=0x0000000000001564
Event: 39.119 Thread 0x000001ecdb0b9460 Uncommon trap: reason=unstable_if action=reinterpret pc=0x000001ec88280ae4 method=org.eclipse.jdt.internal.compiler.parser.Parser.consumeToken(Lorg/eclipse/jdt/internal/compiler/parser/TerminalToken;)V @ 1478 c2
Event: 39.119 Thread 0x000001ecdb0b9460 DEOPT PACKING pc=0x000001ec88280ae4 sp=0x000000d1d5dfe6a0
Event: 39.119 Thread 0x000001ecdb0b9460 DEOPT UNPACKING pc=0x000001ec874a3aa2 sp=0x000000d1d5dfe678 mode 2

Classes loaded (20 events):
Event: 12.221 Loading class java/util/Collections$EmptyListIterator
Event: 12.221 Loading class java/util/Collections$EmptyListIterator done
Event: 12.224 Loading class sun/nio/cs/ISO_8859_1$Encoder
Event: 12.225 Loading class sun/nio/cs/ISO_8859_1$Encoder done
Event: 12.225 Loading class sun/nio/cs/Surrogate$Parser
Event: 12.225 Loading class sun/nio/cs/Surrogate$Parser done
Event: 12.225 Loading class sun/nio/cs/Surrogate
Event: 12.225 Loading class sun/nio/cs/Surrogate done
Event: 12.243 Loading class sun/nio/fs/WindowsFileCopy
Event: 12.244 Loading class sun/nio/fs/WindowsFileCopy done
Event: 38.941 Loading class java/util/stream/ReferencePipeline$4
Event: 38.942 Loading class java/util/stream/ReferencePipeline$4 done
Event: 38.943 Loading class java/util/stream/Nodes$IntFixedNodeBuilder
Event: 38.943 Loading class java/util/stream/Node$Builder$OfInt
Event: 38.943 Loading class java/util/stream/Node$Builder$OfInt done
Event: 38.943 Loading class java/util/stream/Nodes$IntArrayNode
Event: 38.943 Loading class java/util/stream/Nodes$IntArrayNode done
Event: 38.944 Loading class java/util/stream/Nodes$IntFixedNodeBuilder done
Event: 38.944 Loading class java/util/stream/ReferencePipeline$4$1
Event: 38.944 Loading class java/util/stream/ReferencePipeline$4$1 done

Classes unloaded (7 events):
Event: 2.440 Thread 0x000001ecf8748bc0 Unloading class 0x000001ec901a5000 'java/lang/invoke/LambdaForm$MH+0x000001ec901a5000'
Event: 2.440 Thread 0x000001ecf8748bc0 Unloading class 0x000001ec901a4c00 'java/lang/invoke/LambdaForm$MH+0x000001ec901a4c00'
Event: 2.440 Thread 0x000001ecf8748bc0 Unloading class 0x000001ec901a4800 'java/lang/invoke/LambdaForm$MH+0x000001ec901a4800'
Event: 2.440 Thread 0x000001ecf8748bc0 Unloading class 0x000001ec901a4400 'java/lang/invoke/LambdaForm$MH+0x000001ec901a4400'
Event: 2.440 Thread 0x000001ecf8748bc0 Unloading class 0x000001ec901a4000 'java/lang/invoke/LambdaForm$BMH+0x000001ec901a4000'
Event: 2.440 Thread 0x000001ecf8748bc0 Unloading class 0x000001ec901a3c00 'java/lang/invoke/LambdaForm$DMH+0x000001ec901a3c00'
Event: 2.440 Thread 0x000001ecf8748bc0 Unloading class 0x000001ec901a2800 'java/lang/invoke/LambdaForm$DMH+0x000001ec901a2800'

Classes redefined (0 events):
No events

Internal exceptions (20 events):
Event: 35.294 Thread 0x000001ecd3606430 Exception <a 'sun/nio/fs/WindowsException'{0x00000000d59a8b38}> (0x00000000d59a8b38) 
thrown [s\src\hotspot\share\prims\jni.cpp, line 520]
Event: 35.294 Thread 0x000001ecd388c700 Exception <a 'sun/nio/fs/WindowsException'{0x00000000d59630a8}> (0x00000000d59630a8) 
thrown [s\src\hotspot\share\prims\jni.cpp, line 520]
Event: 35.295 Thread 0x000001ecd388c700 Exception <a 'sun/nio/fs/WindowsException'{0x00000000d59644d0}> (0x00000000d59644d0) 
thrown [s\src\hotspot\share\prims\jni.cpp, line 520]
Event: 35.295 Thread 0x000001ecd3607150 Exception <a 'sun/nio/fs/WindowsException'{0x00000000d5a2d378}> (0x00000000d5a2d378) 
thrown [s\src\hotspot\share\prims\jni.cpp, line 520]
Event: 35.296 Thread 0x000001ecd3605da0 Exception <a 'sun/nio/fs/WindowsException'{0x00000000d5a122c8}> (0x00000000d5a122c8) 
thrown [s\src\hotspot\share\prims\jni.cpp, line 520]
Event: 35.296 Thread 0x000001ecd3607150 Exception <a 'sun/nio/fs/WindowsException'{0x00000000d5a2ec00}> (0x00000000d5a2ec00) 
thrown [s\src\hotspot\share\prims\jni.cpp, line 520]
Event: 35.301 Thread 0x000001ecd36077e0 Exception <a 'sun/nio/fs/WindowsException'{0x00000000d59ec200}> (0x00000000d59ec200) 
thrown [s\src\hotspot\share\prims\jni.cpp, line 520]
Event: 35.301 Thread 0x000001ecd3607e70 Exception <a 'sun/nio/fs/WindowsException'{0x00000000d5a21f40}> (0x00000000d5a21f40) 
thrown [s\src\hotspot\share\prims\jni.cpp, line 520]
Event: 35.305 Thread 0x000001ecd3604360 Exception <a 'sun/nio/fs/WindowsException'{0x00000000d59dfbe8}> (0x00000000d59dfbe8) 
thrown [s\src\hotspot\share\prims\jni.cpp, line 520]
Event: 35.305 Thread 0x000001ecd3606ac0 Exception <a 'sun/nio/fs/WindowsException'{0x00000000d59b8d00}> (0x00000000d59b8d00) 
thrown [s\src\hotspot\share\prims\jni.cpp, line 520]
Event: 35.308 Thread 0x000001ecd3607e70 Exception <a 'sun/nio/fs/WindowsException'{0x00000000d5a24100}> (0x00000000d5a24100) 
thrown [s\src\hotspot\share\prims\jni.cpp, line 520]
Event: 35.311 Thread 0x000001ecd3604360 Exception <a 'sun/nio/fs/WindowsException'{0x00000000d59e41f0}> (0x00000000d59e41f0) 
thrown [s\src\hotspot\share\prims\jni.cpp, line 520]
Event: 35.312 Thread 0x000001ecd36098b0 Exception <a 'sun/nio/fs/WindowsException'{0x00000000d59c4348}> (0x00000000d59c4348) 
thrown [s\src\hotspot\share\prims\jni.cpp, line 520]
Event: 35.313 Thread 0x000001ecd3607150 Exception <a 'sun/nio/fs/WindowsException'{0x00000000d5a31c98}> (0x00000000d5a31c98) 
thrown [s\src\hotspot\share\prims\jni.cpp, line 520]
Event: 35.380 Thread 0x000001ecdb0b9460 Exception <a 'sun/nio/fs/WindowsException'{0x00000000d5ca4cd0}> (0x00000000d5ca4cd0) 
thrown [s\src\hotspot\share\prims\jni.cpp, line 520]
Event: 35.382 Thread 0x000001ecd388acc0 Exception <a 'sun/nio/fs/WindowsException'{0x00000000d59906e8}> (0x00000000d59906e8) 
thrown [s\src\hotspot\share\prims\jni.cpp, line 520]
Event: 35.382 Thread 0x000001ecd388b9e0 Exception <a 'sun/nio/fs/WindowsException'{0x00000000d5985890}> (0x00000000d5985890) 
thrown [s\src\hotspot\share\prims\jni.cpp, line 520]
Event: 35.388 Thread 0x000001ecdb0b9460 Exception <a 'java/io/IOException'{0x00000000d5ca7610}> (0x00000000d5ca7610) 
thrown [s\src\hotspot\share\prims\jni.cpp, line 520]
Event: 35.390 Thread 0x000001ecdb0b9460 Exception <a 'java/io/IOException'{0x00000000d5cbc348}> (0x00000000d5cbc348) 
thrown [s\src\hotspot\share\prims\jni.cpp, line 520]
Event: 35.508 Thread 0x000001ecdb0b9460 Exception <a 'java/lang/LinkageError'{0x00000000d60f05c8}: loader lombok.launch.ShadowClassLoader @40b3c4e5 attempted duplicate class definition for lombok.launch.PatchFixesHider$Transform. (lombok.launch.PatchFixesHider$Transform is in unnamed module of loader lombok.launch.ShadowClassLoader @40b3c4e5, parent loader org.eclipse.osgi.internal.loader.EquinoxClassLoader @4ea48e2a)> (0x00000000d60f05c8) 
thrown [s\src\hotspot\share\classfile\systemDictionary.cpp, line 1672]

ZGC Phase Switch (0 events):
No events

VM Operations (20 events):
Event: 26.750 Executing safepoint VM operation: Cleanup done
Event: 27.758 Executing safepoint VM operation: Cleanup
Event: 27.759 Executing safepoint VM operation: Cleanup done
Event: 28.770 Executing safepoint VM operation: Cleanup
Event: 28.833 Executing safepoint VM operation: Cleanup done
Event: 28.835 Executing safepoint VM operation: ParallelGCFailedAllocation (Allocation Failure)
Event: 35.126 Executing safepoint VM operation: ParallelGCFailedAllocation (Allocation Failure) done
Event: 35.772 Executing safepoint VM operation: ParallelGCFailedAllocation (Allocation Failure)
Event: 35.774 Executing safepoint VM operation: ParallelGCFailedAllocation (Allocation Failure) done
Event: 36.217 Executing safepoint VM operation: ParallelGCFailedAllocation (Allocation Failure)
Event: 36.219 Executing safepoint VM operation: ParallelGCFailedAllocation (Allocation Failure) done
Event: 36.493 Executing safepoint VM operation: ParallelGCFailedAllocation (Allocation Failure)
Event: 38.511 Executing safepoint VM operation: ParallelGCFailedAllocation (Allocation Failure) done
Event: 38.706 Executing safepoint VM operation: ParallelGCFailedAllocation (Allocation Failure)
Event: 38.707 Executing safepoint VM operation: ParallelGCFailedAllocation (Allocation Failure) done
Event: 38.778 Executing safepoint VM operation: ParallelGCFailedAllocation (Allocation Failure)
Event: 38.779 Executing safepoint VM operation: ParallelGCFailedAllocation (Allocation Failure) done
Event: 39.006 Executing non-safepoint VM operation: HandshakeAllThreads (Deoptimize)
Event: 39.006 Executing non-safepoint VM operation: HandshakeAllThreads (Deoptimize) done
Event: 40.009 Executing safepoint VM operation: Cleanup

Memory protections (0 events):
No events

Nmethod flushes (20 events):
Event: 33.975 Thread 0x000001ecf8748bc0 flushing  nmethod 0x000001ec80f1e590
Event: 33.975 Thread 0x000001ecf8748bc0 flushing  nmethod 0x000001ec80f27890
Event: 33.975 Thread 0x000001ecf8748bc0 flushing  nmethod 0x000001ec80f33790
Event: 33.975 Thread 0x000001ecf8748bc0 flushing  nmethod 0x000001ec80f59a10
Event: 33.975 Thread 0x000001ecf8748bc0 flushing  nmethod 0x000001ec80f65910
Event: 33.975 Thread 0x000001ecf8748bc0 flushing  nmethod 0x000001ec80f6ba90
Event: 33.975 Thread 0x000001ecf8748bc0 flushing  nmethod 0x000001ec80f6d910
Event: 33.975 Thread 0x000001ecf8748bc0 flushing  nmethod 0x000001ec80f8ba90
Event: 33.975 Thread 0x000001ecf8748bc0 flushing  nmethod 0x000001ec80f99e90
Event: 33.975 Thread 0x000001ecf8748bc0 flushing  nmethod 0x000001ec80f9a710
Event: 33.975 Thread 0x000001ecf8748bc0 flushing  nmethod 0x000001ec80faf610
Event: 33.975 Thread 0x000001ecf8748bc0 flushing  nmethod 0x000001ec80fafd90
Event: 33.975 Thread 0x000001ecf8748bc0 flushing  nmethod 0x000001ec80fb2890
Event: 33.975 Thread 0x000001ecf8748bc0 flushing  nmethod 0x000001ec80fb5e10
Event: 33.975 Thread 0x000001ecf8748bc0 flushing  nmethod 0x000001ec80fb6290
Event: 33.975 Thread 0x000001ecf8748bc0 flushing  nmethod 0x000001ec81020890
Event: 33.975 Thread 0x000001ecf8748bc0 flushing  nmethod 0x000001ec81022010
Event: 33.975 Thread 0x000001ecf8748bc0 flushing  nmethod 0x000001ec81034910
Event: 33.975 Thread 0x000001ecf8748bc0 flushing  nmethod 0x000001ec81035810
Event: 33.975 Thread 0x000001ecf8748bc0 flushing  nmethod 0x000001ec81036290

Events (20 events):
Event: 35.494 Thread 0x000001ecdb0b9460 Thread added: 0x000001ecd3608b90
Event: 35.495 Thread 0x000001ecdb0b9460 Thread added: 0x000001ecd3609f40
Event: 35.495 Thread 0x000001ecdb0b9460 Thread added: 0x000001ecd360a5d0
Event: 35.495 Thread 0x000001ecdb0b9460 Thread added: 0x000001ecd360b2f0
Event: 35.495 Thread 0x000001ecdb0b9460 Thread added: 0x000001ecd360ac60
Event: 35.495 Thread 0x000001ecdb0b9460 Thread added: 0x000001ecd360b980
Event: 35.495 Thread 0x000001ecdb0b9460 Thread added: 0x000001ecd3608500
Event: 35.495 Thread 0x000001ecdb0b9460 Thread added: 0x000001ecd3609220
Event: 35.495 Thread 0x000001ecd3608500 Thread added: 0x000001ecdb0b7a20
Event: 35.496 Thread 0x000001ecd3609220 Thread added: 0x000001ecd8363e80
Event: 35.496 Thread 0x000001ecdb0b7a20 Thread added: 0x000001ecdab6cac0
Event: 35.496 Thread 0x000001ecd3608b90 Thread added: 0x000001ecdab6eb90
Event: 35.496 Thread 0x000001ecdab6cac0 Thread added: 0x000001ecdab6c430
Event: 35.496 Thread 0x000001ecd8363e80 Thread added: 0x000001ecdab6b710
Event: 35.497 Thread 0x000001ecdb0b9460 Thread added: 0x000001ecdab6d7e0
Event: 35.687 Thread 0x000001ecd9f4c270 Thread exited: 0x000001ecd9f4c270
Event: 35.687 Thread 0x000001ecd90534a0 Thread exited: 0x000001ecd90534a0
Event: 35.802 Thread 0x000001ecd802e060 Thread exited: 0x000001ecd802e060
Event: 36.476 Thread 0x000001ecd14ffb50 Thread added: 0x000001ecd9f4c270
Event: 38.641 Thread 0x000001ecd8fb0230 Thread added: 0x000001ecda6688f0


Dynamic libraries:
0x00007ff7af290000 - 0x00007ff7af29e000 	c:\Users\jibri\.cursor\extensions\redhat.java-1.53.0-win32-x64\jre\21.0.10-win32-x86_64\bin\java.exe
0x00007ff833d60000 - 0x00007ff833fc8000 	C:\WINDOWS\SYSTEM32\ntdll.dll
0x00007fffe9c50000 - 0x00007fffe9c70000 	C:\Program Files\Avast Software\Avast\aswhook.dll
0x00007ff832f60000 - 0x00007ff833029000 	C:\WINDOWS\System32\KERNEL32.DLL
0x00007ff8314e0000 - 0x00007ff8318d1000 	C:\WINDOWS\System32\KERNELBASE.dll
0x00007ff830830000 - 0x00007ff83097b000 	C:\WINDOWS\System32\ucrtbase.dll
0x00007fffa4060000 - 0x00007fffa4078000 	c:\Users\jibri\.cursor\extensions\redhat.java-1.53.0-win32-x64\jre\21.0.10-win32-x86_64\bin\jli.dll
0x00007ff833a40000 - 0x00007ff833c06000 	C:\WINDOWS\System32\USER32.dll
0x00007ff831ad0000 - 0x00007ff831af7000 	C:\WINDOWS\System32\win32u.dll
0x00007fffa4040000 - 0x00007fffa405e000 	c:\Users\jibri\.cursor\extensions\redhat.java-1.53.0-win32-x64\jre\21.0.10-win32-x86_64\bin\VCRUNTIME140.dll
0x00007ff832930000 - 0x00007ff83295b000 	C:\WINDOWS\System32\GDI32.dll
0x00007ff8319a0000 - 0x00007ff831acb000 	C:\WINDOWS\System32\gdi32full.dll
0x00007ff8306d0000 - 0x00007ff830773000 	C:\WINDOWS\System32\msvcp_win.dll
0x00007ff814c90000 - 0x00007ff814f23000 	C:\WINDOWS\WinSxS\amd64_microsoft.windows.common-controls_6595b64144ccf1df_6.0.26100.7824_none_3e0870b2e3345462\COMCTL32.dll
0x00007ff833990000 - 0x00007ff833a39000 	C:\WINDOWS\System32\msvcrt.dll
0x00007ff833cc0000 - 0x00007ff833cf1000 	C:\WINDOWS\System32\IMM32.DLL
0x00007fffe95d0000 - 0x00007fffe95dc000 	c:\Users\jibri\.cursor\extensions\redhat.java-1.53.0-win32-x64\jre\21.0.10-win32-x86_64\bin\vcruntime140_1.dll
0x00007fff9e670000 - 0x00007fff9e6fd000 	c:\Users\jibri\.cursor\extensions\redhat.java-1.53.0-win32-x64\jre\21.0.10-win32-x86_64\bin\msvcp140.dll
0x00007fff8c970000 - 0x00007fff8d711000 	c:\Users\jibri\.cursor\extensions\redhat.java-1.53.0-win32-x64\jre\21.0.10-win32-x86_64\bin\server\jvm.dll
0x00007ff833260000 - 0x00007ff833314000 	C:\WINDOWS\System32\ADVAPI32.dll
0x00007ff833c10000 - 0x00007ff833cb6000 	C:\WINDOWS\System32\sechost.dll
0x00007ff833140000 - 0x00007ff833258000 	C:\WINDOWS\System32\RPCRT4.dll
0x00007ff832ed0000 - 0x00007ff832f44000 	C:\WINDOWS\System32\WS2_32.dll
0x00007ff8304a0000 - 0x00007ff8304fe000 	C:\WINDOWS\SYSTEM32\POWRPROF.dll
0x00007ff829110000 - 0x00007ff82911b000 	C:\WINDOWS\SYSTEM32\VERSION.dll
0x00007ff821360000 - 0x00007ff821395000 	C:\WINDOWS\SYSTEM32\WINMM.dll
0x00007ff830480000 - 0x00007ff830494000 	C:\WINDOWS\SYSTEM32\UMPDC.dll
0x00007ff82f3b0000 - 0x00007ff82f3cb000 	C:\WINDOWS\SYSTEM32\kernel.appcore.dll
0x00007fffe8cd0000 - 0x00007fffe8cda000 	c:\Users\jibri\.cursor\extensions\redhat.java-1.53.0-win32-x64\jre\21.0.10-win32-x86_64\bin\jimage.dll
0x00007ff82e630000 - 0x00007ff82e872000 	C:\WINDOWS\SYSTEM32\DBGHELP.DLL
0x00007ff833600000 - 0x00007ff833986000 	C:\WINDOWS\System32\combase.dll
0x00007ff832960000 - 0x00007ff832a37000 	C:\WINDOWS\System32\OLEAUT32.dll
0x00007ff821f30000 - 0x00007ff821f6b000 	C:\WINDOWS\SYSTEM32\dbgcore.DLL
0x00007ff830780000 - 0x00007ff830825000 	C:\WINDOWS\System32\bcryptPrimitives.dll
0x00007ff818750000 - 0x00007ff81875f000 	c:\Users\jibri\.cursor\extensions\redhat.java-1.53.0-win32-x64\jre\21.0.10-win32-x86_64\bin\instrument.dll
0x00007fffa3e40000 - 0x00007fffa3e60000 	c:\Users\jibri\.cursor\extensions\redhat.java-1.53.0-win32-x64\jre\21.0.10-win32-x86_64\bin\java.dll
0x00007ff831b00000 - 0x00007ff832252000 	C:\WINDOWS\System32\SHELL32.dll
0x00007ff831370000 - 0x00007ff8314da000 	C:\WINDOWS\System32\wintypes.dll
0x00007ff830b00000 - 0x00007ff831363000 	C:\WINDOWS\System32\windows.storage.dll
0x00007ff8334d0000 - 0x00007ff8335c6000 	C:\WINDOWS\System32\SHCORE.dll
0x00007ff8324a0000 - 0x00007ff832507000 	C:\WINDOWS\System32\shlwapi.dll
0x00007ff830560000 - 0x00007ff830589000 	C:\WINDOWS\SYSTEM32\profapi.dll
0x00007fff9d4c0000 - 0x00007fff9d4d8000 	c:\Users\jibri\.cursor\extensions\redhat.java-1.53.0-win32-x64\jre\21.0.10-win32-x86_64\bin\zip.dll
0x00007fffe68e0000 - 0x00007fffe68f0000 	C:\Users\jibri\.cursor\extensions\redhat.java-1.53.0-win32-x64\jre\21.0.10-win32-x86_64\bin\net.dll
0x00007ff829d70000 - 0x00007ff829e97000 	C:\WINDOWS\SYSTEM32\WINHTTP.dll
0x00007ff82f930000 - 0x00007ff82f99b000 	C:\WINDOWS\system32\mswsock.dll
0x00007fff9cc10000 - 0x00007fff9cc26000 	C:\Users\jibri\.cursor\extensions\redhat.java-1.53.0-win32-x64\jre\21.0.10-win32-x86_64\bin\nio.dll
0x00007ff818010000 - 0x00007ff818020000 	c:\Users\jibri\.cursor\extensions\redhat.java-1.53.0-win32-x64\jre\21.0.10-win32-x86_64\bin\verify.dll
0x00007fffd3aa0000 - 0x00007fffd3ae5000 	C:\Users\jibri\AppData\Roaming\Cursor\User\globalStorage\redhat.java\1.53.0\config_win\org.eclipse.equinox.launcher\org.eclipse.equinox.launcher.win32.win32.x86_64_1.3.0.v20260203-2149\eclipse_11919.dll
0x00007ff833320000 - 0x00007ff8334b7000 	C:\WINDOWS\System32\ole32.dll
0x00007ff82fc20000 - 0x00007ff82fc3b000 	C:\WINDOWS\SYSTEM32\CRYPTSP.dll
0x00007ff82f310000 - 0x00007ff82f349000 	C:\WINDOWS\system32\rsaenh.dll
0x00007ff82fa00000 - 0x00007ff82fa2b000 	C:\WINDOWS\SYSTEM32\USERENV.dll
0x00007ff830530000 - 0x00007ff83055a000 	C:\WINDOWS\SYSTEM32\bcrypt.dll
0x00007ff82fc40000 - 0x00007ff82fc4c000 	C:\WINDOWS\SYSTEM32\CRYPTBASE.dll
0x00007ff82edf0000 - 0x00007ff82ee24000 	C:\WINDOWS\SYSTEM32\IPHLPAPI.DLL
0x00007ff8334c0000 - 0x00007ff8334ca000 	C:\WINDOWS\System32\NSI.dll
0x00007fffd3a50000 - 0x00007fffd3a99000 	C:\Users\jibri\AppData\Local\Temp\jna-101119098\jna18134428780776775718.dll
0x00007ff832430000 - 0x00007ff832438000 	C:\WINDOWS\System32\PSAPI.DLL
0x00007ff8297d0000 - 0x00007ff8297ee000 	C:\WINDOWS\SYSTEM32\dhcpcsvc6.DLL
0x00007ff8297a0000 - 0x00007ff8297c3000 	C:\WINDOWS\SYSTEM32\dhcpcsvc.DLL
0x00007fffe33c0000 - 0x00007fffe33e7000 	C:\Users\jibri\.gradle\native\1def1411415f61bf3af743bc5b6707747c0891f09f0c88961ee8f79bc544acac\windows-amd64\native-platform.dll
0x00007fffe8a10000 - 0x00007fffe8a1a000 	C:\Users\jibri\.cursor\extensions\redhat.java-1.53.0-win32-x64\jre\21.0.10-win32-x86_64\bin\management.dll
0x00007fffe8420000 - 0x00007fffe842c000 	C:\Users\jibri\.cursor\extensions\redhat.java-1.53.0-win32-x64\jre\21.0.10-win32-x86_64\bin\management_ext.dll
0x00007fffe4160000 - 0x00007fffe4169000 	C:\Users\jibri\.cursor\extensions\redhat.java-1.53.0-win32-x64\jre\21.0.10-win32-x86_64\bin\extnet.dll
0x00007fffe60b0000 - 0x00007fffe60be000 	C:\Users\jibri\.cursor\extensions\redhat.java-1.53.0-win32-x64\jre\21.0.10-win32-x86_64\bin\sunmscapi.dll
0x00007ff830980000 - 0x00007ff830af7000 	C:\WINDOWS\System32\CRYPT32.dll
0x00007ff82fe40000 - 0x00007ff82fe70000 	C:\WINDOWS\SYSTEM32\ncrypt.dll
0x00007ff82fdf0000 - 0x00007ff82fe2f000 	C:\WINDOWS\SYSTEM32\NTASN1.dll
0x00007ff82ee90000 - 0x00007ff82efbc000 	C:\WINDOWS\SYSTEM32\DNSAPI.dll
0x00007ff821ce0000 - 0x00007ff821ceb000 	C:\Windows\System32\rasadhlp.dll
0x00007ff828e00000 - 0x00007ff828e86000 	C:\WINDOWS\System32\fwpuclnt.dll
0x00007ffff1fa0000 - 0x00007ffff1fa8000 	C:\WINDOWS\system32\wshunix.dll
0x00007ff82f4d0000 - 0x00007ff82f506000 	C:\WINDOWS\SYSTEM32\ntmarta.dll

JVMTI agents:
c:\Users\jibri\.cursor\extensions\redhat.java-1.53.0-win32-x64\lombok\lombok-1.18.39-4050.jar path:c:\Users\jibri\.cursor\extensions\redhat.java-1.53.0-win32-x64\jre\21.0.10-win32-x86_64\bin\instrument.dll, loaded, initialized, instrumentlib options:none

dbghelp: loaded successfully - version: 4.0.5 - missing functions: none
symbol engine: initialized successfully - sym options: 0x614 - pdb path: .;c:\Users\jibri\.cursor\extensions\redhat.java-1.53.0-win32-x64\jre\21.0.10-win32-x86_64\bin;C:\WINDOWS\SYSTEM32;C:\Program Files\Avast Software\Avast;C:\WINDOWS\WinSxS\amd64_microsoft.windows.common-controls_6595b64144ccf1df_6.0.26100.7824_none_3e0870b2e3345462;c:\Users\jibri\.cursor\extensions\redhat.java-1.53.0-win32-x64\jre\21.0.10-win32-x86_64\bin\server;C:\Users\jibri\AppData\Roaming\Cursor\User\globalStorage\redhat.java\1.53.0\config_win\org.eclipse.equinox.launcher\org.eclipse.equinox.launcher.win32.win32.x86_64_1.3.0.v20260203-2149;C:\Users\jibri\AppData\Local\Temp\jna-101119098;C:\Users\jibri\.gradle\native\1def1411415f61bf3af743bc5b6707747c0891f09f0c88961ee8f79bc544acac\windows-amd64

VM Arguments:
jvm_args: --add-modules=ALL-SYSTEM --add-opens=java.base/java.util=ALL-UNNAMED --add-opens=java.base/java.lang=ALL-UNNAMED --add-opens=java.base/sun.nio.fs=ALL-UNNAMED -Declipse.application=org.eclipse.jdt.ls.core.id1 -Dosgi.bundles.defaultStartLevel=4 -Declipse.product=org.eclipse.jdt.ls.core.product -Djava.import.generatesMetadataFilesAtProjectRoot=false -DDetectVMInstallationsJob.disabled=true -Dfile.encoding=utf8 -XX:+UseParallelGC -XX:GCTimeRatio=4 -XX:AdaptiveSizePolicyWeight=90 -Dsun.zip.disableMemoryMapping=true -Xmx2G -Xms100m -Xlog:disable -javaagent:c:\Users\jibri\.cursor\extensions\redhat.java-1.53.0-win32-x64\lombok\lombok-1.18.39-4050.jar -XX:+HeapDumpOnOutOfMemoryError -XX:HeapDumpPath=c:\Users\jibri\AppData\Roaming\Cursor\User\workspaceStorage\8b75b7c593fc459511d45e689933c160\redhat.java -Daether.dependencyCollector.impl=bf 
java_command: c:\Users\jibri\.cursor\extensions\redhat.java-1.53.0-win32-x64\server\plugins\org.eclipse.equinox.launcher_1.7.100.v20251111-0406.jar -configuration c:\Users\jibri\AppData\Roaming\Cursor\User\globalStorage\redhat.java\1.53.0\config_win -data c:\Users\jibri\AppData\Roaming\Cursor\User\workspaceStorage\8b75b7c593fc459511d45e689933c160\redhat.java\jdt_ws --pipe=\\.\pipe\lsp-6314168e00126b91d2d69aba840392af-sock
java_class_path (initial): c:\Users\jibri\.cursor\extensions\redhat.java-1.53.0-win32-x64\server\plugins\org.eclipse.equinox.launcher_1.7.100.v20251111-0406.jar
Launcher Type: SUN_STANDARD

[Global flags]
    uintx AdaptiveSizePolicyWeight                 = 90                                        {product} {command line}
     intx CICompilerCount                          = 12                                        {product} {ergonomic}
    uintx GCTimeRatio                              = 4                                         {product} {command line}
     bool HeapDumpOnOutOfMemoryError               = true                                   {manageable} {command line}
    ccstr HeapDumpPath                             = c:\Users\jibri\AppData\Roaming\Cursor\User\workspaceStorage\8b75b7c593fc459511d45e689933c160\redhat.java         {manageable} {command line}
   size_t InitialHeapSize                          = 104857600                                 {product} {command line}
   size_t MaxHeapSize                              = 2147483648                                {product} {command line}
   size_t MaxNewSize                               = 715653120                                 {product} {ergonomic}
   size_t MinHeapDeltaBytes                        = 524288                                    {product} {ergonomic}
   size_t MinHeapSize                              = 104857600                                 {product} {command line}
   size_t NewSize                                  = 34603008                                  {product} {ergonomic}
    uintx NonNMethodCodeHeapSize                   = 7602480                                {pd product} {ergonomic}
    uintx NonProfiledCodeHeapSize                  = 122027880                              {pd product} {ergonomic}
   size_t OldSize                                  = 70254592                                  {product} {ergonomic}
    uintx ProfiledCodeHeapSize                     = 122027880                              {pd product} {ergonomic}
    uintx ReservedCodeCacheSize                    = 251658240                              {pd product} {ergonomic}
     bool SegmentedCodeCache                       = true                                      {product} {ergonomic}
   size_t SoftMaxHeapSize                          = 2147483648                             {manageable} {ergonomic}
     bool UseCompressedOops                        = true                           {product lp64_product} {ergonomic}
     bool UseLargePagesIndividualAllocation        = false                                  {pd product} {ergonomic}
     bool UseParallelGC                            = true                                      {product} {command line}

Logging:
Log output configuration:
 #0: stdout all=off uptime,level,tags foldmultilines=false
 #1: stderr all=off uptime,level,tags foldmultilines=false

Release file:
JAVA_VERSION="21.0.10" 
MODULES="java.base java.compiler java.datatransfer java.xml java.prefs java.desktop java.instrument java.logging java.management java.security.sasl java.naming java.rmi java.management.rmi java.net.http java.scripting java.security.jgss java.transaction.xa java.sql java.sql.rowset java.xml.crypto java.se java.smartcardio jdk.accessibility jdk.internal.jvmstat jdk.attach jdk.charsets jdk.internal.opt jdk.zipfs jdk.compiler jdk.crypto.ec jdk.crypto.cryptoki jdk.crypto.mscapi jdk.dynalink jdk.internal.ed jdk.editpad jdk.hotspot.agent jdk.httpserver jdk.internal.le jdk.internal.vm.ci jdk.internal.vm.compiler jdk.internal.vm.compiler.management jdk.jartool jdk.javadoc jdk.jcmd jdk.management jdk.management.agent jdk.jconsole jdk.jdeps jdk.jdwp.agent jdk.jdi jdk.jfr jdk.jshell jdk.jsobject jdk.jstatd jdk.localedata jdk.management.jfr jdk.naming.dns jdk.naming.rmi jdk.net jdk.nio.mapmode jdk.random jdk.sctp jdk.security.auth jdk.security.jgss jdk.unsupported jdk.unsupported.desktop jdk.xml.dom" 

Environment Variables:
JAVA_HOME=C:\Program Files\Java\jdk-17
PATH=C:\Program Files\Microsoft\jdk-17.0.16.8-hotspot\bin;C:\ProgramData\Oracle\Java\javapath;C:\Program Files\NVIDIA GPU Computing Toolkit\CUDA\v12.8\bin;C:\Program Files\NVIDIA GPU Computing Toolkit\CUDA\v12.8\libnvvp;C:\Program Files\Common Files\Oracle\Java\javapath;C:\PHP\phpoldversion\;C:\Windows\system32;C:\Windows;C:\Windows\System32\Wbem;C:\Windows\System32\WindowsPowerShell\v1.0\;C:\Windows\System32\OpenSSH\;C:\Program Files (x86)\NVIDIA Corporation\PhysX\Common;C:\Program Files\Microsoft SQL Server\150\Tools\Binn\;C:\Program Files\Microsoft SQL Server\Client SDK\ODBC\170\Tools\Binn\;C:\ProgramData\ComposerSetup\bin;C:\Users\jibri\.config\herd\bin\nvm;C:\Program Files\nodejs;C:\Program Files\Java\jdk-17\bin;C:\xampp\php;C:\WINDOWS\system32;C:\WINDOWS;C:\WINDOWS\System32\Wbem;C:\WINDOWS\System32\WindowsPowerShell\v1.0\;C:\WINDOWS\System32\OpenSSH\;C:\Program Files\nodejs\;C:\Program Files\Git\cmd;C:\Program Files\Git\bin;C:\Users\jibri\AppData\Local\Pub\Cache\bin;C:\Program Files\NVIDIA Corporation\NVIDIA app\NvDLISR;C:\Program Files\heroku\bin;C:\Program Files\NVIDIA Corporation\Nsight Compute 2025.1.1\;C:\ProgramData\chocolatey\bin;C:\Users\jibri\AppData\Local\Programs\Python\Python310\Scripts;C:\Program Files\dotnet\;C:\Program Files (x86)\Windows Kits\10\Windows Performance Toolkit\;C:\Users\jibri\AppData\Local\Android\Sdk\platform-tools;C:\Program Files\Docker\Docker\resources\bin;C:\Program Files\MySQL\MySQL Shell 8.0\bin\;C:\Users\jibri\AppData\Local\Programs\Python\Python310\Scripts\;C:\Users\jibri\AppData\Local\Programs\Python\Python310\;C:\Users\jibri\.config\herd\bin;C:\Users\jibri\AppData\Local\Microsoft\WindowsApps;C:\Users\jibri\AppData\Local\Programs\Microsoft VS Code\bin;C:\Users\jibri\AppData\Roaming\Composer\vendor\bin;C:\flutter\flutter\bin;C:\Users\jibri\AppData\Roaming\npm;C:\Program Files\Git;C:\Users\jibri\AppData\Local\Pub\Cache\bin;C:\Program Files\heroku\bin;C:\Users\jibri\.dotnet\tools;C:\AppServ\Apache24\bin;C:\AppServ\php7;C:\AppServ\MySQL\bin;C:\Users\jibri\AppData\Local\Android\Sdk\build-tools;C:\ProgramData\chocolatey\bin;C:\Program Files\nodejs\;C:\Users\jibri\AppData\Local\Programs\cursor\resources\app\bin
USERNAME=jibri
OS=Windows_NT
PROCESSOR_IDENTIFIER=Intel64 Family 6 Model 191 Stepping 2, GenuineIntel
TMP=C:\Users\jibri\AppData\Local\Temp
TEMP=C:\Users\jibri\AppData\Local\Temp




Periodic native trim disabled

---------------  S Y S T E M  ---------------

OS:
 Windows 11 , 64 bit Build 26100 (10.0.26100.7705)
OS uptime: 0 days 18:03 hours
Hyper-V role detected

CPU: total 20 (initial active 20) (10 cores per cpu, 2 threads per core) family 6 model 191 stepping 2 microcode 0x2c, cx8, cmov, fxsr, ht, mmx, 3dnowpref, sse, sse2, sse3, ssse3, sse4.1, sse4.2, popcnt, lzcnt, tsc, tscinvbit, avx, avx2, aes, erms, clmul, bmi1, bmi2, adx, sha, fma, vzeroupper, clflush, clflushopt, clwb, hv, serialize, rdtscp, rdpid, fsrm, f16c, cet_ibt, cet_ss
Processor Information for processor 0
  Max Mhz: 2500, Current Mhz: 2500, Mhz Limit: 2500
Processor Information for processor 1
  Max Mhz: 2500, Current Mhz: 1532, Mhz Limit: 2500
Processor Information for processor 2
  Max Mhz: 2500, Current Mhz: 2500, Mhz Limit: 2500
Processor Information for processor 3
  Max Mhz: 2500, Current Mhz: 2500, Mhz Limit: 2500
Processor Information for processor 4
  Max Mhz: 2500, Current Mhz: 2500, Mhz Limit: 2500
Processor Information for processor 5
  Max Mhz: 2500, Current Mhz: 1532, Mhz Limit: 2500
Processor Information for processor 6
  Max Mhz: 2500, Current Mhz: 1532, Mhz Limit: 2500
Processor Information for processor 7
  Max Mhz: 2500, Current Mhz: 2500, Mhz Limit: 2500
Processor Information for processor 8
  Max Mhz: 2500, Current Mhz: 2500, Mhz Limit: 2500
Processor Information for processor 9
  Max Mhz: 2500, Current Mhz: 1532, Mhz Limit: 2500
Processor Information for processor 10
  Max Mhz: 2500, Current Mhz: 2500, Mhz Limit: 2500
Processor Information for processor 11
  Max Mhz: 2500, Current Mhz: 1532, Mhz Limit: 2500
Processor Information for processor 12
  Max Mhz: 2500, Current Mhz: 1500, Mhz Limit: 1800
Processor Information for processor 13
  Max Mhz: 2500, Current Mhz: 1800, Mhz Limit: 1800
Processor Information for processor 14
  Max Mhz: 2500, Current Mhz: 1800, Mhz Limit: 1800
Processor Information for processor 15
  Max Mhz: 2500, Current Mhz: 1800, Mhz Limit: 1800
Processor Information for processor 16
  Max Mhz: 2500, Current Mhz: 1800, Mhz Limit: 1800
Processor Information for processor 17
  Max Mhz: 2500, Current Mhz: 1800, Mhz Limit: 1800
Processor Information for processor 18
  Max Mhz: 2500, Current Mhz: 1800, Mhz Limit: 1800
Processor Information for processor 19
  Max Mhz: 2500, Current Mhz: 1800, Mhz Limit: 1800

Memory: 4k page, system-wide physical 7911M (689M free)
TotalPageFile size 32487M (AvailPageFile size 50M)
current process WorkingSet (physical memory assigned to process): 257M, peak: 312M
current process commit charge ("private bytes"): 465M, peak: 1685M

vm_info: OpenJDK 64-Bit Server VM (21.0.10+7-LTS) for windows-amd64 JRE (21.0.10+7-LTS), built on 2026-01-20T00:00:00Z by "admin" with MS VC++ 17.12 (VS2022)

END.
