#
# There is insufficient memory for the Java Runtime Environment to continue.
# Native memory allocation (malloc) failed to allocate 1048576 bytes. Error detail: AllocateHeap
# Possible reasons:
#   The system is out of physical RAM or swap space
#   This process is running with CompressedOops enabled, and the Java Heap may be blocking the growth of the native heap
# Possible solutions:
#   Reduce memory load on the system
#   Increase physical memory or swap space
#   Check if swap backing store is full
#   Decrease Java heap size (-Xmx/-Xms)
#   Decrease number of Java threads
#   Decrease Java thread stack sizes (-Xss)
#   Set larger code cache with -XX:ReservedCodeCacheSize=
#   JVM is running with Unscaled Compressed Oops mode in which the Java heap is
#     placed in the first 4GB address space. The Java Heap base address is the
#     maximum limit for the native heap growth. Please use -XX:HeapBaseMinAddress
#     to set the Java Heap base and to place the Java Heap above 4GB virtual address.
# This output file may be truncated or incomplete.
#
#  Out of Memory Error (allocation.cpp:44), pid=1180, tid=2096
#
# JRE version: OpenJDK Runtime Environment Temurin-21.0.10+7 (21.0.10+7) (build 21.0.10+7-LTS)
# Java VM: OpenJDK 64-Bit Server VM Temurin-21.0.10+7 (21.0.10+7-LTS, mixed mode, sharing, tiered, compressed oops, compressed class ptrs, parallel gc, windows-amd64)
# No core dump will be written. Minidumps are not enabled by default on client versions of Windows
#

---------------  S U M M A R Y ------------

Command Line: --add-modules=ALL-SYSTEM --add-opens=java.base/java.util=ALL-UNNAMED --add-opens=java.base/java.lang=ALL-UNNAMED --add-opens=java.base/sun.nio.fs=ALL-UNNAMED -Declipse.application=org.eclipse.jdt.ls.core.id1 -Dosgi.bundles.defaultStartLevel=4 -Declipse.product=org.eclipse.jdt.ls.core.product -Djava.import.generatesMetadataFilesAtProjectRoot=false -DDetectVMInstallationsJob.disabled=true -Dfile.encoding=utf8 -XX:+UseParallelGC -XX:GCTimeRatio=4 -XX:AdaptiveSizePolicyWeight=90 -Dsun.zip.disableMemoryMapping=true -Xmx2G -Xms100m -Xlog:disable -javaagent:c:\Users\jibri\.antigravity\extensions\redhat.java-1.54.0-win32-x64\lombok\lombok-1.18.39-4050.jar -XX:+HeapDumpOnOutOfMemoryError -XX:HeapDumpPath=c:\Users\jibri\AppData\Roaming\Antigravity\User\workspaceStorage\500bf14339cd163802a1632d40eb871e\redhat.java -Daether.dependencyCollector.impl=bf c:\Users\jibri\.antigravity\extensions\redhat.java-1.54.0-win32-x64\server\plugins\org.eclipse.equinox.launcher_1.7.100.v20251111-0406.jar -configuration c:\Users\jibri\AppData\Roaming\Antigravity\User\globalStorage\redhat.java\1.54.0\config_win -data c:\Users\jibri\AppData\Roaming\Antigravity\User\workspaceStorage\500bf14339cd163802a1632d40eb871e\redhat.java\jdt_ws --pipe=\\.\pipe\lsp-88bd199ccaf7b4358bd45703c42a8ce8-sock

Host: 13th Gen Intel(R) Core(TM) i5-13500HX, 20 cores, 7G,  Windows 11 , 64 bit Build 26100 (10.0.26100.8246)
Time: Mon May  4 08:19:20 2026 Malay Peninsula Standard Time elapsed time: 3345.721165 seconds (0d 0h 55m 45s)

---------------  T H R E A D  ---------------

Current thread (0x000001e87b7e9210):  JavaThread "Attach Listener" daemon [_thread_in_vm, id=2096, stack(0x00000079bb100000,0x00000079bb200000) (1024K)]

Stack: [0x00000079bb100000,0x00000079bb200000]
Native frames: (J=compiled Java code, j=interpreted, Vv=VM code, C=native code)
V  [jvm.dll+0x6d7a39]
V  [jvm.dll+0x8b4b26]
V  [jvm.dll+0x8b70de]
V  [jvm.dll+0x8b77c3]
V  [jvm.dll+0x284346]
V  [jvm.dll+0xc1277]
V  [jvm.dll+0x6d82e9]
V  [jvm.dll+0x1334a6]
V  [jvm.dll+0x3f857e]
V  [jvm.dll+0x85f59d]
V  [jvm.dll+0x6d626d]
C  [ucrtbase.dll+0x37b0]
C  [KERNEL32.DLL+0x2e8d7]
C  [ntdll.dll+0x8c3fc]


---------------  P R O C E S S  ---------------

Threads class SMR info:
_java_thread_list=0x000001e85c6516b0, length=47, elements={
0x000001e87939a150, 0x000001e87f1ee0d0, 0x000001e87b7e2110, 0x000001e87b7e87b0,
0x000001e87b7e9210, 0x000001e87b7e9c70, 0x000001e87b7ea6d0, 0x000001e87b7eb510,
0x000001e87b7f81d0, 0x000001e8548591b0, 0x000001e8565cd220, 0x000001e856ac17d0,
0x000001e85b128780, 0x000001e8565a1320, 0x000001e8565a68d0, 0x000001e856bb5700,
0x000001e85b1cb2e0, 0x000001e856b3e890, 0x000001e85bda4140, 0x000001e85bda19e0,
0x000001e85bda3ab0, 0x000001e85bda2070, 0x000001e85bda2700, 0x000001e85deed090,
0x000001e85deeddb0, 0x000001e85deec370, 0x000001e85deed720, 0x000001e85deebce0,
0x000001e85deee440, 0x000001e85deeca00, 0x000001e85def1f50, 0x000001e85def18c0,
0x000001e85def0ba0, 0x000001e85deeead0, 0x000001e85deef7f0, 0x000001e85deef160,
0x000001e85def25e0, 0x000001e85def1230, 0x000001e85def2c70, 0x000001e85def3300,
0x000001e85deefe80, 0x000001e85def0510, 0x000001e85d5f10d0, 0x000001e85d5f2480,
0x000001e85d5ef000, 0x000001e85f15b1b0, 0x000001e85db28610
}

Java Threads: ( => current thread )
  0x000001e87939a150 JavaThread "main"                              [_thread_blocked, id=26568, stack(0x00000079baa00000,0x00000079bab00000) (1024K)]
  0x000001e87f1ee0d0 JavaThread "Reference Handler"          daemon [_thread_blocked, id=14652, stack(0x00000079bae00000,0x00000079baf00000) (1024K)]
  0x000001e87b7e2110 JavaThread "Finalizer"                  daemon [_thread_blocked, id=10488, stack(0x00000079baf00000,0x00000079bb000000) (1024K)]
  0x000001e87b7e87b0 JavaThread "Signal Dispatcher"          daemon [_thread_blocked, id=26048, stack(0x00000079bb000000,0x00000079bb100000) (1024K)]
=>0x000001e87b7e9210 JavaThread "Attach Listener"            daemon [_thread_in_vm, id=2096, stack(0x00000079bb100000,0x00000079bb200000) (1024K)]
  0x000001e87b7e9c70 JavaThread "Service Thread"             daemon [_thread_blocked, id=26252, stack(0x00000079bb200000,0x00000079bb300000) (1024K)]
  0x000001e87b7ea6d0 JavaThread "Monitor Deflation Thread"   daemon [_thread_blocked, id=3048, stack(0x00000079bb300000,0x00000079bb400000) (1024K)]
  0x000001e87b7eb510 JavaThread "C2 CompilerThread0"         daemon [_thread_blocked, id=26136, stack(0x00000079bb400000,0x00000079bb500000) (1024K)]
  0x000001e87b7f81d0 JavaThread "C1 CompilerThread0"         daemon [_thread_blocked, id=26140, stack(0x00000079bb500000,0x00000079bb600000) (1024K)]
  0x000001e8548591b0 JavaThread "Common-Cleaner"             daemon [_thread_blocked, id=5612, stack(0x00000079bb800000,0x00000079bb900000) (1024K)]
  0x000001e8565cd220 JavaThread "Notification Thread"        daemon [_thread_blocked, id=12848, stack(0x00000079bb700000,0x00000079bb800000) (1024K)]
  0x000001e856ac17d0 JavaThread "Active Thread: Equinox Container: 0756361b-5058-4d5e-b088-0a55728261a2"        [_thread_blocked, id=25196, stack(0x00000079bc200000,0x00000079bc300000) (1024K)]
  0x000001e85b128780 JavaThread "Refresh Thread: Equinox Container: 0756361b-5058-4d5e-b088-0a55728261a2" daemon [_thread_blocked, id=19560, stack(0x00000079bb900000,0x00000079bba00000) (1024K)]
  0x000001e8565a1320 JavaThread "Framework Event Dispatcher: Equinox Container: 0756361b-5058-4d5e-b088-0a55728261a2" daemon [_thread_blocked, id=14608, stack(0x00000079bbb00000,0x00000079bbc00000) (1024K)]
  0x000001e8565a68d0 JavaThread "Start Level: Equinox Container: 0756361b-5058-4d5e-b088-0a55728261a2" daemon [_thread_blocked, id=26132, stack(0x00000079bc400000,0x00000079bc500000) (1024K)]
  0x000001e856bb5700 JavaThread "Bundle File Closer"         daemon [_thread_blocked, id=22676, stack(0x00000079bc800000,0x00000079bc900000) (1024K)]
  0x000001e85b1cb2e0 JavaThread "SCR Component Actor"        daemon [_thread_blocked, id=25788, stack(0x00000079bc900000,0x00000079bca00000) (1024K)]
  0x000001e856b3e890 JavaThread "Worker-JM"                         [_thread_blocked, id=12340, stack(0x00000079bce00000,0x00000079bcf00000) (1024K)]
  0x000001e85bda4140 JavaThread "JNA Cleaner"                daemon [_thread_blocked, id=22576, stack(0x00000079bcb00000,0x00000079bcc00000) (1024K)]
  0x000001e85bda19e0 JavaThread "Java indexing"              daemon [_thread_blocked, id=6612, stack(0x00000079bd600000,0x00000079bd700000) (1024K)]
  0x000001e85bda3ab0 JavaThread "Worker-2"                          [_thread_blocked, id=14088, stack(0x00000079bd900000,0x00000079bda00000) (1024K)]
  0x000001e85bda2070 JavaThread "Thread-1"                   daemon [_thread_in_native, id=26120, stack(0x00000079bdd00000,0x00000079bde00000) (1024K)]
  0x000001e85bda2700 JavaThread "Thread-2"                   daemon [_thread_in_native, id=15124, stack(0x00000079bde00000,0x00000079bdf00000) (1024K)]
  0x000001e85deed090 JavaThread "Thread-3"                   daemon [_thread_in_native, id=25896, stack(0x00000079bdf00000,0x00000079be000000) (1024K)]
  0x000001e85deeddb0 JavaThread "Thread-4"                   daemon [_thread_in_native, id=14572, stack(0x00000079be000000,0x00000079be100000) (1024K)]
  0x000001e85deec370 JavaThread "Thread-5"                   daemon [_thread_in_native, id=25924, stack(0x00000079be100000,0x00000079be200000) (1024K)]
  0x000001e85deed720 JavaThread "Thread-6"                   daemon [_thread_in_native, id=12684, stack(0x00000079be200000,0x00000079be300000) (1024K)]
  0x000001e85deebce0 JavaThread "Thread-7"                   daemon [_thread_in_native, id=6572, stack(0x00000079be300000,0x00000079be400000) (1024K)]
  0x000001e85deee440 JavaThread "Thread-8"                   daemon [_thread_in_native, id=25172, stack(0x00000079be400000,0x00000079be500000) (1024K)]
  0x000001e85deeca00 JavaThread "Thread-9"                   daemon [_thread_in_native, id=25428, stack(0x00000079be500000,0x00000079be600000) (1024K)]
  0x000001e85def1f50 JavaThread "Thread-10"                  daemon [_thread_in_native, id=12224, stack(0x00000079be600000,0x00000079be700000) (1024K)]
  0x000001e85def18c0 JavaThread "Thread-11"                  daemon [_thread_in_native, id=25920, stack(0x00000079be700000,0x00000079be800000) (1024K)]
  0x000001e85def0ba0 JavaThread "Thread-12"                  daemon [_thread_in_native, id=24948, stack(0x00000079be800000,0x00000079be900000) (1024K)]
  0x000001e85deeead0 JavaThread "Thread-13"                  daemon [_thread_in_native, id=25820, stack(0x00000079be900000,0x00000079bea00000) (1024K)]
  0x000001e85deef7f0 JavaThread "Thread-14"                  daemon [_thread_in_native, id=22952, stack(0x00000079bea00000,0x00000079beb00000) (1024K)]
  0x000001e85deef160 JavaThread "Thread-15"                  daemon [_thread_in_native, id=22948, stack(0x00000079beb00000,0x00000079bec00000) (1024K)]
  0x000001e85def25e0 JavaThread "Thread-16"                  daemon [_thread_in_native, id=22944, stack(0x00000079bec00000,0x00000079bed00000) (1024K)]
  0x000001e85def1230 JavaThread "Thread-17"                  daemon [_thread_in_native, id=11168, stack(0x00000079bed00000,0x00000079bee00000) (1024K)]
  0x000001e85def2c70 JavaThread "Thread-18"                  daemon [_thread_in_native, id=23080, stack(0x00000079bee00000,0x00000079bef00000) (1024K)]
  0x000001e85def3300 JavaThread "Thread-19"                  daemon [_thread_in_native, id=23072, stack(0x00000079bef00000,0x00000079bf000000) (1024K)]
  0x000001e85deefe80 JavaThread "Thread-20"                  daemon [_thread_in_native, id=20688, stack(0x00000079bf000000,0x00000079bf100000) (1024K)]
  0x000001e85def0510 JavaThread "Thread-21"                  daemon [_thread_in_native, id=12444, stack(0x00000079bf100000,0x00000079bf200000) (1024K)]
  0x000001e85d5f10d0 JavaThread "pool-2-thread-1"                   [_thread_blocked, id=23204, stack(0x00000079bf200000,0x00000079bf300000) (1024K)]
  0x000001e85d5f2480 JavaThread "WorkspaceEventsHandler"            [_thread_blocked, id=2484, stack(0x00000079bf400000,0x00000079bf500000) (1024K)]
  0x000001e85d5ef000 JavaThread "pool-1-thread-1"                   [_thread_blocked, id=26608, stack(0x00000079bf500000,0x00000079bf600000) (1024K)]
  0x000001e85f15b1b0 JavaThread "Timer-0"                           [_thread_blocked, id=22272, stack(0x00000079bf300000,0x00000079bf400000) (1024K)]
  0x000001e85db28610 JavaThread "Worker-6"                          [_thread_blocked, id=12092, stack(0x00000079ba900000,0x00000079baa00000) (1024K)]
Total: 47

Other Threads:
  0x000001e87f1d4930 VMThread "VM Thread"                           [id=3004, stack(0x00000079bad00000,0x00000079bae00000) (1024K)]
  0x000001e87f0cca00 WatcherThread "VM Periodic Task Thread"        [id=26228, stack(0x00000079bac00000,0x00000079bad00000) (1024K)]
  0x000001e87b75ca50 WorkerThread "GC Thread#0"                     [id=23796, stack(0x00000079bab00000,0x00000079bac00000) (1024K)]
  0x000001e856d12e80 WorkerThread "GC Thread#1"                     [id=25504, stack(0x00000079bbc00000,0x00000079bbd00000) (1024K)]
  0x000001e85b0caac0 WorkerThread "GC Thread#2"                     [id=25180, stack(0x00000079bbd00000,0x00000079bbe00000) (1024K)]
  0x000001e85b0cae70 WorkerThread "GC Thread#3"                     [id=20996, stack(0x00000079bbe00000,0x00000079bbf00000) (1024K)]
  0x000001e85b0cb220 WorkerThread "GC Thread#4"                     [id=12748, stack(0x00000079bbf00000,0x00000079bc000000) (1024K)]
  0x000001e85b0cb5d0 WorkerThread "GC Thread#5"                     [id=20788, stack(0x00000079bc000000,0x00000079bc100000) (1024K)]
  0x000001e85b0cb980 WorkerThread "GC Thread#6"                     [id=20772, stack(0x00000079bc100000,0x00000079bc200000) (1024K)]
  0x000001e85b1347e0 WorkerThread "GC Thread#7"                     [id=20692, stack(0x00000079bc300000,0x00000079bc400000) (1024K)]
  0x000001e85b02a820 WorkerThread "GC Thread#8"                     [id=21384, stack(0x00000079bb600000,0x00000079bb700000) (1024K)]
  0x000001e85b02abd0 WorkerThread "GC Thread#9"                     [id=11348, stack(0x00000079bba00000,0x00000079bbb00000) (1024K)]
  0x000001e85b018070 WorkerThread "GC Thread#10"                    [id=10492, stack(0x00000079bc500000,0x00000079bc600000) (1024K)]
  0x000001e85b3ddaa0 WorkerThread "GC Thread#11"                    [id=22328, stack(0x00000079bcf00000,0x00000079bd000000) (1024K)]
  0x000001e856bf7cf0 WorkerThread "GC Thread#12"                    [id=23916, stack(0x00000079bd000000,0x00000079bd100000) (1024K)]
  0x000001e85b2a7f00 WorkerThread "GC Thread#13"                    [id=8856, stack(0x00000079bd200000,0x00000079bd300000) (1024K)]
  0x000001e85b2a73f0 WorkerThread "GC Thread#14"                    [id=26108, stack(0x00000079bd300000,0x00000079bd400000) (1024K)]
Total: 17

Threads with active compile tasks:
Total: 0

VM state: not at safepoint (normal execution)

VM Mutex/Monitor currently owned by a thread: None

Heap address: 0x0000000080000000, size: 2048 MB, Compressed Oops mode: 32-bit

CDS archive(s) mapped at: [0x000001e813000000-0x000001e813ba0000-0x000001e813ba0000), size 12189696, SharedBaseAddress: 0x000001e813000000, ArchiveRelocationMode: 1.
Compressed class space mapped at: 0x000001e814000000-0x000001e854000000, reserved size: 1073741824
Narrow klass base: 0x000001e813000000, Narrow klass shift: 0, Narrow klass range: 0x100000000

GC Precious Log:
 CardTable entry size: 512
 CPUs: 20 total, 20 available
 Memory: 7911M
 Large Page Support: Disabled
 NUMA Support: Disabled
 Compressed Oops: Enabled (32-bit)
 Alignments: Space 512K, Generation 512K, Heap 2M
 Heap Min Capacity: 100M
 Heap Initial Capacity: 100M
 Heap Max Capacity: 2G
 Pre-touch: Disabled
 Parallel Workers: 15

Heap:
 PSYoungGen      total 31232K, used 17144K [0x00000000d5580000, 0x00000000d8500000, 0x0000000100000000)
  eden space 30720K, 54% used [0x00000000d5580000,0x00000000d65de0b8,0x00000000d7380000)
  from space 512K, 75% used [0x00000000d8480000,0x00000000d84e0000,0x00000000d8500000)
  to   space 512K, 0% used [0x00000000d8400000,0x00000000d8400000,0x00000000d8480000)
 ParOldGen       total 1279488K, used 1279343K [0x0000000080000000, 0x00000000ce180000, 0x00000000d5580000)
  object space 1279488K, 99% used [0x0000000080000000,0x00000000ce15be80,0x00000000ce180000)
 Metaspace       used 90311K, committed 92224K, reserved 1179648K
  class space    used 11350K, committed 12224K, reserved 1048576K

Card table byte_map: [0x000001e87b110000,0x000001e87b520000] _byte_map_base: 0x000001e87ad10000

Marking Bits: (ParMarkBitMap*) 0x00007ffbbf1e3450
 Begin Bits: [0x000001e80f000000, 0x000001e811000000)
 End Bits:   [0x000001e811000000, 0x000001e813000000)

Polling page: 0x000001e87af00000

Metaspace:

Usage:
  Non-class:     77.11 MB used.
      Class:     11.08 MB used.
       Both:     88.20 MB used.

Virtual space:
  Non-class space:      128.00 MB reserved,      78.12 MB ( 61%) committed,  2 nodes.
      Class space:        1.00 GB reserved,      11.94 MB (  1%) committed,  1 nodes.
             Both:        1.12 GB reserved,      90.06 MB (  8%) committed. 

Chunk freelists:
   Non-Class:  1.75 MB
       Class:  3.92 MB
        Both:  5.67 MB

MaxMetaspaceSize: unlimited
CompressedClassSpaceSize: 1.00 GB
Initial GC threshold: 21.00 MB
Current GC threshold: 97.31 MB
CDS: on
 - commit_granule_bytes: 65536.
 - commit_granule_words: 8192.
 - virtual_space_node_default_size: 8388608.
 - enlarge_chunks_in_place: 1.
 - use_allocation_guard: 0.


Internal statistics:

num_allocs_failed_limit: 9.
num_arena_births: 1748.
num_arena_deaths: 14.
num_vsnodes_births: 3.
num_vsnodes_deaths: 0.
num_space_committed: 1441.
num_space_uncommitted: 0.
num_chunks_returned_to_freelist: 23.
num_chunks_taken_from_freelist: 5590.
num_chunk_merges: 15.
num_chunk_splits: 3663.
num_chunks_enlarged: 2402.
num_inconsistent_stats: 0.

CodeHeap 'non-profiled nmethods': size=119168Kb used=15052Kb max_used=15052Kb free=104115Kb
 bounds [0x000001e807ba0000, 0x000001e808a60000, 0x000001e80f000000]
CodeHeap 'profiled nmethods': size=119104Kb used=29646Kb max_used=29646Kb free=89457Kb
 bounds [0x000001e800000000, 0x000001e801d00000, 0x000001e807450000]
CodeHeap 'non-nmethods': size=7488Kb used=1463Kb max_used=3252Kb free=6024Kb
 bounds [0x000001e807450000, 0x000001e8077c0000, 0x000001e807ba0000]
CodeCache: size=245760Kb, used=46161Kb, max_used=47950Kb, free=199596Kb
 total_blobs=14397, nmethods=13620, adapters=682, full_count=0
Compilation: enabled, stopped_count=0, restarted_count=0

Compilation events (20 events):
Event: 1699.500 Thread 0x000001e87b7f81d0 14456       1       com.sun.jna.internal.Cleaner::access$100 (5 bytes)
Event: 1699.503 Thread 0x000001e87b7f81d0 nmethod 14456 0x000001e808a51910 code [0x000001e808a51aa0, 0x000001e808a51b50]
Event: 2312.394 Thread 0x000001e87b7f81d0 14457       1       org.eclipse.osgi.internal.framework.EquinoxContainer::getStorage (5 bytes)
Event: 2312.409 Thread 0x000001e87b7f81d0 nmethod 14457 0x000001e808a51c10 code [0x000001e808a51da0, 0x000001e808a51e68]
Event: 2376.224 Thread 0x000001e87b7eb510 14458   !   4       java.lang.Object::wait (50 bytes)
Event: 2376.283 Thread 0x000001e87b7eb510 nmethod 14458 0x000001e808a51f10 code [0x000001e808a520e0, 0x000001e808a522a0]
Event: 2581.065 Thread 0x000001e87b7f81d0 14459       3       org.eclipse.jdt.ls.core.internal.ParentProcessWatcher::run (83 bytes)
Event: 2581.098 Thread 0x000001e87b7f81d0 nmethod 14459 0x000001e801cf1110 code [0x000001e801cf13a0, 0x000001e801cf1e30]
Event: 2581.098 Thread 0x000001e87b7f81d0 14460       3       org.eclipse.jdt.ls.core.internal.ParentProcessWatcher::parentProcessStillRunning (62 bytes)
Event: 2581.103 Thread 0x000001e87b7f81d0 nmethod 14460 0x000001e801cf2190 code [0x000001e801cf23c0, 0x000001e801cf2ac8]
Event: 2711.215 Thread 0x000001e87b7eb510 14461       4       java.util.TaskQueue::rescheduleMin (16 bytes)
Event: 2711.222 Thread 0x000001e87b7eb510 nmethod 14461 0x000001e808a52510 code [0x000001e808a526a0, 0x000001e808a527b0]
Event: 2711.222 Thread 0x000001e87b7eb510 14462       4       org.eclipse.buildship.core.internal.util.progress.RateLimitingProgressMonitor$1::run (55 bytes)
Event: 2711.256 Thread 0x000001e87b7eb510 nmethod 14462 0x000001e808a52910 code [0x000001e808a52ac0, 0x000001e808a52c50]
Event: 2721.158 Thread 0x000001e87b7f81d0 14463       3       java.lang.ProcessHandleImpl::<init> (15 bytes)
Event: 2721.158 Thread 0x000001e87b7f81d0 nmethod 14463 0x000001e801cf2d10 code [0x000001e801cf2ec0, 0x000001e801cf3030]
Event: 2898.446 Thread 0x000001e87b7f81d0 14464  s!   3       org.eclipse.core.internal.jobs.WorkerPool::sleep (124 bytes)
Event: 2898.450 Thread 0x000001e87b7f81d0 nmethod 14464 0x000001e801cf3110 code [0x000001e801cf3320, 0x000001e801cf3838]
Event: 3221.554 Thread 0x000001e87b7eb510 14465       4       java.util.concurrent.ScheduledThreadPoolExecutor::canRunInCurrentRunState (61 bytes)
Event: 3221.602 Thread 0x000001e87b7eb510 nmethod 14465 0x000001e808a52e10 code [0x000001e808a52fc0, 0x000001e808a53168]

GC Heap History (20 events):
Event: 815.593 GC heap before
{Heap before GC invocations=1178 (full 3):
 PSYoungGen      total 37888K, used 37786K [0x00000000d5580000, 0x00000000d8500000, 0x0000000100000000)
  eden space 37376K, 99% used [0x00000000d5580000,0x00000000d79f6878,0x00000000d7a00000)
  from space 512K, 87% used [0x00000000d8480000,0x00000000d84f0000,0x00000000d8500000)
  to   space 512K, 0% used [0x00000000d8400000,0x00000000d8400000,0x00000000d8480000)
 ParOldGen       total 1278464K, used 1278100K [0x0000000080000000, 0x00000000ce080000, 0x00000000d5580000)
  object space 1278464K, 99% used [0x0000000080000000,0x00000000ce025380,0x00000000ce080000)
 Metaspace       used 90290K, committed 92160K, reserved 1179648K
  class space    used 11349K, committed 12224K, reserved 1048576K
}
Event: 815.594 GC heap after
{Heap after GC invocations=1178 (full 3):
 PSYoungGen      total 36864K, used 448K [0x00000000d5580000, 0x00000000d8500000, 0x0000000100000000)
  eden space 36352K, 0% used [0x00000000d5580000,0x00000000d5580000,0x00000000d7900000)
  from space 512K, 87% used [0x00000000d8400000,0x00000000d8470000,0x00000000d8480000)
  to   space 512K, 0% used [0x00000000d8480000,0x00000000d8480000,0x00000000d8500000)
 ParOldGen       total 1278464K, used 1278255K [0x0000000080000000, 0x00000000ce080000, 0x00000000d5580000)
  object space 1278464K, 99% used [0x0000000080000000,0x00000000ce04bdf0,0x00000000ce080000)
 Metaspace       used 90290K, committed 92160K, reserved 1179648K
  class space    used 11349K, committed 12224K, reserved 1048576K
}
Event: 815.639 GC heap before
{Heap before GC invocations=1179 (full 3):
 PSYoungGen      total 36864K, used 35068K [0x00000000d5580000, 0x00000000d8500000, 0x0000000100000000)
  eden space 36352K, 95% used [0x00000000d5580000,0x00000000d774f068,0x00000000d7900000)
  from space 512K, 87% used [0x00000000d8400000,0x00000000d8470000,0x00000000d8480000)
  to   space 512K, 0% used [0x00000000d8480000,0x00000000d8480000,0x00000000d8500000)
 ParOldGen       total 1278464K, used 1278255K [0x0000000080000000, 0x00000000ce080000, 0x00000000d5580000)
  object space 1278464K, 99% used [0x0000000080000000,0x00000000ce04bdf0,0x00000000ce080000)
 Metaspace       used 90290K, committed 92160K, reserved 1179648K
  class space    used 11349K, committed 12224K, reserved 1048576K
}
Event: 815.643 GC heap after
{Heap after GC invocations=1179 (full 3):
 PSYoungGen      total 35840K, used 416K [0x00000000d5580000, 0x00000000d8500000, 0x0000000100000000)
  eden space 35328K, 0% used [0x00000000d5580000,0x00000000d5580000,0x00000000d7800000)
  from space 512K, 81% used [0x00000000d8480000,0x00000000d84e8000,0x00000000d8500000)
  to   space 512K, 0% used [0x00000000d8400000,0x00000000d8400000,0x00000000d8480000)
 ParOldGen       total 1278464K, used 1278416K [0x0000000080000000, 0x00000000ce080000, 0x00000000d5580000)
  object space 1278464K, 99% used [0x0000000080000000,0x00000000ce0742a0,0x00000000ce080000)
 Metaspace       used 90290K, committed 92160K, reserved 1179648K
  class space    used 11349K, committed 12224K, reserved 1048576K
}
Event: 815.761 GC heap before
{Heap before GC invocations=1180 (full 3):
 PSYoungGen      total 35840K, used 35105K [0x00000000d5580000, 0x00000000d8500000, 0x0000000100000000)
  eden space 35328K, 98% used [0x00000000d5580000,0x00000000d7760680,0x00000000d7800000)
  from space 512K, 81% used [0x00000000d8480000,0x00000000d84e8000,0x00000000d8500000)
  to   space 512K, 0% used [0x00000000d8400000,0x00000000d8400000,0x00000000d8480000)
 ParOldGen       total 1278464K, used 1278416K [0x0000000080000000, 0x00000000ce080000, 0x00000000d5580000)
  object space 1278464K, 99% used [0x0000000080000000,0x00000000ce0742a0,0x00000000ce080000)
 Metaspace       used 90294K, committed 92160K, reserved 1179648K
  class space    used 11350K, committed 12224K, reserved 1048576K
}
Event: 815.763 GC heap after
{Heap after GC invocations=1180 (full 3):
 PSYoungGen      total 34816K, used 480K [0x00000000d5580000, 0x00000000d8500000, 0x0000000100000000)
  eden space 34304K, 0% used [0x00000000d5580000,0x00000000d5580000,0x00000000d7700000)
  from space 512K, 93% used [0x00000000d8400000,0x00000000d8478000,0x00000000d8480000)
  to   space 512K, 0% used [0x00000000d8480000,0x00000000d8480000,0x00000000d8500000)
 ParOldGen       total 1278976K, used 1278536K [0x0000000080000000, 0x00000000ce100000, 0x00000000d5580000)
  object space 1278976K, 99% used [0x0000000080000000,0x00000000ce0922a0,0x00000000ce100000)
 Metaspace       used 90294K, committed 92160K, reserved 1179648K
  class space    used 11350K, committed 12224K, reserved 1048576K
}
Event: 815.816 GC heap before
{Heap before GC invocations=1181 (full 3):
 PSYoungGen      total 34816K, used 34784K [0x00000000d5580000, 0x00000000d8500000, 0x0000000100000000)
  eden space 34304K, 100% used [0x00000000d5580000,0x00000000d7700000,0x00000000d7700000)
  from space 512K, 93% used [0x00000000d8400000,0x00000000d8478000,0x00000000d8480000)
  to   space 512K, 0% used [0x00000000d8480000,0x00000000d8480000,0x00000000d8500000)
 ParOldGen       total 1278976K, used 1278536K [0x0000000080000000, 0x00000000ce100000, 0x00000000d5580000)
  object space 1278976K, 99% used [0x0000000080000000,0x00000000ce0922a0,0x00000000ce100000)
 Metaspace       used 90294K, committed 92160K, reserved 1179648K
  class space    used 11350K, committed 12224K, reserved 1048576K
}
Event: 815.817 GC heap after
{Heap after GC invocations=1181 (full 3):
 PSYoungGen      total 34304K, used 384K [0x00000000d5580000, 0x00000000d8500000, 0x0000000100000000)
  eden space 33792K, 0% used [0x00000000d5580000,0x00000000d5580000,0x00000000d7680000)
  from space 512K, 75% used [0x00000000d8480000,0x00000000d84e0000,0x00000000d8500000)
  to   space 512K, 0% used [0x00000000d8400000,0x00000000d8400000,0x00000000d8480000)
 ParOldGen       total 1278976K, used 1278664K [0x0000000080000000, 0x00000000ce100000, 0x00000000d5580000)
  object space 1278976K, 99% used [0x0000000080000000,0x00000000ce0b22a0,0x00000000ce100000)
 Metaspace       used 90294K, committed 92160K, reserved 1179648K
  class space    used 11350K, committed 12224K, reserved 1048576K
}
Event: 815.853 GC heap before
{Heap before GC invocations=1182 (full 3):
 PSYoungGen      total 34304K, used 32627K [0x00000000d5580000, 0x00000000d8500000, 0x0000000100000000)
  eden space 33792K, 95% used [0x00000000d5580000,0x00000000d74fcf00,0x00000000d7680000)
  from space 512K, 75% used [0x00000000d8480000,0x00000000d84e0000,0x00000000d8500000)
  to   space 512K, 0% used [0x00000000d8400000,0x00000000d8400000,0x00000000d8480000)
 ParOldGen       total 1278976K, used 1278664K [0x0000000080000000, 0x00000000ce100000, 0x00000000d5580000)
  object space 1278976K, 99% used [0x0000000080000000,0x00000000ce0b22a0,0x00000000ce100000)
 Metaspace       used 90294K, committed 92160K, reserved 1179648K
  class space    used 11350K, committed 12224K, reserved 1048576K
}
Event: 815.854 GC heap after
{Heap after GC invocations=1182 (full 3):
 PSYoungGen      total 33792K, used 384K [0x00000000d5580000, 0x00000000d8500000, 0x0000000100000000)
  eden space 33280K, 0% used [0x00000000d5580000,0x00000000d5580000,0x00000000d7600000)
  from space 512K, 75% used [0x00000000d8400000,0x00000000d8460000,0x00000000d8480000)
  to   space 512K, 0% used [0x00000000d8480000,0x00000000d8480000,0x00000000d8500000)
 ParOldGen       total 1278976K, used 1278774K [0x0000000080000000, 0x00000000ce100000, 0x00000000d5580000)
  object space 1278976K, 99% used [0x0000000080000000,0x00000000ce0cdaa0,0x00000000ce100000)
 Metaspace       used 90294K, committed 92160K, reserved 1179648K
  class space    used 11350K, committed 12224K, reserved 1048576K
}
Event: 815.884 GC heap before
{Heap before GC invocations=1183 (full 3):
 PSYoungGen      total 33792K, used 32388K [0x00000000d5580000, 0x00000000d8500000, 0x0000000100000000)
  eden space 33280K, 96% used [0x00000000d5580000,0x00000000d74c1008,0x00000000d7600000)
  from space 512K, 75% used [0x00000000d8400000,0x00000000d8460000,0x00000000d8480000)
  to   space 512K, 0% used [0x00000000d8480000,0x00000000d8480000,0x00000000d8500000)
 ParOldGen       total 1278976K, used 1278774K [0x0000000080000000, 0x00000000ce100000, 0x00000000d5580000)
  object space 1278976K, 99% used [0x0000000080000000,0x00000000ce0cdaa0,0x00000000ce100000)
 Metaspace       used 90294K, committed 92160K, reserved 1179648K
  class space    used 11350K, committed 12224K, reserved 1048576K
}
Event: 815.886 GC heap after
{Heap after GC invocations=1183 (full 3):
 PSYoungGen      total 33280K, used 416K [0x00000000d5580000, 0x00000000d8500000, 0x0000000100000000)
  eden space 32768K, 0% used [0x00000000d5580000,0x00000000d5580000,0x00000000d7580000)
  from space 512K, 81% used [0x00000000d8480000,0x00000000d84e8000,0x00000000d8500000)
  to   space 512K, 0% used [0x00000000d8400000,0x00000000d8400000,0x00000000d8480000)
 ParOldGen       total 1278976K, used 1278878K [0x0000000080000000, 0x00000000ce100000, 0x00000000d5580000)
  object space 1278976K, 99% used [0x0000000080000000,0x00000000ce0e7aa0,0x00000000ce100000)
 Metaspace       used 90294K, committed 92160K, reserved 1179648K
  class space    used 11350K, committed 12224K, reserved 1048576K
}
Event: 815.918 GC heap before
{Heap before GC invocations=1184 (full 3):
 PSYoungGen      total 33280K, used 32245K [0x00000000d5580000, 0x00000000d8500000, 0x0000000100000000)
  eden space 32768K, 97% used [0x00000000d5580000,0x00000000d74956a8,0x00000000d7580000)
  from space 512K, 81% used [0x00000000d8480000,0x00000000d84e8000,0x00000000d8500000)
  to   space 512K, 0% used [0x00000000d8400000,0x00000000d8400000,0x00000000d8480000)
 ParOldGen       total 1278976K, used 1278878K [0x0000000080000000, 0x00000000ce100000, 0x00000000d5580000)
  object space 1278976K, 99% used [0x0000000080000000,0x00000000ce0e7aa0,0x00000000ce100000)
 Metaspace       used 90294K, committed 92160K, reserved 1179648K
  class space    used 11350K, committed 12224K, reserved 1048576K
}
Event: 815.922 GC heap after
{Heap after GC invocations=1184 (full 3):
 PSYoungGen      total 32768K, used 416K [0x00000000d5580000, 0x00000000d8500000, 0x0000000100000000)
  eden space 32256K, 0% used [0x00000000d5580000,0x00000000d5580000,0x00000000d7500000)
  from space 512K, 81% used [0x00000000d8400000,0x00000000d8468000,0x00000000d8480000)
  to   space 512K, 0% used [0x00000000d8480000,0x00000000d8480000,0x00000000d8500000)
 ParOldGen       total 1279488K, used 1279013K [0x0000000080000000, 0x00000000ce180000, 0x00000000d5580000)
  object space 1279488K, 99% used [0x0000000080000000,0x00000000ce1097e0,0x00000000ce180000)
 Metaspace       used 90294K, committed 92160K, reserved 1179648K
  class space    used 11350K, committed 12224K, reserved 1048576K
}
Event: 815.952 GC heap before
{Heap before GC invocations=1185 (full 3):
 PSYoungGen      total 32768K, used 31993K [0x00000000d5580000, 0x00000000d8500000, 0x0000000100000000)
  eden space 32256K, 97% used [0x00000000d5580000,0x00000000d7456458,0x00000000d7500000)
  from space 512K, 81% used [0x00000000d8400000,0x00000000d8468000,0x00000000d8480000)
  to   space 512K, 0% used [0x00000000d8480000,0x00000000d8480000,0x00000000d8500000)
 ParOldGen       total 1279488K, used 1279013K [0x0000000080000000, 0x00000000ce180000, 0x00000000d5580000)
  object space 1279488K, 99% used [0x0000000080000000,0x00000000ce1097e0,0x00000000ce180000)
 Metaspace       used 90294K, committed 92160K, reserved 1179648K
  class space    used 11350K, committed 12224K, reserved 1048576K
}
Event: 815.954 GC heap after
{Heap after GC invocations=1185 (full 3):
 PSYoungGen      total 32256K, used 352K [0x00000000d5580000, 0x00000000d8500000, 0x0000000100000000)
  eden space 31744K, 0% used [0x00000000d5580000,0x00000000d5580000,0x00000000d7480000)
  from space 512K, 68% used [0x00000000d8480000,0x00000000d84d8000,0x00000000d8500000)
  to   space 512K, 0% used [0x00000000d8400000,0x00000000d8400000,0x00000000d8480000)
 ParOldGen       total 1279488K, used 1279117K [0x0000000080000000, 0x00000000ce180000, 0x00000000d5580000)
  object space 1279488K, 99% used [0x0000000080000000,0x00000000ce1237f0,0x00000000ce180000)
 Metaspace       used 90294K, committed 92160K, reserved 1179648K
  class space    used 11350K, committed 12224K, reserved 1048576K
}
Event: 815.982 GC heap before
{Heap before GC invocations=1186 (full 3):
 PSYoungGen      total 32256K, used 30164K [0x00000000d5580000, 0x00000000d8500000, 0x0000000100000000)
  eden space 31744K, 93% used [0x00000000d5580000,0x00000000d729d308,0x00000000d7480000)
  from space 512K, 68% used [0x00000000d8480000,0x00000000d84d8000,0x00000000d8500000)
  to   space 512K, 0% used [0x00000000d8400000,0x00000000d8400000,0x00000000d8480000)
 ParOldGen       total 1279488K, used 1279117K [0x0000000080000000, 0x00000000ce180000, 0x00000000d5580000)
  object space 1279488K, 99% used [0x0000000080000000,0x00000000ce1237f0,0x00000000ce180000)
 Metaspace       used 90294K, committed 92160K, reserved 1179648K
  class space    used 11350K, committed 12224K, reserved 1048576K
}
Event: 815.985 GC heap after
{Heap after GC invocations=1186 (full 3):
 PSYoungGen      total 31744K, used 416K [0x00000000d5580000, 0x00000000d8500000, 0x0000000100000000)
  eden space 31232K, 0% used [0x00000000d5580000,0x00000000d5580000,0x00000000d7400000)
  from space 512K, 81% used [0x00000000d8400000,0x00000000d8468000,0x00000000d8480000)
  to   space 512K, 0% used [0x00000000d8480000,0x00000000d8480000,0x00000000d8500000)
 ParOldGen       total 1279488K, used 1279221K [0x0000000080000000, 0x00000000ce180000, 0x00000000d5580000)
  object space 1279488K, 99% used [0x0000000080000000,0x00000000ce13d7f0,0x00000000ce180000)
 Metaspace       used 90294K, committed 92160K, reserved 1179648K
  class space    used 11350K, committed 12224K, reserved 1048576K
}
Event: 816.014 GC heap before
{Heap before GC invocations=1187 (full 3):
 PSYoungGen      total 31744K, used 30228K [0x00000000d5580000, 0x00000000d8500000, 0x0000000100000000)
  eden space 31232K, 95% used [0x00000000d5580000,0x00000000d729d200,0x00000000d7400000)
  from space 512K, 81% used [0x00000000d8400000,0x00000000d8468000,0x00000000d8480000)
  to   space 512K, 0% used [0x00000000d8480000,0x00000000d8480000,0x00000000d8500000)
 ParOldGen       total 1279488K, used 1279221K [0x0000000080000000, 0x00000000ce180000, 0x00000000d5580000)
  object space 1279488K, 99% used [0x0000000080000000,0x00000000ce13d7f0,0x00000000ce180000)
 Metaspace       used 90294K, committed 92160K, reserved 1179648K
  class space    used 11350K, committed 12224K, reserved 1048576K
}
Event: 816.018 GC heap after
{Heap after GC invocations=1187 (full 3):
 PSYoungGen      total 31232K, used 384K [0x00000000d5580000, 0x00000000d8500000, 0x0000000100000000)
  eden space 30720K, 0% used [0x00000000d5580000,0x00000000d5580000,0x00000000d7380000)
  from space 512K, 75% used [0x00000000d8480000,0x00000000d84e0000,0x00000000d8500000)
  to   space 512K, 0% used [0x00000000d8400000,0x00000000d8400000,0x00000000d8480000)
 ParOldGen       total 1279488K, used 1279343K [0x0000000080000000, 0x00000000ce180000, 0x00000000d5580000)
  object space 1279488K, 99% used [0x0000000080000000,0x00000000ce15be80,0x00000000ce180000)
 Metaspace       used 90294K, committed 92160K, reserved 1179648K
  class space    used 11350K, committed 12224K, reserved 1048576K
}

Dll operation events (18 events):
Event: 0.017 Loaded shared library c:\Users\jibri\.antigravity\extensions\redhat.java-1.54.0-win32-x64\jre\21.0.10-win32-x86_64\bin\java.dll
Event: 0.086 Loaded shared library c:\Users\jibri\.antigravity\extensions\redhat.java-1.54.0-win32-x64\jre\21.0.10-win32-x86_64\bin\zip.dll
Event: 0.108 Loaded shared library C:\Users\jibri\.antigravity\extensions\redhat.java-1.54.0-win32-x64\jre\21.0.10-win32-x86_64\bin\instrument.dll
Event: 0.116 Loaded shared library C:\Users\jibri\.antigravity\extensions\redhat.java-1.54.0-win32-x64\jre\21.0.10-win32-x86_64\bin\net.dll
Event: 0.123 Loaded shared library C:\Users\jibri\.antigravity\extensions\redhat.java-1.54.0-win32-x64\jre\21.0.10-win32-x86_64\bin\nio.dll
Event: 0.129 Loaded shared library C:\Users\jibri\.antigravity\extensions\redhat.java-1.54.0-win32-x64\jre\21.0.10-win32-x86_64\bin\zip.dll
Event: 0.151 Loaded shared library C:\Users\jibri\.antigravity\extensions\redhat.java-1.54.0-win32-x64\jre\21.0.10-win32-x86_64\bin\jimage.dll
Event: 0.359 Loaded shared library c:\Users\jibri\.antigravity\extensions\redhat.java-1.54.0-win32-x64\jre\21.0.10-win32-x86_64\bin\verify.dll
Event: 9.095 Loaded shared library C:\Users\jibri\AppData\Roaming\Antigravity\User\globalStorage\redhat.java\1.54.0\config_win\org.eclipse.equinox.launcher\org.eclipse.equinox.launcher.win32.win32.x86_64_1.3.0.v20260203-2149\eclipse_11919.dll
Event: 17.734 Loaded shared library C:\Users\jibri\AppData\Local\Temp\jna-101119098\jna17833958502763152377.dll
Event: 36.272 Loaded shared library C:\Users\jibri\.gradle\native\1def1411415f61bf3af743bc5b6707747c0891f09f0c88961ee8f79bc544acac\windows-amd64\native-platform.dll
Event: 46.903 Loaded shared library C:\Users\jibri\.antigravity\extensions\redhat.java-1.54.0-win32-x64\jre\21.0.10-win32-x86_64\bin\management.dll
Event: 46.928 Loaded shared library C:\Users\jibri\.antigravity\extensions\redhat.java-1.54.0-win32-x64\jre\21.0.10-win32-x86_64\bin\management_ext.dll
Event: 47.043 Loaded shared library C:\Users\jibri\.antigravity\extensions\redhat.java-1.54.0-win32-x64\jre\21.0.10-win32-x86_64\bin\sunmscapi.dll
Event: 47.279 Loaded shared library C:\Users\jibri\.antigravity\extensions\redhat.java-1.54.0-win32-x64\jre\21.0.10-win32-x86_64\bin\extnet.dll
Event: 124.708 Loaded shared library C:\Users\jibri\.gradle\native\c067742578af261105cb4f569cf0c3c89f3d7b1fecec35dd04571415982c5e48\windows-amd64\native-platform.dll
Event: 182.270 Loaded shared library C:\Users\jibri\.gradle\native\29\windows-amd64\native-platform.dll
Event: 213.879 Loaded shared library C:\Users\jibri\.gradle\native\e1d6ef7f7dcc3fd88c89a11ec53ec762bb8ba0a96d01ffa2cd45eb1d1d8dd5c5\windows-amd64\native-platform.dll

Deoptimization events (20 events):
Event: 815.042 Thread 0x000001e85f15f9e0 DEOPT PACKING pc=0x000001e807be13b8 sp=0x00000079c0cfeea0
Event: 815.042 Thread 0x000001e85d5ef690 DEOPT PACKING pc=0x000001e807be13b8 sp=0x00000079bc7fede0
Event: 815.042 Thread 0x000001e85d5efd20 DEOPT PACKING pc=0x000001e807be13b8 sp=0x00000079bcdfede0
Event: 815.042 Thread 0x000001e85d5f3830 DEOPT UNPACKING pc=0x000001e8074a3aa2 sp=0x00000079bd1fe998 mode 2
Event: 815.042 Thread 0x000001e85f161ab0 DEOPT UNPACKING pc=0x000001e8074a3aa2 sp=0x00000079c0ffea18 mode 2
Event: 815.042 Thread 0x000001e8610819c0 DEOPT PACKING pc=0x000001e807be13b8 sp=0x00000079c17fed20
Event: 815.042 Thread 0x000001e85d5ef690 DEOPT UNPACKING pc=0x000001e8074a3aa2 sp=0x00000079bc7fed18 mode 2
Event: 815.042 Thread 0x000001e85d5f1760 DEOPT PACKING pc=0x000001e807be13b8 sp=0x00000079bcafeaf0
Event: 815.042 Thread 0x000001e85f160700 DEOPT PACKING pc=0x000001e807be13b8 sp=0x00000079c0dfef10
Event: 815.042 Thread 0x000001e85f160700 DEOPT UNPACKING pc=0x000001e8074a3aa2 sp=0x00000079c0dfee48 mode 2
Event: 815.042 Thread 0x000001e8610819c0 DEOPT UNPACKING pc=0x000001e8074a3aa2 sp=0x00000079c17fec58 mode 2
Event: 815.042 Thread 0x000001e85bda3420 DEOPT PACKING pc=0x000001e807be13b8 sp=0x00000079ba7febd0
Event: 815.042 Thread 0x000001e85f15f9e0 DEOPT UNPACKING pc=0x000001e8074a3aa2 sp=0x00000079c0cfedd8 mode 2
Event: 815.042 Thread 0x000001e85bda3420 DEOPT UNPACKING pc=0x000001e8074a3aa2 sp=0x00000079ba7feb08 mode 2
Event: 815.043 Thread 0x000001e85d5f1760 DEOPT UNPACKING pc=0x000001e8074a3aa2 sp=0x00000079bcafea28 mode 2
Event: 815.043 Thread 0x000001e86107f260 DEOPT PACKING pc=0x000001e807be13b8 sp=0x00000079c13fed20
Event: 815.043 Thread 0x000001e85d5efd20 DEOPT UNPACKING pc=0x000001e8074a3aa2 sp=0x00000079bcdfed18 mode 2
Event: 815.043 Thread 0x000001e86107ff80 DEOPT PACKING pc=0x000001e807be13b8 sp=0x00000079c19ff090
Event: 815.043 Thread 0x000001e86107f260 DEOPT UNPACKING pc=0x000001e8074a3aa2 sp=0x00000079c13fec58 mode 2
Event: 815.043 Thread 0x000001e86107ff80 DEOPT UNPACKING pc=0x000001e8074a3aa2 sp=0x00000079c19fefc8 mode 2

Classes loaded (20 events):
Event: 321.296 Loading class java/util/stream/Nodes$CollectorTask$OfRef
Event: 321.296 Loading class java/util/stream/Nodes$CollectorTask
Event: 321.297 Loading class java/util/stream/Nodes$CollectorTask done
Event: 321.297 Loading class java/util/stream/Nodes$CollectorTask$OfRef done
Event: 321.320 Loading class java/util/function/LongFunction
Event: 321.320 Loading class java/util/function/LongFunction done
Event: 321.321 Loading class java/util/stream/Nodes$ConcNode
Event: 321.321 Loading class java/util/stream/Nodes$AbstractConcNode
Event: 321.321 Loading class java/util/stream/Nodes$AbstractConcNode done
Event: 321.321 Loading class java/util/stream/Nodes$ConcNode done
Event: 321.355 Loading class java/util/stream/Nodes$ToArrayTask$OfRef
Event: 321.355 Loading class java/util/stream/Nodes$ToArrayTask
Event: 321.355 Loading class java/util/stream/Nodes$ToArrayTask done
Event: 321.355 Loading class java/util/stream/Nodes$ToArrayTask$OfRef done
Event: 321.361 Loading class java/io/ObjectOutputStream$BlockDataOutputStream
Event: 321.361 Loading class java/io/ObjectOutputStream$BlockDataOutputStream done
Event: 321.361 Loading class java/io/ObjectOutputStream$HandleTable
Event: 321.362 Loading class java/io/ObjectOutputStream$HandleTable done
Event: 321.362 Loading class java/io/ObjectOutputStream$ReplaceTable
Event: 321.362 Loading class java/io/ObjectOutputStream$ReplaceTable done

Classes unloaded (7 events):
Event: 18.433 Thread 0x000001e87f1d4930 Unloading class 0x000001e8141a8c00 'java/lang/invoke/LambdaForm$MH+0x000001e8141a8c00'
Event: 18.433 Thread 0x000001e87f1d4930 Unloading class 0x000001e8141a8800 'java/lang/invoke/LambdaForm$MH+0x000001e8141a8800'
Event: 18.433 Thread 0x000001e87f1d4930 Unloading class 0x000001e8141a8400 'java/lang/invoke/LambdaForm$MH+0x000001e8141a8400'
Event: 18.433 Thread 0x000001e87f1d4930 Unloading class 0x000001e8141a8000 'java/lang/invoke/LambdaForm$MH+0x000001e8141a8000'
Event: 18.433 Thread 0x000001e87f1d4930 Unloading class 0x000001e8141a7c00 'java/lang/invoke/LambdaForm$BMH+0x000001e8141a7c00'
Event: 18.433 Thread 0x000001e87f1d4930 Unloading class 0x000001e8141a7800 'java/lang/invoke/LambdaForm$DMH+0x000001e8141a7800'
Event: 18.433 Thread 0x000001e87f1d4930 Unloading class 0x000001e8141a6400 'java/lang/invoke/LambdaForm$DMH+0x000001e8141a6400'

Classes redefined (0 events):
No events

Internal exceptions (20 events):
Event: 321.345 Thread 0x000001e85db28610 Exception <a 'sun/nio/fs/WindowsException'{0x00000000d5682b78}> (0x00000000d5682b78) 
thrown [s\src\hotspot\share\prims\jni.cpp, line 520]
Event: 321.346 Thread 0x000001e85db28610 Exception <a 'sun/nio/fs/WindowsException'{0x00000000d56840a0}> (0x00000000d56840a0) 
thrown [s\src\hotspot\share\prims\jni.cpp, line 520]
Event: 321.346 Thread 0x000001e85db28610 Exception <a 'sun/nio/fs/WindowsException'{0x00000000d5684ca0}> (0x00000000d5684ca0) 
thrown [s\src\hotspot\share\prims\jni.cpp, line 520]
Event: 321.346 Thread 0x000001e85db28610 Exception <a 'sun/nio/fs/WindowsException'{0x00000000d56861c8}> (0x00000000d56861c8) 
thrown [s\src\hotspot\share\prims\jni.cpp, line 520]
Event: 321.346 Thread 0x000001e85db28610 Exception <a 'sun/nio/fs/WindowsException'{0x00000000d5686a90}> (0x00000000d5686a90) 
thrown [s\src\hotspot\share\prims\jni.cpp, line 520]
Event: 321.346 Thread 0x000001e85db28610 Exception <a 'sun/nio/fs/WindowsException'{0x00000000d5687fb8}> (0x00000000d5687fb8) 
thrown [s\src\hotspot\share\prims\jni.cpp, line 520]
Event: 321.346 Thread 0x000001e85db28610 Exception <a 'sun/nio/fs/WindowsException'{0x00000000d5688880}> (0x00000000d5688880) 
thrown [s\src\hotspot\share\prims\jni.cpp, line 520]
Event: 321.347 Thread 0x000001e85db28610 Exception <a 'sun/nio/fs/WindowsException'{0x00000000d5689da8}> (0x00000000d5689da8) 
thrown [s\src\hotspot\share\prims\jni.cpp, line 520]
Event: 321.347 Thread 0x000001e85db28610 Exception <a 'sun/nio/fs/WindowsException'{0x00000000d568a670}> (0x00000000d568a670) 
thrown [s\src\hotspot\share\prims\jni.cpp, line 520]
Event: 321.347 Thread 0x000001e85db28610 Exception <a 'sun/nio/fs/WindowsException'{0x00000000d568bad8}> (0x00000000d568bad8) 
thrown [s\src\hotspot\share\prims\jni.cpp, line 520]
Event: 321.347 Thread 0x000001e85db28610 Exception <a 'sun/nio/fs/WindowsException'{0x00000000d568c3a0}> (0x00000000d568c3a0) 
thrown [s\src\hotspot\share\prims\jni.cpp, line 520]
Event: 321.348 Thread 0x000001e85db28610 Exception <a 'sun/nio/fs/WindowsException'{0x00000000d568f3e0}> (0x00000000d568f3e0) 
thrown [s\src\hotspot\share\prims\jni.cpp, line 520]
Event: 321.348 Thread 0x000001e85db28610 Exception <a 'sun/nio/fs/WindowsException'{0x00000000d568fca8}> (0x00000000d568fca8) 
thrown [s\src\hotspot\share\prims\jni.cpp, line 520]
Event: 321.348 Thread 0x000001e85db28610 Exception <a 'sun/nio/fs/WindowsException'{0x00000000d5691450}> (0x00000000d5691450) 
thrown [s\src\hotspot\share\prims\jni.cpp, line 520]
Event: 321.348 Thread 0x000001e85db28610 Exception <a 'sun/nio/fs/WindowsException'{0x00000000d5691d18}> (0x00000000d5691d18) 
thrown [s\src\hotspot\share\prims\jni.cpp, line 520]
Event: 321.350 Thread 0x000001e85db28610 Implicit null exception at 0x000001e807f74d03 to 0x000001e807f74fa8
Event: 321.373 Thread 0x000001e85db28610 Exception <a 'java/lang/NoSuchMethodError'{0x00000000d5743ba0}: 'java.lang.Object java.lang.invoke.DirectMethodHandle$Holder.newInvokeSpecial(java.lang.Object, java.lang.Object, java.lang.Object, java.lang.Object, java.lang.Object, java.lang.Object, java.lang.Object, java.lang.Object)'> (0x00000000d5743ba0) 
thrown [s\src\hotspot\share\interpreter\linkResolver.cpp, line 773]
Event: 674.535 Thread 0x000001e85d5ef000 Exception <a 'java/lang/IncompatibleClassChangeError'{0x00000000d58274c0}: Found class java.lang.Object, but interface was expected> (0x00000000d58274c0) 
thrown [s\src\hotspot\share\interpreter\linkResolver.cpp, line 840]
Event: 675.210 Thread 0x000001e85bda2d90 Implicit null exception at 0x000001e808662328 to 0x000001e808662950
Event: 676.279 Thread 0x000001e85f15f350 Implicit null exception at 0x000001e808691a9d to 0x000001e808691ee4

ZGC Phase Switch (0 events):
No events

VM Operations (20 events):
Event: 2946.861 Executing non-safepoint VM operation: HandshakeAllThreads (HandshakeForDeflation)
Event: 2946.864 Executing non-safepoint VM operation: HandshakeAllThreads (HandshakeForDeflation) done
Event: 2946.864 Executing non-safepoint VM operation: RendezvousGCThreads
Event: 2946.864 Executing non-safepoint VM operation: RendezvousGCThreads done
Event: 3067.176 Executing non-safepoint VM operation: HandshakeAllThreads (HandshakeForDeflation)
Event: 3067.176 Executing non-safepoint VM operation: HandshakeAllThreads (HandshakeForDeflation) done
Event: 3067.176 Executing non-safepoint VM operation: RendezvousGCThreads
Event: 3067.176 Executing non-safepoint VM operation: RendezvousGCThreads done
Event: 3127.211 Executing non-safepoint VM operation: HandshakeAllThreads (HandshakeForDeflation)
Event: 3127.211 Executing non-safepoint VM operation: HandshakeAllThreads (HandshakeForDeflation) done
Event: 3127.211 Executing non-safepoint VM operation: RendezvousGCThreads
Event: 3127.211 Executing non-safepoint VM operation: RendezvousGCThreads done
Event: 3187.234 Executing non-safepoint VM operation: HandshakeAllThreads (HandshakeForDeflation)
Event: 3187.234 Executing non-safepoint VM operation: HandshakeAllThreads (HandshakeForDeflation) done
Event: 3187.234 Executing non-safepoint VM operation: RendezvousGCThreads
Event: 3187.234 Executing non-safepoint VM operation: RendezvousGCThreads done
Event: 3307.718 Executing non-safepoint VM operation: HandshakeAllThreads (HandshakeForDeflation)
Event: 3307.718 Executing non-safepoint VM operation: HandshakeAllThreads (HandshakeForDeflation) done
Event: 3307.718 Executing non-safepoint VM operation: RendezvousGCThreads
Event: 3307.718 Executing non-safepoint VM operation: RendezvousGCThreads done

Memory protections (0 events):
No events

Nmethod flushes (20 events):
Event: 46.736 Thread 0x000001e87f1d4930 flushing  nmethod 0x000001e800a27590
Event: 46.736 Thread 0x000001e87f1d4930 flushing  nmethod 0x000001e800a41a10
Event: 46.736 Thread 0x000001e87f1d4930 flushing  nmethod 0x000001e800a42790
Event: 46.736 Thread 0x000001e87f1d4930 flushing  nmethod 0x000001e800a42b90
Event: 46.736 Thread 0x000001e87f1d4930 flushing  nmethod 0x000001e800a43890
Event: 46.736 Thread 0x000001e87f1d4930 flushing  nmethod 0x000001e800a44a10
Event: 46.736 Thread 0x000001e87f1d4930 flushing  nmethod 0x000001e800a45f10
Event: 46.736 Thread 0x000001e87f1d4930 flushing osr nmethod 0x000001e800a48410
Event: 46.736 Thread 0x000001e87f1d4930 flushing  nmethod 0x000001e800a4dd90
Event: 46.736 Thread 0x000001e87f1d4930 flushing  nmethod 0x000001e800a52810
Event: 46.736 Thread 0x000001e87f1d4930 flushing  nmethod 0x000001e800a52b90
Event: 46.736 Thread 0x000001e87f1d4930 flushing  nmethod 0x000001e800a55090
Event: 46.736 Thread 0x000001e87f1d4930 flushing  nmethod 0x000001e800a57390
Event: 46.736 Thread 0x000001e87f1d4930 flushing  nmethod 0x000001e800a61710
Event: 46.736 Thread 0x000001e87f1d4930 flushing  nmethod 0x000001e800a94b90
Event: 46.736 Thread 0x000001e87f1d4930 flushing  nmethod 0x000001e800aa3c90
Event: 46.736 Thread 0x000001e87f1d4930 flushing  nmethod 0x000001e800ab1590
Event: 46.736 Thread 0x000001e87f1d4930 flushing  nmethod 0x000001e800b0fd10
Event: 46.736 Thread 0x000001e87f1d4930 flushing  nmethod 0x000001e800b42b90
Event: 46.736 Thread 0x000001e87f1d4930 flushing  nmethod 0x000001e800b73f10

Events (20 events):
Event: 1042.865 Thread 0x000001e85d5f5270 Thread exited: 0x000001e85d5f5270
Event: 1056.049 Thread 0x000001e86107ff80 Thread exited: 0x000001e86107ff80
Event: 1102.881 Thread 0x000001e85d5f5900 Thread exited: 0x000001e85d5f5900
Event: 1116.058 Thread 0x000001e85bda47d0 Thread exited: 0x000001e85bda47d0
Event: 1162.884 Thread 0x000001e85d5f31a0 Thread exited: 0x000001e85d5f31a0
Event: 1176.063 Thread 0x000001e85bda2d90 Thread exited: 0x000001e85bda2d90
Event: 1222.892 Thread 0x000001e85d5f3ec0 Thread exited: 0x000001e85d5f3ec0
Event: 1236.067 Thread 0x000001e85d5f1df0 Thread exited: 0x000001e85d5f1df0
Event: 1296.082 Thread 0x000001e85f15f9e0 Thread exited: 0x000001e85f15f9e0
Event: 1356.090 Thread 0x000001e85f15dfa0 Thread exited: 0x000001e85f15dfa0
Event: 1416.094 Thread 0x000001e86107f260 Thread exited: 0x000001e86107f260
Event: 1476.101 Thread 0x000001e85d5efd20 Thread exited: 0x000001e85d5efd20
Event: 1536.107 Thread 0x000001e85bda3420 Thread exited: 0x000001e85bda3420
Event: 1596.110 Thread 0x000001e85d5f0a40 Thread exited: 0x000001e85d5f0a40
Event: 1656.114 Thread 0x000001e85d5f3830 Thread exited: 0x000001e85d5f3830
Event: 1716.127 Thread 0x000001e85d5ef690 Thread exited: 0x000001e85d5ef690
Event: 1776.144 Thread 0x000001e8610819c0 Thread exited: 0x000001e8610819c0
Event: 1836.147 Thread 0x000001e85f162140 Thread exited: 0x000001e85f162140
Event: 1896.160 Thread 0x000001e85f161ab0 Thread exited: 0x000001e85f161ab0
Event: 1956.175 Thread 0x000001e85d5f1760 Thread exited: 0x000001e85d5f1760


Dynamic libraries:
0x00007ff64c6e0000 - 0x00007ff64c6ee000 	c:\Users\jibri\.antigravity\extensions\redhat.java-1.54.0-win32-x64\jre\21.0.10-win32-x86_64\bin\java.exe
0x00007ffc90c00000 - 0x00007ffc90e67000 	C:\WINDOWS\SYSTEM32\ntdll.dll
0x00007ffc90280000 - 0x00007ffc90349000 	C:\WINDOWS\System32\KERNEL32.DLL
0x00007ffc8e190000 - 0x00007ffc8e584000 	C:\WINDOWS\System32\KERNELBASE.dll
0x00007ffc8e590000 - 0x00007ffc8e6db000 	C:\WINDOWS\System32\ucrtbase.dll
0x00007ffbbf9e0000 - 0x00007ffbbf9f8000 	c:\Users\jibri\.antigravity\extensions\redhat.java-1.54.0-win32-x64\jre\21.0.10-win32-x86_64\bin\jli.dll
0x00007ffc8e9a0000 - 0x00007ffc8eb65000 	C:\WINDOWS\System32\USER32.dll
0x00007ffc8d650000 - 0x00007ffc8d677000 	C:\WINDOWS\System32\win32u.dll
0x00007ffc90250000 - 0x00007ffc9027b000 	C:\WINDOWS\System32\GDI32.dll
0x00007ffc8dfb0000 - 0x00007ffc8e0db000 	C:\WINDOWS\System32\gdi32full.dll
0x00007ffc8e0e0000 - 0x00007ffc8e183000 	C:\WINDOWS\System32\msvcp_win.dll
0x00007ffbbf2d0000 - 0x00007ffbbf2ee000 	c:\Users\jibri\.antigravity\extensions\redhat.java-1.54.0-win32-x64\jre\21.0.10-win32-x86_64\bin\VCRUNTIME140.dll
0x00007ffc712d0000 - 0x00007ffc71563000 	C:\WINDOWS\WinSxS\amd64_microsoft.windows.common-controls_6595b64144ccf1df_6.0.26100.8115_none_3e075c82e3354f9c\COMCTL32.dll
0x00007ffc8eb70000 - 0x00007ffc8ec19000 	C:\WINDOWS\System32\msvcrt.dll
0x00007ffc90210000 - 0x00007ffc90242000 	C:\WINDOWS\System32\IMM32.DLL
0x00007ffc1bc70000 - 0x00007ffc1bc7c000 	c:\Users\jibri\.antigravity\extensions\redhat.java-1.54.0-win32-x64\jre\21.0.10-win32-x86_64\bin\vcruntime140_1.dll
0x00007ffbbfa40000 - 0x00007ffbbfacd000 	c:\Users\jibri\.antigravity\extensions\redhat.java-1.54.0-win32-x64\jre\21.0.10-win32-x86_64\bin\msvcp140.dll
0x00007ffbbe520000 - 0x00007ffbbf2c1000 	c:\Users\jibri\.antigravity\extensions\redhat.java-1.54.0-win32-x64\jre\21.0.10-win32-x86_64\bin\server\jvm.dll
0x00007ffc8f850000 - 0x00007ffc8f906000 	C:\WINDOWS\System32\ADVAPI32.dll
0x00007ffc8efc0000 - 0x00007ffc8f067000 	C:\WINDOWS\System32\sechost.dll
0x00007ffc90350000 - 0x00007ffc90468000 	C:\WINDOWS\System32\RPCRT4.dll
0x00007ffc8f910000 - 0x00007ffc8f990000 	C:\WINDOWS\System32\WS2_32.dll
0x00007ffc8d330000 - 0x00007ffc8d38e000 	C:\WINDOWS\SYSTEM32\POWRPROF.dll
0x00007ffc7e7b0000 - 0x00007ffc7e7e6000 	C:\WINDOWS\SYSTEM32\WINMM.dll
0x00007ffc86230000 - 0x00007ffc8623b000 	C:\WINDOWS\SYSTEM32\VERSION.dll
0x00007ffc8d310000 - 0x00007ffc8d324000 	C:\WINDOWS\SYSTEM32\UMPDC.dll
0x00007ffc8c190000 - 0x00007ffc8c1ab000 	C:\WINDOWS\SYSTEM32\kernel.appcore.dll
0x00007ffc1bc60000 - 0x00007ffc1bc6a000 	c:\Users\jibri\.antigravity\extensions\redhat.java-1.54.0-win32-x64\jre\21.0.10-win32-x86_64\bin\jimage.dll
0x00007ffc8b4d0000 - 0x00007ffc8b712000 	C:\WINDOWS\SYSTEM32\DBGHELP.DLL
0x00007ffc90470000 - 0x00007ffc907f2000 	C:\WINDOWS\System32\combase.dll
0x00007ffc8f9c0000 - 0x00007ffc8fa98000 	C:\WINDOWS\System32\OLEAUT32.dll
0x00007ffc66ab0000 - 0x00007ffc66aeb000 	C:\WINDOWS\SYSTEM32\dbgcore.DLL
0x00007ffc8e8e0000 - 0x00007ffc8e985000 	C:\WINDOWS\System32\bcryptPrimitives.dll
0x00007ffc1bc50000 - 0x00007ffc1bc5f000 	c:\Users\jibri\.antigravity\extensions\redhat.java-1.54.0-win32-x64\jre\21.0.10-win32-x86_64\bin\instrument.dll
0x00007ffc1bc30000 - 0x00007ffc1bc50000 	c:\Users\jibri\.antigravity\extensions\redhat.java-1.54.0-win32-x64\jre\21.0.10-win32-x86_64\bin\java.dll
0x00007ffc8faa0000 - 0x00007ffc90207000 	C:\WINDOWS\System32\SHELL32.dll
0x00007ffc8e6e0000 - 0x00007ffc8e84a000 	C:\WINDOWS\System32\wintypes.dll
0x00007ffc8d680000 - 0x00007ffc8dee8000 	C:\WINDOWS\System32\windows.storage.dll
0x00007ffc90a90000 - 0x00007ffc90b88000 	C:\WINDOWS\System32\SHCORE.dll
0x00007ffc8ed20000 - 0x00007ffc8ed86000 	C:\WINDOWS\System32\shlwapi.dll
0x00007ffc8d3c0000 - 0x00007ffc8d3e9000 	C:\WINDOWS\SYSTEM32\profapi.dll
0x00007ffbbfa20000 - 0x00007ffbbfa38000 	c:\Users\jibri\.antigravity\extensions\redhat.java-1.54.0-win32-x64\jre\21.0.10-win32-x86_64\bin\zip.dll
0x00007ffbbfa10000 - 0x00007ffbbfa20000 	C:\Users\jibri\.antigravity\extensions\redhat.java-1.54.0-win32-x64\jre\21.0.10-win32-x86_64\bin\net.dll
0x00007ffc865c0000 - 0x00007ffc866ed000 	C:\WINDOWS\SYSTEM32\WINHTTP.dll
0x00007ffc8c7d0000 - 0x00007ffc8c83c000 	C:\WINDOWS\system32\mswsock.dll
0x00007ffbbf420000 - 0x00007ffbbf436000 	C:\Users\jibri\.antigravity\extensions\redhat.java-1.54.0-win32-x64\jre\21.0.10-win32-x86_64\bin\nio.dll
0x00007ffbbfa00000 - 0x00007ffbbfa10000 	c:\Users\jibri\.antigravity\extensions\redhat.java-1.54.0-win32-x64\jre\21.0.10-win32-x86_64\bin\verify.dll
0x00007ffc17300000 - 0x00007ffc17345000 	C:\Users\jibri\AppData\Roaming\Antigravity\User\globalStorage\redhat.java\1.54.0\config_win\org.eclipse.equinox.launcher\org.eclipse.equinox.launcher.win32.win32.x86_64_1.3.0.v20260203-2149\eclipse_11919.dll
0x00007ffc8ed90000 - 0x00007ffc8ef27000 	C:\WINDOWS\System32\ole32.dll
0x00007ffc8cac0000 - 0x00007ffc8cadb000 	C:\WINDOWS\SYSTEM32\CRYPTSP.dll
0x00007ffc8c1b0000 - 0x00007ffc8c1e9000 	C:\WINDOWS\system32\rsaenh.dll
0x00007ffc8c880000 - 0x00007ffc8c8b3000 	C:\WINDOWS\SYSTEM32\USERENV.dll
0x00007ffc8d3f0000 - 0x00007ffc8d41a000 	C:\WINDOWS\SYSTEM32\bcrypt.dll
0x00007ffc8cab0000 - 0x00007ffc8cabc000 	C:\WINDOWS\SYSTEM32\CRYPTBASE.dll
0x00007ffc8bc50000 - 0x00007ffc8bc82000 	C:\WINDOWS\SYSTEM32\IPHLPAPI.DLL
0x00007ffc8e990000 - 0x00007ffc8e99a000 	C:\WINDOWS\System32\NSI.dll
0x00007ffbf7900000 - 0x00007ffbf7949000 	C:\Users\jibri\AppData\Local\Temp\jna-101119098\jna17833958502763152377.dll
0x00007ffc8f1d0000 - 0x00007ffc8f1d8000 	C:\WINDOWS\System32\PSAPI.DLL
0x00007ffc863e0000 - 0x00007ffc863fd000 	C:\WINDOWS\SYSTEM32\dhcpcsvc6.DLL
0x00007ffc863b0000 - 0x00007ffc863d5000 	C:\WINDOWS\SYSTEM32\dhcpcsvc.DLL
0x00007ffc67620000 - 0x00007ffc67647000 	C:\Users\jibri\.gradle\native\1def1411415f61bf3af743bc5b6707747c0891f09f0c88961ee8f79bc544acac\windows-amd64\native-platform.dll
0x00007ffc676d0000 - 0x00007ffc676da000 	C:\Users\jibri\.antigravity\extensions\redhat.java-1.54.0-win32-x64\jre\21.0.10-win32-x86_64\bin\management.dll
0x00007ffc676c0000 - 0x00007ffc676cc000 	C:\Users\jibri\.antigravity\extensions\redhat.java-1.54.0-win32-x64\jre\21.0.10-win32-x86_64\bin\management_ext.dll
0x00007ffbbf3f0000 - 0x00007ffbbf3fe000 	C:\Users\jibri\.antigravity\extensions\redhat.java-1.54.0-win32-x64\jre\21.0.10-win32-x86_64\bin\sunmscapi.dll
0x00007ffc8d4d0000 - 0x00007ffc8d647000 	C:\WINDOWS\System32\CRYPT32.dll
0x00007ffc8ccd0000 - 0x00007ffc8cd00000 	C:\WINDOWS\SYSTEM32\ncrypt.dll
0x00007ffc8cc80000 - 0x00007ffc8ccbf000 	C:\WINDOWS\SYSTEM32\NTASN1.dll
0x00007ffc8bcf0000 - 0x00007ffc8be22000 	C:\WINDOWS\SYSTEM32\DNSAPI.dll
0x00007ffc78050000 - 0x00007ffc7805b000 	C:\Windows\System32\rasadhlp.dll
0x00007ffc85c40000 - 0x00007ffc85cc6000 	C:\WINDOWS\System32\fwpuclnt.dll
0x00007ffbbf3e0000 - 0x00007ffbbf3e9000 	C:\Users\jibri\.antigravity\extensions\redhat.java-1.54.0-win32-x64\jre\21.0.10-win32-x86_64\bin\extnet.dll
0x00007ffc50320000 - 0x00007ffc50328000 	C:\WINDOWS\system32\wshunix.dll
0x00007ffc584e0000 - 0x00007ffc58507000 	C:\Users\jibri\.gradle\native\c067742578af261105cb4f569cf0c3c89f3d7b1fecec35dd04571415982c5e48\windows-amd64\native-platform.dll
0x00007ffc5b800000 - 0x00007ffc5b826000 	C:\Users\jibri\.gradle\native\29\windows-amd64\native-platform.dll
0x00007ffc5b7d0000 - 0x00007ffc5b7f7000 	C:\Users\jibri\.gradle\native\e1d6ef7f7dcc3fd88c89a11ec53ec762bb8ba0a96d01ffa2cd45eb1d1d8dd5c5\windows-amd64\native-platform.dll

JVMTI agents:
c:\Users\jibri\.antigravity\extensions\redhat.java-1.54.0-win32-x64\lombok\lombok-1.18.39-4050.jar path:c:\Users\jibri\.antigravity\extensions\redhat.java-1.54.0-win32-x64\jre\21.0.10-win32-x86_64\bin\instrument.dll, loaded, initialized, instrumentlib options:none

dbghelp: loaded successfully - version: 4.0.5 - missing functions: none
symbol engine: initialized successfully - sym options: 0x614 - pdb path: .;c:\Users\jibri\.antigravity\extensions\redhat.java-1.54.0-win32-x64\jre\21.0.10-win32-x86_64\bin;C:\WINDOWS\SYSTEM32;C:\WINDOWS\WinSxS\amd64_microsoft.windows.common-controls_6595b64144ccf1df_6.0.26100.8115_none_3e075c82e3354f9c;c:\Users\jibri\.antigravity\extensions\redhat.java-1.54.0-win32-x64\jre\21.0.10-win32-x86_64\bin\server;C:\Users\jibri\AppData\Roaming\Antigravity\User\globalStorage\redhat.java\1.54.0\config_win\org.eclipse.equinox.launcher\org.eclipse.equinox.launcher.win32.win32.x86_64_1.3.0.v20260203-2149;C:\Users\jibri\AppData\Local\Temp\jna-101119098;C:\Users\jibri\.gradle\native\1def1411415f61bf3af743bc5b6707747c0891f09f0c88961ee8f79bc544acac\windows-amd64;C:\Users\jibri\.gradle\native\c067742578af261105cb4f569cf0c3c89f3d7b1fecec35dd04571415982c5e48\windows-amd64;C:\Users\jibri\.gradle\native\29\windows-amd64;C:\Users\jibri\.gradle\native\e1d6ef7f7dcc3fd88c89a11ec53ec762bb8ba0a96d01ffa2cd45eb1d1d8dd5c5\windows-amd64

VM Arguments:
jvm_args: --add-modules=ALL-SYSTEM --add-opens=java.base/java.util=ALL-UNNAMED --add-opens=java.base/java.lang=ALL-UNNAMED --add-opens=java.base/sun.nio.fs=ALL-UNNAMED -Declipse.application=org.eclipse.jdt.ls.core.id1 -Dosgi.bundles.defaultStartLevel=4 -Declipse.product=org.eclipse.jdt.ls.core.product -Djava.import.generatesMetadataFilesAtProjectRoot=false -DDetectVMInstallationsJob.disabled=true -Dfile.encoding=utf8 -XX:+UseParallelGC -XX:GCTimeRatio=4 -XX:AdaptiveSizePolicyWeight=90 -Dsun.zip.disableMemoryMapping=true -Xmx2G -Xms100m -Xlog:disable -javaagent:c:\Users\jibri\.antigravity\extensions\redhat.java-1.54.0-win32-x64\lombok\lombok-1.18.39-4050.jar -XX:+HeapDumpOnOutOfMemoryError -XX:HeapDumpPath=c:\Users\jibri\AppData\Roaming\Antigravity\User\workspaceStorage\500bf14339cd163802a1632d40eb871e\redhat.java -Daether.dependencyCollector.impl=bf 
java_command: c:\Users\jibri\.antigravity\extensions\redhat.java-1.54.0-win32-x64\server\plugins\org.eclipse.equinox.launcher_1.7.100.v20251111-0406.jar -configuration c:\Users\jibri\AppData\Roaming\Antigravity\User\globalStorage\redhat.java\1.54.0\config_win -data c:\Users\jibri\AppData\Roaming\Antigravity\User\workspaceStorage\500bf14339cd163802a1632d40eb871e\redhat.java\jdt_ws --pipe=\\.\pipe\lsp-88bd199ccaf7b4358bd45703c42a8ce8-sock
java_class_path (initial): c:\Users\jibri\.antigravity\extensions\redhat.java-1.54.0-win32-x64\server\plugins\org.eclipse.equinox.launcher_1.7.100.v20251111-0406.jar
Launcher Type: SUN_STANDARD

[Global flags]
    uintx AdaptiveSizePolicyWeight                 = 90                                        {product} {command line}
     intx CICompilerCount                          = 12                                        {product} {ergonomic}
    uintx GCTimeRatio                              = 4                                         {product} {command line}
     bool HeapDumpOnOutOfMemoryError               = true                                   {manageable} {command line}
    ccstr HeapDumpPath                             = c:\Users\jibri\AppData\Roaming\Antigravity\User\workspaceStorage\500bf14339cd163802a1632d40eb871e\redhat.java         {manageable} {command line}
   size_t InitialHeapSize                          = 104857600                                 {product} {command line}
   size_t MaxHeapSize                              = 2147483648                                {product} {command line}
   size_t MaxNewSize                               = 715653120                                 {product} {ergonomic}
   size_t MinHeapDeltaBytes                        = 524288                                    {product} {ergonomic}
   size_t MinHeapSize                              = 104857600                                 {product} {command line}
   size_t NewSize                                  = 34603008                                  {product} {ergonomic}
    uintx NonNMethodCodeHeapSize                   = 7602480                                {pd product} {ergonomic}
    uintx NonProfiledCodeHeapSize                  = 122027880                              {pd product} {ergonomic}
   size_t OldSize                                  = 70254592                                  {product} {ergonomic}
    uintx ProfiledCodeHeapSize                     = 122027880                              {pd product} {ergonomic}
    uintx ReservedCodeCacheSize                    = 251658240                              {pd product} {ergonomic}
     bool SegmentedCodeCache                       = true                                      {product} {ergonomic}
   size_t SoftMaxHeapSize                          = 2147483648                             {manageable} {ergonomic}
     bool UseCompressedOops                        = true                           {product lp64_product} {ergonomic}
     bool UseLargePagesIndividualAllocation        = false                                  {pd product} {ergonomic}
     bool UseParallelGC                            = true                                      {product} {command line}

Logging:
Log output configuration:
 #0: stdout all=off uptime,level,tags foldmultilines=false
 #1: stderr all=off uptime,level,tags foldmultilines=false

Release file:
JAVA_VERSION="21.0.10" 
MODULES="java.base java.compiler java.datatransfer java.xml java.prefs java.desktop java.instrument java.logging java.management java.security.sasl java.naming java.rmi java.management.rmi java.net.http java.scripting java.security.jgss java.transaction.xa java.sql java.sql.rowset java.xml.crypto java.se java.smartcardio jdk.accessibility jdk.internal.jvmstat jdk.attach jdk.charsets jdk.internal.opt jdk.zipfs jdk.compiler jdk.crypto.ec jdk.crypto.cryptoki jdk.crypto.mscapi jdk.dynalink jdk.internal.ed jdk.editpad jdk.hotspot.agent jdk.httpserver jdk.internal.le jdk.internal.vm.ci jdk.internal.vm.compiler jdk.internal.vm.compiler.management jdk.jartool jdk.javadoc jdk.jcmd jdk.management jdk.management.agent jdk.jconsole jdk.jdeps jdk.jdwp.agent jdk.jdi jdk.jfr jdk.jshell jdk.jsobject jdk.jstatd jdk.localedata jdk.management.jfr jdk.naming.dns jdk.naming.rmi jdk.net jdk.nio.mapmode jdk.random jdk.sctp jdk.security.auth jdk.security.jgss jdk.unsupported jdk.unsupported.desktop jdk.xml.dom" 

Environment Variables:
JAVA_HOME=C:\Program Files\Java\jdk-17
PATH=C:\Program Files\Microsoft\jdk-17.0.16.8-hotspot\bin;C:\ProgramData\Oracle\Java\javapath;C:\Program Files\NVIDIA GPU Computing Toolkit\CUDA\v12.8\bin;C:\Program Files\NVIDIA GPU Computing Toolkit\CUDA\v12.8\libnvvp;C:\Program Files\Common Files\Oracle\Java\javapath;C:\PHP\phpoldversion\;C:\Windows\system32;C:\Windows;C:\Windows\System32\Wbem;C:\Windows\System32\WindowsPowerShell\v1.0\;C:\Windows\System32\OpenSSH\;C:\Program Files (x86)\NVIDIA Corporation\PhysX\Common;C:\Program Files\Microsoft SQL Server\150\Tools\Binn\;C:\Program Files\Microsoft SQL Server\Client SDK\ODBC\170\Tools\Binn\;C:\ProgramData\ComposerSetup\bin;C:\Users\jibri\.config\herd\bin\nvm;C:\Program Files\nodejs;C:\Program Files\Java\jdk-17\bin;C:\xampp\php;C:\WINDOWS\system32;C:\WINDOWS;C:\WINDOWS\System32\Wbem;C:\WINDOWS\System32\WindowsPowerShell\v1.0\;C:\WINDOWS\System32\OpenSSH\;C:\Program Files\nodejs\;C:\Program Files\Git\cmd;C:\Program Files\Git\bin;C:\Users\jibri\AppData\Local\Pub\Cache\bin;C:\Program Files\NVIDIA Corporation\NVIDIA app\NvDLISR;C:\Program Files\heroku\bin;C:\Program Files\NVIDIA Corporation\Nsight Compute 2025.1.1\;C:\ProgramData\chocolatey\bin;C:\Users\jibri\AppData\Local\Programs\Python\Python310\Scripts;C:\Program Files\dotnet\;C:\Program Files (x86)\Windows Kits\10\Windows Performance Toolkit\;C:\Users\jibri\AppData\Local\Android\Sdk\platform-tools;C:\Program Files\Docker\Docker\resources\bin;C:\Program Files\MySQL\MySQL Shell 8.0\bin\;C:\Users\jibri\AppData\Local\Programs\Python\Python310\Scripts\;C:\Users\jibri\AppData\Local\Programs\Python\Python310\;C:\Users\jibri\.config\herd\bin;C:\Users\jibri\AppData\Local\Microsoft\WindowsApps;C:\Users\jibri\AppData\Local\Programs\Microsoft VS Code\bin;C:\Users\jibri\AppData\Roaming\Composer\vendor\bin;C:\flutter\flutter\bin;C:\Users\jibri\AppData\Roaming\npm;C:\Program Files\Git;C:\Users\jibri\AppData\Local\Pub\Cache\bin;C:\Program Files\heroku\bin;C:\Users\jibri\.dotnet\tools;C:\AppServ\Apache24\bin;C:\AppServ\php7;C:\AppServ\MySQL\bin;C:\Users\jibri\AppData\Local\Android\Sdk\build-tools;C:\ProgramData\chocolatey\bin;C:\Program Files\nodejs\;C:\Users\jibri\AppData\Local\Programs\cursor\resources\app\bin;C:\Users\jibri\AppData\Local\Programs\Antigravity\bin
USERNAME=jibri
OS=Windows_NT
PROCESSOR_IDENTIFIER=Intel64 Family 6 Model 191 Stepping 2, GenuineIntel
TMP=C:\Users\jibri\AppData\Local\Temp
TEMP=C:\Users\jibri\AppData\Local\Temp




Periodic native trim disabled

---------------  S Y S T E M  ---------------

OS:
 Windows 11 , 64 bit Build 26100 (10.0.26100.8246)
OS uptime: 0 days 0:58 hours
Hyper-V role detected

CPU: total 20 (initial active 20) (10 cores per cpu, 2 threads per core) family 6 model 191 stepping 2 microcode 0x2c, cx8, cmov, fxsr, ht, mmx, 3dnowpref, sse, sse2, sse3, ssse3, sse4.1, sse4.2, popcnt, lzcnt, tsc, tscinvbit, avx, avx2, aes, erms, clmul, bmi1, bmi2, adx, sha, fma, vzeroupper, clflush, clflushopt, clwb, hv, serialize, rdtscp, rdpid, fsrm, f16c, cet_ibt, cet_ss
Processor Information for processor 0
  Max Mhz: 2500, Current Mhz: 2500, Mhz Limit: 2500
Processor Information for processor 1
  Max Mhz: 2500, Current Mhz: 2500, Mhz Limit: 2500
Processor Information for processor 2
  Max Mhz: 2500, Current Mhz: 2500, Mhz Limit: 2500
Processor Information for processor 3
  Max Mhz: 2500, Current Mhz: 2500, Mhz Limit: 2500
Processor Information for processor 4
  Max Mhz: 2500, Current Mhz: 2500, Mhz Limit: 2500
Processor Information for processor 5
  Max Mhz: 2500, Current Mhz: 2500, Mhz Limit: 2500
Processor Information for processor 6
  Max Mhz: 2500, Current Mhz: 2500, Mhz Limit: 2500
Processor Information for processor 7
  Max Mhz: 2500, Current Mhz: 2500, Mhz Limit: 2500
Processor Information for processor 8
  Max Mhz: 2500, Current Mhz: 2500, Mhz Limit: 2500
Processor Information for processor 9
  Max Mhz: 2500, Current Mhz: 2500, Mhz Limit: 2500
Processor Information for processor 10
  Max Mhz: 2500, Current Mhz: 2500, Mhz Limit: 2500
Processor Information for processor 11
  Max Mhz: 2500, Current Mhz: 2500, Mhz Limit: 2500
Processor Information for processor 12
  Max Mhz: 2500, Current Mhz: 1800, Mhz Limit: 1800
Processor Information for processor 13
  Max Mhz: 2500, Current Mhz: 1800, Mhz Limit: 1800
Processor Information for processor 14
  Max Mhz: 2500, Current Mhz: 1800, Mhz Limit: 1800
Processor Information for processor 15
  Max Mhz: 2500, Current Mhz: 1800, Mhz Limit: 1800
Processor Information for processor 16
  Max Mhz: 2500, Current Mhz: 1800, Mhz Limit: 1800
Processor Information for processor 17
  Max Mhz: 2500, Current Mhz: 1800, Mhz Limit: 1800
Processor Information for processor 18
  Max Mhz: 2500, Current Mhz: 1800, Mhz Limit: 1800
Processor Information for processor 19
  Max Mhz: 2500, Current Mhz: 1800, Mhz Limit: 1800

Memory: 4k page, system-wide physical 7911M (579M free)
TotalPageFile size 32487M (AvailPageFile size 37M)
current process WorkingSet (physical memory assigned to process): 14M, peak: 830M
current process commit charge ("private bytes"): 1733M, peak: 1750M

vm_info: OpenJDK 64-Bit Server VM (21.0.10+7-LTS) for windows-amd64 JRE (21.0.10+7-LTS), built on 2026-01-20T00:00:00Z by "admin" with MS VC++ 17.12 (VS2022)

END.
