#
# There is insufficient memory for the Java Runtime Environment to continue.
# Native memory allocation (malloc) failed to allocate 1743856 bytes. Error detail: Chunk::new
# Possible reasons:
#   The system is out of physical RAM or swap space
#   This process is running with CompressedOops enabled, and the Java Heap may be blocking the growth of the native heap
# Possible solutions:
#   Reduce memory load on the system
#   Increase physical memory or swap space
#   Check if swap backing store is full
#   Decrease Java heap size (-Xmx/-Xms)
#   Decrease number of Java threads
#   Decrease Java thread stack sizes (-Xss)
#   Set larger code cache with -XX:ReservedCodeCacheSize=
#   JVM is running with Unscaled Compressed Oops mode in which the Java heap is
#     placed in the first 4GB address space. The Java Heap base address is the
#     maximum limit for the native heap growth. Please use -XX:HeapBaseMinAddress
#     to set the Java Heap base and to place the Java Heap above 4GB virtual address.
# This output file may be truncated or incomplete.
#
#  Out of Memory Error (arena.cpp:168), pid=16012, tid=32376
#
# JRE version: OpenJDK Runtime Environment Temurin-21.0.10+7 (21.0.10+7) (build 21.0.10+7-LTS)
# Java VM: OpenJDK 64-Bit Server VM Temurin-21.0.10+7 (21.0.10+7-LTS, mixed mode, sharing, tiered, compressed oops, compressed class ptrs, parallel gc, windows-amd64)
# No core dump will be written. Minidumps are not enabled by default on client versions of Windows
#

---------------  S U M M A R Y ------------

Command Line: --add-modules=ALL-SYSTEM --add-opens=java.base/java.util=ALL-UNNAMED --add-opens=java.base/java.lang=ALL-UNNAMED --add-opens=java.base/sun.nio.fs=ALL-UNNAMED -Declipse.application=org.eclipse.jdt.ls.core.id1 -Dosgi.bundles.defaultStartLevel=4 -Declipse.product=org.eclipse.jdt.ls.core.product -Djava.import.generatesMetadataFilesAtProjectRoot=false -DDetectVMInstallationsJob.disabled=true -Dfile.encoding=utf8 -XX:+UseParallelGC -XX:GCTimeRatio=4 -XX:AdaptiveSizePolicyWeight=90 -Dsun.zip.disableMemoryMapping=true -Xmx2G -Xms100m -Xlog:disable -javaagent:c:\Users\jibri\.cursor\extensions\redhat.java-1.53.0-win32-x64\lombok\lombok-1.18.39-4050.jar -XX:+HeapDumpOnOutOfMemoryError -XX:HeapDumpPath=c:\Users\jibri\AppData\Roaming\Cursor\User\workspaceStorage\8b75b7c593fc459511d45e689933c160\redhat.java -Daether.dependencyCollector.impl=bf c:\Users\jibri\.cursor\extensions\redhat.java-1.53.0-win32-x64\server\plugins\org.eclipse.equinox.launcher_1.7.100.v20251111-0406.jar -configuration c:\Users\jibri\AppData\Roaming\Cursor\User\globalStorage\redhat.java\1.53.0\config_win -data c:\Users\jibri\AppData\Roaming\Cursor\User\workspaceStorage\8b75b7c593fc459511d45e689933c160\redhat.java\jdt_ws --pipe=\\.\pipe\lsp-c04de2ff467cdc6cd3fc39236656bf22-sock

Host: 13th Gen Intel(R) Core(TM) i5-13500HX, 20 cores, 7G,  Windows 11 , 64 bit Build 26100 (10.0.26100.7705)
Time: Sun Mar  8 17:42:23 2026 Malay Peninsula Standard Time elapsed time: 10.289585 seconds (0d 0h 0m 10s)

---------------  T H R E A D  ---------------

Current thread (0x0000023efe626e60):  JavaThread "C2 CompilerThread0" daemon [_thread_in_native, id=32376, stack(0x000000b5ee700000,0x000000b5ee800000) (1024K)]


Current CompileTask:
C2:10291 3225       4       org.eclipse.core.internal.dtree.DataTreeReader::readNode (248 bytes)

Stack: [0x000000b5ee700000,0x000000b5ee800000]
Native frames: (J=compiled Java code, j=interpreted, Vv=VM code, C=native code)
V  [jvm.dll+0x6d7a39]
V  [jvm.dll+0x8b4b26]
V  [jvm.dll+0x8b70de]
V  [jvm.dll+0x8b77c3]
V  [jvm.dll+0x284346]
V  [jvm.dll+0xc66ed]
V  [jvm.dll+0xc6c31]
V  [jvm.dll+0x3bec01]
V  [jvm.dll+0x38b162]
V  [jvm.dll+0x38a5aa]
V  [jvm.dll+0x24c560]
V  [jvm.dll+0x24bb40]
V  [jvm.dll+0x1cb34e]
V  [jvm.dll+0x25b85d]
V  [jvm.dll+0x259dea]
V  [jvm.dll+0x3f857e]
V  [jvm.dll+0x85f59d]
V  [jvm.dll+0x6d626d]
C  [ucrtbase.dll+0x37b0]
C  [KERNEL32.DLL+0x2e8d7]
C  [ntdll.dll+0x8c40c]


---------------  P R O C E S S  ---------------

Threads class SMR info:
_java_thread_list=0x0000023ed50e21a0, length=20, elements={
0x0000023ef3458a10, 0x0000023ef57e37d0, 0x0000023ef57e5600, 0x0000023efe5fbff0,
0x0000023efe5fda30, 0x0000023efe5fe750, 0x0000023efe5fc680, 0x0000023efe626e60,
0x0000023efe62b010, 0x0000023efe5fe0c0, 0x0000023efe5fede0, 0x0000023efe5fd3a0,
0x0000023efe5fcd10, 0x0000023efe5ff470, 0x0000023ed506e8d0, 0x0000023ed506c800,
0x0000023ed506d520, 0x0000023ed506b450, 0x0000023ed58a2fe0, 0x0000023ed58a3690
}

Java Threads: ( => current thread )
  0x0000023ef3458a10 JavaThread "main"                              [_thread_blocked, id=36636, stack(0x000000b5edd00000,0x000000b5ede00000) (1024K)]
  0x0000023ef57e37d0 JavaThread "Reference Handler"          daemon [_thread_blocked, id=33956, stack(0x000000b5ee100000,0x000000b5ee200000) (1024K)]
  0x0000023ef57e5600 JavaThread "Finalizer"                  daemon [_thread_blocked, id=32664, stack(0x000000b5ee200000,0x000000b5ee300000) (1024K)]
  0x0000023efe5fbff0 JavaThread "Signal Dispatcher"          daemon [_thread_blocked, id=36700, stack(0x000000b5ee300000,0x000000b5ee400000) (1024K)]
  0x0000023efe5fda30 JavaThread "Attach Listener"            daemon [_thread_blocked, id=33276, stack(0x000000b5ee400000,0x000000b5ee500000) (1024K)]
  0x0000023efe5fe750 JavaThread "Service Thread"             daemon [_thread_blocked, id=39320, stack(0x000000b5ee500000,0x000000b5ee600000) (1024K)]
  0x0000023efe5fc680 JavaThread "Monitor Deflation Thread"   daemon [_thread_blocked, id=11160, stack(0x000000b5ee600000,0x000000b5ee700000) (1024K)]
=>0x0000023efe626e60 JavaThread "C2 CompilerThread0"         daemon [_thread_in_native, id=32376, stack(0x000000b5ee700000,0x000000b5ee800000) (1024K)]
  0x0000023efe62b010 JavaThread "C1 CompilerThread0"         daemon [_thread_blocked, id=38212, stack(0x000000b5ee800000,0x000000b5ee900000) (1024K)]
  0x0000023efe5fe0c0 JavaThread "Common-Cleaner"             daemon [_thread_blocked, id=42144, stack(0x000000b5eeb00000,0x000000b5eec00000) (1024K)]
  0x0000023efe5fede0 JavaThread "Notification Thread"        daemon [_thread_blocked, id=20704, stack(0x000000b5eec00000,0x000000b5eed00000) (1024K)]
  0x0000023efe5fd3a0 JavaThread "Active Thread: Equinox Container: 3a3a2499-c4f7-4482-a02a-578f603fd348"        [_thread_blocked, id=35428, stack(0x000000b5ef300000,0x000000b5ef400000) (1024K)]
  0x0000023efe5fcd10 JavaThread "Refresh Thread: Equinox Container: 3a3a2499-c4f7-4482-a02a-578f603fd348" daemon [_thread_blocked, id=34888, stack(0x000000b5ee900000,0x000000b5eea00000) (1024K)]
  0x0000023efe5ff470 JavaThread "Framework Event Dispatcher: Equinox Container: 3a3a2499-c4f7-4482-a02a-578f603fd348" daemon [_thread_blocked, id=35800, stack(0x000000b5eea00000,0x000000b5eeb00000) (1024K)]
  0x0000023ed506e8d0 JavaThread "Start Level: Equinox Container: 3a3a2499-c4f7-4482-a02a-578f603fd348" daemon [_thread_in_vm, id=35164, stack(0x000000b5ef500000,0x000000b5ef600000) (1024K)]
  0x0000023ed506c800 JavaThread "Bundle File Closer"         daemon [_thread_blocked, id=35680, stack(0x000000b5efa00000,0x000000b5efb00000) (1024K)]
  0x0000023ed506d520 JavaThread "SCR Component Actor"        daemon [_thread_blocked, id=33176, stack(0x000000b5efb00000,0x000000b5efc00000) (1024K)]
  0x0000023ed506b450 JavaThread "Worker-JM"                         [_thread_blocked, id=37432, stack(0x000000b5efc00000,0x000000b5efd00000) (1024K)]
  0x0000023ed58a2fe0 JavaThread "C1 CompilerThread1"         daemon [_thread_blocked, id=36008, stack(0x000000b5ef600000,0x000000b5ef700000) (1024K)]
  0x0000023ed58a3690 JavaThread "C1 CompilerThread2"         daemon [_thread_blocked, id=39272, stack(0x000000b5f0000000,0x000000b5f0100000) (1024K)]
Total: 20

Other Threads:
  0x0000023ef57d4ba0 VMThread "VM Thread"                           [id=33204, stack(0x000000b5ee000000,0x000000b5ee100000) (1024K)]
  0x0000023ef56cca00 WatcherThread "VM Periodic Task Thread"        [id=36512, stack(0x000000b5edf00000,0x000000b5ee000000) (1024K)]
  0x0000023ef586e380 WorkerThread "GC Thread#0"                     [id=8664, stack(0x000000b5ede00000,0x000000b5edf00000) (1024K)]
  0x0000023ed0a30f10 WorkerThread "GC Thread#1"                     [id=36860, stack(0x000000b5eed00000,0x000000b5eee00000) (1024K)]
  0x0000023ed0a312c0 WorkerThread "GC Thread#2"                     [id=23604, stack(0x000000b5eee00000,0x000000b5eef00000) (1024K)]
  0x0000023ed0a31670 WorkerThread "GC Thread#3"                     [id=34840, stack(0x000000b5eef00000,0x000000b5ef000000) (1024K)]
  0x0000023ed0a31a20 WorkerThread "GC Thread#4"                     [id=34984, stack(0x000000b5ef000000,0x000000b5ef100000) (1024K)]
  0x0000023ed060f650 WorkerThread "GC Thread#5"                     [id=39244, stack(0x000000b5ef100000,0x000000b5ef200000) (1024K)]
  0x0000023ed060fa00 WorkerThread "GC Thread#6"                     [id=34004, stack(0x000000b5ef200000,0x000000b5ef300000) (1024K)]
  0x0000023ed0b3f3e0 WorkerThread "GC Thread#7"                     [id=34500, stack(0x000000b5ef400000,0x000000b5ef500000) (1024K)]
  0x0000023ed50c7940 WorkerThread "GC Thread#8"                     [id=37796, stack(0x000000b5ef700000,0x000000b5ef800000) (1024K)]
  0x0000023ed50c6670 WorkerThread "GC Thread#9"                     [id=37416, stack(0x000000b5ef800000,0x000000b5ef900000) (1024K)]
  0x0000023ed50c6a20 WorkerThread "GC Thread#10"                    [id=2368, stack(0x000000b5ef900000,0x000000b5efa00000) (1024K)]
  0x0000023ed0b73ce0 WorkerThread "GC Thread#11"                    [id=33924, stack(0x000000b5efd00000,0x000000b5efe00000) (1024K)]
  0x0000023ed0b74090 WorkerThread "GC Thread#12"                    [id=31412, stack(0x000000b5efe00000,0x000000b5eff00000) (1024K)]
  0x0000023ed0b74c50 WorkerThread "GC Thread#13"                    [id=19100, stack(0x000000b5eff00000,0x000000b5f0000000) (1024K)]
Total: 16

Threads with active compile tasks:
C2 CompilerThread0  10409 3225       4       org.eclipse.core.internal.dtree.DataTreeReader::readNode (248 bytes)
Total: 1

VM state: not at safepoint (normal execution)

VM Mutex/Monitor currently owned by a thread: None

Heap address: 0x0000000080000000, size: 2048 MB, Compressed Oops mode: 32-bit

CDS archive(s) mapped at: [0x0000023e8f000000-0x0000023e8fba0000-0x0000023e8fba0000), size 12189696, SharedBaseAddress: 0x0000023e8f000000, ArchiveRelocationMode: 1.
Compressed class space mapped at: 0x0000023e90000000-0x0000023ed0000000, reserved size: 1073741824
Narrow klass base: 0x0000023e8f000000, Narrow klass shift: 0, Narrow klass range: 0x100000000

GC Precious Log:
 CardTable entry size: 512
 CPUs: 20 total, 20 available
 Memory: 7911M
 Large Page Support: Disabled
 NUMA Support: Disabled
 Compressed Oops: Enabled (32-bit)
 Alignments: Space 512K, Generation 512K, Heap 2M
 Heap Min Capacity: 100M
 Heap Initial Capacity: 100M
 Heap Max Capacity: 2G
 Pre-touch: Disabled
 Parallel Workers: 15

Heap:
 PSYoungGen      total 29184K, used 28545K [0x00000000d5580000, 0x00000000d7a00000, 0x0000000100000000)
  eden space 25088K, 97% used [0x00000000d5580000,0x00000000d6d64d30,0x00000000d6e00000)
  from space 4096K, 99% used [0x00000000d6e80000,0x00000000d727b9a8,0x00000000d7280000)
  to   space 6144K, 0% used [0x00000000d7400000,0x00000000d7400000,0x00000000d7a00000)
 ParOldGen       total 68608K, used 7810K [0x0000000080000000, 0x0000000084300000, 0x00000000d5580000)
  object space 68608K, 11% used [0x0000000080000000,0x00000000807a09c8,0x0000000084300000)
 Metaspace       used 16382K, committed 17088K, reserved 1114112K
  class space    used 1680K, committed 1984K, reserved 1048576K

Card table byte_map: [0x0000023ef51e0000,0x0000023ef55f0000] _byte_map_base: 0x0000023ef4de0000

Marking Bits: (ParMarkBitMap*) 0x00007ffa00113450
 Begin Bits: [0x0000023ef8cf0000, 0x0000023efacf0000)
 End Bits:   [0x0000023efacf0000, 0x0000023efccf0000)

Polling page: 0x0000023ef35f0000

Metaspace:

Usage:
  Non-class:     14.36 MB used.
      Class:      1.64 MB used.
       Both:     16.00 MB used.

Virtual space:
  Non-class space:       64.00 MB reserved,      14.75 MB ( 23%) committed,  1 nodes.
      Class space:        1.00 GB reserved,       1.94 MB ( <1%) committed,  1 nodes.
             Both:        1.06 GB reserved,      16.69 MB (  2%) committed. 

Chunk freelists:
   Non-Class:  480.00 KB
       Class:  13.93 MB
        Both:  14.40 MB

MaxMetaspaceSize: unlimited
CompressedClassSpaceSize: 1.00 GB
Initial GC threshold: 21.00 MB
Current GC threshold: 21.00 MB
CDS: on
 - commit_granule_bytes: 65536.
 - commit_granule_words: 8192.
 - virtual_space_node_default_size: 8388608.
 - enlarge_chunks_in_place: 1.
 - use_allocation_guard: 0.


Internal statistics:

num_allocs_failed_limit: 0.
num_arena_births: 450.
num_arena_deaths: 0.
num_vsnodes_births: 2.
num_vsnodes_deaths: 0.
num_space_committed: 267.
num_space_uncommitted: 0.
num_chunks_returned_to_freelist: 0.
num_chunks_taken_from_freelist: 1035.
num_chunk_merges: 0.
num_chunk_splits: 659.
num_chunks_enlarged: 424.
num_inconsistent_stats: 0.

CodeHeap 'non-profiled nmethods': size=119168Kb used=1277Kb max_used=1277Kb free=117890Kb
 bounds [0x0000023e87ba0000, 0x0000023e87e10000, 0x0000023e8f000000]
CodeHeap 'profiled nmethods': size=119104Kb used=6902Kb max_used=6902Kb free=112201Kb
 bounds [0x0000023e80000000, 0x0000023e806c0000, 0x0000023e87450000]
CodeHeap 'non-nmethods': size=7488Kb used=2398Kb max_used=2398Kb free=5089Kb
 bounds [0x0000023e87450000, 0x0000023e87730000, 0x0000023e87ba0000]
CodeCache: size=245760Kb, used=10577Kb, max_used=10577Kb, free=235180Kb
 total_blobs=3847, nmethods=3300, adapters=451, full_count=0
Compilation: enabled, stopped_count=0, restarted_count=0

Compilation events (20 events):
Event: 9.252 Thread 0x0000023efe62b010 nmethod 3274 0x0000023e80696110 code [0x0000023e80696360, 0x0000023e80696ca8]
Event: 9.252 Thread 0x0000023efe62b010 3278       3       org.eclipse.core.runtime.Path::canonicalize (62 bytes)
Event: 9.253 Thread 0x0000023ed5091460 nmethod 3276 0x0000023e80697090 code [0x0000023e806973e0, 0x0000023e80698a70]
Event: 9.253 Thread 0x0000023efe62b010 nmethod 3278 0x0000023e80699310 code [0x0000023e80699560, 0x0000023e80699d58]
Event: 9.253 Thread 0x0000023ed5091460 3277       3       org.eclipse.core.runtime.Path::computeSegmentCount (86 bytes)
Event: 9.253 Thread 0x0000023efe62b010 3275       3       org.eclipse.core.runtime.Path::computeFlags (143 bytes)
Event: 9.254 Thread 0x0000023ed5091460 nmethod 3277 0x0000023e8069a110 code [0x0000023e8069a3a0, 0x0000023e8069b118]
Event: 9.254 Thread 0x0000023efe62b010 nmethod 3275 0x0000023e8069b690 code [0x0000023e8069b9e0, 0x0000023e8069d0a0]
Event: 9.256 Thread 0x0000023efe62b010 3279       3       org.eclipse.core.runtime.Path::<init> (9 bytes)
Event: 9.256 Thread 0x0000023efe62b010 nmethod 3279 0x0000023e8069d890 code [0x0000023e8069da40, 0x0000023e8069db80]
Event: 9.258 Thread 0x0000023efe62b010 3280       3       org.eclipse.core.runtime.IPath::fromOSString (9 bytes)
Event: 9.258 Thread 0x0000023efe62b010 nmethod 3280 0x0000023e8069dc10 code [0x0000023e8069ddc0, 0x0000023e8069dfb0]
Event: 9.264 Thread 0x0000023ed5091460 3281   !   3       org.eclipse.core.internal.resources.Workspace::getResourceInfo (109 bytes)
Event: 9.265 Thread 0x0000023ed5091460 nmethod 3281 0x0000023e8069e090 code [0x0000023e8069e320, 0x0000023e8069ee68]
Event: 9.266 Thread 0x0000023ed5091460 3282       3       org.eclipse.core.internal.dtree.DataTreeLookup::<init> (26 bytes)
Event: 9.266 Thread 0x0000023ed5091460 nmethod 3282 0x0000023e8069f410 code [0x0000023e8069f5c0, 0x0000023e8069f768]
Event: 9.270 Thread 0x0000023efe62b010 3283       3       org.eclipse.core.runtime.Path::<init> (161 bytes)
Event: 9.270 Thread 0x0000023ed5091460 3284       3       org.eclipse.core.internal.resources.MarkerSet::<init> (24 bytes)
Event: 9.270 Thread 0x0000023ed5091460 nmethod 3284 0x0000023e8069f810 code [0x0000023e8069f9c0, 0x0000023e8069fc88]
Event: 9.271 Thread 0x0000023efe62b010 nmethod 3283 0x0000023e8069fd90 code [0x0000023e806a00a0, 0x0000023e806a0f98]

GC Heap History (10 events):
Event: 0.804 GC heap before
{Heap before GC invocations=1 (full 0):
 PSYoungGen      total 29696K, used 25600K [0x00000000d5580000, 0x00000000d7680000, 0x0000000100000000)
  eden space 25600K, 100% used [0x00000000d5580000,0x00000000d6e80000,0x00000000d6e80000)
  from space 4096K, 0% used [0x00000000d7280000,0x00000000d7280000,0x00000000d7680000)
  to   space 4096K, 0% used [0x00000000d6e80000,0x00000000d6e80000,0x00000000d7280000)
 ParOldGen       total 68608K, used 0K [0x0000000080000000, 0x0000000084300000, 0x00000000d5580000)
  object space 68608K, 0% used [0x0000000080000000,0x0000000080000000,0x0000000084300000)
 Metaspace       used 4221K, committed 4480K, reserved 1114112K
  class space    used 464K, committed 576K, reserved 1048576K
}
Event: 0.810 GC heap after
{Heap after GC invocations=1 (full 0):
 PSYoungGen      total 29696K, used 3836K [0x00000000d5580000, 0x00000000d7680000, 0x0000000100000000)
  eden space 25600K, 0% used [0x00000000d5580000,0x00000000d5580000,0x00000000d6e80000)
  from space 4096K, 93% used [0x00000000d6e80000,0x00000000d723f000,0x00000000d7280000)
  to   space 4096K, 0% used [0x00000000d7280000,0x00000000d7280000,0x00000000d7680000)
 ParOldGen       total 68608K, used 16K [0x0000000080000000, 0x0000000084300000, 0x00000000d5580000)
  object space 68608K, 0% used [0x0000000080000000,0x0000000080004000,0x0000000084300000)
 Metaspace       used 4221K, committed 4480K, reserved 1114112K
  class space    used 464K, committed 576K, reserved 1048576K
}
Event: 1.172 GC heap before
{Heap before GC invocations=2 (full 0):
 PSYoungGen      total 29696K, used 29436K [0x00000000d5580000, 0x00000000d7680000, 0x0000000100000000)
  eden space 25600K, 100% used [0x00000000d5580000,0x00000000d6e80000,0x00000000d6e80000)
  from space 4096K, 93% used [0x00000000d6e80000,0x00000000d723f000,0x00000000d7280000)
  to   space 4096K, 0% used [0x00000000d7280000,0x00000000d7280000,0x00000000d7680000)
 ParOldGen       total 68608K, used 16K [0x0000000080000000, 0x0000000084300000, 0x00000000d5580000)
  object space 68608K, 0% used [0x0000000080000000,0x0000000080004000,0x0000000084300000)
 Metaspace       used 7857K, committed 8128K, reserved 1114112K
  class space    used 811K, committed 960K, reserved 1048576K
}
Event: 1.178 GC heap after
{Heap after GC invocations=2 (full 0):
 PSYoungGen      total 29696K, used 4086K [0x00000000d5580000, 0x00000000d7680000, 0x0000000100000000)
  eden space 25600K, 0% used [0x00000000d5580000,0x00000000d5580000,0x00000000d6e80000)
  from space 4096K, 99% used [0x00000000d7280000,0x00000000d767d810,0x00000000d7680000)
  to   space 4096K, 0% used [0x00000000d6e80000,0x00000000d6e80000,0x00000000d7280000)
 ParOldGen       total 68608K, used 1929K [0x0000000080000000, 0x0000000084300000, 0x00000000d5580000)
  object space 68608K, 2% used [0x0000000080000000,0x00000000801e26a8,0x0000000084300000)
 Metaspace       used 7857K, committed 8128K, reserved 1114112K
  class space    used 811K, committed 960K, reserved 1048576K
}
Event: 5.030 GC heap before
{Heap before GC invocations=3 (full 0):
 PSYoungGen      total 29696K, used 29686K [0x00000000d5580000, 0x00000000d7680000, 0x0000000100000000)
  eden space 25600K, 100% used [0x00000000d5580000,0x00000000d6e80000,0x00000000d6e80000)
  from space 4096K, 99% used [0x00000000d7280000,0x00000000d767d810,0x00000000d7680000)
  to   space 4096K, 0% used [0x00000000d6e80000,0x00000000d6e80000,0x00000000d7280000)
 ParOldGen       total 68608K, used 1929K [0x0000000080000000, 0x0000000084300000, 0x00000000d5580000)
  object space 68608K, 2% used [0x0000000080000000,0x00000000801e26a8,0x0000000084300000)
 Metaspace       used 9474K, committed 9856K, reserved 1114112K
  class space    used 1006K, committed 1152K, reserved 1048576K
}
Event: 5.034 GC heap after
{Heap after GC invocations=3 (full 0):
 PSYoungGen      total 29696K, used 4077K [0x00000000d5580000, 0x00000000d7680000, 0x0000000100000000)
  eden space 25600K, 0% used [0x00000000d5580000,0x00000000d5580000,0x00000000d6e80000)
  from space 4096K, 99% used [0x00000000d6e80000,0x00000000d727b700,0x00000000d7280000)
  to   space 4096K, 0% used [0x00000000d7280000,0x00000000d7280000,0x00000000d7680000)
 ParOldGen       total 68608K, used 4394K [0x0000000080000000, 0x0000000084300000, 0x00000000d5580000)
  object space 68608K, 6% used [0x0000000080000000,0x000000008044ab80,0x0000000084300000)
 Metaspace       used 9474K, committed 9856K, reserved 1114112K
  class space    used 1006K, committed 1152K, reserved 1048576K
}
Event: 8.590 GC heap before
{Heap before GC invocations=4 (full 0):
 PSYoungGen      total 29696K, used 29677K [0x00000000d5580000, 0x00000000d7680000, 0x0000000100000000)
  eden space 25600K, 100% used [0x00000000d5580000,0x00000000d6e80000,0x00000000d6e80000)
  from space 4096K, 99% used [0x00000000d6e80000,0x00000000d727b700,0x00000000d7280000)
  to   space 4096K, 0% used [0x00000000d7280000,0x00000000d7280000,0x00000000d7680000)
 ParOldGen       total 68608K, used 4394K [0x0000000080000000, 0x0000000084300000, 0x00000000d5580000)
  object space 68608K, 6% used [0x0000000080000000,0x000000008044ab80,0x0000000084300000)
 Metaspace       used 11529K, committed 11968K, reserved 1114112K
  class space    used 1207K, committed 1408K, reserved 1048576K
}
Event: 8.595 GC heap after
{Heap after GC invocations=4 (full 0):
 PSYoungGen      total 29696K, used 4094K [0x00000000d5580000, 0x00000000d7680000, 0x0000000100000000)
  eden space 25600K, 0% used [0x00000000d5580000,0x00000000d5580000,0x00000000d6e80000)
  from space 4096K, 99% used [0x00000000d7280000,0x00000000d767faa0,0x00000000d7680000)
  to   space 4096K, 0% used [0x00000000d6e80000,0x00000000d6e80000,0x00000000d7280000)
 ParOldGen       total 68608K, used 6644K [0x0000000080000000, 0x0000000084300000, 0x00000000d5580000)
  object space 68608K, 9% used [0x0000000080000000,0x000000008067d308,0x0000000084300000)
 Metaspace       used 11529K, committed 11968K, reserved 1114112K
  class space    used 1207K, committed 1408K, reserved 1048576K
}
Event: 9.151 GC heap before
{Heap before GC invocations=5 (full 0):
 PSYoungGen      total 29696K, used 29694K [0x00000000d5580000, 0x00000000d7680000, 0x0000000100000000)
  eden space 25600K, 100% used [0x00000000d5580000,0x00000000d6e80000,0x00000000d6e80000)
  from space 4096K, 99% used [0x00000000d7280000,0x00000000d767faa0,0x00000000d7680000)
  to   space 4096K, 0% used [0x00000000d6e80000,0x00000000d6e80000,0x00000000d7280000)
 ParOldGen       total 68608K, used 6644K [0x0000000080000000, 0x0000000084300000, 0x00000000d5580000)
  object space 68608K, 9% used [0x0000000080000000,0x000000008067d308,0x0000000084300000)
 Metaspace       used 15525K, committed 16128K, reserved 1114112K
  class space    used 1594K, committed 1856K, reserved 1048576K
}
Event: 9.154 GC heap after
{Heap after GC invocations=5 (full 0):
 PSYoungGen      total 29184K, used 4078K [0x00000000d5580000, 0x00000000d7a00000, 0x0000000100000000)
  eden space 25088K, 0% used [0x00000000d5580000,0x00000000d5580000,0x00000000d6e00000)
  from space 4096K, 99% used [0x00000000d6e80000,0x00000000d727b9a8,0x00000000d7280000)
  to   space 6144K, 0% used [0x00000000d7400000,0x00000000d7400000,0x00000000d7a00000)
 ParOldGen       total 68608K, used 7810K [0x0000000080000000, 0x0000000084300000, 0x00000000d5580000)
  object space 68608K, 11% used [0x0000000080000000,0x00000000807a09c8,0x0000000084300000)
 Metaspace       used 15525K, committed 16128K, reserved 1114112K
  class space    used 1594K, committed 1856K, reserved 1048576K
}

Dll operation events (9 events):
Event: 0.407 Loaded shared library c:\Users\jibri\.cursor\extensions\redhat.java-1.53.0-win32-x64\jre\21.0.10-win32-x86_64\bin\java.dll
Event: 0.447 Loaded shared library c:\Users\jibri\.cursor\extensions\redhat.java-1.53.0-win32-x64\jre\21.0.10-win32-x86_64\bin\zip.dll
Event: 0.459 Loaded shared library C:\Users\jibri\.cursor\extensions\redhat.java-1.53.0-win32-x64\jre\21.0.10-win32-x86_64\bin\instrument.dll
Event: 0.466 Loaded shared library C:\Users\jibri\.cursor\extensions\redhat.java-1.53.0-win32-x64\jre\21.0.10-win32-x86_64\bin\net.dll
Event: 0.472 Loaded shared library C:\Users\jibri\.cursor\extensions\redhat.java-1.53.0-win32-x64\jre\21.0.10-win32-x86_64\bin\nio.dll
Event: 0.474 Loaded shared library C:\Users\jibri\.cursor\extensions\redhat.java-1.53.0-win32-x64\jre\21.0.10-win32-x86_64\bin\zip.dll
Event: 0.483 Loaded shared library C:\Users\jibri\.cursor\extensions\redhat.java-1.53.0-win32-x64\jre\21.0.10-win32-x86_64\bin\jimage.dll
Event: 0.525 Loaded shared library c:\Users\jibri\.cursor\extensions\redhat.java-1.53.0-win32-x64\jre\21.0.10-win32-x86_64\bin\verify.dll
Event: 4.499 Loaded shared library C:\Users\jibri\AppData\Roaming\Cursor\User\globalStorage\redhat.java\1.53.0\config_win\org.eclipse.equinox.launcher\org.eclipse.equinox.launcher.win32.win32.x86_64_1.3.0.v20260203-2149\eclipse_11919.dll

Deoptimization events (20 events):
Event: 9.292 Thread 0x0000023ed506e8d0 DEOPT PACKING pc=0x0000023e8068573e sp=0x000000b5ef5f9490
Event: 9.292 Thread 0x0000023ed506e8d0 DEOPT UNPACKING pc=0x0000023e874a4242 sp=0x000000b5ef5f89d0 mode 0
Event: 9.293 Thread 0x0000023ed506e8d0 DEOPT PACKING pc=0x0000023e8068573e sp=0x000000b5ef5f9490
Event: 9.293 Thread 0x0000023ed506e8d0 DEOPT UNPACKING pc=0x0000023e874a4242 sp=0x000000b5ef5f89d0 mode 0
Event: 9.293 Thread 0x0000023ed506e8d0 DEOPT PACKING pc=0x0000023e8068573e sp=0x000000b5ef5f9490
Event: 9.293 Thread 0x0000023ed506e8d0 DEOPT UNPACKING pc=0x0000023e874a4242 sp=0x000000b5ef5f89d0 mode 0
Event: 9.294 Thread 0x0000023ed506e8d0 DEOPT PACKING pc=0x0000023e8068573e sp=0x000000b5ef5f9490
Event: 9.294 Thread 0x0000023ed506e8d0 DEOPT UNPACKING pc=0x0000023e874a4242 sp=0x000000b5ef5f89d0 mode 0
Event: 9.294 Thread 0x0000023ed506e8d0 DEOPT PACKING pc=0x0000023e8068573e sp=0x000000b5ef5f9490
Event: 9.294 Thread 0x0000023ed506e8d0 DEOPT UNPACKING pc=0x0000023e874a4242 sp=0x000000b5ef5f89d0 mode 0
Event: 9.294 Thread 0x0000023ed506e8d0 DEOPT PACKING pc=0x0000023e8068573e sp=0x000000b5ef5f9490
Event: 9.294 Thread 0x0000023ed506e8d0 DEOPT UNPACKING pc=0x0000023e874a4242 sp=0x000000b5ef5f89d0 mode 0
Event: 9.295 Thread 0x0000023ed506e8d0 DEOPT PACKING pc=0x0000023e8068573e sp=0x000000b5ef5f9490
Event: 9.295 Thread 0x0000023ed506e8d0 DEOPT UNPACKING pc=0x0000023e874a4242 sp=0x000000b5ef5f89d0 mode 0
Event: 9.296 Thread 0x0000023ed506e8d0 DEOPT PACKING pc=0x0000023e8068573e sp=0x000000b5ef5f9490
Event: 9.296 Thread 0x0000023ed506e8d0 DEOPT UNPACKING pc=0x0000023e874a4242 sp=0x000000b5ef5f89d0 mode 0
Event: 9.296 Thread 0x0000023ed506e8d0 DEOPT PACKING pc=0x0000023e8068573e sp=0x000000b5ef5f9490
Event: 9.296 Thread 0x0000023ed506e8d0 DEOPT UNPACKING pc=0x0000023e874a4242 sp=0x000000b5ef5f89d0 mode 0
Event: 9.297 Thread 0x0000023ed506e8d0 DEOPT PACKING pc=0x0000023e8068573e sp=0x000000b5ef5f9490
Event: 9.297 Thread 0x0000023ed506e8d0 DEOPT UNPACKING pc=0x0000023e874a4242 sp=0x000000b5ef5f89d0 mode 0

Classes loaded (20 events):
Event: 9.103 Loading class java/text/FieldPosition$Delegate
Event: 9.103 Loading class java/text/FieldPosition$Delegate done
Event: 9.104 Loading class java/text/MessageFormat$Field
Event: 9.104 Loading class java/text/MessageFormat$Field done
Event: 9.123 Loading class java/util/stream/SortedOps
Event: 9.123 Loading class java/util/stream/SortedOps done
Event: 9.124 Loading class java/util/stream/SortedOps$OfRef
Event: 9.124 Loading class java/util/stream/ReferencePipeline$StatefulOp
Event: 9.124 Loading class java/util/stream/ReferencePipeline$StatefulOp done
Event: 9.124 Loading class java/util/stream/SortedOps$OfRef done
Event: 9.124 Loading class java/util/stream/SortedOps$RefSortingSink
Event: 9.125 Loading class java/util/stream/SortedOps$AbstractRefSortingSink
Event: 9.125 Loading class java/util/stream/SortedOps$AbstractRefSortingSink done
Event: 9.125 Loading class java/util/stream/SortedOps$RefSortingSink done
Event: 9.140 Loading class java/util/zip/ZipOutputStream
Event: 9.140 Loading class java/util/zip/DeflaterOutputStream
Event: 9.140 Loading class java/util/zip/DeflaterOutputStream done
Event: 9.140 Loading class java/util/zip/ZipOutputStream done
Event: 9.186 Loading class java/io/FilenameFilter
Event: 9.186 Loading class java/io/FilenameFilter done

Classes unloaded (0 events):
No events

Classes redefined (0 events):
No events

Internal exceptions (20 events):
Event: 1.142 Thread 0x0000023ef3458a10 Exception <a 'java/lang/ClassNotFoundException'{0x00000000d6c52448}: sun/net/www/protocol/plurl/Handler> (0x00000000d6c52448) 
thrown [s\src\hotspot\share\classfile\systemDictionary.cpp, line 312]
Event: 4.471 Thread 0x0000023ef3458a10 Exception <a 'java/lang/UnsatisfiedLinkError'{0x00000000d58226c8}: 'void org.eclipse.equinox.launcher.JNIBridge._update_splash()'> (0x00000000d58226c8) 
thrown [s\src\hotspot\share\prims\nativeLookup.cpp, line 415]
Event: 4.505 Thread 0x0000023efe5fcd10 Exception <a 'java/lang/NoSuchMethodError'{0x00000000d5acad60}: 'void java.lang.invoke.DirectMethodHandle$Holder.invokeInterface(java.lang.Object, java.lang.Object, java.lang.Object)'> (0x00000000d5acad60) 
thrown [s\src\hotspot\share\interpreter\linkResolver.cpp, line 773]
Event: 4.584 Thread 0x0000023ed506e8d0 Exception <a 'java/lang/NoSuchMethodError'{0x00000000d5e877c0}: 'java.lang.Object java.lang.invoke.DirectMethodHandle$Holder.newInvokeSpecial(java.lang.Object, java.lang.Object, int, java.lang.Object)'> (0x00000000d5e877c0) 
thrown [s\src\hotspot\share\interpreter\linkResolver.cpp, line 773]
Event: 4.585 Thread 0x0000023ed506e8d0 Exception <a 'java/lang/NoSuchMethodError'{0x00000000d5e8b5f0}: 'java.lang.Object java.lang.invoke.DirectMethodHandle$Holder.invokeSpecial(java.lang.Object, java.lang.Object, java.lang.Object, int, java.lang.Object)'> (0x00000000d5e8b5f0) 
thrown [s\src\hotspot\share\interpreter\linkResolver.cpp, line 773]
Event: 4.597 Thread 0x0000023ed506e8d0 Exception <a 'java/lang/NoClassDefFoundError'{0x00000000d5f32648}: jakarta/servlet/ServletContainerInitializer> (0x00000000d5f32648) 
thrown [s\src\hotspot\share\classfile\systemDictionary.cpp, line 301]
Event: 4.618 Thread 0x0000023ed506e8d0 Exception <a 'java/lang/ClassNotFoundException'{0x00000000d60983b0}: sun/util/logging/resources/spi/loggingProvider> (0x00000000d60983b0) 
thrown [s\src\hotspot\share\classfile\systemDictionary.cpp, line 312]
Event: 8.483 Thread 0x0000023ed506e8d0 Exception <a 'java/lang/NullPointerException'{0x00000000d6893b20}> (0x00000000d6893b20) 
thrown [s\src\hotspot\share\interpreter\linkResolver.cpp, line 1372]
Event: 8.483 Thread 0x0000023ed506e8d0 Exception <a 'java/lang/NullPointerException'{0x00000000d6893e00}> (0x00000000d6893e00) 
thrown [s\src\hotspot\share\interpreter\linkResolver.cpp, line 1372]
Event: 8.674 Thread 0x0000023ed506e8d0 Exception <a 'java/lang/NoSuchMethodError'{0x00000000d597fcd0}: 'long java.lang.invoke.DirectMethodHandle$Holder.invokeSpecial(java.lang.Object, java.lang.Object)'> (0x00000000d597fcd0) 
thrown [s\src\hotspot\share\interpreter\linkResolver.cpp, line 773]
Event: 8.721 Thread 0x0000023ed506e8d0 Exception <a 'java/io/FileNotFoundException'{0x00000000d5bb62c8}> (0x00000000d5bb62c8) 
thrown [s\src\hotspot\share\prims\jni.cpp, line 520]
Event: 8.868 Thread 0x0000023ed506e8d0 Exception <a 'java/lang/NoSuchMethodError'{0x00000000d60bb178}: 'java.lang.Object java.lang.invoke.Invokers$Holder.linkToTargetMethod(java.lang.Object, long, java.lang.Object)'> (0x00000000d60bb178) 
thrown [s\src\hotspot\share\interpreter\linkResolver.cpp, line 773]
Event: 8.953 Thread 0x0000023ed506e8d0 Exception <a 'java/lang/NoSuchMethodError'{0x00000000d65e89a8}: 'void java.lang.invoke.Invokers$Holder.invokeExact_MT(java.lang.Object, java.lang.Object, java.lang.Object)'> (0x00000000d65e89a8) 
thrown [s\src\hotspot\share\interpreter\linkResolver.cpp, line 773]
Event: 9.028 Thread 0x0000023ed506e8d0 Exception <a 'java/lang/NoSuchMethodError'{0x00000000d68e9808}: 'java.lang.Object java.lang.invoke.DirectMethodHandle$Holder.invokeVirtual(java.lang.Object, java.lang.Object, java.lang.Object)'> (0x00000000d68e9808) 
thrown [s\src\hotspot\share\interpreter\linkResolver.cpp, line 773]
Event: 9.030 Thread 0x0000023ed506e8d0 Exception <a 'java/lang/NoSuchMethodError'{0x00000000d69012a0}: 'java.lang.Object java.lang.invoke.DelegatingMethodHandle$Holder.reinvoke_L(java.lang.Object, java.lang.Object, java.lang.Object, java.lang.Object, int, int)'> (0x00000000d69012a0) 
thrown [s\src\hotspot\share\interpreter\linkResolver.cpp, line 773]
Event: 9.032 Thread 0x0000023ed506e8d0 Exception <a 'java/lang/NoSuchMethodError'{0x00000000d691d6a0}: 'java.lang.Object java.lang.invoke.DirectMethodHandle$Holder.newInvokeSpecial(java.lang.Object, java.lang.Object, java.lang.Object, java.lang.Object, java.lang.Object, java.lang.Object)'> (0x00000000d691d6a0) 
thrown [s\src\hotspot\share\interpreter\linkResolver.cpp, line 773]
Event: 9.035 Thread 0x0000023ed506e8d0 Exception <a 'java/lang/NoSuchMethodError'{0x00000000d6939378}: 'void java.lang.invoke.Invokers$Holder.invokeExact_MT(java.lang.Object, java.lang.Object, java.lang.Object, java.lang.Object)'> (0x00000000d6939378) 
thrown [s\src\hotspot\share\interpreter\linkResolver.cpp, line 773]
Event: 9.107 Thread 0x0000023ed506e8d0 Exception <a 'java/io/FileNotFoundException'{0x00000000d6c17bc8}> (0x00000000d6c17bc8) 
thrown [s\src\hotspot\share\prims\jni.cpp, line 520]
Event: 9.108 Thread 0x0000023ed506e8d0 Exception <a 'java/io/FileNotFoundException'{0x00000000d6c1efe8}> (0x00000000d6c1efe8) 
thrown [s\src\hotspot\share\prims\jni.cpp, line 520]
Event: 9.185 Thread 0x0000023ed506e8d0 Exception <a 'java/lang/NoSuchMethodError'{0x00000000d5a164b0}: 'java.lang.Object java.lang.invoke.DirectMethodHandle$Holder.newInvokeSpecial(java.lang.Object, java.lang.Object, java.lang.Object, java.lang.Object, java.lang.Object)'> (0x00000000d5a164b0) 
thrown [s\src\hotspot\share\interpreter\linkResolver.cpp, line 773]

ZGC Phase Switch (0 events):
No events

VM Operations (20 events):
Event: 5.254 Executing non-safepoint VM operation: HandshakeAllThreads (Deoptimize)
Event: 5.254 Executing non-safepoint VM operation: HandshakeAllThreads (Deoptimize) done
Event: 6.270 Executing safepoint VM operation: Cleanup
Event: 6.270 Executing safepoint VM operation: Cleanup done
Event: 7.283 Executing safepoint VM operation: Cleanup
Event: 7.283 Executing safepoint VM operation: Cleanup done
Event: 8.292 Executing safepoint VM operation: Cleanup
Event: 8.292 Executing safepoint VM operation: Cleanup done
Event: 8.590 Executing safepoint VM operation: ParallelGCFailedAllocation (Allocation Failure)
Event: 8.595 Executing safepoint VM operation: ParallelGCFailedAllocation (Allocation Failure) done
Event: 8.599 Executing non-safepoint VM operation: HandshakeAllThreads (Deoptimize)
Event: 8.599 Executing non-safepoint VM operation: HandshakeAllThreads (Deoptimize) done
Event: 9.030 Executing safepoint VM operation: ICBufferFull
Event: 9.030 Executing safepoint VM operation: ICBufferFull done
Event: 9.124 Executing non-safepoint VM operation: HandshakeAllThreads (Deoptimize)
Event: 9.124 Executing non-safepoint VM operation: HandshakeAllThreads (Deoptimize) done
Event: 9.151 Executing safepoint VM operation: ParallelGCFailedAllocation (Allocation Failure)
Event: 9.154 Executing safepoint VM operation: ParallelGCFailedAllocation (Allocation Failure) done
Event: 10.156 Executing safepoint VM operation: Cleanup
Event: 10.156 Executing safepoint VM operation: Cleanup done

Memory protections (0 events):
No events

Nmethod flushes (0 events):
No events

Events (20 events):
Event: 0.429 Thread 0x0000023ef3458a10 Thread added: 0x0000023efe5fbff0
Event: 0.429 Thread 0x0000023ef3458a10 Thread added: 0x0000023efe5fda30
Event: 0.429 Thread 0x0000023ef3458a10 Thread added: 0x0000023efe5fe750
Event: 0.430 Thread 0x0000023ef3458a10 Thread added: 0x0000023efe5fc680
Event: 0.430 Thread 0x0000023ef3458a10 Thread added: 0x0000023efe626e60
Event: 0.430 Thread 0x0000023ef3458a10 Thread added: 0x0000023efe62b010
Event: 0.446 Thread 0x0000023efe62b010 Thread added: 0x0000023efe75b350
Event: 0.446 Thread 0x0000023efe62b010 Thread added: 0x0000023efe75ba00
Event: 0.460 Thread 0x0000023ef3458a10 Thread added: 0x0000023efe5fe0c0
Event: 0.571 Thread 0x0000023ef3458a10 Thread added: 0x0000023efe5fede0
Event: 1.095 Thread 0x0000023ef3458a10 Thread added: 0x0000023efe5fd3a0
Event: 2.084 Thread 0x0000023efe75ba00 Thread exited: 0x0000023efe75ba00
Event: 2.084 Thread 0x0000023efe75b350 Thread exited: 0x0000023efe75b350
Event: 4.470 Thread 0x0000023ef3458a10 Thread added: 0x0000023efe5fcd10
Event: 4.510 Thread 0x0000023efe5fcd10 Thread added: 0x0000023efe5ff470
Event: 4.512 Thread 0x0000023ef3458a10 Thread added: 0x0000023ed506e8d0
Event: 4.646 Thread 0x0000023efe62b010 Thread added: 0x0000023ed5091460
Event: 5.189 Thread 0x0000023ed506e8d0 Thread added: 0x0000023ed506c800
Event: 8.579 Thread 0x0000023ed506e8d0 Thread added: 0x0000023ed506d520
Event: 8.918 Thread 0x0000023ed506e8d0 Thread added: 0x0000023ed506b450


Dynamic libraries:
0x00007ff6602d0000 - 0x00007ff6602de000 	c:\Users\jibri\.cursor\extensions\redhat.java-1.53.0-win32-x64\jre\21.0.10-win32-x86_64\bin\java.exe
0x00007ffacc260000 - 0x00007ffacc4c8000 	C:\WINDOWS\SYSTEM32\ntdll.dll
0x00007ffaa4860000 - 0x00007ffaa4880000 	C:\Program Files\Avast Software\Avast\aswhook.dll
0x00007ffacb560000 - 0x00007ffacb629000 	C:\WINDOWS\System32\KERNEL32.DLL
0x00007ffac9020000 - 0x00007ffac9411000 	C:\WINDOWS\System32\KERNELBASE.dll
0x00007ffac6060000 - 0x00007ffac60fe000 	C:\WINDOWS\SYSTEM32\apphelp.dll
0x00007ffac9df0000 - 0x00007ffac9f3b000 	C:\WINDOWS\System32\ucrtbase.dll
0x00007ffa74800000 - 0x00007ffa7481e000 	c:\Users\jibri\.cursor\extensions\redhat.java-1.53.0-win32-x64\jre\21.0.10-win32-x86_64\bin\VCRUNTIME140.dll
0x00007ffa76d50000 - 0x00007ffa76d68000 	c:\Users\jibri\.cursor\extensions\redhat.java-1.53.0-win32-x64\jre\21.0.10-win32-x86_64\bin\jli.dll
0x00007ffacbc20000 - 0x00007ffacbde6000 	C:\WINDOWS\System32\USER32.dll
0x00007ffac9550000 - 0x00007ffac9577000 	C:\WINDOWS\System32\win32u.dll
0x00007ffaad0c0000 - 0x00007ffaad353000 	C:\WINDOWS\WinSxS\amd64_microsoft.windows.common-controls_6595b64144ccf1df_6.0.26100.7824_none_3e0870b2e3345462\COMCTL32.dll
0x00007ffacbbf0000 - 0x00007ffacbc1b000 	C:\WINDOWS\System32\GDI32.dll
0x00007ffaca0f0000 - 0x00007ffaca199000 	C:\WINDOWS\System32\msvcrt.dll
0x00007ffac9420000 - 0x00007ffac954b000 	C:\WINDOWS\System32\gdi32full.dll
0x00007ffac8ec0000 - 0x00007ffac8f63000 	C:\WINDOWS\System32\msvcp_win.dll
0x00007ffacb2e0000 - 0x00007ffacb311000 	C:\WINDOWS\System32\IMM32.DLL
0x00007ffac4b20000 - 0x00007ffac4b2c000 	c:\Users\jibri\.cursor\extensions\redhat.java-1.53.0-win32-x64\jre\21.0.10-win32-x86_64\bin\vcruntime140_1.dll
0x00007ffa50a50000 - 0x00007ffa50add000 	c:\Users\jibri\.cursor\extensions\redhat.java-1.53.0-win32-x64\jre\21.0.10-win32-x86_64\bin\msvcp140.dll
0x00007ff9ff450000 - 0x00007ffa001f1000 	c:\Users\jibri\.cursor\extensions\redhat.java-1.53.0-win32-x64\jre\21.0.10-win32-x86_64\bin\server\jvm.dll
0x00007ffacb710000 - 0x00007ffacb7c4000 	C:\WINDOWS\System32\ADVAPI32.dll
0x00007ffacb190000 - 0x00007ffacb236000 	C:\WINDOWS\System32\sechost.dll
0x00007ffacb070000 - 0x00007ffacb188000 	C:\WINDOWS\System32\RPCRT4.dll
0x00007ffacb7d0000 - 0x00007ffacb844000 	C:\WINDOWS\System32\WS2_32.dll
0x00007ffac89a0000 - 0x00007ffac89fe000 	C:\WINDOWS\SYSTEM32\POWRPROF.dll
0x00007ffab9b60000 - 0x00007ffab9b95000 	C:\WINDOWS\SYSTEM32\WINMM.dll
0x00007ffac2fa0000 - 0x00007ffac2fab000 	C:\WINDOWS\SYSTEM32\VERSION.dll
0x00007ffac8980000 - 0x00007ffac8994000 	C:\WINDOWS\SYSTEM32\UMPDC.dll
0x00007ffac78b0000 - 0x00007ffac78cb000 	C:\WINDOWS\SYSTEM32\kernel.appcore.dll
0x00007ffaafb80000 - 0x00007ffaafb8a000 	c:\Users\jibri\.cursor\extensions\redhat.java-1.53.0-win32-x64\jre\21.0.10-win32-x86_64\bin\jimage.dll
0x00007ffac6b30000 - 0x00007ffac6d72000 	C:\WINDOWS\SYSTEM32\DBGHELP.DLL
0x00007ffacb860000 - 0x00007ffacbbe6000 	C:\WINDOWS\System32\combase.dll
0x00007ffacb630000 - 0x00007ffacb707000 	C:\WINDOWS\System32\OLEAUT32.dll
0x00007ffaba460000 - 0x00007ffaba49b000 	C:\WINDOWS\SYSTEM32\dbgcore.DLL
0x00007ffac8f70000 - 0x00007ffac9015000 	C:\WINDOWS\System32\bcryptPrimitives.dll
0x00007ffac4b60000 - 0x00007ffac4b6f000 	c:\Users\jibri\.cursor\extensions\redhat.java-1.53.0-win32-x64\jre\21.0.10-win32-x86_64\bin\instrument.dll
0x00007ffa747e0000 - 0x00007ffa74800000 	c:\Users\jibri\.cursor\extensions\redhat.java-1.53.0-win32-x64\jre\21.0.10-win32-x86_64\bin\java.dll
0x00007ffaca380000 - 0x00007ffacaad2000 	C:\WINDOWS\System32\SHELL32.dll
0x00007ffac8d50000 - 0x00007ffac8eba000 	C:\WINDOWS\System32\wintypes.dll
0x00007ffac9580000 - 0x00007ffac9de3000 	C:\WINDOWS\System32\windows.storage.dll
0x00007ffacaae0000 - 0x00007ffacabd6000 	C:\WINDOWS\System32\SHCORE.dll
0x00007ffaca000000 - 0x00007ffaca067000 	C:\WINDOWS\System32\shlwapi.dll
0x00007ffac8a60000 - 0x00007ffac8a89000 	C:\WINDOWS\SYSTEM32\profapi.dll
0x00007ffa747c0000 - 0x00007ffa747d8000 	c:\Users\jibri\.cursor\extensions\redhat.java-1.53.0-win32-x64\jre\21.0.10-win32-x86_64\bin\zip.dll
0x00007ffaaf630000 - 0x00007ffaaf640000 	C:\Users\jibri\.cursor\extensions\redhat.java-1.53.0-win32-x64\jre\21.0.10-win32-x86_64\bin\net.dll
0x00007ffac2220000 - 0x00007ffac2347000 	C:\WINDOWS\SYSTEM32\WINHTTP.dll
0x00007ffac7e30000 - 0x00007ffac7e9b000 	C:\WINDOWS\system32\mswsock.dll
0x00007ffa746f0000 - 0x00007ffa74706000 	C:\Users\jibri\.cursor\extensions\redhat.java-1.53.0-win32-x64\jre\21.0.10-win32-x86_64\bin\nio.dll
0x00007ffac3f30000 - 0x00007ffac3f40000 	c:\Users\jibri\.cursor\extensions\redhat.java-1.53.0-win32-x64\jre\21.0.10-win32-x86_64\bin\verify.dll
0x00007ffaa8cd0000 - 0x00007ffaa8d15000 	C:\Users\jibri\AppData\Roaming\Cursor\User\globalStorage\redhat.java\1.53.0\config_win\org.eclipse.equinox.launcher\org.eclipse.equinox.launcher.win32.win32.x86_64_1.3.0.v20260203-2149\eclipse_11919.dll
0x00007ffacbdf0000 - 0x00007ffacbf87000 	C:\WINDOWS\System32\ole32.dll

JVMTI agents:
c:\Users\jibri\.cursor\extensions\redhat.java-1.53.0-win32-x64\lombok\lombok-1.18.39-4050.jar path:c:\Users\jibri\.cursor\extensions\redhat.java-1.53.0-win32-x64\jre\21.0.10-win32-x86_64\bin\instrument.dll, loaded, initialized, instrumentlib options:none

dbghelp: loaded successfully - version: 4.0.5 - missing functions: none
symbol engine: initialized successfully - sym options: 0x614 - pdb path: .;c:\Users\jibri\.cursor\extensions\redhat.java-1.53.0-win32-x64\jre\21.0.10-win32-x86_64\bin;C:\WINDOWS\SYSTEM32;C:\Program Files\Avast Software\Avast;C:\WINDOWS\WinSxS\amd64_microsoft.windows.common-controls_6595b64144ccf1df_6.0.26100.7824_none_3e0870b2e3345462;c:\Users\jibri\.cursor\extensions\redhat.java-1.53.0-win32-x64\jre\21.0.10-win32-x86_64\bin\server;C:\Users\jibri\AppData\Roaming\Cursor\User\globalStorage\redhat.java\1.53.0\config_win\org.eclipse.equinox.launcher\org.eclipse.equinox.launcher.win32.win32.x86_64_1.3.0.v20260203-2149

VM Arguments:
jvm_args: --add-modules=ALL-SYSTEM --add-opens=java.base/java.util=ALL-UNNAMED --add-opens=java.base/java.lang=ALL-UNNAMED --add-opens=java.base/sun.nio.fs=ALL-UNNAMED -Declipse.application=org.eclipse.jdt.ls.core.id1 -Dosgi.bundles.defaultStartLevel=4 -Declipse.product=org.eclipse.jdt.ls.core.product -Djava.import.generatesMetadataFilesAtProjectRoot=false -DDetectVMInstallationsJob.disabled=true -Dfile.encoding=utf8 -XX:+UseParallelGC -XX:GCTimeRatio=4 -XX:AdaptiveSizePolicyWeight=90 -Dsun.zip.disableMemoryMapping=true -Xmx2G -Xms100m -Xlog:disable -javaagent:c:\Users\jibri\.cursor\extensions\redhat.java-1.53.0-win32-x64\lombok\lombok-1.18.39-4050.jar -XX:+HeapDumpOnOutOfMemoryError -XX:HeapDumpPath=c:\Users\jibri\AppData\Roaming\Cursor\User\workspaceStorage\8b75b7c593fc459511d45e689933c160\redhat.java -Daether.dependencyCollector.impl=bf 
java_command: c:\Users\jibri\.cursor\extensions\redhat.java-1.53.0-win32-x64\server\plugins\org.eclipse.equinox.launcher_1.7.100.v20251111-0406.jar -configuration c:\Users\jibri\AppData\Roaming\Cursor\User\globalStorage\redhat.java\1.53.0\config_win -data c:\Users\jibri\AppData\Roaming\Cursor\User\workspaceStorage\8b75b7c593fc459511d45e689933c160\redhat.java\jdt_ws --pipe=\\.\pipe\lsp-c04de2ff467cdc6cd3fc39236656bf22-sock
java_class_path (initial): c:\Users\jibri\.cursor\extensions\redhat.java-1.53.0-win32-x64\server\plugins\org.eclipse.equinox.launcher_1.7.100.v20251111-0406.jar
Launcher Type: SUN_STANDARD

[Global flags]
    uintx AdaptiveSizePolicyWeight                 = 90                                        {product} {command line}
     intx CICompilerCount                          = 12                                        {product} {ergonomic}
    uintx GCTimeRatio                              = 4                                         {product} {command line}
     bool HeapDumpOnOutOfMemoryError               = true                                   {manageable} {command line}
    ccstr HeapDumpPath                             = c:\Users\jibri\AppData\Roaming\Cursor\User\workspaceStorage\8b75b7c593fc459511d45e689933c160\redhat.java         {manageable} {command line}
   size_t InitialHeapSize                          = 104857600                                 {product} {command line}
   size_t MaxHeapSize                              = 2147483648                                {product} {command line}
   size_t MaxNewSize                               = 715653120                                 {product} {ergonomic}
   size_t MinHeapDeltaBytes                        = 524288                                    {product} {ergonomic}
   size_t MinHeapSize                              = 104857600                                 {product} {command line}
   size_t NewSize                                  = 34603008                                  {product} {ergonomic}
    uintx NonNMethodCodeHeapSize                   = 7602480                                {pd product} {ergonomic}
    uintx NonProfiledCodeHeapSize                  = 122027880                              {pd product} {ergonomic}
   size_t OldSize                                  = 70254592                                  {product} {ergonomic}
    uintx ProfiledCodeHeapSize                     = 122027880                              {pd product} {ergonomic}
    uintx ReservedCodeCacheSize                    = 251658240                              {pd product} {ergonomic}
     bool SegmentedCodeCache                       = true                                      {product} {ergonomic}
   size_t SoftMaxHeapSize                          = 2147483648                             {manageable} {ergonomic}
     bool UseCompressedOops                        = true                           {product lp64_product} {ergonomic}
     bool UseLargePagesIndividualAllocation        = false                                  {pd product} {ergonomic}
     bool UseParallelGC                            = true                                      {product} {command line}

Logging:
Log output configuration:
 #0: stdout all=off uptime,level,tags foldmultilines=false
 #1: stderr all=off uptime,level,tags foldmultilines=false

Release file:
JAVA_VERSION="21.0.10" 
MODULES="java.base java.compiler java.datatransfer java.xml java.prefs java.desktop java.instrument java.logging java.management java.security.sasl java.naming java.rmi java.management.rmi java.net.http java.scripting java.security.jgss java.transaction.xa java.sql java.sql.rowset java.xml.crypto java.se java.smartcardio jdk.accessibility jdk.internal.jvmstat jdk.attach jdk.charsets jdk.internal.opt jdk.zipfs jdk.compiler jdk.crypto.ec jdk.crypto.cryptoki jdk.crypto.mscapi jdk.dynalink jdk.internal.ed jdk.editpad jdk.hotspot.agent jdk.httpserver jdk.internal.le jdk.internal.vm.ci jdk.internal.vm.compiler jdk.internal.vm.compiler.management jdk.jartool jdk.javadoc jdk.jcmd jdk.management jdk.management.agent jdk.jconsole jdk.jdeps jdk.jdwp.agent jdk.jdi jdk.jfr jdk.jshell jdk.jsobject jdk.jstatd jdk.localedata jdk.management.jfr jdk.naming.dns jdk.naming.rmi jdk.net jdk.nio.mapmode jdk.random jdk.sctp jdk.security.auth jdk.security.jgss jdk.unsupported jdk.unsupported.desktop jdk.xml.dom" 

Environment Variables:
JAVA_HOME=C:\Program Files\Java\jdk-17
PATH=C:\Program Files\Microsoft\jdk-17.0.16.8-hotspot\bin;C:\ProgramData\Oracle\Java\javapath;C:\Program Files\NVIDIA GPU Computing Toolkit\CUDA\v12.8\bin;C:\Program Files\NVIDIA GPU Computing Toolkit\CUDA\v12.8\libnvvp;C:\Program Files\Common Files\Oracle\Java\javapath;C:\PHP\phpoldversion\;C:\Windows\system32;C:\Windows;C:\Windows\System32\Wbem;C:\Windows\System32\WindowsPowerShell\v1.0\;C:\Windows\System32\OpenSSH\;C:\Program Files (x86)\NVIDIA Corporation\PhysX\Common;C:\Program Files\Microsoft SQL Server\150\Tools\Binn\;C:\Program Files\Microsoft SQL Server\Client SDK\ODBC\170\Tools\Binn\;C:\ProgramData\ComposerSetup\bin;C:\Users\jibri\.config\herd\bin\nvm;C:\Program Files\nodejs;C:\Program Files\Java\jdk-17\bin;C:\xampp\php;C:\WINDOWS\system32;C:\WINDOWS;C:\WINDOWS\System32\Wbem;C:\WINDOWS\System32\WindowsPowerShell\v1.0\;C:\WINDOWS\System32\OpenSSH\;C:\Program Files\nodejs\;C:\Program Files\Git\cmd;C:\Program Files\Git\bin;C:\Users\jibri\AppData\Local\Pub\Cache\bin;C:\Program Files\NVIDIA Corporation\NVIDIA app\NvDLISR;C:\Program Files\heroku\bin;C:\Program Files\NVIDIA Corporation\Nsight Compute 2025.1.1\;C:\ProgramData\chocolatey\bin;C:\Users\jibri\AppData\Local\Programs\Python\Python310\Scripts;C:\Program Files\dotnet\;C:\Program Files (x86)\Windows Kits\10\Windows Performance Toolkit\;C:\Users\jibri\AppData\Local\Android\Sdk\platform-tools;C:\Program Files\Docker\Docker\resources\bin;C:\Program Files\MySQL\MySQL Shell 8.0\bin\;C:\Users\jibri\AppData\Local\Programs\Python\Python310\Scripts\;C:\Users\jibri\AppData\Local\Programs\Python\Python310\;C:\Users\jibri\.config\herd\bin;C:\Users\jibri\AppData\Local\Microsoft\WindowsApps;C:\Users\jibri\AppData\Local\Programs\Microsoft VS Code\bin;C:\Users\jibri\AppData\Roaming\Composer\vendor\bin;C:\flutter\flutter\bin;C:\Users\jibri\AppData\Roaming\npm;C:\Program Files\Git;C:\Users\jibri\AppData\Local\Pub\Cache\bin;C:\Program Files\heroku\bin;C:\Users\jibri\.dotnet\tools;C:\AppServ\Apache24\bin;C:\AppServ\php7;C:\AppServ\MySQL\bin;C:\Users\jibri\AppData\Local\Android\Sdk\build-tools;C:\ProgramData\chocolatey\bin;C:\Program Files\nodejs\;C:\Users\jibri\AppData\Local\Programs\cursor\resources\app\bin
USERNAME=jibri
OS=Windows_NT
PROCESSOR_IDENTIFIER=Intel64 Family 6 Model 191 Stepping 2, GenuineIntel
TMP=C:\Users\jibri\AppData\Local\Temp
TEMP=C:\Users\jibri\AppData\Local\Temp




Periodic native trim disabled

---------------  S Y S T E M  ---------------

OS:
 Windows 11 , 64 bit Build 26100 (10.0.26100.7705)
OS uptime: 2 days 6:51 hours
Hyper-V role detected

CPU: total 20 (initial active 20) (10 cores per cpu, 2 threads per core) family 6 model 191 stepping 2 microcode 0x2c, cx8, cmov, fxsr, ht, mmx, 3dnowpref, sse, sse2, sse3, ssse3, sse4.1, sse4.2, popcnt, lzcnt, tsc, tscinvbit, avx, avx2, aes, erms, clmul, bmi1, bmi2, adx, sha, fma, vzeroupper, clflush, clflushopt, clwb, hv, serialize, rdtscp, rdpid, fsrm, f16c, cet_ibt, cet_ss
Processor Information for processor 0
  Max Mhz: 2500, Current Mhz: 2500, Mhz Limit: 2500
Processor Information for processor 1
  Max Mhz: 2500, Current Mhz: 2500, Mhz Limit: 2500
Processor Information for processor 2
  Max Mhz: 2500, Current Mhz: 2500, Mhz Limit: 2500
Processor Information for processor 3
  Max Mhz: 2500, Current Mhz: 2500, Mhz Limit: 2500
Processor Information for processor 4
  Max Mhz: 2500, Current Mhz: 2500, Mhz Limit: 2500
Processor Information for processor 5
  Max Mhz: 2500, Current Mhz: 2500, Mhz Limit: 2500
Processor Information for processor 6
  Max Mhz: 2500, Current Mhz: 2500, Mhz Limit: 2500
Processor Information for processor 7
  Max Mhz: 2500, Current Mhz: 2500, Mhz Limit: 2500
Processor Information for processor 8
  Max Mhz: 2500, Current Mhz: 2500, Mhz Limit: 2500
Processor Information for processor 9
  Max Mhz: 2500, Current Mhz: 2500, Mhz Limit: 2500
Processor Information for processor 10
  Max Mhz: 2500, Current Mhz: 2500, Mhz Limit: 2500
Processor Information for processor 11
  Max Mhz: 2500, Current Mhz: 2500, Mhz Limit: 2500
Processor Information for processor 12
  Max Mhz: 2500, Current Mhz: 1800, Mhz Limit: 1800
Processor Information for processor 13
  Max Mhz: 2500, Current Mhz: 1800, Mhz Limit: 1800
Processor Information for processor 14
  Max Mhz: 2500, Current Mhz: 1800, Mhz Limit: 1800
Processor Information for processor 15
  Max Mhz: 2500, Current Mhz: 1800, Mhz Limit: 1800
Processor Information for processor 16
  Max Mhz: 2500, Current Mhz: 1800, Mhz Limit: 1800
Processor Information for processor 17
  Max Mhz: 2500, Current Mhz: 1800, Mhz Limit: 1800
Processor Information for processor 18
  Max Mhz: 2500, Current Mhz: 1800, Mhz Limit: 1800
Processor Information for processor 19
  Max Mhz: 2500, Current Mhz: 1800, Mhz Limit: 1800

Memory: 4k page, system-wide physical 7911M (317M free)
TotalPageFile size 32487M (AvailPageFile size 3M)
current process WorkingSet (physical memory assigned to process): 133M, peak: 133M
current process commit charge ("private bytes"): 295M, peak: 295M

vm_info: OpenJDK 64-Bit Server VM (21.0.10+7-LTS) for windows-amd64 JRE (21.0.10+7-LTS), built on 2026-01-20T00:00:00Z by "admin" with MS VC++ 17.12 (VS2022)

END.
