#
# There is insufficient memory for the Java Runtime Environment to continue.
# Native memory allocation (malloc) failed to allocate 1647376 bytes. Error detail: Chunk::new
# Possible reasons:
#   The system is out of physical RAM or swap space
#   This process is running with CompressedOops enabled, and the Java Heap may be blocking the growth of the native heap
# Possible solutions:
#   Reduce memory load on the system
#   Increase physical memory or swap space
#   Check if swap backing store is full
#   Decrease Java heap size (-Xmx/-Xms)
#   Decrease number of Java threads
#   Decrease Java thread stack sizes (-Xss)
#   Set larger code cache with -XX:ReservedCodeCacheSize=
#   JVM is running with Unscaled Compressed Oops mode in which the Java heap is
#     placed in the first 4GB address space. The Java Heap base address is the
#     maximum limit for the native heap growth. Please use -XX:HeapBaseMinAddress
#     to set the Java Heap base and to place the Java Heap above 4GB virtual address.
# This output file may be truncated or incomplete.
#
#  Out of Memory Error (arena.cpp:168), pid=10620, tid=27028
#
# JRE version: OpenJDK Runtime Environment Temurin-21.0.10+7 (21.0.10+7) (build 21.0.10+7-LTS)
# Java VM: OpenJDK 64-Bit Server VM Temurin-21.0.10+7 (21.0.10+7-LTS, mixed mode, sharing, tiered, compressed oops, compressed class ptrs, parallel gc, windows-amd64)
# No core dump will be written. Minidumps are not enabled by default on client versions of Windows
#

---------------  S U M M A R Y ------------

Command Line: --add-modules=ALL-SYSTEM --add-opens=java.base/java.util=ALL-UNNAMED --add-opens=java.base/java.lang=ALL-UNNAMED --add-opens=java.base/sun.nio.fs=ALL-UNNAMED -Declipse.application=org.eclipse.jdt.ls.core.id1 -Dosgi.bundles.defaultStartLevel=4 -Declipse.product=org.eclipse.jdt.ls.core.product -Djava.import.generatesMetadataFilesAtProjectRoot=false -DDetectVMInstallationsJob.disabled=true -Dfile.encoding=utf8 -XX:+UseParallelGC -XX:GCTimeRatio=4 -XX:AdaptiveSizePolicyWeight=90 -Dsun.zip.disableMemoryMapping=true -Xmx2G -Xms100m -Xlog:disable -javaagent:c:\Users\jibri\.antigravity\extensions\redhat.java-1.53.0-win32-x64\lombok\lombok-1.18.39-4050.jar -XX:+HeapDumpOnOutOfMemoryError -XX:HeapDumpPath=c:\Users\jibri\AppData\Roaming\Antigravity\User\workspaceStorage\8b75b7c593fc459511d45e689933c160\redhat.java -Daether.dependencyCollector.impl=bf c:\Users\jibri\.antigravity\extensions\redhat.java-1.53.0-win32-x64\server\plugins\org.eclipse.equinox.launcher_1.7.100.v20251111-0406.jar -configuration c:\Users\jibri\AppData\Roaming\Antigravity\User\globalStorage\redhat.java\1.53.0\config_win -data c:\Users\jibri\AppData\Roaming\Antigravity\User\workspaceStorage\8b75b7c593fc459511d45e689933c160\redhat.java\jdt_ws --pipe=\\.\pipe\lsp-eb527bf3bc854d744b6abee345867206-sock

Host: 13th Gen Intel(R) Core(TM) i5-13500HX, 20 cores, 7G,  Windows 11 , 64 bit Build 26100 (10.0.26100.7920)
Time: Sat Apr 11 23:58:23 2026 Malay Peninsula Standard Time elapsed time: 70.365320 seconds (0d 0h 1m 10s)

---------------  T H R E A D  ---------------

Current thread (0x00000218ecc0d300):  JavaThread "C2 CompilerThread0" daemon [_thread_in_native, id=27028, stack(0x0000008085d00000,0x0000008085e00000) (1024K)]


Current CompileTask:
C2:70365 9578       4       java.lang.invoke.MethodType::methodType (69 bytes)

Stack: [0x0000008085d00000,0x0000008085e00000]
Native frames: (J=compiled Java code, j=interpreted, Vv=VM code, C=native code)
V  [jvm.dll+0x6d7a39]
V  [jvm.dll+0x8b4b26]
V  [jvm.dll+0x8b70de]
V  [jvm.dll+0x8b77c3]
V  [jvm.dll+0x284346]
V  [jvm.dll+0xc66ed]
V  [jvm.dll+0xc6c31]
V  [jvm.dll+0x3bec01]
V  [jvm.dll+0x38b162]
V  [jvm.dll+0x38a5aa]
V  [jvm.dll+0x24c560]
V  [jvm.dll+0x24bb40]
V  [jvm.dll+0x1cb34e]
V  [jvm.dll+0x25b85d]
V  [jvm.dll+0x259dea]
V  [jvm.dll+0x3f857e]
V  [jvm.dll+0x85f59d]
V  [jvm.dll+0x6d626d]
C  [ucrtbase.dll+0x37b0]
C  [KERNEL32.DLL+0x2e8d7]
C  [ntdll.dll+0x8c48c]


---------------  P R O C E S S  ---------------

Threads class SMR info:
_java_thread_list=0x00000218ccba7cd0, length=73, elements={
0x00000218ea6ba8f0, 0x00000218ecbf1fd0, 0x00000218ecbf2df0, 0x00000218ecbf79f0,
0x00000218ecbfabc0, 0x00000218ecbfd010, 0x00000218ecc03030, 0x00000218ecc0d300,
0x00000218c5a88ad0, 0x00000218c5c486b0, 0x00000218c5d30c70, 0x00000218cca9f2c0,
0x00000218cca80b20, 0x00000218c5bca090, 0x00000218c5bd0760, 0x00000218cc7c2820,
0x00000218cc679bf0, 0x00000218cccdcb90, 0x00000218cd7c7940, 0x00000218cd7c7fd0,
0x00000218cd7c72b0, 0x00000218ce0782a0, 0x00000218ce076860, 0x00000218ce077580,
0x00000218ce0761d0, 0x00000218ce077c10, 0x00000218ce078930, 0x00000218ce076ef0,
0x00000218ce0754b0, 0x00000218ce075b40, 0x00000218cc8ea7b0, 0x00000218cc8e9400,
0x00000218cc8ea120, 0x00000218cc8e8050, 0x00000218cc8e86e0, 0x00000218cc8eae40,
0x00000218cc8eb4d0, 0x00000218cc8ebb60, 0x00000218cc8ec1f0, 0x00000218cc8e8d70,
0x00000218cc8ec880, 0x00000218cc8ecf10, 0x00000218cc8e9a90, 0x00000218cc8eefe0,
0x00000218cc8ee2c0, 0x00000218cc8edc30, 0x00000218cc8ed5a0, 0x00000218cc8ef670,
0x00000218cc8ee950, 0x00000218cea15020, 0x00000218cea16a60, 0x00000218cea156b0,
0x00000218cea14300, 0x00000218cea17e10, 0x00000218cea14990, 0x00000218cea1a570,
0x00000218cea191c0, 0x00000218cea1ac00, 0x00000218cea19ee0, 0x00000218cea19850,
0x00000218cea1b290, 0x00000218cea1b920, 0x00000218cea184a0, 0x00000218cea18b30,
0x00000218cee306d0, 0x00000218cee30d60, 0x00000218cee31a80, 0x00000218cee32110,
0x00000218cee313f0, 0x00000218cee334c0, 0x00000218cee30040, 0x00000218cee327a0,
0x00000218cee33b50
}

Java Threads: ( => current thread )
  0x00000218ea6ba8f0 JavaThread "main"                              [_thread_blocked, id=8328, stack(0x0000008085300000,0x0000008085400000) (1024K)]
  0x00000218ecbf1fd0 JavaThread "Reference Handler"          daemon [_thread_blocked, id=32512, stack(0x0000008085700000,0x0000008085800000) (1024K)]
  0x00000218ecbf2df0 JavaThread "Finalizer"                  daemon [_thread_blocked, id=14032, stack(0x0000008085800000,0x0000008085900000) (1024K)]
  0x00000218ecbf79f0 JavaThread "Signal Dispatcher"          daemon [_thread_blocked, id=17748, stack(0x0000008085900000,0x0000008085a00000) (1024K)]
  0x00000218ecbfabc0 JavaThread "Attach Listener"            daemon [_thread_blocked, id=28500, stack(0x0000008085a00000,0x0000008085b00000) (1024K)]
  0x00000218ecbfd010 JavaThread "Service Thread"             daemon [_thread_blocked, id=23960, stack(0x0000008085b00000,0x0000008085c00000) (1024K)]
  0x00000218ecc03030 JavaThread "Monitor Deflation Thread"   daemon [_thread_blocked, id=26596, stack(0x0000008085c00000,0x0000008085d00000) (1024K)]
=>0x00000218ecc0d300 JavaThread "C2 CompilerThread0"         daemon [_thread_in_native, id=27028, stack(0x0000008085d00000,0x0000008085e00000) (1024K)]
  0x00000218c5a88ad0 JavaThread "C1 CompilerThread0"         daemon [_thread_in_vm, id=30312, stack(0x0000008085e00000,0x0000008085f00000) (1024K)]
  0x00000218c5c486b0 JavaThread "Common-Cleaner"             daemon [_thread_blocked, id=31196, stack(0x0000008086200000,0x0000008086300000) (1024K)]
  0x00000218c5d30c70 JavaThread "Notification Thread"        daemon [_thread_blocked, id=23620, stack(0x0000008086300000,0x0000008086400000) (1024K)]
  0x00000218cca9f2c0 JavaThread "Active Thread: Equinox Container: d4b5037a-cdee-49ea-8908-056cc433ca3a"        [_thread_blocked, id=26412, stack(0x0000008086b00000,0x0000008086c00000) (1024K)]
  0x00000218cca80b20 JavaThread "Refresh Thread: Equinox Container: d4b5037a-cdee-49ea-8908-056cc433ca3a" daemon [_thread_blocked, id=15280, stack(0x0000008085f00000,0x0000008086000000) (1024K)]
  0x00000218c5bca090 JavaThread "Framework Event Dispatcher: Equinox Container: d4b5037a-cdee-49ea-8908-056cc433ca3a" daemon [_thread_blocked, id=8048, stack(0x0000008086000000,0x0000008086100000) (1024K)]
  0x00000218c5bd0760 JavaThread "Start Level: Equinox Container: d4b5037a-cdee-49ea-8908-056cc433ca3a" daemon [_thread_blocked, id=28064, stack(0x0000008086100000,0x0000008086200000) (1024K)]
  0x00000218cc7c2820 JavaThread "Bundle File Closer"         daemon [_thread_blocked, id=22052, stack(0x0000008086f00000,0x0000008087000000) (1024K)]
  0x00000218cc679bf0 JavaThread "SCR Component Actor"        daemon [_thread_blocked, id=31444, stack(0x0000008087100000,0x0000008087200000) (1024K)]
  0x00000218cccdcb90 JavaThread "Worker-JM"                         [_thread_blocked, id=8088, stack(0x0000008087700000,0x0000008087800000) (1024K)]
  0x00000218cd7c7940 JavaThread "JNA Cleaner"                daemon [_thread_blocked, id=31968, stack(0x0000008087200000,0x0000008087300000) (1024K)]
  0x00000218cd7c7fd0 JavaThread "Worker-0"                          [_thread_blocked, id=30300, stack(0x0000008087300000,0x0000008087400000) (1024K)]
  0x00000218cd7c72b0 JavaThread "Worker-1: Refreshing workspace"        [_thread_blocked, id=28220, stack(0x0000008087800000,0x0000008087900000) (1024K)]
  0x00000218ce0782a0 JavaThread "Worker-2"                          [_thread_blocked, id=29732, stack(0x0000008087c00000,0x0000008087d00000) (1024K)]
  0x00000218ce076860 JavaThread "Worker-3"                          [_thread_blocked, id=30668, stack(0x0000008087f00000,0x0000008088000000) (1024K)]
  0x00000218ce077580 JavaThread "Java indexing"              daemon [_thread_blocked, id=33596, stack(0x0000008088000000,0x0000008088100000) (1024K)]
  0x00000218ce0761d0 JavaThread "Worker-4"                          [_thread_blocked, id=33404, stack(0x0000008088100000,0x0000008088200000) (1024K)]
  0x00000218ce077c10 JavaThread "Worker-5"                          [_thread_blocked, id=33720, stack(0x0000008088400000,0x0000008088500000) (1024K)]
  0x00000218ce078930 JavaThread "Worker-6"                          [_thread_blocked, id=33188, stack(0x0000008088500000,0x0000008088600000) (1024K)]
  0x00000218ce076ef0 JavaThread "Worker-7: Initialize Workspace"        [_thread_blocked, id=25380, stack(0x0000008088600000,0x0000008088700000) (1024K)]
  0x00000218ce0754b0 JavaThread "Thread-1"                   daemon [_thread_in_native, id=30480, stack(0x0000008088700000,0x0000008088800000) (1024K)]
  0x00000218ce075b40 JavaThread "Thread-2"                   daemon [_thread_in_native, id=28696, stack(0x0000008088800000,0x0000008088900000) (1024K)]
  0x00000218cc8ea7b0 JavaThread "Thread-3"                   daemon [_thread_in_native, id=19160, stack(0x0000008088900000,0x0000008088a00000) (1024K)]
  0x00000218cc8e9400 JavaThread "Thread-4"                   daemon [_thread_in_native, id=9032, stack(0x0000008088a00000,0x0000008088b00000) (1024K)]
  0x00000218cc8ea120 JavaThread "Thread-5"                   daemon [_thread_in_native, id=29144, stack(0x0000008088b00000,0x0000008088c00000) (1024K)]
  0x00000218cc8e8050 JavaThread "Thread-6"                   daemon [_thread_in_native, id=9308, stack(0x0000008088c00000,0x0000008088d00000) (1024K)]
  0x00000218cc8e86e0 JavaThread "Thread-7"                   daemon [_thread_in_native, id=31884, stack(0x0000008088d00000,0x0000008088e00000) (1024K)]
  0x00000218cc8eae40 JavaThread "Thread-8"                   daemon [_thread_in_native, id=7888, stack(0x0000008088e00000,0x0000008088f00000) (1024K)]
  0x00000218cc8eb4d0 JavaThread "Thread-9"                   daemon [_thread_in_native, id=32304, stack(0x0000008088f00000,0x0000008089000000) (1024K)]
  0x00000218cc8ebb60 JavaThread "Thread-10"                  daemon [_thread_in_native, id=11516, stack(0x0000008089000000,0x0000008089100000) (1024K)]
  0x00000218cc8ec1f0 JavaThread "Thread-11"                  daemon [_thread_in_native, id=28368, stack(0x0000008089100000,0x0000008089200000) (1024K)]
  0x00000218cc8e8d70 JavaThread "Thread-12"                  daemon [_thread_in_native, id=29116, stack(0x0000008089200000,0x0000008089300000) (1024K)]
  0x00000218cc8ec880 JavaThread "Thread-13"                  daemon [_thread_in_native, id=31936, stack(0x0000008089300000,0x0000008089400000) (1024K)]
  0x00000218cc8ecf10 JavaThread "Thread-14"                  daemon [_thread_in_native, id=17780, stack(0x0000008089400000,0x0000008089500000) (1024K)]
  0x00000218cc8e9a90 JavaThread "Thread-15"                  daemon [_thread_in_native, id=22432, stack(0x0000008089500000,0x0000008089600000) (1024K)]
  0x00000218cc8eefe0 JavaThread "Thread-16"                  daemon [_thread_in_native, id=30428, stack(0x0000008089600000,0x0000008089700000) (1024K)]
  0x00000218cc8ee2c0 JavaThread "Thread-17"                  daemon [_thread_in_native, id=27216, stack(0x0000008089700000,0x0000008089800000) (1024K)]
  0x00000218cc8edc30 JavaThread "Thread-18"                  daemon [_thread_in_native, id=29748, stack(0x0000008089800000,0x0000008089900000) (1024K)]
  0x00000218cc8ed5a0 JavaThread "Thread-19"                  daemon [_thread_in_native, id=15864, stack(0x0000008089900000,0x0000008089a00000) (1024K)]
  0x00000218cc8ef670 JavaThread "Thread-20"                  daemon [_thread_in_native, id=30864, stack(0x0000008089a00000,0x0000008089b00000) (1024K)]
  0x00000218cc8ee950 JavaThread "Thread-21"                  daemon [_thread_in_native, id=32852, stack(0x0000008089b00000,0x0000008089c00000) (1024K)]
  0x00000218cea15020 JavaThread "pool-2-thread-1"                   [_thread_blocked, id=23020, stack(0x0000008089c00000,0x0000008089d00000) (1024K)]
  0x00000218cea16a60 JavaThread "WorkspaceEventsHandler"            [_thread_blocked, id=23920, stack(0x0000008089d00000,0x0000008089e00000) (1024K)]
  0x00000218cea156b0 JavaThread "pool-1-thread-1"                   [_thread_blocked, id=33472, stack(0x0000008089e00000,0x0000008089f00000) (1024K)]
  0x00000218cea14300 JavaThread "ForkJoinPool.commonPool-worker-1" daemon [_thread_blocked, id=5604, stack(0x0000008087d00000,0x0000008087e00000) (1024K)]
  0x00000218cea17e10 JavaThread "ForkJoinPool.commonPool-worker-2" daemon [_thread_blocked, id=30736, stack(0x0000008087e00000,0x0000008087f00000) (1024K)]
  0x00000218cea14990 JavaThread "ForkJoinPool.commonPool-worker-3" daemon [_thread_blocked, id=17628, stack(0x0000008089f00000,0x000000808a000000) (1024K)]
  0x00000218cea1a570 JavaThread "ForkJoinPool.commonPool-worker-4" daemon [_thread_blocked, id=8020, stack(0x000000808a000000,0x000000808a100000) (1024K)]
  0x00000218cea191c0 JavaThread "ForkJoinPool.commonPool-worker-5" daemon [_thread_blocked, id=29084, stack(0x000000808a100000,0x000000808a200000) (1024K)]
  0x00000218cea1ac00 JavaThread "ForkJoinPool.commonPool-worker-6" daemon [_thread_blocked, id=30336, stack(0x000000808a200000,0x000000808a300000) (1024K)]
  0x00000218cea19ee0 JavaThread "ForkJoinPool.commonPool-worker-7" daemon [_thread_blocked, id=23684, stack(0x000000808a300000,0x000000808a400000) (1024K)]
  0x00000218cea19850 JavaThread "ForkJoinPool.commonPool-worker-8" daemon [_thread_blocked, id=31676, stack(0x000000808a400000,0x000000808a500000) (1024K)]
  0x00000218cea1b290 JavaThread "ForkJoinPool.commonPool-worker-9" daemon [_thread_blocked, id=1392, stack(0x000000808a500000,0x000000808a600000) (1024K)]
  0x00000218cea1b920 JavaThread "ForkJoinPool.commonPool-worker-10" daemon [_thread_blocked, id=32620, stack(0x000000808a600000,0x000000808a700000) (1024K)]
  0x00000218cea184a0 JavaThread "ForkJoinPool.commonPool-worker-11" daemon [_thread_blocked, id=33656, stack(0x000000808a700000,0x000000808a800000) (1024K)]
  0x00000218cea18b30 JavaThread "ForkJoinPool.commonPool-worker-12" daemon [_thread_blocked, id=21268, stack(0x000000808a800000,0x000000808a900000) (1024K)]
  0x00000218cee306d0 JavaThread "ForkJoinPool.commonPool-worker-13" daemon [_thread_blocked, id=25568, stack(0x000000808a900000,0x000000808aa00000) (1024K)]
  0x00000218cee30d60 JavaThread "ForkJoinPool.commonPool-worker-14" daemon [_thread_blocked, id=19388, stack(0x000000808aa00000,0x000000808ab00000) (1024K)]
  0x00000218cee31a80 JavaThread "ForkJoinPool.commonPool-worker-15" daemon [_thread_blocked, id=23988, stack(0x000000808ab00000,0x000000808ac00000) (1024K)]
  0x00000218cee32110 JavaThread "ForkJoinPool.commonPool-worker-16" daemon [_thread_blocked, id=33436, stack(0x000000808ac00000,0x000000808ad00000) (1024K)]
  0x00000218cee313f0 JavaThread "ForkJoinPool.commonPool-worker-17" daemon [_thread_blocked, id=29376, stack(0x000000808ad00000,0x000000808ae00000) (1024K)]
  0x00000218cee334c0 JavaThread "ForkJoinPool.commonPool-worker-18" daemon [_thread_blocked, id=32612, stack(0x000000808ae00000,0x000000808af00000) (1024K)]
  0x00000218cee30040 JavaThread "ForkJoinPool.commonPool-worker-19" daemon [_thread_blocked, id=31336, stack(0x000000808af00000,0x000000808b000000) (1024K)]
  0x00000218cee327a0 JavaThread "Timer-0"                           [_thread_blocked, id=15796, stack(0x0000008087000000,0x0000008087100000) (1024K)]
  0x00000218cee33b50 JavaThread "Connection worker"                 [_thread_in_vm, id=29136, stack(0x0000008087a00000,0x0000008087b00000) (1024K)]
Total: 73

Other Threads:
  0x00000218ecbf1850 VMThread "VM Thread"                           [id=2164, stack(0x0000008085600000,0x0000008085700000) (1024K)]
  0x00000218ff4dca00 WatcherThread "VM Periodic Task Thread"        [id=21540, stack(0x0000008085500000,0x0000008085600000) (1024K)]
  0x00000218ecb6c800 WorkerThread "GC Thread#0"                     [id=26056, stack(0x0000008085400000,0x0000008085500000) (1024K)]
  0x00000218cc28b1b0 WorkerThread "GC Thread#1"                     [id=28624, stack(0x0000008086500000,0x0000008086600000) (1024K)]
  0x00000218cc28c7d0 WorkerThread "GC Thread#2"                     [id=32572, stack(0x0000008086600000,0x0000008086700000) (1024K)]
  0x00000218cc28b910 WorkerThread "GC Thread#3"                     [id=4888, stack(0x0000008086700000,0x0000008086800000) (1024K)]
  0x00000218cc28b560 WorkerThread "GC Thread#4"                     [id=32940, stack(0x0000008086800000,0x0000008086900000) (1024K)]
  0x00000218cc28c420 WorkerThread "GC Thread#5"                     [id=25136, stack(0x0000008086900000,0x0000008086a00000) (1024K)]
  0x00000218cc28bcc0 WorkerThread "GC Thread#6"                     [id=31368, stack(0x0000008086a00000,0x0000008086b00000) (1024K)]
  0x00000218cca5fc00 WorkerThread "GC Thread#7"                     [id=26720, stack(0x0000008086c00000,0x0000008086d00000) (1024K)]
  0x00000218cca5ed40 WorkerThread "GC Thread#8"                     [id=28588, stack(0x0000008086400000,0x0000008086500000) (1024K)]
  0x00000218cca5e5e0 WorkerThread "GC Thread#9"                     [id=31440, stack(0x0000008086d00000,0x0000008086e00000) (1024K)]
  0x00000218cca60360 WorkerThread "GC Thread#10"                    [id=31396, stack(0x0000008086e00000,0x0000008086f00000) (1024K)]
  0x00000218cca5e990 WorkerThread "GC Thread#11"                    [id=32856, stack(0x0000008087400000,0x0000008087500000) (1024K)]
  0x00000218cca5ffb0 WorkerThread "GC Thread#12"                    [id=2144, stack(0x0000008087500000,0x0000008087600000) (1024K)]
  0x00000218cca5f0f0 WorkerThread "GC Thread#13"                    [id=29884, stack(0x0000008087900000,0x0000008087a00000) (1024K)]
  0x00000218cca5f850 WorkerThread "GC Thread#14"                    [id=30468, stack(0x0000008087b00000,0x0000008087c00000) (1024K)]
Total: 17

Threads with active compile tasks:
C2 CompilerThread0  70503 9578       4       java.lang.invoke.MethodType::methodType (69 bytes)
Total: 1

VM state: not at safepoint (normal execution)

VM Mutex/Monitor currently owned by a thread: None

Heap address: 0x0000000080000000, size: 2048 MB, Compressed Oops mode: 32-bit

CDS archive(s) mapped at: [0x0000021884000000-0x0000021884ba0000-0x0000021884ba0000), size 12189696, SharedBaseAddress: 0x0000021884000000, ArchiveRelocationMode: 1.
Compressed class space mapped at: 0x0000021885000000-0x00000218c5000000, reserved size: 1073741824
Narrow klass base: 0x0000021884000000, Narrow klass shift: 0, Narrow klass range: 0x100000000

GC Precious Log:
 CardTable entry size: 512
 CPUs: 20 total, 20 available
 Memory: 7911M
 Large Page Support: Disabled
 NUMA Support: Disabled
 Compressed Oops: Enabled (32-bit)
 Alignments: Space 512K, Generation 512K, Heap 2M
 Heap Min Capacity: 100M
 Heap Initial Capacity: 100M
 Heap Max Capacity: 2G
 Pre-touch: Disabled
 Parallel Workers: 15

Heap:
 PSYoungGen      total 3584K, used 784K [0x00000000d5580000, 0x00000000d5e80000, 0x0000000100000000)
  eden space 3072K, 9% used [0x00000000d5580000,0x00000000d55cc180,0x00000000d5880000)
  from space 512K, 93% used [0x00000000d5d80000,0x00000000d5df8000,0x00000000d5e00000)
  to   space 512K, 0% used [0x00000000d5e00000,0x00000000d5e00000,0x00000000d5e80000)
 ParOldGen       total 88064K, used 87649K [0x0000000080000000, 0x0000000085600000, 0x00000000d5580000)
  object space 88064K, 99% used [0x0000000080000000,0x0000000085598438,0x0000000085600000)
 Metaspace       used 54409K, committed 55616K, reserved 1114112K
  class space    used 6106K, committed 6656K, reserved 1048576K

Card table byte_map: [0x00000218ec4f0000,0x00000218ec900000] _byte_map_base: 0x00000218ec0f0000

Marking Bits: (ParMarkBitMap*) 0x00007ff97bf33450
 Begin Bits: [0x0000021880000000, 0x0000021882000000)
 End Bits:   [0x0000021882000000, 0x0000021884000000)

Polling page: 0x00000218ea670000

Metaspace:

Usage:
  Non-class:     47.17 MB used.
      Class:      5.96 MB used.
       Both:     53.14 MB used.

Virtual space:
  Non-class space:       64.00 MB reserved,      47.81 MB ( 75%) committed,  1 nodes.
      Class space:        1.00 GB reserved,       6.50 MB ( <1%) committed,  1 nodes.
             Both:        1.06 GB reserved,      54.31 MB (  5%) committed. 

Chunk freelists:
   Non-Class:  6.00 KB
       Class:  9.37 MB
        Both:  9.38 MB

MaxMetaspaceSize: unlimited
CompressedClassSpaceSize: 1.00 GB
Initial GC threshold: 21.00 MB
Current GC threshold: 58.38 MB
CDS: on
 - commit_granule_bytes: 65536.
 - commit_granule_words: 8192.
 - virtual_space_node_default_size: 8388608.
 - enlarge_chunks_in_place: 1.
 - use_allocation_guard: 0.


Internal statistics:

num_allocs_failed_limit: 6.
num_arena_births: 912.
num_arena_deaths: 22.
num_vsnodes_births: 2.
num_vsnodes_deaths: 0.
num_space_committed: 869.
num_space_uncommitted: 0.
num_chunks_returned_to_freelist: 29.
num_chunks_taken_from_freelist: 3346.
num_chunk_merges: 12.
num_chunk_splits: 2081.
num_chunks_enlarged: 1193.
num_inconsistent_stats: 0.

CodeHeap 'non-profiled nmethods': size=119168Kb used=5372Kb max_used=5372Kb free=113795Kb
 bounds [0x00000218f78f0000, 0x00000218f7e30000, 0x00000218fed50000]
CodeHeap 'profiled nmethods': size=119104Kb used=18144Kb max_used=18144Kb free=100960Kb
 bounds [0x00000218efd50000, 0x00000218f0f10000, 0x00000218f71a0000]
CodeHeap 'non-nmethods': size=7488Kb used=1379Kb max_used=3121Kb free=6108Kb
 bounds [0x00000218f71a0000, 0x00000218f7510000, 0x00000218f78f0000]
CodeCache: size=245760Kb, used=24895Kb, max_used=26637Kb, free=220863Kb
 total_blobs=9651, nmethods=8969, adapters=588, full_count=0
Compilation: enabled, stopped_count=0, restarted_count=0

Compilation events (20 events):
Event: 69.143 Thread 0x00000218c5a88ad0 nmethod 9570 0x00000218f0efae90 code [0x00000218f0efb020, 0x00000218f0efb128]
Event: 69.149 Thread 0x00000218c5a88ad0 9571       3       java.nio.charset.CharsetDecoder::<init> (100 bytes)
Event: 69.150 Thread 0x00000218c5a88ad0 nmethod 9571 0x00000218f0efb190 code [0x00000218f0efb3a0, 0x00000218f0efb910]
Event: 69.150 Thread 0x00000218c5a88ad0 9572       3       java.nio.charset.CharsetDecoder::replaceWith (68 bytes)
Event: 69.150 Thread 0x00000218c5a88ad0 nmethod 9572 0x00000218f0efba90 code [0x00000218f0efbca0, 0x00000218f0efc298]
Event: 69.152 Thread 0x00000218c5a88ad0 9573       3       java.security.AccessController::doPrivileged (17 bytes)
Event: 69.153 Thread 0x00000218c5a88ad0 nmethod 9573 0x00000218f0efc490 code [0x00000218f0efc680, 0x00000218f0efca50]
Event: 69.162 Thread 0x00000218c5a88ad0 9574       3       java.nio.charset.CharsetDecoder::implReplaceWith (1 bytes)
Event: 69.163 Thread 0x00000218c5a88ad0 nmethod 9574 0x00000218f0efcc10 code [0x00000218f0efcda0, 0x00000218f0efcea8]
Event: 69.166 Thread 0x00000218ecc0d300 9575       4       java.io.WinNTFileSystem::isLetter (30 bytes)
Event: 69.167 Thread 0x00000218ecc0d300 nmethod 9575 0x00000218f7e2e990 code [0x00000218f7e2eb20, 0x00000218f7e2ebf8]
Event: 69.170 Thread 0x00000218c5a88ad0 9576       3       java.nio.charset.CharsetDecoder::<init> (10 bytes)
Event: 69.170 Thread 0x00000218c5a88ad0 nmethod 9576 0x00000218f0efcf10 code [0x00000218f0efd0c0, 0x00000218f0efd208]
Event: 69.198 Thread 0x00000218c5a88ad0 9577       3       jdk.internal.reflect.MethodHandleAccessorFactory::useNativeAccessor (74 bytes)
Event: 69.199 Thread 0x00000218c5a88ad0 nmethod 9577 0x00000218f0efd290 code [0x00000218f0efd4e0, 0x00000218f0efdd00]
Event: 69.199 Thread 0x00000218ecc0d300 9578       4       java.lang.invoke.MethodType::methodType (69 bytes)
Event: 69.315 Thread 0x00000218c5a88ad0 9579       3       java.lang.reflect.Method::getGenericParameterTypes (5 bytes)
Event: 69.318 Thread 0x00000218c5a88ad0 nmethod 9579 0x00000218f0efdf90 code [0x00000218f0efe1c0, 0x00000218f0efea28]
Event: 69.318 Thread 0x00000218c5a88ad0 9580       1       org.gradle.internal.service.DefaultServiceRegistry::access$1400 (5 bytes)
Event: 69.318 Thread 0x00000218c5a88ad0 nmethod 9580 0x00000218f7e2ec90 code [0x00000218f7e2ee20, 0x00000218f7e2eed0]

GC Heap History (20 events):
Event: 60.982 GC heap before
{Heap before GC invocations=74 (full 2):
 PSYoungGen      total 3584K, used 3520K [0x00000000d5580000, 0x00000000d6100000, 0x0000000100000000)
  eden space 3072K, 100% used [0x00000000d5580000,0x00000000d5880000,0x00000000d5880000)
  from space 512K, 87% used [0x00000000d6000000,0x00000000d6070000,0x00000000d6080000)
  to   space 512K, 0% used [0x00000000d6080000,0x00000000d6080000,0x00000000d6100000)
 ParOldGen       total 82432K, used 82384K [0x0000000080000000, 0x0000000085080000, 0x00000000d5580000)
  object space 82432K, 99% used [0x0000000080000000,0x00000000850741f0,0x0000000085080000)
 Metaspace       used 53856K, committed 55040K, reserved 1114112K
  class space    used 5986K, committed 6464K, reserved 1048576K
}
Event: 60.983 GC heap after
{Heap after GC invocations=74 (full 2):
 PSYoungGen      total 3584K, used 416K [0x00000000d5580000, 0x00000000d6100000, 0x0000000100000000)
  eden space 3072K, 0% used [0x00000000d5580000,0x00000000d5580000,0x00000000d5880000)
  from space 512K, 81% used [0x00000000d6080000,0x00000000d60e8000,0x00000000d6100000)
  to   space 512K, 0% used [0x00000000d6000000,0x00000000d6000000,0x00000000d6080000)
 ParOldGen       total 82944K, used 82552K [0x0000000080000000, 0x0000000085100000, 0x00000000d5580000)
  object space 82944K, 99% used [0x0000000080000000,0x000000008509e1f0,0x0000000085100000)
 Metaspace       used 53856K, committed 55040K, reserved 1114112K
  class space    used 5986K, committed 6464K, reserved 1048576K
}
Event: 62.110 GC heap before
{Heap before GC invocations=75 (full 2):
 PSYoungGen      total 3584K, used 3488K [0x00000000d5580000, 0x00000000d6100000, 0x0000000100000000)
  eden space 3072K, 100% used [0x00000000d5580000,0x00000000d5880000,0x00000000d5880000)
  from space 512K, 81% used [0x00000000d6080000,0x00000000d60e8000,0x00000000d6100000)
  to   space 512K, 0% used [0x00000000d6000000,0x00000000d6000000,0x00000000d6080000)
 ParOldGen       total 82944K, used 82552K [0x0000000080000000, 0x0000000085100000, 0x00000000d5580000)
  object space 82944K, 99% used [0x0000000080000000,0x000000008509e1f0,0x0000000085100000)
 Metaspace       used 53856K, committed 55040K, reserved 1114112K
  class space    used 5986K, committed 6464K, reserved 1048576K
}
Event: 62.112 GC heap after
{Heap after GC invocations=75 (full 2):
 PSYoungGen      total 3584K, used 320K [0x00000000d5580000, 0x00000000d6100000, 0x0000000100000000)
  eden space 3072K, 0% used [0x00000000d5580000,0x00000000d5580000,0x00000000d5880000)
  from space 512K, 62% used [0x00000000d6000000,0x00000000d6050000,0x00000000d6080000)
  to   space 512K, 0% used [0x00000000d6080000,0x00000000d6080000,0x00000000d6100000)
 ParOldGen       total 82944K, used 82696K [0x0000000080000000, 0x0000000085100000, 0x00000000d5580000)
  object space 82944K, 99% used [0x0000000080000000,0x00000000850c21f0,0x0000000085100000)
 Metaspace       used 53856K, committed 55040K, reserved 1114112K
  class space    used 5986K, committed 6464K, reserved 1048576K
}
Event: 63.164 GC heap before
{Heap before GC invocations=76 (full 2):
 PSYoungGen      total 3584K, used 3391K [0x00000000d5580000, 0x00000000d6100000, 0x0000000100000000)
  eden space 3072K, 99% used [0x00000000d5580000,0x00000000d587ffe0,0x00000000d5880000)
  from space 512K, 62% used [0x00000000d6000000,0x00000000d6050000,0x00000000d6080000)
  to   space 512K, 0% used [0x00000000d6080000,0x00000000d6080000,0x00000000d6100000)
 ParOldGen       total 82944K, used 82696K [0x0000000080000000, 0x0000000085100000, 0x00000000d5580000)
  object space 82944K, 99% used [0x0000000080000000,0x00000000850c21f0,0x0000000085100000)
 Metaspace       used 53856K, committed 55040K, reserved 1114112K
  class space    used 5986K, committed 6464K, reserved 1048576K
}
Event: 63.165 GC heap after
{Heap after GC invocations=76 (full 2):
 PSYoungGen      total 3584K, used 448K [0x00000000d5580000, 0x00000000d6100000, 0x0000000100000000)
  eden space 3072K, 0% used [0x00000000d5580000,0x00000000d5580000,0x00000000d5880000)
  from space 512K, 87% used [0x00000000d6080000,0x00000000d60f0000,0x00000000d6100000)
  to   space 512K, 0% used [0x00000000d6000000,0x00000000d6000000,0x00000000d6080000)
 ParOldGen       total 82944K, used 82832K [0x0000000080000000, 0x0000000085100000, 0x00000000d5580000)
  object space 82944K, 99% used [0x0000000080000000,0x00000000850e41f0,0x0000000085100000)
 Metaspace       used 53856K, committed 55040K, reserved 1114112K
  class space    used 5986K, committed 6464K, reserved 1048576K
}
Event: 64.502 GC heap before
{Heap before GC invocations=77 (full 2):
 PSYoungGen      total 3584K, used 3520K [0x00000000d5580000, 0x00000000d6100000, 0x0000000100000000)
  eden space 3072K, 100% used [0x00000000d5580000,0x00000000d5880000,0x00000000d5880000)
  from space 512K, 87% used [0x00000000d6080000,0x00000000d60f0000,0x00000000d6100000)
  to   space 512K, 0% used [0x00000000d6000000,0x00000000d6000000,0x00000000d6080000)
 ParOldGen       total 82944K, used 82832K [0x0000000080000000, 0x0000000085100000, 0x00000000d5580000)
  object space 82944K, 99% used [0x0000000080000000,0x00000000850e41f0,0x0000000085100000)
 Metaspace       used 53857K, committed 55040K, reserved 1114112K
  class space    used 5986K, committed 6464K, reserved 1048576K
}
Event: 64.504 GC heap after
{Heap after GC invocations=77 (full 2):
 PSYoungGen      total 3584K, used 448K [0x00000000d5580000, 0x00000000d6100000, 0x0000000100000000)
  eden space 3072K, 0% used [0x00000000d5580000,0x00000000d5580000,0x00000000d5880000)
  from space 512K, 87% used [0x00000000d6000000,0x00000000d6070000,0x00000000d6080000)
  to   space 512K, 0% used [0x00000000d6080000,0x00000000d6080000,0x00000000d6100000)
 ParOldGen       total 83456K, used 82968K [0x0000000080000000, 0x0000000085180000, 0x00000000d5580000)
  object space 83456K, 99% used [0x0000000080000000,0x00000000851061f0,0x0000000085180000)
 Metaspace       used 53857K, committed 55040K, reserved 1114112K
  class space    used 5986K, committed 6464K, reserved 1048576K
}
Event: 66.246 GC heap before
{Heap before GC invocations=78 (full 2):
 PSYoungGen      total 3584K, used 3505K [0x00000000d5580000, 0x00000000d6100000, 0x0000000100000000)
  eden space 3072K, 99% used [0x00000000d5580000,0x00000000d587c6a0,0x00000000d5880000)
  from space 512K, 87% used [0x00000000d6000000,0x00000000d6070000,0x00000000d6080000)
  to   space 512K, 0% used [0x00000000d6080000,0x00000000d6080000,0x00000000d6100000)
 ParOldGen       total 83456K, used 82968K [0x0000000080000000, 0x0000000085180000, 0x00000000d5580000)
  object space 83456K, 99% used [0x0000000080000000,0x00000000851061f0,0x0000000085180000)
 Metaspace       used 53858K, committed 55040K, reserved 1114112K
  class space    used 5986K, committed 6464K, reserved 1048576K
}
Event: 66.248 GC heap after
{Heap after GC invocations=78 (full 2):
 PSYoungGen      total 3584K, used 503K [0x00000000d5580000, 0x00000000d6100000, 0x0000000100000000)
  eden space 3072K, 0% used [0x00000000d5580000,0x00000000d5580000,0x00000000d5880000)
  from space 512K, 98% used [0x00000000d6080000,0x00000000d60fdfa8,0x00000000d6100000)
  to   space 1536K, 0% used [0x00000000d5e00000,0x00000000d5e00000,0x00000000d5f80000)
 ParOldGen       total 83968K, used 83559K [0x0000000080000000, 0x0000000085200000, 0x00000000d5580000)
  object space 83968K, 99% used [0x0000000080000000,0x0000000085199d48,0x0000000085200000)
 Metaspace       used 53858K, committed 55040K, reserved 1114112K
  class space    used 5986K, committed 6464K, reserved 1048576K
}
Event: 66.491 GC heap before
{Heap before GC invocations=79 (full 2):
 PSYoungGen      total 3584K, used 3575K [0x00000000d5580000, 0x00000000d6100000, 0x0000000100000000)
  eden space 3072K, 99% used [0x00000000d5580000,0x00000000d587ff58,0x00000000d5880000)
  from space 512K, 98% used [0x00000000d6080000,0x00000000d60fdfa8,0x00000000d6100000)
  to   space 1536K, 0% used [0x00000000d5e00000,0x00000000d5e00000,0x00000000d5f80000)
 ParOldGen       total 83968K, used 83559K [0x0000000080000000, 0x0000000085200000, 0x00000000d5580000)
  object space 83968K, 99% used [0x0000000080000000,0x0000000085199d48,0x0000000085200000)
 Metaspace       used 53863K, committed 55040K, reserved 1114112K
  class space    used 5986K, committed 6464K, reserved 1048576K
}
Event: 66.495 GC heap after
{Heap after GC invocations=79 (full 2):
 PSYoungGen      total 4608K, used 1375K [0x00000000d5580000, 0x00000000d6100000, 0x0000000100000000)
  eden space 3072K, 0% used [0x00000000d5580000,0x00000000d5580000,0x00000000d5880000)
  from space 1536K, 89% used [0x00000000d5e00000,0x00000000d5f57df0,0x00000000d5f80000)
  to   space 1536K, 0% used [0x00000000d5f80000,0x00000000d5f80000,0x00000000d6100000)
 ParOldGen       total 83968K, used 83931K [0x0000000080000000, 0x0000000085200000, 0x00000000d5580000)
  object space 83968K, 99% used [0x0000000080000000,0x00000000851f6f70,0x0000000085200000)
 Metaspace       used 53863K, committed 55040K, reserved 1114112K
  class space    used 5986K, committed 6464K, reserved 1048576K
}
Event: 68.809 GC heap before
{Heap before GC invocations=80 (full 2):
 PSYoungGen      total 4608K, used 4390K [0x00000000d5580000, 0x00000000d6100000, 0x0000000100000000)
  eden space 3072K, 98% used [0x00000000d5580000,0x00000000d5871be8,0x00000000d5880000)
  from space 1536K, 89% used [0x00000000d5e00000,0x00000000d5f57df0,0x00000000d5f80000)
  to   space 1536K, 0% used [0x00000000d5f80000,0x00000000d5f80000,0x00000000d6100000)
 ParOldGen       total 83968K, used 83931K [0x0000000080000000, 0x0000000085200000, 0x00000000d5580000)
  object space 83968K, 99% used [0x0000000080000000,0x00000000851f6f70,0x0000000085200000)
 Metaspace       used 53869K, committed 55040K, reserved 1114112K
  class space    used 5986K, committed 6464K, reserved 1048576K
}
Event: 68.821 GC heap after
{Heap after GC invocations=80 (full 2):
 PSYoungGen      total 4608K, used 1528K [0x00000000d5580000, 0x00000000d6100000, 0x0000000100000000)
  eden space 3072K, 0% used [0x00000000d5580000,0x00000000d5580000,0x00000000d5880000)
  from space 1536K, 99% used [0x00000000d5f80000,0x00000000d60fe3c8,0x00000000d6100000)
  to   space 3584K, 0% used [0x00000000d5a00000,0x00000000d5a00000,0x00000000d5d80000)
 ParOldGen       total 86016K, used 85555K [0x0000000080000000, 0x0000000085400000, 0x00000000d5580000)
  object space 86016K, 99% used [0x0000000080000000,0x000000008538ced8,0x0000000085400000)
 Metaspace       used 53869K, committed 55040K, reserved 1114112K
  class space    used 5986K, committed 6464K, reserved 1048576K
}
Event: 68.840 GC heap before
{Heap before GC invocations=81 (full 2):
 PSYoungGen      total 4608K, used 4600K [0x00000000d5580000, 0x00000000d6100000, 0x0000000100000000)
  eden space 3072K, 100% used [0x00000000d5580000,0x00000000d5880000,0x00000000d5880000)
  from space 1536K, 99% used [0x00000000d5f80000,0x00000000d60fe3c8,0x00000000d6100000)
  to   space 3584K, 0% used [0x00000000d5a00000,0x00000000d5a00000,0x00000000d5d80000)
 ParOldGen       total 86016K, used 85555K [0x0000000080000000, 0x0000000085400000, 0x00000000d5580000)
  object space 86016K, 99% used [0x0000000080000000,0x000000008538ced8,0x0000000085400000)
 Metaspace       used 53871K, committed 55040K, reserved 1114112K
  class space    used 5987K, committed 6464K, reserved 1048576K
}
Event: 68.849 GC heap after
{Heap after GC invocations=81 (full 2):
 PSYoungGen      total 6656K, used 654K [0x00000000d5580000, 0x00000000d6000000, 0x0000000100000000)
  eden space 3072K, 0% used [0x00000000d5580000,0x00000000d5580000,0x00000000d5880000)
  from space 3584K, 18% used [0x00000000d5a00000,0x00000000d5aa39b8,0x00000000d5d80000)
  to   space 2048K, 0% used [0x00000000d5e00000,0x00000000d5e00000,0x00000000d6000000)
 ParOldGen       total 87040K, used 86848K [0x0000000080000000, 0x0000000085500000, 0x00000000d5580000)
  object space 87040K, 99% used [0x0000000080000000,0x00000000854d03e0,0x0000000085500000)
 Metaspace       used 53871K, committed 55040K, reserved 1114112K
  class space    used 5987K, committed 6464K, reserved 1048576K
}
Event: 68.974 GC heap before
{Heap before GC invocations=82 (full 2):
 PSYoungGen      total 6656K, used 3726K [0x00000000d5580000, 0x00000000d6000000, 0x0000000100000000)
  eden space 3072K, 100% used [0x00000000d5580000,0x00000000d5880000,0x00000000d5880000)
  from space 3584K, 18% used [0x00000000d5a00000,0x00000000d5aa39b8,0x00000000d5d80000)
  to   space 2048K, 0% used [0x00000000d5e00000,0x00000000d5e00000,0x00000000d6000000)
 ParOldGen       total 87040K, used 86848K [0x0000000080000000, 0x0000000085500000, 0x00000000d5580000)
  object space 87040K, 99% used [0x0000000080000000,0x00000000854d03e0,0x0000000085500000)
 Metaspace       used 53934K, committed 55168K, reserved 1114112K
  class space    used 5995K, committed 6528K, reserved 1048576K
}
Event: 68.977 GC heap after
{Heap after GC invocations=82 (full 2):
 PSYoungGen      total 3584K, used 448K [0x00000000d5580000, 0x00000000d5e80000, 0x0000000100000000)
  eden space 3072K, 0% used [0x00000000d5580000,0x00000000d5580000,0x00000000d5880000)
  from space 512K, 87% used [0x00000000d5e00000,0x00000000d5e70000,0x00000000d5e80000)
  to   space 1024K, 0% used [0x00000000d5c80000,0x00000000d5c80000,0x00000000d5d80000)
 ParOldGen       total 87552K, used 87161K [0x0000000080000000, 0x0000000085580000, 0x00000000d5580000)
  object space 87552K, 99% used [0x0000000080000000,0x000000008551e428,0x0000000085580000)
 Metaspace       used 53934K, committed 55168K, reserved 1114112K
  class space    used 5995K, committed 6528K, reserved 1048576K
}
Event: 69.120 GC heap before
{Heap before GC invocations=83 (full 2):
 PSYoungGen      total 3584K, used 3520K [0x00000000d5580000, 0x00000000d5e80000, 0x0000000100000000)
  eden space 3072K, 100% used [0x00000000d5580000,0x00000000d5880000,0x00000000d5880000)
  from space 512K, 87% used [0x00000000d5e00000,0x00000000d5e70000,0x00000000d5e80000)
  to   space 1024K, 0% used [0x00000000d5c80000,0x00000000d5c80000,0x00000000d5d80000)
 ParOldGen       total 87552K, used 87161K [0x0000000080000000, 0x0000000085580000, 0x00000000d5580000)
  object space 87552K, 99% used [0x0000000080000000,0x000000008551e428,0x0000000085580000)
 Metaspace       used 54042K, committed 55232K, reserved 1114112K
  class space    used 6025K, committed 6528K, reserved 1048576K
}
Event: 69.123 GC heap after
{Heap after GC invocations=83 (full 2):
 PSYoungGen      total 4096K, used 448K [0x00000000d5580000, 0x00000000d5e80000, 0x0000000100000000)
  eden space 3072K, 0% used [0x00000000d5580000,0x00000000d5580000,0x00000000d5880000)
  from space 1024K, 43% used [0x00000000d5c80000,0x00000000d5cf0000,0x00000000d5d80000)
  to   space 512K, 0% used [0x00000000d5e00000,0x00000000d5e00000,0x00000000d5e80000)
 ParOldGen       total 87552K, used 87297K [0x0000000080000000, 0x0000000085580000, 0x00000000d5580000)
  object space 87552K, 99% used [0x0000000080000000,0x0000000085540428,0x0000000085580000)
 Metaspace       used 54042K, committed 55232K, reserved 1114112K
  class space    used 6025K, committed 6528K, reserved 1048576K
}

Dll operation events (13 events):
Event: 0.256 Loaded shared library c:\Users\jibri\.antigravity\extensions\redhat.java-1.53.0-win32-x64\jre\21.0.10-win32-x86_64\bin\java.dll
Event: 0.328 Loaded shared library c:\Users\jibri\.antigravity\extensions\redhat.java-1.53.0-win32-x64\jre\21.0.10-win32-x86_64\bin\zip.dll
Event: 0.381 Loaded shared library C:\Users\jibri\.antigravity\extensions\redhat.java-1.53.0-win32-x64\jre\21.0.10-win32-x86_64\bin\instrument.dll
Event: 0.911 Loaded shared library C:\Users\jibri\.antigravity\extensions\redhat.java-1.53.0-win32-x64\jre\21.0.10-win32-x86_64\bin\net.dll
Event: 1.033 Loaded shared library C:\Users\jibri\.antigravity\extensions\redhat.java-1.53.0-win32-x64\jre\21.0.10-win32-x86_64\bin\nio.dll
Event: 1.038 Loaded shared library C:\Users\jibri\.antigravity\extensions\redhat.java-1.53.0-win32-x64\jre\21.0.10-win32-x86_64\bin\zip.dll
Event: 1.061 Loaded shared library C:\Users\jibri\.antigravity\extensions\redhat.java-1.53.0-win32-x64\jre\21.0.10-win32-x86_64\bin\jimage.dll
Event: 1.257 Loaded shared library c:\Users\jibri\.antigravity\extensions\redhat.java-1.53.0-win32-x64\jre\21.0.10-win32-x86_64\bin\verify.dll
Event: 14.577 Loaded shared library C:\Users\jibri\AppData\Roaming\Antigravity\User\globalStorage\redhat.java\1.53.0\config_win\org.eclipse.equinox.launcher\org.eclipse.equinox.launcher.win32.win32.x86_64_1.3.0.v20260203-2149\eclipse_11919.dll
Event: 27.676 Loaded shared library C:\Users\jibri\AppData\Local\Temp\jna-101119098\jna14544114658933749736.dll
Event: 30.540 Loaded shared library C:\Users\jibri\.antigravity\extensions\redhat.java-1.53.0-win32-x64\jre\21.0.10-win32-x86_64\bin\management.dll
Event: 30.597 Loaded shared library C:\Users\jibri\.antigravity\extensions\redhat.java-1.53.0-win32-x64\jre\21.0.10-win32-x86_64\bin\management_ext.dll
Event: 55.731 Loaded shared library C:\Users\jibri\.gradle\native\1def1411415f61bf3af743bc5b6707747c0891f09f0c88961ee8f79bc544acac\windows-amd64\native-platform.dll

Deoptimization events (20 events):
Event: 56.112 Thread 0x00000218cee33b50 DEOPT PACKING pc=0x00000218f79f42c8 sp=0x0000008087afce50
Event: 56.112 Thread 0x00000218cee33b50 DEOPT UNPACKING pc=0x00000218f71f3aa2 sp=0x0000008087afcdf0 mode 2
Event: 56.241 Thread 0x00000218cee33b50 DEOPT PACKING pc=0x00000218eff8539b sp=0x0000008087afd7b0
Event: 56.241 Thread 0x00000218cee33b50 DEOPT UNPACKING pc=0x00000218f71f4242 sp=0x0000008087afccb8 mode 0
Event: 56.354 Thread 0x00000218cee33b50 Uncommon trap: trap_request=0xffffff45 fr.pc=0x00000218f7c8cd78 relative=0x00000000000001d8
Event: 56.354 Thread 0x00000218cee33b50 Uncommon trap: reason=unstable_if action=reinterpret pc=0x00000218f7c8cd78 method=java.util.regex.Pattern.RemoveQEQuoting()V @ 41 c2
Event: 56.354 Thread 0x00000218cee33b50 DEOPT PACKING pc=0x00000218f7c8cd78 sp=0x0000008087afd630
Event: 56.354 Thread 0x00000218cee33b50 DEOPT UNPACKING pc=0x00000218f71f3aa2 sp=0x0000008087afd590 mode 2
Event: 56.937 Thread 0x00000218cee33b50 DEOPT PACKING pc=0x00000218f0e86467 sp=0x0000008087afd1c0
Event: 56.937 Thread 0x00000218cee33b50 DEOPT UNPACKING pc=0x00000218f71f4242 sp=0x0000008087afc730 mode 0
Event: 64.949 Thread 0x00000218cee33b50 DEOPT PACKING pc=0x00000218f0e86467 sp=0x0000008087afcb70
Event: 64.949 Thread 0x00000218cee33b50 DEOPT UNPACKING pc=0x00000218f71f4242 sp=0x0000008087afc0e0 mode 0
Event: 66.276 Thread 0x00000218cee33b50 DEOPT PACKING pc=0x00000218f0e86467 sp=0x0000008087afcb70
Event: 66.276 Thread 0x00000218cee33b50 DEOPT UNPACKING pc=0x00000218f71f4242 sp=0x0000008087afc0e0 mode 0
Event: 66.765 Thread 0x00000218cee33b50 DEOPT PACKING pc=0x00000218f0e86467 sp=0x0000008087afcb10
Event: 66.765 Thread 0x00000218cee33b50 DEOPT UNPACKING pc=0x00000218f71f4242 sp=0x0000008087afc080 mode 0
Event: 68.142 Thread 0x00000218cee33b50 Uncommon trap: trap_request=0xffffff45 fr.pc=0x00000218f7e25aa4 relative=0x0000000000003204
Event: 68.142 Thread 0x00000218cee33b50 Uncommon trap: reason=unstable_if action=reinterpret pc=0x00000218f7e25aa4 method=java.util.TreeMap.put(Ljava/lang/Object;Ljava/lang/Object;Z)Ljava/lang/Object; @ 158 c2
Event: 68.142 Thread 0x00000218cee33b50 DEOPT PACKING pc=0x00000218f7e25aa4 sp=0x0000008087afcbc0
Event: 68.142 Thread 0x00000218cee33b50 DEOPT UNPACKING pc=0x00000218f71f3aa2 sp=0x0000008087afca08 mode 2

Classes loaded (20 events):
Event: 39.506 Loading class java/util/TaskQueue
Event: 39.507 Loading class java/util/TaskQueue done
Event: 39.507 Loading class java/util/TimerThread
Event: 39.507 Loading class java/util/TimerThread done
Event: 39.507 Loading class java/util/Timer$ThreadReaper
Event: 39.507 Loading class java/util/Timer$ThreadReaper done
Event: 39.557 Loading class java/util/concurrent/CopyOnWriteArraySet
Event: 39.557 Loading class java/util/concurrent/CopyOnWriteArraySet done
Event: 39.625 Loading class java/util/concurrent/ArrayBlockingQueue
Event: 39.626 Loading class java/util/concurrent/ArrayBlockingQueue done
Event: 39.723 Loading class java/net/HttpURLConnection
Event: 39.724 Loading class java/net/HttpURLConnection done
Event: 39.778 Loading class java/io/FileFilter
Event: 39.779 Loading class java/io/FileFilter done
Event: 39.816 Loading class java/util/concurrent/ConcurrentHashMap$ValueSpliterator
Event: 39.817 Loading class java/util/concurrent/ConcurrentHashMap$ValueSpliterator done
Event: 39.819 Loading class jdk/internal/loader/BootLoader$PackageHelper
Event: 39.820 Loading class jdk/internal/loader/BootLoader$PackageHelper done
Event: 55.819 Loading class java/lang/Class$EnclosingMethodInfo
Event: 55.821 Loading class java/lang/Class$EnclosingMethodInfo done

Classes unloaded (11 events):
Event: 29.158 Thread 0x00000218ecbf1850 Unloading class 0x00000218851a9400 'java/lang/invoke/LambdaForm$MH+0x00000218851a9400'
Event: 29.158 Thread 0x00000218ecbf1850 Unloading class 0x00000218851a9000 'java/lang/invoke/LambdaForm$MH+0x00000218851a9000'
Event: 29.158 Thread 0x00000218ecbf1850 Unloading class 0x00000218851a8c00 'java/lang/invoke/LambdaForm$MH+0x00000218851a8c00'
Event: 29.158 Thread 0x00000218ecbf1850 Unloading class 0x00000218851a8800 'java/lang/invoke/LambdaForm$MH+0x00000218851a8800'
Event: 29.158 Thread 0x00000218ecbf1850 Unloading class 0x00000218851a8400 'java/lang/invoke/LambdaForm$BMH+0x00000218851a8400'
Event: 29.158 Thread 0x00000218ecbf1850 Unloading class 0x00000218851a8000 'java/lang/invoke/LambdaForm$DMH+0x00000218851a8000'
Event: 29.158 Thread 0x00000218ecbf1850 Unloading class 0x00000218851a6c00 'java/lang/invoke/LambdaForm$DMH+0x00000218851a6c00'
Event: 31.082 Thread 0x00000218ecbf1850 Unloading class 0x000002188531f800 'java/lang/invoke/LambdaForm$MH+0x000002188531f800'
Event: 31.082 Thread 0x00000218ecbf1850 Unloading class 0x000002188531ec00 'java/lang/invoke/LambdaForm$MH+0x000002188531ec00'
Event: 31.082 Thread 0x00000218ecbf1850 Unloading class 0x000002188531e400 'java/lang/invoke/LambdaForm$DMH+0x000002188531e400'
Event: 31.082 Thread 0x00000218ecbf1850 Unloading class 0x000002188531d400 'java/lang/invoke/LambdaForm$MH+0x000002188531d400'

Classes redefined (0 events):
No events

Internal exceptions (20 events):
Event: 39.324 Thread 0x00000218ce076ef0 Exception <a 'sun/nio/fs/WindowsException'{0x00000000d5702c70}> (0x00000000d5702c70) 
thrown [s\src\hotspot\share\prims\jni.cpp, line 520]
Event: 39.324 Thread 0x00000218ce076ef0 Exception <a 'sun/nio/fs/WindowsException'{0x00000000d57032a0}> (0x00000000d57032a0) 
thrown [s\src\hotspot\share\prims\jni.cpp, line 520]
Event: 39.325 Thread 0x00000218ce076ef0 Exception <a 'sun/nio/fs/WindowsException'{0x00000000d57038f0}> (0x00000000d57038f0) 
thrown [s\src\hotspot\share\prims\jni.cpp, line 520]
Event: 39.328 Thread 0x00000218ce076ef0 Exception <a 'sun/nio/fs/WindowsException'{0x00000000d570a1b8}> (0x00000000d570a1b8) 
thrown [s\src\hotspot\share\prims\jni.cpp, line 520]
Event: 39.328 Thread 0x00000218ce076ef0 Exception <a 'sun/nio/fs/WindowsException'{0x00000000d570a7e8}> (0x00000000d570a7e8) 
thrown [s\src\hotspot\share\prims\jni.cpp, line 520]
Event: 39.328 Thread 0x00000218ce076ef0 Exception <a 'sun/nio/fs/WindowsException'{0x00000000d570ae18}> (0x00000000d570ae18) 
thrown [s\src\hotspot\share\prims\jni.cpp, line 520]
Event: 39.328 Thread 0x00000218ce076ef0 Exception <a 'sun/nio/fs/WindowsException'{0x00000000d570b468}> (0x00000000d570b468) 
thrown [s\src\hotspot\share\prims\jni.cpp, line 520]
Event: 39.330 Thread 0x00000218ce076ef0 Exception <a 'sun/nio/fs/WindowsException'{0x00000000d5710788}> (0x00000000d5710788) 
thrown [s\src\hotspot\share\prims\jni.cpp, line 520]
Event: 39.330 Thread 0x00000218ce076ef0 Exception <a 'sun/nio/fs/WindowsException'{0x00000000d5710da8}> (0x00000000d5710da8) 
thrown [s\src\hotspot\share\prims\jni.cpp, line 520]
Event: 39.330 Thread 0x00000218ce076ef0 Exception <a 'sun/nio/fs/WindowsException'{0x00000000d57113c8}> (0x00000000d57113c8) 
thrown [s\src\hotspot\share\prims\jni.cpp, line 520]
Event: 39.330 Thread 0x00000218ce076ef0 Exception <a 'sun/nio/fs/WindowsException'{0x00000000d5711a00}> (0x00000000d5711a00) 
thrown [s\src\hotspot\share\prims\jni.cpp, line 520]
Event: 39.331 Thread 0x00000218ce076ef0 Exception <a 'sun/nio/fs/WindowsException'{0x00000000d5715f88}> (0x00000000d5715f88) 
thrown [s\src\hotspot\share\prims\jni.cpp, line 520]
Event: 39.331 Thread 0x00000218ce076ef0 Exception <a 'sun/nio/fs/WindowsException'{0x00000000d57165a8}> (0x00000000d57165a8) 
thrown [s\src\hotspot\share\prims\jni.cpp, line 520]
Event: 39.331 Thread 0x00000218ce076ef0 Exception <a 'sun/nio/fs/WindowsException'{0x00000000d5716bc8}> (0x00000000d5716bc8) 
thrown [s\src\hotspot\share\prims\jni.cpp, line 520]
Event: 39.331 Thread 0x00000218ce076ef0 Exception <a 'sun/nio/fs/WindowsException'{0x00000000d5717200}> (0x00000000d5717200) 
thrown [s\src\hotspot\share\prims\jni.cpp, line 520]
Event: 39.562 Thread 0x00000218ce076ef0 Exception <a 'java/lang/NoSuchMethodError'{0x00000000d5799530}: 'java.lang.Object java.lang.invoke.DirectMethodHandle$Holder.invokeVirtual(java.lang.Object, java.lang.Object, java.lang.Object, java.lang.Object)'> (0x00000000d5799530) 
thrown [s\src\hotspot\share\interpreter\linkResolver.cpp, line 773]
Event: 39.568 Thread 0x00000218ce076ef0 Exception <a 'java/lang/NoSuchMethodError'{0x00000000d57bc170}: 'java.lang.Object java.lang.invoke.DirectMethodHandle$Holder.invokeVirtual(java.lang.Object, java.lang.Object, java.lang.Object, java.lang.Object, java.lang.Object)'> (0x00000000d57bc170) 
thrown [s\src\hotspot\share\interpreter\linkResolver.cpp, line 773]
Event: 51.466 Thread 0x00000218ce078930 Exception <a 'java/io/FileNotFoundException'{0x00000000d5861e98}> (0x00000000d5861e98) 
thrown [s\src\hotspot\share\prims\jni.cpp, line 520]
Event: 51.467 Thread 0x00000218ce078930 Exception <a 'java/io/FileNotFoundException'{0x00000000d5863120}> (0x00000000d5863120) 
thrown [s\src\hotspot\share\prims\jni.cpp, line 520]
Event: 51.467 Thread 0x00000218ce078930 Exception <a 'java/io/FileNotFoundException'{0x00000000d5863e98}> (0x00000000d5863e98) 
thrown [s\src\hotspot\share\prims\jni.cpp, line 520]

ZGC Phase Switch (0 events):
No events

VM Operations (20 events):
Event: 62.112 Executing safepoint VM operation: ParallelGCFailedAllocation (Allocation Failure) done
Event: 63.164 Executing safepoint VM operation: ParallelGCFailedAllocation (Allocation Failure)
Event: 63.165 Executing safepoint VM operation: ParallelGCFailedAllocation (Allocation Failure) done
Event: 64.502 Executing safepoint VM operation: ParallelGCFailedAllocation (Allocation Failure)
Event: 64.504 Executing safepoint VM operation: ParallelGCFailedAllocation (Allocation Failure) done
Event: 66.246 Executing safepoint VM operation: ParallelGCFailedAllocation (Allocation Failure)
Event: 66.248 Executing safepoint VM operation: ParallelGCFailedAllocation (Allocation Failure) done
Event: 66.491 Executing safepoint VM operation: ParallelGCFailedAllocation (Allocation Failure)
Event: 66.495 Executing safepoint VM operation: ParallelGCFailedAllocation (Allocation Failure) done
Event: 68.499 Executing safepoint VM operation: Cleanup
Event: 68.499 Executing safepoint VM operation: Cleanup done
Event: 68.809 Executing safepoint VM operation: ParallelGCFailedAllocation (Allocation Failure)
Event: 68.821 Executing safepoint VM operation: ParallelGCFailedAllocation (Allocation Failure) done
Event: 68.840 Executing safepoint VM operation: ParallelGCFailedAllocation (Allocation Failure)
Event: 68.849 Executing safepoint VM operation: ParallelGCFailedAllocation (Allocation Failure) done
Event: 68.973 Executing safepoint VM operation: ParallelGCFailedAllocation (Allocation Failure)
Event: 68.977 Executing safepoint VM operation: ParallelGCFailedAllocation (Allocation Failure) done
Event: 69.120 Executing safepoint VM operation: ParallelGCFailedAllocation (Allocation Failure)
Event: 69.123 Executing safepoint VM operation: ParallelGCFailedAllocation (Allocation Failure) done
Event: 69.350 Executing safepoint VM operation: ParallelGCFailedAllocation (Allocation Failure)

Memory protections (0 events):
No events

Nmethod flushes (20 events):
Event: 31.094 Thread 0x00000218ecbf1850 flushing  nmethod 0x00000218f0468010
Event: 31.094 Thread 0x00000218ecbf1850 flushing  nmethod 0x00000218f046f690
Event: 31.094 Thread 0x00000218ecbf1850 flushing  nmethod 0x00000218f04a8e10
Event: 31.094 Thread 0x00000218ecbf1850 flushing  nmethod 0x00000218f04a9210
Event: 31.094 Thread 0x00000218ecbf1850 flushing  nmethod 0x00000218f04a9b10
Event: 31.094 Thread 0x00000218ecbf1850 flushing  nmethod 0x00000218f04aad10
Event: 31.094 Thread 0x00000218ecbf1850 flushing  nmethod 0x00000218f04ab990
Event: 31.094 Thread 0x00000218ecbf1850 flushing  nmethod 0x00000218f04ace90
Event: 31.094 Thread 0x00000218ecbf1850 flushing  nmethod 0x00000218f04ad390
Event: 31.094 Thread 0x00000218ecbf1850 flushing  nmethod 0x00000218f04ae890
Event: 31.094 Thread 0x00000218ecbf1850 flushing  nmethod 0x00000218f04af890
Event: 31.094 Thread 0x00000218ecbf1850 flushing  nmethod 0x00000218f04b0d90
Event: 31.094 Thread 0x00000218ecbf1850 flushing  nmethod 0x00000218f04b3c90
Event: 31.094 Thread 0x00000218ecbf1850 flushing  nmethod 0x00000218f0514210
Event: 31.094 Thread 0x00000218ecbf1850 flushing  nmethod 0x00000218f0514d10
Event: 31.094 Thread 0x00000218ecbf1850 flushing  nmethod 0x00000218f051ab90
Event: 31.094 Thread 0x00000218ecbf1850 flushing  nmethod 0x00000218f0522110
Event: 31.094 Thread 0x00000218ecbf1850 flushing  nmethod 0x00000218f0571210
Event: 31.094 Thread 0x00000218ecbf1850 flushing  nmethod 0x00000218f0590010
Event: 31.094 Thread 0x00000218ecbf1850 flushing  nmethod 0x00000218f0592790

Events (20 events):
Event: 35.701 Thread 0x00000218cee30d60 Thread added: 0x00000218cee31a80
Event: 35.701 Thread 0x00000218cee306d0 Thread added: 0x00000218cee32110
Event: 35.701 Thread 0x00000218cee31a80 Thread added: 0x00000218cee313f0
Event: 35.701 Thread 0x00000218cee32110 Thread added: 0x00000218cee334c0
Event: 35.701 Thread 0x00000218cee313f0 Thread added: 0x00000218cee30040
Event: 35.717 Thread 0x00000218cc3fb970 Thread added: 0x00000218cc3f9e30
Event: 36.912 Thread 0x00000218cc3f9e30 Thread exited: 0x00000218cc3f9e30
Event: 38.331 Thread 0x00000218cc3fb970 Thread exited: 0x00000218cc3fb970
Event: 38.331 Thread 0x00000218cc3fabd0 Thread exited: 0x00000218cc3fabd0
Event: 39.311 Thread 0x00000218cc70d930 Thread exited: 0x00000218cc70d930
Event: 39.507 Thread 0x00000218ce076ef0 Thread added: 0x00000218cee327a0
Event: 39.568 Thread 0x00000218c5a88ad0 Thread added: 0x00000218cc3fcde0
Event: 39.655 Thread 0x00000218ce076ef0 Thread added: 0x00000218cee33b50
Event: 39.936 Thread 0x00000218cc3fcde0 Thread exited: 0x00000218cc3fcde0
Event: 51.440 Thread 0x00000218c5a88ad0 Thread added: 0x00000218cc3fabd0
Event: 51.821 Thread 0x00000218cc3fabd0 Thread exited: 0x00000218cc3fabd0
Event: 54.876 Thread 0x00000218c5a88ad0 Thread added: 0x00000218cc3fa500
Event: 54.877 Thread 0x00000218c5a88ad0 Thread added: 0x00000218cc3fabd0
Event: 55.282 Thread 0x00000218cc3fabd0 Thread exited: 0x00000218cc3fabd0
Event: 56.899 Thread 0x00000218cc3fa500 Thread exited: 0x00000218cc3fa500


Dynamic libraries:
0x00007ff6f2d20000 - 0x00007ff6f2d2e000 	c:\Users\jibri\.antigravity\extensions\redhat.java-1.53.0-win32-x64\jre\21.0.10-win32-x86_64\bin\java.exe
0x00007ffa53900000 - 0x00007ffa53b67000 	C:\WINDOWS\SYSTEM32\ntdll.dll
0x00007ffa52f20000 - 0x00007ffa52fe9000 	C:\WINDOWS\System32\KERNEL32.DLL
0x00007ffa501e0000 - 0x00007ffa505d1000 	C:\WINDOWS\System32\KERNELBASE.dll
0x00007ffa51410000 - 0x00007ffa5155b000 	C:\WINDOWS\System32\ucrtbase.dll
0x00007ffa26e90000 - 0x00007ffa26eae000 	c:\Users\jibri\.antigravity\extensions\redhat.java-1.53.0-win32-x64\jre\21.0.10-win32-x86_64\bin\VCRUNTIME140.dll
0x00007ffa3a4f0000 - 0x00007ffa3a508000 	c:\Users\jibri\.antigravity\extensions\redhat.java-1.53.0-win32-x64\jre\21.0.10-win32-x86_64\bin\jli.dll
0x00007ffa52d50000 - 0x00007ffa52f15000 	C:\WINDOWS\System32\USER32.dll
0x00007ffa50880000 - 0x00007ffa508a7000 	C:\WINDOWS\System32\win32u.dll
0x00007ffa53530000 - 0x00007ffa5355b000 	C:\WINDOWS\System32\GDI32.dll
0x00007ffa505e0000 - 0x00007ffa5070b000 	C:\WINDOWS\System32\gdi32full.dll
0x00007ffa341d0000 - 0x00007ffa34463000 	C:\WINDOWS\WinSxS\amd64_microsoft.windows.common-controls_6595b64144ccf1df_6.0.26100.8037_none_3e092faae333b53b\COMCTL32.dll
0x00007ffa51560000 - 0x00007ffa51603000 	C:\WINDOWS\System32\msvcp_win.dll
0x00007ffa52ff0000 - 0x00007ffa53099000 	C:\WINDOWS\System32\msvcrt.dll
0x00007ffa51ce0000 - 0x00007ffa51d11000 	C:\WINDOWS\System32\IMM32.DLL
0x00007ffa3a670000 - 0x00007ffa3a67c000 	c:\Users\jibri\.antigravity\extensions\redhat.java-1.53.0-win32-x64\jre\21.0.10-win32-x86_64\bin\vcruntime140_1.dll
0x00007ff9dd8b0000 - 0x00007ff9dd93d000 	c:\Users\jibri\.antigravity\extensions\redhat.java-1.53.0-win32-x64\jre\21.0.10-win32-x86_64\bin\msvcp140.dll
0x00007ff97b270000 - 0x00007ff97c011000 	c:\Users\jibri\.antigravity\extensions\redhat.java-1.53.0-win32-x64\jre\21.0.10-win32-x86_64\bin\server\jvm.dll
0x00007ffa525a0000 - 0x00007ffa5265b000 	C:\WINDOWS\System32\ADVAPI32.dll
0x00007ffa52660000 - 0x00007ffa52707000 	C:\WINDOWS\System32\sechost.dll
0x00007ffa530a0000 - 0x00007ffa531b8000 	C:\WINDOWS\System32\RPCRT4.dll
0x00007ffa53320000 - 0x00007ffa53394000 	C:\WINDOWS\System32\WS2_32.dll
0x00007ffa4edb0000 - 0x00007ffa4ee0e000 	C:\WINDOWS\SYSTEM32\POWRPROF.dll
0x00007ffa45110000 - 0x00007ffa45145000 	C:\WINDOWS\SYSTEM32\WINMM.dll
0x00007ffa46c40000 - 0x00007ffa46c4b000 	C:\WINDOWS\SYSTEM32\VERSION.dll
0x00007ffa4ed90000 - 0x00007ffa4eda4000 	C:\WINDOWS\SYSTEM32\UMPDC.dll
0x00007ffa4efc0000 - 0x00007ffa4efdb000 	C:\WINDOWS\SYSTEM32\kernel.appcore.dll
0x00007ffa2b0a0000 - 0x00007ffa2b0aa000 	c:\Users\jibri\.antigravity\extensions\redhat.java-1.53.0-win32-x64\jre\21.0.10-win32-x86_64\bin\jimage.dll
0x00007ffa4ded0000 - 0x00007ffa4e112000 	C:\WINDOWS\SYSTEM32\DBGHELP.DLL
0x00007ffa52810000 - 0x00007ffa52b92000 	C:\WINDOWS\System32\combase.dll
0x00007ffa52bb0000 - 0x00007ffa52c87000 	C:\WINDOWS\System32\OLEAUT32.dll
0x00007ffa26b70000 - 0x00007ffa26bab000 	C:\WINDOWS\SYSTEM32\dbgcore.DLL
0x00007ffa50710000 - 0x00007ffa507b5000 	C:\WINDOWS\System32\bcryptPrimitives.dll
0x00007ffa28000000 - 0x00007ffa2800f000 	c:\Users\jibri\.antigravity\extensions\redhat.java-1.53.0-win32-x64\jre\21.0.10-win32-x86_64\bin\instrument.dll
0x00007ffa26cf0000 - 0x00007ffa26d10000 	c:\Users\jibri\.antigravity\extensions\redhat.java-1.53.0-win32-x64\jre\21.0.10-win32-x86_64\bin\java.dll
0x00007ffa51e10000 - 0x00007ffa5256f000 	C:\WINDOWS\System32\SHELL32.dll
0x00007ffa512a0000 - 0x00007ffa5140a000 	C:\WINDOWS\System32\wintypes.dll
0x00007ffa50a30000 - 0x00007ffa51294000 	C:\WINDOWS\System32\windows.storage.dll
0x00007ffa52710000 - 0x00007ffa52807000 	C:\WINDOWS\System32\SHCORE.dll
0x00007ffa51d50000 - 0x00007ffa51db7000 	C:\WINDOWS\System32\shlwapi.dll
0x00007ffa50100000 - 0x00007ffa50129000 	C:\WINDOWS\SYSTEM32\profapi.dll
0x00007ffa16670000 - 0x00007ffa16688000 	c:\Users\jibri\.antigravity\extensions\redhat.java-1.53.0-win32-x64\jre\21.0.10-win32-x86_64\bin\zip.dll
0x00007ffa18ca0000 - 0x00007ffa18cb0000 	C:\Users\jibri\.antigravity\extensions\redhat.java-1.53.0-win32-x64\jre\21.0.10-win32-x86_64\bin\net.dll
0x00007ffa472a0000 - 0x00007ffa473c7000 	C:\WINDOWS\SYSTEM32\WINHTTP.dll
0x00007ffa4f600000 - 0x00007ffa4f66b000 	C:\WINDOWS\system32\mswsock.dll
0x00007ffa16420000 - 0x00007ffa16436000 	C:\Users\jibri\.antigravity\extensions\redhat.java-1.53.0-win32-x64\jre\21.0.10-win32-x86_64\bin\nio.dll
0x00007ffa27c20000 - 0x00007ffa27c30000 	c:\Users\jibri\.antigravity\extensions\redhat.java-1.53.0-win32-x64\jre\21.0.10-win32-x86_64\bin\verify.dll
0x00007ffa15130000 - 0x00007ffa15175000 	C:\Users\jibri\AppData\Roaming\Antigravity\User\globalStorage\redhat.java\1.53.0\config_win\org.eclipse.equinox.launcher\org.eclipse.equinox.launcher.win32.win32.x86_64_1.3.0.v20260203-2149\eclipse_11919.dll
0x00007ffa516a0000 - 0x00007ffa51835000 	C:\WINDOWS\System32\ole32.dll
0x00007ffa4f8e0000 - 0x00007ffa4f8fb000 	C:\WINDOWS\SYSTEM32\CRYPTSP.dll
0x00007ffa4eff0000 - 0x00007ffa4f029000 	C:\WINDOWS\system32\rsaenh.dll
0x00007ffa4f6b0000 - 0x00007ffa4f6e2000 	C:\WINDOWS\SYSTEM32\USERENV.dll
0x00007ffa500d0000 - 0x00007ffa500fa000 	C:\WINDOWS\SYSTEM32\bcrypt.dll
0x00007ffa4f900000 - 0x00007ffa4f90c000 	C:\WINDOWS\SYSTEM32\CRYPTBASE.dll
0x00007ffa4ea10000 - 0x00007ffa4ea43000 	C:\WINDOWS\SYSTEM32\IPHLPAPI.DLL
0x00007ffa52ba0000 - 0x00007ffa52baa000 	C:\WINDOWS\System32\NSI.dll
0x00007ffa14fc0000 - 0x00007ffa15009000 	C:\Users\jibri\AppData\Local\Temp\jna-101119098\jna14544114658933749736.dll
0x00007ffa538b0000 - 0x00007ffa538b8000 	C:\WINDOWS\System32\PSAPI.DLL
0x00007ffa13420000 - 0x00007ffa1342a000 	C:\Users\jibri\.antigravity\extensions\redhat.java-1.53.0-win32-x64\jre\21.0.10-win32-x86_64\bin\management.dll
0x00007ffa13410000 - 0x00007ffa1341c000 	C:\Users\jibri\.antigravity\extensions\redhat.java-1.53.0-win32-x64\jre\21.0.10-win32-x86_64\bin\management_ext.dll
0x00007ffa47110000 - 0x00007ffa4712d000 	C:\WINDOWS\SYSTEM32\dhcpcsvc6.DLL
0x00007ffa470e0000 - 0x00007ffa47103000 	C:\WINDOWS\SYSTEM32\dhcpcsvc.DLL
0x00007ffa136d0000 - 0x00007ffa136f7000 	C:\Users\jibri\.gradle\native\1def1411415f61bf3af743bc5b6707747c0891f09f0c88961ee8f79bc544acac\windows-amd64\native-platform.dll

JVMTI agents:
c:\Users\jibri\.antigravity\extensions\redhat.java-1.53.0-win32-x64\lombok\lombok-1.18.39-4050.jar path:c:\Users\jibri\.antigravity\extensions\redhat.java-1.53.0-win32-x64\jre\21.0.10-win32-x86_64\bin\instrument.dll, loaded, initialized, instrumentlib options:none

dbghelp: loaded successfully - version: 4.0.5 - missing functions: none
symbol engine: initialized successfully - sym options: 0x614 - pdb path: .;c:\Users\jibri\.antigravity\extensions\redhat.java-1.53.0-win32-x64\jre\21.0.10-win32-x86_64\bin;C:\WINDOWS\SYSTEM32;C:\WINDOWS\WinSxS\amd64_microsoft.windows.common-controls_6595b64144ccf1df_6.0.26100.8037_none_3e092faae333b53b;c:\Users\jibri\.antigravity\extensions\redhat.java-1.53.0-win32-x64\jre\21.0.10-win32-x86_64\bin\server;C:\Users\jibri\AppData\Roaming\Antigravity\User\globalStorage\redhat.java\1.53.0\config_win\org.eclipse.equinox.launcher\org.eclipse.equinox.launcher.win32.win32.x86_64_1.3.0.v20260203-2149;C:\Users\jibri\AppData\Local\Temp\jna-101119098;C:\Users\jibri\.gradle\native\1def1411415f61bf3af743bc5b6707747c0891f09f0c88961ee8f79bc544acac\windows-amd64

VM Arguments:
jvm_args: --add-modules=ALL-SYSTEM --add-opens=java.base/java.util=ALL-UNNAMED --add-opens=java.base/java.lang=ALL-UNNAMED --add-opens=java.base/sun.nio.fs=ALL-UNNAMED -Declipse.application=org.eclipse.jdt.ls.core.id1 -Dosgi.bundles.defaultStartLevel=4 -Declipse.product=org.eclipse.jdt.ls.core.product -Djava.import.generatesMetadataFilesAtProjectRoot=false -DDetectVMInstallationsJob.disabled=true -Dfile.encoding=utf8 -XX:+UseParallelGC -XX:GCTimeRatio=4 -XX:AdaptiveSizePolicyWeight=90 -Dsun.zip.disableMemoryMapping=true -Xmx2G -Xms100m -Xlog:disable -javaagent:c:\Users\jibri\.antigravity\extensions\redhat.java-1.53.0-win32-x64\lombok\lombok-1.18.39-4050.jar -XX:+HeapDumpOnOutOfMemoryError -XX:HeapDumpPath=c:\Users\jibri\AppData\Roaming\Antigravity\User\workspaceStorage\8b75b7c593fc459511d45e689933c160\redhat.java -Daether.dependencyCollector.impl=bf 
java_command: c:\Users\jibri\.antigravity\extensions\redhat.java-1.53.0-win32-x64\server\plugins\org.eclipse.equinox.launcher_1.7.100.v20251111-0406.jar -configuration c:\Users\jibri\AppData\Roaming\Antigravity\User\globalStorage\redhat.java\1.53.0\config_win -data c:\Users\jibri\AppData\Roaming\Antigravity\User\workspaceStorage\8b75b7c593fc459511d45e689933c160\redhat.java\jdt_ws --pipe=\\.\pipe\lsp-eb527bf3bc854d744b6abee345867206-sock
java_class_path (initial): c:\Users\jibri\.antigravity\extensions\redhat.java-1.53.0-win32-x64\server\plugins\org.eclipse.equinox.launcher_1.7.100.v20251111-0406.jar
Launcher Type: SUN_STANDARD

[Global flags]
    uintx AdaptiveSizePolicyWeight                 = 90                                        {product} {command line}
     intx CICompilerCount                          = 12                                        {product} {ergonomic}
    uintx GCTimeRatio                              = 4                                         {product} {command line}
     bool HeapDumpOnOutOfMemoryError               = true                                   {manageable} {command line}
    ccstr HeapDumpPath                             = c:\Users\jibri\AppData\Roaming\Antigravity\User\workspaceStorage\8b75b7c593fc459511d45e689933c160\redhat.java         {manageable} {command line}
   size_t InitialHeapSize                          = 104857600                                 {product} {command line}
   size_t MaxHeapSize                              = 2147483648                                {product} {command line}
   size_t MaxNewSize                               = 715653120                                 {product} {ergonomic}
   size_t MinHeapDeltaBytes                        = 524288                                    {product} {ergonomic}
   size_t MinHeapSize                              = 104857600                                 {product} {command line}
   size_t NewSize                                  = 34603008                                  {product} {ergonomic}
    uintx NonNMethodCodeHeapSize                   = 7602480                                {pd product} {ergonomic}
    uintx NonProfiledCodeHeapSize                  = 122027880                              {pd product} {ergonomic}
   size_t OldSize                                  = 70254592                                  {product} {ergonomic}
    uintx ProfiledCodeHeapSize                     = 122027880                              {pd product} {ergonomic}
    uintx ReservedCodeCacheSize                    = 251658240                              {pd product} {ergonomic}
     bool SegmentedCodeCache                       = true                                      {product} {ergonomic}
   size_t SoftMaxHeapSize                          = 2147483648                             {manageable} {ergonomic}
     bool UseCompressedOops                        = true                           {product lp64_product} {ergonomic}
     bool UseLargePagesIndividualAllocation        = false                                  {pd product} {ergonomic}
     bool UseParallelGC                            = true                                      {product} {command line}

Logging:
Log output configuration:
 #0: stdout all=off uptime,level,tags foldmultilines=false
 #1: stderr all=off uptime,level,tags foldmultilines=false

Release file:
JAVA_VERSION="21.0.10" 
MODULES="java.base java.compiler java.datatransfer java.xml java.prefs java.desktop java.instrument java.logging java.management java.security.sasl java.naming java.rmi java.management.rmi java.net.http java.scripting java.security.jgss java.transaction.xa java.sql java.sql.rowset java.xml.crypto java.se java.smartcardio jdk.accessibility jdk.internal.jvmstat jdk.attach jdk.charsets jdk.internal.opt jdk.zipfs jdk.compiler jdk.crypto.ec jdk.crypto.cryptoki jdk.crypto.mscapi jdk.dynalink jdk.internal.ed jdk.editpad jdk.hotspot.agent jdk.httpserver jdk.internal.le jdk.internal.vm.ci jdk.internal.vm.compiler jdk.internal.vm.compiler.management jdk.jartool jdk.javadoc jdk.jcmd jdk.management jdk.management.agent jdk.jconsole jdk.jdeps jdk.jdwp.agent jdk.jdi jdk.jfr jdk.jshell jdk.jsobject jdk.jstatd jdk.localedata jdk.management.jfr jdk.naming.dns jdk.naming.rmi jdk.net jdk.nio.mapmode jdk.random jdk.sctp jdk.security.auth jdk.security.jgss jdk.unsupported jdk.unsupported.desktop jdk.xml.dom" 

Environment Variables:
JAVA_HOME=C:\Program Files\Java\jdk-17
PATH=C:\Program Files\Microsoft\jdk-17.0.16.8-hotspot\bin;C:\ProgramData\Oracle\Java\javapath;C:\Program Files\NVIDIA GPU Computing Toolkit\CUDA\v12.8\bin;C:\Program Files\NVIDIA GPU Computing Toolkit\CUDA\v12.8\libnvvp;C:\Program Files\Common Files\Oracle\Java\javapath;C:\PHP\phpoldversion\;C:\Windows\system32;C:\Windows;C:\Windows\System32\Wbem;C:\Windows\System32\WindowsPowerShell\v1.0\;C:\Windows\System32\OpenSSH\;C:\Program Files (x86)\NVIDIA Corporation\PhysX\Common;C:\Program Files\Microsoft SQL Server\150\Tools\Binn\;C:\Program Files\Microsoft SQL Server\Client SDK\ODBC\170\Tools\Binn\;C:\ProgramData\ComposerSetup\bin;C:\Users\jibri\.config\herd\bin\nvm;C:\Program Files\nodejs;C:\Program Files\Java\jdk-17\bin;C:\xampp\php;C:\WINDOWS\system32;C:\WINDOWS;C:\WINDOWS\System32\Wbem;C:\WINDOWS\System32\WindowsPowerShell\v1.0\;C:\WINDOWS\System32\OpenSSH\;C:\Program Files\nodejs\;C:\Program Files\Git\cmd;C:\Program Files\Git\bin;C:\Users\jibri\AppData\Local\Pub\Cache\bin;C:\Program Files\NVIDIA Corporation\NVIDIA app\NvDLISR;C:\Program Files\heroku\bin;C:\Program Files\NVIDIA Corporation\Nsight Compute 2025.1.1\;C:\ProgramData\chocolatey\bin;C:\Users\jibri\AppData\Local\Programs\Python\Python310\Scripts;C:\Program Files\dotnet\;C:\Program Files (x86)\Windows Kits\10\Windows Performance Toolkit\;C:\Users\jibri\AppData\Local\Android\Sdk\platform-tools;C:\Program Files\Docker\Docker\resources\bin;C:\Program Files\MySQL\MySQL Shell 8.0\bin\;C:\Users\jibri\AppData\Local\Programs\Python\Python310\Scripts\;C:\Users\jibri\AppData\Local\Programs\Python\Python310\;C:\Users\jibri\.config\herd\bin;C:\Users\jibri\AppData\Local\Microsoft\WindowsApps;C:\Users\jibri\AppData\Local\Programs\Microsoft VS Code\bin;C:\Users\jibri\AppData\Roaming\Composer\vendor\bin;C:\flutter\flutter\bin;C:\Users\jibri\AppData\Roaming\npm;C:\Program Files\Git;C:\Users\jibri\AppData\Local\Pub\Cache\bin;C:\Program Files\heroku\bin;C:\Users\jibri\.dotnet\tools;C:\AppServ\Apache24\bin;C:\AppServ\php7;C:\AppServ\MySQL\bin;C:\Users\jibri\AppData\Local\Android\Sdk\build-tools;C:\ProgramData\chocolatey\bin;C:\Program Files\nodejs\;C:\Users\jibri\AppData\Local\Programs\cursor\resources\app\bin;C:\Users\jibri\AppData\Local\Programs\Antigravity\bin
USERNAME=jibri
OS=Windows_NT
PROCESSOR_IDENTIFIER=Intel64 Family 6 Model 191 Stepping 2, GenuineIntel
TMP=C:\Users\jibri\AppData\Local\Temp
TEMP=C:\Users\jibri\AppData\Local\Temp




Periodic native trim disabled

---------------  S Y S T E M  ---------------

OS:
 Windows 11 , 64 bit Build 26100 (10.0.26100.7920)
OS uptime: 0 days 9:46 hours
Hyper-V role detected

CPU: total 20 (initial active 20) (10 cores per cpu, 2 threads per core) family 6 model 191 stepping 2 microcode 0x2c, cx8, cmov, fxsr, ht, mmx, 3dnowpref, sse, sse2, sse3, ssse3, sse4.1, sse4.2, popcnt, lzcnt, tsc, tscinvbit, avx, avx2, aes, erms, clmul, bmi1, bmi2, adx, sha, fma, vzeroupper, clflush, clflushopt, clwb, hv, serialize, rdtscp, rdpid, fsrm, f16c, cet_ibt, cet_ss
Processor Information for processor 0
  Max Mhz: 2500, Current Mhz: 2500, Mhz Limit: 2500
Processor Information for processor 1
  Max Mhz: 2500, Current Mhz: 2500, Mhz Limit: 2500
Processor Information for processor 2
  Max Mhz: 2500, Current Mhz: 2500, Mhz Limit: 2500
Processor Information for processor 3
  Max Mhz: 2500, Current Mhz: 2500, Mhz Limit: 2500
Processor Information for processor 4
  Max Mhz: 2500, Current Mhz: 2500, Mhz Limit: 2500
Processor Information for processor 5
  Max Mhz: 2500, Current Mhz: 2500, Mhz Limit: 2500
Processor Information for processor 6
  Max Mhz: 2500, Current Mhz: 2500, Mhz Limit: 2500
Processor Information for processor 7
  Max Mhz: 2500, Current Mhz: 2500, Mhz Limit: 2500
Processor Information for processor 8
  Max Mhz: 2500, Current Mhz: 2500, Mhz Limit: 2500
Processor Information for processor 9
  Max Mhz: 2500, Current Mhz: 2500, Mhz Limit: 2500
Processor Information for processor 10
  Max Mhz: 2500, Current Mhz: 2500, Mhz Limit: 2500
Processor Information for processor 11
  Max Mhz: 2500, Current Mhz: 2500, Mhz Limit: 2500
Processor Information for processor 12
  Max Mhz: 2500, Current Mhz: 1800, Mhz Limit: 1800
Processor Information for processor 13
  Max Mhz: 2500, Current Mhz: 1800, Mhz Limit: 1800
Processor Information for processor 14
  Max Mhz: 2500, Current Mhz: 1800, Mhz Limit: 1800
Processor Information for processor 15
  Max Mhz: 2500, Current Mhz: 1800, Mhz Limit: 1800
Processor Information for processor 16
  Max Mhz: 2500, Current Mhz: 1800, Mhz Limit: 1800
Processor Information for processor 17
  Max Mhz: 2500, Current Mhz: 1800, Mhz Limit: 1800
Processor Information for processor 18
  Max Mhz: 2500, Current Mhz: 1800, Mhz Limit: 1800
Processor Information for processor 19
  Max Mhz: 2500, Current Mhz: 1800, Mhz Limit: 1800

Memory: 4k page, system-wide physical 7911M (487M free)
TotalPageFile size 32487M (AvailPageFile size 10M)
current process WorkingSet (physical memory assigned to process): 104M, peak: 263M
current process commit charge ("private bytes"): 382M, peak: 404M

vm_info: OpenJDK 64-Bit Server VM (21.0.10+7-LTS) for windows-amd64 JRE (21.0.10+7-LTS), built on 2026-01-20T00:00:00Z by "admin" with MS VC++ 17.12 (VS2022)

END.
