#
# There is insufficient memory for the Java Runtime Environment to continue.
# Native memory allocation (malloc) failed to allocate 1048576 bytes. Error detail: AllocateHeap
# Possible reasons:
#   The system is out of physical RAM or swap space
#   This process is running with CompressedOops enabled, and the Java Heap may be blocking the growth of the native heap
# Possible solutions:
#   Reduce memory load on the system
#   Increase physical memory or swap space
#   Check if swap backing store is full
#   Decrease Java heap size (-Xmx/-Xms)
#   Decrease number of Java threads
#   Decrease Java thread stack sizes (-Xss)
#   Set larger code cache with -XX:ReservedCodeCacheSize=
#   JVM is running with Unscaled Compressed Oops mode in which the Java heap is
#     placed in the first 4GB address space. The Java Heap base address is the
#     maximum limit for the native heap growth. Please use -XX:HeapBaseMinAddress
#     to set the Java Heap base and to place the Java Heap above 4GB virtual address.
# This output file may be truncated or incomplete.
#
#  Out of Memory Error (allocation.cpp:44), pid=20372, tid=30852
#
# JRE version: OpenJDK Runtime Environment Temurin-21.0.10+7 (21.0.10+7) (build 21.0.10+7-LTS)
# Java VM: OpenJDK 64-Bit Server VM Temurin-21.0.10+7 (21.0.10+7-LTS, mixed mode, sharing, tiered, compressed oops, compressed class ptrs, parallel gc, windows-amd64)
# No core dump will be written. Minidumps are not enabled by default on client versions of Windows
#

---------------  S U M M A R Y ------------

Command Line: --add-modules=ALL-SYSTEM --add-opens=java.base/java.util=ALL-UNNAMED --add-opens=java.base/java.lang=ALL-UNNAMED --add-opens=java.base/sun.nio.fs=ALL-UNNAMED -Declipse.application=org.eclipse.jdt.ls.core.id1 -Dosgi.bundles.defaultStartLevel=4 -Declipse.product=org.eclipse.jdt.ls.core.product -Djava.import.generatesMetadataFilesAtProjectRoot=false -DDetectVMInstallationsJob.disabled=true -Dfile.encoding=utf8 -XX:+UseParallelGC -XX:GCTimeRatio=4 -XX:AdaptiveSizePolicyWeight=90 -Dsun.zip.disableMemoryMapping=true -Xmx2G -Xms100m -Xlog:disable -javaagent:c:\Users\jibri\.cursor\extensions\redhat.java-1.53.0-win32-x64\lombok\lombok-1.18.39-4050.jar -XX:+HeapDumpOnOutOfMemoryError -XX:HeapDumpPath=c:\Users\jibri\AppData\Roaming\Cursor\User\workspaceStorage\8b75b7c593fc459511d45e689933c160\redhat.java -Daether.dependencyCollector.impl=bf c:\Users\jibri\.cursor\extensions\redhat.java-1.53.0-win32-x64\server\plugins\org.eclipse.equinox.launcher_1.7.100.v20251111-0406.jar -configuration c:\Users\jibri\AppData\Roaming\Cursor\User\globalStorage\redhat.java\1.53.0\config_win -data c:\Users\jibri\AppData\Roaming\Cursor\User\workspaceStorage\8b75b7c593fc459511d45e689933c160\redhat.java\jdt_ws --pipe=\\.\pipe\lsp-157ba97e8771350c77f6d2f5ea680e18-sock

Host: 13th Gen Intel(R) Core(TM) i5-13500HX, 20 cores, 7G,  Windows 11 , 64 bit Build 26100 (10.0.26100.7705)
Time: Sun Mar  8 17:42:12 2026 Malay Peninsula Standard Time elapsed time: 23900.893748 seconds (0d 6h 38m 20s)

---------------  T H R E A D  ---------------

Current thread (0x0000016373fb4770):  JavaThread "Attach Listener" daemon [_thread_in_vm, id=30852, stack(0x0000000be5c00000,0x0000000be5d00000) (1024K)]

Stack: [0x0000000be5c00000,0x0000000be5d00000]
Native frames: (J=compiled Java code, j=interpreted, Vv=VM code, C=native code)
V  [jvm.dll+0x6d7a39]
V  [jvm.dll+0x8b4b26]
V  [jvm.dll+0x8b70de]
V  [jvm.dll+0x8b77c3]
V  [jvm.dll+0x284346]
V  [jvm.dll+0xc1277]
V  [jvm.dll+0x6d82e9]
V  [jvm.dll+0x1334a6]
V  [jvm.dll+0x3f857e]
V  [jvm.dll+0x85f59d]
V  [jvm.dll+0x6d626d]
C  [ucrtbase.dll+0x37b0]
C  [KERNEL32.DLL+0x2e8d7]
C  [ntdll.dll+0x8c40c]


---------------  P R O C E S S  ---------------

Threads class SMR info:
_java_thread_list=0x000001637b528de0, length=47, elements={
0x000001631b207eb0, 0x000001631b18dfc0, 0x0000016373facf80, 0x0000016373fb3d10,
0x0000016373fb4770, 0x0000016373fb6cc0, 0x0000016373fbaae0, 0x0000016373fbfd90,
0x0000016373fe4280, 0x00000163742d3800, 0x000001637a0897d0, 0x000001637aa72860,
0x000001637aa6fa70, 0x000001637aa71b40, 0x000001637aa6f3e0, 0x000001637aa70100,
0x000001637aa721d0, 0x000001637aa70790, 0x000001637aa70e20, 0x000001637bffdb80,
0x000001637bffc7d0, 0x000001637bffb420, 0x000001637bffbab0, 0x000001637bffad90,
0x000001637bffc140, 0x000001637bfffc50, 0x000001637bffe210, 0x000001637bffe8a0,
0x000001637bfff5c0, 0x000001637c0002e0, 0x000001637bffce60, 0x000001637c000970,
0x000001637c001000, 0x000001637c001690, 0x000001637bffef30, 0x000001637d1a8770,
0x000001637d1a80e0, 0x000001637d1a8e00, 0x000001637d1a7a50, 0x000001637d1a9b20,
0x000001637d1a9490, 0x000001637d1aa1b0, 0x000001637d1aa840, 0x000001637d1a73c0,
0x000001637d1ac280, 0x000001637d1ab560, 0x000001637d1aaed0
}

Java Threads: ( => current thread )
  0x000001631b207eb0 JavaThread "main"                              [_thread_blocked, id=31572, stack(0x0000000be5500000,0x0000000be5600000) (1024K)]
  0x000001631b18dfc0 JavaThread "Reference Handler"          daemon [_thread_blocked, id=31008, stack(0x0000000be5900000,0x0000000be5a00000) (1024K)]
  0x0000016373facf80 JavaThread "Finalizer"                  daemon [_thread_blocked, id=31644, stack(0x0000000be5a00000,0x0000000be5b00000) (1024K)]
  0x0000016373fb3d10 JavaThread "Signal Dispatcher"          daemon [_thread_blocked, id=16356, stack(0x0000000be5b00000,0x0000000be5c00000) (1024K)]
=>0x0000016373fb4770 JavaThread "Attach Listener"            daemon [_thread_in_vm, id=30852, stack(0x0000000be5c00000,0x0000000be5d00000) (1024K)]
  0x0000016373fb6cc0 JavaThread "Service Thread"             daemon [_thread_blocked, id=31040, stack(0x0000000be5d00000,0x0000000be5e00000) (1024K)]
  0x0000016373fbaae0 JavaThread "Monitor Deflation Thread"   daemon [_thread_blocked, id=31300, stack(0x0000000be5e00000,0x0000000be5f00000) (1024K)]
  0x0000016373fbfd90 JavaThread "C2 CompilerThread0"         daemon [_thread_blocked, id=31432, stack(0x0000000be5f00000,0x0000000be6000000) (1024K)]
  0x0000016373fe4280 JavaThread "C1 CompilerThread0"         daemon [_thread_blocked, id=31672, stack(0x0000000be6000000,0x0000000be6100000) (1024K)]
  0x00000163742d3800 JavaThread "Common-Cleaner"             daemon [_thread_blocked, id=31708, stack(0x0000000be6500000,0x0000000be6600000) (1024K)]
  0x000001637a0897d0 JavaThread "Notification Thread"        daemon [_thread_blocked, id=31016, stack(0x0000000be6700000,0x0000000be6800000) (1024K)]
  0x000001637aa72860 JavaThread "Active Thread: Equinox Container: fc9974b1-0f0a-440a-9393-037fe092ddeb"        [_thread_blocked, id=31536, stack(0x0000000be6e00000,0x0000000be6f00000) (1024K)]
  0x000001637aa6fa70 JavaThread "Refresh Thread: Equinox Container: fc9974b1-0f0a-440a-9393-037fe092ddeb" daemon [_thread_blocked, id=24804, stack(0x0000000be6400000,0x0000000be6500000) (1024K)]
  0x000001637aa71b40 JavaThread "Framework Event Dispatcher: Equinox Container: fc9974b1-0f0a-440a-9393-037fe092ddeb" daemon [_thread_blocked, id=31340, stack(0x0000000be7000000,0x0000000be7100000) (1024K)]
  0x000001637aa6f3e0 JavaThread "Start Level: Equinox Container: fc9974b1-0f0a-440a-9393-037fe092ddeb" daemon [_thread_blocked, id=30888, stack(0x0000000be7100000,0x0000000be7200000) (1024K)]
  0x000001637aa70100 JavaThread "Bundle File Closer"         daemon [_thread_blocked, id=31328, stack(0x0000000be7500000,0x0000000be7600000) (1024K)]
  0x000001637aa721d0 JavaThread "SCR Component Actor"        daemon [_thread_blocked, id=31924, stack(0x0000000be7400000,0x0000000be7500000) (1024K)]
  0x000001637aa70790 JavaThread "Worker-JM"                         [_thread_blocked, id=31940, stack(0x0000000be7900000,0x0000000be7a00000) (1024K)]
  0x000001637aa70e20 JavaThread "JNA Cleaner"                daemon [_thread_blocked, id=31956, stack(0x0000000be7d00000,0x0000000be7e00000) (1024K)]
  0x000001637bffdb80 JavaThread "Java indexing"              daemon [_thread_blocked, id=31976, stack(0x0000000be8100000,0x0000000be8200000) (1024K)]
  0x000001637bffc7d0 JavaThread "Worker-3"                          [_thread_blocked, id=31992, stack(0x0000000be8500000,0x0000000be8600000) (1024K)]
  0x000001637bffb420 JavaThread "Thread-1"                   daemon [_thread_in_native, id=31996, stack(0x0000000be8600000,0x0000000be8700000) (1024K)]
  0x000001637bffbab0 JavaThread "Thread-2"                   daemon [_thread_in_native, id=32000, stack(0x0000000be8700000,0x0000000be8800000) (1024K)]
  0x000001637bffad90 JavaThread "Thread-3"                   daemon [_thread_in_native, id=32004, stack(0x0000000be8800000,0x0000000be8900000) (1024K)]
  0x000001637bffc140 JavaThread "Thread-4"                   daemon [_thread_in_native, id=32008, stack(0x0000000be8900000,0x0000000be8a00000) (1024K)]
  0x000001637bfffc50 JavaThread "Thread-5"                   daemon [_thread_in_native, id=32012, stack(0x0000000be8a00000,0x0000000be8b00000) (1024K)]
  0x000001637bffe210 JavaThread "Thread-6"                   daemon [_thread_in_native, id=32016, stack(0x0000000be8b00000,0x0000000be8c00000) (1024K)]
  0x000001637bffe8a0 JavaThread "Thread-7"                   daemon [_thread_in_native, id=32020, stack(0x0000000be8c00000,0x0000000be8d00000) (1024K)]
  0x000001637bfff5c0 JavaThread "Thread-8"                   daemon [_thread_in_native, id=32024, stack(0x0000000be8d00000,0x0000000be8e00000) (1024K)]
  0x000001637c0002e0 JavaThread "Thread-9"                   daemon [_thread_in_native, id=32028, stack(0x0000000be8e00000,0x0000000be8f00000) (1024K)]
  0x000001637bffce60 JavaThread "Thread-10"                  daemon [_thread_in_native, id=32032, stack(0x0000000be8f00000,0x0000000be9000000) (1024K)]
  0x000001637c000970 JavaThread "Thread-11"                  daemon [_thread_in_native, id=32036, stack(0x0000000be9000000,0x0000000be9100000) (1024K)]
  0x000001637c001000 JavaThread "Thread-12"                  daemon [_thread_in_native, id=32040, stack(0x0000000be9100000,0x0000000be9200000) (1024K)]
  0x000001637c001690 JavaThread "Thread-13"                  daemon [_thread_in_native, id=32044, stack(0x0000000be9200000,0x0000000be9300000) (1024K)]
  0x000001637bffef30 JavaThread "Thread-14"                  daemon [_thread_in_native, id=32048, stack(0x0000000be9300000,0x0000000be9400000) (1024K)]
  0x000001637d1a8770 JavaThread "Thread-15"                  daemon [_thread_in_native, id=32052, stack(0x0000000be9400000,0x0000000be9500000) (1024K)]
  0x000001637d1a80e0 JavaThread "Thread-16"                  daemon [_thread_in_native, id=32056, stack(0x0000000be9500000,0x0000000be9600000) (1024K)]
  0x000001637d1a8e00 JavaThread "Thread-17"                  daemon [_thread_in_native, id=32060, stack(0x0000000be9600000,0x0000000be9700000) (1024K)]
  0x000001637d1a7a50 JavaThread "Thread-18"                  daemon [_thread_in_native, id=32064, stack(0x0000000be9700000,0x0000000be9800000) (1024K)]
  0x000001637d1a9b20 JavaThread "Thread-19"                  daemon [_thread_in_native, id=32068, stack(0x0000000be9800000,0x0000000be9900000) (1024K)]
  0x000001637d1a9490 JavaThread "Thread-20"                  daemon [_thread_in_native, id=32072, stack(0x0000000be9900000,0x0000000be9a00000) (1024K)]
  0x000001637d1aa1b0 JavaThread "Thread-21"                  daemon [_thread_in_native, id=32076, stack(0x0000000be9a00000,0x0000000be9b00000) (1024K)]
  0x000001637d1aa840 JavaThread "pool-2-thread-1"                   [_thread_blocked, id=32084, stack(0x0000000be9b00000,0x0000000be9c00000) (1024K)]
  0x000001637d1a73c0 JavaThread "WorkspaceEventsHandler"            [_thread_blocked, id=32136, stack(0x0000000be9d00000,0x0000000be9e00000) (1024K)]
  0x000001637d1ac280 JavaThread "pool-1-thread-1"                   [_thread_blocked, id=32140, stack(0x0000000be9e00000,0x0000000be9f00000) (1024K)]
  0x000001637d1ab560 JavaThread "Worker-5"                          [_thread_blocked, id=32152, stack(0x0000000bea000000,0x0000000bea100000) (1024K)]
  0x000001637d1aaed0 JavaThread "Timer-0"                           [_thread_blocked, id=32224, stack(0x0000000be7800000,0x0000000be7900000) (1024K)]
Total: 47

Other Threads:
  0x0000016373fa68e0 VMThread "VM Thread"                           [id=30844, stack(0x0000000be5800000,0x0000000be5900000) (1024K)]
  0x000001631b06ca00 WatcherThread "VM Periodic Task Thread"        [id=30900, stack(0x0000000be5700000,0x0000000be5800000) (1024K)]
  0x000001631b21d080 WorkerThread "GC Thread#0"                     [id=22800, stack(0x0000000be5600000,0x0000000be5700000) (1024K)]
  0x000001637a633a30 WorkerThread "GC Thread#1"                     [id=30780, stack(0x0000000be6800000,0x0000000be6900000) (1024K)]
  0x000001637a633680 WorkerThread "GC Thread#2"                     [id=31596, stack(0x0000000be6900000,0x0000000be6a00000) (1024K)]
  0x000001637a632060 WorkerThread "GC Thread#3"                     [id=31276, stack(0x0000000be6a00000,0x0000000be6b00000) (1024K)]
  0x000001637a6327c0 WorkerThread "GC Thread#4"                     [id=31704, stack(0x0000000be6b00000,0x0000000be6c00000) (1024K)]
  0x000001637a632410 WorkerThread "GC Thread#5"                     [id=31464, stack(0x0000000be6c00000,0x0000000be6d00000) (1024K)]
  0x000001637a632b70 WorkerThread "GC Thread#6"                     [id=27692, stack(0x0000000be6d00000,0x0000000be6e00000) (1024K)]
  0x000001637a43b750 WorkerThread "GC Thread#7"                     [id=31352, stack(0x0000000be6f00000,0x0000000be7000000) (1024K)]
  0x000001637a43a130 WorkerThread "GC Thread#8"                     [id=30728, stack(0x0000000be6300000,0x0000000be6400000) (1024K)]
  0x000001637a438b10 WorkerThread "GC Thread#9"                     [id=30924, stack(0x0000000be7200000,0x0000000be7300000) (1024K)]
  0x000001637a439620 WorkerThread "GC Thread#10"                    [id=31564, stack(0x0000000be7300000,0x0000000be7400000) (1024K)]
  0x000001637a43b3a0 WorkerThread "GC Thread#11"                    [id=31944, stack(0x0000000be7a00000,0x0000000be7b00000) (1024K)]
  0x000001637a43ac40 WorkerThread "GC Thread#12"                    [id=31948, stack(0x0000000be7b00000,0x0000000be7c00000) (1024K)]
  0x000001637a43a4e0 WorkerThread "GC Thread#13"                    [id=31952, stack(0x0000000be7c00000,0x0000000be7d00000) (1024K)]
  0x000001637a43bb00 WorkerThread "GC Thread#14"                    [id=31968, stack(0x0000000be8000000,0x0000000be8100000) (1024K)]
Total: 17

Threads with active compile tasks:
Total: 0

VM state: not at safepoint (normal execution)

VM Mutex/Monitor currently owned by a thread: None

Heap address: 0x0000000080000000, size: 2048 MB, Compressed Oops mode: 32-bit

CDS archive(s) mapped at: [0x0000016332000000-0x0000016332ba0000-0x0000016332ba0000), size 12189696, SharedBaseAddress: 0x0000016332000000, ArchiveRelocationMode: 1.
Compressed class space mapped at: 0x0000016333000000-0x0000016373000000, reserved size: 1073741824
Narrow klass base: 0x0000016332000000, Narrow klass shift: 0, Narrow klass range: 0x100000000

GC Precious Log:
 CardTable entry size: 512
 CPUs: 20 total, 20 available
 Memory: 7911M
 Large Page Support: Disabled
 NUMA Support: Disabled
 Compressed Oops: Enabled (32-bit)
 Alignments: Space 512K, Generation 512K, Heap 2M
 Heap Min Capacity: 100M
 Heap Initial Capacity: 100M
 Heap Max Capacity: 2G
 Pre-touch: Disabled
 Parallel Workers: 15

Heap:
 PSYoungGen      total 11264K, used 10432K [0x00000000d5580000, 0x00000000d6200000, 0x0000000100000000)
  eden space 10752K, 92% used [0x00000000d5580000,0x00000000d5f38290,0x00000000d6000000)
  from space 512K, 93% used [0x00000000d6180000,0x00000000d61f8000,0x00000000d6200000)
  to   space 512K, 0% used [0x00000000d6100000,0x00000000d6100000,0x00000000d6180000)
 ParOldGen       total 79872K, used 79447K [0x0000000080000000, 0x0000000084e00000, 0x00000000d5580000)
  object space 79872K, 99% used [0x0000000080000000,0x0000000084d95d78,0x0000000084e00000)
 Metaspace       used 66838K, committed 68288K, reserved 1114112K
  class space    used 7873K, committed 8448K, reserved 1048576K

Card table byte_map: [0x000001631ab80000,0x000001631af90000] _byte_map_base: 0x000001631a780000

Marking Bits: (ParMarkBitMap*) 0x00007ffa00113450
 Begin Bits: [0x000001632d690000, 0x000001632f690000)
 End Bits:   [0x000001632f690000, 0x0000016331690000)

Polling page: 0x0000016318d70000

Metaspace:

Usage:
  Non-class:     57.58 MB used.
      Class:      7.69 MB used.
       Both:     65.27 MB used.

Virtual space:
  Non-class space:       64.00 MB reserved,      58.44 MB ( 91%) committed,  1 nodes.
      Class space:        1.00 GB reserved,       8.25 MB ( <1%) committed,  1 nodes.
             Both:        1.06 GB reserved,      66.69 MB (  6%) committed. 

Chunk freelists:
   Non-Class:  5.35 MB
       Class:  7.78 MB
        Both:  13.12 MB

MaxMetaspaceSize: unlimited
CompressedClassSpaceSize: 1.00 GB
Initial GC threshold: 21.00 MB
Current GC threshold: 97.31 MB
CDS: on
 - commit_granule_bytes: 65536.
 - commit_granule_words: 8192.
 - virtual_space_node_default_size: 8388608.
 - enlarge_chunks_in_place: 1.
 - use_allocation_guard: 0.


Internal statistics:

num_allocs_failed_limit: 9.
num_arena_births: 1220.
num_arena_deaths: 14.
num_vsnodes_births: 2.
num_vsnodes_deaths: 0.
num_space_committed: 1067.
num_space_uncommitted: 0.
num_chunks_returned_to_freelist: 23.
num_chunks_taken_from_freelist: 4001.
num_chunk_merges: 14.
num_chunk_splits: 2548.
num_chunks_enlarged: 1592.
num_inconsistent_stats: 0.

CodeHeap 'non-profiled nmethods': size=119168Kb used=6741Kb max_used=6741Kb free=112426Kb
 bounds [0x0000016325f80000, 0x0000016326620000, 0x000001632d3e0000]
CodeHeap 'profiled nmethods': size=119104Kb used=18876Kb max_used=18876Kb free=100227Kb
 bounds [0x000001631e3e0000, 0x000001631f650000, 0x0000016325830000]
CodeHeap 'non-nmethods': size=7488Kb used=1436Kb max_used=3199Kb free=6051Kb
 bounds [0x0000016325830000, 0x0000016325b60000, 0x0000016325f80000]
CodeCache: size=245760Kb, used=27053Kb, max_used=28816Kb, free=218704Kb
 total_blobs=10142, nmethods=9398, adapters=650, full_count=0
Compilation: enabled, stopped_count=0, restarted_count=0

Compilation events (20 events):
Event: 23189.525 Thread 0x0000016373fbfd90 10265   !   4       java.util.concurrent.locks.AbstractQueuedSynchronizer::acquire (424 bytes)
Event: 23189.562 Thread 0x0000016373fbfd90 nmethod 10265 0x0000016326610890 code [0x0000016326610b40, 0x0000016326611c90]
Event: 23326.898 Thread 0x0000016373fe4280 10266       3       com.google.gson.stream.JsonReader::<init> (114 bytes)
Event: 23326.948 Thread 0x0000016373fe4280 nmethod 10266 0x000001631f64d490 code [0x000001631f64d660, 0x000001631f64dc60]
Event: 23376.558 Thread 0x0000016373fe4280 10267       3       org.eclipse.lsp4j.jsonrpc.json.adapters.MessageTypeAdapter::isNull (17 bytes)
Event: 23376.569 Thread 0x0000016373fe4280 nmethod 10267 0x000001631f64de10 code [0x000001631f64dfc0, 0x000001631f64e240]
Event: 23376.645 Thread 0x0000016373fbfd90 10268       4       org.eclipse.core.internal.resources.Resource::isMember (65 bytes)
Event: 23376.665 Thread 0x0000016373fbfd90 nmethod 10268 0x0000016326612810 code [0x00000163266129a0, 0x0000016326612ad8]
Event: 23642.404 Thread 0x0000016373fbfd90 10269       4       java.nio.Buffer::flip (20 bytes)
Event: 23642.412 Thread 0x0000016373fbfd90 nmethod 10269 0x0000016326612c10 code [0x0000016326612da0, 0x0000016326612e40]
Event: 23684.760 Thread 0x0000016373fbfd90 10270  s    4       org.eclipse.core.internal.filesystem.InternalFileSystemCore::getFileSystemRegistry (156 bytes)
Event: 23684.767 Thread 0x0000016373fbfd90 nmethod 10270 0x0000016326612f10 code [0x00000163266130a0, 0x0000016326613290]
Event: 23684.767 Thread 0x0000016373fbfd90 10271       4       org.eclipse.jdt.ls.core.internal.filesystem.JLSFileSystem::getStore (76 bytes)
Event: 23684.802 Thread 0x0000016373fbfd90 nmethod 10271 0x0000016326613390 code [0x00000163266135c0, 0x0000016326613bf8]
Event: 23703.479 Thread 0x0000016373fbfd90 10272       4       org.eclipse.core.runtime.Path::append (147 bytes)
Event: 23703.496 Thread 0x0000016373fbfd90 nmethod 10272 0x0000016326614290 code [0x0000016326614500, 0x0000016326615000]
Event: 23841.755 Thread 0x0000016373fe4280 10273   !   3       java.lang.Boolean::getBoolean (16 bytes)
Event: 23841.777 Thread 0x0000016373fe4280 nmethod 10273 0x000001631f64e310 code [0x000001631f64e500, 0x000001631f64e938]
Event: 23862.168 Thread 0x0000016373fe4280 10274       3       com.google.gson.stream.JsonReader::consumeNonExecutePrefix (108 bytes)
Event: 23862.169 Thread 0x0000016373fe4280 nmethod 10274 0x000001631f64eb10 code [0x000001631f64ed00, 0x000001631f64f110]

GC Heap History (20 events):
Event: 76.940 GC heap before
{Heap before GC invocations=62 (full 3):
 PSYoungGen      total 12800K, used 12386K [0x00000000d5580000, 0x00000000d6400000, 0x0000000100000000)
  eden space 10752K, 100% used [0x00000000d5580000,0x00000000d6000000,0x00000000d6000000)
  from space 2048K, 79% used [0x00000000d6200000,0x00000000d6398800,0x00000000d6400000)
  to   space 2048K, 0% used [0x00000000d6000000,0x00000000d6000000,0x00000000d6200000)
 ParOldGen       total 70656K, used 70543K [0x0000000080000000, 0x0000000084500000, 0x00000000d5580000)
  object space 70656K, 99% used [0x0000000080000000,0x00000000844e3e40,0x0000000084500000)
 Metaspace       used 65661K, committed 67136K, reserved 1114112K
  class space    used 7769K, committed 8384K, reserved 1048576K
}
Event: 76.942 GC heap after
{Heap after GC invocations=62 (full 3):
 PSYoungGen      total 12288K, used 1412K [0x00000000d5580000, 0x00000000d6300000, 0x0000000100000000)
  eden space 10752K, 0% used [0x00000000d5580000,0x00000000d5580000,0x00000000d6000000)
  from space 1536K, 91% used [0x00000000d6000000,0x00000000d6161000,0x00000000d6180000)
  to   space 1536K, 0% used [0x00000000d6180000,0x00000000d6180000,0x00000000d6300000)
 ParOldGen       total 72192K, used 71900K [0x0000000080000000, 0x0000000084680000, 0x00000000d5580000)
  object space 72192K, 99% used [0x0000000080000000,0x00000000846371a0,0x0000000084680000)
 Metaspace       used 65661K, committed 67136K, reserved 1114112K
  class space    used 7769K, committed 8384K, reserved 1048576K
}
Event: 76.955 GC heap before
{Heap before GC invocations=63 (full 3):
 PSYoungGen      total 12288K, used 12164K [0x00000000d5580000, 0x00000000d6300000, 0x0000000100000000)
  eden space 10752K, 100% used [0x00000000d5580000,0x00000000d6000000,0x00000000d6000000)
  from space 1536K, 91% used [0x00000000d6000000,0x00000000d6161000,0x00000000d6180000)
  to   space 1536K, 0% used [0x00000000d6180000,0x00000000d6180000,0x00000000d6300000)
 ParOldGen       total 72192K, used 71900K [0x0000000080000000, 0x0000000084680000, 0x00000000d5580000)
  object space 72192K, 99% used [0x0000000080000000,0x00000000846371a0,0x0000000084680000)
 Metaspace       used 65671K, committed 67136K, reserved 1114112K
  class space    used 7769K, committed 8384K, reserved 1048576K
}
Event: 76.957 GC heap after
{Heap after GC invocations=63 (full 3):
 PSYoungGen      total 12288K, used 1344K [0x00000000d5580000, 0x00000000d6300000, 0x0000000100000000)
  eden space 10752K, 0% used [0x00000000d5580000,0x00000000d5580000,0x00000000d6000000)
  from space 1536K, 87% used [0x00000000d6180000,0x00000000d62d0000,0x00000000d6300000)
  to   space 1536K, 0% used [0x00000000d6000000,0x00000000d6000000,0x00000000d6180000)
 ParOldGen       total 73216K, used 73111K [0x0000000080000000, 0x0000000084780000, 0x00000000d5580000)
  object space 73216K, 99% used [0x0000000080000000,0x0000000084765cf0,0x0000000084780000)
 Metaspace       used 65671K, committed 67136K, reserved 1114112K
  class space    used 7769K, committed 8384K, reserved 1048576K
}
Event: 76.970 GC heap before
{Heap before GC invocations=64 (full 3):
 PSYoungGen      total 12288K, used 12095K [0x00000000d5580000, 0x00000000d6300000, 0x0000000100000000)
  eden space 10752K, 99% used [0x00000000d5580000,0x00000000d5ffffb0,0x00000000d6000000)
  from space 1536K, 87% used [0x00000000d6180000,0x00000000d62d0000,0x00000000d6300000)
  to   space 1536K, 0% used [0x00000000d6000000,0x00000000d6000000,0x00000000d6180000)
 ParOldGen       total 73216K, used 73111K [0x0000000080000000, 0x0000000084780000, 0x00000000d5580000)
  object space 73216K, 99% used [0x0000000080000000,0x0000000084765cf0,0x0000000084780000)
 Metaspace       used 65675K, committed 67136K, reserved 1114112K
  class space    used 7769K, committed 8384K, reserved 1048576K
}
Event: 76.972 GC heap after
{Heap after GC invocations=64 (full 3):
 PSYoungGen      total 12288K, used 1312K [0x00000000d5580000, 0x00000000d6300000, 0x0000000100000000)
  eden space 10752K, 0% used [0x00000000d5580000,0x00000000d5580000,0x00000000d6000000)
  from space 1536K, 85% used [0x00000000d6000000,0x00000000d6148000,0x00000000d6180000)
  to   space 1536K, 0% used [0x00000000d6180000,0x00000000d6180000,0x00000000d6300000)
 ParOldGen       total 74240K, used 74215K [0x0000000080000000, 0x0000000084880000, 0x00000000d5580000)
  object space 74240K, 99% used [0x0000000080000000,0x0000000084879cf0,0x0000000084880000)
 Metaspace       used 65675K, committed 67136K, reserved 1114112K
  class space    used 7769K, committed 8384K, reserved 1048576K
}
Event: 76.993 GC heap before
{Heap before GC invocations=65 (full 3):
 PSYoungGen      total 12288K, used 12064K [0x00000000d5580000, 0x00000000d6300000, 0x0000000100000000)
  eden space 10752K, 100% used [0x00000000d5580000,0x00000000d6000000,0x00000000d6000000)
  from space 1536K, 85% used [0x00000000d6000000,0x00000000d6148000,0x00000000d6180000)
  to   space 1536K, 0% used [0x00000000d6180000,0x00000000d6180000,0x00000000d6300000)
 ParOldGen       total 74240K, used 74215K [0x0000000080000000, 0x0000000084880000, 0x00000000d5580000)
  object space 74240K, 99% used [0x0000000080000000,0x0000000084879cf0,0x0000000084880000)
 Metaspace       used 65714K, committed 67200K, reserved 1114112K
  class space    used 7769K, committed 8384K, reserved 1048576K
}
Event: 76.994 GC heap after
{Heap after GC invocations=65 (full 3):
 PSYoungGen      total 12288K, used 1472K [0x00000000d5580000, 0x00000000d6300000, 0x0000000100000000)
  eden space 10752K, 0% used [0x00000000d5580000,0x00000000d5580000,0x00000000d6000000)
  from space 1536K, 95% used [0x00000000d6180000,0x00000000d62f0010,0x00000000d6300000)
  to   space 1536K, 0% used [0x00000000d6000000,0x00000000d6000000,0x00000000d6180000)
 ParOldGen       total 75776K, used 75343K [0x0000000080000000, 0x0000000084a00000, 0x00000000d5580000)
  object space 75776K, 99% used [0x0000000080000000,0x0000000084993cf0,0x0000000084a00000)
 Metaspace       used 65714K, committed 67200K, reserved 1114112K
  class space    used 7769K, committed 8384K, reserved 1048576K
}
Event: 77.012 GC heap before
{Heap before GC invocations=66 (full 3):
 PSYoungGen      total 12288K, used 12224K [0x00000000d5580000, 0x00000000d6300000, 0x0000000100000000)
  eden space 10752K, 100% used [0x00000000d5580000,0x00000000d6000000,0x00000000d6000000)
  from space 1536K, 95% used [0x00000000d6180000,0x00000000d62f0010,0x00000000d6300000)
  to   space 1536K, 0% used [0x00000000d6000000,0x00000000d6000000,0x00000000d6180000)
 ParOldGen       total 75776K, used 75343K [0x0000000080000000, 0x0000000084a00000, 0x00000000d5580000)
  object space 75776K, 99% used [0x0000000080000000,0x0000000084993cf0,0x0000000084a00000)
 Metaspace       used 65751K, committed 67200K, reserved 1114112K
  class space    used 7769K, committed 8384K, reserved 1048576K
}
Event: 77.014 GC heap after
{Heap after GC invocations=66 (full 3):
 PSYoungGen      total 12288K, used 1304K [0x00000000d5580000, 0x00000000d6300000, 0x0000000100000000)
  eden space 10752K, 0% used [0x00000000d5580000,0x00000000d5580000,0x00000000d6000000)
  from space 1536K, 84% used [0x00000000d6000000,0x00000000d6146200,0x00000000d6180000)
  to   space 1536K, 0% used [0x00000000d6180000,0x00000000d6180000,0x00000000d6300000)
 ParOldGen       total 76800K, used 76591K [0x0000000080000000, 0x0000000084b00000, 0x00000000d5580000)
  object space 76800K, 99% used [0x0000000080000000,0x0000000084acbd00,0x0000000084b00000)
 Metaspace       used 65751K, committed 67200K, reserved 1114112K
  class space    used 7769K, committed 8384K, reserved 1048576K
}
Event: 77.039 GC heap before
{Heap before GC invocations=67 (full 3):
 PSYoungGen      total 12288K, used 12056K [0x00000000d5580000, 0x00000000d6300000, 0x0000000100000000)
  eden space 10752K, 100% used [0x00000000d5580000,0x00000000d6000000,0x00000000d6000000)
  from space 1536K, 84% used [0x00000000d6000000,0x00000000d6146200,0x00000000d6180000)
  to   space 1536K, 0% used [0x00000000d6180000,0x00000000d6180000,0x00000000d6300000)
 ParOldGen       total 76800K, used 76591K [0x0000000080000000, 0x0000000084b00000, 0x00000000d5580000)
  object space 76800K, 99% used [0x0000000080000000,0x0000000084acbd00,0x0000000084b00000)
 Metaspace       used 65800K, committed 67200K, reserved 1114112K
  class space    used 7771K, committed 8384K, reserved 1048576K
}
Event: 77.040 GC heap after
{Heap after GC invocations=67 (full 3):
 PSYoungGen      total 12288K, used 1168K [0x00000000d5580000, 0x00000000d6300000, 0x0000000100000000)
  eden space 10752K, 0% used [0x00000000d5580000,0x00000000d5580000,0x00000000d6000000)
  from space 1536K, 76% used [0x00000000d6180000,0x00000000d62a41a8,0x00000000d6300000)
  to   space 1536K, 0% used [0x00000000d6000000,0x00000000d6000000,0x00000000d6180000)
 ParOldGen       total 77824K, used 77695K [0x0000000080000000, 0x0000000084c00000, 0x00000000d5580000)
  object space 77824K, 99% used [0x0000000080000000,0x0000000084bdff00,0x0000000084c00000)
 Metaspace       used 65800K, committed 67200K, reserved 1114112K
  class space    used 7771K, committed 8384K, reserved 1048576K
}
Event: 4807.152 GC heap before
{Heap before GC invocations=68 (full 3):
 PSYoungGen      total 12288K, used 11920K [0x00000000d5580000, 0x00000000d6300000, 0x0000000100000000)
  eden space 10752K, 99% used [0x00000000d5580000,0x00000000d5fffff8,0x00000000d6000000)
  from space 1536K, 76% used [0x00000000d6180000,0x00000000d62a41a8,0x00000000d6300000)
  to   space 1536K, 0% used [0x00000000d6000000,0x00000000d6000000,0x00000000d6180000)
 ParOldGen       total 77824K, used 77695K [0x0000000080000000, 0x0000000084c00000, 0x00000000d5580000)
  object space 77824K, 99% used [0x0000000080000000,0x0000000084bdff00,0x0000000084c00000)
 Metaspace       used 66648K, committed 68032K, reserved 1114112K
  class space    used 7867K, committed 8448K, reserved 1048576K
}
Event: 4807.197 GC heap after
{Heap after GC invocations=68 (full 3):
 PSYoungGen      total 12288K, used 1232K [0x00000000d5580000, 0x00000000d6300000, 0x0000000100000000)
  eden space 10752K, 0% used [0x00000000d5580000,0x00000000d5580000,0x00000000d6000000)
  from space 1536K, 80% used [0x00000000d6000000,0x00000000d6134060,0x00000000d6180000)
  to   space 1536K, 0% used [0x00000000d6180000,0x00000000d6180000,0x00000000d6300000)
 ParOldGen       total 78848K, used 78692K [0x0000000080000000, 0x0000000084d00000, 0x00000000d5580000)
  object space 78848K, 99% used [0x0000000080000000,0x0000000084cd9258,0x0000000084d00000)
 Metaspace       used 66648K, committed 68032K, reserved 1114112K
  class space    used 7867K, committed 8448K, reserved 1048576K
}
Event: 12120.508 GC heap before
{Heap before GC invocations=69 (full 3):
 PSYoungGen      total 12288K, used 11984K [0x00000000d5580000, 0x00000000d6300000, 0x0000000100000000)
  eden space 10752K, 99% used [0x00000000d5580000,0x00000000d5fffff8,0x00000000d6000000)
  from space 1536K, 80% used [0x00000000d6000000,0x00000000d6134060,0x00000000d6180000)
  to   space 1536K, 0% used [0x00000000d6180000,0x00000000d6180000,0x00000000d6300000)
 ParOldGen       total 78848K, used 78692K [0x0000000080000000, 0x0000000084d00000, 0x00000000d5580000)
  object space 78848K, 99% used [0x0000000080000000,0x0000000084cd9258,0x0000000084d00000)
 Metaspace       used 66764K, committed 68160K, reserved 1114112K
  class space    used 7870K, committed 8448K, reserved 1048576K
}
Event: 12120.544 GC heap after
{Heap after GC invocations=69 (full 3):
 PSYoungGen      total 11264K, used 480K [0x00000000d5580000, 0x00000000d6200000, 0x0000000100000000)
  eden space 10752K, 0% used [0x00000000d5580000,0x00000000d5580000,0x00000000d6000000)
  from space 512K, 93% used [0x00000000d6180000,0x00000000d61f8000,0x00000000d6200000)
  to   space 1024K, 0% used [0x00000000d6000000,0x00000000d6000000,0x00000000d6100000)
 ParOldGen       total 79360K, used 79319K [0x0000000080000000, 0x0000000084d80000, 0x00000000d5580000)
  object space 79360K, 99% used [0x0000000080000000,0x0000000084d75d78,0x0000000084d80000)
 Metaspace       used 66764K, committed 68160K, reserved 1114112K
  class space    used 7870K, committed 8448K, reserved 1048576K
}
Event: 19208.581 GC heap before
{Heap before GC invocations=70 (full 3):
 PSYoungGen      total 11264K, used 11232K [0x00000000d5580000, 0x00000000d6200000, 0x0000000100000000)
  eden space 10752K, 100% used [0x00000000d5580000,0x00000000d6000000,0x00000000d6000000)
  from space 512K, 93% used [0x00000000d6180000,0x00000000d61f8000,0x00000000d6200000)
  to   space 1024K, 0% used [0x00000000d6000000,0x00000000d6000000,0x00000000d6100000)
 ParOldGen       total 79360K, used 79319K [0x0000000080000000, 0x0000000084d80000, 0x00000000d5580000)
  object space 79360K, 99% used [0x0000000080000000,0x0000000084d75d78,0x0000000084d80000)
 Metaspace       used 66796K, committed 68288K, reserved 1114112K
  class space    used 7870K, committed 8448K, reserved 1048576K
}
Event: 19208.628 GC heap after
{Heap after GC invocations=70 (full 3):
 PSYoungGen      total 11776K, used 448K [0x00000000d5580000, 0x00000000d6200000, 0x0000000100000000)
  eden space 10752K, 0% used [0x00000000d5580000,0x00000000d5580000,0x00000000d6000000)
  from space 1024K, 43% used [0x00000000d6000000,0x00000000d6070020,0x00000000d6100000)
  to   space 512K, 0% used [0x00000000d6180000,0x00000000d6180000,0x00000000d6200000)
 ParOldGen       total 79872K, used 79407K [0x0000000080000000, 0x0000000084e00000, 0x00000000d5580000)
  object space 79872K, 99% used [0x0000000080000000,0x0000000084d8bd78,0x0000000084e00000)
 Metaspace       used 66796K, committed 68288K, reserved 1114112K
  class space    used 7870K, committed 8448K, reserved 1048576K
}
Event: 21940.250 GC heap before
{Heap before GC invocations=71 (full 3):
 PSYoungGen      total 11776K, used 11200K [0x00000000d5580000, 0x00000000d6200000, 0x0000000100000000)
  eden space 10752K, 100% used [0x00000000d5580000,0x00000000d6000000,0x00000000d6000000)
  from space 1024K, 43% used [0x00000000d6000000,0x00000000d6070020,0x00000000d6100000)
  to   space 512K, 0% used [0x00000000d6180000,0x00000000d6180000,0x00000000d6200000)
 ParOldGen       total 79872K, used 79407K [0x0000000080000000, 0x0000000084e00000, 0x00000000d5580000)
  object space 79872K, 99% used [0x0000000080000000,0x0000000084d8bd78,0x0000000084e00000)
 Metaspace       used 66832K, committed 68288K, reserved 1114112K
  class space    used 7873K, committed 8448K, reserved 1048576K
}
Event: 21940.278 GC heap after
{Heap after GC invocations=71 (full 3):
 PSYoungGen      total 11264K, used 480K [0x00000000d5580000, 0x00000000d6200000, 0x0000000100000000)
  eden space 10752K, 0% used [0x00000000d5580000,0x00000000d5580000,0x00000000d6000000)
  from space 512K, 93% used [0x00000000d6180000,0x00000000d61f8000,0x00000000d6200000)
  to   space 512K, 0% used [0x00000000d6100000,0x00000000d6100000,0x00000000d6180000)
 ParOldGen       total 79872K, used 79447K [0x0000000080000000, 0x0000000084e00000, 0x00000000d5580000)
  object space 79872K, 99% used [0x0000000080000000,0x0000000084d95d78,0x0000000084e00000)
 Metaspace       used 66832K, committed 68288K, reserved 1114112K
  class space    used 7873K, committed 8448K, reserved 1048576K
}

Dll operation events (15 events):
Event: 0.011 Loaded shared library c:\Users\jibri\.cursor\extensions\redhat.java-1.53.0-win32-x64\jre\21.0.10-win32-x86_64\bin\java.dll
Event: 0.064 Loaded shared library c:\Users\jibri\.cursor\extensions\redhat.java-1.53.0-win32-x64\jre\21.0.10-win32-x86_64\bin\zip.dll
Event: 0.081 Loaded shared library C:\Users\jibri\.cursor\extensions\redhat.java-1.53.0-win32-x64\jre\21.0.10-win32-x86_64\bin\instrument.dll
Event: 0.086 Loaded shared library C:\Users\jibri\.cursor\extensions\redhat.java-1.53.0-win32-x64\jre\21.0.10-win32-x86_64\bin\net.dll
Event: 0.088 Loaded shared library C:\Users\jibri\.cursor\extensions\redhat.java-1.53.0-win32-x64\jre\21.0.10-win32-x86_64\bin\nio.dll
Event: 0.090 Loaded shared library C:\Users\jibri\.cursor\extensions\redhat.java-1.53.0-win32-x64\jre\21.0.10-win32-x86_64\bin\zip.dll
Event: 0.104 Loaded shared library C:\Users\jibri\.cursor\extensions\redhat.java-1.53.0-win32-x64\jre\21.0.10-win32-x86_64\bin\jimage.dll
Event: 0.159 Loaded shared library c:\Users\jibri\.cursor\extensions\redhat.java-1.53.0-win32-x64\jre\21.0.10-win32-x86_64\bin\verify.dll
Event: 2.954 Loaded shared library C:\Users\jibri\AppData\Roaming\Cursor\User\globalStorage\redhat.java\1.53.0\config_win\org.eclipse.equinox.launcher\org.eclipse.equinox.launcher.win32.win32.x86_64_1.3.0.v20260203-2149\eclipse_11919.dll
Event: 6.692 Loaded shared library C:\Users\jibri\AppData\Local\Temp\jna-101119098\jna574239478153428787.dll
Event: 7.986 Loaded shared library C:\Users\jibri\.cursor\extensions\redhat.java-1.53.0-win32-x64\jre\21.0.10-win32-x86_64\bin\sunmscapi.dll
Event: 8.191 Loaded shared library C:\Users\jibri\.cursor\extensions\redhat.java-1.53.0-win32-x64\jre\21.0.10-win32-x86_64\bin\extnet.dll
Event: 14.835 Loaded shared library C:\Users\jibri\.gradle\native\1def1411415f61bf3af743bc5b6707747c0891f09f0c88961ee8f79bc544acac\windows-amd64\native-platform.dll
Event: 19.154 Loaded shared library C:\Users\jibri\.cursor\extensions\redhat.java-1.53.0-win32-x64\jre\21.0.10-win32-x86_64\bin\management.dll
Event: 19.156 Loaded shared library C:\Users\jibri\.cursor\extensions\redhat.java-1.53.0-win32-x64\jre\21.0.10-win32-x86_64\bin\management_ext.dll

Deoptimization events (20 events):
Event: 3007.120 Thread 0x000001637d1ab560 DEOPT PACKING pc=0x000001631f57e1ab sp=0x0000000bea0fecc0
Event: 3007.120 Thread 0x000001637d1ab560 DEOPT UNPACKING pc=0x0000016325884242 sp=0x0000000bea0fe130 mode 0
Event: 3907.124 Thread 0x000001637d1ab560 Uncommon trap: trap_request=0xffffffde fr.pc=0x00000163265b028c relative=0x000000000000048c
Event: 3907.124 Thread 0x000001637d1ab560 Uncommon trap: reason=class_check action=maybe_recompile pc=0x00000163265b028c method=org.eclipse.core.internal.dtree.AbstractDataTreeNode.storeStrings(Lorg/eclipse/core/internal/utils/StringPool;)V @ 31 c2
Event: 3907.124 Thread 0x000001637d1ab560 DEOPT PACKING pc=0x00000163265b028c sp=0x0000000bea0fedf0
Event: 3907.124 Thread 0x000001637d1ab560 DEOPT UNPACKING pc=0x0000016325883aa2 sp=0x0000000bea0feda8 mode 2
Event: 8673.616 Thread 0x000001637d1a73c0 DEOPT PACKING pc=0x000001631f3e0cc6 sp=0x0000000be9dfe830
Event: 8673.616 Thread 0x000001637d1a73c0 DEOPT UNPACKING pc=0x0000016325884242 sp=0x0000000be9dfddb0 mode 0
Event: 8747.090 Thread 0x000001637d1a73c0 DEOPT PACKING pc=0x000001631f3fd6bb sp=0x0000000be9dfe960
Event: 8747.091 Thread 0x000001637d1a73c0 DEOPT UNPACKING pc=0x0000016325884242 sp=0x0000000be9dfde98 mode 0
Event: 8747.094 Thread 0x000001637d1a73c0 DEOPT PACKING pc=0x000001631f3e0cc6 sp=0x0000000be9dfe770
Event: 8747.094 Thread 0x000001637d1a73c0 DEOPT UNPACKING pc=0x0000016325884242 sp=0x0000000be9dfdcf0 mode 0
Event: 8768.543 Thread 0x000001637d1a73c0 DEOPT PACKING pc=0x000001631f530f45 sp=0x0000000be9dfeda0
Event: 8768.543 Thread 0x000001637d1a73c0 DEOPT UNPACKING pc=0x0000016325884242 sp=0x0000000be9dfe280 mode 0
Event: 8791.211 Thread 0x000001637d1a73c0 DEOPT PACKING pc=0x000001631f3fd6bb sp=0x0000000be9dfe870
Event: 8791.211 Thread 0x000001637d1a73c0 DEOPT UNPACKING pc=0x0000016325884242 sp=0x0000000be9dfdda8 mode 0
Event: 8839.106 Thread 0x000001637d1a73c0 DEOPT PACKING pc=0x000001631f5d6a41 sp=0x0000000be9dfecb0
Event: 8839.106 Thread 0x000001637d1a73c0 DEOPT UNPACKING pc=0x0000016325884242 sp=0x0000000be9dfe190 mode 0
Event: 8849.237 Thread 0x000001637d1a73c0 DEOPT PACKING pc=0x000001631f3fd6bb sp=0x0000000be9dfe870
Event: 8849.237 Thread 0x000001637d1a73c0 DEOPT UNPACKING pc=0x0000016325884242 sp=0x0000000be9dfdda8 mode 0

Classes loaded (20 events):
Event: 76.693 Loading class jdk/internal/jimage/ImageReader$Node
Event: 76.693 Loading class jdk/internal/jimage/ImageReader$Node done
Event: 76.705 Loading class java/nio/ByteBufferAsIntBufferL
Event: 76.705 Loading class java/nio/ByteBufferAsIntBufferL done
Event: 76.711 Loading class jdk/internal/jimage/ImageReader$Directory
Event: 76.711 Loading class jdk/internal/jimage/ImageReader$Directory done
Event: 76.873 Loading class java/nio/channels/Channels$ReadableByteChannelImpl
Event: 76.873 Loading class java/nio/channels/Channels$ReadableByteChannelImpl done
Event: 76.874 Loading class java/nio/channels/NonWritableChannelException
Event: 76.874 Loading class java/nio/channels/NonWritableChannelException done
Event: 76.981 Loading class java/lang/invoke/MethodHandleImpl$CountingWrapper$1
Event: 76.981 Loading class java/lang/invoke/MethodHandleImpl$CountingWrapper$1 done
Event: 77.063 Loading class java/util/stream/DistinctOps
Event: 77.063 Loading class java/util/stream/DistinctOps done
Event: 77.063 Loading class java/util/stream/DistinctOps$1
Event: 77.063 Loading class java/util/stream/DistinctOps$1 done
Event: 77.065 Loading class java/util/stream/DistinctOps$1$2
Event: 77.065 Loading class java/util/stream/DistinctOps$1$2 done
Event: 77.163 Loading class java/io/SequenceInputStream
Event: 77.163 Loading class java/io/SequenceInputStream done

Classes unloaded (7 events):
Event: 7.190 Thread 0x0000016373fa68e0 Unloading class 0x00000163331ac000 'java/lang/invoke/LambdaForm$MH+0x00000163331ac000'
Event: 7.190 Thread 0x0000016373fa68e0 Unloading class 0x00000163331abc00 'java/lang/invoke/LambdaForm$MH+0x00000163331abc00'
Event: 7.190 Thread 0x0000016373fa68e0 Unloading class 0x00000163331ab800 'java/lang/invoke/LambdaForm$MH+0x00000163331ab800'
Event: 7.190 Thread 0x0000016373fa68e0 Unloading class 0x00000163331ab400 'java/lang/invoke/LambdaForm$MH+0x00000163331ab400'
Event: 7.190 Thread 0x0000016373fa68e0 Unloading class 0x00000163331ab000 'java/lang/invoke/LambdaForm$BMH+0x00000163331ab000'
Event: 7.190 Thread 0x0000016373fa68e0 Unloading class 0x00000163331aac00 'java/lang/invoke/LambdaForm$DMH+0x00000163331aac00'
Event: 7.190 Thread 0x0000016373fa68e0 Unloading class 0x00000163331a9800 'java/lang/invoke/LambdaForm$DMH+0x00000163331a9800'

Classes redefined (0 events):
No events

Internal exceptions (20 events):
Event: 77.068 Thread 0x000001637cc9d870 Exception <a 'sun/nio/fs/WindowsException'{0x00000000d56e7530}> (0x00000000d56e7530) 
thrown [s\src\hotspot\share\prims\jni.cpp, line 520]
Event: 77.068 Thread 0x000001637cc9d870 Exception <a 'sun/nio/fs/WindowsException'{0x00000000d56e7e10}> (0x00000000d56e7e10) 
thrown [s\src\hotspot\share\prims\jni.cpp, line 520]
Event: 77.089 Thread 0x000001637cc9cb50 Exception <a 'sun/nio/fs/WindowsException'{0x00000000d5892c78}> (0x00000000d5892c78) 
thrown [s\src\hotspot\share\prims\jni.cpp, line 520]
Event: 77.089 Thread 0x000001637cc9cb50 Exception <a 'sun/nio/fs/WindowsException'{0x00000000d58b8b90}> (0x00000000d58b8b90) 
thrown [s\src\hotspot\share\prims\jni.cpp, line 520]
Event: 77.089 Thread 0x000001637cc9cb50 Exception <a 'sun/nio/fs/WindowsException'{0x00000000d58b98d8}> (0x00000000d58b98d8) 
thrown [s\src\hotspot\share\prims\jni.cpp, line 520]
Event: 77.089 Thread 0x000001637cc9cb50 Exception <a 'sun/nio/fs/WindowsException'{0x00000000d58ba1b8}> (0x00000000d58ba1b8) 
thrown [s\src\hotspot\share\prims\jni.cpp, line 520]
Event: 77.090 Thread 0x000001637cc9cb50 Exception <a 'sun/nio/fs/WindowsException'{0x00000000d58bb888}> (0x00000000d58bb888) 
thrown [s\src\hotspot\share\prims\jni.cpp, line 520]
Event: 77.090 Thread 0x000001637cc9cb50 Exception <a 'sun/nio/fs/WindowsException'{0x00000000d58bc168}> (0x00000000d58bc168) 
thrown [s\src\hotspot\share\prims\jni.cpp, line 520]
Event: 77.100 Thread 0x000001637bffc7d0 Exception <a 'sun/nio/fs/WindowsException'{0x00000000d593cfe0}> (0x00000000d593cfe0) 
thrown [s\src\hotspot\share\prims\jni.cpp, line 520]
Event: 77.100 Thread 0x000001637bffc7d0 Exception <a 'sun/nio/fs/WindowsException'{0x00000000d593d610}> (0x00000000d593d610) 
thrown [s\src\hotspot\share\prims\jni.cpp, line 520]
Event: 77.100 Thread 0x000001637bffc7d0 Exception <a 'sun/nio/fs/WindowsException'{0x00000000d593e0a8}> (0x00000000d593e0a8) 
thrown [s\src\hotspot\share\prims\jni.cpp, line 520]
Event: 77.101 Thread 0x000001637bffc7d0 Exception <a 'sun/nio/fs/WindowsException'{0x00000000d593e6d8}> (0x00000000d593e6d8) 
thrown [s\src\hotspot\share\prims\jni.cpp, line 520]
Event: 77.101 Thread 0x000001637bffc7d0 Exception <a 'sun/nio/fs/WindowsException'{0x00000000d593fa98}> (0x00000000d593fa98) 
thrown [s\src\hotspot\share\prims\jni.cpp, line 520]
Event: 77.101 Thread 0x000001637bffc7d0 Exception <a 'sun/nio/fs/WindowsException'{0x00000000d59400c8}> (0x00000000d59400c8) 
thrown [s\src\hotspot\share\prims\jni.cpp, line 520]
Event: 77.130 Thread 0x000001637bffc7d0 Exception <a 'java/lang/NoSuchMethodError'{0x00000000d5a35210}: 'java.lang.Object java.lang.invoke.DirectMethodHandle$Holder.invokeStatic(java.lang.Object, java.lang.Object, int, java.lang.Object)'> (0x00000000d5a35210) 
thrown [s\src\hotspot\share\interpreter\linkResolver.cpp, line 773]
Event: 77.132 Thread 0x000001637bffc7d0 Exception <a 'java/lang/NoSuchMethodError'{0x00000000d5a3bcc8}: 'java.lang.Object java.lang.invoke.DirectMethodHandle$Holder.newInvokeSpecial(java.lang.Object, java.lang.Object, int)'> (0x00000000d5a3bcc8) 
thrown [s\src\hotspot\share\interpreter\linkResolver.cpp, line 773]
Event: 77.180 Thread 0x000001637bffc7d0 Exception <a 'java/io/FileNotFoundException'{0x00000000d5caf310}> (0x00000000d5caf310) 
thrown [s\src\hotspot\share\prims\jni.cpp, line 520]
Event: 77.181 Thread 0x000001637bffc7d0 Exception <a 'java/io/FileNotFoundException'{0x00000000d5cb0078}> (0x00000000d5cb0078) 
thrown [s\src\hotspot\share\prims\jni.cpp, line 520]
Event: 1206.985 Thread 0x000001637bffc7d0 Implicit null exception at 0x00000163265ac7e3 to 0x00000163265ad1e8
Event: 20486.502 Thread 0x000001637d1ac280 Exception <a 'java/lang/IncompatibleClassChangeError'{0x00000000d5a511b8}: Found class java.lang.Object, but interface was expected> (0x00000000d5a511b8) 
thrown [s\src\hotspot\share\interpreter\linkResolver.cpp, line 840]

ZGC Phase Switch (0 events):
No events

VM Operations (20 events):
Event: 23527.685 Executing non-safepoint VM operation: RendezvousGCThreads
Event: 23527.685 Executing non-safepoint VM operation: RendezvousGCThreads done
Event: 23648.045 Executing non-safepoint VM operation: HandshakeAllThreads (HandshakeForDeflation)
Event: 23648.049 Executing non-safepoint VM operation: HandshakeAllThreads (HandshakeForDeflation) done
Event: 23648.049 Executing non-safepoint VM operation: RendezvousGCThreads
Event: 23648.049 Executing non-safepoint VM operation: RendezvousGCThreads done
Event: 23704.080 Executing safepoint VM operation: Cleanup
Event: 23704.080 Executing safepoint VM operation: Cleanup done
Event: 23768.289 Executing non-safepoint VM operation: HandshakeAllThreads (HandshakeForDeflation)
Event: 23768.290 Executing non-safepoint VM operation: HandshakeAllThreads (HandshakeForDeflation) done
Event: 23768.290 Executing non-safepoint VM operation: RendezvousGCThreads
Event: 23768.290 Executing non-safepoint VM operation: RendezvousGCThreads done
Event: 23828.457 Executing non-safepoint VM operation: HandshakeAllThreads (HandshakeForDeflation)
Event: 23828.459 Executing non-safepoint VM operation: HandshakeAllThreads (HandshakeForDeflation) done
Event: 23828.460 Executing non-safepoint VM operation: RendezvousGCThreads
Event: 23828.460 Executing non-safepoint VM operation: RendezvousGCThreads done
Event: 23888.689 Executing non-safepoint VM operation: HandshakeAllThreads (HandshakeForDeflation)
Event: 23888.692 Executing non-safepoint VM operation: HandshakeAllThreads (HandshakeForDeflation) done
Event: 23888.693 Executing non-safepoint VM operation: RendezvousGCThreads
Event: 23888.693 Executing non-safepoint VM operation: RendezvousGCThreads done

Memory protections (0 events):
No events

Nmethod flushes (20 events):
Event: 19.115 Thread 0x0000016373fa68e0 flushing  nmethod 0x000001631eda7490
Event: 19.115 Thread 0x0000016373fa68e0 flushing  nmethod 0x000001631edca690
Event: 19.115 Thread 0x0000016373fa68e0 flushing  nmethod 0x000001631edcb490
Event: 19.115 Thread 0x0000016373fa68e0 flushing  nmethod 0x000001631edd0f90
Event: 19.115 Thread 0x0000016373fa68e0 flushing  nmethod 0x000001631eded210
Event: 19.115 Thread 0x0000016373fa68e0 flushing  nmethod 0x000001631edf9690
Event: 19.115 Thread 0x0000016373fa68e0 flushing osr nmethod 0x000001631ee0bb90
Event: 19.115 Thread 0x0000016373fa68e0 flushing  nmethod 0x000001631ee1af90
Event: 19.115 Thread 0x0000016373fa68e0 flushing  nmethod 0x000001631ee1c510
Event: 19.115 Thread 0x0000016373fa68e0 flushing  nmethod 0x000001631ee1ca10
Event: 19.115 Thread 0x0000016373fa68e0 flushing  nmethod 0x000001631ee1d790
Event: 19.115 Thread 0x0000016373fa68e0 flushing  nmethod 0x000001631ee1e910
Event: 19.115 Thread 0x0000016373fa68e0 flushing  nmethod 0x000001631ee1ed10
Event: 19.115 Thread 0x0000016373fa68e0 flushing  nmethod 0x000001631ee20310
Event: 19.115 Thread 0x0000016373fa68e0 flushing  nmethod 0x000001631ee21810
Event: 19.115 Thread 0x0000016373fa68e0 flushing  nmethod 0x000001631ee54b10
Event: 19.115 Thread 0x0000016373fa68e0 flushing  nmethod 0x000001631ee61190
Event: 19.115 Thread 0x0000016373fa68e0 flushing  nmethod 0x000001631ee6d490
Event: 19.115 Thread 0x0000016373fa68e0 flushing  nmethod 0x000001631ee82190
Event: 19.115 Thread 0x0000016373fa68e0 flushing  nmethod 0x000001631ee8a210

Events (20 events):
Event: 76.454 Thread 0x000001637bffa070 Thread exited: 0x000001637bffa070
Event: 76.528 Thread 0x000001637d1adcc0 Thread added: 0x000001637cc9c4c0
Event: 76.555 Thread 0x000001637d1adcc0 Thread added: 0x000001637cc9cb50
Event: 76.561 Thread 0x000001637d1ac280 Thread added: 0x000001637cc9d870
Event: 76.562 Thread 0x000001637cc9d870 Thread added: 0x000001637cc9e590
Event: 82.182 Thread 0x000001637f2993a0 Thread exited: 0x000001637f2993a0
Event: 82.183 Thread 0x000001637e709f90 Thread exited: 0x000001637e709f90
Event: 82.288 Thread 0x000001637e5e6320 Thread exited: 0x000001637e5e6320
Event: 82.288 Thread 0x000001637b684bb0 Thread exited: 0x000001637b684bb0
Event: 87.302 Thread 0x000001637c084240 Thread exited: 0x000001637c084240
Event: 92.313 Thread 0x000001637ccad7d0 Thread exited: 0x000001637ccad7d0
Event: 97.298 Thread 0x000001637bef75a0 Thread exited: 0x000001637bef75a0
Event: 137.092 Thread 0x000001637cc9cb50 Thread exited: 0x000001637cc9cb50
Event: 137.107 Thread 0x000001637bffa700 Thread exited: 0x000001637bffa700
Event: 137.494 Thread 0x000001637d1ac910 Thread exited: 0x000001637d1ac910
Event: 197.093 Thread 0x000001637cc9d870 Thread exited: 0x000001637cc9d870
Event: 257.095 Thread 0x000001637d1adcc0 Thread exited: 0x000001637d1adcc0
Event: 317.095 Thread 0x000001637cc9e590 Thread exited: 0x000001637cc9e590
Event: 377.095 Thread 0x000001637d1acfa0 Thread exited: 0x000001637d1acfa0
Event: 437.095 Thread 0x000001637cc9c4c0 Thread exited: 0x000001637cc9c4c0


Dynamic libraries:
0x00007ff6602d0000 - 0x00007ff6602de000 	c:\Users\jibri\.cursor\extensions\redhat.java-1.53.0-win32-x64\jre\21.0.10-win32-x86_64\bin\java.exe
0x00007ffacc260000 - 0x00007ffacc4c8000 	C:\WINDOWS\SYSTEM32\ntdll.dll
0x00007ffaa4860000 - 0x00007ffaa4880000 	C:\Program Files\Avast Software\Avast\aswhook.dll
0x00007ffacb560000 - 0x00007ffacb629000 	C:\WINDOWS\System32\KERNEL32.DLL
0x00007ffac9020000 - 0x00007ffac9411000 	C:\WINDOWS\System32\KERNELBASE.dll
0x00007ffac6060000 - 0x00007ffac60fe000 	C:\WINDOWS\SYSTEM32\apphelp.dll
0x00007ffac9df0000 - 0x00007ffac9f3b000 	C:\WINDOWS\System32\ucrtbase.dll
0x00007ffa74800000 - 0x00007ffa7481e000 	c:\Users\jibri\.cursor\extensions\redhat.java-1.53.0-win32-x64\jre\21.0.10-win32-x86_64\bin\VCRUNTIME140.dll
0x00007ffa76d50000 - 0x00007ffa76d68000 	c:\Users\jibri\.cursor\extensions\redhat.java-1.53.0-win32-x64\jre\21.0.10-win32-x86_64\bin\jli.dll
0x00007ffacbc20000 - 0x00007ffacbde6000 	C:\WINDOWS\System32\USER32.dll
0x00007ffac9550000 - 0x00007ffac9577000 	C:\WINDOWS\System32\win32u.dll
0x00007ffaad0c0000 - 0x00007ffaad353000 	C:\WINDOWS\WinSxS\amd64_microsoft.windows.common-controls_6595b64144ccf1df_6.0.26100.7824_none_3e0870b2e3345462\COMCTL32.dll
0x00007ffaca0f0000 - 0x00007ffaca199000 	C:\WINDOWS\System32\msvcrt.dll
0x00007ffacbbf0000 - 0x00007ffacbc1b000 	C:\WINDOWS\System32\GDI32.dll
0x00007ffac9420000 - 0x00007ffac954b000 	C:\WINDOWS\System32\gdi32full.dll
0x00007ffac8ec0000 - 0x00007ffac8f63000 	C:\WINDOWS\System32\msvcp_win.dll
0x00007ffacb2e0000 - 0x00007ffacb311000 	C:\WINDOWS\System32\IMM32.DLL
0x00007ffac4b20000 - 0x00007ffac4b2c000 	c:\Users\jibri\.cursor\extensions\redhat.java-1.53.0-win32-x64\jre\21.0.10-win32-x86_64\bin\vcruntime140_1.dll
0x00007ffa50a50000 - 0x00007ffa50add000 	c:\Users\jibri\.cursor\extensions\redhat.java-1.53.0-win32-x64\jre\21.0.10-win32-x86_64\bin\msvcp140.dll
0x00007ff9ff450000 - 0x00007ffa001f1000 	c:\Users\jibri\.cursor\extensions\redhat.java-1.53.0-win32-x64\jre\21.0.10-win32-x86_64\bin\server\jvm.dll
0x00007ffacb710000 - 0x00007ffacb7c4000 	C:\WINDOWS\System32\ADVAPI32.dll
0x00007ffacb190000 - 0x00007ffacb236000 	C:\WINDOWS\System32\sechost.dll
0x00007ffacb070000 - 0x00007ffacb188000 	C:\WINDOWS\System32\RPCRT4.dll
0x00007ffacb7d0000 - 0x00007ffacb844000 	C:\WINDOWS\System32\WS2_32.dll
0x00007ffac89a0000 - 0x00007ffac89fe000 	C:\WINDOWS\SYSTEM32\POWRPROF.dll
0x00007ffac2fa0000 - 0x00007ffac2fab000 	C:\WINDOWS\SYSTEM32\VERSION.dll
0x00007ffab9b60000 - 0x00007ffab9b95000 	C:\WINDOWS\SYSTEM32\WINMM.dll
0x00007ffac8980000 - 0x00007ffac8994000 	C:\WINDOWS\SYSTEM32\UMPDC.dll
0x00007ffac78b0000 - 0x00007ffac78cb000 	C:\WINDOWS\SYSTEM32\kernel.appcore.dll
0x00007ffaafb80000 - 0x00007ffaafb8a000 	c:\Users\jibri\.cursor\extensions\redhat.java-1.53.0-win32-x64\jre\21.0.10-win32-x86_64\bin\jimage.dll
0x00007ffac6b30000 - 0x00007ffac6d72000 	C:\WINDOWS\SYSTEM32\DBGHELP.DLL
0x00007ffacb860000 - 0x00007ffacbbe6000 	C:\WINDOWS\System32\combase.dll
0x00007ffacb630000 - 0x00007ffacb707000 	C:\WINDOWS\System32\OLEAUT32.dll
0x00007ffaba460000 - 0x00007ffaba49b000 	C:\WINDOWS\SYSTEM32\dbgcore.DLL
0x00007ffac8f70000 - 0x00007ffac9015000 	C:\WINDOWS\System32\bcryptPrimitives.dll
0x00007ffaac9f0000 - 0x00007ffaac9ff000 	c:\Users\jibri\.cursor\extensions\redhat.java-1.53.0-win32-x64\jre\21.0.10-win32-x86_64\bin\instrument.dll
0x00007ffa747e0000 - 0x00007ffa74800000 	c:\Users\jibri\.cursor\extensions\redhat.java-1.53.0-win32-x64\jre\21.0.10-win32-x86_64\bin\java.dll
0x00007ffaca380000 - 0x00007ffacaad2000 	C:\WINDOWS\System32\SHELL32.dll
0x00007ffac8d50000 - 0x00007ffac8eba000 	C:\WINDOWS\System32\wintypes.dll
0x00007ffac9580000 - 0x00007ffac9de3000 	C:\WINDOWS\System32\windows.storage.dll
0x00007ffacaae0000 - 0x00007ffacabd6000 	C:\WINDOWS\System32\SHCORE.dll
0x00007ffaca000000 - 0x00007ffaca067000 	C:\WINDOWS\System32\shlwapi.dll
0x00007ffac8a60000 - 0x00007ffac8a89000 	C:\WINDOWS\SYSTEM32\profapi.dll
0x00007ffa747c0000 - 0x00007ffa747d8000 	c:\Users\jibri\.cursor\extensions\redhat.java-1.53.0-win32-x64\jre\21.0.10-win32-x86_64\bin\zip.dll
0x00007ffaaf630000 - 0x00007ffaaf640000 	C:\Users\jibri\.cursor\extensions\redhat.java-1.53.0-win32-x64\jre\21.0.10-win32-x86_64\bin\net.dll
0x00007ffac2220000 - 0x00007ffac2347000 	C:\WINDOWS\SYSTEM32\WINHTTP.dll
0x00007ffac7e30000 - 0x00007ffac7e9b000 	C:\WINDOWS\system32\mswsock.dll
0x00007ffa746f0000 - 0x00007ffa74706000 	C:\Users\jibri\.cursor\extensions\redhat.java-1.53.0-win32-x64\jre\21.0.10-win32-x86_64\bin\nio.dll
0x00007ffaac620000 - 0x00007ffaac630000 	c:\Users\jibri\.cursor\extensions\redhat.java-1.53.0-win32-x64\jre\21.0.10-win32-x86_64\bin\verify.dll
0x00007ffa742e0000 - 0x00007ffa74325000 	C:\Users\jibri\AppData\Roaming\Cursor\User\globalStorage\redhat.java\1.53.0\config_win\org.eclipse.equinox.launcher\org.eclipse.equinox.launcher.win32.win32.x86_64_1.3.0.v20260203-2149\eclipse_11919.dll
0x00007ffacbdf0000 - 0x00007ffacbf87000 	C:\WINDOWS\System32\ole32.dll
0x00007ffac8120000 - 0x00007ffac813b000 	C:\WINDOWS\SYSTEM32\CRYPTSP.dll
0x00007ffac7810000 - 0x00007ffac7849000 	C:\WINDOWS\system32\rsaenh.dll
0x00007ffac7f00000 - 0x00007ffac7f2b000 	C:\WINDOWS\SYSTEM32\USERENV.dll
0x00007ffac8a30000 - 0x00007ffac8a5a000 	C:\WINDOWS\SYSTEM32\bcrypt.dll
0x00007ffac8140000 - 0x00007ffac814c000 	C:\WINDOWS\SYSTEM32\CRYPTBASE.dll
0x00007ffac72f0000 - 0x00007ffac7324000 	C:\WINDOWS\SYSTEM32\IPHLPAPI.DLL
0x00007ffacb850000 - 0x00007ffacb85a000 	C:\WINDOWS\System32\NSI.dll
0x00007ffa47f60000 - 0x00007ffa47fa9000 	C:\Users\jibri\AppData\Local\Temp\jna-101119098\jna574239478153428787.dll
0x00007ffacbf90000 - 0x00007ffacbf98000 	C:\WINDOWS\System32\PSAPI.DLL
0x00007ffac24e0000 - 0x00007ffac24fe000 	C:\WINDOWS\SYSTEM32\dhcpcsvc6.DLL
0x00007ffac1c80000 - 0x00007ffac1ca3000 	C:\WINDOWS\SYSTEM32\dhcpcsvc.DLL
0x00007ffa8cfa0000 - 0x00007ffa8cfae000 	C:\Users\jibri\.cursor\extensions\redhat.java-1.53.0-win32-x64\jre\21.0.10-win32-x86_64\bin\sunmscapi.dll
0x00007ffac8bd0000 - 0x00007ffac8d47000 	C:\WINDOWS\System32\CRYPT32.dll
0x00007ffac8340000 - 0x00007ffac8370000 	C:\WINDOWS\SYSTEM32\ncrypt.dll
0x00007ffac82f0000 - 0x00007ffac832f000 	C:\WINDOWS\SYSTEM32\NTASN1.dll
0x00007ffac7390000 - 0x00007ffac74bc000 	C:\WINDOWS\SYSTEM32\DNSAPI.dll
0x00007ffaba1e0000 - 0x00007ffaba1eb000 	C:\Windows\System32\rasadhlp.dll
0x00007ffac12f0000 - 0x00007ffac1376000 	C:\WINDOWS\System32\fwpuclnt.dll
0x00007ffa84750000 - 0x00007ffa84759000 	C:\Users\jibri\.cursor\extensions\redhat.java-1.53.0-win32-x64\jre\21.0.10-win32-x86_64\bin\extnet.dll
0x00007ffa741a0000 - 0x00007ffa741c7000 	C:\Users\jibri\.gradle\native\1def1411415f61bf3af743bc5b6707747c0891f09f0c88961ee8f79bc544acac\windows-amd64\native-platform.dll
0x00007ffa948a0000 - 0x00007ffa948aa000 	C:\Users\jibri\.cursor\extensions\redhat.java-1.53.0-win32-x64\jre\21.0.10-win32-x86_64\bin\management.dll
0x00007ffa8d060000 - 0x00007ffa8d06c000 	C:\Users\jibri\.cursor\extensions\redhat.java-1.53.0-win32-x64\jre\21.0.10-win32-x86_64\bin\management_ext.dll
0x00007ffa9d0d0000 - 0x00007ffa9d0d8000 	C:\WINDOWS\system32\wshunix.dll

JVMTI agents:
c:\Users\jibri\.cursor\extensions\redhat.java-1.53.0-win32-x64\lombok\lombok-1.18.39-4050.jar path:c:\Users\jibri\.cursor\extensions\redhat.java-1.53.0-win32-x64\jre\21.0.10-win32-x86_64\bin\instrument.dll, loaded, initialized, instrumentlib options:none

dbghelp: loaded successfully - version: 4.0.5 - missing functions: none
symbol engine: initialized successfully - sym options: 0x614 - pdb path: .;c:\Users\jibri\.cursor\extensions\redhat.java-1.53.0-win32-x64\jre\21.0.10-win32-x86_64\bin;C:\WINDOWS\SYSTEM32;C:\Program Files\Avast Software\Avast;C:\WINDOWS\WinSxS\amd64_microsoft.windows.common-controls_6595b64144ccf1df_6.0.26100.7824_none_3e0870b2e3345462;c:\Users\jibri\.cursor\extensions\redhat.java-1.53.0-win32-x64\jre\21.0.10-win32-x86_64\bin\server;C:\Users\jibri\AppData\Roaming\Cursor\User\globalStorage\redhat.java\1.53.0\config_win\org.eclipse.equinox.launcher\org.eclipse.equinox.launcher.win32.win32.x86_64_1.3.0.v20260203-2149;C:\Users\jibri\AppData\Local\Temp\jna-101119098;C:\Users\jibri\.gradle\native\1def1411415f61bf3af743bc5b6707747c0891f09f0c88961ee8f79bc544acac\windows-amd64

VM Arguments:
jvm_args: --add-modules=ALL-SYSTEM --add-opens=java.base/java.util=ALL-UNNAMED --add-opens=java.base/java.lang=ALL-UNNAMED --add-opens=java.base/sun.nio.fs=ALL-UNNAMED -Declipse.application=org.eclipse.jdt.ls.core.id1 -Dosgi.bundles.defaultStartLevel=4 -Declipse.product=org.eclipse.jdt.ls.core.product -Djava.import.generatesMetadataFilesAtProjectRoot=false -DDetectVMInstallationsJob.disabled=true -Dfile.encoding=utf8 -XX:+UseParallelGC -XX:GCTimeRatio=4 -XX:AdaptiveSizePolicyWeight=90 -Dsun.zip.disableMemoryMapping=true -Xmx2G -Xms100m -Xlog:disable -javaagent:c:\Users\jibri\.cursor\extensions\redhat.java-1.53.0-win32-x64\lombok\lombok-1.18.39-4050.jar -XX:+HeapDumpOnOutOfMemoryError -XX:HeapDumpPath=c:\Users\jibri\AppData\Roaming\Cursor\User\workspaceStorage\8b75b7c593fc459511d45e689933c160\redhat.java -Daether.dependencyCollector.impl=bf 
java_command: c:\Users\jibri\.cursor\extensions\redhat.java-1.53.0-win32-x64\server\plugins\org.eclipse.equinox.launcher_1.7.100.v20251111-0406.jar -configuration c:\Users\jibri\AppData\Roaming\Cursor\User\globalStorage\redhat.java\1.53.0\config_win -data c:\Users\jibri\AppData\Roaming\Cursor\User\workspaceStorage\8b75b7c593fc459511d45e689933c160\redhat.java\jdt_ws --pipe=\\.\pipe\lsp-157ba97e8771350c77f6d2f5ea680e18-sock
java_class_path (initial): c:\Users\jibri\.cursor\extensions\redhat.java-1.53.0-win32-x64\server\plugins\org.eclipse.equinox.launcher_1.7.100.v20251111-0406.jar
Launcher Type: SUN_STANDARD

[Global flags]
    uintx AdaptiveSizePolicyWeight                 = 90                                        {product} {command line}
     intx CICompilerCount                          = 12                                        {product} {ergonomic}
    uintx GCTimeRatio                              = 4                                         {product} {command line}
     bool HeapDumpOnOutOfMemoryError               = true                                   {manageable} {command line}
    ccstr HeapDumpPath                             = c:\Users\jibri\AppData\Roaming\Cursor\User\workspaceStorage\8b75b7c593fc459511d45e689933c160\redhat.java         {manageable} {command line}
   size_t InitialHeapSize                          = 104857600                                 {product} {command line}
   size_t MaxHeapSize                              = 2147483648                                {product} {command line}
   size_t MaxNewSize                               = 715653120                                 {product} {ergonomic}
   size_t MinHeapDeltaBytes                        = 524288                                    {product} {ergonomic}
   size_t MinHeapSize                              = 104857600                                 {product} {command line}
   size_t NewSize                                  = 34603008                                  {product} {ergonomic}
    uintx NonNMethodCodeHeapSize                   = 7602480                                {pd product} {ergonomic}
    uintx NonProfiledCodeHeapSize                  = 122027880                              {pd product} {ergonomic}
   size_t OldSize                                  = 70254592                                  {product} {ergonomic}
    uintx ProfiledCodeHeapSize                     = 122027880                              {pd product} {ergonomic}
    uintx ReservedCodeCacheSize                    = 251658240                              {pd product} {ergonomic}
     bool SegmentedCodeCache                       = true                                      {product} {ergonomic}
   size_t SoftMaxHeapSize                          = 2147483648                             {manageable} {ergonomic}
     bool UseCompressedOops                        = true                           {product lp64_product} {ergonomic}
     bool UseLargePagesIndividualAllocation        = false                                  {pd product} {ergonomic}
     bool UseParallelGC                            = true                                      {product} {command line}

Logging:
Log output configuration:
 #0: stdout all=off uptime,level,tags foldmultilines=false
 #1: stderr all=off uptime,level,tags foldmultilines=false

Release file:
JAVA_VERSION="21.0.10" 
MODULES="java.base java.compiler java.datatransfer java.xml java.prefs java.desktop java.instrument java.logging java.management java.security.sasl java.naming java.rmi java.management.rmi java.net.http java.scripting java.security.jgss java.transaction.xa java.sql java.sql.rowset java.xml.crypto java.se java.smartcardio jdk.accessibility jdk.internal.jvmstat jdk.attach jdk.charsets jdk.internal.opt jdk.zipfs jdk.compiler jdk.crypto.ec jdk.crypto.cryptoki jdk.crypto.mscapi jdk.dynalink jdk.internal.ed jdk.editpad jdk.hotspot.agent jdk.httpserver jdk.internal.le jdk.internal.vm.ci jdk.internal.vm.compiler jdk.internal.vm.compiler.management jdk.jartool jdk.javadoc jdk.jcmd jdk.management jdk.management.agent jdk.jconsole jdk.jdeps jdk.jdwp.agent jdk.jdi jdk.jfr jdk.jshell jdk.jsobject jdk.jstatd jdk.localedata jdk.management.jfr jdk.naming.dns jdk.naming.rmi jdk.net jdk.nio.mapmode jdk.random jdk.sctp jdk.security.auth jdk.security.jgss jdk.unsupported jdk.unsupported.desktop jdk.xml.dom" 

Environment Variables:
JAVA_HOME=C:\Program Files\Java\jdk-17
PATH=C:\Program Files\Microsoft\jdk-17.0.16.8-hotspot\bin;C:\ProgramData\Oracle\Java\javapath;C:\Program Files\NVIDIA GPU Computing Toolkit\CUDA\v12.8\bin;C:\Program Files\NVIDIA GPU Computing Toolkit\CUDA\v12.8\libnvvp;C:\Program Files\Common Files\Oracle\Java\javapath;C:\PHP\phpoldversion\;C:\Windows\system32;C:\Windows;C:\Windows\System32\Wbem;C:\Windows\System32\WindowsPowerShell\v1.0\;C:\Windows\System32\OpenSSH\;C:\Program Files (x86)\NVIDIA Corporation\PhysX\Common;C:\Program Files\Microsoft SQL Server\150\Tools\Binn\;C:\Program Files\Microsoft SQL Server\Client SDK\ODBC\170\Tools\Binn\;C:\ProgramData\ComposerSetup\bin;C:\Users\jibri\.config\herd\bin\nvm;C:\Program Files\nodejs;C:\Program Files\Java\jdk-17\bin;C:\xampp\php;C:\WINDOWS\system32;C:\WINDOWS;C:\WINDOWS\System32\Wbem;C:\WINDOWS\System32\WindowsPowerShell\v1.0\;C:\WINDOWS\System32\OpenSSH\;C:\Program Files\nodejs\;C:\Program Files\Git\cmd;C:\Program Files\Git\bin;C:\Users\jibri\AppData\Local\Pub\Cache\bin;C:\Program Files\NVIDIA Corporation\NVIDIA app\NvDLISR;C:\Program Files\heroku\bin;C:\Program Files\NVIDIA Corporation\Nsight Compute 2025.1.1\;C:\ProgramData\chocolatey\bin;C:\Users\jibri\AppData\Local\Programs\Python\Python310\Scripts;C:\Program Files\dotnet\;C:\Program Files (x86)\Windows Kits\10\Windows Performance Toolkit\;C:\Users\jibri\AppData\Local\Android\Sdk\platform-tools;C:\Program Files\Docker\Docker\resources\bin;C:\Program Files\MySQL\MySQL Shell 8.0\bin\;C:\Users\jibri\AppData\Local\Programs\Python\Python310\Scripts\;C:\Users\jibri\AppData\Local\Programs\Python\Python310\;C:\Users\jibri\.config\herd\bin;C:\Users\jibri\AppData\Local\Microsoft\WindowsApps;C:\Users\jibri\AppData\Local\Programs\Microsoft VS Code\bin;C:\Users\jibri\AppData\Roaming\Composer\vendor\bin;C:\flutter\flutter\bin;C:\Users\jibri\AppData\Roaming\npm;C:\Program Files\Git;C:\Users\jibri\AppData\Local\Pub\Cache\bin;C:\Program Files\heroku\bin;C:\Users\jibri\.dotnet\tools;C:\AppServ\Apache24\bin;C:\AppServ\php7;C:\AppServ\MySQL\bin;C:\Users\jibri\AppData\Local\Android\Sdk\build-tools;C:\ProgramData\chocolatey\bin;C:\Program Files\nodejs\;C:\Users\jibri\AppData\Local\Programs\cursor\resources\app\bin
USERNAME=jibri
OS=Windows_NT
PROCESSOR_IDENTIFIER=Intel64 Family 6 Model 191 Stepping 2, GenuineIntel
TMP=C:\Users\jibri\AppData\Local\Temp
TEMP=C:\Users\jibri\AppData\Local\Temp




Periodic native trim disabled

---------------  S Y S T E M  ---------------

OS:
 Windows 11 , 64 bit Build 26100 (10.0.26100.7705)
OS uptime: 2 days 6:50 hours
Hyper-V role detected

CPU: total 20 (initial active 20) (10 cores per cpu, 2 threads per core) family 6 model 191 stepping 2 microcode 0x2c, cx8, cmov, fxsr, ht, mmx, 3dnowpref, sse, sse2, sse3, ssse3, sse4.1, sse4.2, popcnt, lzcnt, tsc, tscinvbit, avx, avx2, aes, erms, clmul, bmi1, bmi2, adx, sha, fma, vzeroupper, clflush, clflushopt, clwb, hv, serialize, rdtscp, rdpid, fsrm, f16c, cet_ibt, cet_ss
Processor Information for processor 0
  Max Mhz: 2500, Current Mhz: 2500, Mhz Limit: 2500
Processor Information for processor 1
  Max Mhz: 2500, Current Mhz: 1532, Mhz Limit: 2500
Processor Information for processor 2
  Max Mhz: 2500, Current Mhz: 2500, Mhz Limit: 2500
Processor Information for processor 3
  Max Mhz: 2500, Current Mhz: 1532, Mhz Limit: 2500
Processor Information for processor 4
  Max Mhz: 2500, Current Mhz: 1532, Mhz Limit: 2500
Processor Information for processor 5
  Max Mhz: 2500, Current Mhz: 2500, Mhz Limit: 2500
Processor Information for processor 6
  Max Mhz: 2500, Current Mhz: 2500, Mhz Limit: 2500
Processor Information for processor 7
  Max Mhz: 2500, Current Mhz: 1532, Mhz Limit: 2500
Processor Information for processor 8
  Max Mhz: 2500, Current Mhz: 2500, Mhz Limit: 2500
Processor Information for processor 9
  Max Mhz: 2500, Current Mhz: 1532, Mhz Limit: 2500
Processor Information for processor 10
  Max Mhz: 2500, Current Mhz: 2500, Mhz Limit: 2500
Processor Information for processor 11
  Max Mhz: 2500, Current Mhz: 1532, Mhz Limit: 2500
Processor Information for processor 12
  Max Mhz: 2500, Current Mhz: 1800, Mhz Limit: 1800
Processor Information for processor 13
  Max Mhz: 2500, Current Mhz: 1500, Mhz Limit: 1800
Processor Information for processor 14
  Max Mhz: 2500, Current Mhz: 1500, Mhz Limit: 1800
Processor Information for processor 15
  Max Mhz: 2500, Current Mhz: 1500, Mhz Limit: 1800
Processor Information for processor 16
  Max Mhz: 2500, Current Mhz: 1500, Mhz Limit: 1800
Processor Information for processor 17
  Max Mhz: 2500, Current Mhz: 1800, Mhz Limit: 1800
Processor Information for processor 18
  Max Mhz: 2500, Current Mhz: 1500, Mhz Limit: 1800
Processor Information for processor 19
  Max Mhz: 2500, Current Mhz: 1500, Mhz Limit: 1800

Memory: 4k page, system-wide physical 7911M (293M free)
TotalPageFile size 32487M (AvailPageFile size 45M)
current process WorkingSet (physical memory assigned to process): 14M, peak: 294M
current process commit charge ("private bytes"): 401M, peak: 462M

vm_info: OpenJDK 64-Bit Server VM (21.0.10+7-LTS) for windows-amd64 JRE (21.0.10+7-LTS), built on 2026-01-20T00:00:00Z by "admin" with MS VC++ 17.12 (VS2022)

END.
