#
# There is insufficient memory for the Java Runtime Environment to continue.
# Native memory allocation (malloc) failed to allocate 1048576 bytes. Error detail: AllocateHeap
# Possible reasons:
#   The system is out of physical RAM or swap space
#   This process is running with CompressedOops enabled, and the Java Heap may be blocking the growth of the native heap
# Possible solutions:
#   Reduce memory load on the system
#   Increase physical memory or swap space
#   Check if swap backing store is full
#   Decrease Java heap size (-Xmx/-Xms)
#   Decrease number of Java threads
#   Decrease Java thread stack sizes (-Xss)
#   Set larger code cache with -XX:ReservedCodeCacheSize=
#   JVM is running with Unscaled Compressed Oops mode in which the Java heap is
#     placed in the first 4GB address space. The Java Heap base address is the
#     maximum limit for the native heap growth. Please use -XX:HeapBaseMinAddress
#     to set the Java Heap base and to place the Java Heap above 4GB virtual address.
# This output file may be truncated or incomplete.
#
#  Out of Memory Error (allocation.cpp:44), pid=31632, tid=29348
#
# JRE version: OpenJDK Runtime Environment Temurin-21.0.10+7 (21.0.10+7) (build 21.0.10+7-LTS)
# Java VM: OpenJDK 64-Bit Server VM Temurin-21.0.10+7 (21.0.10+7-LTS, mixed mode, sharing, tiered, compressed oops, compressed class ptrs, parallel gc, windows-amd64)
# No core dump will be written. Minidumps are not enabled by default on client versions of Windows
#

---------------  S U M M A R Y ------------

Command Line: --add-modules=ALL-SYSTEM --add-opens=java.base/java.util=ALL-UNNAMED --add-opens=java.base/java.lang=ALL-UNNAMED --add-opens=java.base/sun.nio.fs=ALL-UNNAMED -Declipse.application=org.eclipse.jdt.ls.core.id1 -Dosgi.bundles.defaultStartLevel=4 -Declipse.product=org.eclipse.jdt.ls.core.product -Djava.import.generatesMetadataFilesAtProjectRoot=false -DDetectVMInstallationsJob.disabled=true -Dfile.encoding=utf8 -XX:+UseParallelGC -XX:GCTimeRatio=4 -XX:AdaptiveSizePolicyWeight=90 -Dsun.zip.disableMemoryMapping=true -Xmx2G -Xms100m -Xlog:disable -javaagent:c:\Users\jibri\.antigravity\extensions\redhat.java-1.54.0-win32-x64\lombok\lombok-1.18.39-4050.jar -XX:+HeapDumpOnOutOfMemoryError -XX:HeapDumpPath=c:\Users\jibri\AppData\Roaming\Antigravity\User\workspaceStorage\8b75b7c593fc459511d45e689933c160\redhat.java -Daether.dependencyCollector.impl=bf c:\Users\jibri\.antigravity\extensions\redhat.java-1.54.0-win32-x64\server\plugins\org.eclipse.equinox.launcher_1.7.100.v20251111-0406.jar -configuration c:\Users\jibri\AppData\Roaming\Antigravity\User\globalStorage\redhat.java\1.54.0\config_win -data c:\Users\jibri\AppData\Roaming\Antigravity\User\workspaceStorage\8b75b7c593fc459511d45e689933c160\redhat.java\jdt_ws --pipe=\\.\pipe\lsp-8012d76b7be96ed897b7d6df2fa579ff-sock

Host: 13th Gen Intel(R) Core(TM) i5-13500HX, 20 cores, 7G,  Windows 11 , 64 bit Build 26100 (10.0.26100.8246)
Time: Fri Apr 24 04:59:36 2026 Malay Peninsula Standard Time elapsed time: 2191.646510 seconds (0d 0h 36m 31s)

---------------  T H R E A D  ---------------

Current thread (0x000002080593b890):  JavaThread "Attach Listener" daemon [_thread_in_vm, id=29348, stack(0x0000001197a00000,0x0000001197b00000) (1024K)]

Stack: [0x0000001197a00000,0x0000001197b00000]
Native frames: (J=compiled Java code, j=interpreted, Vv=VM code, C=native code)
V  [jvm.dll+0x6d7a39]
V  [jvm.dll+0x8b4b26]
V  [jvm.dll+0x8b70de]
V  [jvm.dll+0x8b77c3]
V  [jvm.dll+0x284346]
V  [jvm.dll+0xc1277]
V  [jvm.dll+0x6d82e9]
V  [jvm.dll+0x1334a6]
V  [jvm.dll+0x3f857e]
V  [jvm.dll+0x85f59d]
V  [jvm.dll+0x6d626d]
C  [ucrtbase.dll+0x37b0]
C  [KERNEL32.DLL+0x2e8d7]
C  [ntdll.dll+0x8c3fc]


---------------  P R O C E S S  ---------------

Threads class SMR info:
_java_thread_list=0x00000208694d25c0, length=65, elements={
0x000002080346a2b0, 0x0000020805932f60, 0x0000020805934950, 0x00000208059378e0,
0x000002080593b890, 0x000002080593c2f0, 0x000002080593cd50, 0x000002080593fea0,
0x000002080594b730, 0x000002085e8fe9d0, 0x000002086075d3c0, 0x00000208609b50a0,
0x0000020865274370, 0x0000020865264d40, 0x0000020860b4e690, 0x0000020860b066b0,
0x0000020860a8fc80, 0x000002086508d960, 0x0000020866211d80, 0x00000208662116f0,
0x0000020866212410, 0x0000020866211060, 0x0000020867477610, 0x0000020867474eb0,
0x0000020867477ca0, 0x0000020867476260, 0x0000020867475bd0, 0x0000020867474820,
0x0000020867478330, 0x00000208674789c0, 0x0000020867475540, 0x000002086747b7b0,
0x000002086747be40, 0x0000020867479d70, 0x000002086747a400, 0x000002086747aa90,
0x0000020867479050, 0x00000208674796e0, 0x000002086747b120, 0x0000020866ba9c30,
0x0000020866ba8f10, 0x0000020866ba81f0, 0x0000020866ba95a0, 0x0000020866ba67b0,
0x0000020866ba8880, 0x0000020866baa2c0, 0x0000020866bab670, 0x0000020868273910,
0x0000020868274630, 0x00000208682759e0, 0x0000020868274cc0, 0x0000020868275350,
0x0000020868272bf0, 0x0000020868273280, 0x0000020868278140, 0x00000208682794f0,
0x0000020868277420, 0x0000020868276d90, 0x0000020868277ab0, 0x0000020866ba7b60,
0x0000020866ba6e40, 0x0000020866bad740, 0x0000020866bac390, 0x0000020866baafe0,
0x0000020865af0fa0
}

Java Threads: ( => current thread )
  0x000002080346a2b0 JavaThread "main"                              [_thread_blocked, id=28624, stack(0x0000001197300000,0x0000001197400000) (1024K)]
  0x0000020805932f60 JavaThread "Reference Handler"          daemon [_thread_blocked, id=26084, stack(0x0000001197700000,0x0000001197800000) (1024K)]
  0x0000020805934950 JavaThread "Finalizer"                  daemon [_thread_blocked, id=11744, stack(0x0000001197800000,0x0000001197900000) (1024K)]
  0x00000208059378e0 JavaThread "Signal Dispatcher"          daemon [_thread_blocked, id=23104, stack(0x0000001197900000,0x0000001197a00000) (1024K)]
=>0x000002080593b890 JavaThread "Attach Listener"            daemon [_thread_in_vm, id=29348, stack(0x0000001197a00000,0x0000001197b00000) (1024K)]
  0x000002080593c2f0 JavaThread "Service Thread"             daemon [_thread_blocked, id=22988, stack(0x0000001197b00000,0x0000001197c00000) (1024K)]
  0x000002080593cd50 JavaThread "Monitor Deflation Thread"   daemon [_thread_blocked, id=8804, stack(0x0000001197c00000,0x0000001197d00000) (1024K)]
  0x000002080593fea0 JavaThread "C2 CompilerThread0"         daemon [_thread_blocked, id=26508, stack(0x0000001197d00000,0x0000001197e00000) (1024K)]
  0x000002080594b730 JavaThread "C1 CompilerThread0"         daemon [_thread_blocked, id=24948, stack(0x0000001197e00000,0x0000001197f00000) (1024K)]
  0x000002085e8fe9d0 JavaThread "Common-Cleaner"             daemon [_thread_blocked, id=13880, stack(0x0000001198200000,0x0000001198300000) (1024K)]
  0x000002086075d3c0 JavaThread "Notification Thread"        daemon [_thread_blocked, id=37712, stack(0x0000001198500000,0x0000001198600000) (1024K)]
  0x00000208609b50a0 JavaThread "Active Thread: Equinox Container: 26496ca2-8e05-4d99-be6a-faa06c386dc0"        [_thread_blocked, id=40236, stack(0x0000001198c00000,0x0000001198d00000) (1024K)]
  0x0000020865274370 JavaThread "Refresh Thread: Equinox Container: 26496ca2-8e05-4d99-be6a-faa06c386dc0" daemon [_thread_blocked, id=11292, stack(0x0000001197f00000,0x0000001198000000) (1024K)]
  0x0000020865264d40 JavaThread "Framework Event Dispatcher: Equinox Container: 26496ca2-8e05-4d99-be6a-faa06c386dc0" daemon [_thread_blocked, id=38656, stack(0x0000001198100000,0x0000001198200000) (1024K)]
  0x0000020860b4e690 JavaThread "Start Level: Equinox Container: 26496ca2-8e05-4d99-be6a-faa06c386dc0" daemon [_thread_blocked, id=39560, stack(0x0000001198300000,0x0000001198400000) (1024K)]
  0x0000020860b066b0 JavaThread "Bundle File Closer"         daemon [_thread_blocked, id=29420, stack(0x0000001199000000,0x0000001199100000) (1024K)]
  0x0000020860a8fc80 JavaThread "SCR Component Actor"        daemon [_thread_blocked, id=34272, stack(0x0000001198f00000,0x0000001199000000) (1024K)]
  0x000002086508d960 JavaThread "Worker-JM"                         [_thread_blocked, id=40136, stack(0x0000001199600000,0x0000001199700000) (1024K)]
  0x0000020866211d80 JavaThread "JNA Cleaner"                daemon [_thread_blocked, id=39296, stack(0x0000001199100000,0x0000001199200000) (1024K)]
  0x00000208662116f0 JavaThread "Worker-0"                          [_thread_blocked, id=34748, stack(0x0000001199200000,0x0000001199300000) (1024K)]
  0x0000020866212410 JavaThread "Worker-1"                          [_thread_blocked, id=8108, stack(0x0000001199300000,0x0000001199400000) (1024K)]
  0x0000020866211060 JavaThread "Java indexing"              daemon [_thread_blocked, id=38296, stack(0x0000001199f00000,0x000000119a000000) (1024K)]
  0x0000020867477610 JavaThread "Thread-1"                   daemon [_thread_in_native, id=39796, stack(0x000000119a400000,0x000000119a500000) (1024K)]
  0x0000020867474eb0 JavaThread "Thread-2"                   daemon [_thread_in_native, id=37672, stack(0x000000119a500000,0x000000119a600000) (1024K)]
  0x0000020867477ca0 JavaThread "Thread-3"                   daemon [_thread_in_native, id=2144, stack(0x000000119a600000,0x000000119a700000) (1024K)]
  0x0000020867476260 JavaThread "Thread-4"                   daemon [_thread_in_native, id=39932, stack(0x000000119a700000,0x000000119a800000) (1024K)]
  0x0000020867475bd0 JavaThread "Thread-5"                   daemon [_thread_in_native, id=38916, stack(0x000000119a800000,0x000000119a900000) (1024K)]
  0x0000020867474820 JavaThread "Thread-6"                   daemon [_thread_in_native, id=39864, stack(0x000000119a900000,0x000000119aa00000) (1024K)]
  0x0000020867478330 JavaThread "Thread-7"                   daemon [_thread_in_native, id=26124, stack(0x000000119aa00000,0x000000119ab00000) (1024K)]
  0x00000208674789c0 JavaThread "Thread-8"                   daemon [_thread_in_native, id=20308, stack(0x000000119ab00000,0x000000119ac00000) (1024K)]
  0x0000020867475540 JavaThread "Thread-9"                   daemon [_thread_in_native, id=35908, stack(0x000000119ac00000,0x000000119ad00000) (1024K)]
  0x000002086747b7b0 JavaThread "Thread-10"                  daemon [_thread_in_native, id=39060, stack(0x000000119ad00000,0x000000119ae00000) (1024K)]
  0x000002086747be40 JavaThread "Thread-11"                  daemon [_thread_in_native, id=24716, stack(0x000000119ae00000,0x000000119af00000) (1024K)]
  0x0000020867479d70 JavaThread "Thread-12"                  daemon [_thread_in_native, id=14684, stack(0x000000119af00000,0x000000119b000000) (1024K)]
  0x000002086747a400 JavaThread "Thread-13"                  daemon [_thread_in_native, id=23448, stack(0x000000119b000000,0x000000119b100000) (1024K)]
  0x000002086747aa90 JavaThread "Thread-14"                  daemon [_thread_in_native, id=40776, stack(0x000000119b100000,0x000000119b200000) (1024K)]
  0x0000020867479050 JavaThread "Thread-15"                  daemon [_thread_in_native, id=38560, stack(0x000000119b200000,0x000000119b300000) (1024K)]
  0x00000208674796e0 JavaThread "Thread-16"                  daemon [_thread_in_native, id=40476, stack(0x000000119b300000,0x000000119b400000) (1024K)]
  0x000002086747b120 JavaThread "Thread-17"                  daemon [_thread_in_native, id=21736, stack(0x000000119b400000,0x000000119b500000) (1024K)]
  0x0000020866ba9c30 JavaThread "Thread-18"                  daemon [_thread_in_native, id=12244, stack(0x000000119b500000,0x000000119b600000) (1024K)]
  0x0000020866ba8f10 JavaThread "Thread-19"                  daemon [_thread_in_native, id=37668, stack(0x000000119b600000,0x000000119b700000) (1024K)]
  0x0000020866ba81f0 JavaThread "Thread-20"                  daemon [_thread_in_native, id=18312, stack(0x000000119b700000,0x000000119b800000) (1024K)]
  0x0000020866ba95a0 JavaThread "Thread-21"                  daemon [_thread_in_native, id=27448, stack(0x000000119b800000,0x000000119b900000) (1024K)]
  0x0000020866ba67b0 JavaThread "pool-2-thread-1"                   [_thread_blocked, id=29496, stack(0x000000119b900000,0x000000119ba00000) (1024K)]
  0x0000020866ba8880 JavaThread "WorkspaceEventsHandler"            [_thread_blocked, id=38940, stack(0x000000119bc00000,0x000000119bd00000) (1024K)]
  0x0000020866baa2c0 JavaThread "pool-1-thread-1"                   [_thread_blocked, id=38644, stack(0x000000119bd00000,0x000000119be00000) (1024K)]
  0x0000020866bab670 JavaThread "Timer-0"                           [_thread_blocked, id=37696, stack(0x0000001199d00000,0x0000001199e00000) (1024K)]
  0x0000020868273910 JavaThread "ForkJoinPool.commonPool-worker-20" daemon [_thread_blocked, id=33728, stack(0x0000001197000000,0x0000001197100000) (1024K)]
  0x0000020868274630 JavaThread "ForkJoinPool.commonPool-worker-21" daemon [_thread_blocked, id=21528, stack(0x0000001197100000,0x0000001197200000) (1024K)]
  0x00000208682759e0 JavaThread "ForkJoinPool.commonPool-worker-22" daemon [_thread_blocked, id=27620, stack(0x0000001197200000,0x0000001197300000) (1024K)]
  0x0000020868274cc0 JavaThread "ForkJoinPool.commonPool-worker-23" daemon [_thread_blocked, id=17412, stack(0x0000001199400000,0x0000001199500000) (1024K)]
  0x0000020868275350 JavaThread "ForkJoinPool.commonPool-worker-24" daemon [_thread_blocked, id=21744, stack(0x0000001199500000,0x0000001199600000) (1024K)]
  0x0000020868272bf0 JavaThread "ForkJoinPool.commonPool-worker-25" daemon [_thread_blocked, id=42800, stack(0x0000001199900000,0x0000001199a00000) (1024K)]
  0x0000020868273280 JavaThread "ForkJoinPool.commonPool-worker-26" daemon [_thread_blocked, id=36024, stack(0x0000001199c00000,0x0000001199d00000) (1024K)]
  0x0000020868278140 JavaThread "ForkJoinPool.commonPool-worker-27" daemon [_thread_blocked, id=40104, stack(0x0000001199e00000,0x0000001199f00000) (1024K)]
  0x00000208682794f0 JavaThread "ForkJoinPool.commonPool-worker-28" daemon [_thread_blocked, id=23784, stack(0x000000119a000000,0x000000119a100000) (1024K)]
  0x0000020868277420 JavaThread "ForkJoinPool.commonPool-worker-30" daemon [_thread_blocked, id=15512, stack(0x000000119a200000,0x000000119a300000) (1024K)]
  0x0000020868276d90 JavaThread "ForkJoinPool.commonPool-worker-31" daemon [_thread_blocked, id=38580, stack(0x000000119a300000,0x000000119a400000) (1024K)]
  0x0000020868277ab0 JavaThread "ForkJoinPool.commonPool-worker-32" daemon [_thread_blocked, id=21424, stack(0x000000119ba00000,0x000000119bb00000) (1024K)]
  0x0000020866ba7b60 JavaThread "ForkJoinPool.commonPool-worker-33" daemon [_thread_blocked, id=13980, stack(0x000000119bb00000,0x000000119bc00000) (1024K)]
  0x0000020866ba6e40 JavaThread "ForkJoinPool.commonPool-worker-34" daemon [_thread_blocked, id=41576, stack(0x000000119be00000,0x000000119bf00000) (1024K)]
  0x0000020866bad740 JavaThread "ForkJoinPool.commonPool-worker-35" daemon [_thread_blocked, id=19772, stack(0x000000119bf00000,0x000000119c000000) (1024K)]
  0x0000020866bac390 JavaThread "ForkJoinPool.commonPool-worker-36" daemon [_thread_blocked, id=38900, stack(0x000000119c000000,0x000000119c100000) (1024K)]
  0x0000020866baafe0 JavaThread "ForkJoinPool.commonPool-worker-37" daemon [_thread_blocked, id=39168, stack(0x000000119c100000,0x000000119c200000) (1024K)]
  0x0000020865af0fa0 JavaThread "ForkJoinPool.commonPool-worker-38" daemon [_thread_blocked, id=34332, stack(0x000000119c200000,0x000000119c300000) (1024K)]
Total: 65

Other Threads:
  0x0000020805824930 VMThread "VM Thread"                           [id=24908, stack(0x0000001197600000,0x0000001197700000) (1024K)]
  0x000002080571ca00 WatcherThread "VM Periodic Task Thread"        [id=36236, stack(0x0000001197500000,0x0000001197600000) (1024K)]
  0x00000208058ac9e0 WorkerThread "GC Thread#0"                     [id=36656, stack(0x0000001197400000,0x0000001197500000) (1024K)]
  0x00000208609c7680 WorkerThread "GC Thread#1"                     [id=37776, stack(0x0000001198600000,0x0000001198700000) (1024K)]
  0x00000208609c7a30 WorkerThread "GC Thread#2"                     [id=14080, stack(0x0000001198700000,0x0000001198800000) (1024K)]
  0x0000020860af6a20 WorkerThread "GC Thread#3"                     [id=37916, stack(0x0000001198800000,0x0000001198900000) (1024K)]
  0x0000020860cbc500 WorkerThread "GC Thread#4"                     [id=21260, stack(0x0000001198900000,0x0000001198a00000) (1024K)]
  0x0000020860d6b2c0 WorkerThread "GC Thread#5"                     [id=32568, stack(0x0000001198a00000,0x0000001198b00000) (1024K)]
  0x0000020860d6b670 WorkerThread "GC Thread#6"                     [id=19368, stack(0x0000001198b00000,0x0000001198c00000) (1024K)]
  0x000002086529f100 WorkerThread "GC Thread#7"                     [id=38024, stack(0x0000001198d00000,0x0000001198e00000) (1024K)]
  0x00000208652749e0 WorkerThread "GC Thread#8"                     [id=38272, stack(0x0000001198000000,0x0000001198100000) (1024K)]
  0x0000020860b4fcf0 WorkerThread "GC Thread#9"                     [id=22448, stack(0x0000001198400000,0x0000001198500000) (1024K)]
  0x0000020860b500a0 WorkerThread "GC Thread#10"                    [id=22084, stack(0x0000001198e00000,0x0000001198f00000) (1024K)]
  0x0000020865a50dc0 WorkerThread "GC Thread#11"                    [id=18616, stack(0x0000001199700000,0x0000001199800000) (1024K)]
  0x0000020865376490 WorkerThread "GC Thread#12"                    [id=33920, stack(0x0000001199800000,0x0000001199900000) (1024K)]
  0x000002085e9b7a40 WorkerThread "GC Thread#13"                    [id=37856, stack(0x0000001199a00000,0x0000001199b00000) (1024K)]
  0x000002085e9b6420 WorkerThread "GC Thread#14"                    [id=17648, stack(0x0000001199b00000,0x0000001199c00000) (1024K)]
Total: 17

Threads with active compile tasks:
Total: 0

VM state: not at safepoint (normal execution)

VM Mutex/Monitor currently owned by a thread: None

Heap address: 0x0000000080000000, size: 2048 MB, Compressed Oops mode: 32-bit

CDS archive(s) mapped at: [0x000002081d000000-0x000002081dba0000-0x000002081dba0000), size 12189696, SharedBaseAddress: 0x000002081d000000, ArchiveRelocationMode: 1.
Compressed class space mapped at: 0x000002081e000000-0x000002085e000000, reserved size: 1073741824
Narrow klass base: 0x000002081d000000, Narrow klass shift: 0, Narrow klass range: 0x100000000

GC Precious Log:
 CardTable entry size: 512
 CPUs: 20 total, 20 available
 Memory: 7911M
 Large Page Support: Disabled
 NUMA Support: Disabled
 Compressed Oops: Enabled (32-bit)
 Alignments: Space 512K, Generation 512K, Heap 2M
 Heap Min Capacity: 100M
 Heap Initial Capacity: 100M
 Heap Max Capacity: 2G
 Pre-touch: Disabled
 Parallel Workers: 15

Heap:
 PSYoungGen      total 10240K, used 7964K [0x00000000d5580000, 0x00000000d6180000, 0x0000000100000000)
  eden space 9728K, 77% used [0x00000000d5580000,0x00000000d5ce73a0,0x00000000d5f00000)
  from space 512K, 75% used [0x00000000d6100000,0x00000000d6160000,0x00000000d6180000)
  to   space 512K, 0% used [0x00000000d5f00000,0x00000000d5f00000,0x00000000d5f80000)
 ParOldGen       total 1097728K, used 1094658K [0x0000000080000000, 0x00000000c3000000, 0x00000000d5580000)
  object space 1097728K, 99% used [0x0000000080000000,0x00000000c2d008c0,0x00000000c3000000)
 Metaspace       used 88558K, committed 90752K, reserved 1179648K
  class space    used 11166K, committed 12096K, reserved 1048576K

Card table byte_map: [0x0000020805230000,0x0000020805640000] _byte_map_base: 0x0000020804e30000

Marking Bits: (ParMarkBitMap*) 0x00007ffc51083450
 Begin Bits: [0x0000020817d40000, 0x0000020819d40000)
 End Bits:   [0x0000020819d40000, 0x000002081bd40000)

Polling page: 0x0000020803400000

Metaspace:

Usage:
  Non-class:     75.58 MB used.
      Class:     10.91 MB used.
       Both:     86.48 MB used.

Virtual space:
  Non-class space:      128.00 MB reserved,      76.81 MB ( 60%) committed,  2 nodes.
      Class space:        1.00 GB reserved,      11.81 MB (  1%) committed,  1 nodes.
             Both:        1.12 GB reserved,      88.62 MB (  8%) committed. 

Chunk freelists:
   Non-Class:  3.56 MB
       Class:  4.27 MB
        Both:  7.83 MB

MaxMetaspaceSize: unlimited
CompressedClassSpaceSize: 1.00 GB
Initial GC threshold: 21.00 MB
Current GC threshold: 147.75 MB
CDS: on
 - commit_granule_bytes: 65536.
 - commit_granule_words: 8192.
 - virtual_space_node_default_size: 8388608.
 - enlarge_chunks_in_place: 1.
 - use_allocation_guard: 0.


Internal statistics:

num_allocs_failed_limit: 9.
num_arena_births: 1720.
num_arena_deaths: 348.
num_vsnodes_births: 3.
num_vsnodes_deaths: 0.
num_space_committed: 1418.
num_space_uncommitted: 0.
num_chunks_returned_to_freelist: 381.
num_chunks_taken_from_freelist: 5485.
num_chunk_merges: 96.
num_chunk_splits: 3580.
num_chunks_enlarged: 2327.
num_inconsistent_stats: 0.

CodeHeap 'non-profiled nmethods': size=119168Kb used=8935Kb max_used=9713Kb free=110232Kb
 bounds [0x0000020810630000, 0x0000020810fb0000, 0x0000020817a90000]
CodeHeap 'profiled nmethods': size=119104Kb used=25153Kb max_used=27894Kb free=93950Kb
 bounds [0x0000020808a90000, 0x000002080a5d0000, 0x000002080fee0000]
CodeHeap 'non-nmethods': size=7488Kb used=1451Kb max_used=3198Kb free=6036Kb
 bounds [0x000002080fee0000, 0x0000020810210000, 0x0000020810630000]
CodeCache: size=245760Kb, used=35539Kb, max_used=40805Kb, free=210218Kb
 total_blobs=12763, nmethods=12001, adapters=667, full_count=0
Compilation: enabled, stopped_count=0, restarted_count=0

Compilation events (20 events):
Event: 2117.226 Thread 0x000002080593fea0 13700       4       org.eclipse.jdt.core.search.SearchPattern::matchesName (362 bytes)
Event: 2117.227 Thread 0x000002080594b730 13701       3       org.eclipse.jdt.internal.core.search.PatternSearchJob$ParallelSearchMonitor::isCanceled (23 bytes)
Event: 2117.231 Thread 0x000002080594b730 nmethod 13701 0x0000020808b2e990 code [0x0000020808b2eb40, 0x0000020808b2eda8]
Event: 2117.246 Thread 0x000002080593fea0 nmethod 13700 0x0000020810a91d90 code [0x0000020810a91fa0, 0x0000020810a92970]
Event: 2117.246 Thread 0x000002080593fea0 13702 % !   4       org.eclipse.jdt.internal.core.util.ClassFileReader::<init> @ 88 (1942 bytes)
Event: 2117.964 Thread 0x000002080593fea0 nmethod 13702% 0x0000020810a56910 code [0x0000020810a57400, 0x0000020810a61328]
Event: 2117.964 Thread 0x000002080593fea0 13704       4       org.eclipse.jdt.internal.core.AbstractClassFile::calculateHashCode (18 bytes)
Event: 2117.965 Thread 0x000002080593fea0 nmethod 13704 0x0000020810776010 code [0x00000208107761e0, 0x00000208107765f8]
Event: 2117.965 Thread 0x000002080593fea0 13703       4       org.objectweb.asm.ClassReader::readShort (27 bytes)
Event: 2117.966 Thread 0x000002080593fea0 nmethod 13703 0x000002081085d310 code [0x000002081085d4a0, 0x000002081085d5b0]
Event: 2118.034 Thread 0x000002080594b730 13705       3       org.eclipse.jdt.ls.core.internal.JDTUtils::toRange (89 bytes)
Event: 2118.034 Thread 0x000002080594b730 nmethod 13705 0x00000208090b1e10 code [0x00000208090b2060, 0x00000208090b28c0]
Event: 2118.085 Thread 0x000002080593fea0 13706       4       java.util.WeakHashMap::isEmpty (13 bytes)
Event: 2118.085 Thread 0x000002080593fea0 nmethod 13706 0x000002081091ad90 code [0x000002081091af20, 0x000002081091aff0]
Event: 2118.101 Thread 0x000002080593fea0 13707       4       org.eclipse.core.internal.resources.MarkerAttributeMap::shareStrings (92 bytes)
Event: 2118.108 Thread 0x000002080593fea0 nmethod 13707 0x00000208107db990 code [0x00000208107dbb80, 0x00000208107dc1f0]
Event: 2118.205 Thread 0x000002080593fea0 13708       4       org.objectweb.asm.ClassReader::<init> (359 bytes)
Event: 2118.210 Thread 0x000002080593fea0 nmethod 13708 0x00000208106c6d10 code [0x00000208106c6ee0, 0x00000208106c75a0]
Event: 2118.319 Thread 0x000002080593fea0 13709       4       org.eclipse.jdt.internal.core.AbstractClassFile::equals (49 bytes)
Event: 2118.327 Thread 0x000002080593fea0 nmethod 13709 0x000002081087e790 code [0x000002081087ea20, 0x000002081087f760]

GC Heap History (20 events):
Event: 2118.154 GC heap before
{Heap before GC invocations=458 (full 4):
 PSYoungGen      total 10240K, used 10087K [0x00000000d5580000, 0x00000000d6180000, 0x0000000100000000)
  eden space 9728K, 99% used [0x00000000d5580000,0x00000000d5ef1f38,0x00000000d5f00000)
  from space 512K, 81% used [0x00000000d6100000,0x00000000d6168000,0x00000000d6180000)
  to   space 512K, 0% used [0x00000000d5f00000,0x00000000d5f00000,0x00000000d5f80000)
 ParOldGen       total 876544K, used 876170K [0x0000000080000000, 0x00000000b5800000, 0x00000000d5580000)
  object space 876544K, 99% used [0x0000000080000000,0x00000000b57a2800,0x00000000b5800000)
 Metaspace       used 88558K, committed 90752K, reserved 1179648K
  class space    used 11166K, committed 12096K, reserved 1048576K
}
Event: 2118.155 GC heap after
{Heap after GC invocations=458 (full 4):
 PSYoungGen      total 10240K, used 384K [0x00000000d5580000, 0x00000000d6180000, 0x0000000100000000)
  eden space 9728K, 0% used [0x00000000d5580000,0x00000000d5580000,0x00000000d5f00000)
  from space 512K, 75% used [0x00000000d5f00000,0x00000000d5f60000,0x00000000d5f80000)
  to   space 512K, 0% used [0x00000000d6100000,0x00000000d6100000,0x00000000d6180000)
 ParOldGen       total 876544K, used 876234K [0x0000000080000000, 0x00000000b5800000, 0x00000000d5580000)
  object space 876544K, 99% used [0x0000000080000000,0x00000000b57b2800,0x00000000b5800000)
 Metaspace       used 88558K, committed 90752K, reserved 1179648K
  class space    used 11166K, committed 12096K, reserved 1048576K
}
Event: 2118.189 GC heap before
{Heap before GC invocations=459 (full 4):
 PSYoungGen      total 10240K, used 10055K [0x00000000d5580000, 0x00000000d6180000, 0x0000000100000000)
  eden space 9728K, 99% used [0x00000000d5580000,0x00000000d5ef1f18,0x00000000d5f00000)
  from space 512K, 75% used [0x00000000d5f00000,0x00000000d5f60000,0x00000000d5f80000)
  to   space 512K, 0% used [0x00000000d6100000,0x00000000d6100000,0x00000000d6180000)
 ParOldGen       total 901120K, used 900452K [0x0000000080000000, 0x00000000b7000000, 0x00000000d5580000)
  object space 901120K, 99% used [0x0000000080000000,0x00000000b6f592c0,0x00000000b7000000)
 Metaspace       used 88558K, committed 90752K, reserved 1179648K
  class space    used 11166K, committed 12096K, reserved 1048576K
}
Event: 2118.190 GC heap after
{Heap after GC invocations=459 (full 4):
 PSYoungGen      total 10240K, used 416K [0x00000000d5580000, 0x00000000d6180000, 0x0000000100000000)
  eden space 9728K, 0% used [0x00000000d5580000,0x00000000d5580000,0x00000000d5f00000)
  from space 512K, 81% used [0x00000000d6100000,0x00000000d6168000,0x00000000d6180000)
  to   space 512K, 0% used [0x00000000d5f00000,0x00000000d5f00000,0x00000000d5f80000)
 ParOldGen       total 901120K, used 900508K [0x0000000080000000, 0x00000000b7000000, 0x00000000d5580000)
  object space 901120K, 99% used [0x0000000080000000,0x00000000b6f672c0,0x00000000b7000000)
 Metaspace       used 88558K, committed 90752K, reserved 1179648K
  class space    used 11166K, committed 12096K, reserved 1048576K
}
Event: 2118.232 GC heap before
{Heap before GC invocations=460 (full 4):
 PSYoungGen      total 10240K, used 10103K [0x00000000d5580000, 0x00000000d6180000, 0x0000000100000000)
  eden space 9728K, 99% used [0x00000000d5580000,0x00000000d5ef5f60,0x00000000d5f00000)
  from space 512K, 81% used [0x00000000d6100000,0x00000000d6168000,0x00000000d6180000)
  to   space 512K, 0% used [0x00000000d5f00000,0x00000000d5f00000,0x00000000d5f80000)
 ParOldGen       total 925696K, used 924727K [0x0000000080000000, 0x00000000b8800000, 0x00000000d5580000)
  object space 925696K, 99% used [0x0000000080000000,0x00000000b870dd80,0x00000000b8800000)
 Metaspace       used 88558K, committed 90752K, reserved 1179648K
  class space    used 11166K, committed 12096K, reserved 1048576K
}
Event: 2118.234 GC heap after
{Heap after GC invocations=460 (full 4):
 PSYoungGen      total 10240K, used 352K [0x00000000d5580000, 0x00000000d6180000, 0x0000000100000000)
  eden space 9728K, 0% used [0x00000000d5580000,0x00000000d5580000,0x00000000d5f00000)
  from space 512K, 68% used [0x00000000d5f00000,0x00000000d5f58000,0x00000000d5f80000)
  to   space 512K, 0% used [0x00000000d6100000,0x00000000d6100000,0x00000000d6180000)
 ParOldGen       total 925696K, used 924783K [0x0000000080000000, 0x00000000b8800000, 0x00000000d5580000)
  object space 925696K, 99% used [0x0000000080000000,0x00000000b871bd80,0x00000000b8800000)
 Metaspace       used 88558K, committed 90752K, reserved 1179648K
  class space    used 11166K, committed 12096K, reserved 1048576K
}
Event: 2118.267 GC heap before
{Heap before GC invocations=461 (full 4):
 PSYoungGen      total 10240K, used 10023K [0x00000000d5580000, 0x00000000d6180000, 0x0000000100000000)
  eden space 9728K, 99% used [0x00000000d5580000,0x00000000d5ef1fe0,0x00000000d5f00000)
  from space 512K, 68% used [0x00000000d5f00000,0x00000000d5f58000,0x00000000d5f80000)
  to   space 512K, 0% used [0x00000000d6100000,0x00000000d6100000,0x00000000d6180000)
 ParOldGen       total 950272K, used 949002K [0x0000000080000000, 0x00000000ba000000, 0x00000000d5580000)
  object space 950272K, 99% used [0x0000000080000000,0x00000000b9ec2840,0x00000000ba000000)
 Metaspace       used 88558K, committed 90752K, reserved 1179648K
  class space    used 11166K, committed 12096K, reserved 1048576K
}
Event: 2118.268 GC heap after
{Heap after GC invocations=461 (full 4):
 PSYoungGen      total 10240K, used 416K [0x00000000d5580000, 0x00000000d6180000, 0x0000000100000000)
  eden space 9728K, 0% used [0x00000000d5580000,0x00000000d5580000,0x00000000d5f00000)
  from space 512K, 81% used [0x00000000d6100000,0x00000000d6168000,0x00000000d6180000)
  to   space 512K, 0% used [0x00000000d5f00000,0x00000000d5f00000,0x00000000d5f80000)
 ParOldGen       total 950272K, used 949058K [0x0000000080000000, 0x00000000ba000000, 0x00000000d5580000)
  object space 950272K, 99% used [0x0000000080000000,0x00000000b9ed0840,0x00000000ba000000)
 Metaspace       used 88558K, committed 90752K, reserved 1179648K
  class space    used 11166K, committed 12096K, reserved 1048576K
}
Event: 2118.304 GC heap before
{Heap before GC invocations=462 (full 4):
 PSYoungGen      total 10240K, used 10087K [0x00000000d5580000, 0x00000000d6180000, 0x0000000100000000)
  eden space 9728K, 99% used [0x00000000d5580000,0x00000000d5ef1f10,0x00000000d5f00000)
  from space 512K, 81% used [0x00000000d6100000,0x00000000d6168000,0x00000000d6180000)
  to   space 512K, 0% used [0x00000000d5f00000,0x00000000d5f00000,0x00000000d5f80000)
 ParOldGen       total 974848K, used 973276K [0x0000000080000000, 0x00000000bb800000, 0x00000000d5580000)
  object space 974848K, 99% used [0x0000000080000000,0x00000000bb677300,0x00000000bb800000)
 Metaspace       used 88558K, committed 90752K, reserved 1179648K
  class space    used 11166K, committed 12096K, reserved 1048576K
}
Event: 2118.305 GC heap after
{Heap after GC invocations=462 (full 4):
 PSYoungGen      total 10240K, used 384K [0x00000000d5580000, 0x00000000d6180000, 0x0000000100000000)
  eden space 9728K, 0% used [0x00000000d5580000,0x00000000d5580000,0x00000000d5f00000)
  from space 512K, 75% used [0x00000000d5f00000,0x00000000d5f60000,0x00000000d5f80000)
  to   space 512K, 0% used [0x00000000d6100000,0x00000000d6100000,0x00000000d6180000)
 ParOldGen       total 974848K, used 973340K [0x0000000080000000, 0x00000000bb800000, 0x00000000d5580000)
  object space 974848K, 99% used [0x0000000080000000,0x00000000bb687300,0x00000000bb800000)
 Metaspace       used 88558K, committed 90752K, reserved 1179648K
  class space    used 11166K, committed 12096K, reserved 1048576K
}
Event: 2118.336 GC heap before
{Heap before GC invocations=463 (full 4):
 PSYoungGen      total 10240K, used 10056K [0x00000000d5580000, 0x00000000d6180000, 0x0000000100000000)
  eden space 9728K, 99% used [0x00000000d5580000,0x00000000d5ef2170,0x00000000d5f00000)
  from space 512K, 75% used [0x00000000d5f00000,0x00000000d5f60000,0x00000000d5f80000)
  to   space 512K, 0% used [0x00000000d6100000,0x00000000d6100000,0x00000000d6180000)
 ParOldGen       total 999424K, used 997559K [0x0000000080000000, 0x00000000bd000000, 0x00000000d5580000)
  object space 999424K, 99% used [0x0000000080000000,0x00000000bce2ddc0,0x00000000bd000000)
 Metaspace       used 88558K, committed 90752K, reserved 1179648K
  class space    used 11166K, committed 12096K, reserved 1048576K
}
Event: 2118.337 GC heap after
{Heap after GC invocations=463 (full 4):
 PSYoungGen      total 10240K, used 416K [0x00000000d5580000, 0x00000000d6180000, 0x0000000100000000)
  eden space 9728K, 0% used [0x00000000d5580000,0x00000000d5580000,0x00000000d5f00000)
  from space 512K, 81% used [0x00000000d6100000,0x00000000d6168000,0x00000000d6180000)
  to   space 512K, 0% used [0x00000000d5f00000,0x00000000d5f00000,0x00000000d5f80000)
 ParOldGen       total 999424K, used 997599K [0x0000000080000000, 0x00000000bd000000, 0x00000000d5580000)
  object space 999424K, 99% used [0x0000000080000000,0x00000000bce37dc0,0x00000000bd000000)
 Metaspace       used 88558K, committed 90752K, reserved 1179648K
  class space    used 11166K, committed 12096K, reserved 1048576K
}
Event: 2118.375 GC heap before
{Heap before GC invocations=464 (full 4):
 PSYoungGen      total 10240K, used 10104K [0x00000000d5580000, 0x00000000d6180000, 0x0000000100000000)
  eden space 9728K, 99% used [0x00000000d5580000,0x00000000d5ef6038,0x00000000d5f00000)
  from space 512K, 81% used [0x00000000d6100000,0x00000000d6168000,0x00000000d6180000)
  to   space 512K, 0% used [0x00000000d5f00000,0x00000000d5f00000,0x00000000d5f80000)
 ParOldGen       total 1024000K, used 1021818K [0x0000000080000000, 0x00000000be800000, 0x00000000d5580000)
  object space 1024000K, 99% used [0x0000000080000000,0x00000000be5de880,0x00000000be800000)
 Metaspace       used 88558K, committed 90752K, reserved 1179648K
  class space    used 11166K, committed 12096K, reserved 1048576K
}
Event: 2118.377 GC heap after
{Heap after GC invocations=464 (full 4):
 PSYoungGen      total 10240K, used 288K [0x00000000d5580000, 0x00000000d6180000, 0x0000000100000000)
  eden space 9728K, 0% used [0x00000000d5580000,0x00000000d5580000,0x00000000d5f00000)
  from space 512K, 56% used [0x00000000d5f00000,0x00000000d5f48000,0x00000000d5f80000)
  to   space 512K, 0% used [0x00000000d6100000,0x00000000d6100000,0x00000000d6180000)
 ParOldGen       total 1024000K, used 1021842K [0x0000000080000000, 0x00000000be800000, 0x00000000d5580000)
  object space 1024000K, 99% used [0x0000000080000000,0x00000000be5e4880,0x00000000be800000)
 Metaspace       used 88558K, committed 90752K, reserved 1179648K
  class space    used 11166K, committed 12096K, reserved 1048576K
}
Event: 2118.410 GC heap before
{Heap before GC invocations=465 (full 4):
 PSYoungGen      total 10240K, used 9959K [0x00000000d5580000, 0x00000000d6180000, 0x0000000100000000)
  eden space 9728K, 99% used [0x00000000d5580000,0x00000000d5ef1fe8,0x00000000d5f00000)
  from space 512K, 56% used [0x00000000d5f00000,0x00000000d5f48000,0x00000000d5f80000)
  to   space 512K, 0% used [0x00000000d6100000,0x00000000d6100000,0x00000000d6180000)
 ParOldGen       total 1048576K, used 1046060K [0x0000000080000000, 0x00000000c0000000, 0x00000000d5580000)
  object space 1048576K, 99% used [0x0000000080000000,0x00000000bfd8b340,0x00000000c0000000)
 Metaspace       used 88558K, committed 90752K, reserved 1179648K
  class space    used 11166K, committed 12096K, reserved 1048576K
}
Event: 2118.413 GC heap after
{Heap after GC invocations=465 (full 4):
 PSYoungGen      total 10240K, used 320K [0x00000000d5580000, 0x00000000d6180000, 0x0000000100000000)
  eden space 9728K, 0% used [0x00000000d5580000,0x00000000d5580000,0x00000000d5f00000)
  from space 512K, 62% used [0x00000000d6100000,0x00000000d6150000,0x00000000d6180000)
  to   space 512K, 0% used [0x00000000d5f00000,0x00000000d5f00000,0x00000000d5f80000)
 ParOldGen       total 1048576K, used 1046100K [0x0000000080000000, 0x00000000c0000000, 0x00000000d5580000)
  object space 1048576K, 99% used [0x0000000080000000,0x00000000bfd95340,0x00000000c0000000)
 Metaspace       used 88558K, committed 90752K, reserved 1179648K
  class space    used 11166K, committed 12096K, reserved 1048576K
}
Event: 2118.449 GC heap before
{Heap before GC invocations=466 (full 4):
 PSYoungGen      total 10240K, used 9991K [0x00000000d5580000, 0x00000000d6180000, 0x0000000100000000)
  eden space 9728K, 99% used [0x00000000d5580000,0x00000000d5ef1ef8,0x00000000d5f00000)
  from space 512K, 62% used [0x00000000d6100000,0x00000000d6150000,0x00000000d6180000)
  to   space 512K, 0% used [0x00000000d5f00000,0x00000000d5f00000,0x00000000d5f80000)
 ParOldGen       total 1073152K, used 1070319K [0x0000000080000000, 0x00000000c1800000, 0x00000000d5580000)
  object space 1073152K, 99% used [0x0000000080000000,0x00000000c153be00,0x00000000c1800000)
 Metaspace       used 88558K, committed 90752K, reserved 1179648K
  class space    used 11166K, committed 12096K, reserved 1048576K
}
Event: 2118.452 GC heap after
{Heap after GC invocations=466 (full 4):
 PSYoungGen      total 10240K, used 352K [0x00000000d5580000, 0x00000000d6180000, 0x0000000100000000)
  eden space 9728K, 0% used [0x00000000d5580000,0x00000000d5580000,0x00000000d5f00000)
  from space 512K, 68% used [0x00000000d5f00000,0x00000000d5f58000,0x00000000d5f80000)
  to   space 512K, 0% used [0x00000000d6100000,0x00000000d6100000,0x00000000d6180000)
 ParOldGen       total 1073152K, used 1070391K [0x0000000080000000, 0x00000000c1800000, 0x00000000d5580000)
  object space 1073152K, 99% used [0x0000000080000000,0x00000000c154de00,0x00000000c1800000)
 Metaspace       used 88558K, committed 90752K, reserved 1179648K
  class space    used 11166K, committed 12096K, reserved 1048576K
}
Event: 2118.486 GC heap before
{Heap before GC invocations=467 (full 4):
 PSYoungGen      total 10240K, used 10023K [0x00000000d5580000, 0x00000000d6180000, 0x0000000100000000)
  eden space 9728K, 99% used [0x00000000d5580000,0x00000000d5ef1f50,0x00000000d5f00000)
  from space 512K, 68% used [0x00000000d5f00000,0x00000000d5f58000,0x00000000d5f80000)
  to   space 512K, 0% used [0x00000000d6100000,0x00000000d6100000,0x00000000d6180000)
 ParOldGen       total 1097728K, used 1094610K [0x0000000080000000, 0x00000000c3000000, 0x00000000d5580000)
  object space 1097728K, 99% used [0x0000000080000000,0x00000000c2cf48c0,0x00000000c3000000)
 Metaspace       used 88558K, committed 90752K, reserved 1179648K
  class space    used 11166K, committed 12096K, reserved 1048576K
}
Event: 2118.488 GC heap after
{Heap after GC invocations=467 (full 4):
 PSYoungGen      total 10240K, used 384K [0x00000000d5580000, 0x00000000d6180000, 0x0000000100000000)
  eden space 9728K, 0% used [0x00000000d5580000,0x00000000d5580000,0x00000000d5f00000)
  from space 512K, 75% used [0x00000000d6100000,0x00000000d6160000,0x00000000d6180000)
  to   space 512K, 0% used [0x00000000d5f00000,0x00000000d5f00000,0x00000000d5f80000)
 ParOldGen       total 1097728K, used 1094658K [0x0000000080000000, 0x00000000c3000000, 0x00000000d5580000)
  object space 1097728K, 99% used [0x0000000080000000,0x00000000c2d008c0,0x00000000c3000000)
 Metaspace       used 88558K, committed 90752K, reserved 1179648K
  class space    used 11166K, committed 12096K, reserved 1048576K
}

Dll operation events (18 events):
Event: 0.011 Loaded shared library c:\Users\jibri\.antigravity\extensions\redhat.java-1.54.0-win32-x64\jre\21.0.10-win32-x86_64\bin\java.dll
Event: 0.087 Loaded shared library c:\Users\jibri\.antigravity\extensions\redhat.java-1.54.0-win32-x64\jre\21.0.10-win32-x86_64\bin\zip.dll
Event: 0.122 Loaded shared library C:\Users\jibri\.antigravity\extensions\redhat.java-1.54.0-win32-x64\jre\21.0.10-win32-x86_64\bin\instrument.dll
Event: 0.127 Loaded shared library C:\Users\jibri\.antigravity\extensions\redhat.java-1.54.0-win32-x64\jre\21.0.10-win32-x86_64\bin\net.dll
Event: 0.129 Loaded shared library C:\Users\jibri\.antigravity\extensions\redhat.java-1.54.0-win32-x64\jre\21.0.10-win32-x86_64\bin\nio.dll
Event: 0.133 Loaded shared library C:\Users\jibri\.antigravity\extensions\redhat.java-1.54.0-win32-x64\jre\21.0.10-win32-x86_64\bin\zip.dll
Event: 0.152 Loaded shared library C:\Users\jibri\.antigravity\extensions\redhat.java-1.54.0-win32-x64\jre\21.0.10-win32-x86_64\bin\jimage.dll
Event: 0.255 Loaded shared library c:\Users\jibri\.antigravity\extensions\redhat.java-1.54.0-win32-x64\jre\21.0.10-win32-x86_64\bin\verify.dll
Event: 8.055 Loaded shared library C:\Users\jibri\AppData\Roaming\Antigravity\User\globalStorage\redhat.java\1.54.0\config_win\org.eclipse.equinox.launcher\org.eclipse.equinox.launcher.win32.win32.x86_64_1.3.0.v20260203-2149\eclipse_11919.dll
Event: 17.100 Loaded shared library C:\Users\jibri\AppData\Local\Temp\jna-101119098\jna3736210747843788147.dll
Event: 18.508 Loaded shared library C:\Users\jibri\.antigravity\extensions\redhat.java-1.54.0-win32-x64\jre\21.0.10-win32-x86_64\bin\management.dll
Event: 18.535 Loaded shared library C:\Users\jibri\.antigravity\extensions\redhat.java-1.54.0-win32-x64\jre\21.0.10-win32-x86_64\bin\management_ext.dll
Event: 18.893 Loaded shared library C:\Users\jibri\.antigravity\extensions\redhat.java-1.54.0-win32-x64\jre\21.0.10-win32-x86_64\bin\sunmscapi.dll
Event: 19.093 Loaded shared library C:\Users\jibri\.antigravity\extensions\redhat.java-1.54.0-win32-x64\jre\21.0.10-win32-x86_64\bin\extnet.dll
Event: 34.242 Loaded shared library C:\Users\jibri\.gradle\native\1def1411415f61bf3af743bc5b6707747c0891f09f0c88961ee8f79bc544acac\windows-amd64\native-platform.dll
Event: 145.285 Loaded shared library C:\Users\jibri\.gradle\native\c067742578af261105cb4f569cf0c3c89f3d7b1fecec35dd04571415982c5e48\windows-amd64\native-platform.dll
Event: 212.629 Loaded shared library C:\Users\jibri\.gradle\native\29\windows-amd64\native-platform.dll
Event: 248.344 Loaded shared library C:\Users\jibri\.gradle\native\e1d6ef7f7dcc3fd88c89a11ec53ec762bb8ba0a96d01ffa2cd45eb1d1d8dd5c5\windows-amd64\native-platform.dll

Deoptimization events (20 events):
Event: 2115.944 Thread 0x0000020868273910 DEOPT PACKING pc=0x000002080a543a8a sp=0x00000011970feca0
Event: 2115.944 Thread 0x0000020868273910 DEOPT UNPACKING pc=0x000002080ff34242 sp=0x00000011970fe178 mode 0
Event: 2117.139 Thread 0x0000020868273910 Uncommon trap: trap_request=0xffffffd6 fr.pc=0x0000020810f60e24 relative=0x0000000000000204
Event: 2117.139 Thread 0x0000020868273910 Uncommon trap: reason=array_check action=maybe_recompile pc=0x0000020810f60e24 method=java.util.LinkedHashMap.keysToArray([Ljava/lang/Object;Z)[Ljava/lang/Object; @ 67 c2
Event: 2117.139 Thread 0x0000020868273910 DEOPT PACKING pc=0x0000020810f60e24 sp=0x00000011970fe520
Event: 2117.139 Thread 0x0000020868273910 DEOPT UNPACKING pc=0x000002080ff33aa2 sp=0x00000011970fe490 mode 2
Event: 2117.139 Thread 0x0000020868273910 Uncommon trap: trap_request=0xffffffbe fr.pc=0x0000020810d11074 relative=0x00000000000001d4
Event: 2117.139 Thread 0x0000020868273910 Uncommon trap: reason=profile_predicate action=maybe_recompile pc=0x0000020810d11074 method=java.util.LinkedHashMap.keysToArray([Ljava/lang/Object;Z)[Ljava/lang/Object; @ 51 c2
Event: 2117.139 Thread 0x0000020868273910 DEOPT PACKING pc=0x0000020810d11074 sp=0x00000011970fe500
Event: 2117.139 Thread 0x0000020868273910 DEOPT UNPACKING pc=0x000002080ff33aa2 sp=0x00000011970fe4a8 mode 2
Event: 2117.214 Thread 0x0000020866bad740 Uncommon trap: trap_request=0xffffff45 fr.pc=0x0000020810f825a4 relative=0x0000000000000504
Event: 2117.214 Thread 0x0000020866bad740 Uncommon trap: reason=unstable_if action=reinterpret pc=0x0000020810f825a4 method=org.eclipse.jdt.core.search.SearchPattern.matchesName([C[C)Z @ 68 c2
Event: 2117.214 Thread 0x0000020866bad740 DEOPT PACKING pc=0x0000020810f825a4 sp=0x000000119bffeb00
Event: 2117.214 Thread 0x0000020866bad740 DEOPT UNPACKING pc=0x000002080ff33aa2 sp=0x000000119bffeab0 mode 2
Event: 2117.215 Thread 0x0000020868273280 Uncommon trap: trap_request=0xffffff45 fr.pc=0x0000020810f84028 relative=0x00000000000000e8
Event: 2117.215 Thread 0x0000020868273280 Uncommon trap: reason=unstable_if action=reinterpret pc=0x0000020810f84028 method=org.eclipse.jdt.internal.core.search.PatternSearchJob$ParallelSearchMonitor.isCanceled()Z @ 16 c2
Event: 2117.215 Thread 0x0000020868273280 DEOPT PACKING pc=0x0000020810f84028 sp=0x0000001199cfeea0
Event: 2117.215 Thread 0x0000020868273280 DEOPT UNPACKING pc=0x000002080ff33aa2 sp=0x0000001199cfee28 mode 2
Event: 2118.205 Thread 0x0000020868276700 DEOPT PACKING pc=0x000002080a44afe3 sp=0x000000119a1fe180
Event: 2118.205 Thread 0x0000020868276700 DEOPT UNPACKING pc=0x000002080ff34242 sp=0x000000119a1fd690 mode 0

Classes loaded (20 events):
Event: 321.018 Loading class java/util/stream/Nodes$CollectorTask done
Event: 321.018 Loading class java/util/stream/Nodes$CollectorTask$OfRef done
Event: 321.121 Loading class java/util/function/LongFunction
Event: 321.122 Loading class java/util/function/LongFunction done
Event: 321.125 Loading class java/util/stream/Nodes$ConcNode
Event: 321.128 Loading class java/util/stream/Nodes$AbstractConcNode
Event: 321.130 Loading class java/util/stream/Nodes$AbstractConcNode done
Event: 321.130 Loading class java/util/stream/Nodes$ConcNode done
Event: 321.265 Loading class java/util/stream/Nodes$ToArrayTask$OfRef
Event: 321.267 Loading class java/util/stream/Nodes$ToArrayTask
Event: 321.268 Loading class java/util/stream/Nodes$ToArrayTask done
Event: 321.268 Loading class java/util/stream/Nodes$ToArrayTask$OfRef done
Event: 321.292 Loading class java/io/ObjectOutputStream$BlockDataOutputStream
Event: 321.294 Loading class java/io/ObjectOutputStream$BlockDataOutputStream done
Event: 321.294 Loading class java/io/ObjectOutputStream$HandleTable
Event: 321.297 Loading class java/io/ObjectOutputStream$HandleTable done
Event: 321.297 Loading class java/io/ObjectOutputStream$ReplaceTable
Event: 321.298 Loading class java/io/ObjectOutputStream$ReplaceTable done
Event: 382.897 Loading class java/io/SequenceInputStream
Event: 382.908 Loading class java/io/SequenceInputStream done

Classes unloaded (20 events):
Event: 2116.159 Thread 0x0000020805824930 Unloading class 0x000002081e016400 'java/lang/invoke/LambdaForm$MH+0x000002081e016400'
Event: 2116.159 Thread 0x0000020805824930 Unloading class 0x000002081e00d800 'java/lang/invoke/LambdaForm$MH+0x000002081e00d800'
Event: 2116.159 Thread 0x0000020805824930 Unloading class 0x000002081e00d400 'java/lang/invoke/LambdaForm$MH+0x000002081e00d400'
Event: 2116.159 Thread 0x0000020805824930 Unloading class 0x000002081e00d000 'java/lang/invoke/LambdaForm$MH+0x000002081e00d000'
Event: 2116.159 Thread 0x0000020805824930 Unloading class 0x000002081e00cc00 'java/lang/invoke/LambdaForm$MH+0x000002081e00cc00'
Event: 2116.159 Thread 0x0000020805824930 Unloading class 0x000002081e00c800 'java/lang/invoke/LambdaForm$BMH+0x000002081e00c800'
Event: 2116.159 Thread 0x0000020805824930 Unloading class 0x000002081e00c000 'java/lang/invoke/LambdaForm$DMH+0x000002081e00c000'
Event: 2116.159 Thread 0x0000020805824930 Unloading class 0x000002081e008c00 'java/lang/invoke/LambdaForm$MH+0x000002081e008c00'
Event: 2116.159 Thread 0x0000020805824930 Unloading class 0x000002081e008800 'java/lang/invoke/LambdaForm$MH+0x000002081e008800'
Event: 2116.159 Thread 0x0000020805824930 Unloading class 0x000002081e008400 'java/lang/invoke/LambdaForm$MH+0x000002081e008400'
Event: 2116.159 Thread 0x0000020805824930 Unloading class 0x000002081e007000 'java/lang/invoke/LambdaForm$MH+0x000002081e007000'
Event: 2116.159 Thread 0x0000020805824930 Unloading class 0x000002081e006800 'java/lang/invoke/LambdaForm$MH+0x000002081e006800'
Event: 2116.159 Thread 0x0000020805824930 Unloading class 0x000002081e006400 'java/lang/invoke/LambdaForm$MH+0x000002081e006400'
Event: 2116.159 Thread 0x0000020805824930 Unloading class 0x000002081e006000 'java/lang/invoke/LambdaForm$MH+0x000002081e006000'
Event: 2116.159 Thread 0x0000020805824930 Unloading class 0x000002081e005c00 'java/lang/invoke/LambdaForm$BMH+0x000002081e005c00'
Event: 2116.159 Thread 0x0000020805824930 Unloading class 0x000002081e004800 'java/lang/invoke/LambdaForm$DMH+0x000002081e004800'
Event: 2116.159 Thread 0x0000020805824930 Unloading class 0x000002081e002800 'java/lang/invoke/LambdaForm$MH+0x000002081e002800'
Event: 2116.160 Thread 0x0000020805824930 Unloading class 0x000002081e002400 'java/lang/invoke/LambdaForm$MH+0x000002081e002400'
Event: 2116.160 Thread 0x0000020805824930 Unloading class 0x000002081e002000 'java/lang/invoke/LambdaForm$MH+0x000002081e002000'
Event: 2116.160 Thread 0x0000020805824930 Unloading class 0x000002081e001800 'java/lang/invoke/LambdaForm$MH+0x000002081e001800'

Classes redefined (0 events):
No events

Internal exceptions (20 events):
Event: 683.525 Thread 0x00000208662116f0 Exception <a 'sun/nio/fs/WindowsException'{0x00000000d583f0d0}> (0x00000000d583f0d0) 
thrown [s\src\hotspot\share\prims\jni.cpp, line 520]
Event: 683.526 Thread 0x00000208662116f0 Exception <a 'sun/nio/fs/WindowsException'{0x00000000d5840860}> (0x00000000d5840860) 
thrown [s\src\hotspot\share\prims\jni.cpp, line 520]
Event: 683.526 Thread 0x00000208662116f0 Exception <a 'sun/nio/fs/WindowsException'{0x00000000d5841370}> (0x00000000d5841370) 
thrown [s\src\hotspot\share\prims\jni.cpp, line 520]
Event: 683.527 Thread 0x00000208662116f0 Exception <a 'sun/nio/fs/WindowsException'{0x00000000d5842ac8}> (0x00000000d5842ac8) 
thrown [s\src\hotspot\share\prims\jni.cpp, line 520]
Event: 683.527 Thread 0x00000208662116f0 Exception <a 'sun/nio/fs/WindowsException'{0x00000000d5843390}> (0x00000000d5843390) 
thrown [s\src\hotspot\share\prims\jni.cpp, line 520]
Event: 683.528 Thread 0x00000208662116f0 Exception <a 'sun/nio/fs/WindowsException'{0x00000000d5844b20}> (0x00000000d5844b20) 
thrown [s\src\hotspot\share\prims\jni.cpp, line 520]
Event: 683.528 Thread 0x00000208662116f0 Exception <a 'sun/nio/fs/WindowsException'{0x00000000d58453e8}> (0x00000000d58453e8) 
thrown [s\src\hotspot\share\prims\jni.cpp, line 520]
Event: 683.528 Thread 0x00000208662116f0 Exception <a 'sun/nio/fs/WindowsException'{0x00000000d5846a80}> (0x00000000d5846a80) 
thrown [s\src\hotspot\share\prims\jni.cpp, line 520]
Event: 683.528 Thread 0x00000208662116f0 Exception <a 'sun/nio/fs/WindowsException'{0x00000000d5847348}> (0x00000000d5847348) 
thrown [s\src\hotspot\share\prims\jni.cpp, line 520]
Event: 683.529 Thread 0x00000208662116f0 Exception <a 'sun/nio/fs/WindowsException'{0x00000000d584a5a8}> (0x00000000d584a5a8) 
thrown [s\src\hotspot\share\prims\jni.cpp, line 520]
Event: 683.529 Thread 0x00000208662116f0 Exception <a 'sun/nio/fs/WindowsException'{0x00000000d584ae70}> (0x00000000d584ae70) 
thrown [s\src\hotspot\share\prims\jni.cpp, line 520]
Event: 683.530 Thread 0x00000208662116f0 Exception <a 'sun/nio/fs/WindowsException'{0x00000000d584c858}> (0x00000000d584c858) 
thrown [s\src\hotspot\share\prims\jni.cpp, line 520]
Event: 683.530 Thread 0x00000208662116f0 Exception <a 'sun/nio/fs/WindowsException'{0x00000000d584d398}> (0x00000000d584d398) 
thrown [s\src\hotspot\share\prims\jni.cpp, line 520]
Event: 2111.307 Thread 0x0000020866baa2c0 Exception <a 'java/lang/IncompatibleClassChangeError'{0x00000000d59f6e10}: Found class java.lang.Object, but interface was expected> (0x00000000d59f6e10) 
thrown [s\src\hotspot\share\interpreter\linkResolver.cpp, line 840]
Event: 2111.727 Thread 0x0000020866ba7b60 Implicit null exception at 0x0000020810ee52f7 to 0x0000020810ee594c
Event: 2114.123 Thread 0x0000020868274630 Implicit null exception at 0x0000020810ee62bd to 0x0000020810ee7608
Event: 2114.123 Thread 0x0000020868277420 Implicit null exception at 0x0000020810ee62bd to 0x0000020810ee7608
Event: 2114.123 Thread 0x0000020868273280 Implicit null exception at 0x0000020810ee62bd to 0x0000020810ee7608
Event: 2114.123 Thread 0x0000020868274cc0 Implicit null exception at 0x0000020810ee62bd to 0x0000020810ee7608
Event: 2114.123 Thread 0x0000020868272bf0 Implicit null exception at 0x0000020810ee62bd to 0x0000020810ee7608

ZGC Phase Switch (0 events):
No events

VM Operations (20 events):
Event: 2118.232 Executing safepoint VM operation: ParallelGCFailedAllocation (Allocation Failure)
Event: 2118.234 Executing safepoint VM operation: ParallelGCFailedAllocation (Allocation Failure) done
Event: 2118.267 Executing safepoint VM operation: ParallelGCFailedAllocation (Allocation Failure)
Event: 2118.268 Executing safepoint VM operation: ParallelGCFailedAllocation (Allocation Failure) done
Event: 2118.304 Executing safepoint VM operation: ParallelGCFailedAllocation (Allocation Failure)
Event: 2118.305 Executing safepoint VM operation: ParallelGCFailedAllocation (Allocation Failure) done
Event: 2118.336 Executing safepoint VM operation: ParallelGCFailedAllocation (Allocation Failure)
Event: 2118.337 Executing safepoint VM operation: ParallelGCFailedAllocation (Allocation Failure) done
Event: 2118.375 Executing safepoint VM operation: ParallelGCFailedAllocation (Allocation Failure)
Event: 2118.377 Executing safepoint VM operation: ParallelGCFailedAllocation (Allocation Failure) done
Event: 2118.410 Executing safepoint VM operation: ParallelGCFailedAllocation (Allocation Failure)
Event: 2118.413 Executing safepoint VM operation: ParallelGCFailedAllocation (Allocation Failure) done
Event: 2118.449 Executing safepoint VM operation: ParallelGCFailedAllocation (Allocation Failure)
Event: 2118.452 Executing safepoint VM operation: ParallelGCFailedAllocation (Allocation Failure) done
Event: 2118.486 Executing safepoint VM operation: ParallelGCFailedAllocation (Allocation Failure)
Event: 2118.488 Executing safepoint VM operation: ParallelGCFailedAllocation (Allocation Failure) done
Event: 2164.904 Executing non-safepoint VM operation: HandshakeAllThreads (HandshakeForDeflation)
Event: 2164.907 Executing non-safepoint VM operation: HandshakeAllThreads (HandshakeForDeflation) done
Event: 2164.908 Executing non-safepoint VM operation: RendezvousGCThreads
Event: 2164.908 Executing non-safepoint VM operation: RendezvousGCThreads done

Memory protections (0 events):
No events

Nmethod flushes (20 events):
Event: 2116.721 Thread 0x0000020805824930 flushing  nmethod 0x0000020809bcef90
Event: 2116.721 Thread 0x0000020805824930 flushing  nmethod 0x0000020809bdf490
Event: 2116.721 Thread 0x0000020805824930 flushing  nmethod 0x0000020809c05390
Event: 2116.721 Thread 0x0000020805824930 flushing osr nmethod 0x0000020809c06010
Event: 2116.722 Thread 0x0000020805824930 flushing  nmethod 0x0000020809c07110
Event: 2116.722 Thread 0x0000020805824930 flushing  nmethod 0x0000020809c37410
Event: 2116.722 Thread 0x0000020805824930 flushing  nmethod 0x0000020809c48510
Event: 2116.722 Thread 0x0000020805824930 flushing  nmethod 0x0000020809c49010
Event: 2116.722 Thread 0x0000020805824930 flushing  nmethod 0x0000020809c4c490
Event: 2116.722 Thread 0x0000020805824930 flushing  nmethod 0x0000020809c4d390
Event: 2116.722 Thread 0x0000020805824930 flushing  nmethod 0x0000020809c4d810
Event: 2116.722 Thread 0x0000020805824930 flushing  nmethod 0x0000020809c4dc90
Event: 2116.722 Thread 0x0000020805824930 flushing  nmethod 0x0000020809c4e910
Event: 2116.722 Thread 0x0000020805824930 flushing  nmethod 0x0000020809c4fa10
Event: 2116.722 Thread 0x0000020805824930 flushing  nmethod 0x0000020809c55790
Event: 2116.722 Thread 0x0000020805824930 flushing  nmethod 0x0000020809c55d90
Event: 2116.722 Thread 0x0000020805824930 flushing  nmethod 0x0000020809c57410
Event: 2116.722 Thread 0x0000020805824930 flushing  nmethod 0x0000020809c5a290
Event: 2116.722 Thread 0x0000020805824930 flushing  nmethod 0x0000020809c5a710
Event: 2116.722 Thread 0x0000020805824930 flushing  nmethod 0x0000020809c94810

Events (20 events):
Event: 2111.636 Thread 0x0000020868277420 Thread added: 0x0000020866ba6e40
Event: 2111.637 Thread 0x0000020868276d90 Thread added: 0x0000020866bad740
Event: 2111.638 Thread 0x0000020866ba6e40 Thread added: 0x0000020866bac390
Event: 2111.638 Thread 0x0000020866ba7b60 Thread added: 0x0000020866baafe0
Event: 2111.640 Thread 0x0000020868277ab0 Thread added: 0x0000020865af0fa0
Event: 2111.678 Thread 0x000002080594b730 Thread added: 0x000002086a00fa70
Event: 2111.679 Thread 0x000002080594b730 Thread added: 0x000002086a00ecd0
Event: 2111.679 Thread 0x000002080594b730 Thread added: 0x000002086a010ee0
Event: 2111.679 Thread 0x000002080594b730 Thread added: 0x000002086a010140
Event: 2112.486 Thread 0x000002080594b730 Thread added: 0x000002087a0112c0
Event: 2112.716 Thread 0x000002087a0112c0 Thread exited: 0x000002087a0112c0
Event: 2112.755 Thread 0x000002086a00fa70 Thread exited: 0x000002086a00fa70
Event: 2113.561 Thread 0x000002086a00ecd0 Thread added: 0x000002087a00f780
Event: 2113.730 Thread 0x000002087a00f780 Thread exited: 0x000002087a00f780
Event: 2115.205 Thread 0x000002086a010140 Thread exited: 0x000002086a010140
Event: 2115.375 Thread 0x000002086a00ecd0 Thread added: 0x000002086a010140
Event: 2115.714 Thread 0x000002086a010140 Thread exited: 0x000002086a010140
Event: 2117.122 Thread 0x000002086a010ee0 Thread exited: 0x000002086a010ee0
Event: 2117.122 Thread 0x000002086a00ecd0 Thread exited: 0x000002086a00ecd0
Event: 2178.505 Thread 0x0000020868276700 Thread exited: 0x0000020868276700


Dynamic libraries:
0x00007ff6377e0000 - 0x00007ff6377ee000 	c:\Users\jibri\.antigravity\extensions\redhat.java-1.54.0-win32-x64\jre\21.0.10-win32-x86_64\bin\java.exe
0x00007ffd075a0000 - 0x00007ffd07807000 	C:\WINDOWS\SYSTEM32\ntdll.dll
0x00007ffd05620000 - 0x00007ffd056e9000 	C:\WINDOWS\System32\KERNEL32.DLL
0x00007ffd04ae0000 - 0x00007ffd04ed4000 	C:\WINDOWS\System32\KERNELBASE.dll
0x00007ffd04990000 - 0x00007ffd04adb000 	C:\WINDOWS\System32\ucrtbase.dll
0x00007ffcc37b0000 - 0x00007ffcc37ce000 	c:\Users\jibri\.antigravity\extensions\redhat.java-1.54.0-win32-x64\jre\21.0.10-win32-x86_64\bin\VCRUNTIME140.dll
0x00007ffcd35d0000 - 0x00007ffcd35e8000 	c:\Users\jibri\.antigravity\extensions\redhat.java-1.54.0-win32-x64\jre\21.0.10-win32-x86_64\bin\jli.dll
0x00007ffd05330000 - 0x00007ffd054f5000 	C:\WINDOWS\System32\USER32.dll
0x00007ffd04ee0000 - 0x00007ffd04f07000 	C:\WINDOWS\System32\win32u.dll
0x00007ffd05c90000 - 0x00007ffd05cbb000 	C:\WINDOWS\System32\GDI32.dll
0x00007ffd05200000 - 0x00007ffd0532b000 	C:\WINDOWS\System32\gdi32full.dll
0x00007ffce1470000 - 0x00007ffce1703000 	C:\WINDOWS\WinSxS\amd64_microsoft.windows.common-controls_6595b64144ccf1df_6.0.26100.8115_none_3e075c82e3354f9c\COMCTL32.dll
0x00007ffd03e70000 - 0x00007ffd03f13000 	C:\WINDOWS\System32\msvcp_win.dll
0x00007ffd065a0000 - 0x00007ffd06649000 	C:\WINDOWS\System32\msvcrt.dll
0x00007ffd05a10000 - 0x00007ffd05a42000 	C:\WINDOWS\System32\IMM32.DLL
0x00007ffcde740000 - 0x00007ffcde74c000 	c:\Users\jibri\.antigravity\extensions\redhat.java-1.54.0-win32-x64\jre\21.0.10-win32-x86_64\bin\vcruntime140_1.dll
0x00007ffc6c8f0000 - 0x00007ffc6c97d000 	c:\Users\jibri\.antigravity\extensions\redhat.java-1.54.0-win32-x64\jre\21.0.10-win32-x86_64\bin\msvcp140.dll
0x00007ffc503c0000 - 0x00007ffc51161000 	c:\Users\jibri\.antigravity\extensions\redhat.java-1.54.0-win32-x64\jre\21.0.10-win32-x86_64\bin\server\jvm.dll
0x00007ffd058b0000 - 0x00007ffd05966000 	C:\WINDOWS\System32\ADVAPI32.dll
0x00007ffd05800000 - 0x00007ffd058a7000 	C:\WINDOWS\System32\sechost.dll
0x00007ffd05500000 - 0x00007ffd05618000 	C:\WINDOWS\System32\RPCRT4.dll
0x00007ffd05970000 - 0x00007ffd059f0000 	C:\WINDOWS\System32\WS2_32.dll
0x00007ffd03cd0000 - 0x00007ffd03d2e000 	C:\WINDOWS\SYSTEM32\POWRPROF.dll
0x00007ffcf5540000 - 0x00007ffcf5576000 	C:\WINDOWS\SYSTEM32\WINMM.dll
0x00007ffcfcb80000 - 0x00007ffcfcb8b000 	C:\WINDOWS\SYSTEM32\VERSION.dll
0x00007ffd03cb0000 - 0x00007ffd03cc4000 	C:\WINDOWS\SYSTEM32\UMPDC.dll
0x00007ffd02bd0000 - 0x00007ffd02beb000 	C:\WINDOWS\SYSTEM32\kernel.appcore.dll
0x00007ffcd3510000 - 0x00007ffcd351a000 	c:\Users\jibri\.antigravity\extensions\redhat.java-1.54.0-win32-x64\jre\21.0.10-win32-x86_64\bin\jimage.dll
0x00007ffd01e30000 - 0x00007ffd02072000 	C:\WINDOWS\SYSTEM32\DBGHELP.DLL
0x00007ffd06de0000 - 0x00007ffd07162000 	C:\WINDOWS\System32\combase.dll
0x00007ffd06660000 - 0x00007ffd06738000 	C:\WINDOWS\System32\OLEAUT32.dll
0x00007ffce01a0000 - 0x00007ffce01db000 	C:\WINDOWS\SYSTEM32\dbgcore.DLL
0x00007ffd03fb0000 - 0x00007ffd04055000 	C:\WINDOWS\System32\bcryptPrimitives.dll
0x00007ffcd3450000 - 0x00007ffcd345f000 	c:\Users\jibri\.antigravity\extensions\redhat.java-1.54.0-win32-x64\jre\21.0.10-win32-x86_64\bin\instrument.dll
0x00007ffccaff0000 - 0x00007ffccb010000 	c:\Users\jibri\.antigravity\extensions\redhat.java-1.54.0-win32-x64\jre\21.0.10-win32-x86_64\bin\java.dll
0x00007ffd05e30000 - 0x00007ffd06597000 	C:\WINDOWS\System32\SHELL32.dll
0x00007ffd05090000 - 0x00007ffd051fa000 	C:\WINDOWS\System32\wintypes.dll
0x00007ffd04120000 - 0x00007ffd04988000 	C:\WINDOWS\System32\windows.storage.dll
0x00007ffd05700000 - 0x00007ffd057f8000 	C:\WINDOWS\System32\SHCORE.dll
0x00007ffd05cc0000 - 0x00007ffd05d26000 	C:\WINDOWS\System32\shlwapi.dll
0x00007ffd03d90000 - 0x00007ffd03db9000 	C:\WINDOWS\SYSTEM32\profapi.dll
0x00007ffcc1600000 - 0x00007ffcc1618000 	c:\Users\jibri\.antigravity\extensions\redhat.java-1.54.0-win32-x64\jre\21.0.10-win32-x86_64\bin\zip.dll
0x00007ffccd280000 - 0x00007ffccd290000 	C:\Users\jibri\.antigravity\extensions\redhat.java-1.54.0-win32-x64\jre\21.0.10-win32-x86_64\bin\net.dll
0x00007ffcfcfb0000 - 0x00007ffcfd0dd000 	C:\WINDOWS\SYSTEM32\WINHTTP.dll
0x00007ffd03170000 - 0x00007ffd031dc000 	C:\WINDOWS\system32\mswsock.dll
0x00007ffcbab90000 - 0x00007ffcbaba6000 	C:\Users\jibri\.antigravity\extensions\redhat.java-1.54.0-win32-x64\jre\21.0.10-win32-x86_64\bin\nio.dll
0x00007ffccd0b0000 - 0x00007ffccd0c0000 	c:\Users\jibri\.antigravity\extensions\redhat.java-1.54.0-win32-x64\jre\21.0.10-win32-x86_64\bin\verify.dll
0x00007ffc72060000 - 0x00007ffc720a5000 	C:\Users\jibri\AppData\Roaming\Antigravity\User\globalStorage\redhat.java\1.54.0\config_win\org.eclipse.equinox.launcher\org.eclipse.equinox.launcher.win32.win32.x86_64_1.3.0.v20260203-2149\eclipse_11919.dll
0x00007ffd07260000 - 0x00007ffd073f7000 	C:\WINDOWS\System32\ole32.dll
0x00007ffd03460000 - 0x00007ffd0347b000 	C:\WINDOWS\SYSTEM32\CRYPTSP.dll
0x00007ffd02b30000 - 0x00007ffd02b69000 	C:\WINDOWS\system32\rsaenh.dll
0x00007ffd03220000 - 0x00007ffd03253000 	C:\WINDOWS\SYSTEM32\USERENV.dll
0x00007ffd03d60000 - 0x00007ffd03d8a000 	C:\WINDOWS\SYSTEM32\bcrypt.dll
0x00007ffd03450000 - 0x00007ffd0345c000 	C:\WINDOWS\SYSTEM32\CRYPTBASE.dll
0x00007ffd025f0000 - 0x00007ffd02622000 	C:\WINDOWS\SYSTEM32\IPHLPAPI.DLL
0x00007ffd056f0000 - 0x00007ffd056fa000 	C:\WINDOWS\System32\NSI.dll
0x00007ffca5960000 - 0x00007ffca59a9000 	C:\Users\jibri\AppData\Local\Temp\jna-101119098\jna3736210747843788147.dll
0x00007ffd05d30000 - 0x00007ffd05d38000 	C:\WINDOWS\System32\PSAPI.DLL
0x00007ffd01330000 - 0x00007ffd0133a000 	C:\Users\jibri\.antigravity\extensions\redhat.java-1.54.0-win32-x64\jre\21.0.10-win32-x86_64\bin\management.dll
0x00007ffccc910000 - 0x00007ffccc91c000 	C:\Users\jibri\.antigravity\extensions\redhat.java-1.54.0-win32-x64\jre\21.0.10-win32-x86_64\bin\management_ext.dll
0x00007ffcfcf40000 - 0x00007ffcfcf5d000 	C:\WINDOWS\SYSTEM32\dhcpcsvc6.DLL
0x00007ffcfcf10000 - 0x00007ffcfcf35000 	C:\WINDOWS\SYSTEM32\dhcpcsvc.DLL
0x00007ffcccd80000 - 0x00007ffcccd8e000 	C:\Users\jibri\.antigravity\extensions\redhat.java-1.54.0-win32-x64\jre\21.0.10-win32-x86_64\bin\sunmscapi.dll
0x00007ffd04f10000 - 0x00007ffd05087000 	C:\WINDOWS\System32\CRYPT32.dll
0x00007ffd03670000 - 0x00007ffd036a0000 	C:\WINDOWS\SYSTEM32\ncrypt.dll
0x00007ffd03620000 - 0x00007ffd0365f000 	C:\WINDOWS\SYSTEM32\NTASN1.dll
0x00007ffd02690000 - 0x00007ffd027c2000 	C:\WINDOWS\SYSTEM32\DNSAPI.dll
0x00007ffcee730000 - 0x00007ffcee73b000 	C:\Windows\System32\rasadhlp.dll
0x00007ffcfc830000 - 0x00007ffcfc8b6000 	C:\WINDOWS\System32\fwpuclnt.dll
0x00007ffcccbd0000 - 0x00007ffcccbd9000 	C:\Users\jibri\.antigravity\extensions\redhat.java-1.54.0-win32-x64\jre\21.0.10-win32-x86_64\bin\extnet.dll
0x00007ffcad480000 - 0x00007ffcad4a7000 	C:\Users\jibri\.gradle\native\1def1411415f61bf3af743bc5b6707747c0891f09f0c88961ee8f79bc544acac\windows-amd64\native-platform.dll
0x00007ffcd6810000 - 0x00007ffcd6818000 	C:\WINDOWS\system32\wshunix.dll
0x00007ffcbd930000 - 0x00007ffcbd957000 	C:\Users\jibri\.gradle\native\c067742578af261105cb4f569cf0c3c89f3d7b1fecec35dd04571415982c5e48\windows-amd64\native-platform.dll
0x00007ffcceaf0000 - 0x00007ffcceb16000 	C:\Users\jibri\.gradle\native\29\windows-amd64\native-platform.dll
0x00007ffca3100000 - 0x00007ffca3127000 	C:\Users\jibri\.gradle\native\e1d6ef7f7dcc3fd88c89a11ec53ec762bb8ba0a96d01ffa2cd45eb1d1d8dd5c5\windows-amd64\native-platform.dll

JVMTI agents:
c:\Users\jibri\.antigravity\extensions\redhat.java-1.54.0-win32-x64\lombok\lombok-1.18.39-4050.jar path:c:\Users\jibri\.antigravity\extensions\redhat.java-1.54.0-win32-x64\jre\21.0.10-win32-x86_64\bin\instrument.dll, loaded, initialized, instrumentlib options:none

dbghelp: loaded successfully - version: 4.0.5 - missing functions: none
symbol engine: initialized successfully - sym options: 0x614 - pdb path: .;c:\Users\jibri\.antigravity\extensions\redhat.java-1.54.0-win32-x64\jre\21.0.10-win32-x86_64\bin;C:\WINDOWS\SYSTEM32;C:\WINDOWS\WinSxS\amd64_microsoft.windows.common-controls_6595b64144ccf1df_6.0.26100.8115_none_3e075c82e3354f9c;c:\Users\jibri\.antigravity\extensions\redhat.java-1.54.0-win32-x64\jre\21.0.10-win32-x86_64\bin\server;C:\Users\jibri\AppData\Roaming\Antigravity\User\globalStorage\redhat.java\1.54.0\config_win\org.eclipse.equinox.launcher\org.eclipse.equinox.launcher.win32.win32.x86_64_1.3.0.v20260203-2149;C:\Users\jibri\AppData\Local\Temp\jna-101119098;C:\Users\jibri\.gradle\native\1def1411415f61bf3af743bc5b6707747c0891f09f0c88961ee8f79bc544acac\windows-amd64;C:\Users\jibri\.gradle\native\c067742578af261105cb4f569cf0c3c89f3d7b1fecec35dd04571415982c5e48\windows-amd64;C:\Users\jibri\.gradle\native\29\windows-amd64;C:\Users\jibri\.gradle\native\e1d6ef7f7dcc3fd88c89a11ec53ec762bb8ba0a96d01ffa2cd45eb1d1d8dd5c5\windows-amd64

VM Arguments:
jvm_args: --add-modules=ALL-SYSTEM --add-opens=java.base/java.util=ALL-UNNAMED --add-opens=java.base/java.lang=ALL-UNNAMED --add-opens=java.base/sun.nio.fs=ALL-UNNAMED -Declipse.application=org.eclipse.jdt.ls.core.id1 -Dosgi.bundles.defaultStartLevel=4 -Declipse.product=org.eclipse.jdt.ls.core.product -Djava.import.generatesMetadataFilesAtProjectRoot=false -DDetectVMInstallationsJob.disabled=true -Dfile.encoding=utf8 -XX:+UseParallelGC -XX:GCTimeRatio=4 -XX:AdaptiveSizePolicyWeight=90 -Dsun.zip.disableMemoryMapping=true -Xmx2G -Xms100m -Xlog:disable -javaagent:c:\Users\jibri\.antigravity\extensions\redhat.java-1.54.0-win32-x64\lombok\lombok-1.18.39-4050.jar -XX:+HeapDumpOnOutOfMemoryError -XX:HeapDumpPath=c:\Users\jibri\AppData\Roaming\Antigravity\User\workspaceStorage\8b75b7c593fc459511d45e689933c160\redhat.java -Daether.dependencyCollector.impl=bf 
java_command: c:\Users\jibri\.antigravity\extensions\redhat.java-1.54.0-win32-x64\server\plugins\org.eclipse.equinox.launcher_1.7.100.v20251111-0406.jar -configuration c:\Users\jibri\AppData\Roaming\Antigravity\User\globalStorage\redhat.java\1.54.0\config_win -data c:\Users\jibri\AppData\Roaming\Antigravity\User\workspaceStorage\8b75b7c593fc459511d45e689933c160\redhat.java\jdt_ws --pipe=\\.\pipe\lsp-8012d76b7be96ed897b7d6df2fa579ff-sock
java_class_path (initial): c:\Users\jibri\.antigravity\extensions\redhat.java-1.54.0-win32-x64\server\plugins\org.eclipse.equinox.launcher_1.7.100.v20251111-0406.jar
Launcher Type: SUN_STANDARD

[Global flags]
    uintx AdaptiveSizePolicyWeight                 = 90                                        {product} {command line}
     intx CICompilerCount                          = 12                                        {product} {ergonomic}
    uintx GCTimeRatio                              = 4                                         {product} {command line}
     bool HeapDumpOnOutOfMemoryError               = true                                   {manageable} {command line}
    ccstr HeapDumpPath                             = c:\Users\jibri\AppData\Roaming\Antigravity\User\workspaceStorage\8b75b7c593fc459511d45e689933c160\redhat.java         {manageable} {command line}
   size_t InitialHeapSize                          = 104857600                                 {product} {command line}
   size_t MaxHeapSize                              = 2147483648                                {product} {command line}
   size_t MaxNewSize                               = 715653120                                 {product} {ergonomic}
   size_t MinHeapDeltaBytes                        = 524288                                    {product} {ergonomic}
   size_t MinHeapSize                              = 104857600                                 {product} {command line}
   size_t NewSize                                  = 34603008                                  {product} {ergonomic}
    uintx NonNMethodCodeHeapSize                   = 7602480                                {pd product} {ergonomic}
    uintx NonProfiledCodeHeapSize                  = 122027880                              {pd product} {ergonomic}
   size_t OldSize                                  = 70254592                                  {product} {ergonomic}
    uintx ProfiledCodeHeapSize                     = 122027880                              {pd product} {ergonomic}
    uintx ReservedCodeCacheSize                    = 251658240                              {pd product} {ergonomic}
     bool SegmentedCodeCache                       = true                                      {product} {ergonomic}
   size_t SoftMaxHeapSize                          = 2147483648                             {manageable} {ergonomic}
     bool UseCompressedOops                        = true                           {product lp64_product} {ergonomic}
     bool UseLargePagesIndividualAllocation        = false                                  {pd product} {ergonomic}
     bool UseParallelGC                            = true                                      {product} {command line}

Logging:
Log output configuration:
 #0: stdout all=off uptime,level,tags foldmultilines=false
 #1: stderr all=off uptime,level,tags foldmultilines=false

Release file:
JAVA_VERSION="21.0.10" 
MODULES="java.base java.compiler java.datatransfer java.xml java.prefs java.desktop java.instrument java.logging java.management java.security.sasl java.naming java.rmi java.management.rmi java.net.http java.scripting java.security.jgss java.transaction.xa java.sql java.sql.rowset java.xml.crypto java.se java.smartcardio jdk.accessibility jdk.internal.jvmstat jdk.attach jdk.charsets jdk.internal.opt jdk.zipfs jdk.compiler jdk.crypto.ec jdk.crypto.cryptoki jdk.crypto.mscapi jdk.dynalink jdk.internal.ed jdk.editpad jdk.hotspot.agent jdk.httpserver jdk.internal.le jdk.internal.vm.ci jdk.internal.vm.compiler jdk.internal.vm.compiler.management jdk.jartool jdk.javadoc jdk.jcmd jdk.management jdk.management.agent jdk.jconsole jdk.jdeps jdk.jdwp.agent jdk.jdi jdk.jfr jdk.jshell jdk.jsobject jdk.jstatd jdk.localedata jdk.management.jfr jdk.naming.dns jdk.naming.rmi jdk.net jdk.nio.mapmode jdk.random jdk.sctp jdk.security.auth jdk.security.jgss jdk.unsupported jdk.unsupported.desktop jdk.xml.dom" 

Environment Variables:
JAVA_HOME=C:\Program Files\Java\jdk-17
PATH=C:\Program Files\Microsoft\jdk-17.0.16.8-hotspot\bin;C:\ProgramData\Oracle\Java\javapath;C:\Program Files\NVIDIA GPU Computing Toolkit\CUDA\v12.8\bin;C:\Program Files\NVIDIA GPU Computing Toolkit\CUDA\v12.8\libnvvp;C:\Program Files\Common Files\Oracle\Java\javapath;C:\PHP\phpoldversion\;C:\Windows\system32;C:\Windows;C:\Windows\System32\Wbem;C:\Windows\System32\WindowsPowerShell\v1.0\;C:\Windows\System32\OpenSSH\;C:\Program Files (x86)\NVIDIA Corporation\PhysX\Common;C:\Program Files\Microsoft SQL Server\150\Tools\Binn\;C:\Program Files\Microsoft SQL Server\Client SDK\ODBC\170\Tools\Binn\;C:\ProgramData\ComposerSetup\bin;C:\Users\jibri\.config\herd\bin\nvm;C:\Program Files\nodejs;C:\Program Files\Java\jdk-17\bin;C:\xampp\php;C:\WINDOWS\system32;C:\WINDOWS;C:\WINDOWS\System32\Wbem;C:\WINDOWS\System32\WindowsPowerShell\v1.0\;C:\WINDOWS\System32\OpenSSH\;C:\Program Files\nodejs\;C:\Program Files\Git\cmd;C:\Program Files\Git\bin;C:\Users\jibri\AppData\Local\Pub\Cache\bin;C:\Program Files\NVIDIA Corporation\NVIDIA app\NvDLISR;C:\Program Files\heroku\bin;C:\Program Files\NVIDIA Corporation\Nsight Compute 2025.1.1\;C:\ProgramData\chocolatey\bin;C:\Users\jibri\AppData\Local\Programs\Python\Python310\Scripts;C:\Program Files\dotnet\;C:\Program Files (x86)\Windows Kits\10\Windows Performance Toolkit\;C:\Users\jibri\AppData\Local\Android\Sdk\platform-tools;C:\Program Files\Docker\Docker\resources\bin;C:\Program Files\MySQL\MySQL Shell 8.0\bin\;C:\Users\jibri\AppData\Local\Programs\Python\Python310\Scripts\;C:\Users\jibri\AppData\Local\Programs\Python\Python310\;C:\Users\jibri\.config\herd\bin;C:\Users\jibri\AppData\Local\Microsoft\WindowsApps;C:\Users\jibri\AppData\Local\Programs\Microsoft VS Code\bin;C:\Users\jibri\AppData\Roaming\Composer\vendor\bin;C:\flutter\flutter\bin;C:\Users\jibri\AppData\Roaming\npm;C:\Program Files\Git;C:\Users\jibri\AppData\Local\Pub\Cache\bin;C:\Program Files\heroku\bin;C:\Users\jibri\.dotnet\tools;C:\AppServ\Apache24\bin;C:\AppServ\php7;C:\AppServ\MySQL\bin;C:\Users\jibri\AppData\Local\Android\Sdk\build-tools;C:\ProgramData\chocolatey\bin;C:\Program Files\nodejs\;C:\Users\jibri\AppData\Local\Programs\cursor\resources\app\bin;C:\Users\jibri\AppData\Local\Programs\Antigravity\bin
USERNAME=jibri
OS=Windows_NT
PROCESSOR_IDENTIFIER=Intel64 Family 6 Model 191 Stepping 2, GenuineIntel
TMP=C:\Users\jibri\AppData\Local\Temp
TEMP=C:\Users\jibri\AppData\Local\Temp




Periodic native trim disabled

---------------  S Y S T E M  ---------------

OS:
 Windows 11 , 64 bit Build 26100 (10.0.26100.8246)
OS uptime: 1 days 11:08 hours
Hyper-V role detected

CPU: total 20 (initial active 20) (10 cores per cpu, 2 threads per core) family 6 model 191 stepping 2 microcode 0x2c, cx8, cmov, fxsr, ht, mmx, 3dnowpref, sse, sse2, sse3, ssse3, sse4.1, sse4.2, popcnt, lzcnt, tsc, tscinvbit, avx, avx2, aes, erms, clmul, bmi1, bmi2, adx, sha, fma, vzeroupper, clflush, clflushopt, clwb, hv, serialize, rdtscp, rdpid, fsrm, f16c, cet_ibt, cet_ss
Processor Information for processor 0
  Max Mhz: 2500, Current Mhz: 2500, Mhz Limit: 2500
Processor Information for processor 1
  Max Mhz: 2500, Current Mhz: 2500, Mhz Limit: 2500
Processor Information for processor 2
  Max Mhz: 2500, Current Mhz: 2500, Mhz Limit: 2500
Processor Information for processor 3
  Max Mhz: 2500, Current Mhz: 1532, Mhz Limit: 2500
Processor Information for processor 4
  Max Mhz: 2500, Current Mhz: 2500, Mhz Limit: 2500
Processor Information for processor 5
  Max Mhz: 2500, Current Mhz: 2500, Mhz Limit: 2500
Processor Information for processor 6
  Max Mhz: 2500, Current Mhz: 2500, Mhz Limit: 2500
Processor Information for processor 7
  Max Mhz: 2500, Current Mhz: 1532, Mhz Limit: 2500
Processor Information for processor 8
  Max Mhz: 2500, Current Mhz: 2500, Mhz Limit: 2500
Processor Information for processor 9
  Max Mhz: 2500, Current Mhz: 2500, Mhz Limit: 2500
Processor Information for processor 10
  Max Mhz: 2500, Current Mhz: 2500, Mhz Limit: 2500
Processor Information for processor 11
  Max Mhz: 2500, Current Mhz: 2500, Mhz Limit: 2500
Processor Information for processor 12
  Max Mhz: 2500, Current Mhz: 1800, Mhz Limit: 1800
Processor Information for processor 13
  Max Mhz: 2500, Current Mhz: 1800, Mhz Limit: 1800
Processor Information for processor 14
  Max Mhz: 2500, Current Mhz: 1800, Mhz Limit: 1800
Processor Information for processor 15
  Max Mhz: 2500, Current Mhz: 1800, Mhz Limit: 1800
Processor Information for processor 16
  Max Mhz: 2500, Current Mhz: 1800, Mhz Limit: 1800
Processor Information for processor 17
  Max Mhz: 2500, Current Mhz: 1800, Mhz Limit: 1800
Processor Information for processor 18
  Max Mhz: 2500, Current Mhz: 1800, Mhz Limit: 1800
Processor Information for processor 19
  Max Mhz: 2500, Current Mhz: 1800, Mhz Limit: 1800

Memory: 4k page, system-wide physical 7911M (717M free)
TotalPageFile size 32487M (AvailPageFile size 9M)
current process WorkingSet (physical memory assigned to process): 62M, peak: 1259M
current process commit charge ("private bytes"): 1475M, peak: 1503M

vm_info: OpenJDK 64-Bit Server VM (21.0.10+7-LTS) for windows-amd64 JRE (21.0.10+7-LTS), built on 2026-01-20T00:00:00Z by "admin" with MS VC++ 17.12 (VS2022)

END.
