#
# There is insufficient memory for the Java Runtime Environment to continue.
# Native memory allocation (malloc) failed to allocate 1080896 bytes. Error detail: Chunk::new
# Possible reasons:
#   The system is out of physical RAM or swap space
#   This process is running with CompressedOops enabled, and the Java Heap may be blocking the growth of the native heap
# Possible solutions:
#   Reduce memory load on the system
#   Increase physical memory or swap space
#   Check if swap backing store is full
#   Decrease Java heap size (-Xmx/-Xms)
#   Decrease number of Java threads
#   Decrease Java thread stack sizes (-Xss)
#   Set larger code cache with -XX:ReservedCodeCacheSize=
#   JVM is running with Unscaled Compressed Oops mode in which the Java heap is
#     placed in the first 4GB address space. The Java Heap base address is the
#     maximum limit for the native heap growth. Please use -XX:HeapBaseMinAddress
#     to set the Java Heap base and to place the Java Heap above 4GB virtual address.
# This output file may be truncated or incomplete.
#
#  Out of Memory Error (arena.cpp:168), pid=35328, tid=26852
#
# JRE version: OpenJDK Runtime Environment Temurin-21.0.10+7 (21.0.10+7) (build 21.0.10+7-LTS)
# Java VM: OpenJDK 64-Bit Server VM Temurin-21.0.10+7 (21.0.10+7-LTS, mixed mode, sharing, tiered, compressed oops, compressed class ptrs, parallel gc, windows-amd64)
# No core dump will be written. Minidumps are not enabled by default on client versions of Windows
#

---------------  S U M M A R Y ------------

Command Line: --add-modules=ALL-SYSTEM --add-opens=java.base/java.util=ALL-UNNAMED --add-opens=java.base/java.lang=ALL-UNNAMED --add-opens=java.base/sun.nio.fs=ALL-UNNAMED -Declipse.application=org.eclipse.jdt.ls.core.id1 -Dosgi.bundles.defaultStartLevel=4 -Declipse.product=org.eclipse.jdt.ls.core.product -Djava.import.generatesMetadataFilesAtProjectRoot=false -DDetectVMInstallationsJob.disabled=true -Dfile.encoding=utf8 -XX:+UseParallelGC -XX:GCTimeRatio=4 -XX:AdaptiveSizePolicyWeight=90 -Dsun.zip.disableMemoryMapping=true -Xmx2G -Xms100m -Xlog:disable -javaagent:c:\Users\jibri\.antigravity\extensions\redhat.java-1.54.0-win32-x64\lombok\lombok-1.18.39-4050.jar -XX:+HeapDumpOnOutOfMemoryError -XX:HeapDumpPath=c:\Users\jibri\AppData\Roaming\Antigravity\User\workspaceStorage\8b75b7c593fc459511d45e689933c160\redhat.java -Daether.dependencyCollector.impl=bf c:\Users\jibri\.antigravity\extensions\redhat.java-1.54.0-win32-x64\server\plugins\org.eclipse.equinox.launcher_1.7.100.v20251111-0406.jar -configuration c:\Users\jibri\AppData\Roaming\Antigravity\User\globalStorage\redhat.java\1.54.0\config_win -data c:\Users\jibri\AppData\Roaming\Antigravity\User\workspaceStorage\8b75b7c593fc459511d45e689933c160\redhat.java\jdt_ws --pipe=\\.\pipe\lsp-ca23a273d21c1c9c575287592bbdbd81-sock

Host: 13th Gen Intel(R) Core(TM) i5-13500HX, 20 cores, 7G,  Windows 11 , 64 bit Build 26100 (10.0.26100.8246)
Time: Fri Apr 24 05:00:18 2026 Malay Peninsula Standard Time elapsed time: 41.154961 seconds (0d 0h 0m 41s)

---------------  T H R E A D  ---------------

Current thread (0x0000026d393059f0):  JavaThread "C2 CompilerThread0" daemon [_thread_in_native, id=26852, stack(0x000000a76d600000,0x000000a76d700000) (1024K)]


Current CompileTask:
C2:41155 12482       4       java.lang.invoke.DirectMethodHandle::make (275 bytes)

Stack: [0x000000a76d600000,0x000000a76d700000]
Native frames: (J=compiled Java code, j=interpreted, Vv=VM code, C=native code)
V  [jvm.dll+0x6d7a39]
V  [jvm.dll+0x8b4b26]
V  [jvm.dll+0x8b70de]
V  [jvm.dll+0x8b77c3]
V  [jvm.dll+0x284346]
V  [jvm.dll+0xc66ed]
V  [jvm.dll+0xc6c31]
V  [jvm.dll+0x2fb29e]
V  [jvm.dll+0x5fe884]
V  [jvm.dll+0x255b17]
V  [jvm.dll+0x24e21f]
V  [jvm.dll+0x24ba42]
V  [jvm.dll+0x1cb34e]
V  [jvm.dll+0x25b85d]
V  [jvm.dll+0x259dea]
V  [jvm.dll+0x3f857e]
V  [jvm.dll+0x85f59d]
V  [jvm.dll+0x6d626d]
C  [ucrtbase.dll+0x37b0]
C  [KERNEL32.DLL+0x2e8d7]
C  [ntdll.dll+0x8c3fc]


---------------  P R O C E S S  ---------------

Threads class SMR info:
_java_thread_list=0x0000026da4f635c0, length=82, elements={
0x0000026d39253b30, 0x0000026d4fcfcb40, 0x0000026d392f2fe0, 0x0000026d392fb320,
0x0000026d392fdd90, 0x0000026d392ff800, 0x0000026d39301020, 0x0000026d393059f0,
0x0000026d921df360, 0x0000026d9241f570, 0x0000026d9413b280, 0x0000026d990c42e0,
0x0000026d94801b30, 0x0000026d991444f0, 0x0000026d99144b60, 0x0000026d991febb0,
0x0000026d9956a860, 0x0000026d994c95a0, 0x0000026d947b96f0, 0x0000026d947ba410,
0x0000026d947b9060, 0x0000026d947b9d80, 0x0000026d9aa676a0, 0x0000026d9aa683c0,
0x0000026d9aa67d30, 0x0000026d9aa662f0, 0x0000026d9aa690e0, 0x0000026d9aa67010,
0x0000026d9aa65c60, 0x0000026d9aa69770, 0x0000026d9aa69e00, 0x0000026d9aa66980,
0x0000026d9aa6b1b0, 0x0000026d9aa6a490, 0x0000026d9aa6ab20, 0x0000026d9aa6b840,
0x0000026d9aa6cbf0, 0x0000026d9aa6d280, 0x0000026d9aa6bed0, 0x0000026d9aa6c560,
0x0000026d9a6c7680, 0x0000026d9a6c7d10, 0x0000026d9a6c4f20, 0x0000026d9a6c4890,
0x0000026d9a6c5c40, 0x0000026d9a6c62d0, 0x0000026d9a6c6ff0, 0x0000026d9a6c8a30,
0x0000026d9a6c6960, 0x0000026d9a6cb190, 0x0000026d9a6cab00, 0x0000026d9a6cb820,
0x0000026d9a6c83a0, 0x0000026d9a6cbeb0, 0x0000026d9a6ca470, 0x0000026d9a6c9750,
0x0000026d9a6c9de0, 0x0000026d9a7b88f0, 0x0000026d9a7b7540, 0x0000026d9a7b6190,
0x0000026d9a7b8260, 0x0000026d9a7b9610, 0x0000026d9a7b7bd0, 0x0000026d9a7b9ca0,
0x0000026d9a7b8f80, 0x0000026d9a7b6820, 0x0000026d9a7b6eb0, 0x0000026d9a7bca90,
0x0000026d9a7ba330, 0x0000026d9a7ba9c0, 0x0000026d9a7bd120, 0x0000026d9c9b7e30,
0x0000026d9c9b9f00, 0x0000026d943bc590, 0x0000026d943bcc20, 0x0000026d943bbf00,
0x0000026d943bd2b0, 0x0000026d943becf0, 0x0000026d943bf380, 0x0000026d9c0ac010,
0x0000026d9c0acdb0, 0x0000026d943c0730
}

Java Threads: ( => current thread )
  0x0000026d39253b30 JavaThread "main"                              [_thread_blocked, id=41800, stack(0x000000a76cc00000,0x000000a76cd00000) (1024K)]
  0x0000026d4fcfcb40 JavaThread "Reference Handler"          daemon [_thread_blocked, id=41256, stack(0x000000a76d000000,0x000000a76d100000) (1024K)]
  0x0000026d392f2fe0 JavaThread "Finalizer"                  daemon [_thread_blocked, id=14704, stack(0x000000a76d100000,0x000000a76d200000) (1024K)]
  0x0000026d392fb320 JavaThread "Signal Dispatcher"          daemon [_thread_blocked, id=7228, stack(0x000000a76d200000,0x000000a76d300000) (1024K)]
  0x0000026d392fdd90 JavaThread "Attach Listener"            daemon [_thread_blocked, id=39596, stack(0x000000a76d300000,0x000000a76d400000) (1024K)]
  0x0000026d392ff800 JavaThread "Service Thread"             daemon [_thread_blocked, id=42132, stack(0x000000a76d400000,0x000000a76d500000) (1024K)]
  0x0000026d39301020 JavaThread "Monitor Deflation Thread"   daemon [_thread_blocked, id=39928, stack(0x000000a76d500000,0x000000a76d600000) (1024K)]
=>0x0000026d393059f0 JavaThread "C2 CompilerThread0"         daemon [_thread_in_native, id=26852, stack(0x000000a76d600000,0x000000a76d700000) (1024K)]
  0x0000026d921df360 JavaThread "C1 CompilerThread0"         daemon [_thread_blocked, id=30344, stack(0x000000a76d700000,0x000000a76d800000) (1024K)]
  0x0000026d9241f570 JavaThread "Common-Cleaner"             daemon [_thread_blocked, id=37828, stack(0x000000a76da00000,0x000000a76db00000) (1024K)]
  0x0000026d9413b280 JavaThread "Notification Thread"        daemon [_thread_blocked, id=38872, stack(0x000000a76dd00000,0x000000a76de00000) (1024K)]
  0x0000026d990c42e0 JavaThread "Active Thread: Equinox Container: 7dd1ecb0-9991-4fef-94f5-da8a3b4f8d06"        [_thread_blocked, id=38692, stack(0x000000a76e400000,0x000000a76e500000) (1024K)]
  0x0000026d94801b30 JavaThread "Refresh Thread: Equinox Container: 7dd1ecb0-9991-4fef-94f5-da8a3b4f8d06" daemon [_thread_blocked, id=42820, stack(0x000000a76d900000,0x000000a76da00000) (1024K)]
  0x0000026d991444f0 JavaThread "Framework Event Dispatcher: Equinox Container: 7dd1ecb0-9991-4fef-94f5-da8a3b4f8d06" daemon [_thread_blocked, id=39584, stack(0x000000a76db00000,0x000000a76dc00000) (1024K)]
  0x0000026d99144b60 JavaThread "Start Level: Equinox Container: 7dd1ecb0-9991-4fef-94f5-da8a3b4f8d06" daemon [_thread_blocked, id=42892, stack(0x000000a76dc00000,0x000000a76dd00000) (1024K)]
  0x0000026d991febb0 JavaThread "Bundle File Closer"         daemon [_thread_blocked, id=41356, stack(0x000000a76ea00000,0x000000a76eb00000) (1024K)]
  0x0000026d9956a860 JavaThread "SCR Component Actor"        daemon [_thread_blocked, id=40292, stack(0x000000a76d800000,0x000000a76d900000) (1024K)]
  0x0000026d994c95a0 JavaThread "Worker-JM"                         [_thread_blocked, id=33856, stack(0x000000a76ed00000,0x000000a76ee00000) (1024K)]
  0x0000026d947b96f0 JavaThread "JNA Cleaner"                daemon [_thread_blocked, id=32224, stack(0x000000a76e600000,0x000000a76e700000) (1024K)]
  0x0000026d947ba410 JavaThread "Worker-0: Initialize workspace"        [_thread_blocked, id=35668, stack(0x000000a76eb00000,0x000000a76ec00000) (1024K)]
  0x0000026d947b9060 JavaThread "Worker-1: Building"                [_thread_in_native, id=1640, stack(0x000000a76f200000,0x000000a76f300000) (1024K)]
  0x0000026d947b9d80 JavaThread "Worker-2"                          [_thread_blocked, id=37760, stack(0x000000a76f500000,0x000000a76f600000) (1024K)]
  0x0000026d9aa676a0 JavaThread "Java indexing"              daemon [_thread_blocked, id=31148, stack(0x000000a76f800000,0x000000a76f900000) (1024K)]
  0x0000026d9aa683c0 JavaThread "Worker-3"                          [_thread_blocked, id=18924, stack(0x000000a76f900000,0x000000a76fa00000) (1024K)]
  0x0000026d9aa67d30 JavaThread "Worker-4"                          [_thread_blocked, id=34380, stack(0x000000a76fc00000,0x000000a76fd00000) (1024K)]
  0x0000026d9aa662f0 JavaThread "Worker-5"                          [_thread_blocked, id=27920, stack(0x000000a76fd00000,0x000000a76fe00000) (1024K)]
  0x0000026d9aa690e0 JavaThread "Worker-6"                          [_thread_blocked, id=42556, stack(0x000000a76fe00000,0x000000a76ff00000) (1024K)]
  0x0000026d9aa67010 JavaThread "Thread-1"                   daemon [_thread_in_native, id=42920, stack(0x000000a76ff00000,0x000000a770000000) (1024K)]
  0x0000026d9aa65c60 JavaThread "Thread-2"                   daemon [_thread_in_native, id=42400, stack(0x000000a770000000,0x000000a770100000) (1024K)]
  0x0000026d9aa69770 JavaThread "Thread-3"                   daemon [_thread_in_native, id=18072, stack(0x000000a770100000,0x000000a770200000) (1024K)]
  0x0000026d9aa69e00 JavaThread "Thread-4"                   daemon [_thread_in_native, id=12812, stack(0x000000a770200000,0x000000a770300000) (1024K)]
  0x0000026d9aa66980 JavaThread "Thread-5"                   daemon [_thread_in_native, id=16648, stack(0x000000a770300000,0x000000a770400000) (1024K)]
  0x0000026d9aa6b1b0 JavaThread "Thread-6"                   daemon [_thread_in_native, id=25568, stack(0x000000a770400000,0x000000a770500000) (1024K)]
  0x0000026d9aa6a490 JavaThread "Thread-7"                   daemon [_thread_in_native, id=13632, stack(0x000000a770500000,0x000000a770600000) (1024K)]
  0x0000026d9aa6ab20 JavaThread "Thread-8"                   daemon [_thread_in_native, id=36676, stack(0x000000a770600000,0x000000a770700000) (1024K)]
  0x0000026d9aa6b840 JavaThread "Thread-9"                   daemon [_thread_in_native, id=17824, stack(0x000000a770700000,0x000000a770800000) (1024K)]
  0x0000026d9aa6cbf0 JavaThread "Thread-10"                  daemon [_thread_in_native, id=40908, stack(0x000000a770800000,0x000000a770900000) (1024K)]
  0x0000026d9aa6d280 JavaThread "Thread-11"                  daemon [_thread_in_native, id=42952, stack(0x000000a770900000,0x000000a770a00000) (1024K)]
  0x0000026d9aa6bed0 JavaThread "Thread-12"                  daemon [_thread_in_native, id=37128, stack(0x000000a770a00000,0x000000a770b00000) (1024K)]
  0x0000026d9aa6c560 JavaThread "Thread-13"                  daemon [_thread_in_native, id=32928, stack(0x000000a770b00000,0x000000a770c00000) (1024K)]
  0x0000026d9a6c7680 JavaThread "Thread-14"                  daemon [_thread_in_native, id=38828, stack(0x000000a770c00000,0x000000a770d00000) (1024K)]
  0x0000026d9a6c7d10 JavaThread "Thread-15"                  daemon [_thread_in_native, id=41740, stack(0x000000a770d00000,0x000000a770e00000) (1024K)]
  0x0000026d9a6c4f20 JavaThread "Thread-16"                  daemon [_thread_in_native, id=36316, stack(0x000000a770e00000,0x000000a770f00000) (1024K)]
  0x0000026d9a6c4890 JavaThread "Thread-17"                  daemon [_thread_in_native, id=41456, stack(0x000000a770f00000,0x000000a771000000) (1024K)]
  0x0000026d9a6c5c40 JavaThread "Thread-18"                  daemon [_thread_in_native, id=36912, stack(0x000000a771000000,0x000000a771100000) (1024K)]
  0x0000026d9a6c62d0 JavaThread "Thread-19"                  daemon [_thread_in_native, id=21040, stack(0x000000a771100000,0x000000a771200000) (1024K)]
  0x0000026d9a6c6ff0 JavaThread "Thread-20"                  daemon [_thread_in_native, id=37732, stack(0x000000a771200000,0x000000a771300000) (1024K)]
  0x0000026d9a6c8a30 JavaThread "Thread-21"                  daemon [_thread_in_native, id=39920, stack(0x000000a771300000,0x000000a771400000) (1024K)]
  0x0000026d9a6c6960 JavaThread "pool-2-thread-1"                   [_thread_blocked, id=39456, stack(0x000000a771400000,0x000000a771500000) (1024K)]
  0x0000026d9a6cb190 JavaThread "WorkspaceEventsHandler"            [_thread_blocked, id=32520, stack(0x000000a771500000,0x000000a771600000) (1024K)]
  0x0000026d9a6cab00 JavaThread "pool-1-thread-1"                   [_thread_blocked, id=32888, stack(0x000000a771600000,0x000000a771700000) (1024K)]
  0x0000026d9a6cb820 JavaThread "ForkJoinPool.commonPool-worker-1" daemon [_thread_blocked, id=14080, stack(0x000000a771700000,0x000000a771800000) (1024K)]
  0x0000026d9a6c83a0 JavaThread "ForkJoinPool.commonPool-worker-2" daemon [_thread_blocked, id=37916, stack(0x000000a771800000,0x000000a771900000) (1024K)]
  0x0000026d9a6cbeb0 JavaThread "ForkJoinPool.commonPool-worker-3" daemon [_thread_blocked, id=21260, stack(0x000000a771900000,0x000000a771a00000) (1024K)]
  0x0000026d9a6ca470 JavaThread "ForkJoinPool.commonPool-worker-4" daemon [_thread_blocked, id=32568, stack(0x000000a771a00000,0x000000a771b00000) (1024K)]
  0x0000026d9a6c9750 JavaThread "ForkJoinPool.commonPool-worker-5" daemon [_thread_blocked, id=19368, stack(0x000000a771b00000,0x000000a771c00000) (1024K)]
  0x0000026d9a6c9de0 JavaThread "ForkJoinPool.commonPool-worker-6" daemon [_thread_blocked, id=40236, stack(0x000000a771c00000,0x000000a771d00000) (1024K)]
  0x0000026d9a7b88f0 JavaThread "ForkJoinPool.commonPool-worker-7" daemon [_thread_blocked, id=38024, stack(0x000000a771d00000,0x000000a771e00000) (1024K)]
  0x0000026d9a7b7540 JavaThread "ForkJoinPool.commonPool-worker-8" daemon [_thread_blocked, id=40136, stack(0x000000a771e00000,0x000000a771f00000) (1024K)]
  0x0000026d9a7b6190 JavaThread "ForkJoinPool.commonPool-worker-10" daemon [_thread_blocked, id=11292, stack(0x000000a771f00000,0x000000a772000000) (1024K)]
  0x0000026d9a7b8260 JavaThread "ForkJoinPool.commonPool-worker-9" daemon [_thread_blocked, id=38656, stack(0x000000a772000000,0x000000a772100000) (1024K)]
  0x0000026d9a7b9610 JavaThread "ForkJoinPool.commonPool-worker-11" daemon [_thread_blocked, id=18616, stack(0x000000a772100000,0x000000a772200000) (1024K)]
  0x0000026d9a7b7bd0 JavaThread "ForkJoinPool.commonPool-worker-12" daemon [_thread_blocked, id=38272, stack(0x000000a772200000,0x000000a772300000) (1024K)]
  0x0000026d9a7b9ca0 JavaThread "ForkJoinPool.commonPool-worker-14" daemon [_thread_blocked, id=22448, stack(0x000000a772300000,0x000000a772400000) (1024K)]
  0x0000026d9a7b8f80 JavaThread "ForkJoinPool.commonPool-worker-13" daemon [_thread_blocked, id=22084, stack(0x000000a772400000,0x000000a772500000) (1024K)]
  0x0000026d9a7b6820 JavaThread "ForkJoinPool.commonPool-worker-15" daemon [_thread_blocked, id=17648, stack(0x000000a772500000,0x000000a772600000) (1024K)]
  0x0000026d9a7b6eb0 JavaThread "ForkJoinPool.commonPool-worker-16" daemon [_thread_blocked, id=29420, stack(0x000000a772600000,0x000000a772700000) (1024K)]
  0x0000026d9a7bca90 JavaThread "ForkJoinPool.commonPool-worker-17" daemon [_thread_blocked, id=33920, stack(0x000000a772700000,0x000000a772800000) (1024K)]
  0x0000026d9a7ba330 JavaThread "ForkJoinPool.commonPool-worker-18" daemon [_thread_blocked, id=39296, stack(0x000000a772800000,0x000000a772900000) (1024K)]
  0x0000026d9a7ba9c0 JavaThread "ForkJoinPool.commonPool-worker-19" daemon [_thread_blocked, id=37856, stack(0x000000a772900000,0x000000a772a00000) (1024K)]
  0x0000026d9a7bd120 JavaThread "Timer-0"                           [_thread_blocked, id=2144, stack(0x000000a76ef00000,0x000000a76f000000) (1024K)]
  0x0000026d9c9b7e30 JavaThread "Connection worker"                 [_thread_in_native, id=42692, stack(0x000000a76f700000,0x000000a76f800000) (1024K)]
  0x0000026d9c9b9f00 JavaThread "pool-3-thread-1"                   [_thread_blocked, id=38112, stack(0x000000a772a00000,0x000000a772b00000) (1024K)]
  0x0000026d943bc590 JavaThread "Compiler Source File Reader" daemon [_thread_blocked, id=41156, stack(0x000000a772b00000,0x000000a772c00000) (1024K)]
  0x0000026d943bcc20 JavaThread "Compiler Source File Reader" daemon [_thread_blocked, id=5472, stack(0x000000a772c00000,0x000000a772d00000) (1024K)]
  0x0000026d943bbf00 JavaThread "Compiler Source File Reader" daemon [_thread_blocked, id=41516, stack(0x000000a772d00000,0x000000a772e00000) (1024K)]
  0x0000026d943bd2b0 JavaThread "Compiler Source File Reader" daemon [_thread_blocked, id=12176, stack(0x000000a772e00000,0x000000a772f00000) (1024K)]
  0x0000026d943becf0 JavaThread "Compiler Source File Reader" daemon [_thread_blocked, id=22652, stack(0x000000a772f00000,0x000000a773000000) (1024K)]
  0x0000026d943bf380 JavaThread "Compiler Source File Reader" daemon [_thread_blocked, id=24932, stack(0x000000a773000000,0x000000a773100000) (1024K)]
  0x0000026d9c0ac010 JavaThread "C1 CompilerThread1"         daemon [_thread_blocked, id=42828, stack(0x000000a773100000,0x000000a773200000) (1024K)]
  0x0000026d9c0acdb0 JavaThread "C1 CompilerThread2"         daemon [_thread_blocked, id=38360, stack(0x000000a773200000,0x000000a773300000) (1024K)]
  0x0000026d943c0730 JavaThread "Compiler Processing Task"   daemon [_thread_blocked, id=15544, stack(0x000000a773300000,0x000000a773400000) (1024K)]
Total: 82

Other Threads:
  0x0000026d4fce4080 VMThread "VM Thread"                           [id=36944, stack(0x000000a76cf00000,0x000000a76d000000) (1024K)]
  0x0000026d4fbdca00 WatcherThread "VM Periodic Task Thread"        [id=38896, stack(0x000000a76ce00000,0x000000a76cf00000) (1024K)]
  0x0000026d39273220 WorkerThread "GC Thread#0"                     [id=41808, stack(0x000000a76cd00000,0x000000a76ce00000) (1024K)]
  0x0000026d945b38b0 WorkerThread "GC Thread#1"                     [id=11792, stack(0x000000a76de00000,0x000000a76df00000) (1024K)]
  0x0000026d945b3c60 WorkerThread "GC Thread#2"                     [id=4272, stack(0x000000a76df00000,0x000000a76e000000) (1024K)]
  0x0000026d947c7dc0 WorkerThread "GC Thread#3"                     [id=41064, stack(0x000000a76e000000,0x000000a76e100000) (1024K)]
  0x0000026d947c8170 WorkerThread "GC Thread#4"                     [id=26984, stack(0x000000a76e100000,0x000000a76e200000) (1024K)]
  0x0000026d947c8520 WorkerThread "GC Thread#5"                     [id=35664, stack(0x000000a76e200000,0x000000a76e300000) (1024K)]
  0x0000026d9459c600 WorkerThread "GC Thread#6"                     [id=4804, stack(0x000000a76e300000,0x000000a76e400000) (1024K)]
  0x0000026d99126890 WorkerThread "GC Thread#7"                     [id=34800, stack(0x000000a76e500000,0x000000a76e600000) (1024K)]
  0x0000026d94314640 WorkerThread "GC Thread#8"                     [id=14572, stack(0x000000a76e700000,0x000000a76e800000) (1024K)]
  0x0000026d94315200 WorkerThread "GC Thread#9"                     [id=32680, stack(0x000000a76e800000,0x000000a76e900000) (1024K)]
  0x0000026d9241b430 WorkerThread "GC Thread#10"                    [id=39228, stack(0x000000a76e900000,0x000000a76ea00000) (1024K)]
  0x0000026d922d2030 WorkerThread "GC Thread#11"                    [id=35020, stack(0x000000a76f000000,0x000000a76f100000) (1024K)]
  0x0000026d922d1c80 WorkerThread "GC Thread#12"                    [id=12860, stack(0x000000a76f100000,0x000000a76f200000) (1024K)]
  0x0000026d922d18d0 WorkerThread "GC Thread#13"                    [id=41528, stack(0x000000a76f300000,0x000000a76f400000) (1024K)]
  0x0000026d9a170050 WorkerThread "GC Thread#14"                    [id=15068, stack(0x000000a76f400000,0x000000a76f500000) (1024K)]
Total: 17

Threads with active compile tasks:
C2 CompilerThread0  41193 12482       4       java.lang.invoke.DirectMethodHandle::make (275 bytes)
Total: 1

VM state: not at safepoint (normal execution)

VM Mutex/Monitor currently owned by a thread: None

Heap address: 0x0000000080000000, size: 2048 MB, Compressed Oops mode: 32-bit

CDS archive(s) mapped at: [0x0000026d50000000-0x0000026d50ba0000-0x0000026d50ba0000), size 12189696, SharedBaseAddress: 0x0000026d50000000, ArchiveRelocationMode: 1.
Compressed class space mapped at: 0x0000026d51000000-0x0000026d91000000, reserved size: 1073741824
Narrow klass base: 0x0000026d50000000, Narrow klass shift: 0, Narrow klass range: 0x100000000

GC Precious Log:
 CardTable entry size: 512
 CPUs: 20 total, 20 available
 Memory: 7911M
 Large Page Support: Disabled
 NUMA Support: Disabled
 Compressed Oops: Enabled (32-bit)
 Alignments: Space 512K, Generation 512K, Heap 2M
 Heap Min Capacity: 100M
 Heap Initial Capacity: 100M
 Heap Max Capacity: 2G
 Pre-touch: Disabled
 Parallel Workers: 15

Heap:
 PSYoungGen      total 5632K, used 4077K [0x00000000d5580000, 0x00000000d5d00000, 0x0000000100000000)
  eden space 4608K, 66% used [0x00000000d5580000,0x00000000d587b4f8,0x00000000d5a00000)
  from space 1024K, 100% used [0x00000000d5a80000,0x00000000d5b80000,0x00000000d5b80000)
  to   space 1536K, 0% used [0x00000000d5b80000,0x00000000d5b80000,0x00000000d5d00000)
 ParOldGen       total 333312K, used 333256K [0x0000000080000000, 0x0000000094580000, 0x00000000d5580000)
  object space 333312K, 99% used [0x0000000080000000,0x0000000094572018,0x0000000094580000)
 Metaspace       used 75352K, committed 76864K, reserved 1179648K
  class space    used 8639K, committed 9344K, reserved 1048576K

Card table byte_map: [0x0000026d38bf0000,0x0000026d39000000] _byte_map_base: 0x0000026d387f0000

Marking Bits: (ParMarkBitMap*) 0x00007ffc51083450
 Begin Bits: [0x0000026d4b700000, 0x0000026d4d700000)
 End Bits:   [0x0000026d4d700000, 0x0000026d4f700000)

Polling page: 0x0000026d37010000

Metaspace:

Usage:
  Non-class:     65.15 MB used.
      Class:      8.44 MB used.
       Both:     73.59 MB used.

Virtual space:
  Non-class space:      128.00 MB reserved,      65.94 MB ( 52%) committed,  2 nodes.
      Class space:        1.00 GB reserved,       9.12 MB ( <1%) committed,  1 nodes.
             Both:        1.12 GB reserved,      75.06 MB (  7%) committed. 

Chunk freelists:
   Non-Class:  13.97 MB
       Class:  6.91 MB
        Both:  20.88 MB

MaxMetaspaceSize: unlimited
CompressedClassSpaceSize: 1.00 GB
Initial GC threshold: 21.00 MB
Current GC threshold: 97.31 MB
CDS: on
 - commit_granule_bytes: 65536.
 - commit_granule_words: 8192.
 - virtual_space_node_default_size: 8388608.
 - enlarge_chunks_in_place: 1.
 - use_allocation_guard: 0.


Internal statistics:

num_allocs_failed_limit: 9.
num_arena_births: 1220.
num_arena_deaths: 40.
num_vsnodes_births: 3.
num_vsnodes_deaths: 0.
num_space_committed: 1201.
num_space_uncommitted: 0.
num_chunks_returned_to_freelist: 56.
num_chunks_taken_from_freelist: 4425.
num_chunk_merges: 10.
num_chunk_splits: 2774.
num_chunks_enlarged: 1695.
num_inconsistent_stats: 0.

CodeHeap 'non-profiled nmethods': size=119168Kb used=10051Kb max_used=10051Kb free=109116Kb
 bounds [0x0000026d43ff0000, 0x0000026d449d0000, 0x0000026d4b450000]
CodeHeap 'profiled nmethods': size=119104Kb used=24922Kb max_used=24922Kb free=94181Kb
 bounds [0x0000026d3c450000, 0x0000026d3dcb0000, 0x0000026d438a0000]
CodeHeap 'non-nmethods': size=7488Kb used=2597Kb max_used=3219Kb free=4890Kb
 bounds [0x0000026d438a0000, 0x0000026d43bd0000, 0x0000026d43ff0000]
CodeCache: size=245760Kb, used=37570Kb, max_used=38192Kb, free=208187Kb
 total_blobs=12500, nmethods=11711, adapters=692, full_count=0
Compilation: enabled, stopped_count=0, restarted_count=0

Compilation events (20 events):
Event: 40.076 Thread 0x0000026d9c0ac6e0 nmethod 12634 0x0000026d449bcf90 code [0x0000026d449bd180, 0x0000026d449bdac8]
Event: 40.076 Thread 0x0000026d9c0ae220 nmethod 12635 0x0000026d449be090 code [0x0000026d449be280, 0x0000026d449bebc8]
Event: 40.079 Thread 0x0000026d9c0acdb0 12648       3       org.eclipse.core.internal.dtree.DeltaDataTree::searchLocalNodeAt (106 bytes)
Event: 40.080 Thread 0x0000026d9c0acdb0 nmethod 12648 0x0000026d3dc9cf90 code [0x0000026d3dc9d1e0, 0x0000026d3dc9db18]
Event: 40.093 Thread 0x0000026d9c0ac6e0 12649       4       org.eclipse.jdt.internal.core.builder.ClasspathJrt::getModule (42 bytes)
Event: 40.106 Thread 0x0000026d9c0ac6e0 nmethod 12649 0x0000026d449bf190 code [0x0000026d449bf3c0, 0x0000026d449bfb98]
Event: 40.106 Thread 0x0000026d921df360 12650       3       org.eclipse.core.runtime.ListenerList$ListenerListIterator::next (39 bytes)
Event: 40.106 Thread 0x0000026d9c0acdb0 12651       1       org.eclipse.core.resources.ProjectScope::getName (3 bytes)
Event: 40.107 Thread 0x0000026d9c0acdb0 nmethod 12651 0x0000026d449c0190 code [0x0000026d449c0320, 0x0000026d449c03f0]
Event: 40.107 Thread 0x0000026d921df360 nmethod 12650 0x0000026d3dc9de90 code [0x0000026d3dc9e040, 0x0000026d3dc9e290]
Event: 40.116 Thread 0x0000026d921df360 12652       1       org.gradle.internal.logging.events.CategorisedOutputEvent::getLogLevel (5 bytes)
Event: 40.116 Thread 0x0000026d921df360 nmethod 12652 0x0000026d449c0490 code [0x0000026d449c0620, 0x0000026d449c06e8]
Event: 40.132 Thread 0x0000026d921df360 12653       3       org.gradle.internal.logging.sink.GroupingProgressLogEventGenerator$OperationState::maybeFlushOutput (1 bytes)
Event: 40.132 Thread 0x0000026d921df360 nmethod 12653 0x0000026d3dc9e390 code [0x0000026d3dc9e520, 0x0000026d3dc9e628]
Event: 40.139 Thread 0x0000026d921df360 12655       3       java.io.BufferedInputStream::close (44 bytes)
Event: 40.139 Thread 0x0000026d921df360 nmethod 12655 0x0000026d3dc9e690 code [0x0000026d3dc9e860, 0x0000026d3dc9ebc8]
Event: 40.224 Thread 0x0000026d921df360 12656   !   3       java.util.concurrent.ThreadPoolExecutor::getTask (177 bytes)
Event: 41.152 Thread 0x0000026d921df360 nmethod 12656 0x0000026d3dc9ed10 code [0x0000026d3dc9efc0, 0x0000026d3dc9fdf0]
Event: 41.152 Thread 0x0000026d9c0acdb0 12657       3       java.util.concurrent.ScheduledThreadPoolExecutor$ScheduledFutureTask::isPeriodic (15 bytes)
Event: 41.152 Thread 0x0000026d9c0ac010 12658       3       java.util.concurrent.ScheduledThreadPoolExecutor$DelayedWorkQueue::add (9 bytes)

GC Heap History (20 events):
Event: 39.084 GC heap before
{Heap before GC invocations=755 (full 3):
 PSYoungGen      total 6144K, used 5568K [0x00000000d5580000, 0x00000000d5c80000, 0x0000000100000000)
  eden space 5120K, 100% used [0x00000000d5580000,0x00000000d5a80000,0x00000000d5a80000)
  from space 1024K, 43% used [0x00000000d5a80000,0x00000000d5af0000,0x00000000d5b80000)
  to   space 512K, 0% used [0x00000000d5c00000,0x00000000d5c00000,0x00000000d5c80000)
 ParOldGen       total 324096K, used 323698K [0x0000000080000000, 0x0000000093c80000, 0x00000000d5580000)
  object space 324096K, 99% used [0x0000000080000000,0x0000000093c1c820,0x0000000093c80000)
 Metaspace       used 73140K, committed 74624K, reserved 1179648K
  class space    used 8417K, committed 9088K, reserved 1048576K
}
Event: 39.085 GC heap after
{Heap after GC invocations=755 (full 3):
 PSYoungGen      total 5632K, used 320K [0x00000000d5580000, 0x00000000d5c80000, 0x0000000100000000)
  eden space 5120K, 0% used [0x00000000d5580000,0x00000000d5580000,0x00000000d5a80000)
  from space 512K, 62% used [0x00000000d5c00000,0x00000000d5c50000,0x00000000d5c80000)
  to   space 512K, 0% used [0x00000000d5b80000,0x00000000d5b80000,0x00000000d5c00000)
 ParOldGen       total 324096K, used 323786K [0x0000000080000000, 0x0000000093c80000, 0x00000000d5580000)
  object space 324096K, 99% used [0x0000000080000000,0x0000000093c32820,0x0000000093c80000)
 Metaspace       used 73140K, committed 74624K, reserved 1179648K
  class space    used 8417K, committed 9088K, reserved 1048576K
}
Event: 39.235 GC heap before
{Heap before GC invocations=756 (full 3):
 PSYoungGen      total 5632K, used 5440K [0x00000000d5580000, 0x00000000d5c80000, 0x0000000100000000)
  eden space 5120K, 100% used [0x00000000d5580000,0x00000000d5a80000,0x00000000d5a80000)
  from space 512K, 62% used [0x00000000d5c00000,0x00000000d5c50000,0x00000000d5c80000)
  to   space 512K, 0% used [0x00000000d5b80000,0x00000000d5b80000,0x00000000d5c00000)
 ParOldGen       total 324096K, used 323786K [0x0000000080000000, 0x0000000093c80000, 0x00000000d5580000)
  object space 324096K, 99% used [0x0000000080000000,0x0000000093c32820,0x0000000093c80000)
 Metaspace       used 73143K, committed 74624K, reserved 1179648K
  class space    used 8418K, committed 9088K, reserved 1048576K
}
Event: 39.237 GC heap after
{Heap after GC invocations=756 (full 3):
 PSYoungGen      total 5632K, used 512K [0x00000000d5580000, 0x00000000d6180000, 0x0000000100000000)
  eden space 5120K, 0% used [0x00000000d5580000,0x00000000d5580000,0x00000000d5a80000)
  from space 512K, 100% used [0x00000000d5b80000,0x00000000d5c00000,0x00000000d5c00000)
  to   space 3584K, 0% used [0x00000000d5e00000,0x00000000d5e00000,0x00000000d6180000)
 ParOldGen       total 326144K, used 326002K [0x0000000080000000, 0x0000000093e80000, 0x00000000d5580000)
  object space 326144K, 99% used [0x0000000080000000,0x0000000093e5c820,0x0000000093e80000)
 Metaspace       used 73143K, committed 74624K, reserved 1179648K
  class space    used 8418K, committed 9088K, reserved 1048576K
}
Event: 39.285 GC heap before
{Heap before GC invocations=757 (full 3):
 PSYoungGen      total 5632K, used 5632K [0x00000000d5580000, 0x00000000d6180000, 0x0000000100000000)
  eden space 5120K, 100% used [0x00000000d5580000,0x00000000d5a80000,0x00000000d5a80000)
  from space 512K, 100% used [0x00000000d5b80000,0x00000000d5c00000,0x00000000d5c00000)
  to   space 3584K, 0% used [0x00000000d5e00000,0x00000000d5e00000,0x00000000d6180000)
 ParOldGen       total 326144K, used 326002K [0x0000000080000000, 0x0000000093e80000, 0x00000000d5580000)
  object space 326144K, 99% used [0x0000000080000000,0x0000000093e5c820,0x0000000093e80000)
 Metaspace       used 73204K, committed 74688K, reserved 1179648K
  class space    used 8428K, committed 9088K, reserved 1048576K
}
Event: 39.288 GC heap after
{Heap after GC invocations=757 (full 3):
 PSYoungGen      total 8192K, used 3582K [0x00000000d5580000, 0x00000000d6280000, 0x0000000100000000)
  eden space 4608K, 0% used [0x00000000d5580000,0x00000000d5580000,0x00000000d5a00000)
  from space 3584K, 99% used [0x00000000d5e00000,0x00000000d617f908,0x00000000d6180000)
  to   space 4096K, 0% used [0x00000000d5a00000,0x00000000d5a00000,0x00000000d5e00000)
 ParOldGen       total 326656K, used 326162K [0x0000000080000000, 0x0000000093f00000, 0x00000000d5580000)
  object space 326656K, 99% used [0x0000000080000000,0x0000000093e84820,0x0000000093f00000)
 Metaspace       used 73204K, committed 74688K, reserved 1179648K
  class space    used 8428K, committed 9088K, reserved 1048576K
}
Event: 39.308 GC heap before
{Heap before GC invocations=758 (full 3):
 PSYoungGen      total 8192K, used 8190K [0x00000000d5580000, 0x00000000d6280000, 0x0000000100000000)
  eden space 4608K, 100% used [0x00000000d5580000,0x00000000d5a00000,0x00000000d5a00000)
  from space 3584K, 99% used [0x00000000d5e00000,0x00000000d617f908,0x00000000d6180000)
  to   space 4096K, 0% used [0x00000000d5a00000,0x00000000d5a00000,0x00000000d5e00000)
 ParOldGen       total 326656K, used 326162K [0x0000000080000000, 0x0000000093f00000, 0x00000000d5580000)
  object space 326656K, 99% used [0x0000000080000000,0x0000000093e84820,0x0000000093f00000)
 Metaspace       used 73219K, committed 74688K, reserved 1179648K
  class space    used 8429K, committed 9088K, reserved 1048576K
}
Event: 39.310 GC heap after
{Heap after GC invocations=758 (full 3):
 PSYoungGen      total 6144K, used 1504K [0x00000000d5580000, 0x00000000d5f00000, 0x0000000100000000)
  eden space 4608K, 0% used [0x00000000d5580000,0x00000000d5580000,0x00000000d5a00000)
  from space 1536K, 97% used [0x00000000d5a00000,0x00000000d5b78008,0x00000000d5b80000)
  to   space 2560K, 0% used [0x00000000d5c80000,0x00000000d5c80000,0x00000000d5f00000)
 ParOldGen       total 329216K, used 329120K [0x0000000080000000, 0x0000000094180000, 0x00000000d5580000)
  object space 329216K, 99% used [0x0000000080000000,0x0000000094168128,0x0000000094180000)
 Metaspace       used 73219K, committed 74688K, reserved 1179648K
  class space    used 8429K, committed 9088K, reserved 1048576K
}
Event: 39.373 GC heap before
{Heap before GC invocations=759 (full 3):
 PSYoungGen      total 6144K, used 6112K [0x00000000d5580000, 0x00000000d5f00000, 0x0000000100000000)
  eden space 4608K, 100% used [0x00000000d5580000,0x00000000d5a00000,0x00000000d5a00000)
  from space 1536K, 97% used [0x00000000d5a00000,0x00000000d5b78008,0x00000000d5b80000)
  to   space 2560K, 0% used [0x00000000d5c80000,0x00000000d5c80000,0x00000000d5f00000)
 ParOldGen       total 329216K, used 329120K [0x0000000080000000, 0x0000000094180000, 0x00000000d5580000)
  object space 329216K, 99% used [0x0000000080000000,0x0000000094168128,0x0000000094180000)
 Metaspace       used 73442K, committed 74944K, reserved 1179648K
  class space    used 8452K, committed 9152K, reserved 1048576K
}
Event: 39.375 GC heap after
{Heap after GC invocations=759 (full 3):
 PSYoungGen      total 6656K, used 1760K [0x00000000d5580000, 0x00000000d5e80000, 0x0000000100000000)
  eden space 4608K, 0% used [0x00000000d5580000,0x00000000d5580000,0x00000000d5a00000)
  from space 2048K, 85% used [0x00000000d5c80000,0x00000000d5e38008,0x00000000d5e80000)
  to   space 2048K, 0% used [0x00000000d5a80000,0x00000000d5a80000,0x00000000d5c80000)
 ParOldGen       total 330752K, used 330320K [0x0000000080000000, 0x0000000094300000, 0x00000000d5580000)
  object space 330752K, 99% used [0x0000000080000000,0x0000000094294130,0x0000000094300000)
 Metaspace       used 73442K, committed 74944K, reserved 1179648K
  class space    used 8452K, committed 9152K, reserved 1048576K
}
Event: 39.448 GC heap before
{Heap before GC invocations=760 (full 3):
 PSYoungGen      total 6656K, used 6368K [0x00000000d5580000, 0x00000000d5e80000, 0x0000000100000000)
  eden space 4608K, 100% used [0x00000000d5580000,0x00000000d5a00000,0x00000000d5a00000)
  from space 2048K, 85% used [0x00000000d5c80000,0x00000000d5e38008,0x00000000d5e80000)
  to   space 2048K, 0% used [0x00000000d5a80000,0x00000000d5a80000,0x00000000d5c80000)
 ParOldGen       total 330752K, used 330320K [0x0000000080000000, 0x0000000094300000, 0x00000000d5580000)
  object space 330752K, 99% used [0x0000000080000000,0x0000000094294130,0x0000000094300000)
 Metaspace       used 73670K, committed 75200K, reserved 1179648K
  class space    used 8468K, committed 9152K, reserved 1048576K
}
Event: 39.449 GC heap after
{Heap after GC invocations=760 (full 3):
 PSYoungGen      total 5120K, used 448K [0x00000000d5580000, 0x00000000d5d00000, 0x0000000100000000)
  eden space 4608K, 0% used [0x00000000d5580000,0x00000000d5580000,0x00000000d5a00000)
  from space 512K, 87% used [0x00000000d5a80000,0x00000000d5af0000,0x00000000d5b00000)
  to   space 1024K, 0% used [0x00000000d5c00000,0x00000000d5c00000,0x00000000d5d00000)
 ParOldGen       total 332288K, used 331913K [0x0000000080000000, 0x0000000094480000, 0x00000000d5580000)
  object space 332288K, 99% used [0x0000000080000000,0x00000000944225a8,0x0000000094480000)
 Metaspace       used 73670K, committed 75200K, reserved 1179648K
  class space    used 8468K, committed 9152K, reserved 1048576K
}
Event: 39.589 GC heap before
{Heap before GC invocations=761 (full 3):
 PSYoungGen      total 5120K, used 5036K [0x00000000d5580000, 0x00000000d5d00000, 0x0000000100000000)
  eden space 4608K, 99% used [0x00000000d5580000,0x00000000d59fb270,0x00000000d5a00000)
  from space 512K, 87% used [0x00000000d5a80000,0x00000000d5af0000,0x00000000d5b00000)
  to   space 1024K, 0% used [0x00000000d5c00000,0x00000000d5c00000,0x00000000d5d00000)
 ParOldGen       total 332288K, used 331913K [0x0000000080000000, 0x0000000094480000, 0x00000000d5580000)
  object space 332288K, 99% used [0x0000000080000000,0x00000000944225a8,0x0000000094480000)
 Metaspace       used 74092K, committed 75648K, reserved 1179648K
  class space    used 8495K, committed 9216K, reserved 1048576K
}
Event: 39.591 GC heap after
{Heap after GC invocations=761 (full 3):
 PSYoungGen      total 5120K, used 480K [0x00000000d5580000, 0x00000000d5c80000, 0x0000000100000000)
  eden space 4608K, 0% used [0x00000000d5580000,0x00000000d5580000,0x00000000d5a00000)
  from space 512K, 93% used [0x00000000d5c00000,0x00000000d5c78000,0x00000000d5c80000)
  to   space 1024K, 0% used [0x00000000d5a80000,0x00000000d5a80000,0x00000000d5b80000)
 ParOldGen       total 332288K, used 332121K [0x0000000080000000, 0x0000000094480000, 0x00000000d5580000)
  object space 332288K, 99% used [0x0000000080000000,0x00000000944565b8,0x0000000094480000)
 Metaspace       used 74092K, committed 75648K, reserved 1179648K
  class space    used 8495K, committed 9216K, reserved 1048576K
}
Event: 39.742 GC heap before
{Heap before GC invocations=762 (full 3):
 PSYoungGen      total 5120K, used 5088K [0x00000000d5580000, 0x00000000d5c80000, 0x0000000100000000)
  eden space 4608K, 100% used [0x00000000d5580000,0x00000000d5a00000,0x00000000d5a00000)
  from space 512K, 93% used [0x00000000d5c00000,0x00000000d5c78000,0x00000000d5c80000)
  to   space 1024K, 0% used [0x00000000d5a80000,0x00000000d5a80000,0x00000000d5b80000)
 ParOldGen       total 332288K, used 332121K [0x0000000080000000, 0x0000000094480000, 0x00000000d5580000)
  object space 332288K, 99% used [0x0000000080000000,0x00000000944565b8,0x0000000094480000)
 Metaspace       used 74581K, committed 76032K, reserved 1179648K
  class space    used 8558K, committed 9216K, reserved 1048576K
}
Event: 39.744 GC heap after
{Heap after GC invocations=762 (full 3):
 PSYoungGen      total 5632K, used 800K [0x00000000d5580000, 0x00000000d5c80000, 0x0000000100000000)
  eden space 4608K, 0% used [0x00000000d5580000,0x00000000d5580000,0x00000000d5a00000)
  from space 1024K, 78% used [0x00000000d5a80000,0x00000000d5b48000,0x00000000d5b80000)
  to   space 1024K, 0% used [0x00000000d5b80000,0x00000000d5b80000,0x00000000d5c80000)
 ParOldGen       total 332800K, used 332289K [0x0000000080000000, 0x0000000094500000, 0x00000000d5580000)
  object space 332800K, 99% used [0x0000000080000000,0x00000000944805b8,0x0000000094500000)
 Metaspace       used 74581K, committed 76032K, reserved 1179648K
  class space    used 8558K, committed 9216K, reserved 1048576K
}
Event: 39.840 GC heap before
{Heap before GC invocations=763 (full 3):
 PSYoungGen      total 5632K, used 5408K [0x00000000d5580000, 0x00000000d5c80000, 0x0000000100000000)
  eden space 4608K, 100% used [0x00000000d5580000,0x00000000d5a00000,0x00000000d5a00000)
  from space 1024K, 78% used [0x00000000d5a80000,0x00000000d5b48000,0x00000000d5b80000)
  to   space 1024K, 0% used [0x00000000d5b80000,0x00000000d5b80000,0x00000000d5c80000)
 ParOldGen       total 332800K, used 332289K [0x0000000080000000, 0x0000000094500000, 0x00000000d5580000)
  object space 332800K, 99% used [0x0000000080000000,0x00000000944805b8,0x0000000094500000)
 Metaspace       used 75200K, committed 76736K, reserved 1179648K
  class space    used 8630K, committed 9344K, reserved 1048576K
}
Event: 39.841 GC heap after
{Heap after GC invocations=763 (full 3):
 PSYoungGen      total 5632K, used 686K [0x00000000d5580000, 0x00000000d5c80000, 0x0000000100000000)
  eden space 4608K, 0% used [0x00000000d5580000,0x00000000d5580000,0x00000000d5a00000)
  from space 1024K, 67% used [0x00000000d5b80000,0x00000000d5c2ba60,0x00000000d5c80000)
  to   space 1024K, 0% used [0x00000000d5a80000,0x00000000d5a80000,0x00000000d5b80000)
 ParOldGen       total 332800K, used 332785K [0x0000000080000000, 0x0000000094500000, 0x00000000d5580000)
  object space 332800K, 99% used [0x0000000080000000,0x00000000944fc5b8,0x0000000094500000)
 Metaspace       used 75200K, committed 76736K, reserved 1179648K
  class space    used 8630K, committed 9344K, reserved 1048576K
}
Event: 40.066 GC heap before
{Heap before GC invocations=764 (full 3):
 PSYoungGen      total 5632K, used 5294K [0x00000000d5580000, 0x00000000d5c80000, 0x0000000100000000)
  eden space 4608K, 100% used [0x00000000d5580000,0x00000000d5a00000,0x00000000d5a00000)
  from space 1024K, 67% used [0x00000000d5b80000,0x00000000d5c2ba60,0x00000000d5c80000)
  to   space 1024K, 0% used [0x00000000d5a80000,0x00000000d5a80000,0x00000000d5b80000)
 ParOldGen       total 332800K, used 332785K [0x0000000080000000, 0x0000000094500000, 0x00000000d5580000)
  object space 332800K, 99% used [0x0000000080000000,0x00000000944fc5b8,0x0000000094500000)
 Metaspace       used 75342K, committed 76864K, reserved 1179648K
  class space    used 8639K, committed 9344K, reserved 1048576K
}
Event: 40.067 GC heap after
{Heap after GC invocations=764 (full 3):
 PSYoungGen      total 5632K, used 1024K [0x00000000d5580000, 0x00000000d5d00000, 0x0000000100000000)
  eden space 4608K, 0% used [0x00000000d5580000,0x00000000d5580000,0x00000000d5a00000)
  from space 1024K, 100% used [0x00000000d5a80000,0x00000000d5b80000,0x00000000d5b80000)
  to   space 1536K, 0% used [0x00000000d5b80000,0x00000000d5b80000,0x00000000d5d00000)
 ParOldGen       total 333312K, used 333256K [0x0000000080000000, 0x0000000094580000, 0x00000000d5580000)
  object space 333312K, 99% used [0x0000000080000000,0x0000000094572018,0x0000000094580000)
 Metaspace       used 75342K, committed 76864K, reserved 1179648K
  class space    used 8639K, committed 9344K, reserved 1048576K
}

Dll operation events (15 events):
Event: 0.014 Loaded shared library c:\Users\jibri\.antigravity\extensions\redhat.java-1.54.0-win32-x64\jre\21.0.10-win32-x86_64\bin\java.dll
Event: 0.069 Loaded shared library c:\Users\jibri\.antigravity\extensions\redhat.java-1.54.0-win32-x64\jre\21.0.10-win32-x86_64\bin\zip.dll
Event: 0.083 Loaded shared library C:\Users\jibri\.antigravity\extensions\redhat.java-1.54.0-win32-x64\jre\21.0.10-win32-x86_64\bin\instrument.dll
Event: 0.086 Loaded shared library C:\Users\jibri\.antigravity\extensions\redhat.java-1.54.0-win32-x64\jre\21.0.10-win32-x86_64\bin\net.dll
Event: 0.089 Loaded shared library C:\Users\jibri\.antigravity\extensions\redhat.java-1.54.0-win32-x64\jre\21.0.10-win32-x86_64\bin\nio.dll
Event: 0.091 Loaded shared library C:\Users\jibri\.antigravity\extensions\redhat.java-1.54.0-win32-x64\jre\21.0.10-win32-x86_64\bin\zip.dll
Event: 0.102 Loaded shared library C:\Users\jibri\.antigravity\extensions\redhat.java-1.54.0-win32-x64\jre\21.0.10-win32-x86_64\bin\jimage.dll
Event: 0.143 Loaded shared library c:\Users\jibri\.antigravity\extensions\redhat.java-1.54.0-win32-x64\jre\21.0.10-win32-x86_64\bin\verify.dll
Event: 8.415 Loaded shared library C:\Users\jibri\AppData\Roaming\Antigravity\User\globalStorage\redhat.java\1.54.0\config_win\org.eclipse.equinox.launcher\org.eclipse.equinox.launcher.win32.win32.x86_64_1.3.0.v20260203-2149\eclipse_11919.dll
Event: 16.025 Loaded shared library C:\Users\jibri\AppData\Local\Temp\jna-101119098\jna6614825345017226487.dll
Event: 18.205 Loaded shared library C:\Users\jibri\.antigravity\extensions\redhat.java-1.54.0-win32-x64\jre\21.0.10-win32-x86_64\bin\management.dll
Event: 18.210 Loaded shared library C:\Users\jibri\.antigravity\extensions\redhat.java-1.54.0-win32-x64\jre\21.0.10-win32-x86_64\bin\management_ext.dll
Event: 23.534 Loaded shared library C:\Users\jibri\.gradle\native\1def1411415f61bf3af743bc5b6707747c0891f09f0c88961ee8f79bc544acac\windows-amd64\native-platform.dll
Event: 25.288 Loaded shared library C:\Users\jibri\.antigravity\extensions\redhat.java-1.54.0-win32-x64\jre\21.0.10-win32-x86_64\bin\sunmscapi.dll
Event: 25.527 Loaded shared library C:\Users\jibri\.antigravity\extensions\redhat.java-1.54.0-win32-x64\jre\21.0.10-win32-x86_64\bin\extnet.dll

Deoptimization events (20 events):
Event: 39.944 Thread 0x0000026d947b9060 Uncommon trap: trap_request=0xffffffbe fr.pc=0x0000026d4498529c relative=0x00000000000009dc
Event: 39.944 Thread 0x0000026d947b9060 Uncommon trap: reason=profile_predicate action=maybe_recompile pc=0x0000026d4498529c method=org.eclipse.jdt.internal.core.builder.ReferenceCollection.internSimpleNames([[CZZ)[[C @ 223 c2
Event: 39.944 Thread 0x0000026d947b9060 DEOPT PACKING pc=0x0000026d4498529c sp=0x000000a76f2fde70
Event: 39.944 Thread 0x0000026d947b9060 DEOPT UNPACKING pc=0x0000026d438f3aa2 sp=0x000000a76f2fdde8 mode 2
Event: 39.990 Thread 0x0000026d947b9060 Uncommon trap: trap_request=0xffffffc6 fr.pc=0x0000026d4455f4ac relative=0x00000000000009cc
Event: 39.990 Thread 0x0000026d947b9060 Uncommon trap: reason=bimorphic_or_optimized_type_check action=maybe_recompile pc=0x0000026d4455f4ac method=java.util.zip.InflaterInputStream.read([BII)I @ 78 c2
Event: 39.990 Thread 0x0000026d947b9060 DEOPT PACKING pc=0x0000026d4455f4ac sp=0x000000a76f2fe390
Event: 39.990 Thread 0x0000026d947b9060 DEOPT UNPACKING pc=0x0000026d438f3aa2 sp=0x000000a76f2fe370 mode 2
Event: 39.990 Thread 0x0000026d947b9060 Uncommon trap: trap_request=0xffffff45 fr.pc=0x0000026d449b65f4 relative=0x0000000000000b94
Event: 39.990 Thread 0x0000026d947b9060 Uncommon trap: reason=unstable_if action=reinterpret pc=0x0000026d449b65f4 method=org.eclipse.jdt.internal.core.builder.ReferenceCollection.internSimpleNames([[CZZ)[[C @ 12 c2
Event: 39.990 Thread 0x0000026d947b9060 DEOPT PACKING pc=0x0000026d449b65f4 sp=0x000000a76f2fe4b0
Event: 39.990 Thread 0x0000026d947b9060 DEOPT UNPACKING pc=0x0000026d438f3aa2 sp=0x000000a76f2fe450 mode 2
Event: 40.003 Thread 0x0000026d947b9060 Uncommon trap: trap_request=0xffffffc6 fr.pc=0x0000026d4455f4ac relative=0x00000000000009cc
Event: 40.003 Thread 0x0000026d947b9060 Uncommon trap: reason=bimorphic_or_optimized_type_check action=maybe_recompile pc=0x0000026d4455f4ac method=java.util.zip.InflaterInputStream.read([BII)I @ 78 c2
Event: 40.003 Thread 0x0000026d947b9060 DEOPT PACKING pc=0x0000026d4455f4ac sp=0x000000a76f2fe390
Event: 40.004 Thread 0x0000026d947b9060 DEOPT UNPACKING pc=0x0000026d438f3aa2 sp=0x000000a76f2fe370 mode 2
Event: 40.132 Thread 0x0000026d9c9b9f00 Uncommon trap: trap_request=0xffffffde fr.pc=0x0000026d4469cd64 relative=0x0000000000000504
Event: 40.132 Thread 0x0000026d9c9b9f00 Uncommon trap: reason=class_check action=maybe_recompile pc=0x0000026d4469cd64 method=java.util.HashMap.removeNode(ILjava/lang/Object;Ljava/lang/Object;ZZ)Ljava/util/HashMap$Node; @ 143 c2
Event: 40.132 Thread 0x0000026d9c9b9f00 DEOPT PACKING pc=0x0000026d4469cd64 sp=0x000000a772afeec0
Event: 40.132 Thread 0x0000026d9c9b9f00 DEOPT UNPACKING pc=0x0000026d438f3aa2 sp=0x000000a772afee38 mode 2

Classes loaded (20 events):
Event: 29.430 Loading class java/nio/channels/spi/AbstractSelector$1
Event: 29.431 Loading class java/nio/channels/spi/AbstractSelector$1 done
Event: 29.483 Loading class java/util/concurrent/Executors$AutoShutdownDelegatedExecutorService
Event: 29.484 Loading class java/util/concurrent/Executors$AutoShutdownDelegatedExecutorService done
Event: 29.556 Loading class java/security/DigestInputStream
Event: 29.556 Loading class java/security/DigestInputStream done
Event: 31.001 Loading class sun/nio/cs/ISO_8859_1$Encoder
Event: 31.003 Loading class sun/nio/cs/ISO_8859_1$Encoder done
Event: 31.003 Loading class sun/nio/cs/Surrogate$Parser
Event: 31.003 Loading class sun/nio/cs/Surrogate$Parser done
Event: 31.003 Loading class sun/nio/cs/Surrogate
Event: 31.003 Loading class sun/nio/cs/Surrogate done
Event: 39.696 Loading class java/util/stream/ReduceOps$4
Event: 39.696 Loading class java/util/stream/ReduceOps$4 done
Event: 39.696 Loading class java/util/stream/ReduceOps$4ReducingSink
Event: 39.696 Loading class java/util/stream/ReduceOps$4ReducingSink done
Event: 39.698 Loading class java/nio/file/Files$2
Event: 39.698 Loading class java/nio/file/Files$2 done
Event: 39.826 Loading class java/util/Hashtable$ValueCollection
Event: 39.826 Loading class java/util/Hashtable$ValueCollection done

Classes unloaded (20 events):
Event: 17.172 Thread 0x0000026d4fce4080 Unloading class 0x0000026d511ad400 'java/lang/invoke/LambdaForm$MH+0x0000026d511ad400'
Event: 17.172 Thread 0x0000026d4fce4080 Unloading class 0x0000026d511ad000 'java/lang/invoke/LambdaForm$MH+0x0000026d511ad000'
Event: 17.172 Thread 0x0000026d4fce4080 Unloading class 0x0000026d511acc00 'java/lang/invoke/LambdaForm$MH+0x0000026d511acc00'
Event: 17.172 Thread 0x0000026d4fce4080 Unloading class 0x0000026d511ac800 'java/lang/invoke/LambdaForm$MH+0x0000026d511ac800'
Event: 17.172 Thread 0x0000026d4fce4080 Unloading class 0x0000026d511ac400 'java/lang/invoke/LambdaForm$BMH+0x0000026d511ac400'
Event: 17.172 Thread 0x0000026d4fce4080 Unloading class 0x0000026d511ac000 'java/lang/invoke/LambdaForm$DMH+0x0000026d511ac000'
Event: 17.172 Thread 0x0000026d4fce4080 Unloading class 0x0000026d511aac00 'java/lang/invoke/LambdaForm$DMH+0x0000026d511aac00'
Event: 18.594 Thread 0x0000026d4fce4080 Unloading class 0x0000026d51331000 'java/lang/invoke/LambdaForm$MH+0x0000026d51331000'
Event: 18.594 Thread 0x0000026d4fce4080 Unloading class 0x0000026d51330400 'java/lang/invoke/LambdaForm$MH+0x0000026d51330400'
Event: 18.594 Thread 0x0000026d4fce4080 Unloading class 0x0000026d5132fc00 'java/lang/invoke/LambdaForm$MH+0x0000026d5132fc00'
Event: 18.594 Thread 0x0000026d4fce4080 Unloading class 0x0000026d5132f400 'java/lang/invoke/LambdaForm$MH+0x0000026d5132f400'
Event: 18.594 Thread 0x0000026d4fce4080 Unloading class 0x0000026d5132f000 'java/lang/invoke/LambdaForm$DMH+0x0000026d5132f000'
Event: 18.594 Thread 0x0000026d4fce4080 Unloading class 0x0000026d5132e400 'java/lang/invoke/LambdaForm$MH+0x0000026d5132e400'
Event: 18.594 Thread 0x0000026d4fce4080 Unloading class 0x0000026d5132ac00 'java/lang/invoke/LambdaForm$MH+0x0000026d5132ac00'
Event: 18.594 Thread 0x0000026d4fce4080 Unloading class 0x0000026d5132a400 'java/lang/invoke/LambdaForm$MH+0x0000026d5132a400'
Event: 18.594 Thread 0x0000026d4fce4080 Unloading class 0x0000026d51329c00 'java/lang/invoke/LambdaForm$MH+0x0000026d51329c00'
Event: 18.594 Thread 0x0000026d4fce4080 Unloading class 0x0000026d51329400 'java/lang/invoke/LambdaForm$MH+0x0000026d51329400'
Event: 18.594 Thread 0x0000026d4fce4080 Unloading class 0x0000026d51328c00 'java/lang/invoke/LambdaForm$MH+0x0000026d51328c00'
Event: 18.594 Thread 0x0000026d4fce4080 Unloading class 0x0000026d51328400 'java/lang/invoke/LambdaForm$MH+0x0000026d51328400'
Event: 18.594 Thread 0x0000026d4fce4080 Unloading class 0x0000026d51325c00 'java/lang/invoke/LambdaForm$MH+0x0000026d51325c00'

Classes redefined (0 events):
No events

Internal exceptions (20 events):
Event: 27.730 Thread 0x0000026d9a7b7540 Implicit null exception at 0x0000026d445f73cb to 0x0000026d445f7da4
Event: 28.995 Thread 0x0000026d9a7b7540 Implicit null exception at 0x0000026d446124b1 to 0x0000026d44614f18
Event: 29.001 Thread 0x0000026d9a7b7540 Implicit null exception at 0x0000026d445a84a8 to 0x0000026d445a8d60
Event: 29.426 Thread 0x0000026d9c9b7e30 Exception <a 'java/lang/NoSuchMethodError'{0x00000000d5712778}: 'void java.lang.invoke.DirectMethodHandle$Holder.invokeInterface(java.lang.Object, java.lang.Object, java.lang.Object, java.lang.Object)'> (0x00000000d5712778) 
thrown [s\src\hotspot\share\interpreter\linkResolver.cpp, line 773]
Event: 30.546 Thread 0x0000026d9a7b7540 Exception <a 'java/lang/IncompatibleClassChangeError'{0x00000000d5964318}: Found class java.lang.Object, but interface was expected> (0x00000000d5964318) 
thrown [s\src\hotspot\share\interpreter\linkResolver.cpp, line 840]
Event: 30.546 Thread 0x0000026d9a7ba9c0 Exception <a 'java/lang/IncompatibleClassChangeError'{0x00000000d598f738}: Found class java.lang.Object, but interface was expected> (0x00000000d598f738) 
thrown [s\src\hotspot\share\interpreter\linkResolver.cpp, line 840]
Event: 30.546 Thread 0x0000026d9a6c83a0 Exception <a 'java/lang/IncompatibleClassChangeError'{0x00000000d598eaa8}: Found class java.lang.Object, but interface was expected> (0x00000000d598eaa8) 
thrown [s\src\hotspot\share\interpreter\linkResolver.cpp, line 840]
Event: 30.901 Thread 0x0000026d9a7ba9c0 Exception <a 'java/lang/NoSuchMethodError'{0x00000000d63b0540}: 'java.lang.Object java.lang.invoke.DirectMethodHandle$Holder.invokeVirtual(java.lang.Object, java.lang.Object, int)'> (0x00000000d63b0540) 
thrown [s\src\hotspot\share\interpreter\linkResolver.cpp, line 773]
Event: 31.036 Thread 0x0000026d947b9060 Exception <a 'sun/nio/fs/WindowsException'{0x00000000d55805b0}> (0x00000000d55805b0) 
thrown [s\src\hotspot\share\prims\jni.cpp, line 520]
Event: 31.036 Thread 0x0000026d947b9060 Exception <a 'sun/nio/fs/WindowsException'{0x00000000d5580e90}> (0x00000000d5580e90) 
thrown [s\src\hotspot\share\prims\jni.cpp, line 520]
Event: 31.038 Thread 0x0000026d947b9060 Exception <a 'sun/nio/fs/WindowsException'{0x00000000d558a570}> (0x00000000d558a570) 
thrown [s\src\hotspot\share\prims\jni.cpp, line 520]
Event: 31.038 Thread 0x0000026d947b9060 Exception <a 'sun/nio/fs/WindowsException'{0x00000000d558ae50}> (0x00000000d558ae50) 
thrown [s\src\hotspot\share\prims\jni.cpp, line 520]
Event: 32.807 Thread 0x0000026d9aa676a0 Exception <a 'sun/nio/fs/WindowsException'{0x00000000d56ff618}> (0x00000000d56ff618) 
thrown [s\src\hotspot\share\prims\jni.cpp, line 520]
Event: 33.634 Thread 0x0000026d947b9060 Implicit null exception at 0x0000026d447f10de to 0x0000026d447f1120
Event: 33.650 Thread 0x0000026d9aa676a0 Implicit null exception at 0x0000026d44694fda to 0x0000026d44695033
Event: 39.355 Thread 0x0000026d947b9060 Exception <a 'java/io/FileNotFoundException'{0x00000000d58f49a8}> (0x00000000d58f49a8) 
thrown [s\src\hotspot\share\prims\jni.cpp, line 520]
Event: 39.355 Thread 0x0000026d947b9060 Exception <a 'java/io/FileNotFoundException'{0x00000000d58f5ca0}> (0x00000000d58f5ca0) 
thrown [s\src\hotspot\share\prims\jni.cpp, line 520]
Event: 39.355 Thread 0x0000026d947b9060 Exception <a 'java/io/FileNotFoundException'{0x00000000d58f6cd0}> (0x00000000d58f6cd0) 
thrown [s\src\hotspot\share\prims\jni.cpp, line 520]
Event: 39.700 Thread 0x0000026d947b9060 Exception <a 'java/lang/NoSuchMethodError'{0x00000000d5881c50}: 'int java.lang.invoke.DirectMethodHandle$Holder.invokeSpecialIFC(java.lang.Object, java.lang.Object, java.lang.Object)'> (0x00000000d5881c50) 
thrown [s\src\hotspot\share\interpreter\linkResolver.cpp, line 773]
Event: 39.897 Thread 0x0000026d947b9060 Implicit null exception at 0x0000026d4494893e to 0x0000026d449497e0

ZGC Phase Switch (0 events):
No events

VM Operations (20 events):
Event: 39.373 Executing safepoint VM operation: ParallelGCFailedAllocation (Allocation Failure)
Event: 39.375 Executing safepoint VM operation: ParallelGCFailedAllocation (Allocation Failure) done
Event: 39.448 Executing safepoint VM operation: ParallelGCFailedAllocation (Allocation Failure)
Event: 39.449 Executing safepoint VM operation: ParallelGCFailedAllocation (Allocation Failure) done
Event: 39.589 Executing safepoint VM operation: ParallelGCFailedAllocation (Allocation Failure)
Event: 39.591 Executing safepoint VM operation: ParallelGCFailedAllocation (Allocation Failure) done
Event: 39.719 Executing non-safepoint VM operation: HandshakeAllThreads (Deoptimize)
Event: 39.719 Executing non-safepoint VM operation: HandshakeAllThreads (Deoptimize) done
Event: 39.742 Executing safepoint VM operation: ParallelGCFailedAllocation (Allocation Failure)
Event: 39.744 Executing safepoint VM operation: ParallelGCFailedAllocation (Allocation Failure) done
Event: 39.771 Executing non-safepoint VM operation: HandshakeAllThreads (Deoptimize)
Event: 39.772 Executing non-safepoint VM operation: HandshakeAllThreads (Deoptimize) done
Event: 39.840 Executing safepoint VM operation: ParallelGCFailedAllocation (Allocation Failure)
Event: 39.841 Executing safepoint VM operation: ParallelGCFailedAllocation (Allocation Failure) done
Event: 39.900 Executing non-safepoint VM operation: HandshakeAllThreads (Deoptimize)
Event: 39.900 Executing non-safepoint VM operation: HandshakeAllThreads (Deoptimize) done
Event: 40.066 Executing safepoint VM operation: ParallelGCFailedAllocation (Allocation Failure)
Event: 40.067 Executing safepoint VM operation: ParallelGCFailedAllocation (Allocation Failure) done
Event: 41.073 Executing safepoint VM operation: Cleanup
Event: 41.152 Executing safepoint VM operation: Cleanup done

Memory protections (0 events):
No events

Nmethod flushes (20 events):
Event: 25.097 Thread 0x0000026d4fce4080 flushing  nmethod 0x0000026d3ceed890
Event: 25.097 Thread 0x0000026d4fce4080 flushing  nmethod 0x0000026d3cf10f10
Event: 25.097 Thread 0x0000026d4fce4080 flushing  nmethod 0x0000026d3cf30310
Event: 25.097 Thread 0x0000026d4fce4080 flushing  nmethod 0x0000026d3cf31610
Event: 25.097 Thread 0x0000026d4fce4080 flushing  nmethod 0x0000026d3cf31b90
Event: 25.097 Thread 0x0000026d4fce4080 flushing  nmethod 0x0000026d3cf34590
Event: 25.097 Thread 0x0000026d4fce4080 flushing  nmethod 0x0000026d3cf38f90
Event: 25.097 Thread 0x0000026d4fce4080 flushing  nmethod 0x0000026d3cf71710
Event: 25.097 Thread 0x0000026d4fce4080 flushing  nmethod 0x0000026d3cf76890
Event: 25.097 Thread 0x0000026d4fce4080 flushing  nmethod 0x0000026d3cf88b10
Event: 25.097 Thread 0x0000026d4fce4080 flushing  nmethod 0x0000026d3cf89110
Event: 25.097 Thread 0x0000026d4fce4080 flushing  nmethod 0x0000026d3cf89490
Event: 25.097 Thread 0x0000026d4fce4080 flushing  nmethod 0x0000026d3cf8ac10
Event: 25.097 Thread 0x0000026d4fce4080 flushing  nmethod 0x0000026d3cf8bd90
Event: 25.097 Thread 0x0000026d4fce4080 flushing  nmethod 0x0000026d3cfaeb10
Event: 25.097 Thread 0x0000026d4fce4080 flushing  nmethod 0x0000026d3d014510
Event: 25.097 Thread 0x0000026d4fce4080 flushing  nmethod 0x0000026d3d015690
Event: 25.097 Thread 0x0000026d4fce4080 flushing  nmethod 0x0000026d3d017190
Event: 25.097 Thread 0x0000026d4fce4080 flushing  nmethod 0x0000026d3d018690
Event: 25.097 Thread 0x0000026d4fce4080 flushing  nmethod 0x0000026d3d019390

Events (20 events):
Event: 36.079 Thread 0x0000026d9c0aaba0 Thread exited: 0x0000026d9c0aaba0
Event: 36.584 Thread 0x0000026d393059f0 Thread added: 0x0000026d9c0adb50
Event: 37.031 Thread 0x0000026d9c0adb50 Thread exited: 0x0000026d9c0adb50
Event: 39.263 Thread 0x0000026d921df360 Thread added: 0x0000026d9c0ab940
Event: 39.263 Thread 0x0000026d921df360 Thread added: 0x0000026d9c0ac6e0
Event: 39.470 Thread 0x0000026d947b9060 Thread added: 0x0000026d943bc590
Event: 39.471 Thread 0x0000026d947b9060 Thread added: 0x0000026d943bcc20
Event: 39.471 Thread 0x0000026d947b9060 Thread added: 0x0000026d943bbf00
Event: 39.471 Thread 0x0000026d947b9060 Thread added: 0x0000026d943bd2b0
Event: 39.471 Thread 0x0000026d947b9060 Thread added: 0x0000026d943becf0
Event: 39.471 Thread 0x0000026d947b9060 Thread added: 0x0000026d943bf380
Event: 39.651 Thread 0x0000026d921df360 Thread added: 0x0000026d9c0ac010
Event: 39.651 Thread 0x0000026d9c0ac010 Thread added: 0x0000026d9c0acdb0
Event: 39.761 Thread 0x0000026d947b9060 Thread added: 0x0000026d943c0730
Event: 39.822 Thread 0x0000026d9c0ab940 Thread exited: 0x0000026d9c0ab940
Event: 39.822 Thread 0x0000026d9c0ac6e0 Thread exited: 0x0000026d9c0ac6e0
Event: 39.837 Thread 0x0000026d921df360 Thread added: 0x0000026d9c0ac6e0
Event: 39.838 Thread 0x0000026d921df360 Thread added: 0x0000026d9c0ae220
Event: 41.152 Thread 0x0000026d9c0ae220 Thread exited: 0x0000026d9c0ae220
Event: 41.152 Thread 0x0000026d9c0ac6e0 Thread exited: 0x0000026d9c0ac6e0


Dynamic libraries:
0x00007ff6377e0000 - 0x00007ff6377ee000 	c:\Users\jibri\.antigravity\extensions\redhat.java-1.54.0-win32-x64\jre\21.0.10-win32-x86_64\bin\java.exe
0x00007ffd075a0000 - 0x00007ffd07807000 	C:\WINDOWS\SYSTEM32\ntdll.dll
0x00007ffd05620000 - 0x00007ffd056e9000 	C:\WINDOWS\System32\KERNEL32.DLL
0x00007ffd04ae0000 - 0x00007ffd04ed4000 	C:\WINDOWS\System32\KERNELBASE.dll
0x00007ffd04990000 - 0x00007ffd04adb000 	C:\WINDOWS\System32\ucrtbase.dll
0x00007ffcd35d0000 - 0x00007ffcd35e8000 	c:\Users\jibri\.antigravity\extensions\redhat.java-1.54.0-win32-x64\jre\21.0.10-win32-x86_64\bin\jli.dll
0x00007ffd05330000 - 0x00007ffd054f5000 	C:\WINDOWS\System32\USER32.dll
0x00007ffcc37b0000 - 0x00007ffcc37ce000 	c:\Users\jibri\.antigravity\extensions\redhat.java-1.54.0-win32-x64\jre\21.0.10-win32-x86_64\bin\VCRUNTIME140.dll
0x00007ffd04ee0000 - 0x00007ffd04f07000 	C:\WINDOWS\System32\win32u.dll
0x00007ffce1470000 - 0x00007ffce1703000 	C:\WINDOWS\WinSxS\amd64_microsoft.windows.common-controls_6595b64144ccf1df_6.0.26100.8115_none_3e075c82e3354f9c\COMCTL32.dll
0x00007ffd05c90000 - 0x00007ffd05cbb000 	C:\WINDOWS\System32\GDI32.dll
0x00007ffd065a0000 - 0x00007ffd06649000 	C:\WINDOWS\System32\msvcrt.dll
0x00007ffd05200000 - 0x00007ffd0532b000 	C:\WINDOWS\System32\gdi32full.dll
0x00007ffd03e70000 - 0x00007ffd03f13000 	C:\WINDOWS\System32\msvcp_win.dll
0x00007ffd05a10000 - 0x00007ffd05a42000 	C:\WINDOWS\System32\IMM32.DLL
0x00007ffcde740000 - 0x00007ffcde74c000 	c:\Users\jibri\.antigravity\extensions\redhat.java-1.54.0-win32-x64\jre\21.0.10-win32-x86_64\bin\vcruntime140_1.dll
0x00007ffc6c8f0000 - 0x00007ffc6c97d000 	c:\Users\jibri\.antigravity\extensions\redhat.java-1.54.0-win32-x64\jre\21.0.10-win32-x86_64\bin\msvcp140.dll
0x00007ffc503c0000 - 0x00007ffc51161000 	c:\Users\jibri\.antigravity\extensions\redhat.java-1.54.0-win32-x64\jre\21.0.10-win32-x86_64\bin\server\jvm.dll
0x00007ffd058b0000 - 0x00007ffd05966000 	C:\WINDOWS\System32\ADVAPI32.dll
0x00007ffd05800000 - 0x00007ffd058a7000 	C:\WINDOWS\System32\sechost.dll
0x00007ffd05500000 - 0x00007ffd05618000 	C:\WINDOWS\System32\RPCRT4.dll
0x00007ffd05970000 - 0x00007ffd059f0000 	C:\WINDOWS\System32\WS2_32.dll
0x00007ffd03cd0000 - 0x00007ffd03d2e000 	C:\WINDOWS\SYSTEM32\POWRPROF.dll
0x00007ffcfcb80000 - 0x00007ffcfcb8b000 	C:\WINDOWS\SYSTEM32\VERSION.dll
0x00007ffcf5540000 - 0x00007ffcf5576000 	C:\WINDOWS\SYSTEM32\WINMM.dll
0x00007ffd03cb0000 - 0x00007ffd03cc4000 	C:\WINDOWS\SYSTEM32\UMPDC.dll
0x00007ffd02bd0000 - 0x00007ffd02beb000 	C:\WINDOWS\SYSTEM32\kernel.appcore.dll
0x00007ffcd3510000 - 0x00007ffcd351a000 	c:\Users\jibri\.antigravity\extensions\redhat.java-1.54.0-win32-x64\jre\21.0.10-win32-x86_64\bin\jimage.dll
0x00007ffd01e30000 - 0x00007ffd02072000 	C:\WINDOWS\SYSTEM32\DBGHELP.DLL
0x00007ffd06de0000 - 0x00007ffd07162000 	C:\WINDOWS\System32\combase.dll
0x00007ffd06660000 - 0x00007ffd06738000 	C:\WINDOWS\System32\OLEAUT32.dll
0x00007ffce01a0000 - 0x00007ffce01db000 	C:\WINDOWS\SYSTEM32\dbgcore.DLL
0x00007ffd03fb0000 - 0x00007ffd04055000 	C:\WINDOWS\System32\bcryptPrimitives.dll
0x00007ffcd3450000 - 0x00007ffcd345f000 	c:\Users\jibri\.antigravity\extensions\redhat.java-1.54.0-win32-x64\jre\21.0.10-win32-x86_64\bin\instrument.dll
0x00007ffccaff0000 - 0x00007ffccb010000 	c:\Users\jibri\.antigravity\extensions\redhat.java-1.54.0-win32-x64\jre\21.0.10-win32-x86_64\bin\java.dll
0x00007ffd05e30000 - 0x00007ffd06597000 	C:\WINDOWS\System32\SHELL32.dll
0x00007ffd05090000 - 0x00007ffd051fa000 	C:\WINDOWS\System32\wintypes.dll
0x00007ffd04120000 - 0x00007ffd04988000 	C:\WINDOWS\System32\windows.storage.dll
0x00007ffd05700000 - 0x00007ffd057f8000 	C:\WINDOWS\System32\SHCORE.dll
0x00007ffd05cc0000 - 0x00007ffd05d26000 	C:\WINDOWS\System32\shlwapi.dll
0x00007ffd03d90000 - 0x00007ffd03db9000 	C:\WINDOWS\SYSTEM32\profapi.dll
0x00007ffcc1600000 - 0x00007ffcc1618000 	c:\Users\jibri\.antigravity\extensions\redhat.java-1.54.0-win32-x64\jre\21.0.10-win32-x86_64\bin\zip.dll
0x00007ffccd280000 - 0x00007ffccd290000 	C:\Users\jibri\.antigravity\extensions\redhat.java-1.54.0-win32-x64\jre\21.0.10-win32-x86_64\bin\net.dll
0x00007ffcfcfb0000 - 0x00007ffcfd0dd000 	C:\WINDOWS\SYSTEM32\WINHTTP.dll
0x00007ffd03170000 - 0x00007ffd031dc000 	C:\WINDOWS\system32\mswsock.dll
0x00007ffcbab90000 - 0x00007ffcbaba6000 	C:\Users\jibri\.antigravity\extensions\redhat.java-1.54.0-win32-x64\jre\21.0.10-win32-x86_64\bin\nio.dll
0x00007ffccd0b0000 - 0x00007ffccd0c0000 	c:\Users\jibri\.antigravity\extensions\redhat.java-1.54.0-win32-x64\jre\21.0.10-win32-x86_64\bin\verify.dll
0x00007ffcce2f0000 - 0x00007ffcce335000 	C:\Users\jibri\AppData\Roaming\Antigravity\User\globalStorage\redhat.java\1.54.0\config_win\org.eclipse.equinox.launcher\org.eclipse.equinox.launcher.win32.win32.x86_64_1.3.0.v20260203-2149\eclipse_11919.dll
0x00007ffd07260000 - 0x00007ffd073f7000 	C:\WINDOWS\System32\ole32.dll
0x00007ffd03460000 - 0x00007ffd0347b000 	C:\WINDOWS\SYSTEM32\CRYPTSP.dll
0x00007ffd02b30000 - 0x00007ffd02b69000 	C:\WINDOWS\system32\rsaenh.dll
0x00007ffd03220000 - 0x00007ffd03253000 	C:\WINDOWS\SYSTEM32\USERENV.dll
0x00007ffd03d60000 - 0x00007ffd03d8a000 	C:\WINDOWS\SYSTEM32\bcrypt.dll
0x00007ffd03450000 - 0x00007ffd0345c000 	C:\WINDOWS\SYSTEM32\CRYPTBASE.dll
0x00007ffd025f0000 - 0x00007ffd02622000 	C:\WINDOWS\SYSTEM32\IPHLPAPI.DLL
0x00007ffd056f0000 - 0x00007ffd056fa000 	C:\WINDOWS\System32\NSI.dll
0x00007ffcce2a0000 - 0x00007ffcce2e9000 	C:\Users\jibri\AppData\Local\Temp\jna-101119098\jna6614825345017226487.dll
0x00007ffd05d30000 - 0x00007ffd05d38000 	C:\WINDOWS\System32\PSAPI.DLL
0x00007ffd01330000 - 0x00007ffd0133a000 	C:\Users\jibri\.antigravity\extensions\redhat.java-1.54.0-win32-x64\jre\21.0.10-win32-x86_64\bin\management.dll
0x00007ffccc910000 - 0x00007ffccc91c000 	C:\Users\jibri\.antigravity\extensions\redhat.java-1.54.0-win32-x64\jre\21.0.10-win32-x86_64\bin\management_ext.dll
0x00007ffcfcf40000 - 0x00007ffcfcf5d000 	C:\WINDOWS\SYSTEM32\dhcpcsvc6.DLL
0x00007ffcfcf10000 - 0x00007ffcfcf35000 	C:\WINDOWS\SYSTEM32\dhcpcsvc.DLL
0x00007ffcad480000 - 0x00007ffcad4a7000 	C:\Users\jibri\.gradle\native\1def1411415f61bf3af743bc5b6707747c0891f09f0c88961ee8f79bc544acac\windows-amd64\native-platform.dll
0x00007ffcccd80000 - 0x00007ffcccd8e000 	C:\Users\jibri\.antigravity\extensions\redhat.java-1.54.0-win32-x64\jre\21.0.10-win32-x86_64\bin\sunmscapi.dll
0x00007ffd04f10000 - 0x00007ffd05087000 	C:\WINDOWS\System32\CRYPT32.dll
0x00007ffd03670000 - 0x00007ffd036a0000 	C:\WINDOWS\SYSTEM32\ncrypt.dll
0x00007ffd03620000 - 0x00007ffd0365f000 	C:\WINDOWS\SYSTEM32\NTASN1.dll
0x00007ffd02690000 - 0x00007ffd027c2000 	C:\WINDOWS\SYSTEM32\DNSAPI.dll
0x00007ffcee730000 - 0x00007ffcee73b000 	C:\Windows\System32\rasadhlp.dll
0x00007ffcfc830000 - 0x00007ffcfc8b6000 	C:\WINDOWS\System32\fwpuclnt.dll
0x00007ffcccbd0000 - 0x00007ffcccbd9000 	C:\Users\jibri\.antigravity\extensions\redhat.java-1.54.0-win32-x64\jre\21.0.10-win32-x86_64\bin\extnet.dll
0x00007ffcd6810000 - 0x00007ffcd6818000 	C:\WINDOWS\system32\wshunix.dll

JVMTI agents:
c:\Users\jibri\.antigravity\extensions\redhat.java-1.54.0-win32-x64\lombok\lombok-1.18.39-4050.jar path:c:\Users\jibri\.antigravity\extensions\redhat.java-1.54.0-win32-x64\jre\21.0.10-win32-x86_64\bin\instrument.dll, loaded, initialized, instrumentlib options:none

dbghelp: loaded successfully - version: 4.0.5 - missing functions: none
symbol engine: initialized successfully - sym options: 0x614 - pdb path: .;c:\Users\jibri\.antigravity\extensions\redhat.java-1.54.0-win32-x64\jre\21.0.10-win32-x86_64\bin;C:\WINDOWS\SYSTEM32;C:\WINDOWS\WinSxS\amd64_microsoft.windows.common-controls_6595b64144ccf1df_6.0.26100.8115_none_3e075c82e3354f9c;c:\Users\jibri\.antigravity\extensions\redhat.java-1.54.0-win32-x64\jre\21.0.10-win32-x86_64\bin\server;C:\Users\jibri\AppData\Roaming\Antigravity\User\globalStorage\redhat.java\1.54.0\config_win\org.eclipse.equinox.launcher\org.eclipse.equinox.launcher.win32.win32.x86_64_1.3.0.v20260203-2149;C:\Users\jibri\AppData\Local\Temp\jna-101119098;C:\Users\jibri\.gradle\native\1def1411415f61bf3af743bc5b6707747c0891f09f0c88961ee8f79bc544acac\windows-amd64

VM Arguments:
jvm_args: --add-modules=ALL-SYSTEM --add-opens=java.base/java.util=ALL-UNNAMED --add-opens=java.base/java.lang=ALL-UNNAMED --add-opens=java.base/sun.nio.fs=ALL-UNNAMED -Declipse.application=org.eclipse.jdt.ls.core.id1 -Dosgi.bundles.defaultStartLevel=4 -Declipse.product=org.eclipse.jdt.ls.core.product -Djava.import.generatesMetadataFilesAtProjectRoot=false -DDetectVMInstallationsJob.disabled=true -Dfile.encoding=utf8 -XX:+UseParallelGC -XX:GCTimeRatio=4 -XX:AdaptiveSizePolicyWeight=90 -Dsun.zip.disableMemoryMapping=true -Xmx2G -Xms100m -Xlog:disable -javaagent:c:\Users\jibri\.antigravity\extensions\redhat.java-1.54.0-win32-x64\lombok\lombok-1.18.39-4050.jar -XX:+HeapDumpOnOutOfMemoryError -XX:HeapDumpPath=c:\Users\jibri\AppData\Roaming\Antigravity\User\workspaceStorage\8b75b7c593fc459511d45e689933c160\redhat.java -Daether.dependencyCollector.impl=bf 
java_command: c:\Users\jibri\.antigravity\extensions\redhat.java-1.54.0-win32-x64\server\plugins\org.eclipse.equinox.launcher_1.7.100.v20251111-0406.jar -configuration c:\Users\jibri\AppData\Roaming\Antigravity\User\globalStorage\redhat.java\1.54.0\config_win -data c:\Users\jibri\AppData\Roaming\Antigravity\User\workspaceStorage\8b75b7c593fc459511d45e689933c160\redhat.java\jdt_ws --pipe=\\.\pipe\lsp-ca23a273d21c1c9c575287592bbdbd81-sock
java_class_path (initial): c:\Users\jibri\.antigravity\extensions\redhat.java-1.54.0-win32-x64\server\plugins\org.eclipse.equinox.launcher_1.7.100.v20251111-0406.jar
Launcher Type: SUN_STANDARD

[Global flags]
    uintx AdaptiveSizePolicyWeight                 = 90                                        {product} {command line}
     intx CICompilerCount                          = 12                                        {product} {ergonomic}
    uintx GCTimeRatio                              = 4                                         {product} {command line}
     bool HeapDumpOnOutOfMemoryError               = true                                   {manageable} {command line}
    ccstr HeapDumpPath                             = c:\Users\jibri\AppData\Roaming\Antigravity\User\workspaceStorage\8b75b7c593fc459511d45e689933c160\redhat.java         {manageable} {command line}
   size_t InitialHeapSize                          = 104857600                                 {product} {command line}
   size_t MaxHeapSize                              = 2147483648                                {product} {command line}
   size_t MaxNewSize                               = 715653120                                 {product} {ergonomic}
   size_t MinHeapDeltaBytes                        = 524288                                    {product} {ergonomic}
   size_t MinHeapSize                              = 104857600                                 {product} {command line}
   size_t NewSize                                  = 34603008                                  {product} {ergonomic}
    uintx NonNMethodCodeHeapSize                   = 7602480                                {pd product} {ergonomic}
    uintx NonProfiledCodeHeapSize                  = 122027880                              {pd product} {ergonomic}
   size_t OldSize                                  = 70254592                                  {product} {ergonomic}
    uintx ProfiledCodeHeapSize                     = 122027880                              {pd product} {ergonomic}
    uintx ReservedCodeCacheSize                    = 251658240                              {pd product} {ergonomic}
     bool SegmentedCodeCache                       = true                                      {product} {ergonomic}
   size_t SoftMaxHeapSize                          = 2147483648                             {manageable} {ergonomic}
     bool UseCompressedOops                        = true                           {product lp64_product} {ergonomic}
     bool UseLargePagesIndividualAllocation        = false                                  {pd product} {ergonomic}
     bool UseParallelGC                            = true                                      {product} {command line}

Logging:
Log output configuration:
 #0: stdout all=off uptime,level,tags foldmultilines=false
 #1: stderr all=off uptime,level,tags foldmultilines=false

Release file:
JAVA_VERSION="21.0.10" 
MODULES="java.base java.compiler java.datatransfer java.xml java.prefs java.desktop java.instrument java.logging java.management java.security.sasl java.naming java.rmi java.management.rmi java.net.http java.scripting java.security.jgss java.transaction.xa java.sql java.sql.rowset java.xml.crypto java.se java.smartcardio jdk.accessibility jdk.internal.jvmstat jdk.attach jdk.charsets jdk.internal.opt jdk.zipfs jdk.compiler jdk.crypto.ec jdk.crypto.cryptoki jdk.crypto.mscapi jdk.dynalink jdk.internal.ed jdk.editpad jdk.hotspot.agent jdk.httpserver jdk.internal.le jdk.internal.vm.ci jdk.internal.vm.compiler jdk.internal.vm.compiler.management jdk.jartool jdk.javadoc jdk.jcmd jdk.management jdk.management.agent jdk.jconsole jdk.jdeps jdk.jdwp.agent jdk.jdi jdk.jfr jdk.jshell jdk.jsobject jdk.jstatd jdk.localedata jdk.management.jfr jdk.naming.dns jdk.naming.rmi jdk.net jdk.nio.mapmode jdk.random jdk.sctp jdk.security.auth jdk.security.jgss jdk.unsupported jdk.unsupported.desktop jdk.xml.dom" 

Environment Variables:
JAVA_HOME=C:\Program Files\Java\jdk-17
PATH=C:\Program Files\Microsoft\jdk-17.0.16.8-hotspot\bin;C:\ProgramData\Oracle\Java\javapath;C:\Program Files\NVIDIA GPU Computing Toolkit\CUDA\v12.8\bin;C:\Program Files\NVIDIA GPU Computing Toolkit\CUDA\v12.8\libnvvp;C:\Program Files\Common Files\Oracle\Java\javapath;C:\PHP\phpoldversion\;C:\Windows\system32;C:\Windows;C:\Windows\System32\Wbem;C:\Windows\System32\WindowsPowerShell\v1.0\;C:\Windows\System32\OpenSSH\;C:\Program Files (x86)\NVIDIA Corporation\PhysX\Common;C:\Program Files\Microsoft SQL Server\150\Tools\Binn\;C:\Program Files\Microsoft SQL Server\Client SDK\ODBC\170\Tools\Binn\;C:\ProgramData\ComposerSetup\bin;C:\Users\jibri\.config\herd\bin\nvm;C:\Program Files\nodejs;C:\Program Files\Java\jdk-17\bin;C:\xampp\php;C:\WINDOWS\system32;C:\WINDOWS;C:\WINDOWS\System32\Wbem;C:\WINDOWS\System32\WindowsPowerShell\v1.0\;C:\WINDOWS\System32\OpenSSH\;C:\Program Files\nodejs\;C:\Program Files\Git\cmd;C:\Program Files\Git\bin;C:\Users\jibri\AppData\Local\Pub\Cache\bin;C:\Program Files\NVIDIA Corporation\NVIDIA app\NvDLISR;C:\Program Files\heroku\bin;C:\Program Files\NVIDIA Corporation\Nsight Compute 2025.1.1\;C:\ProgramData\chocolatey\bin;C:\Users\jibri\AppData\Local\Programs\Python\Python310\Scripts;C:\Program Files\dotnet\;C:\Program Files (x86)\Windows Kits\10\Windows Performance Toolkit\;C:\Users\jibri\AppData\Local\Android\Sdk\platform-tools;C:\Program Files\Docker\Docker\resources\bin;C:\Program Files\MySQL\MySQL Shell 8.0\bin\;C:\Users\jibri\AppData\Local\Programs\Python\Python310\Scripts\;C:\Users\jibri\AppData\Local\Programs\Python\Python310\;C:\Users\jibri\.config\herd\bin;C:\Users\jibri\AppData\Local\Microsoft\WindowsApps;C:\Users\jibri\AppData\Local\Programs\Microsoft VS Code\bin;C:\Users\jibri\AppData\Roaming\Composer\vendor\bin;C:\flutter\flutter\bin;C:\Users\jibri\AppData\Roaming\npm;C:\Program Files\Git;C:\Users\jibri\AppData\Local\Pub\Cache\bin;C:\Program Files\heroku\bin;C:\Users\jibri\.dotnet\tools;C:\AppServ\Apache24\bin;C:\AppServ\php7;C:\AppServ\MySQL\bin;C:\Users\jibri\AppData\Local\Android\Sdk\build-tools;C:\ProgramData\chocolatey\bin;C:\Program Files\nodejs\;C:\Users\jibri\AppData\Local\Programs\cursor\resources\app\bin;C:\Users\jibri\AppData\Local\Programs\Antigravity\bin
USERNAME=jibri
OS=Windows_NT
PROCESSOR_IDENTIFIER=Intel64 Family 6 Model 191 Stepping 2, GenuineIntel
TMP=C:\Users\jibri\AppData\Local\Temp
TEMP=C:\Users\jibri\AppData\Local\Temp




Periodic native trim disabled

---------------  S Y S T E M  ---------------

OS:
 Windows 11 , 64 bit Build 26100 (10.0.26100.8246)
OS uptime: 1 days 11:08 hours
Hyper-V role detected

CPU: total 20 (initial active 20) (10 cores per cpu, 2 threads per core) family 6 model 191 stepping 2 microcode 0x2c, cx8, cmov, fxsr, ht, mmx, 3dnowpref, sse, sse2, sse3, ssse3, sse4.1, sse4.2, popcnt, lzcnt, tsc, tscinvbit, avx, avx2, aes, erms, clmul, bmi1, bmi2, adx, sha, fma, vzeroupper, clflush, clflushopt, clwb, hv, serialize, rdtscp, rdpid, fsrm, f16c, cet_ibt, cet_ss
Processor Information for processor 0
  Max Mhz: 2500, Current Mhz: 2500, Mhz Limit: 2500
Processor Information for processor 1
  Max Mhz: 2500, Current Mhz: 2500, Mhz Limit: 2500
Processor Information for processor 2
  Max Mhz: 2500, Current Mhz: 2500, Mhz Limit: 2500
Processor Information for processor 3
  Max Mhz: 2500, Current Mhz: 2500, Mhz Limit: 2500
Processor Information for processor 4
  Max Mhz: 2500, Current Mhz: 2500, Mhz Limit: 2500
Processor Information for processor 5
  Max Mhz: 2500, Current Mhz: 2500, Mhz Limit: 2500
Processor Information for processor 6
  Max Mhz: 2500, Current Mhz: 2500, Mhz Limit: 2500
Processor Information for processor 7
  Max Mhz: 2500, Current Mhz: 2500, Mhz Limit: 2500
Processor Information for processor 8
  Max Mhz: 2500, Current Mhz: 2500, Mhz Limit: 2500
Processor Information for processor 9
  Max Mhz: 2500, Current Mhz: 2500, Mhz Limit: 2500
Processor Information for processor 10
  Max Mhz: 2500, Current Mhz: 2500, Mhz Limit: 2500
Processor Information for processor 11
  Max Mhz: 2500, Current Mhz: 2500, Mhz Limit: 2500
Processor Information for processor 12
  Max Mhz: 2500, Current Mhz: 1800, Mhz Limit: 1800
Processor Information for processor 13
  Max Mhz: 2500, Current Mhz: 1800, Mhz Limit: 1800
Processor Information for processor 14
  Max Mhz: 2500, Current Mhz: 1800, Mhz Limit: 1800
Processor Information for processor 15
  Max Mhz: 2500, Current Mhz: 1800, Mhz Limit: 1800
Processor Information for processor 16
  Max Mhz: 2500, Current Mhz: 1800, Mhz Limit: 1800
Processor Information for processor 17
  Max Mhz: 2500, Current Mhz: 1800, Mhz Limit: 1800
Processor Information for processor 18
  Max Mhz: 2500, Current Mhz: 1800, Mhz Limit: 1800
Processor Information for processor 19
  Max Mhz: 2500, Current Mhz: 1800, Mhz Limit: 1800

Memory: 4k page, system-wide physical 7911M (779M free)
TotalPageFile size 32487M (AvailPageFile size 50M)
current process WorkingSet (physical memory assigned to process): 466M, peak: 528M
current process commit charge ("private bytes"): 664M, peak: 701M

vm_info: OpenJDK 64-Bit Server VM (21.0.10+7-LTS) for windows-amd64 JRE (21.0.10+7-LTS), built on 2026-01-20T00:00:00Z by "admin" with MS VC++ 17.12 (VS2022)

END.
