#
# There is insufficient memory for the Java Runtime Environment to continue.
# Native memory allocation (malloc) failed to allocate 1434576 bytes. Error detail: Chunk::new
# Possible reasons:
#   The system is out of physical RAM or swap space
#   This process is running with CompressedOops enabled, and the Java Heap may be blocking the growth of the native heap
# Possible solutions:
#   Reduce memory load on the system
#   Increase physical memory or swap space
#   Check if swap backing store is full
#   Decrease Java heap size (-Xmx/-Xms)
#   Decrease number of Java threads
#   Decrease Java thread stack sizes (-Xss)
#   Set larger code cache with -XX:ReservedCodeCacheSize=
#   JVM is running with Unscaled Compressed Oops mode in which the Java heap is
#     placed in the first 4GB address space. The Java Heap base address is the
#     maximum limit for the native heap growth. Please use -XX:HeapBaseMinAddress
#     to set the Java Heap base and to place the Java Heap above 4GB virtual address.
# This output file may be truncated or incomplete.
#
#  Out of Memory Error (arena.cpp:168), pid=32108, tid=31884
#
# JRE version: OpenJDK Runtime Environment Temurin-21.0.10+7 (21.0.10+7) (build 21.0.10+7-LTS)
# Java VM: OpenJDK 64-Bit Server VM Temurin-21.0.10+7 (21.0.10+7-LTS, mixed mode, sharing, tiered, compressed oops, compressed class ptrs, parallel gc, windows-amd64)
# No core dump will be written. Minidumps are not enabled by default on client versions of Windows
#

---------------  S U M M A R Y ------------

Command Line: --add-modules=ALL-SYSTEM --add-opens=java.base/java.util=ALL-UNNAMED --add-opens=java.base/java.lang=ALL-UNNAMED --add-opens=java.base/sun.nio.fs=ALL-UNNAMED -Declipse.application=org.eclipse.jdt.ls.core.id1 -Dosgi.bundles.defaultStartLevel=4 -Declipse.product=org.eclipse.jdt.ls.core.product -Djava.import.generatesMetadataFilesAtProjectRoot=false -DDetectVMInstallationsJob.disabled=true -Dfile.encoding=utf8 -XX:+UseParallelGC -XX:GCTimeRatio=4 -XX:AdaptiveSizePolicyWeight=90 -Dsun.zip.disableMemoryMapping=true -Xmx2G -Xms100m -Xlog:disable -javaagent:c:\Users\jibri\.cursor\extensions\redhat.java-1.53.0-win32-x64\lombok\lombok-1.18.39-4050.jar -XX:+HeapDumpOnOutOfMemoryError -XX:HeapDumpPath=c:\Users\jibri\AppData\Roaming\Cursor\User\workspaceStorage\8b75b7c593fc459511d45e689933c160\redhat.java -Daether.dependencyCollector.impl=bf c:\Users\jibri\.cursor\extensions\redhat.java-1.53.0-win32-x64\server\plugins\org.eclipse.equinox.launcher_1.7.100.v20251111-0406.jar -configuration c:\Users\jibri\AppData\Roaming\Cursor\User\globalStorage\redhat.java\1.53.0\config_win -data c:\Users\jibri\AppData\Roaming\Cursor\User\workspaceStorage\8b75b7c593fc459511d45e689933c160\redhat.java\jdt_ws --pipe=\\.\pipe\lsp-272d33929005b806e0203843f8b32cae-sock

Host: 13th Gen Intel(R) Core(TM) i5-13500HX, 20 cores, 7G,  Windows 11 , 64 bit Build 26100 (10.0.26100.7705)
Time: Tue Mar  3 12:43:30 2026 Malay Peninsula Standard Time elapsed time: 4.433583 seconds (0d 0h 0m 4s)

---------------  T H R E A D  ---------------

Current thread (0x000001589a62de10):  JavaThread "C2 CompilerThread0" daemon [_thread_in_native, id=31884, stack(0x0000002ac7700000,0x0000002ac7800000) (1024K)]


Current CompileTask:
C2:4433 3139       4       org.eclipse.core.internal.dtree.DataTreeReader::readNode (248 bytes)

Stack: [0x0000002ac7700000,0x0000002ac7800000]
Native frames: (J=compiled Java code, j=interpreted, Vv=VM code, C=native code)
V  [jvm.dll+0x6d7a39]
V  [jvm.dll+0x8b4b26]
V  [jvm.dll+0x8b70de]
V  [jvm.dll+0x8b77c3]
V  [jvm.dll+0x284346]
V  [jvm.dll+0xc66ed]
V  [jvm.dll+0xc6c31]
V  [jvm.dll+0x3bec01]
V  [jvm.dll+0x38b162]
V  [jvm.dll+0x38a5aa]
V  [jvm.dll+0x24c560]
V  [jvm.dll+0x24bb40]
V  [jvm.dll+0x1cb34e]
V  [jvm.dll+0x25b85d]
V  [jvm.dll+0x259dea]
V  [jvm.dll+0x3f857e]
V  [jvm.dll+0x85f59d]
V  [jvm.dll+0x6d626d]
C  [ucrtbase.dll+0x37b0]
C  [KERNEL32.DLL+0x2e8d7]
C  [ntdll.dll+0x8c40c]


---------------  P R O C E S S  ---------------

Threads class SMR info:
_java_thread_list=0x00000158e3b962b0, length=19, elements={
0x00000158817ec670, 0x000001589a6193c0, 0x000001589a61a6c0, 0x000001589a61d9c0,
0x000001589a61e8a0, 0x000001589a622870, 0x000001589a62ab70, 0x000001589a62de10,
0x00000158dca64b70, 0x00000158dcc72cd0, 0x00000158dcc71fb0, 0x00000158dcc73360,
0x00000158dcc72640, 0x00000158e3a91b00, 0x00000158e3a90750, 0x00000158e3a92eb0,
0x00000158e3a92820, 0x00000158e3a92190, 0x00000158e3b97660
}

Java Threads: ( => current thread )
  0x00000158817ec670 JavaThread "main"                              [_thread_blocked, id=29692, stack(0x0000002ac6d00000,0x0000002ac6e00000) (1024K)]
  0x000001589a6193c0 JavaThread "Reference Handler"          daemon [_thread_blocked, id=34928, stack(0x0000002ac7100000,0x0000002ac7200000) (1024K)]
  0x000001589a61a6c0 JavaThread "Finalizer"                  daemon [_thread_blocked, id=18316, stack(0x0000002ac7200000,0x0000002ac7300000) (1024K)]
  0x000001589a61d9c0 JavaThread "Signal Dispatcher"          daemon [_thread_blocked, id=13716, stack(0x0000002ac7300000,0x0000002ac7400000) (1024K)]
  0x000001589a61e8a0 JavaThread "Attach Listener"            daemon [_thread_blocked, id=24584, stack(0x0000002ac7400000,0x0000002ac7500000) (1024K)]
  0x000001589a622870 JavaThread "Service Thread"             daemon [_thread_blocked, id=32384, stack(0x0000002ac7500000,0x0000002ac7600000) (1024K)]
  0x000001589a62ab70 JavaThread "Monitor Deflation Thread"   daemon [_thread_blocked, id=31484, stack(0x0000002ac7600000,0x0000002ac7700000) (1024K)]
=>0x000001589a62de10 JavaThread "C2 CompilerThread0"         daemon [_thread_in_native, id=31884, stack(0x0000002ac7700000,0x0000002ac7800000) (1024K)]
  0x00000158dca64b70 JavaThread "C1 CompilerThread0"         daemon [_thread_blocked, id=31200, stack(0x0000002ac7800000,0x0000002ac7900000) (1024K)]
  0x00000158dcc72cd0 JavaThread "Common-Cleaner"             daemon [_thread_blocked, id=29044, stack(0x0000002ac7900000,0x0000002ac7a00000) (1024K)]
  0x00000158dcc71fb0 JavaThread "Notification Thread"        daemon [_thread_blocked, id=6664, stack(0x0000002ac7a00000,0x0000002ac7b00000) (1024K)]
  0x00000158dcc73360 JavaThread "Active Thread: Equinox Container: 7d511555-b3e3-49f7-a255-b70cc7581089"        [_thread_blocked, id=31852, stack(0x0000002ac8100000,0x0000002ac8200000) (1024K)]
  0x00000158dcc72640 JavaThread "Refresh Thread: Equinox Container: 7d511555-b3e3-49f7-a255-b70cc7581089" daemon [_thread_blocked, id=30724, stack(0x0000002ac8300000,0x0000002ac8400000) (1024K)]
  0x00000158e3a91b00 JavaThread "Framework Event Dispatcher: Equinox Container: 7d511555-b3e3-49f7-a255-b70cc7581089" daemon [_thread_blocked, id=1644, stack(0x0000002ac8400000,0x0000002ac8500000) (1024K)]
  0x00000158e3a90750 JavaThread "Start Level: Equinox Container: 7d511555-b3e3-49f7-a255-b70cc7581089" daemon [_thread_in_native, id=18436, stack(0x0000002ac8500000,0x0000002ac8600000) (1024K)]
  0x00000158e3a92eb0 JavaThread "Bundle File Closer"         daemon [_thread_blocked, id=5232, stack(0x0000002ac8900000,0x0000002ac8a00000) (1024K)]
  0x00000158e3a92820 JavaThread "SCR Component Actor"        daemon [_thread_blocked, id=31920, stack(0x0000002ac8a00000,0x0000002ac8b00000) (1024K)]
  0x00000158e3a92190 JavaThread "Worker-JM"                         [_thread_blocked, id=31924, stack(0x0000002ac8b00000,0x0000002ac8c00000) (1024K)]
  0x00000158e3b97660 JavaThread "C1 CompilerThread1"         daemon [_thread_blocked, id=31940, stack(0x0000002ac8c00000,0x0000002ac8d00000) (1024K)]
Total: 19

Other Threads:
  0x0000015883c257b0 VMThread "VM Thread"                           [id=33732, stack(0x0000002ac7000000,0x0000002ac7100000) (1024K)]
  0x000001589a50ca00 WatcherThread "VM Periodic Task Thread"        [id=31008, stack(0x0000002ac6f00000,0x0000002ac7000000) (1024K)]
  0x0000015883ba4f10 WorkerThread "GC Thread#0"                     [id=28692, stack(0x0000002ac6e00000,0x0000002ac6f00000) (1024K)]
  0x00000158e33ba9a0 WorkerThread "GC Thread#1"                     [id=30552, stack(0x0000002ac7b00000,0x0000002ac7c00000) (1024K)]
  0x00000158e33f3030 WorkerThread "GC Thread#2"                     [id=35532, stack(0x0000002ac7c00000,0x0000002ac7d00000) (1024K)]
  0x00000158e33f77a0 WorkerThread "GC Thread#3"                     [id=32624, stack(0x0000002ac7d00000,0x0000002ac7e00000) (1024K)]
  0x00000158e33f7b50 WorkerThread "GC Thread#4"                     [id=28308, stack(0x0000002ac7e00000,0x0000002ac7f00000) (1024K)]
  0x00000158e33cb490 WorkerThread "GC Thread#5"                     [id=35688, stack(0x0000002ac7f00000,0x0000002ac8000000) (1024K)]
  0x00000158e33be840 WorkerThread "GC Thread#6"                     [id=34448, stack(0x0000002ac8000000,0x0000002ac8100000) (1024K)]
  0x00000158e33bebf0 WorkerThread "GC Thread#7"                     [id=32792, stack(0x0000002ac8200000,0x0000002ac8300000) (1024K)]
  0x00000158e33bd220 WorkerThread "GC Thread#8"                     [id=35376, stack(0x0000002ac8600000,0x0000002ac8700000) (1024K)]
  0x00000158e33bd5d0 WorkerThread "GC Thread#9"                     [id=25444, stack(0x0000002ac8700000,0x0000002ac8800000) (1024K)]
  0x00000158e33bd980 WorkerThread "GC Thread#10"                    [id=35516, stack(0x0000002ac8800000,0x0000002ac8900000) (1024K)]
  0x00000158e33bdd30 WorkerThread "GC Thread#11"                    [id=29340, stack(0x0000002ac8d00000,0x0000002ac8e00000) (1024K)]
  0x00000158e33be0e0 WorkerThread "GC Thread#12"                    [id=35100, stack(0x0000002ac8e00000,0x0000002ac8f00000) (1024K)]
  0x00000158e41fcf20 WorkerThread "GC Thread#13"                    [id=32120, stack(0x0000002ac8f00000,0x0000002ac9000000) (1024K)]
Total: 16

Threads with active compile tasks:
C2 CompilerThread0  4465 3139       4       org.eclipse.core.internal.dtree.DataTreeReader::readNode (248 bytes)
Total: 1

VM state: not at safepoint (normal execution)

VM Mutex/Monitor currently owned by a thread: None

Heap address: 0x0000000080000000, size: 2048 MB, Compressed Oops mode: 32-bit

CDS archive(s) mapped at: [0x000001589b000000-0x000001589bba0000-0x000001589bba0000), size 12189696, SharedBaseAddress: 0x000001589b000000, ArchiveRelocationMode: 1.
Compressed class space mapped at: 0x000001589c000000-0x00000158dc000000, reserved size: 1073741824
Narrow klass base: 0x000001589b000000, Narrow klass shift: 0, Narrow klass range: 0x100000000

GC Precious Log:
 CardTable entry size: 512
 CPUs: 20 total, 20 available
 Memory: 7911M
 Large Page Support: Disabled
 NUMA Support: Disabled
 Compressed Oops: Enabled (32-bit)
 Alignments: Space 512K, Generation 512K, Heap 2M
 Heap Min Capacity: 100M
 Heap Initial Capacity: 100M
 Heap Max Capacity: 2G
 Pre-touch: Disabled
 Parallel Workers: 15

Heap:
 PSYoungGen      total 29184K, used 20459K [0x00000000d5580000, 0x00000000d7a00000, 0x0000000100000000)
  eden space 25088K, 65% used [0x00000000d5580000,0x00000000d657d048,0x00000000d6e00000)
  from space 4096K, 99% used [0x00000000d6e80000,0x00000000d727dda0,0x00000000d7280000)
  to   space 6144K, 0% used [0x00000000d7400000,0x00000000d7400000,0x00000000d7a00000)
 ParOldGen       total 68608K, used 8813K [0x0000000080000000, 0x0000000084300000, 0x00000000d5580000)
  object space 68608K, 12% used [0x0000000080000000,0x000000008089b7c8,0x0000000084300000)
 Metaspace       used 15615K, committed 16320K, reserved 1114112K
  class space    used 1617K, committed 1920K, reserved 1048576K

Card table byte_map: [0x0000015883550000,0x0000015883960000] _byte_map_base: 0x0000015883150000

Marking Bits: (ParMarkBitMap*) 0x00007ffc3d243450
 Begin Bits: [0x0000015896030000, 0x0000015898030000)
 End Bits:   [0x0000015898030000, 0x000001589a030000)

Polling page: 0x0000015883340000

Metaspace:

Usage:
  Non-class:     13.67 MB used.
      Class:      1.58 MB used.
       Both:     15.25 MB used.

Virtual space:
  Non-class space:       64.00 MB reserved,      14.06 MB ( 22%) committed,  1 nodes.
      Class space:        1.00 GB reserved,       1.88 MB ( <1%) committed,  1 nodes.
             Both:        1.06 GB reserved,      15.94 MB (  1%) committed. 

Chunk freelists:
   Non-Class:  1.98 MB
       Class:  13.98 MB
        Both:  15.97 MB

MaxMetaspaceSize: unlimited
CompressedClassSpaceSize: 1.00 GB
Initial GC threshold: 21.00 MB
Current GC threshold: 21.00 MB
CDS: on
 - commit_granule_bytes: 65536.
 - commit_granule_words: 8192.
 - virtual_space_node_default_size: 8388608.
 - enlarge_chunks_in_place: 1.
 - use_allocation_guard: 0.


Internal statistics:

num_allocs_failed_limit: 0.
num_arena_births: 434.
num_arena_deaths: 0.
num_vsnodes_births: 2.
num_vsnodes_deaths: 0.
num_space_committed: 255.
num_space_uncommitted: 0.
num_chunks_returned_to_freelist: 0.
num_chunks_taken_from_freelist: 983.
num_chunk_merges: 0.
num_chunk_splits: 626.
num_chunks_enlarged: 393.
num_inconsistent_stats: 0.

CodeHeap 'non-profiled nmethods': size=119168Kb used=1273Kb max_used=1273Kb free=117895Kb
 bounds [0x000001588e920000, 0x000001588eb90000, 0x0000015895d80000]
CodeHeap 'profiled nmethods': size=119104Kb used=6567Kb max_used=6567Kb free=112536Kb
 bounds [0x0000015886d80000, 0x00000158873f0000, 0x000001588e1d0000]
CodeHeap 'non-nmethods': size=7488Kb used=1828Kb max_used=1843Kb free=5659Kb
 bounds [0x000001588e1d0000, 0x000001588e440000, 0x000001588e920000]
CodeCache: size=245760Kb, used=9668Kb, max_used=9683Kb, free=236090Kb
 total_blobs=3706, nmethods=3170, adapters=441, full_count=0
Compilation: enabled, stopped_count=0, restarted_count=0

Compilation events (20 events):
Event: 3.402 Thread 0x00000158dca64b70 3175       3       org.eclipse.core.internal.dtree.AbstractDataTreeNode::indexOfChild (75 bytes)
Event: 3.403 Thread 0x00000158e3b97660 3174       3       org.eclipse.core.internal.dtree.AbstractDataTreeNode::childAtOrNull (21 bytes)
Event: 3.403 Thread 0x00000158dca64b70 nmethod 3175 0x00000158873db210 code [0x00000158873db3e0, 0x00000158873db730]
Event: 3.403 Thread 0x00000158e3b97660 nmethod 3174 0x00000158873db910 code [0x00000158873dbac0, 0x00000158873dbd30]
Event: 3.407 Thread 0x00000158dca64b70 3177   !   3       java.io.FileInputStream::read (32 bytes)
Event: 3.407 Thread 0x00000158dca64b70 nmethod 3177 0x00000158873dbe90 code [0x00000158873dc060, 0x00000158873dc288]
Event: 3.412 Thread 0x00000158dca64b70 3178   !   3       java.io.FileInputStream::available (24 bytes)
Event: 3.412 Thread 0x00000158dca64b70 nmethod 3178 0x00000158873dc410 code [0x00000158873dc5e0, 0x00000158873dc7f0]
Event: 3.413 Thread 0x00000158e3b97660 3179       3       org.eclipse.core.runtime.Path::segmentCount (6 bytes)
Event: 3.413 Thread 0x00000158e3b97660 nmethod 3179 0x00000158873dc910 code [0x00000158873dcaa0, 0x00000158873dcbc8]
Event: 3.415 Thread 0x00000158dca64b70 3180       1       org.eclipse.core.internal.dtree.DataDeltaNode::isDelta (2 bytes)
Event: 3.415 Thread 0x00000158dca64b70 nmethod 3180 0x000001588ea5d810 code [0x000001588ea5d9a0, 0x000001588ea5da68]
Event: 3.415 Thread 0x00000158e3b97660 3181       1       org.eclipse.core.internal.dtree.DataTreeNode::hasData (2 bytes)
Event: 3.415 Thread 0x00000158dca64b70 3182       1       org.eclipse.core.internal.dtree.DataTreeNode::getData (5 bytes)
Event: 3.415 Thread 0x00000158e3b97660 nmethod 3181 0x000001588ea5db10 code [0x000001588ea5dca0, 0x000001588ea5dd68]
Event: 3.415 Thread 0x00000158dca64b70 nmethod 3182 0x000001588ea5de10 code [0x000001588ea5dfa0, 0x000001588ea5e068]
Event: 3.418 Thread 0x00000158dca64b70 3183       1       org.eclipse.core.internal.resources.ResourceInfo::setMarkers (6 bytes)
Event: 3.418 Thread 0x00000158dca64b70 nmethod 3183 0x000001588ea5e110 code [0x000001588ea5e2a0, 0x000001588ea5e380]
Event: 3.432 Thread 0x00000158e3b97660 3186       3       org.eclipse.core.internal.dtree.DeltaDataTree::lookup (158 bytes)
Event: 4.428 Thread 0x00000158e3b97660 nmethod 3186 0x00000158873dcc90 code [0x00000158873dcf40, 0x00000158873ddcf8]

GC Heap History (10 events):
Event: 0.579 GC heap before
{Heap before GC invocations=1 (full 0):
 PSYoungGen      total 29696K, used 25600K [0x00000000d5580000, 0x00000000d7680000, 0x0000000100000000)
  eden space 25600K, 100% used [0x00000000d5580000,0x00000000d6e80000,0x00000000d6e80000)
  from space 4096K, 0% used [0x00000000d7280000,0x00000000d7280000,0x00000000d7680000)
  to   space 4096K, 0% used [0x00000000d6e80000,0x00000000d6e80000,0x00000000d7280000)
 ParOldGen       total 68608K, used 0K [0x0000000080000000, 0x0000000084300000, 0x00000000d5580000)
  object space 68608K, 0% used [0x0000000080000000,0x0000000080000000,0x0000000084300000)
 Metaspace       used 4358K, committed 4608K, reserved 1114112K
  class space    used 473K, committed 576K, reserved 1048576K
}
Event: 0.606 GC heap after
{Heap after GC invocations=1 (full 0):
 PSYoungGen      total 29696K, used 3287K [0x00000000d5580000, 0x00000000d7680000, 0x0000000100000000)
  eden space 25600K, 0% used [0x00000000d5580000,0x00000000d5580000,0x00000000d6e80000)
  from space 4096K, 80% used [0x00000000d6e80000,0x00000000d71b5ea8,0x00000000d7280000)
  to   space 4096K, 0% used [0x00000000d7280000,0x00000000d7280000,0x00000000d7680000)
 ParOldGen       total 68608K, used 16K [0x0000000080000000, 0x0000000084300000, 0x00000000d5580000)
  object space 68608K, 0% used [0x0000000080000000,0x0000000080004000,0x0000000084300000)
 Metaspace       used 4358K, committed 4608K, reserved 1114112K
  class space    used 473K, committed 576K, reserved 1048576K
}
Event: 1.172 GC heap before
{Heap before GC invocations=2 (full 0):
 PSYoungGen      total 29696K, used 28887K [0x00000000d5580000, 0x00000000d7680000, 0x0000000100000000)
  eden space 25600K, 100% used [0x00000000d5580000,0x00000000d6e80000,0x00000000d6e80000)
  from space 4096K, 80% used [0x00000000d6e80000,0x00000000d71b5ea8,0x00000000d7280000)
  to   space 4096K, 0% used [0x00000000d7280000,0x00000000d7280000,0x00000000d7680000)
 ParOldGen       total 68608K, used 16K [0x0000000080000000, 0x0000000084300000, 0x00000000d5580000)
  object space 68608K, 0% used [0x0000000080000000,0x0000000080004000,0x0000000084300000)
 Metaspace       used 7997K, committed 8256K, reserved 1114112K
  class space    used 830K, committed 960K, reserved 1048576K
}
Event: 1.177 GC heap after
{Heap after GC invocations=2 (full 0):
 PSYoungGen      total 29696K, used 4070K [0x00000000d5580000, 0x00000000d7680000, 0x0000000100000000)
  eden space 25600K, 0% used [0x00000000d5580000,0x00000000d5580000,0x00000000d6e80000)
  from space 4096K, 99% used [0x00000000d7280000,0x00000000d7679800,0x00000000d7680000)
  to   space 4096K, 0% used [0x00000000d6e80000,0x00000000d6e80000,0x00000000d7280000)
 ParOldGen       total 68608K, used 2041K [0x0000000080000000, 0x0000000084300000, 0x00000000d5580000)
  object space 68608K, 2% used [0x0000000080000000,0x00000000801fe638,0x0000000084300000)
 Metaspace       used 7997K, committed 8256K, reserved 1114112K
  class space    used 830K, committed 960K, reserved 1048576K
}
Event: 1.589 GC heap before
{Heap before GC invocations=3 (full 0):
 PSYoungGen      total 29696K, used 29670K [0x00000000d5580000, 0x00000000d7680000, 0x0000000100000000)
  eden space 25600K, 100% used [0x00000000d5580000,0x00000000d6e80000,0x00000000d6e80000)
  from space 4096K, 99% used [0x00000000d7280000,0x00000000d7679800,0x00000000d7680000)
  to   space 4096K, 0% used [0x00000000d6e80000,0x00000000d6e80000,0x00000000d7280000)
 ParOldGen       total 68608K, used 2041K [0x0000000080000000, 0x0000000084300000, 0x00000000d5580000)
  object space 68608K, 2% used [0x0000000080000000,0x00000000801fe638,0x0000000084300000)
 Metaspace       used 9465K, committed 9792K, reserved 1114112K
  class space    used 1007K, committed 1152K, reserved 1048576K
}
Event: 1.596 GC heap after
{Heap after GC invocations=3 (full 0):
 PSYoungGen      total 29696K, used 4071K [0x00000000d5580000, 0x00000000d7680000, 0x0000000100000000)
  eden space 25600K, 0% used [0x00000000d5580000,0x00000000d5580000,0x00000000d6e80000)
  from space 4096K, 99% used [0x00000000d6e80000,0x00000000d7279e40,0x00000000d7280000)
  to   space 4096K, 0% used [0x00000000d7280000,0x00000000d7280000,0x00000000d7680000)
 ParOldGen       total 68608K, used 5000K [0x0000000080000000, 0x0000000084300000, 0x00000000d5580000)
  object space 68608K, 7% used [0x0000000080000000,0x00000000804e2150,0x0000000084300000)
 Metaspace       used 9465K, committed 9792K, reserved 1114112K
  class space    used 1007K, committed 1152K, reserved 1048576K
}
Event: 2.072 GC heap before
{Heap before GC invocations=4 (full 0):
 PSYoungGen      total 29696K, used 29669K [0x00000000d5580000, 0x00000000d7680000, 0x0000000100000000)
  eden space 25600K, 99% used [0x00000000d5580000,0x00000000d6e7f840,0x00000000d6e80000)
  from space 4096K, 99% used [0x00000000d6e80000,0x00000000d7279e40,0x00000000d7280000)
  to   space 4096K, 0% used [0x00000000d7280000,0x00000000d7280000,0x00000000d7680000)
 ParOldGen       total 68608K, used 5000K [0x0000000080000000, 0x0000000084300000, 0x00000000d5580000)
  object space 68608K, 7% used [0x0000000080000000,0x00000000804e2150,0x0000000084300000)
 Metaspace       used 11752K, committed 12160K, reserved 1114112K
  class space    used 1243K, committed 1408K, reserved 1048576K
}
Event: 2.077 GC heap after
{Heap after GC invocations=4 (full 0):
 PSYoungGen      total 29696K, used 4092K [0x00000000d5580000, 0x00000000d7680000, 0x0000000100000000)
  eden space 25600K, 0% used [0x00000000d5580000,0x00000000d5580000,0x00000000d6e80000)
  from space 4096K, 99% used [0x00000000d7280000,0x00000000d767f180,0x00000000d7680000)
  to   space 4096K, 0% used [0x00000000d6e80000,0x00000000d6e80000,0x00000000d7280000)
 ParOldGen       total 68608K, used 6818K [0x0000000080000000, 0x0000000084300000, 0x00000000d5580000)
  object space 68608K, 9% used [0x0000000080000000,0x00000000806a8b18,0x0000000084300000)
 Metaspace       used 11752K, committed 12160K, reserved 1114112K
  class space    used 1243K, committed 1408K, reserved 1048576K
}
Event: 3.375 GC heap before
{Heap before GC invocations=5 (full 0):
 PSYoungGen      total 29696K, used 29692K [0x00000000d5580000, 0x00000000d7680000, 0x0000000100000000)
  eden space 25600K, 100% used [0x00000000d5580000,0x00000000d6e80000,0x00000000d6e80000)
  from space 4096K, 99% used [0x00000000d7280000,0x00000000d767f180,0x00000000d7680000)
  to   space 4096K, 0% used [0x00000000d6e80000,0x00000000d6e80000,0x00000000d7280000)
 ParOldGen       total 68608K, used 6818K [0x0000000080000000, 0x0000000084300000, 0x00000000d5580000)
  object space 68608K, 9% used [0x0000000080000000,0x00000000806a8b18,0x0000000084300000)
 Metaspace       used 15532K, committed 16128K, reserved 1114112K
  class space    used 1607K, committed 1856K, reserved 1048576K
}
Event: 3.378 GC heap after
{Heap after GC invocations=5 (full 0):
 PSYoungGen      total 29184K, used 4087K [0x00000000d5580000, 0x00000000d7a00000, 0x0000000100000000)
  eden space 25088K, 0% used [0x00000000d5580000,0x00000000d5580000,0x00000000d6e00000)
  from space 4096K, 99% used [0x00000000d6e80000,0x00000000d727dda0,0x00000000d7280000)
  to   space 6144K, 0% used [0x00000000d7400000,0x00000000d7400000,0x00000000d7a00000)
 ParOldGen       total 68608K, used 8813K [0x0000000080000000, 0x0000000084300000, 0x00000000d5580000)
  object space 68608K, 12% used [0x0000000080000000,0x000000008089b7c8,0x0000000084300000)
 Metaspace       used 15532K, committed 16128K, reserved 1114112K
  class space    used 1607K, committed 1856K, reserved 1048576K
}

Dll operation events (9 events):
Event: 0.011 Loaded shared library c:\Users\jibri\.cursor\extensions\redhat.java-1.53.0-win32-x64\jre\21.0.10-win32-x86_64\bin\java.dll
Event: 0.083 Loaded shared library c:\Users\jibri\.cursor\extensions\redhat.java-1.53.0-win32-x64\jre\21.0.10-win32-x86_64\bin\zip.dll
Event: 0.100 Loaded shared library C:\Users\jibri\.cursor\extensions\redhat.java-1.53.0-win32-x64\jre\21.0.10-win32-x86_64\bin\instrument.dll
Event: 0.105 Loaded shared library C:\Users\jibri\.cursor\extensions\redhat.java-1.53.0-win32-x64\jre\21.0.10-win32-x86_64\bin\net.dll
Event: 0.108 Loaded shared library C:\Users\jibri\.cursor\extensions\redhat.java-1.53.0-win32-x64\jre\21.0.10-win32-x86_64\bin\nio.dll
Event: 0.112 Loaded shared library C:\Users\jibri\.cursor\extensions\redhat.java-1.53.0-win32-x64\jre\21.0.10-win32-x86_64\bin\zip.dll
Event: 0.126 Loaded shared library C:\Users\jibri\.cursor\extensions\redhat.java-1.53.0-win32-x64\jre\21.0.10-win32-x86_64\bin\jimage.dll
Event: 0.190 Loaded shared library c:\Users\jibri\.cursor\extensions\redhat.java-1.53.0-win32-x64\jre\21.0.10-win32-x86_64\bin\verify.dll
Event: 1.211 Loaded shared library C:\Users\jibri\AppData\Roaming\Cursor\User\globalStorage\redhat.java\1.53.0\config_win\org.eclipse.equinox.launcher\org.eclipse.equinox.launcher.win32.win32.x86_64_1.3.0.v20260203-2149\eclipse_11919.dll

Deoptimization events (20 events):
Event: 3.432 Thread 0x00000158e3a90750 DEOPT PACKING pc=0x00000158873cfcbe sp=0x0000002ac85f9680
Event: 3.432 Thread 0x00000158e3a90750 DEOPT UNPACKING pc=0x000001588e224242 sp=0x0000002ac85f8bc0 mode 0
Event: 3.433 Thread 0x00000158e3a90750 DEOPT PACKING pc=0x00000158873cfcbe sp=0x0000002ac85f9680
Event: 3.433 Thread 0x00000158e3a90750 DEOPT UNPACKING pc=0x000001588e224242 sp=0x0000002ac85f8bc0 mode 0
Event: 3.433 Thread 0x00000158e3a90750 DEOPT PACKING pc=0x00000158873cfcbe sp=0x0000002ac85f9680
Event: 3.433 Thread 0x00000158e3a90750 DEOPT UNPACKING pc=0x000001588e224242 sp=0x0000002ac85f8bc0 mode 0
Event: 3.434 Thread 0x00000158e3a90750 DEOPT PACKING pc=0x00000158873cfcbe sp=0x0000002ac85f9680
Event: 3.434 Thread 0x00000158e3a90750 DEOPT UNPACKING pc=0x000001588e224242 sp=0x0000002ac85f8bc0 mode 0
Event: 3.434 Thread 0x00000158e3a90750 DEOPT PACKING pc=0x00000158873cfcbe sp=0x0000002ac85f9680
Event: 3.434 Thread 0x00000158e3a90750 DEOPT UNPACKING pc=0x000001588e224242 sp=0x0000002ac85f8bc0 mode 0
Event: 3.434 Thread 0x00000158e3a90750 DEOPT PACKING pc=0x00000158873cfcbe sp=0x0000002ac85f9680
Event: 3.434 Thread 0x00000158e3a90750 DEOPT UNPACKING pc=0x000001588e224242 sp=0x0000002ac85f8bc0 mode 0
Event: 3.435 Thread 0x00000158e3a90750 DEOPT PACKING pc=0x00000158873cfcbe sp=0x0000002ac85f9680
Event: 3.435 Thread 0x00000158e3a90750 DEOPT UNPACKING pc=0x000001588e224242 sp=0x0000002ac85f8bc0 mode 0
Event: 3.435 Thread 0x00000158e3a90750 DEOPT PACKING pc=0x00000158873cfcbe sp=0x0000002ac85f9680
Event: 3.435 Thread 0x00000158e3a90750 DEOPT UNPACKING pc=0x000001588e224242 sp=0x0000002ac85f8bc0 mode 0
Event: 3.435 Thread 0x00000158e3a90750 DEOPT PACKING pc=0x00000158873cfcbe sp=0x0000002ac85f9680
Event: 3.435 Thread 0x00000158e3a90750 DEOPT UNPACKING pc=0x000001588e224242 sp=0x0000002ac85f8bc0 mode 0
Event: 3.436 Thread 0x00000158e3a90750 DEOPT PACKING pc=0x00000158873cfcbe sp=0x0000002ac85f9680
Event: 3.436 Thread 0x00000158e3a90750 DEOPT UNPACKING pc=0x000001588e224242 sp=0x0000002ac85f8bc0 mode 0

Classes loaded (20 events):
Event: 2.329 Loading class java/text/FieldPosition$Delegate
Event: 2.329 Loading class java/text/FieldPosition$Delegate done
Event: 2.329 Loading class java/text/MessageFormat$Field
Event: 2.329 Loading class java/text/MessageFormat$Field done
Event: 2.340 Loading class java/util/stream/SortedOps
Event: 2.340 Loading class java/util/stream/SortedOps done
Event: 2.340 Loading class java/util/stream/SortedOps$OfRef
Event: 2.340 Loading class java/util/stream/ReferencePipeline$StatefulOp
Event: 2.340 Loading class java/util/stream/ReferencePipeline$StatefulOp done
Event: 2.340 Loading class java/util/stream/SortedOps$OfRef done
Event: 2.340 Loading class java/util/stream/SortedOps$RefSortingSink
Event: 2.340 Loading class java/util/stream/SortedOps$AbstractRefSortingSink
Event: 2.341 Loading class java/util/stream/SortedOps$AbstractRefSortingSink done
Event: 2.341 Loading class java/util/stream/SortedOps$RefSortingSink done
Event: 2.350 Loading class java/util/zip/ZipOutputStream
Event: 2.350 Loading class java/util/zip/DeflaterOutputStream
Event: 2.350 Loading class java/util/zip/DeflaterOutputStream done
Event: 2.350 Loading class java/util/zip/ZipOutputStream done
Event: 3.386 Loading class java/io/FilenameFilter
Event: 3.386 Loading class java/io/FilenameFilter done

Classes unloaded (0 events):
No events

Classes redefined (0 events):
No events

Internal exceptions (20 events):
Event: 1.095 Thread 0x00000158817ec670 Exception <a 'java/lang/ClassNotFoundException'{0x00000000d6abc930}: sun/net/www/protocol/plurl/Handler> (0x00000000d6abc930) 
thrown [s\src\hotspot\share\classfile\systemDictionary.cpp, line 312]
Event: 1.204 Thread 0x00000158817ec670 Exception <a 'java/lang/UnsatisfiedLinkError'{0x00000000d568e8f8}: 'void org.eclipse.equinox.launcher.JNIBridge._update_splash()'> (0x00000000d568e8f8) 
thrown [s\src\hotspot\share\prims\nativeLookup.cpp, line 415]
Event: 1.240 Thread 0x00000158dcc72640 Exception <a 'java/lang/NoSuchMethodError'{0x00000000d58ec7d0}: 'void java.lang.invoke.DirectMethodHandle$Holder.invokeInterface(java.lang.Object, java.lang.Object, java.lang.Object)'> (0x00000000d58ec7d0) 
thrown [s\src\hotspot\share\interpreter\linkResolver.cpp, line 773]
Event: 1.335 Thread 0x00000158e3a90750 Exception <a 'java/lang/NoSuchMethodError'{0x00000000d5cbaf60}: 'java.lang.Object java.lang.invoke.DirectMethodHandle$Holder.newInvokeSpecial(java.lang.Object, java.lang.Object, int, java.lang.Object)'> (0x00000000d5cbaf60) 
thrown [s\src\hotspot\share\interpreter\linkResolver.cpp, line 773]
Event: 1.335 Thread 0x00000158e3a90750 Exception <a 'java/lang/NoSuchMethodError'{0x00000000d5cbed90}: 'java.lang.Object java.lang.invoke.DirectMethodHandle$Holder.invokeSpecial(java.lang.Object, java.lang.Object, java.lang.Object, int, java.lang.Object)'> (0x00000000d5cbed90) 
thrown [s\src\hotspot\share\interpreter\linkResolver.cpp, line 773]
Event: 1.350 Thread 0x00000158e3a90750 Exception <a 'java/lang/NoClassDefFoundError'{0x00000000d5d66720}: jakarta/servlet/ServletContainerInitializer> (0x00000000d5d66720) 
thrown [s\src\hotspot\share\classfile\systemDictionary.cpp, line 301]
Event: 1.382 Thread 0x00000158e3a90750 Exception <a 'java/lang/ClassNotFoundException'{0x00000000d5ecbca0}: sun/util/logging/resources/spi/loggingProvider> (0x00000000d5ecbca0) 
thrown [s\src\hotspot\share\classfile\systemDictionary.cpp, line 312]
Event: 2.015 Thread 0x00000158e3a90750 Exception <a 'java/lang/NullPointerException'{0x00000000d669ff70}> (0x00000000d669ff70) 
thrown [s\src\hotspot\share\interpreter\linkResolver.cpp, line 1372]
Event: 2.015 Thread 0x00000158e3a90750 Exception <a 'java/lang/NullPointerException'{0x00000000d66a0250}> (0x00000000d66a0250) 
thrown [s\src\hotspot\share\interpreter\linkResolver.cpp, line 1372]
Event: 2.099 Thread 0x00000158e3a90750 Exception <a 'java/lang/NoSuchMethodError'{0x00000000d573b230}: 'long java.lang.invoke.DirectMethodHandle$Holder.invokeSpecial(java.lang.Object, java.lang.Object)'> (0x00000000d573b230) 
thrown [s\src\hotspot\share\interpreter\linkResolver.cpp, line 773]
Event: 2.129 Thread 0x00000158e3a90750 Exception <a 'java/io/FileNotFoundException'{0x00000000d59cdbe8}> (0x00000000d59cdbe8) 
thrown [s\src\hotspot\share\prims\jni.cpp, line 520]
Event: 2.204 Thread 0x00000158e3a90750 Exception <a 'java/lang/NoSuchMethodError'{0x00000000d5ec5270}: 'java.lang.Object java.lang.invoke.Invokers$Holder.linkToTargetMethod(java.lang.Object, long, java.lang.Object)'> (0x00000000d5ec5270) 
thrown [s\src\hotspot\share\interpreter\linkResolver.cpp, line 773]
Event: 2.249 Thread 0x00000158e3a90750 Exception <a 'java/lang/NoSuchMethodError'{0x00000000d63f6880}: 'void java.lang.invoke.Invokers$Holder.invokeExact_MT(java.lang.Object, java.lang.Object, java.lang.Object)'> (0x00000000d63f6880) 
thrown [s\src\hotspot\share\interpreter\linkResolver.cpp, line 773]
Event: 2.290 Thread 0x00000158e3a90750 Exception <a 'java/lang/NoSuchMethodError'{0x00000000d670f198}: 'java.lang.Object java.lang.invoke.DirectMethodHandle$Holder.invokeVirtual(java.lang.Object, java.lang.Object, java.lang.Object)'> (0x00000000d670f198) 
thrown [s\src\hotspot\share\interpreter\linkResolver.cpp, line 773]
Event: 2.290 Thread 0x00000158e3a90750 Exception <a 'java/lang/NoSuchMethodError'{0x00000000d6726c30}: 'java.lang.Object java.lang.invoke.DelegatingMethodHandle$Holder.reinvoke_L(java.lang.Object, java.lang.Object, java.lang.Object, java.lang.Object, int, int)'> (0x00000000d6726c30) 
thrown [s\src\hotspot\share\interpreter\linkResolver.cpp, line 773]
Event: 2.292 Thread 0x00000158e3a90750 Exception <a 'java/lang/NoSuchMethodError'{0x00000000d6742fc8}: 'java.lang.Object java.lang.invoke.DirectMethodHandle$Holder.newInvokeSpecial(java.lang.Object, java.lang.Object, java.lang.Object, java.lang.Object, java.lang.Object, java.lang.Object)'> (0x00000000d6742fc8) 
thrown [s\src\hotspot\share\interpreter\linkResolver.cpp, line 773]
Event: 2.293 Thread 0x00000158e3a90750 Exception <a 'java/lang/NoSuchMethodError'{0x00000000d676eb60}: 'void java.lang.invoke.Invokers$Holder.invokeExact_MT(java.lang.Object, java.lang.Object, java.lang.Object, java.lang.Object)'> (0x00000000d676eb60) 
thrown [s\src\hotspot\share\interpreter\linkResolver.cpp, line 773]
Event: 2.332 Thread 0x00000158e3a90750 Exception <a 'java/io/FileNotFoundException'{0x00000000d6a3afc0}> (0x00000000d6a3afc0) 
thrown [s\src\hotspot\share\prims\jni.cpp, line 520]
Event: 2.332 Thread 0x00000158e3a90750 Exception <a 'java/io/FileNotFoundException'{0x00000000d6a42188}> (0x00000000d6a42188) 
thrown [s\src\hotspot\share\prims\jni.cpp, line 520]
Event: 3.386 Thread 0x00000158e3a90750 Exception <a 'java/lang/NoSuchMethodError'{0x00000000d5790d78}: 'java.lang.Object java.lang.invoke.DirectMethodHandle$Holder.newInvokeSpecial(java.lang.Object, java.lang.Object, java.lang.Object, java.lang.Object, java.lang.Object)'> (0x00000000d5790d78) 
thrown [s\src\hotspot\share\interpreter\linkResolver.cpp, line 773]

ZGC Phase Switch (0 events):
No events

VM Operations (20 events):
Event: 1.403 Executing non-safepoint VM operation: HandshakeAllThreads (Deoptimize) done
Event: 1.411 Executing non-safepoint VM operation: HandshakeAllThreads (Deoptimize)
Event: 1.411 Executing non-safepoint VM operation: HandshakeAllThreads (Deoptimize) done
Event: 1.589 Executing safepoint VM operation: ParallelGCFailedAllocation (Allocation Failure)
Event: 1.596 Executing safepoint VM operation: ParallelGCFailedAllocation (Allocation Failure) done
Event: 1.681 Executing non-safepoint VM operation: HandshakeAllThreads (Deoptimize)
Event: 1.681 Executing non-safepoint VM operation: HandshakeAllThreads (Deoptimize) done
Event: 2.055 Executing non-safepoint VM operation: HandshakeAllThreads (Deoptimize)
Event: 2.055 Executing non-safepoint VM operation: HandshakeAllThreads (Deoptimize) done
Event: 2.072 Executing safepoint VM operation: ParallelGCFailedAllocation (Allocation Failure)
Event: 2.077 Executing safepoint VM operation: ParallelGCFailedAllocation (Allocation Failure) done
Event: 2.340 Executing non-safepoint VM operation: HandshakeAllThreads (Deoptimize)
Event: 2.340 Executing non-safepoint VM operation: HandshakeAllThreads (Deoptimize) done
Event: 2.360 Executing safepoint VM operation: ICBufferFull
Event: 2.360 Executing safepoint VM operation: ICBufferFull done
Event: 3.373 Executing safepoint VM operation: Cleanup
Event: 3.373 Executing safepoint VM operation: Cleanup done
Event: 3.375 Executing safepoint VM operation: ParallelGCFailedAllocation (Allocation Failure)
Event: 3.378 Executing safepoint VM operation: ParallelGCFailedAllocation (Allocation Failure) done
Event: 4.381 Executing safepoint VM operation: Cleanup

Memory protections (0 events):
No events

Nmethod flushes (0 events):
No events

Events (19 events):
Event: 0.038 Thread 0x00000158817ec670 Thread added: 0x00000158817ec670
Event: 0.056 Thread 0x00000158817ec670 Thread added: 0x000001589a6193c0
Event: 0.056 Thread 0x00000158817ec670 Thread added: 0x000001589a61a6c0
Event: 0.057 Thread 0x00000158817ec670 Thread added: 0x000001589a61d9c0
Event: 0.057 Thread 0x00000158817ec670 Thread added: 0x000001589a61e8a0
Event: 0.057 Thread 0x00000158817ec670 Thread added: 0x000001589a622870
Event: 0.057 Thread 0x00000158817ec670 Thread added: 0x000001589a62ab70
Event: 0.057 Thread 0x00000158817ec670 Thread added: 0x000001589a62de10
Event: 0.058 Thread 0x00000158817ec670 Thread added: 0x00000158dca64b70
Event: 0.101 Thread 0x00000158817ec670 Thread added: 0x00000158dcc72cd0
Event: 0.281 Thread 0x00000158817ec670 Thread added: 0x00000158dcc71fb0
Event: 1.034 Thread 0x00000158817ec670 Thread added: 0x00000158dcc73360
Event: 1.202 Thread 0x00000158817ec670 Thread added: 0x00000158dcc72640
Event: 1.243 Thread 0x00000158dcc72640 Thread added: 0x00000158e3a91b00
Event: 1.247 Thread 0x00000158817ec670 Thread added: 0x00000158e3a90750
Event: 1.676 Thread 0x00000158e3a90750 Thread added: 0x00000158e3a92eb0
Event: 2.048 Thread 0x00000158e3a90750 Thread added: 0x00000158e3a92820
Event: 2.233 Thread 0x00000158e3a90750 Thread added: 0x00000158e3a92190
Event: 2.273 Thread 0x00000158dca64b70 Thread added: 0x00000158e3b97660


Dynamic libraries:
0x00007ff6b08a0000 - 0x00007ff6b08ae000 	c:\Users\jibri\.cursor\extensions\redhat.java-1.53.0-win32-x64\jre\21.0.10-win32-x86_64\bin\java.exe
0x00007ffd3e040000 - 0x00007ffd3e2a8000 	C:\WINDOWS\SYSTEM32\ntdll.dll
0x00007ffcf5990000 - 0x00007ffcf59b0000 	C:\Program Files\Avast Software\Avast\aswhook.dll
0x00007ffd3d9e0000 - 0x00007ffd3daa9000 	C:\WINDOWS\System32\KERNEL32.DLL
0x00007ffd3aa70000 - 0x00007ffd3ae61000 	C:\WINDOWS\System32\KERNELBASE.dll
0x00007ffd3a920000 - 0x00007ffd3aa6b000 	C:\WINDOWS\System32\ucrtbase.dll
0x00007ffcd5210000 - 0x00007ffcd522e000 	c:\Users\jibri\.cursor\extensions\redhat.java-1.53.0-win32-x64\jre\21.0.10-win32-x86_64\bin\VCRUNTIME140.dll
0x00007ffcd5230000 - 0x00007ffcd5248000 	c:\Users\jibri\.cursor\extensions\redhat.java-1.53.0-win32-x64\jre\21.0.10-win32-x86_64\bin\jli.dll
0x00007ffd3cab0000 - 0x00007ffd3cc76000 	C:\WINDOWS\System32\USER32.dll
0x00007ffd3aff0000 - 0x00007ffd3b017000 	C:\WINDOWS\System32\win32u.dll
0x00007ffd1eff0000 - 0x00007ffd1f283000 	C:\WINDOWS\WinSxS\amd64_microsoft.windows.common-controls_6595b64144ccf1df_6.0.26100.7824_none_3e0870b2e3345462\COMCTL32.dll
0x00007ffd3cf30000 - 0x00007ffd3cfd9000 	C:\WINDOWS\System32\msvcrt.dll
0x00007ffd3cce0000 - 0x00007ffd3cd0b000 	C:\WINDOWS\System32\GDI32.dll
0x00007ffd3bb40000 - 0x00007ffd3bc6b000 	C:\WINDOWS\System32\gdi32full.dll
0x00007ffd3b0d0000 - 0x00007ffd3b173000 	C:\WINDOWS\System32\msvcp_win.dll
0x00007ffd3dad0000 - 0x00007ffd3db01000 	C:\WINDOWS\System32\IMM32.DLL
0x00007ffcd5500000 - 0x00007ffcd550c000 	c:\Users\jibri\.cursor\extensions\redhat.java-1.53.0-win32-x64\jre\21.0.10-win32-x86_64\bin\vcruntime140_1.dll
0x00007ffcd5180000 - 0x00007ffcd520d000 	c:\Users\jibri\.cursor\extensions\redhat.java-1.53.0-win32-x64\jre\21.0.10-win32-x86_64\bin\msvcp140.dll
0x00007ffc3c580000 - 0x00007ffc3d321000 	c:\Users\jibri\.cursor\extensions\redhat.java-1.53.0-win32-x64\jre\21.0.10-win32-x86_64\bin\server\jvm.dll
0x00007ffd3c8c0000 - 0x00007ffd3c974000 	C:\WINDOWS\System32\ADVAPI32.dll
0x00007ffd3beb0000 - 0x00007ffd3bf56000 	C:\WINDOWS\System32\sechost.dll
0x00007ffd3c980000 - 0x00007ffd3ca98000 	C:\WINDOWS\System32\RPCRT4.dll
0x00007ffd3d890000 - 0x00007ffd3d904000 	C:\WINDOWS\System32\WS2_32.dll
0x00007ffd3a780000 - 0x00007ffd3a7de000 	C:\WINDOWS\SYSTEM32\POWRPROF.dll
0x00007ffd33a00000 - 0x00007ffd33a0b000 	C:\WINDOWS\SYSTEM32\VERSION.dll
0x00007ffd2c140000 - 0x00007ffd2c175000 	C:\WINDOWS\SYSTEM32\WINMM.dll
0x00007ffd3a760000 - 0x00007ffd3a774000 	C:\WINDOWS\SYSTEM32\UMPDC.dll
0x00007ffd39690000 - 0x00007ffd396ab000 	C:\WINDOWS\SYSTEM32\kernel.appcore.dll
0x00007ffcd5170000 - 0x00007ffcd517a000 	c:\Users\jibri\.cursor\extensions\redhat.java-1.53.0-win32-x64\jre\21.0.10-win32-x86_64\bin\jimage.dll
0x00007ffd38950000 - 0x00007ffd38b92000 	C:\WINDOWS\SYSTEM32\DBGHELP.DLL
0x00007ffd3c060000 - 0x00007ffd3c3e6000 	C:\WINDOWS\System32\combase.dll
0x00007ffd3d740000 - 0x00007ffd3d817000 	C:\WINDOWS\System32\OLEAUT32.dll
0x00007ffd2bf00000 - 0x00007ffd2bf3b000 	C:\WINDOWS\SYSTEM32\dbgcore.DLL
0x00007ffd3b020000 - 0x00007ffd3b0c5000 	C:\WINDOWS\System32\bcryptPrimitives.dll
0x00007ffcd4b30000 - 0x00007ffcd4b3f000 	c:\Users\jibri\.cursor\extensions\redhat.java-1.53.0-win32-x64\jre\21.0.10-win32-x86_64\bin\instrument.dll
0x00007ffcd5150000 - 0x00007ffcd5170000 	c:\Users\jibri\.cursor\extensions\redhat.java-1.53.0-win32-x64\jre\21.0.10-win32-x86_64\bin\java.dll
0x00007ffd3cfe0000 - 0x00007ffd3d732000 	C:\WINDOWS\System32\SHELL32.dll
0x00007ffd3bc70000 - 0x00007ffd3bdda000 	C:\WINDOWS\System32\wintypes.dll
0x00007ffd3b180000 - 0x00007ffd3b9e3000 	C:\WINDOWS\System32\windows.storage.dll
0x00007ffd3c7c0000 - 0x00007ffd3c8b6000 	C:\WINDOWS\System32\SHCORE.dll
0x00007ffd3d820000 - 0x00007ffd3d887000 	C:\WINDOWS\System32\shlwapi.dll
0x00007ffd3a840000 - 0x00007ffd3a869000 	C:\WINDOWS\SYSTEM32\profapi.dll
0x00007ffcd5130000 - 0x00007ffcd5148000 	c:\Users\jibri\.cursor\extensions\redhat.java-1.53.0-win32-x64\jre\21.0.10-win32-x86_64\bin\zip.dll
0x00007ffcd5120000 - 0x00007ffcd5130000 	C:\Users\jibri\.cursor\extensions\redhat.java-1.53.0-win32-x64\jre\21.0.10-win32-x86_64\bin\net.dll
0x00007ffd334c0000 - 0x00007ffd335e7000 	C:\WINDOWS\SYSTEM32\WINHTTP.dll
0x00007ffd39c10000 - 0x00007ffd39c7b000 	C:\WINDOWS\system32\mswsock.dll
0x00007ffcd5100000 - 0x00007ffcd5116000 	C:\Users\jibri\.cursor\extensions\redhat.java-1.53.0-win32-x64\jre\21.0.10-win32-x86_64\bin\nio.dll
0x00007ffcd50b0000 - 0x00007ffcd50c0000 	c:\Users\jibri\.cursor\extensions\redhat.java-1.53.0-win32-x64\jre\21.0.10-win32-x86_64\bin\verify.dll
0x00007ffca1160000 - 0x00007ffca11a5000 	C:\Users\jibri\AppData\Roaming\Cursor\User\globalStorage\redhat.java\1.53.0\config_win\org.eclipse.equinox.launcher\org.eclipse.equinox.launcher.win32.win32.x86_64_1.3.0.v20260203-2149\eclipse_11919.dll
0x00007ffd3cd90000 - 0x00007ffd3cf27000 	C:\WINDOWS\System32\ole32.dll

JVMTI agents:
c:\Users\jibri\.cursor\extensions\redhat.java-1.53.0-win32-x64\lombok\lombok-1.18.39-4050.jar path:c:\Users\jibri\.cursor\extensions\redhat.java-1.53.0-win32-x64\jre\21.0.10-win32-x86_64\bin\instrument.dll, loaded, initialized, instrumentlib options:none

dbghelp: loaded successfully - version: 4.0.5 - missing functions: none
symbol engine: initialized successfully - sym options: 0x614 - pdb path: .;c:\Users\jibri\.cursor\extensions\redhat.java-1.53.0-win32-x64\jre\21.0.10-win32-x86_64\bin;C:\WINDOWS\SYSTEM32;C:\Program Files\Avast Software\Avast;C:\WINDOWS\WinSxS\amd64_microsoft.windows.common-controls_6595b64144ccf1df_6.0.26100.7824_none_3e0870b2e3345462;c:\Users\jibri\.cursor\extensions\redhat.java-1.53.0-win32-x64\jre\21.0.10-win32-x86_64\bin\server;C:\Users\jibri\AppData\Roaming\Cursor\User\globalStorage\redhat.java\1.53.0\config_win\org.eclipse.equinox.launcher\org.eclipse.equinox.launcher.win32.win32.x86_64_1.3.0.v20260203-2149

VM Arguments:
jvm_args: --add-modules=ALL-SYSTEM --add-opens=java.base/java.util=ALL-UNNAMED --add-opens=java.base/java.lang=ALL-UNNAMED --add-opens=java.base/sun.nio.fs=ALL-UNNAMED -Declipse.application=org.eclipse.jdt.ls.core.id1 -Dosgi.bundles.defaultStartLevel=4 -Declipse.product=org.eclipse.jdt.ls.core.product -Djava.import.generatesMetadataFilesAtProjectRoot=false -DDetectVMInstallationsJob.disabled=true -Dfile.encoding=utf8 -XX:+UseParallelGC -XX:GCTimeRatio=4 -XX:AdaptiveSizePolicyWeight=90 -Dsun.zip.disableMemoryMapping=true -Xmx2G -Xms100m -Xlog:disable -javaagent:c:\Users\jibri\.cursor\extensions\redhat.java-1.53.0-win32-x64\lombok\lombok-1.18.39-4050.jar -XX:+HeapDumpOnOutOfMemoryError -XX:HeapDumpPath=c:\Users\jibri\AppData\Roaming\Cursor\User\workspaceStorage\8b75b7c593fc459511d45e689933c160\redhat.java -Daether.dependencyCollector.impl=bf 
java_command: c:\Users\jibri\.cursor\extensions\redhat.java-1.53.0-win32-x64\server\plugins\org.eclipse.equinox.launcher_1.7.100.v20251111-0406.jar -configuration c:\Users\jibri\AppData\Roaming\Cursor\User\globalStorage\redhat.java\1.53.0\config_win -data c:\Users\jibri\AppData\Roaming\Cursor\User\workspaceStorage\8b75b7c593fc459511d45e689933c160\redhat.java\jdt_ws --pipe=\\.\pipe\lsp-272d33929005b806e0203843f8b32cae-sock
java_class_path (initial): c:\Users\jibri\.cursor\extensions\redhat.java-1.53.0-win32-x64\server\plugins\org.eclipse.equinox.launcher_1.7.100.v20251111-0406.jar
Launcher Type: SUN_STANDARD

[Global flags]
    uintx AdaptiveSizePolicyWeight                 = 90                                        {product} {command line}
     intx CICompilerCount                          = 12                                        {product} {ergonomic}
    uintx GCTimeRatio                              = 4                                         {product} {command line}
     bool HeapDumpOnOutOfMemoryError               = true                                   {manageable} {command line}
    ccstr HeapDumpPath                             = c:\Users\jibri\AppData\Roaming\Cursor\User\workspaceStorage\8b75b7c593fc459511d45e689933c160\redhat.java         {manageable} {command line}
   size_t InitialHeapSize                          = 104857600                                 {product} {command line}
   size_t MaxHeapSize                              = 2147483648                                {product} {command line}
   size_t MaxNewSize                               = 715653120                                 {product} {ergonomic}
   size_t MinHeapDeltaBytes                        = 524288                                    {product} {ergonomic}
   size_t MinHeapSize                              = 104857600                                 {product} {command line}
   size_t NewSize                                  = 34603008                                  {product} {ergonomic}
    uintx NonNMethodCodeHeapSize                   = 7602480                                {pd product} {ergonomic}
    uintx NonProfiledCodeHeapSize                  = 122027880                              {pd product} {ergonomic}
   size_t OldSize                                  = 70254592                                  {product} {ergonomic}
    uintx ProfiledCodeHeapSize                     = 122027880                              {pd product} {ergonomic}
    uintx ReservedCodeCacheSize                    = 251658240                              {pd product} {ergonomic}
     bool SegmentedCodeCache                       = true                                      {product} {ergonomic}
   size_t SoftMaxHeapSize                          = 2147483648                             {manageable} {ergonomic}
     bool UseCompressedOops                        = true                           {product lp64_product} {ergonomic}
     bool UseLargePagesIndividualAllocation        = false                                  {pd product} {ergonomic}
     bool UseParallelGC                            = true                                      {product} {command line}

Logging:
Log output configuration:
 #0: stdout all=off uptime,level,tags foldmultilines=false
 #1: stderr all=off uptime,level,tags foldmultilines=false

Release file:
JAVA_VERSION="21.0.10" 
MODULES="java.base java.compiler java.datatransfer java.xml java.prefs java.desktop java.instrument java.logging java.management java.security.sasl java.naming java.rmi java.management.rmi java.net.http java.scripting java.security.jgss java.transaction.xa java.sql java.sql.rowset java.xml.crypto java.se java.smartcardio jdk.accessibility jdk.internal.jvmstat jdk.attach jdk.charsets jdk.internal.opt jdk.zipfs jdk.compiler jdk.crypto.ec jdk.crypto.cryptoki jdk.crypto.mscapi jdk.dynalink jdk.internal.ed jdk.editpad jdk.hotspot.agent jdk.httpserver jdk.internal.le jdk.internal.vm.ci jdk.internal.vm.compiler jdk.internal.vm.compiler.management jdk.jartool jdk.javadoc jdk.jcmd jdk.management jdk.management.agent jdk.jconsole jdk.jdeps jdk.jdwp.agent jdk.jdi jdk.jfr jdk.jshell jdk.jsobject jdk.jstatd jdk.localedata jdk.management.jfr jdk.naming.dns jdk.naming.rmi jdk.net jdk.nio.mapmode jdk.random jdk.sctp jdk.security.auth jdk.security.jgss jdk.unsupported jdk.unsupported.desktop jdk.xml.dom" 

Environment Variables:
JAVA_HOME=C:\Program Files\Java\jdk-17
PATH=C:\Program Files\Microsoft\jdk-17.0.16.8-hotspot\bin;C:\ProgramData\Oracle\Java\javapath;C:\Program Files\NVIDIA GPU Computing Toolkit\CUDA\v12.8\bin;C:\Program Files\NVIDIA GPU Computing Toolkit\CUDA\v12.8\libnvvp;C:\Program Files\Common Files\Oracle\Java\javapath;C:\PHP\phpoldversion\;C:\Windows\system32;C:\Windows;C:\Windows\System32\Wbem;C:\Windows\System32\WindowsPowerShell\v1.0\;C:\Windows\System32\OpenSSH\;C:\Program Files (x86)\NVIDIA Corporation\PhysX\Common;C:\Program Files\Microsoft SQL Server\150\Tools\Binn\;C:\Program Files\Microsoft SQL Server\Client SDK\ODBC\170\Tools\Binn\;C:\ProgramData\ComposerSetup\bin;C:\Users\jibri\.config\herd\bin\nvm;C:\Program Files\nodejs;C:\Program Files\Java\jdk-17\bin;C:\xampp\php;C:\WINDOWS\system32;C:\WINDOWS;C:\WINDOWS\System32\Wbem;C:\WINDOWS\System32\WindowsPowerShell\v1.0\;C:\WINDOWS\System32\OpenSSH\;C:\Program Files\nodejs\;C:\Program Files\Git\cmd;C:\Program Files\Git\bin;C:\Users\jibri\AppData\Local\Pub\Cache\bin;C:\Program Files\NVIDIA Corporation\NVIDIA app\NvDLISR;C:\Program Files\heroku\bin;C:\Program Files\NVIDIA Corporation\Nsight Compute 2025.1.1\;C:\ProgramData\chocolatey\bin;C:\Users\jibri\AppData\Local\Programs\Python\Python310\Scripts;C:\Program Files\dotnet\;C:\Program Files (x86)\Windows Kits\10\Windows Performance Toolkit\;C:\Users\jibri\AppData\Local\Android\Sdk\platform-tools;C:\Program Files\Docker\Docker\resources\bin;C:\Program Files\MySQL\MySQL Shell 8.0\bin\;C:\Users\jibri\AppData\Local\Programs\Python\Python310\Scripts\;C:\Users\jibri\AppData\Local\Programs\Python\Python310\;C:\Users\jibri\.config\herd\bin;C:\Users\jibri\AppData\Local\Microsoft\WindowsApps;C:\Users\jibri\AppData\Local\Programs\Microsoft VS Code\bin;C:\Users\jibri\AppData\Roaming\Composer\vendor\bin;C:\flutter\flutter\bin;C:\Users\jibri\AppData\Roaming\npm;C:\Program Files\Git;C:\Users\jibri\AppData\Local\Pub\Cache\bin;C:\Program Files\heroku\bin;C:\Users\jibri\.dotnet\tools;C:\AppServ\Apache24\bin;C:\AppServ\php7;C:\AppServ\MySQL\bin;C:\Users\jibri\AppData\Local\Android\Sdk\build-tools;C:\ProgramData\chocolatey\bin;C:\Program Files\nodejs\;C:\Users\jibri\AppData\Local\Programs\cursor\resources\app\bin
USERNAME=jibri
OS=Windows_NT
PROCESSOR_IDENTIFIER=Intel64 Family 6 Model 191 Stepping 2, GenuineIntel
TMP=C:\Users\jibri\AppData\Local\Temp
TEMP=C:\Users\jibri\AppData\Local\Temp




Periodic native trim disabled

---------------  S Y S T E M  ---------------

OS:
 Windows 11 , 64 bit Build 26100 (10.0.26100.7705)
OS uptime: 0 days 4:07 hours
Hyper-V role detected

CPU: total 20 (initial active 20) (10 cores per cpu, 2 threads per core) family 6 model 191 stepping 2 microcode 0x2c, cx8, cmov, fxsr, ht, mmx, 3dnowpref, sse, sse2, sse3, ssse3, sse4.1, sse4.2, popcnt, lzcnt, tsc, tscinvbit, avx, avx2, aes, erms, clmul, bmi1, bmi2, adx, sha, fma, vzeroupper, clflush, clflushopt, clwb, hv, serialize, rdtscp, rdpid, fsrm, f16c, cet_ibt, cet_ss
Processor Information for processor 0
  Max Mhz: 2500, Current Mhz: 2500, Mhz Limit: 2500
Processor Information for processor 1
  Max Mhz: 2500, Current Mhz: 1532, Mhz Limit: 2500
Processor Information for processor 2
  Max Mhz: 2500, Current Mhz: 1532, Mhz Limit: 2500
Processor Information for processor 3
  Max Mhz: 2500, Current Mhz: 2500, Mhz Limit: 2500
Processor Information for processor 4
  Max Mhz: 2500, Current Mhz: 2500, Mhz Limit: 2500
Processor Information for processor 5
  Max Mhz: 2500, Current Mhz: 1532, Mhz Limit: 2500
Processor Information for processor 6
  Max Mhz: 2500, Current Mhz: 2500, Mhz Limit: 2500
Processor Information for processor 7
  Max Mhz: 2500, Current Mhz: 1532, Mhz Limit: 2500
Processor Information for processor 8
  Max Mhz: 2500, Current Mhz: 2500, Mhz Limit: 2500
Processor Information for processor 9
  Max Mhz: 2500, Current Mhz: 1532, Mhz Limit: 2500
Processor Information for processor 10
  Max Mhz: 2500, Current Mhz: 2500, Mhz Limit: 2500
Processor Information for processor 11
  Max Mhz: 2500, Current Mhz: 1532, Mhz Limit: 2500
Processor Information for processor 12
  Max Mhz: 2500, Current Mhz: 1800, Mhz Limit: 1800
Processor Information for processor 13
  Max Mhz: 2500, Current Mhz: 1800, Mhz Limit: 1800
Processor Information for processor 14
  Max Mhz: 2500, Current Mhz: 1500, Mhz Limit: 1800
Processor Information for processor 15
  Max Mhz: 2500, Current Mhz: 1500, Mhz Limit: 1800
Processor Information for processor 16
  Max Mhz: 2500, Current Mhz: 1800, Mhz Limit: 1800
Processor Information for processor 17
  Max Mhz: 2500, Current Mhz: 1800, Mhz Limit: 1800
Processor Information for processor 18
  Max Mhz: 2500, Current Mhz: 1500, Mhz Limit: 1800
Processor Information for processor 19
  Max Mhz: 2500, Current Mhz: 1800, Mhz Limit: 1800

Memory: 4k page, system-wide physical 7911M (228M free)
TotalPageFile size 32487M (AvailPageFile size 3M)
current process WorkingSet (physical memory assigned to process): 123M, peak: 125M
current process commit charge ("private bytes"): 291M, peak: 293M

vm_info: OpenJDK 64-Bit Server VM (21.0.10+7-LTS) for windows-amd64 JRE (21.0.10+7-LTS), built on 2026-01-20T00:00:00Z by "admin" with MS VC++ 17.12 (VS2022)

END.
