#
# There is insufficient memory for the Java Runtime Environment to continue.
# Native memory allocation (malloc) failed to allocate 1048576 bytes. Error detail: AllocateHeap
# Possible reasons:
#   The system is out of physical RAM or swap space
#   This process is running with CompressedOops enabled, and the Java Heap may be blocking the growth of the native heap
# Possible solutions:
#   Reduce memory load on the system
#   Increase physical memory or swap space
#   Check if swap backing store is full
#   Decrease Java heap size (-Xmx/-Xms)
#   Decrease number of Java threads
#   Decrease Java thread stack sizes (-Xss)
#   Set larger code cache with -XX:ReservedCodeCacheSize=
#   JVM is running with Unscaled Compressed Oops mode in which the Java heap is
#     placed in the first 4GB address space. The Java Heap base address is the
#     maximum limit for the native heap growth. Please use -XX:HeapBaseMinAddress
#     to set the Java Heap base and to place the Java Heap above 4GB virtual address.
# This output file may be truncated or incomplete.
#
#  Out of Memory Error (allocation.cpp:44), pid=32276, tid=32416
#
# JRE version: OpenJDK Runtime Environment Temurin-21.0.10+7 (21.0.10+7) (build 21.0.10+7-LTS)
# Java VM: OpenJDK 64-Bit Server VM Temurin-21.0.10+7 (21.0.10+7-LTS, mixed mode, sharing, tiered, compressed oops, compressed class ptrs, parallel gc, windows-amd64)
# No core dump will be written. Minidumps are not enabled by default on client versions of Windows
#

---------------  S U M M A R Y ------------

Command Line: --add-modules=ALL-SYSTEM --add-opens=java.base/java.util=ALL-UNNAMED --add-opens=java.base/java.lang=ALL-UNNAMED --add-opens=java.base/sun.nio.fs=ALL-UNNAMED -Declipse.application=org.eclipse.jdt.ls.core.id1 -Dosgi.bundles.defaultStartLevel=4 -Declipse.product=org.eclipse.jdt.ls.core.product -Djava.import.generatesMetadataFilesAtProjectRoot=false -DDetectVMInstallationsJob.disabled=true -Dfile.encoding=utf8 -XX:+UseParallelGC -XX:GCTimeRatio=4 -XX:AdaptiveSizePolicyWeight=90 -Dsun.zip.disableMemoryMapping=true -Xmx2G -Xms100m -Xlog:disable -javaagent:c:\Users\jibri\.cursor\extensions\redhat.java-1.53.0-win32-x64\lombok\lombok-1.18.39-4050.jar -XX:+HeapDumpOnOutOfMemoryError -XX:HeapDumpPath=c:\Users\jibri\AppData\Roaming\Cursor\User\workspaceStorage\8b75b7c593fc459511d45e689933c160\redhat.java -Daether.dependencyCollector.impl=bf c:\Users\jibri\.cursor\extensions\redhat.java-1.53.0-win32-x64\server\plugins\org.eclipse.equinox.launcher_1.7.100.v20251111-0406.jar -configuration c:\Users\jibri\AppData\Roaming\Cursor\User\globalStorage\redhat.java\1.53.0\config_win -data c:\Users\jibri\AppData\Roaming\Cursor\User\workspaceStorage\8b75b7c593fc459511d45e689933c160\redhat.java\jdt_ws --pipe=\\.\pipe\lsp-d38640e044bc5767b16a2322fea9a314-sock

Host: 13th Gen Intel(R) Core(TM) i5-13500HX, 20 cores, 7G,  Windows 11 , 64 bit Build 26100 (10.0.26100.7920)
Time: Sat Mar 21 20:48:56 2026 Malay Peninsula Standard Time elapsed time: 39039.346105 seconds (0d 10h 50m 39s)

---------------  T H R E A D  ---------------

Current thread (0x0000016ac042db10):  JavaThread "Attach Listener" daemon [_thread_in_vm, id=32416, stack(0x0000003b31200000,0x0000003b31300000) (1024K)]

Stack: [0x0000003b31200000,0x0000003b31300000]
Native frames: (J=compiled Java code, j=interpreted, Vv=VM code, C=native code)
V  [jvm.dll+0x6d7a39]
V  [jvm.dll+0x8b4b26]
V  [jvm.dll+0x8b70de]
V  [jvm.dll+0x8b77c3]
V  [jvm.dll+0x284346]
V  [jvm.dll+0xc1277]
V  [jvm.dll+0x6d82e9]
V  [jvm.dll+0x1334a6]
V  [jvm.dll+0x3f857e]
V  [jvm.dll+0x85f59d]
V  [jvm.dll+0x6d626d]
C  [ucrtbase.dll+0x37b0]
C  [KERNEL32.DLL+0x2e8d7]
C  [ntdll.dll+0x8c48c]


---------------  P R O C E S S  ---------------

Threads class SMR info:
_java_thread_list=0x0000016b1b3a8220, length=47, elements={
0x0000016abdffe4b0, 0x0000016ac0429400, 0x0000016ac054e740, 0x0000016ac042ceb0,
0x0000016ac042db10, 0x0000016ac042ed10, 0x0000016ac0434600, 0x0000016b192fb860,
0x0000016b1931f6f0, 0x0000016b1956c8a0, 0x0000016b1b281b60, 0x0000016b1b609330,
0x0000016b1b6099c0, 0x0000016b1b608ca0, 0x0000016b1b607f80, 0x0000016b1b60b400,
0x0000016b1b60a050, 0x0000016b1b60a6e0, 0x0000016b1b608610, 0x0000016b20d00720,
0x0000016b20d02160, 0x0000016b20cffa00, 0x0000016b20d02e80, 0x0000016b20d03510,
0x0000016b20d04230, 0x0000016b20d03ba0, 0x0000016b20d00db0, 0x0000016b20d048c0,
0x0000016b20d01440, 0x0000016b20d04f50, 0x0000016b20d06990, 0x0000016b20d06300,
0x0000016b20d055e0, 0x0000016b20d05c70, 0x0000016b20d07020, 0x0000016b22498110,
0x0000016b224966d0, 0x0000016b22496d60, 0x0000016b224987a0, 0x0000016b22498e30,
0x0000016b224994c0, 0x0000016b22496040, 0x0000016b224973f0, 0x0000016b22497a80,
0x0000016b213c28c0, 0x0000016b213c2230, 0x0000016b213c0160
}

Java Threads: ( => current thread )
  0x0000016abdffe4b0 JavaThread "main"                              [_thread_blocked, id=32320, stack(0x0000003b30b00000,0x0000003b30c00000) (1024K)]
  0x0000016ac0429400 JavaThread "Reference Handler"          daemon [_thread_blocked, id=32404, stack(0x0000003b30f00000,0x0000003b31000000) (1024K)]
  0x0000016ac054e740 JavaThread "Finalizer"                  daemon [_thread_blocked, id=32408, stack(0x0000003b31000000,0x0000003b31100000) (1024K)]
  0x0000016ac042ceb0 JavaThread "Signal Dispatcher"          daemon [_thread_blocked, id=32412, stack(0x0000003b31100000,0x0000003b31200000) (1024K)]
=>0x0000016ac042db10 JavaThread "Attach Listener"            daemon [_thread_in_vm, id=32416, stack(0x0000003b31200000,0x0000003b31300000) (1024K)]
  0x0000016ac042ed10 JavaThread "Service Thread"             daemon [_thread_blocked, id=32420, stack(0x0000003b31300000,0x0000003b31400000) (1024K)]
  0x0000016ac0434600 JavaThread "Monitor Deflation Thread"   daemon [_thread_blocked, id=32424, stack(0x0000003b31400000,0x0000003b31500000) (1024K)]
  0x0000016b192fb860 JavaThread "C2 CompilerThread0"         daemon [_thread_blocked, id=32428, stack(0x0000003b31500000,0x0000003b31600000) (1024K)]
  0x0000016b1931f6f0 JavaThread "C1 CompilerThread0"         daemon [_thread_blocked, id=32432, stack(0x0000003b31600000,0x0000003b31700000) (1024K)]
  0x0000016b1956c8a0 JavaThread "Common-Cleaner"             daemon [_thread_blocked, id=32456, stack(0x0000003b31c00000,0x0000003b31d00000) (1024K)]
  0x0000016b1b281b60 JavaThread "Notification Thread"        daemon [_thread_blocked, id=32600, stack(0x0000003b31d00000,0x0000003b31e00000) (1024K)]
  0x0000016b1b609330 JavaThread "Active Thread: Equinox Container: 0e6d6d49-6afc-425b-ad98-8f527a953191"        [_thread_blocked, id=24500, stack(0x0000003b32400000,0x0000003b32500000) (1024K)]
  0x0000016b1b6099c0 JavaThread "Refresh Thread: Equinox Container: 0e6d6d49-6afc-425b-ad98-8f527a953191" daemon [_thread_blocked, id=32684, stack(0x0000003b31a00000,0x0000003b31b00000) (1024K)]
  0x0000016b1b608ca0 JavaThread "Framework Event Dispatcher: Equinox Container: 0e6d6d49-6afc-425b-ad98-8f527a953191" daemon [_thread_blocked, id=32676, stack(0x0000003b31b00000,0x0000003b31c00000) (1024K)]
  0x0000016b1b607f80 JavaThread "Start Level: Equinox Container: 0e6d6d49-6afc-425b-ad98-8f527a953191" daemon [_thread_blocked, id=32620, stack(0x0000003b32600000,0x0000003b32700000) (1024K)]
  0x0000016b1b60b400 JavaThread "Bundle File Closer"         daemon [_thread_blocked, id=13488, stack(0x0000003b32b00000,0x0000003b32c00000) (1024K)]
  0x0000016b1b60a050 JavaThread "SCR Component Actor"        daemon [_thread_blocked, id=32580, stack(0x0000003b31900000,0x0000003b31a00000) (1024K)]
  0x0000016b1b60a6e0 JavaThread "Worker-JM"                         [_thread_blocked, id=32652, stack(0x0000003b32e00000,0x0000003b32f00000) (1024K)]
  0x0000016b1b608610 JavaThread "JNA Cleaner"                daemon [_thread_blocked, id=18568, stack(0x0000003b33200000,0x0000003b33300000) (1024K)]
  0x0000016b20d00720 JavaThread "Java indexing"              daemon [_thread_blocked, id=23644, stack(0x0000003b33600000,0x0000003b33700000) (1024K)]
  0x0000016b20d02160 JavaThread "Worker-2"                          [_thread_blocked, id=29692, stack(0x0000003b33900000,0x0000003b33a00000) (1024K)]
  0x0000016b20cffa00 JavaThread "Worker-5"                          [_thread_blocked, id=4756, stack(0x0000003b33c00000,0x0000003b33d00000) (1024K)]
  0x0000016b20d02e80 JavaThread "Thread-1"                   daemon [_thread_in_native, id=31916, stack(0x0000003b33d00000,0x0000003b33e00000) (1024K)]
  0x0000016b20d03510 JavaThread "Thread-2"                   daemon [_thread_in_native, id=31772, stack(0x0000003b33e00000,0x0000003b33f00000) (1024K)]
  0x0000016b20d04230 JavaThread "Thread-3"                   daemon [_thread_in_native, id=31856, stack(0x0000003b33f00000,0x0000003b34000000) (1024K)]
  0x0000016b20d03ba0 JavaThread "Thread-4"                   daemon [_thread_in_native, id=32380, stack(0x0000003b34000000,0x0000003b34100000) (1024K)]
  0x0000016b20d00db0 JavaThread "Thread-5"                   daemon [_thread_in_native, id=32388, stack(0x0000003b34100000,0x0000003b34200000) (1024K)]
  0x0000016b20d048c0 JavaThread "Thread-6"                   daemon [_thread_in_native, id=31928, stack(0x0000003b34200000,0x0000003b34300000) (1024K)]
  0x0000016b20d01440 JavaThread "Thread-7"                   daemon [_thread_in_native, id=14008, stack(0x0000003b34300000,0x0000003b34400000) (1024K)]
  0x0000016b20d04f50 JavaThread "Thread-8"                   daemon [_thread_in_native, id=29080, stack(0x0000003b34400000,0x0000003b34500000) (1024K)]
  0x0000016b20d06990 JavaThread "Thread-9"                   daemon [_thread_in_native, id=17460, stack(0x0000003b34500000,0x0000003b34600000) (1024K)]
  0x0000016b20d06300 JavaThread "Thread-10"                  daemon [_thread_in_native, id=2512, stack(0x0000003b34600000,0x0000003b34700000) (1024K)]
  0x0000016b20d055e0 JavaThread "Thread-11"                  daemon [_thread_in_native, id=25284, stack(0x0000003b34700000,0x0000003b34800000) (1024K)]
  0x0000016b20d05c70 JavaThread "Thread-12"                  daemon [_thread_in_native, id=31784, stack(0x0000003b34800000,0x0000003b34900000) (1024K)]
  0x0000016b20d07020 JavaThread "Thread-13"                  daemon [_thread_in_native, id=24056, stack(0x0000003b34900000,0x0000003b34a00000) (1024K)]
  0x0000016b22498110 JavaThread "Thread-14"                  daemon [_thread_in_native, id=10228, stack(0x0000003b34a00000,0x0000003b34b00000) (1024K)]
  0x0000016b224966d0 JavaThread "Thread-15"                  daemon [_thread_in_native, id=12840, stack(0x0000003b34b00000,0x0000003b34c00000) (1024K)]
  0x0000016b22496d60 JavaThread "Thread-16"                  daemon [_thread_in_native, id=25584, stack(0x0000003b34c00000,0x0000003b34d00000) (1024K)]
  0x0000016b224987a0 JavaThread "Thread-17"                  daemon [_thread_in_native, id=31800, stack(0x0000003b34d00000,0x0000003b34e00000) (1024K)]
  0x0000016b22498e30 JavaThread "Thread-18"                  daemon [_thread_in_native, id=31828, stack(0x0000003b34e00000,0x0000003b34f00000) (1024K)]
  0x0000016b224994c0 JavaThread "Thread-19"                  daemon [_thread_in_native, id=31836, stack(0x0000003b34f00000,0x0000003b35000000) (1024K)]
  0x0000016b22496040 JavaThread "Thread-20"                  daemon [_thread_in_native, id=31940, stack(0x0000003b35000000,0x0000003b35100000) (1024K)]
  0x0000016b224973f0 JavaThread "Thread-21"                  daemon [_thread_in_native, id=17404, stack(0x0000003b35100000,0x0000003b35200000) (1024K)]
  0x0000016b22497a80 JavaThread "pool-2-thread-1"                   [_thread_blocked, id=8800, stack(0x0000003b35200000,0x0000003b35300000) (1024K)]
  0x0000016b213c28c0 JavaThread "WorkspaceEventsHandler"            [_thread_blocked, id=13944, stack(0x0000003b35300000,0x0000003b35400000) (1024K)]
  0x0000016b213c2230 JavaThread "pool-1-thread-1"                   [_thread_blocked, id=32008, stack(0x0000003b35400000,0x0000003b35500000) (1024K)]
  0x0000016b213c0160 JavaThread "Timer-0"                           [_thread_blocked, id=32028, stack(0x0000003b33000000,0x0000003b33100000) (1024K)]
Total: 47

Other Threads:
  0x0000016ac0424b20 VMThread "VM Thread"                           [id=32400, stack(0x0000003b30e00000,0x0000003b30f00000) (1024K)]
  0x0000016ac031ca10 WatcherThread "VM Periodic Task Thread"        [id=32396, stack(0x0000003b30d00000,0x0000003b30e00000) (1024K)]
  0x0000016ac04b4590 WorkerThread "GC Thread#0"                     [id=32392, stack(0x0000003b30c00000,0x0000003b30d00000) (1024K)]
  0x0000016b2022ffa0 WorkerThread "GC Thread#1"                     [id=31804, stack(0x0000003b31e00000,0x0000003b31f00000) (1024K)]
  0x0000016b1b83af80 WorkerThread "GC Thread#2"                     [id=31796, stack(0x0000003b31f00000,0x0000003b32000000) (1024K)]
  0x0000016b20230350 WorkerThread "GC Thread#3"                     [id=25872, stack(0x0000003b32000000,0x0000003b32100000) (1024K)]
  0x0000016b20230700 WorkerThread "GC Thread#4"                     [id=17092, stack(0x0000003b32100000,0x0000003b32200000) (1024K)]
  0x0000016b20282840 WorkerThread "GC Thread#5"                     [id=25028, stack(0x0000003b32200000,0x0000003b32300000) (1024K)]
  0x0000016b20282bf0 WorkerThread "GC Thread#6"                     [id=22080, stack(0x0000003b32300000,0x0000003b32400000) (1024K)]
  0x0000016b2019a290 WorkerThread "GC Thread#7"                     [id=31872, stack(0x0000003b32500000,0x0000003b32600000) (1024K)]
  0x0000016b20444060 WorkerThread "GC Thread#8"                     [id=540, stack(0x0000003b32700000,0x0000003b32800000) (1024K)]
  0x0000016b20443450 WorkerThread "GC Thread#9"                     [id=22160, stack(0x0000003b32800000,0x0000003b32900000) (1024K)]
  0x0000016b2054d610 WorkerThread "GC Thread#10"                    [id=29780, stack(0x0000003b32900000,0x0000003b32a00000) (1024K)]
  0x0000016b1b2c3700 WorkerThread "GC Thread#11"                    [id=32624, stack(0x0000003b32c00000,0x0000003b32d00000) (1024K)]
  0x0000016b1b2c2fa0 WorkerThread "GC Thread#12"                    [id=32648, stack(0x0000003b32d00000,0x0000003b32e00000) (1024K)]
  0x0000016b1b2c4210 WorkerThread "GC Thread#13"                    [id=30756, stack(0x0000003b33100000,0x0000003b33200000) (1024K)]
  0x0000016b1b2c2840 WorkerThread "GC Thread#14"                    [id=9656, stack(0x0000003b32f00000,0x0000003b33000000) (1024K)]
Total: 17

Threads with active compile tasks:
Total: 0

VM state: not at safepoint (normal execution)

VM Mutex/Monitor currently owned by a thread: None

Heap address: 0x0000000080000000, size: 2048 MB, Compressed Oops mode: 32-bit

CDS archive(s) mapped at: [0x0000016ad7000000-0x0000016ad7ba0000-0x0000016ad7ba0000), size 12189696, SharedBaseAddress: 0x0000016ad7000000, ArchiveRelocationMode: 1.
Compressed class space mapped at: 0x0000016ad8000000-0x0000016b18000000, reserved size: 1073741824
Narrow klass base: 0x0000016ad7000000, Narrow klass shift: 0, Narrow klass range: 0x100000000

GC Precious Log:
 CardTable entry size: 512
 CPUs: 20 total, 20 available
 Memory: 7911M
 Large Page Support: Disabled
 NUMA Support: Disabled
 Compressed Oops: Enabled (32-bit)
 Alignments: Space 512K, Generation 512K, Heap 2M
 Heap Min Capacity: 100M
 Heap Initial Capacity: 100M
 Heap Max Capacity: 2G
 Pre-touch: Disabled
 Parallel Workers: 15

Heap:
 PSYoungGen      total 8704K, used 4147K [0x00000000d5580000, 0x00000000d5f00000, 0x0000000100000000)
  eden space 7680K, 48% used [0x00000000d5580000,0x00000000d591cf90,0x00000000d5d00000)
  from space 1024K, 43% used [0x00000000d5d00000,0x00000000d5d70000,0x00000000d5e00000)
  to   space 1024K, 0% used [0x00000000d5e00000,0x00000000d5e00000,0x00000000d5f00000)
 ParOldGen       total 78336K, used 77841K [0x0000000080000000, 0x0000000084c80000, 0x00000000d5580000)
  object space 78336K, 99% used [0x0000000080000000,0x0000000084c04518,0x0000000084c80000)
 Metaspace       used 66338K, committed 67840K, reserved 1114112K
  class space    used 7797K, committed 8448K, reserved 1048576K

Card table byte_map: [0x0000016abfe30000,0x0000016ac0240000] _byte_map_base: 0x0000016abfa30000

Marking Bits: (ParMarkBitMap*) 0x00007ffe1ac93450
 Begin Bits: [0x0000016ad2940000, 0x0000016ad4940000)
 End Bits:   [0x0000016ad4940000, 0x0000016ad6940000)

Polling page: 0x0000016abdfa0000

Metaspace:

Usage:
  Non-class:     57.17 MB used.
      Class:      7.61 MB used.
       Both:     64.78 MB used.

Virtual space:
  Non-class space:       64.00 MB reserved,      58.00 MB ( 91%) committed,  1 nodes.
      Class space:        1.00 GB reserved,       8.25 MB ( <1%) committed,  1 nodes.
             Both:        1.06 GB reserved,      66.25 MB (  6%) committed. 

Chunk freelists:
   Non-Class:  5.72 MB
       Class:  7.77 MB
        Both:  13.49 MB

MaxMetaspaceSize: unlimited
CompressedClassSpaceSize: 1.00 GB
Initial GC threshold: 21.00 MB
Current GC threshold: 97.31 MB
CDS: on
 - commit_granule_bytes: 65536.
 - commit_granule_words: 8192.
 - virtual_space_node_default_size: 8388608.
 - enlarge_chunks_in_place: 1.
 - use_allocation_guard: 0.


Internal statistics:

num_allocs_failed_limit: 9.
num_arena_births: 1200.
num_arena_deaths: 38.
num_vsnodes_births: 2.
num_vsnodes_deaths: 0.
num_space_committed: 1060.
num_space_uncommitted: 0.
num_chunks_returned_to_freelist: 56.
num_chunks_taken_from_freelist: 4011.
num_chunk_merges: 14.
num_chunk_splits: 2507.
num_chunks_enlarged: 1550.
num_inconsistent_stats: 0.

CodeHeap 'non-profiled nmethods': size=119168Kb used=6638Kb max_used=6638Kb free=112529Kb
 bounds [0x0000016acb230000, 0x0000016acb8b0000, 0x0000016ad2690000]
CodeHeap 'profiled nmethods': size=119104Kb used=18674Kb max_used=18674Kb free=100429Kb
 bounds [0x0000016ac3690000, 0x0000016ac48d0000, 0x0000016acaae0000]
CodeHeap 'non-nmethods': size=7488Kb used=1433Kb max_used=3176Kb free=6054Kb
 bounds [0x0000016acaae0000, 0x0000016acaee0000, 0x0000016acb230000]
CodeCache: size=245760Kb, used=26745Kb, max_used=28488Kb, free=219012Kb
 total_blobs=9907, nmethods=9164, adapters=649, full_count=0
Compilation: enabled, stopped_count=0, restarted_count=0

Compilation events (20 events):
Event: 38617.936 Thread 0x0000016b1931f6f0 10027       3       java.io.InputStreamReader::lockFor (24 bytes)
Event: 38617.942 Thread 0x0000016b1931f6f0 nmethod 10027 0x0000016ac48c7390 code [0x0000016ac48c75a0, 0x0000016ac48c7c78]
Event: 38617.942 Thread 0x0000016b1931f6f0 10028       3       sun.nio.cs.StreamDecoder::<init> (52 bytes)
Event: 38617.948 Thread 0x0000016b1931f6f0 nmethod 10028 0x0000016ac48c7f10 code [0x0000016ac48c8100, 0x0000016ac48c85a8]
Event: 38617.949 Thread 0x0000016b1931f6f0 10029       1       org.eclipse.lsp4j.jsonrpc.messages.Message::setJsonrpc (6 bytes)
Event: 38617.949 Thread 0x0000016b1931f6f0 nmethod 10029 0x0000016acb8a6490 code [0x0000016acb8a6620, 0x0000016acb8a6700]
Event: 38622.058 Thread 0x0000016b1931f6f0 10030   !   3       jdk.internal.ref.Cleaner::clean (35 bytes)
Event: 38622.063 Thread 0x0000016b1931f6f0 nmethod 10030 0x0000016ac48c8790 code [0x0000016ac48c89c0, 0x0000016ac48c8fb0]
Event: 38622.063 Thread 0x0000016b1931f6f0 10031   !   3       java.nio.DirectByteBuffer::<init> (171 bytes)
Event: 38622.066 Thread 0x0000016b1931f6f0 nmethod 10031 0x0000016ac48c9210 code [0x0000016ac48c9500, 0x0000016ac48ca360]
Event: 38635.295 Thread 0x0000016b192fb860 10032   !   4       java.util.concurrent.locks.LockSupport::parkNanos (56 bytes)
Event: 38635.298 Thread 0x0000016b192fb860 nmethod 10032 0x0000016acb8a6790 code [0x0000016acb8a6940, 0x0000016acb8a6ab8]
Event: 38646.978 Thread 0x0000016b1931f6f0 10033       3       org.eclipse.core.internal.filesystem.local.LocalFile::equals (54 bytes)
Event: 38646.982 Thread 0x0000016b1931f6f0 nmethod 10033 0x0000016ac48caa10 code [0x0000016ac48cac20, 0x0000016ac48cb410]
Event: 38654.171 Thread 0x0000016b1931f6f0 10034       3       org.eclipse.core.runtime.Path::makeRelative (32 bytes)
Event: 38654.171 Thread 0x0000016b1931f6f0 nmethod 10034 0x0000016ac48cb690 code [0x0000016ac48cb860, 0x0000016ac48cbb38]
Event: 38654.171 Thread 0x0000016b1931f6f0 10035       3       org.eclipse.core.internal.resources.PathVariableManager::resolveURI (59 bytes)
Event: 38654.173 Thread 0x0000016b1931f6f0 nmethod 10035 0x0000016ac48cbc10 code [0x0000016ac48cbe60, 0x0000016ac48cc5e0]
Event: 38654.173 Thread 0x0000016b192fb860 10036       4       java.net.URI$Parser::parse (243 bytes)
Event: 38654.212 Thread 0x0000016b192fb860 nmethod 10036 0x0000016acb8a6c10 code [0x0000016acb8a70c0, 0x0000016acb8a9bb0]

GC Heap History (20 events):
Event: 104.522 GC heap before
{Heap before GC invocations=75 (full 3):
 PSYoungGen      total 9216K, used 8672K [0x00000000d5580000, 0x00000000d6000000, 0x0000000100000000)
  eden space 7680K, 100% used [0x00000000d5580000,0x00000000d5d00000,0x00000000d5d00000)
  from space 1536K, 64% used [0x00000000d5d00000,0x00000000d5df8000,0x00000000d5e80000)
  to   space 1536K, 0% used [0x00000000d5e80000,0x00000000d5e80000,0x00000000d6000000)
 ParOldGen       total 70656K, used 70249K [0x0000000080000000, 0x0000000084500000, 0x00000000d5580000)
  object space 70656K, 99% used [0x0000000080000000,0x000000008449a4c8,0x0000000084500000)
 Metaspace       used 65639K, committed 67072K, reserved 1114112K
  class space    used 7748K, committed 8384K, reserved 1048576K
}
Event: 104.525 GC heap after
{Heap after GC invocations=75 (full 3):
 PSYoungGen      total 9216K, used 1252K [0x00000000d5580000, 0x00000000d6000000, 0x0000000100000000)
  eden space 7680K, 0% used [0x00000000d5580000,0x00000000d5580000,0x00000000d5d00000)
  from space 1536K, 81% used [0x00000000d5e80000,0x00000000d5fb9000,0x00000000d6000000)
  to   space 1536K, 0% used [0x00000000d5d00000,0x00000000d5d00000,0x00000000d5e80000)
 ParOldGen       total 71168K, used 70961K [0x0000000080000000, 0x0000000084580000, 0x00000000d5580000)
  object space 71168K, 99% used [0x0000000080000000,0x000000008454c4c8,0x0000000084580000)
 Metaspace       used 65639K, committed 67072K, reserved 1114112K
  class space    used 7748K, committed 8384K, reserved 1048576K
}
Event: 104.551 GC heap before
{Heap before GC invocations=76 (full 3):
 PSYoungGen      total 9216K, used 8932K [0x00000000d5580000, 0x00000000d6000000, 0x0000000100000000)
  eden space 7680K, 100% used [0x00000000d5580000,0x00000000d5d00000,0x00000000d5d00000)
  from space 1536K, 81% used [0x00000000d5e80000,0x00000000d5fb9000,0x00000000d6000000)
  to   space 1536K, 0% used [0x00000000d5d00000,0x00000000d5d00000,0x00000000d5e80000)
 ParOldGen       total 71168K, used 70961K [0x0000000080000000, 0x0000000084580000, 0x00000000d5580000)
  object space 71168K, 99% used [0x0000000080000000,0x000000008454c4c8,0x0000000084580000)
 Metaspace       used 65641K, committed 67072K, reserved 1114112K
  class space    used 7748K, committed 8384K, reserved 1048576K
}
Event: 104.553 GC heap after
{Heap after GC invocations=76 (full 3):
 PSYoungGen      total 9216K, used 1056K [0x00000000d5580000, 0x00000000d6000000, 0x0000000100000000)
  eden space 7680K, 0% used [0x00000000d5580000,0x00000000d5580000,0x00000000d5d00000)
  from space 1536K, 68% used [0x00000000d5d00000,0x00000000d5e08000,0x00000000d5e80000)
  to   space 1536K, 0% used [0x00000000d5e80000,0x00000000d5e80000,0x00000000d6000000)
 ParOldGen       total 72192K, used 71966K [0x0000000080000000, 0x0000000084680000, 0x00000000d5580000)
  object space 72192K, 99% used [0x0000000080000000,0x0000000084647af0,0x0000000084680000)
 Metaspace       used 65641K, committed 67072K, reserved 1114112K
  class space    used 7748K, committed 8384K, reserved 1048576K
}
Event: 104.576 GC heap before
{Heap before GC invocations=77 (full 3):
 PSYoungGen      total 9216K, used 8736K [0x00000000d5580000, 0x00000000d6000000, 0x0000000100000000)
  eden space 7680K, 100% used [0x00000000d5580000,0x00000000d5d00000,0x00000000d5d00000)
  from space 1536K, 68% used [0x00000000d5d00000,0x00000000d5e08000,0x00000000d5e80000)
  to   space 1536K, 0% used [0x00000000d5e80000,0x00000000d5e80000,0x00000000d6000000)
 ParOldGen       total 72192K, used 71966K [0x0000000080000000, 0x0000000084680000, 0x00000000d5580000)
  object space 72192K, 99% used [0x0000000080000000,0x0000000084647af0,0x0000000084680000)
 Metaspace       used 65644K, committed 67072K, reserved 1114112K
  class space    used 7748K, committed 8384K, reserved 1048576K
}
Event: 104.578 GC heap after
{Heap after GC invocations=77 (full 3):
 PSYoungGen      total 9216K, used 1024K [0x00000000d5580000, 0x00000000d6000000, 0x0000000100000000)
  eden space 7680K, 0% used [0x00000000d5580000,0x00000000d5580000,0x00000000d5d00000)
  from space 1536K, 66% used [0x00000000d5e80000,0x00000000d5f80000,0x00000000d6000000)
  to   space 1536K, 0% used [0x00000000d5d00000,0x00000000d5d00000,0x00000000d5e80000)
 ParOldGen       total 73216K, used 72766K [0x0000000080000000, 0x0000000084780000, 0x00000000d5580000)
  object space 73216K, 99% used [0x0000000080000000,0x000000008470faf0,0x0000000084780000)
 Metaspace       used 65644K, committed 67072K, reserved 1114112K
  class space    used 7748K, committed 8384K, reserved 1048576K
}
Event: 104.617 GC heap before
{Heap before GC invocations=78 (full 3):
 PSYoungGen      total 9216K, used 8704K [0x00000000d5580000, 0x00000000d6000000, 0x0000000100000000)
  eden space 7680K, 100% used [0x00000000d5580000,0x00000000d5d00000,0x00000000d5d00000)
  from space 1536K, 66% used [0x00000000d5e80000,0x00000000d5f80000,0x00000000d6000000)
  to   space 1536K, 0% used [0x00000000d5d00000,0x00000000d5d00000,0x00000000d5e80000)
 ParOldGen       total 73216K, used 72766K [0x0000000080000000, 0x0000000084780000, 0x00000000d5580000)
  object space 73216K, 99% used [0x0000000080000000,0x000000008470faf0,0x0000000084780000)
 Metaspace       used 65654K, committed 67200K, reserved 1114112K
  class space    used 7748K, committed 8448K, reserved 1048576K
}
Event: 104.619 GC heap after
{Heap after GC invocations=78 (full 3):
 PSYoungGen      total 9216K, used 1024K [0x00000000d5580000, 0x00000000d6000000, 0x0000000100000000)
  eden space 7680K, 0% used [0x00000000d5580000,0x00000000d5580000,0x00000000d5d00000)
  from space 1536K, 66% used [0x00000000d5d00000,0x00000000d5e00000,0x00000000d5e80000)
  to   space 1536K, 0% used [0x00000000d5e80000,0x00000000d5e80000,0x00000000d6000000)
 ParOldGen       total 73728K, used 73582K [0x0000000080000000, 0x0000000084800000, 0x00000000d5580000)
  object space 73728K, 99% used [0x0000000080000000,0x00000000847dbaf0,0x0000000084800000)
 Metaspace       used 65654K, committed 67200K, reserved 1114112K
  class space    used 7748K, committed 8448K, reserved 1048576K
}
Event: 104.662 GC heap before
{Heap before GC invocations=79 (full 3):
 PSYoungGen      total 9216K, used 8704K [0x00000000d5580000, 0x00000000d6000000, 0x0000000100000000)
  eden space 7680K, 100% used [0x00000000d5580000,0x00000000d5d00000,0x00000000d5d00000)
  from space 1536K, 66% used [0x00000000d5d00000,0x00000000d5e00000,0x00000000d5e80000)
  to   space 1536K, 0% used [0x00000000d5e80000,0x00000000d5e80000,0x00000000d6000000)
 ParOldGen       total 73728K, used 73582K [0x0000000080000000, 0x0000000084800000, 0x00000000d5580000)
  object space 73728K, 99% used [0x0000000080000000,0x00000000847dbaf0,0x0000000084800000)
 Metaspace       used 65664K, committed 67200K, reserved 1114112K
  class space    used 7748K, committed 8448K, reserved 1048576K
}
Event: 104.664 GC heap after
{Heap after GC invocations=79 (full 3):
 PSYoungGen      total 9216K, used 1216K [0x00000000d5580000, 0x00000000d6000000, 0x0000000100000000)
  eden space 7680K, 0% used [0x00000000d5580000,0x00000000d5580000,0x00000000d5d00000)
  from space 1536K, 79% used [0x00000000d5e80000,0x00000000d5fb0010,0x00000000d6000000)
  to   space 1536K, 0% used [0x00000000d5d00000,0x00000000d5d00000,0x00000000d5e80000)
 ParOldGen       total 74752K, used 74358K [0x0000000080000000, 0x0000000084900000, 0x00000000d5580000)
  object space 74752K, 99% used [0x0000000080000000,0x000000008489daf0,0x0000000084900000)
 Metaspace       used 65664K, committed 67200K, reserved 1114112K
  class space    used 7748K, committed 8448K, reserved 1048576K
}
Event: 104.703 GC heap before
{Heap before GC invocations=80 (full 3):
 PSYoungGen      total 9216K, used 8896K [0x00000000d5580000, 0x00000000d6000000, 0x0000000100000000)
  eden space 7680K, 100% used [0x00000000d5580000,0x00000000d5d00000,0x00000000d5d00000)
  from space 1536K, 79% used [0x00000000d5e80000,0x00000000d5fb0010,0x00000000d6000000)
  to   space 1536K, 0% used [0x00000000d5d00000,0x00000000d5d00000,0x00000000d5e80000)
 ParOldGen       total 74752K, used 74358K [0x0000000080000000, 0x0000000084900000, 0x00000000d5580000)
  object space 74752K, 99% used [0x0000000080000000,0x000000008489daf0,0x0000000084900000)
 Metaspace       used 65668K, committed 67200K, reserved 1114112K
  class space    used 7748K, committed 8448K, reserved 1048576K
}
Event: 104.705 GC heap after
{Heap after GC invocations=80 (full 3):
 PSYoungGen      total 9216K, used 1056K [0x00000000d5580000, 0x00000000d6000000, 0x0000000100000000)
  eden space 7680K, 0% used [0x00000000d5580000,0x00000000d5580000,0x00000000d5d00000)
  from space 1536K, 68% used [0x00000000d5d00000,0x00000000d5e08000,0x00000000d5e80000)
  to   space 1536K, 0% used [0x00000000d5e80000,0x00000000d5e80000,0x00000000d6000000)
 ParOldGen       total 75776K, used 75358K [0x0000000080000000, 0x0000000084a00000, 0x00000000d5580000)
  object space 75776K, 99% used [0x0000000080000000,0x0000000084997b00,0x0000000084a00000)
 Metaspace       used 65668K, committed 67200K, reserved 1114112K
  class space    used 7748K, committed 8448K, reserved 1048576K
}
Event: 104.782 GC heap before
{Heap before GC invocations=81 (full 3):
 PSYoungGen      total 9216K, used 8736K [0x00000000d5580000, 0x00000000d6000000, 0x0000000100000000)
  eden space 7680K, 100% used [0x00000000d5580000,0x00000000d5d00000,0x00000000d5d00000)
  from space 1536K, 68% used [0x00000000d5d00000,0x00000000d5e08000,0x00000000d5e80000)
  to   space 1536K, 0% used [0x00000000d5e80000,0x00000000d5e80000,0x00000000d6000000)
 ParOldGen       total 75776K, used 75358K [0x0000000080000000, 0x0000000084a00000, 0x00000000d5580000)
  object space 75776K, 99% used [0x0000000080000000,0x0000000084997b00,0x0000000084a00000)
 Metaspace       used 65681K, committed 67200K, reserved 1114112K
  class space    used 7748K, committed 8448K, reserved 1048576K
}
Event: 104.784 GC heap after
{Heap after GC invocations=81 (full 3):
 PSYoungGen      total 9216K, used 1048K [0x00000000d5580000, 0x00000000d6000000, 0x0000000100000000)
  eden space 7680K, 0% used [0x00000000d5580000,0x00000000d5580000,0x00000000d5d00000)
  from space 1536K, 68% used [0x00000000d5e80000,0x00000000d5f86200,0x00000000d6000000)
  to   space 1536K, 0% used [0x00000000d5d00000,0x00000000d5d00000,0x00000000d5e80000)
 ParOldGen       total 76288K, used 76150K [0x0000000080000000, 0x0000000084a80000, 0x00000000d5580000)
  object space 76288K, 99% used [0x0000000080000000,0x0000000084a5db00,0x0000000084a80000)
 Metaspace       used 65681K, committed 67200K, reserved 1114112K
  class space    used 7748K, committed 8448K, reserved 1048576K
}
Event: 104.916 GC heap before
{Heap before GC invocations=82 (full 3):
 PSYoungGen      total 9216K, used 8728K [0x00000000d5580000, 0x00000000d6000000, 0x0000000100000000)
  eden space 7680K, 100% used [0x00000000d5580000,0x00000000d5d00000,0x00000000d5d00000)
  from space 1536K, 68% used [0x00000000d5e80000,0x00000000d5f86200,0x00000000d6000000)
  to   space 1536K, 0% used [0x00000000d5d00000,0x00000000d5d00000,0x00000000d5e80000)
 ParOldGen       total 76288K, used 76150K [0x0000000080000000, 0x0000000084a80000, 0x00000000d5580000)
  object space 76288K, 99% used [0x0000000080000000,0x0000000084a5db00,0x0000000084a80000)
 Metaspace       used 66069K, committed 67520K, reserved 1114112K
  class space    used 7785K, committed 8448K, reserved 1048576K
}
Event: 104.919 GC heap after
{Heap after GC invocations=82 (full 3):
 PSYoungGen      total 8704K, used 928K [0x00000000d5580000, 0x00000000d5f00000, 0x0000000100000000)
  eden space 7680K, 0% used [0x00000000d5580000,0x00000000d5580000,0x00000000d5d00000)
  from space 1024K, 90% used [0x00000000d5d00000,0x00000000d5de8020,0x00000000d5e00000)
  to   space 1024K, 0% used [0x00000000d5e00000,0x00000000d5e00000,0x00000000d5f00000)
 ParOldGen       total 77312K, used 76919K [0x0000000080000000, 0x0000000084b80000, 0x00000000d5580000)
  object space 77312K, 99% used [0x0000000080000000,0x0000000084b1dd00,0x0000000084b80000)
 Metaspace       used 66069K, committed 67520K, reserved 1114112K
  class space    used 7785K, committed 8448K, reserved 1048576K
}
Event: 13811.678 GC heap before
{Heap before GC invocations=83 (full 3):
 PSYoungGen      total 8704K, used 8608K [0x00000000d5580000, 0x00000000d5f00000, 0x0000000100000000)
  eden space 7680K, 100% used [0x00000000d5580000,0x00000000d5d00000,0x00000000d5d00000)
  from space 1024K, 90% used [0x00000000d5d00000,0x00000000d5de8020,0x00000000d5e00000)
  to   space 1024K, 0% used [0x00000000d5e00000,0x00000000d5e00000,0x00000000d5f00000)
 ParOldGen       total 77312K, used 76919K [0x0000000080000000, 0x0000000084b80000, 0x00000000d5580000)
  object space 77312K, 99% used [0x0000000080000000,0x0000000084b1dd00,0x0000000084b80000)
 Metaspace       used 66239K, committed 67712K, reserved 1114112K
  class space    used 7792K, committed 8448K, reserved 1048576K
}
Event: 13811.762 GC heap after
{Heap after GC invocations=83 (full 3):
 PSYoungGen      total 8704K, used 736K [0x00000000d5580000, 0x00000000d5f00000, 0x0000000100000000)
  eden space 7680K, 0% used [0x00000000d5580000,0x00000000d5580000,0x00000000d5d00000)
  from space 1024K, 71% used [0x00000000d5e00000,0x00000000d5eb8010,0x00000000d5f00000)
  to   space 1024K, 0% used [0x00000000d5d00000,0x00000000d5d00000,0x00000000d5e00000)
 ParOldGen       total 77824K, used 77585K [0x0000000080000000, 0x0000000084c00000, 0x00000000d5580000)
  object space 77824K, 99% used [0x0000000080000000,0x0000000084bc4518,0x0000000084c00000)
 Metaspace       used 66239K, committed 67712K, reserved 1114112K
  class space    used 7792K, committed 8448K, reserved 1048576K
}
Event: 38252.105 GC heap before
{Heap before GC invocations=84 (full 3):
 PSYoungGen      total 8704K, used 8416K [0x00000000d5580000, 0x00000000d5f00000, 0x0000000100000000)
  eden space 7680K, 100% used [0x00000000d5580000,0x00000000d5d00000,0x00000000d5d00000)
  from space 1024K, 71% used [0x00000000d5e00000,0x00000000d5eb8010,0x00000000d5f00000)
  to   space 1024K, 0% used [0x00000000d5d00000,0x00000000d5d00000,0x00000000d5e00000)
 ParOldGen       total 77824K, used 77585K [0x0000000080000000, 0x0000000084c00000, 0x00000000d5580000)
  object space 77824K, 99% used [0x0000000080000000,0x0000000084bc4518,0x0000000084c00000)
 Metaspace       used 66316K, committed 67776K, reserved 1114112K
  class space    used 7797K, committed 8448K, reserved 1048576K
}
Event: 38252.140 GC heap after
{Heap after GC invocations=84 (full 3):
 PSYoungGen      total 8704K, used 448K [0x00000000d5580000, 0x00000000d5f00000, 0x0000000100000000)
  eden space 7680K, 0% used [0x00000000d5580000,0x00000000d5580000,0x00000000d5d00000)
  from space 1024K, 43% used [0x00000000d5d00000,0x00000000d5d70000,0x00000000d5e00000)
  to   space 1024K, 0% used [0x00000000d5e00000,0x00000000d5e00000,0x00000000d5f00000)
 ParOldGen       total 78336K, used 77841K [0x0000000080000000, 0x0000000084c80000, 0x00000000d5580000)
  object space 78336K, 99% used [0x0000000080000000,0x0000000084c04518,0x0000000084c80000)
 Metaspace       used 66316K, committed 67776K, reserved 1114112K
  class space    used 7797K, committed 8448K, reserved 1048576K
}

Dll operation events (15 events):
Event: 0.247 Loaded shared library c:\Users\jibri\.cursor\extensions\redhat.java-1.53.0-win32-x64\jre\21.0.10-win32-x86_64\bin\java.dll
Event: 0.306 Loaded shared library c:\Users\jibri\.cursor\extensions\redhat.java-1.53.0-win32-x64\jre\21.0.10-win32-x86_64\bin\zip.dll
Event: 0.324 Loaded shared library C:\Users\jibri\.cursor\extensions\redhat.java-1.53.0-win32-x64\jre\21.0.10-win32-x86_64\bin\instrument.dll
Event: 0.328 Loaded shared library C:\Users\jibri\.cursor\extensions\redhat.java-1.53.0-win32-x64\jre\21.0.10-win32-x86_64\bin\net.dll
Event: 0.329 Loaded shared library C:\Users\jibri\.cursor\extensions\redhat.java-1.53.0-win32-x64\jre\21.0.10-win32-x86_64\bin\nio.dll
Event: 0.332 Loaded shared library C:\Users\jibri\.cursor\extensions\redhat.java-1.53.0-win32-x64\jre\21.0.10-win32-x86_64\bin\zip.dll
Event: 0.348 Loaded shared library C:\Users\jibri\.cursor\extensions\redhat.java-1.53.0-win32-x64\jre\21.0.10-win32-x86_64\bin\jimage.dll
Event: 0.430 Loaded shared library c:\Users\jibri\.cursor\extensions\redhat.java-1.53.0-win32-x64\jre\21.0.10-win32-x86_64\bin\verify.dll
Event: 3.168 Loaded shared library C:\Users\jibri\AppData\Roaming\Cursor\User\globalStorage\redhat.java\1.53.0\config_win\org.eclipse.equinox.launcher\org.eclipse.equinox.launcher.win32.win32.x86_64_1.3.0.v20260203-2149\eclipse_11919.dll
Event: 8.878 Loaded shared library C:\Users\jibri\AppData\Local\Temp\jna-101119098\jna7368870341427646810.dll
Event: 22.264 Loaded shared library C:\Users\jibri\.gradle\native\1def1411415f61bf3af743bc5b6707747c0891f09f0c88961ee8f79bc544acac\windows-amd64\native-platform.dll
Event: 28.678 Loaded shared library C:\Users\jibri\.cursor\extensions\redhat.java-1.53.0-win32-x64\jre\21.0.10-win32-x86_64\bin\management.dll
Event: 28.682 Loaded shared library C:\Users\jibri\.cursor\extensions\redhat.java-1.53.0-win32-x64\jre\21.0.10-win32-x86_64\bin\management_ext.dll
Event: 28.906 Loaded shared library C:\Users\jibri\.cursor\extensions\redhat.java-1.53.0-win32-x64\jre\21.0.10-win32-x86_64\bin\extnet.dll
Event: 29.049 Loaded shared library C:\Users\jibri\.cursor\extensions\redhat.java-1.53.0-win32-x64\jre\21.0.10-win32-x86_64\bin\sunmscapi.dll

Deoptimization events (20 events):
Event: 34297.430 Thread 0x0000016b213c28c0 Uncommon trap: trap_request=0xffffff45 fr.pc=0x0000016acb88ca94 relative=0x0000000000000074
Event: 34297.431 Thread 0x0000016b213c28c0 Uncommon trap: reason=unstable_if action=reinterpret pc=0x0000016acb88ca94 method=java.util.concurrent.locks.AbstractQueuedSynchronizer$ConditionObject.canReacquire(Ljava/util/concurrent/locks/AbstractQueuedSynchronizer$ConditionNode;)Z @ 10 c2
Event: 34297.431 Thread 0x0000016b213c28c0 DEOPT PACKING pc=0x0000016acb88ca94 sp=0x0000003b353ff220
Event: 34297.432 Thread 0x0000016b213c28c0 DEOPT UNPACKING pc=0x0000016acab33aa2 sp=0x0000003b353ff1b8 mode 2
Event: 34297.580 Thread 0x0000016b213c28c0 DEOPT PACKING pc=0x0000016ac46fbb3b sp=0x0000003b353fe760
Event: 34297.581 Thread 0x0000016b213c28c0 DEOPT UNPACKING pc=0x0000016acab34242 sp=0x0000003b353fdc98 mode 0
Event: 36635.394 Thread 0x0000016b213c28c0 DEOPT PACKING pc=0x0000016ac46f89c6 sp=0x0000003b353fe5b0
Event: 36635.395 Thread 0x0000016b213c28c0 DEOPT UNPACKING pc=0x0000016acab34242 sp=0x0000003b353fdb30 mode 0
Event: 36894.543 Thread 0x0000016b213c28c0 DEOPT PACKING pc=0x0000016ac46f89c6 sp=0x0000003b353fe6b0
Event: 36894.543 Thread 0x0000016b213c28c0 DEOPT UNPACKING pc=0x0000016acab34242 sp=0x0000003b353fdc30 mode 0
Event: 36894.549 Thread 0x0000016b213c28c0 DEOPT PACKING pc=0x0000016ac46fbb3b sp=0x0000003b353fe660
Event: 36894.550 Thread 0x0000016b213c28c0 DEOPT UNPACKING pc=0x0000016acab34242 sp=0x0000003b353fdb98 mode 0
Event: 36954.852 Thread 0x0000016b213c28c0 DEOPT PACKING pc=0x0000016ac46f89c6 sp=0x0000003b353fe520
Event: 36954.852 Thread 0x0000016b213c28c0 DEOPT UNPACKING pc=0x0000016acab34242 sp=0x0000003b353fdaa0 mode 0
Event: 37157.092 Thread 0x0000016b213c28c0 DEOPT PACKING pc=0x0000016ac4879341 sp=0x0000003b353fec00
Event: 37157.093 Thread 0x0000016b213c28c0 DEOPT UNPACKING pc=0x0000016acab34242 sp=0x0000003b353fe0e0 mode 0
Event: 37647.477 Thread 0x0000016b213c28c0 DEOPT PACKING pc=0x0000016ac46fbb3b sp=0x0000003b353fe7a0
Event: 37647.478 Thread 0x0000016b213c28c0 DEOPT UNPACKING pc=0x0000016acab34242 sp=0x0000003b353fdcd8 mode 0
Event: 38206.776 Thread 0x0000016b213c28c0 DEOPT PACKING pc=0x0000016ac46fbb3b sp=0x0000003b353fe8a0
Event: 38206.777 Thread 0x0000016b213c28c0 DEOPT UNPACKING pc=0x0000016acab34242 sp=0x0000003b353fddd8 mode 0

Classes loaded (20 events):
Event: 104.108 Loading class java/nio/ByteBufferAsIntBufferL
Event: 104.108 Loading class java/nio/ByteBufferAsIntBufferL done
Event: 104.115 Loading class jdk/internal/jimage/ImageReader$Directory
Event: 104.116 Loading class jdk/internal/jimage/ImageReader$Directory done
Event: 104.370 Loading class java/nio/channels/Channels$ReadableByteChannelImpl
Event: 104.370 Loading class java/nio/channels/Channels$ReadableByteChannelImpl done
Event: 104.371 Loading class java/nio/channels/NonWritableChannelException
Event: 104.371 Loading class java/nio/channels/NonWritableChannelException done
Event: 104.831 Loading class java/util/stream/DistinctOps
Event: 104.831 Loading class java/util/stream/DistinctOps done
Event: 104.831 Loading class java/util/stream/DistinctOps$1
Event: 104.831 Loading class java/util/stream/DistinctOps$1 done
Event: 104.836 Loading class java/util/stream/DistinctOps$1$2
Event: 104.836 Loading class java/util/stream/DistinctOps$1$2 done
Event: 104.886 Loading class java/util/AbstractList$RandomAccessSubList
Event: 104.887 Loading class java/util/AbstractList$SubList
Event: 104.887 Loading class java/util/AbstractList$SubList done
Event: 104.888 Loading class java/util/AbstractList$RandomAccessSubList done
Event: 104.888 Loading class java/util/AbstractList$SubList$1
Event: 104.888 Loading class java/util/AbstractList$SubList$1 done

Classes unloaded (19 events):
Event: 10.898 Thread 0x0000016ac0424b20 Unloading class 0x0000016ad81ad400 'java/lang/invoke/LambdaForm$MH+0x0000016ad81ad400'
Event: 10.898 Thread 0x0000016ac0424b20 Unloading class 0x0000016ad81ad000 'java/lang/invoke/LambdaForm$MH+0x0000016ad81ad000'
Event: 10.898 Thread 0x0000016ac0424b20 Unloading class 0x0000016ad81acc00 'java/lang/invoke/LambdaForm$MH+0x0000016ad81acc00'
Event: 10.898 Thread 0x0000016ac0424b20 Unloading class 0x0000016ad81ac800 'java/lang/invoke/LambdaForm$MH+0x0000016ad81ac800'
Event: 10.898 Thread 0x0000016ac0424b20 Unloading class 0x0000016ad81ac400 'java/lang/invoke/LambdaForm$BMH+0x0000016ad81ac400'
Event: 10.898 Thread 0x0000016ac0424b20 Unloading class 0x0000016ad81ac000 'java/lang/invoke/LambdaForm$DMH+0x0000016ad81ac000'
Event: 10.898 Thread 0x0000016ac0424b20 Unloading class 0x0000016ad81aac00 'java/lang/invoke/LambdaForm$DMH+0x0000016ad81aac00'
Event: 12.250 Thread 0x0000016ac0424b20 Unloading class 0x0000016ad8392800 'java/lang/invoke/LambdaForm$MH+0x0000016ad8392800'
Event: 12.250 Thread 0x0000016ac0424b20 Unloading class 0x0000016ad8391c00 'java/lang/invoke/LambdaForm$MH+0x0000016ad8391c00'
Event: 12.250 Thread 0x0000016ac0424b20 Unloading class 0x0000016ad8391400 'java/lang/invoke/LambdaForm$MH+0x0000016ad8391400'
Event: 12.250 Thread 0x0000016ac0424b20 Unloading class 0x0000016ad8391000 'java/lang/invoke/LambdaForm$MH+0x0000016ad8391000'
Event: 12.250 Thread 0x0000016ac0424b20 Unloading class 0x0000016ad8390800 'java/lang/invoke/LambdaForm$DMH+0x0000016ad8390800'
Event: 12.250 Thread 0x0000016ac0424b20 Unloading class 0x0000016ad838bc00 'java/lang/invoke/LambdaForm$MH+0x0000016ad838bc00'
Event: 12.250 Thread 0x0000016ac0424b20 Unloading class 0x0000016ad8386c00 'java/lang/invoke/LambdaForm$MH+0x0000016ad8386c00'
Event: 12.250 Thread 0x0000016ac0424b20 Unloading class 0x0000016ad8386400 'java/lang/invoke/LambdaForm$MH+0x0000016ad8386400'
Event: 12.250 Thread 0x0000016ac0424b20 Unloading class 0x0000016ad8386000 'java/lang/invoke/LambdaForm$MH+0x0000016ad8386000'
Event: 12.250 Thread 0x0000016ac0424b20 Unloading class 0x0000016ad8385400 'java/lang/invoke/LambdaForm$MH+0x0000016ad8385400'
Event: 12.250 Thread 0x0000016ac0424b20 Unloading class 0x0000016ad8384c00 'java/lang/invoke/LambdaForm$MH+0x0000016ad8384c00'
Event: 12.250 Thread 0x0000016ac0424b20 Unloading class 0x0000016ad8384400 'java/lang/invoke/LambdaForm$MH+0x0000016ad8384400'

Classes redefined (0 events):
No events

Internal exceptions (20 events):
Event: 103.973 Thread 0x0000016b20d01ad0 Exception <a 'sun/nio/fs/WindowsException'{0x00000000d565c2d8}> (0x00000000d565c2d8) 
thrown [s\src\hotspot\share\prims\jni.cpp, line 520]
Event: 103.973 Thread 0x0000016b20d01ad0 Exception <a 'sun/nio/fs/WindowsException'{0x00000000d565c908}> (0x00000000d565c908) 
thrown [s\src\hotspot\share\prims\jni.cpp, line 520]
Event: 103.990 Thread 0x0000016b213c2230 Exception <a 'java/lang/IncompatibleClassChangeError'{0x00000000d56ec8c0}: Found class java.lang.Object, but interface was expected> (0x00000000d56ec8c0) 
thrown [s\src\hotspot\share\interpreter\linkResolver.cpp, line 840]
Event: 104.062 Thread 0x0000016b213c1510 Exception <a 'java/lang/NoSuchMethodError'{0x00000000d5addc38}: 'java.lang.Object java.lang.invoke.DirectMethodHandle$Holder.invokeStaticInit(java.lang.Object, java.lang.Object, java.lang.Object)'> (0x00000000d5addc38) 
thrown [s\src\hotspot\share\interpreter\linkResolver.cpp, line 773]
Event: 104.067 Thread 0x0000016b20d01ad0 Implicit null exception at 0x0000016acb52f583 to 0x0000016acb52f804
Event: 104.069 Thread 0x0000016b20d01ad0 Exception <a 'java/lang/NoSuchMethodError'{0x00000000d5b4ca00}: 'java.lang.Object java.lang.invoke.DelegatingMethodHandle$Holder.reinvoke_L(java.lang.Object, int, long, java.lang.Object, java.lang.Object, int, java.lang.Object)'> (0x00000000d5b4ca00) 
thrown [s\src\hotspot\share\interpreter\linkResolver.cpp, line 773]
Event: 104.193 Thread 0x0000016b20d01ad0 Exception <a 'java/lang/NoSuchMethodError'{0x00000000d5a91b90}: 'java.lang.Object java.lang.invoke.Invokers$Holder.invoke_MT(java.lang.Object, java.lang.Object, java.lang.Object, java.lang.Object, java.lang.Object, java.lang.Object, java.lang.Object, java.lang.Object, java.lang.Object, java.lang.Object)'> (0x00000000d5a91b90) 
thrown [s\src\hotspot\share\interpreter\linkResolver.cpp, line 773]
Event: 104.815 Thread 0x0000016b20d01ad0 Exception <a 'java/io/FileNotFoundException'{0x00000000d59f4e80}> (0x00000000d59f4e80) 
thrown [s\src\hotspot\share\prims\jni.cpp, line 520]
Event: 104.815 Thread 0x0000016b20d01ad0 Exception <a 'java/io/FileNotFoundException'{0x00000000d59f5c08}> (0x00000000d59f5c08) 
thrown [s\src\hotspot\share\prims\jni.cpp, line 520]
Event: 104.827 Thread 0x0000016b20d01ad0 Exception <a 'sun/nio/fs/WindowsException'{0x00000000d5a61218}> (0x00000000d5a61218) 
thrown [s\src\hotspot\share\prims\jni.cpp, line 520]
Event: 104.827 Thread 0x0000016b20d01ad0 Exception <a 'sun/nio/fs/WindowsException'{0x00000000d5a61848}> (0x00000000d5a61848) 
thrown [s\src\hotspot\share\prims\jni.cpp, line 520]
Event: 104.846 Thread 0x0000016b213c35e0 Exception <a 'sun/nio/fs/WindowsException'{0x00000000d5aeb140}> (0x00000000d5aeb140) 
thrown [s\src\hotspot\share\prims\jni.cpp, line 520]
Event: 104.846 Thread 0x0000016b213c35e0 Exception <a 'sun/nio/fs/WindowsException'{0x00000000d5aeba20}> (0x00000000d5aeba20) 
thrown [s\src\hotspot\share\prims\jni.cpp, line 520]
Event: 104.847 Thread 0x0000016b213c35e0 Exception <a 'sun/nio/fs/WindowsException'{0x00000000d5aec780}> (0x00000000d5aec780) 
thrown [s\src\hotspot\share\prims\jni.cpp, line 520]
Event: 104.847 Thread 0x0000016b213c35e0 Exception <a 'sun/nio/fs/WindowsException'{0x00000000d5aed060}> (0x00000000d5aed060) 
thrown [s\src\hotspot\share\prims\jni.cpp, line 520]
Event: 104.848 Thread 0x0000016b213c35e0 Exception <a 'sun/nio/fs/WindowsException'{0x00000000d5aee750}> (0x00000000d5aee750) 
thrown [s\src\hotspot\share\prims\jni.cpp, line 520]
Event: 104.848 Thread 0x0000016b213c35e0 Exception <a 'sun/nio/fs/WindowsException'{0x00000000d5aef030}> (0x00000000d5aef030) 
thrown [s\src\hotspot\share\prims\jni.cpp, line 520]
Event: 1210.534 Thread 0x0000016b20d02160 Implicit null exception at 0x0000016acb8768ad to 0x0000016acb8784fc
Event: 1210.538 Thread 0x0000016b20d02160 Implicit null exception at 0x0000016acb871ba3 to 0x0000016acb8722c8
Event: 5069.821 Thread 0x0000016b213c2230 Exception <a 'java/lang/IncompatibleClassChangeError'{0x00000000d591b838}: Found class java.lang.Object, but interface was expected> (0x00000000d591b838) 
thrown [s\src\hotspot\share\interpreter\linkResolver.cpp, line 840]

ZGC Phase Switch (0 events):
No events

VM Operations (20 events):
Event: 37706.142 Executing non-safepoint VM operation: RendezvousGCThreads
Event: 37706.142 Executing non-safepoint VM operation: RendezvousGCThreads done
Event: 37729.246 Executing safepoint VM operation: Cleanup
Event: 37729.247 Executing safepoint VM operation: Cleanup done
Event: 38104.610 Executing safepoint VM operation: Cleanup
Event: 38104.610 Executing safepoint VM operation: Cleanup done
Event: 38126.924 Executing non-safepoint VM operation: HandshakeAllThreads (HandshakeForDeflation)
Event: 38126.924 Executing non-safepoint VM operation: HandshakeAllThreads (HandshakeForDeflation) done
Event: 38126.924 Executing non-safepoint VM operation: RendezvousGCThreads
Event: 38126.924 Executing non-safepoint VM operation: RendezvousGCThreads done
Event: 38228.529 Executing safepoint VM operation: Cleanup
Event: 38228.529 Executing safepoint VM operation: Cleanup done
Event: 38252.105 Executing safepoint VM operation: ParallelGCFailedAllocation (Allocation Failure)
Event: 38252.140 Executing safepoint VM operation: ParallelGCFailedAllocation (Allocation Failure) done
Event: 38367.960 Executing safepoint VM operation: Cleanup
Event: 38367.960 Executing safepoint VM operation: Cleanup done
Event: 38527.078 Executing safepoint VM operation: Cleanup
Event: 38527.078 Executing safepoint VM operation: Cleanup done
Event: 38653.825 Executing safepoint VM operation: Cleanup
Event: 38653.825 Executing safepoint VM operation: Cleanup done

Memory protections (0 events):
No events

Nmethod flushes (20 events):
Event: 29.106 Thread 0x0000016ac0424b20 flushing  nmethod 0x0000016ac4080990
Event: 29.106 Thread 0x0000016ac0424b20 flushing  nmethod 0x0000016ac4086490
Event: 29.106 Thread 0x0000016ac0424b20 flushing  nmethod 0x0000016ac409a090
Event: 29.106 Thread 0x0000016ac0424b20 flushing  nmethod 0x0000016ac40a3b10
Event: 29.106 Thread 0x0000016ac0424b20 flushing  nmethod 0x0000016ac40a8890
Event: 29.106 Thread 0x0000016ac0424b20 flushing  nmethod 0x0000016ac40c5810
Event: 29.106 Thread 0x0000016ac0424b20 flushing  nmethod 0x0000016ac40c7a90
Event: 29.106 Thread 0x0000016ac0424b20 flushing  nmethod 0x0000016ac40c9010
Event: 29.106 Thread 0x0000016ac0424b20 flushing  nmethod 0x0000016ac40c9e10
Event: 29.106 Thread 0x0000016ac0424b20 flushing  nmethod 0x0000016ac40ca310
Event: 29.106 Thread 0x0000016ac0424b20 flushing  nmethod 0x0000016ac40cb990
Event: 29.106 Thread 0x0000016ac0424b20 flushing  nmethod 0x0000016ac40cbd90
Event: 29.106 Thread 0x0000016ac0424b20 flushing  nmethod 0x0000016ac40ccb10
Event: 29.106 Thread 0x0000016ac0424b20 flushing  nmethod 0x0000016ac40cd810
Event: 29.106 Thread 0x0000016ac0424b20 flushing  nmethod 0x0000016ac40cf290
Event: 29.106 Thread 0x0000016ac0424b20 flushing  nmethod 0x0000016ac40edf90
Event: 29.106 Thread 0x0000016ac0424b20 flushing  nmethod 0x0000016ac40efa90
Event: 29.106 Thread 0x0000016ac0424b20 flushing  nmethod 0x0000016ac40fa290
Event: 29.106 Thread 0x0000016ac0424b20 flushing  nmethod 0x0000016ac4105590
Event: 29.106 Thread 0x0000016ac0424b20 flushing  nmethod 0x0000016ac4105910

Events (20 events):
Event: 104.007 Thread 0x0000016b213c2230 Thread added: 0x0000016b202165c0
Event: 104.008 Thread 0x0000016b213c2230 Thread added: 0x0000016b20217970
Event: 104.010 Thread 0x0000016b1931f6f0 Thread added: 0x0000016b229ef340
Event: 104.063 Thread 0x0000016b1931f6f0 Thread added: 0x0000016b229f07b0
Event: 104.084 Thread 0x0000016b1931f6f0 Thread added: 0x0000016b229f1550
Event: 104.137 Thread 0x0000016b229f1550 Thread added: 0x0000016b229f1c20
Event: 104.157 Thread 0x0000016b229f1c20 Thread added: 0x0000016b229ee5a0
Event: 109.959 Thread 0x0000016b229ee5a0 Thread exited: 0x0000016b229ee5a0
Event: 110.395 Thread 0x0000016b229f07b0 Thread exited: 0x0000016b229f07b0
Event: 114.961 Thread 0x0000016b229ef340 Thread exited: 0x0000016b229ef340
Event: 114.961 Thread 0x0000016b229f1c20 Thread exited: 0x0000016b229f1c20
Event: 114.961 Thread 0x0000016b229f1550 Thread exited: 0x0000016b229f1550
Event: 164.934 Thread 0x0000016b202165c0 Thread exited: 0x0000016b202165c0
Event: 164.968 Thread 0x0000016b20d01ad0 Thread exited: 0x0000016b20d01ad0
Event: 224.948 Thread 0x0000016b213c35e0 Thread exited: 0x0000016b213c35e0
Event: 284.965 Thread 0x0000016b213c1510 Thread exited: 0x0000016b213c1510
Event: 344.972 Thread 0x0000016b20217970 Thread exited: 0x0000016b20217970
Event: 404.974 Thread 0x0000016b20219a40 Thread exited: 0x0000016b20219a40
Event: 36922.239 Thread 0x0000016b1931f6f0 Thread added: 0x0000016b229ef340
Event: 36927.276 Thread 0x0000016b229ef340 Thread exited: 0x0000016b229ef340


Dynamic libraries:
0x00007ff72b7e0000 - 0x00007ff72b7ee000 	c:\Users\jibri\.cursor\extensions\redhat.java-1.53.0-win32-x64\jre\21.0.10-win32-x86_64\bin\java.exe
0x00007ffef7c00000 - 0x00007ffef7e67000 	C:\WINDOWS\SYSTEM32\ntdll.dll
0x00007ffeafac0000 - 0x00007ffeafae0000 	C:\Program Files\Avast Software\Avast\aswhook.dll
0x00007ffef6e50000 - 0x00007ffef6f19000 	C:\WINDOWS\System32\KERNEL32.DLL
0x00007ffef54e0000 - 0x00007ffef58d1000 	C:\WINDOWS\System32\KERNELBASE.dll
0x00007ffef5130000 - 0x00007ffef527b000 	C:\WINDOWS\System32\ucrtbase.dll
0x00007ffeacb30000 - 0x00007ffeacb4e000 	c:\Users\jibri\.cursor\extensions\redhat.java-1.53.0-win32-x64\jre\21.0.10-win32-x86_64\bin\VCRUNTIME140.dll
0x00007ffeaf7d0000 - 0x00007ffeaf7e8000 	c:\Users\jibri\.cursor\extensions\redhat.java-1.53.0-win32-x64\jre\21.0.10-win32-x86_64\bin\jli.dll
0x00007ffef7760000 - 0x00007ffef7925000 	C:\WINDOWS\System32\USER32.dll
0x00007ffed1f60000 - 0x00007ffed21f3000 	C:\WINDOWS\WinSxS\amd64_microsoft.windows.common-controls_6595b64144ccf1df_6.0.26100.8037_none_3e092faae333b53b\COMCTL32.dll
0x00007ffef54b0000 - 0x00007ffef54d7000 	C:\WINDOWS\System32\win32u.dll
0x00007ffef7220000 - 0x00007ffef72c9000 	C:\WINDOWS\System32\msvcrt.dll
0x00007ffef7150000 - 0x00007ffef717b000 	C:\WINDOWS\System32\GDI32.dll
0x00007ffef44e0000 - 0x00007ffef460b000 	C:\WINDOWS\System32\gdi32full.dll
0x00007ffef4ff0000 - 0x00007ffef5093000 	C:\WINDOWS\System32\msvcp_win.dll
0x00007ffef6b20000 - 0x00007ffef6b51000 	C:\WINDOWS\System32\IMM32.DLL
0x00007ffebb030000 - 0x00007ffebb03c000 	c:\Users\jibri\.cursor\extensions\redhat.java-1.53.0-win32-x64\jre\21.0.10-win32-x86_64\bin\vcruntime140_1.dll
0x00007ffea0170000 - 0x00007ffea01fd000 	c:\Users\jibri\.cursor\extensions\redhat.java-1.53.0-win32-x64\jre\21.0.10-win32-x86_64\bin\msvcp140.dll
0x00007ffe19fd0000 - 0x00007ffe1ad71000 	c:\Users\jibri\.cursor\extensions\redhat.java-1.53.0-win32-x64\jre\21.0.10-win32-x86_64\bin\server\jvm.dll
0x00007ffef5ab0000 - 0x00007ffef5b6b000 	C:\WINDOWS\System32\ADVAPI32.dll
0x00007ffef7930000 - 0x00007ffef79d7000 	C:\WINDOWS\System32\sechost.dll
0x00007ffef6860000 - 0x00007ffef6978000 	C:\WINDOWS\System32\RPCRT4.dll
0x00007ffef5b80000 - 0x00007ffef5bf4000 	C:\WINDOWS\System32\WS2_32.dll
0x00007ffef4340000 - 0x00007ffef439e000 	C:\WINDOWS\SYSTEM32\POWRPROF.dll
0x00007ffee40e0000 - 0x00007ffee4115000 	C:\WINDOWS\SYSTEM32\WINMM.dll
0x00007ffeec230000 - 0x00007ffeec23b000 	C:\WINDOWS\SYSTEM32\VERSION.dll
0x00007ffef4320000 - 0x00007ffef4334000 	C:\WINDOWS\SYSTEM32\UMPDC.dll
0x00007ffef3240000 - 0x00007ffef325b000 	C:\WINDOWS\SYSTEM32\kernel.appcore.dll
0x00007ffeba310000 - 0x00007ffeba31a000 	c:\Users\jibri\.cursor\extensions\redhat.java-1.53.0-win32-x64\jre\21.0.10-win32-x86_64\bin\jimage.dll
0x00007ffef24b0000 - 0x00007ffef26f2000 	C:\WINDOWS\SYSTEM32\DBGHELP.DLL
0x00007ffef5c90000 - 0x00007ffef6012000 	C:\WINDOWS\System32\combase.dll
0x00007ffef59a0000 - 0x00007ffef5a77000 	C:\WINDOWS\System32\OLEAUT32.dll
0x00007ffee7820000 - 0x00007ffee785b000 	C:\WINDOWS\SYSTEM32\dbgcore.DLL
0x00007ffef5280000 - 0x00007ffef5325000 	C:\WINDOWS\System32\bcryptPrimitives.dll
0x00007ffeaf3f0000 - 0x00007ffeaf3ff000 	c:\Users\jibri\.cursor\extensions\redhat.java-1.53.0-win32-x64\jre\21.0.10-win32-x86_64\bin\instrument.dll
0x00007ffeacb10000 - 0x00007ffeacb30000 	c:\Users\jibri\.cursor\extensions\redhat.java-1.53.0-win32-x64\jre\21.0.10-win32-x86_64\bin\java.dll
0x00007ffef6090000 - 0x00007ffef67ef000 	C:\WINDOWS\System32\SHELL32.dll
0x00007ffef4610000 - 0x00007ffef477a000 	C:\WINDOWS\System32\wintypes.dll
0x00007ffef4780000 - 0x00007ffef4fe4000 	C:\WINDOWS\System32\windows.storage.dll
0x00007ffef6f20000 - 0x00007ffef7017000 	C:\WINDOWS\System32\SHCORE.dll
0x00007ffef6020000 - 0x00007ffef6087000 	C:\WINDOWS\System32\shlwapi.dll
0x00007ffef4400000 - 0x00007ffef4429000 	C:\WINDOWS\SYSTEM32\profapi.dll
0x00007ffeac760000 - 0x00007ffeac778000 	c:\Users\jibri\.cursor\extensions\redhat.java-1.53.0-win32-x64\jre\21.0.10-win32-x86_64\bin\zip.dll
0x00007ffeb4380000 - 0x00007ffeb4390000 	C:\Users\jibri\.cursor\extensions\redhat.java-1.53.0-win32-x64\jre\21.0.10-win32-x86_64\bin\net.dll
0x00007ffeeca70000 - 0x00007ffeecb97000 	C:\WINDOWS\SYSTEM32\WINHTTP.dll
0x00007ffef37e0000 - 0x00007ffef384b000 	C:\WINDOWS\system32\mswsock.dll
0x00007ffeaae00000 - 0x00007ffeaae16000 	C:\Users\jibri\.cursor\extensions\redhat.java-1.53.0-win32-x64\jre\21.0.10-win32-x86_64\bin\nio.dll
0x00007ffeadaf0000 - 0x00007ffeadb00000 	c:\Users\jibri\.cursor\extensions\redhat.java-1.53.0-win32-x64\jre\21.0.10-win32-x86_64\bin\verify.dll
0x00007ffe9dc20000 - 0x00007ffe9dc65000 	C:\Users\jibri\AppData\Roaming\Cursor\User\globalStorage\redhat.java\1.53.0\config_win\org.eclipse.equinox.launcher\org.eclipse.equinox.launcher.win32.win32.x86_64_1.3.0.v20260203-2149\eclipse_11919.dll
0x00007ffef6980000 - 0x00007ffef6b15000 	C:\WINDOWS\System32\ole32.dll
0x00007ffef3ac0000 - 0x00007ffef3adb000 	C:\WINDOWS\SYSTEM32\CRYPTSP.dll
0x00007ffef31a0000 - 0x00007ffef31d9000 	C:\WINDOWS\system32\rsaenh.dll
0x00007ffef3890000 - 0x00007ffef38c2000 	C:\WINDOWS\SYSTEM32\USERENV.dll
0x00007ffef43d0000 - 0x00007ffef43fa000 	C:\WINDOWS\SYSTEM32\bcrypt.dll
0x00007ffef3ae0000 - 0x00007ffef3aec000 	C:\WINDOWS\SYSTEM32\CRYPTBASE.dll
0x00007ffef2c70000 - 0x00007ffef2ca3000 	C:\WINDOWS\SYSTEM32\IPHLPAPI.DLL
0x00007ffef5b70000 - 0x00007ffef5b7a000 	C:\WINDOWS\System32\NSI.dll
0x00007ffe9db80000 - 0x00007ffe9dbc9000 	C:\Users\jibri\AppData\Local\Temp\jna-101119098\jna7368870341427646810.dll
0x00007ffef5c80000 - 0x00007ffef5c88000 	C:\WINDOWS\System32\PSAPI.DLL
0x00007ffeed090000 - 0x00007ffeed0ad000 	C:\WINDOWS\SYSTEM32\dhcpcsvc6.DLL
0x00007ffeeceb0000 - 0x00007ffeeced3000 	C:\WINDOWS\SYSTEM32\dhcpcsvc.DLL
0x00007ffeacbc0000 - 0x00007ffeacbe7000 	C:\Users\jibri\.gradle\native\1def1411415f61bf3af743bc5b6707747c0891f09f0c88961ee8f79bc544acac\windows-amd64\native-platform.dll
0x00007ffeace50000 - 0x00007ffeace5a000 	C:\Users\jibri\.cursor\extensions\redhat.java-1.53.0-win32-x64\jre\21.0.10-win32-x86_64\bin\management.dll
0x00007ffeaccc0000 - 0x00007ffeacccc000 	C:\Users\jibri\.cursor\extensions\redhat.java-1.53.0-win32-x64\jre\21.0.10-win32-x86_64\bin\management_ext.dll
0x00007ffeacaf0000 - 0x00007ffeacaf9000 	C:\Users\jibri\.cursor\extensions\redhat.java-1.53.0-win32-x64\jre\21.0.10-win32-x86_64\bin\extnet.dll
0x00007ffeacb00000 - 0x00007ffeacb0e000 	C:\Users\jibri\.cursor\extensions\redhat.java-1.53.0-win32-x64\jre\21.0.10-win32-x86_64\bin\sunmscapi.dll
0x00007ffef5330000 - 0x00007ffef54a7000 	C:\WINDOWS\System32\CRYPT32.dll
0x00007ffef3ce0000 - 0x00007ffef3d10000 	C:\WINDOWS\SYSTEM32\ncrypt.dll
0x00007ffef3c90000 - 0x00007ffef3ccf000 	C:\WINDOWS\SYSTEM32\NTASN1.dll
0x00007ffef2d10000 - 0x00007ffef2e3a000 	C:\WINDOWS\SYSTEM32\DNSAPI.dll
0x00007ffeebc60000 - 0x00007ffeebc6b000 	C:\Windows\System32\rasadhlp.dll
0x00007ffeebc70000 - 0x00007ffeebcf6000 	C:\WINDOWS\System32\fwpuclnt.dll
0x00007ffec69a0000 - 0x00007ffec69a8000 	C:\WINDOWS\system32\wshunix.dll

JVMTI agents:
c:\Users\jibri\.cursor\extensions\redhat.java-1.53.0-win32-x64\lombok\lombok-1.18.39-4050.jar path:c:\Users\jibri\.cursor\extensions\redhat.java-1.53.0-win32-x64\jre\21.0.10-win32-x86_64\bin\instrument.dll, loaded, initialized, instrumentlib options:none

dbghelp: loaded successfully - version: 4.0.5 - missing functions: none
symbol engine: initialized successfully - sym options: 0x614 - pdb path: .;c:\Users\jibri\.cursor\extensions\redhat.java-1.53.0-win32-x64\jre\21.0.10-win32-x86_64\bin;C:\WINDOWS\SYSTEM32;C:\Program Files\Avast Software\Avast;C:\WINDOWS\WinSxS\amd64_microsoft.windows.common-controls_6595b64144ccf1df_6.0.26100.8037_none_3e092faae333b53b;c:\Users\jibri\.cursor\extensions\redhat.java-1.53.0-win32-x64\jre\21.0.10-win32-x86_64\bin\server;C:\Users\jibri\AppData\Roaming\Cursor\User\globalStorage\redhat.java\1.53.0\config_win\org.eclipse.equinox.launcher\org.eclipse.equinox.launcher.win32.win32.x86_64_1.3.0.v20260203-2149;C:\Users\jibri\AppData\Local\Temp\jna-101119098;C:\Users\jibri\.gradle\native\1def1411415f61bf3af743bc5b6707747c0891f09f0c88961ee8f79bc544acac\windows-amd64

VM Arguments:
jvm_args: --add-modules=ALL-SYSTEM --add-opens=java.base/java.util=ALL-UNNAMED --add-opens=java.base/java.lang=ALL-UNNAMED --add-opens=java.base/sun.nio.fs=ALL-UNNAMED -Declipse.application=org.eclipse.jdt.ls.core.id1 -Dosgi.bundles.defaultStartLevel=4 -Declipse.product=org.eclipse.jdt.ls.core.product -Djava.import.generatesMetadataFilesAtProjectRoot=false -DDetectVMInstallationsJob.disabled=true -Dfile.encoding=utf8 -XX:+UseParallelGC -XX:GCTimeRatio=4 -XX:AdaptiveSizePolicyWeight=90 -Dsun.zip.disableMemoryMapping=true -Xmx2G -Xms100m -Xlog:disable -javaagent:c:\Users\jibri\.cursor\extensions\redhat.java-1.53.0-win32-x64\lombok\lombok-1.18.39-4050.jar -XX:+HeapDumpOnOutOfMemoryError -XX:HeapDumpPath=c:\Users\jibri\AppData\Roaming\Cursor\User\workspaceStorage\8b75b7c593fc459511d45e689933c160\redhat.java -Daether.dependencyCollector.impl=bf 
java_command: c:\Users\jibri\.cursor\extensions\redhat.java-1.53.0-win32-x64\server\plugins\org.eclipse.equinox.launcher_1.7.100.v20251111-0406.jar -configuration c:\Users\jibri\AppData\Roaming\Cursor\User\globalStorage\redhat.java\1.53.0\config_win -data c:\Users\jibri\AppData\Roaming\Cursor\User\workspaceStorage\8b75b7c593fc459511d45e689933c160\redhat.java\jdt_ws --pipe=\\.\pipe\lsp-d38640e044bc5767b16a2322fea9a314-sock
java_class_path (initial): c:\Users\jibri\.cursor\extensions\redhat.java-1.53.0-win32-x64\server\plugins\org.eclipse.equinox.launcher_1.7.100.v20251111-0406.jar
Launcher Type: SUN_STANDARD

[Global flags]
    uintx AdaptiveSizePolicyWeight                 = 90                                        {product} {command line}
     intx CICompilerCount                          = 12                                        {product} {ergonomic}
    uintx GCTimeRatio                              = 4                                         {product} {command line}
     bool HeapDumpOnOutOfMemoryError               = true                                   {manageable} {command line}
    ccstr HeapDumpPath                             = c:\Users\jibri\AppData\Roaming\Cursor\User\workspaceStorage\8b75b7c593fc459511d45e689933c160\redhat.java         {manageable} {command line}
   size_t InitialHeapSize                          = 104857600                                 {product} {command line}
   size_t MaxHeapSize                              = 2147483648                                {product} {command line}
   size_t MaxNewSize                               = 715653120                                 {product} {ergonomic}
   size_t MinHeapDeltaBytes                        = 524288                                    {product} {ergonomic}
   size_t MinHeapSize                              = 104857600                                 {product} {command line}
   size_t NewSize                                  = 34603008                                  {product} {ergonomic}
    uintx NonNMethodCodeHeapSize                   = 7602480                                {pd product} {ergonomic}
    uintx NonProfiledCodeHeapSize                  = 122027880                              {pd product} {ergonomic}
   size_t OldSize                                  = 70254592                                  {product} {ergonomic}
    uintx ProfiledCodeHeapSize                     = 122027880                              {pd product} {ergonomic}
    uintx ReservedCodeCacheSize                    = 251658240                              {pd product} {ergonomic}
     bool SegmentedCodeCache                       = true                                      {product} {ergonomic}
   size_t SoftMaxHeapSize                          = 2147483648                             {manageable} {ergonomic}
     bool UseCompressedOops                        = true                           {product lp64_product} {ergonomic}
     bool UseLargePagesIndividualAllocation        = false                                  {pd product} {ergonomic}
     bool UseParallelGC                            = true                                      {product} {command line}

Logging:
Log output configuration:
 #0: stdout all=off uptime,level,tags foldmultilines=false
 #1: stderr all=off uptime,level,tags foldmultilines=false

Release file:
JAVA_VERSION="21.0.10" 
MODULES="java.base java.compiler java.datatransfer java.xml java.prefs java.desktop java.instrument java.logging java.management java.security.sasl java.naming java.rmi java.management.rmi java.net.http java.scripting java.security.jgss java.transaction.xa java.sql java.sql.rowset java.xml.crypto java.se java.smartcardio jdk.accessibility jdk.internal.jvmstat jdk.attach jdk.charsets jdk.internal.opt jdk.zipfs jdk.compiler jdk.crypto.ec jdk.crypto.cryptoki jdk.crypto.mscapi jdk.dynalink jdk.internal.ed jdk.editpad jdk.hotspot.agent jdk.httpserver jdk.internal.le jdk.internal.vm.ci jdk.internal.vm.compiler jdk.internal.vm.compiler.management jdk.jartool jdk.javadoc jdk.jcmd jdk.management jdk.management.agent jdk.jconsole jdk.jdeps jdk.jdwp.agent jdk.jdi jdk.jfr jdk.jshell jdk.jsobject jdk.jstatd jdk.localedata jdk.management.jfr jdk.naming.dns jdk.naming.rmi jdk.net jdk.nio.mapmode jdk.random jdk.sctp jdk.security.auth jdk.security.jgss jdk.unsupported jdk.unsupported.desktop jdk.xml.dom" 

Environment Variables:
JAVA_HOME=C:\Program Files\Java\jdk-17
PATH=C:\Program Files\Microsoft\jdk-17.0.16.8-hotspot\bin;C:\ProgramData\Oracle\Java\javapath;C:\Program Files\NVIDIA GPU Computing Toolkit\CUDA\v12.8\bin;C:\Program Files\NVIDIA GPU Computing Toolkit\CUDA\v12.8\libnvvp;C:\Program Files\Common Files\Oracle\Java\javapath;C:\PHP\phpoldversion\;C:\Windows\system32;C:\Windows;C:\Windows\System32\Wbem;C:\Windows\System32\WindowsPowerShell\v1.0\;C:\Windows\System32\OpenSSH\;C:\Program Files (x86)\NVIDIA Corporation\PhysX\Common;C:\Program Files\Microsoft SQL Server\150\Tools\Binn\;C:\Program Files\Microsoft SQL Server\Client SDK\ODBC\170\Tools\Binn\;C:\ProgramData\ComposerSetup\bin;C:\Users\jibri\.config\herd\bin\nvm;C:\Program Files\nodejs;C:\Program Files\Java\jdk-17\bin;C:\xampp\php;C:\WINDOWS\system32;C:\WINDOWS;C:\WINDOWS\System32\Wbem;C:\WINDOWS\System32\WindowsPowerShell\v1.0\;C:\WINDOWS\System32\OpenSSH\;C:\Program Files\nodejs\;C:\Program Files\Git\cmd;C:\Program Files\Git\bin;C:\Users\jibri\AppData\Local\Pub\Cache\bin;C:\Program Files\NVIDIA Corporation\NVIDIA app\NvDLISR;C:\Program Files\heroku\bin;C:\Program Files\NVIDIA Corporation\Nsight Compute 2025.1.1\;C:\ProgramData\chocolatey\bin;C:\Users\jibri\AppData\Local\Programs\Python\Python310\Scripts;C:\Program Files\dotnet\;C:\Program Files (x86)\Windows Kits\10\Windows Performance Toolkit\;C:\Users\jibri\AppData\Local\Android\Sdk\platform-tools;C:\Program Files\Docker\Docker\resources\bin;C:\Program Files\MySQL\MySQL Shell 8.0\bin\;C:\Users\jibri\AppData\Local\Programs\Python\Python310\Scripts\;C:\Users\jibri\AppData\Local\Programs\Python\Python310\;C:\Users\jibri\.config\herd\bin;C:\Users\jibri\AppData\Local\Microsoft\WindowsApps;C:\Users\jibri\AppData\Local\Programs\Microsoft VS Code\bin;C:\Users\jibri\AppData\Roaming\Composer\vendor\bin;C:\flutter\flutter\bin;C:\Users\jibri\AppData\Roaming\npm;C:\Program Files\Git;C:\Users\jibri\AppData\Local\Pub\Cache\bin;C:\Program Files\heroku\bin;C:\Users\jibri\.dotnet\tools;C:\AppServ\Apache24\bin;C:\AppServ\php7;C:\AppServ\MySQL\bin;C:\Users\jibri\AppData\Local\Android\Sdk\build-tools;C:\ProgramData\chocolatey\bin;C:\Program Files\nodejs\;C:\Users\jibri\AppData\Local\Programs\cursor\resources\app\bin;C:\Users\jibri\AppData\Local\Programs\Antigravity\bin
USERNAME=jibri
OS=Windows_NT
PROCESSOR_IDENTIFIER=Intel64 Family 6 Model 191 Stepping 2, GenuineIntel
TMP=C:\Users\jibri\AppData\Local\Temp
TEMP=C:\Users\jibri\AppData\Local\Temp




Periodic native trim disabled

---------------  S Y S T E M  ---------------

OS:
 Windows 11 , 64 bit Build 26100 (10.0.26100.7920)
OS uptime: 1 days 2:08 hours
Hyper-V role detected

CPU: total 20 (initial active 20) (10 cores per cpu, 2 threads per core) family 6 model 191 stepping 2 microcode 0x2c, cx8, cmov, fxsr, ht, mmx, 3dnowpref, sse, sse2, sse3, ssse3, sse4.1, sse4.2, popcnt, lzcnt, tsc, tscinvbit, avx, avx2, aes, erms, clmul, bmi1, bmi2, adx, sha, fma, vzeroupper, clflush, clflushopt, clwb, hv, serialize, rdtscp, rdpid, fsrm, f16c, cet_ibt, cet_ss
Processor Information for processor 0
  Max Mhz: 2500, Current Mhz: 2500, Mhz Limit: 2500
Processor Information for processor 1
  Max Mhz: 2500, Current Mhz: 1532, Mhz Limit: 2500
Processor Information for processor 2
  Max Mhz: 2500, Current Mhz: 2500, Mhz Limit: 2500
Processor Information for processor 3
  Max Mhz: 2500, Current Mhz: 1532, Mhz Limit: 2500
Processor Information for processor 4
  Max Mhz: 2500, Current Mhz: 2500, Mhz Limit: 2500
Processor Information for processor 5
  Max Mhz: 2500, Current Mhz: 1532, Mhz Limit: 2500
Processor Information for processor 6
  Max Mhz: 2500, Current Mhz: 2500, Mhz Limit: 2500
Processor Information for processor 7
  Max Mhz: 2500, Current Mhz: 1532, Mhz Limit: 2500
Processor Information for processor 8
  Max Mhz: 2500, Current Mhz: 2500, Mhz Limit: 2500
Processor Information for processor 9
  Max Mhz: 2500, Current Mhz: 1532, Mhz Limit: 2500
Processor Information for processor 10
  Max Mhz: 2500, Current Mhz: 2500, Mhz Limit: 2500
Processor Information for processor 11
  Max Mhz: 2500, Current Mhz: 1532, Mhz Limit: 2500
Processor Information for processor 12
  Max Mhz: 2500, Current Mhz: 1500, Mhz Limit: 1800
Processor Information for processor 13
  Max Mhz: 2500, Current Mhz: 1800, Mhz Limit: 1800
Processor Information for processor 14
  Max Mhz: 2500, Current Mhz: 1800, Mhz Limit: 1800
Processor Information for processor 15
  Max Mhz: 2500, Current Mhz: 1800, Mhz Limit: 1800
Processor Information for processor 16
  Max Mhz: 2500, Current Mhz: 1800, Mhz Limit: 1800
Processor Information for processor 17
  Max Mhz: 2500, Current Mhz: 1800, Mhz Limit: 1800
Processor Information for processor 18
  Max Mhz: 2500, Current Mhz: 1800, Mhz Limit: 1800
Processor Information for processor 19
  Max Mhz: 2500, Current Mhz: 1500, Mhz Limit: 1800

Memory: 4k page, system-wide physical 7911M (607M free)
TotalPageFile size 32487M (AvailPageFile size 21M)
current process WorkingSet (physical memory assigned to process): 9M, peak: 274M
current process commit charge ("private bytes"): 396M, peak: 429M

vm_info: OpenJDK 64-Bit Server VM (21.0.10+7-LTS) for windows-amd64 JRE (21.0.10+7-LTS), built on 2026-01-20T00:00:00Z by "admin" with MS VC++ 17.12 (VS2022)

END.
