#
# There is insufficient memory for the Java Runtime Environment to continue.
# Native memory allocation (malloc) failed to allocate 157888 bytes. Error detail: Chunk::new
# Possible reasons:
#   The system is out of physical RAM or swap space
#   This process is running with CompressedOops enabled, and the Java Heap may be blocking the growth of the native heap
# Possible solutions:
#   Reduce memory load on the system
#   Increase physical memory or swap space
#   Check if swap backing store is full
#   Decrease Java heap size (-Xmx/-Xms)
#   Decrease number of Java threads
#   Decrease Java thread stack sizes (-Xss)
#   Set larger code cache with -XX:ReservedCodeCacheSize=
#   JVM is running with Unscaled Compressed Oops mode in which the Java heap is
#     placed in the first 4GB address space. The Java Heap base address is the
#     maximum limit for the native heap growth. Please use -XX:HeapBaseMinAddress
#     to set the Java Heap base and to place the Java Heap above 4GB virtual address.
# This output file may be truncated or incomplete.
#
#  Out of Memory Error (arena.cpp:168), pid=15872, tid=26956
#
# JRE version: OpenJDK Runtime Environment Temurin-21.0.10+7 (21.0.10+7) (build 21.0.10+7-LTS)
# Java VM: OpenJDK 64-Bit Server VM Temurin-21.0.10+7 (21.0.10+7-LTS, mixed mode, sharing, tiered, compressed oops, compressed class ptrs, parallel gc, windows-amd64)
# No core dump will be written. Minidumps are not enabled by default on client versions of Windows
#

---------------  S U M M A R Y ------------

Command Line: --add-modules=ALL-SYSTEM --add-opens=java.base/java.util=ALL-UNNAMED --add-opens=java.base/java.lang=ALL-UNNAMED --add-opens=java.base/sun.nio.fs=ALL-UNNAMED -Declipse.application=org.eclipse.jdt.ls.core.id1 -Dosgi.bundles.defaultStartLevel=4 -Declipse.product=org.eclipse.jdt.ls.core.product -Djava.import.generatesMetadataFilesAtProjectRoot=false -DDetectVMInstallationsJob.disabled=true -Dfile.encoding=utf8 -XX:+UseParallelGC -XX:GCTimeRatio=4 -XX:AdaptiveSizePolicyWeight=90 -Dsun.zip.disableMemoryMapping=true -Xmx2G -Xms100m -Xlog:disable -javaagent:c:\Users\jibri\.antigravity\extensions\redhat.java-1.54.0-win32-x64\lombok\lombok-1.18.39-4050.jar -XX:+HeapDumpOnOutOfMemoryError -XX:HeapDumpPath=c:\Users\jibri\AppData\Roaming\Antigravity\User\workspaceStorage\500bf14339cd163802a1632d40eb871e\redhat.java -Daether.dependencyCollector.impl=bf c:\Users\jibri\.antigravity\extensions\redhat.java-1.54.0-win32-x64\server\plugins\org.eclipse.equinox.launcher_1.7.100.v20251111-0406.jar -configuration c:\Users\jibri\AppData\Roaming\Antigravity\User\globalStorage\redhat.java\1.54.0\config_win -data c:\Users\jibri\AppData\Roaming\Antigravity\User\workspaceStorage\500bf14339cd163802a1632d40eb871e\redhat.java\jdt_ws --pipe=\\.\pipe\lsp-50f78f3cd959bc6d437c00cd32b9d8c4-sock

Host: 13th Gen Intel(R) Core(TM) i5-13500HX, 20 cores, 7G,  Windows 11 , 64 bit Build 26100 (10.0.26100.8246)
Time: Mon May  4 08:22:51 2026 Malay Peninsula Standard Time elapsed time: 210.604073 seconds (0d 0h 3m 30s)

---------------  T H R E A D  ---------------

Current thread (0x000001d8133b25a0):  JavaThread "C2 CompilerThread0" daemon [_thread_in_native, id=26956, stack(0x000000351ae00000,0x000000351af00000) (1024K)]


Current CompileTask:
C2:210604 12281       4       jdk.internal.reflect.ClassFileAssembler::emitConstantPoolUTF8 (50 bytes)

Stack: [0x000000351ae00000,0x000000351af00000]
Native frames: (J=compiled Java code, j=interpreted, Vv=VM code, C=native code)
V  [jvm.dll+0x6d7a39]
V  [jvm.dll+0x8b4b26]
V  [jvm.dll+0x8b70de]
V  [jvm.dll+0x8b77c3]
V  [jvm.dll+0x284346]
V  [jvm.dll+0xc66ed]
V  [jvm.dll+0xc6c31]
V  [jvm.dll+0x3bec3b]
V  [jvm.dll+0x38b162]
V  [jvm.dll+0x38a5aa]
V  [jvm.dll+0x24c560]
V  [jvm.dll+0x24bb40]
V  [jvm.dll+0x1cb34e]
V  [jvm.dll+0x25b85d]
V  [jvm.dll+0x259dea]
V  [jvm.dll+0x3f857e]
V  [jvm.dll+0x85f59d]
V  [jvm.dll+0x6d626d]
C  [ucrtbase.dll+0x37b0]
C  [KERNEL32.DLL+0x2e8d7]
C  [ntdll.dll+0x8c3fc]


---------------  P R O C E S S  ---------------

Threads class SMR info:
_java_thread_list=0x000001d87f1b1660, length=84, elements={
0x000001d8132fedc0, 0x000001d8132adf90, 0x000001d8133a1f90, 0x000001d8133a6980,
0x000001d8133a9920, 0x000001d8133ac020, 0x000001d8133acce0, 0x000001d8133b25a0,
0x000001d8133bae60, 0x000001d86c37d040, 0x000001d8720820b0, 0x000001d8729e6e20,
0x000001d87257e5b0, 0x000001d872295ee0, 0x000001d8720e5de0, 0x000001d872d4d650,
0x000001d872058810, 0x000001d872f632a0, 0x000001d873540400, 0x000001d87353f6e0,
0x000001d87353dca0, 0x000001d87353fd70, 0x000001d874337d10, 0x000001d874339de0,
0x000001d8743390c0, 0x000001d874339750, 0x000001d874338a30, 0x000001d874337680,
0x000001d87433a470, 0x000001d87433ab00, 0x000001d8746b90c0, 0x000001d8746ba470,
0x000001d8746b7d10, 0x000001d8746bb820, 0x000001d8746b9de0, 0x000001d8746bab00,
0x000001d8746bb190, 0x000001d8746b83a0, 0x000001d8746bbeb0, 0x000001d8746b9750,
0x000001d8746b8a30, 0x000001d8746bc540, 0x000001d8746bf330, 0x000001d8746bd8f0,
0x000001d8746bdf80, 0x000001d8746beca0, 0x000001d8746bcbd0, 0x000001d873c68c90,
0x000001d873c66bc0, 0x000001d873c67250, 0x000001d873c678e0, 0x000001d873c67f70,
0x000001d873c68600, 0x000001d873c65ea0, 0x000001d873c6a040, 0x000001d873c6ba80,
0x000001d873c6c110, 0x000001d873c6ce30, 0x000001d873c6c7a0, 0x000001d873c699b0,
0x000001d873c6d4c0, 0x000001d873c6a6d0, 0x000001d873c6ad60, 0x000001d873c6b3f0,
0x000001d8741e9ca0, 0x000001d87f3c3fb0, 0x000001d87f3c4cd0, 0x000001d87f3c5360,
0x000001d87f3c2c00, 0x000001d87f3c6710, 0x000001d87f3c3290, 0x000001d87f3c9b90,
0x000001d87f3c7430, 0x000001d87f3c87e0, 0x000001d87f3ca220, 0x000001d87f3c6da0,
0x000001d87f3c9500, 0x000001d87f3c7ac0, 0x000001d8001ac8c0, 0x000001d8001aae80,
0x000001d8001ac230, 0x000001d8001acf50, 0x000001d873fd9410, 0x000001d8001abba0
}

Java Threads: ( => current thread )
  0x000001d8132fedc0 JavaThread "main"                              [_thread_blocked, id=18388, stack(0x000000351a400000,0x000000351a500000) (1024K)]
  0x000001d8132adf90 JavaThread "Reference Handler"          daemon [_thread_blocked, id=26728, stack(0x000000351a800000,0x000000351a900000) (1024K)]
  0x000001d8133a1f90 JavaThread "Finalizer"                  daemon [_thread_blocked, id=20964, stack(0x000000351a900000,0x000000351aa00000) (1024K)]
  0x000001d8133a6980 JavaThread "Signal Dispatcher"          daemon [_thread_blocked, id=2036, stack(0x000000351aa00000,0x000000351ab00000) (1024K)]
  0x000001d8133a9920 JavaThread "Attach Listener"            daemon [_thread_blocked, id=26784, stack(0x000000351ab00000,0x000000351ac00000) (1024K)]
  0x000001d8133ac020 JavaThread "Service Thread"             daemon [_thread_blocked, id=20732, stack(0x000000351ac00000,0x000000351ad00000) (1024K)]
  0x000001d8133acce0 JavaThread "Monitor Deflation Thread"   daemon [_thread_blocked, id=24004, stack(0x000000351ad00000,0x000000351ae00000) (1024K)]
=>0x000001d8133b25a0 JavaThread "C2 CompilerThread0"         daemon [_thread_in_native, id=26956, stack(0x000000351ae00000,0x000000351af00000) (1024K)]
  0x000001d8133bae60 JavaThread "C1 CompilerThread0"         daemon [_thread_blocked, id=27816, stack(0x000000351af00000,0x000000351b000000) (1024K)]
  0x000001d86c37d040 JavaThread "Common-Cleaner"             daemon [_thread_blocked, id=26476, stack(0x000000351b300000,0x000000351b400000) (1024K)]
  0x000001d8720820b0 JavaThread "Notification Thread"        daemon [_thread_blocked, id=28224, stack(0x000000351b200000,0x000000351b300000) (1024K)]
  0x000001d8729e6e20 JavaThread "Active Thread: Equinox Container: e3cbfcad-f8fd-457d-8076-6124c6844d77"        [_thread_blocked, id=10160, stack(0x000000351b400000,0x000000351b500000) (1024K)]
  0x000001d87257e5b0 JavaThread "Refresh Thread: Equinox Container: e3cbfcad-f8fd-457d-8076-6124c6844d77" daemon [_thread_blocked, id=17436, stack(0x000000351b000000,0x000000351b100000) (1024K)]
  0x000001d872295ee0 JavaThread "Framework Event Dispatcher: Equinox Container: e3cbfcad-f8fd-457d-8076-6124c6844d77" daemon [_thread_blocked, id=17004, stack(0x000000351bc00000,0x000000351bd00000) (1024K)]
  0x000001d8720e5de0 JavaThread "Start Level: Equinox Container: e3cbfcad-f8fd-457d-8076-6124c6844d77" daemon [_thread_blocked, id=19304, stack(0x000000351bd00000,0x000000351be00000) (1024K)]
  0x000001d872d4d650 JavaThread "Bundle File Closer"         daemon [_thread_blocked, id=6028, stack(0x000000351c100000,0x000000351c200000) (1024K)]
  0x000001d872058810 JavaThread "SCR Component Actor"        daemon [_thread_blocked, id=24012, stack(0x000000351b100000,0x000000351b200000) (1024K)]
  0x000001d872f632a0 JavaThread "Worker-JM"                         [_thread_blocked, id=26344, stack(0x000000351c500000,0x000000351c600000) (1024K)]
  0x000001d873540400 JavaThread "JNA Cleaner"                daemon [_thread_blocked, id=20984, stack(0x000000351c200000,0x000000351c300000) (1024K)]
  0x000001d87353f6e0 JavaThread "Worker-1"                          [_thread_blocked, id=28480, stack(0x000000351ca00000,0x000000351cb00000) (1024K)]
  0x000001d87353dca0 JavaThread "Java indexing"              daemon [_thread_blocked, id=26308, stack(0x000000351d100000,0x000000351d200000) (1024K)]
  0x000001d87353fd70 JavaThread "Worker-6: Initialize workspace"        [_thread_blocked, id=3296, stack(0x000000351d600000,0x000000351d700000) (1024K)]
  0x000001d874337d10 JavaThread "Worker-7"                          [_thread_blocked, id=14636, stack(0x000000351d700000,0x000000351d800000) (1024K)]
  0x000001d874339de0 JavaThread "Thread-1"                   daemon [_thread_in_native, id=17128, stack(0x000000351d800000,0x000000351d900000) (1024K)]
  0x000001d8743390c0 JavaThread "Thread-2"                   daemon [_thread_in_native, id=17948, stack(0x000000351d900000,0x000000351da00000) (1024K)]
  0x000001d874339750 JavaThread "Thread-3"                   daemon [_thread_in_native, id=6536, stack(0x000000351da00000,0x000000351db00000) (1024K)]
  0x000001d874338a30 JavaThread "Thread-4"                   daemon [_thread_in_native, id=26960, stack(0x000000351db00000,0x000000351dc00000) (1024K)]
  0x000001d874337680 JavaThread "Thread-5"                   daemon [_thread_in_native, id=28068, stack(0x000000351dc00000,0x000000351dd00000) (1024K)]
  0x000001d87433a470 JavaThread "Thread-6"                   daemon [_thread_in_native, id=28500, stack(0x000000351dd00000,0x000000351de00000) (1024K)]
  0x000001d87433ab00 JavaThread "Thread-7"                   daemon [_thread_in_native, id=12504, stack(0x000000351de00000,0x000000351df00000) (1024K)]
  0x000001d8746b90c0 JavaThread "Thread-8"                   daemon [_thread_in_native, id=24696, stack(0x000000351df00000,0x000000351e000000) (1024K)]
  0x000001d8746ba470 JavaThread "Thread-9"                   daemon [_thread_in_native, id=22664, stack(0x000000351e000000,0x000000351e100000) (1024K)]
  0x000001d8746b7d10 JavaThread "Thread-10"                  daemon [_thread_in_native, id=26900, stack(0x000000351e100000,0x000000351e200000) (1024K)]
  0x000001d8746bb820 JavaThread "Thread-11"                  daemon [_thread_in_native, id=6592, stack(0x000000351e200000,0x000000351e300000) (1024K)]
  0x000001d8746b9de0 JavaThread "Thread-12"                  daemon [_thread_in_native, id=11104, stack(0x000000351e300000,0x000000351e400000) (1024K)]
  0x000001d8746bab00 JavaThread "Thread-13"                  daemon [_thread_in_native, id=26908, stack(0x000000351e400000,0x000000351e500000) (1024K)]
  0x000001d8746bb190 JavaThread "Thread-14"                  daemon [_thread_in_native, id=26596, stack(0x000000351e500000,0x000000351e600000) (1024K)]
  0x000001d8746b83a0 JavaThread "Thread-15"                  daemon [_thread_in_native, id=14960, stack(0x000000351e600000,0x000000351e700000) (1024K)]
  0x000001d8746bbeb0 JavaThread "Thread-16"                  daemon [_thread_in_native, id=24036, stack(0x000000351e700000,0x000000351e800000) (1024K)]
  0x000001d8746b9750 JavaThread "Thread-17"                  daemon [_thread_in_native, id=14596, stack(0x000000351e800000,0x000000351e900000) (1024K)]
  0x000001d8746b8a30 JavaThread "Thread-18"                  daemon [_thread_in_native, id=9904, stack(0x000000351e900000,0x000000351ea00000) (1024K)]
  0x000001d8746bc540 JavaThread "Thread-19"                  daemon [_thread_in_native, id=17024, stack(0x000000351ea00000,0x000000351eb00000) (1024K)]
  0x000001d8746bf330 JavaThread "Thread-20"                  daemon [_thread_in_native, id=26544, stack(0x000000351eb00000,0x000000351ec00000) (1024K)]
  0x000001d8746bd8f0 JavaThread "Thread-21"                  daemon [_thread_in_native, id=16196, stack(0x000000351ec00000,0x000000351ed00000) (1024K)]
  0x000001d8746bdf80 JavaThread "pool-2-thread-1"                   [_thread_blocked, id=4452, stack(0x000000351ed00000,0x000000351ee00000) (1024K)]
  0x000001d8746beca0 JavaThread "WorkspaceEventsHandler"            [_thread_blocked, id=27504, stack(0x000000351ee00000,0x000000351ef00000) (1024K)]
  0x000001d8746bcbd0 JavaThread "pool-1-thread-1"                   [_thread_blocked, id=3424, stack(0x000000351ef00000,0x000000351f000000) (1024K)]
  0x000001d873c68c90 JavaThread "ForkJoinPool.commonPool-worker-1" daemon [_thread_blocked, id=3892, stack(0x000000351f000000,0x000000351f100000) (1024K)]
  0x000001d873c66bc0 JavaThread "ForkJoinPool.commonPool-worker-2" daemon [_thread_blocked, id=28456, stack(0x000000351f100000,0x000000351f200000) (1024K)]
  0x000001d873c67250 JavaThread "ForkJoinPool.commonPool-worker-4" daemon [_thread_blocked, id=25376, stack(0x000000351f300000,0x000000351f400000) (1024K)]
  0x000001d873c678e0 JavaThread "ForkJoinPool.commonPool-worker-5" daemon [_thread_blocked, id=16604, stack(0x000000351f400000,0x000000351f500000) (1024K)]
  0x000001d873c67f70 JavaThread "ForkJoinPool.commonPool-worker-6" daemon [_thread_blocked, id=26224, stack(0x000000351f500000,0x000000351f600000) (1024K)]
  0x000001d873c68600 JavaThread "ForkJoinPool.commonPool-worker-7" daemon [_thread_blocked, id=25816, stack(0x000000351f600000,0x000000351f700000) (1024K)]
  0x000001d873c65ea0 JavaThread "ForkJoinPool.commonPool-worker-9" daemon [_thread_blocked, id=11656, stack(0x000000351f800000,0x000000351f900000) (1024K)]
  0x000001d873c6a040 JavaThread "ForkJoinPool.commonPool-worker-10" daemon [_thread_blocked, id=14132, stack(0x000000351f900000,0x000000351fa00000) (1024K)]
  0x000001d873c6ba80 JavaThread "ForkJoinPool.commonPool-worker-11" daemon [_thread_blocked, id=13800, stack(0x000000351fa00000,0x000000351fb00000) (1024K)]
  0x000001d873c6c110 JavaThread "ForkJoinPool.commonPool-worker-12" daemon [_thread_blocked, id=21352, stack(0x000000351fb00000,0x000000351fc00000) (1024K)]
  0x000001d873c6ce30 JavaThread "ForkJoinPool.commonPool-worker-13" daemon [_thread_blocked, id=11988, stack(0x000000351fc00000,0x000000351fd00000) (1024K)]
  0x000001d873c6c7a0 JavaThread "ForkJoinPool.commonPool-worker-14" daemon [_thread_blocked, id=22316, stack(0x000000351fd00000,0x000000351fe00000) (1024K)]
  0x000001d873c699b0 JavaThread "ForkJoinPool.commonPool-worker-15" daemon [_thread_blocked, id=13688, stack(0x000000351fe00000,0x000000351ff00000) (1024K)]
  0x000001d873c6d4c0 JavaThread "ForkJoinPool.commonPool-worker-16" daemon [_thread_blocked, id=1856, stack(0x000000351ff00000,0x0000003520000000) (1024K)]
  0x000001d873c6a6d0 JavaThread "ForkJoinPool.commonPool-worker-17" daemon [_thread_blocked, id=12852, stack(0x0000003520000000,0x0000003520100000) (1024K)]
  0x000001d873c6ad60 JavaThread "ForkJoinPool.commonPool-worker-18" daemon [_thread_blocked, id=25716, stack(0x0000003520100000,0x0000003520200000) (1024K)]
  0x000001d873c6b3f0 JavaThread "ForkJoinPool.commonPool-worker-19" daemon [_thread_blocked, id=18380, stack(0x0000003520200000,0x0000003520300000) (1024K)]
  0x000001d8741e9ca0 JavaThread "Timer-0"                           [_thread_blocked, id=23796, stack(0x000000351c400000,0x000000351c500000) (1024K)]
  0x000001d87f3c3fb0 JavaThread "LocalFile Deleter"          daemon [_thread_blocked, id=15916, stack(0x0000003520300000,0x0000003520400000) (1024K)]
  0x000001d87f3c4cd0 JavaThread "LocalFile Deleter"          daemon [_thread_blocked, id=3628, stack(0x0000003520700000,0x0000003520800000) (1024K)]
  0x000001d87f3c5360 JavaThread "LocalFile Deleter"          daemon [_thread_blocked, id=10440, stack(0x0000003520800000,0x0000003520900000) (1024K)]
  0x000001d87f3c2c00 JavaThread "LocalFile Deleter"          daemon [_thread_blocked, id=21924, stack(0x0000003520900000,0x0000003520a00000) (1024K)]
  0x000001d87f3c6710 JavaThread "LocalFile Deleter"          daemon [_thread_blocked, id=8992, stack(0x0000003520a00000,0x0000003520b00000) (1024K)]
  0x000001d87f3c3290 JavaThread "LocalFile Deleter"          daemon [_thread_blocked, id=17988, stack(0x0000003520b00000,0x0000003520c00000) (1024K)]
  0x000001d87f3c9b90 JavaThread "LocalFile Deleter"          daemon [_thread_blocked, id=12676, stack(0x0000003520c00000,0x0000003520d00000) (1024K)]
  0x000001d87f3c7430 JavaThread "LocalFile Deleter"          daemon [_thread_blocked, id=2680, stack(0x0000003520d00000,0x0000003520e00000) (1024K)]
  0x000001d87f3c87e0 JavaThread "LocalFile Deleter"          daemon [_thread_blocked, id=7164, stack(0x0000003520e00000,0x0000003520f00000) (1024K)]
  0x000001d87f3ca220 JavaThread "LocalFile Deleter"          daemon [_thread_blocked, id=23916, stack(0x0000003520f00000,0x0000003521000000) (1024K)]
  0x000001d87f3c6da0 JavaThread "LocalFile Deleter"          daemon [_thread_blocked, id=26568, stack(0x0000003521100000,0x0000003521200000) (1024K)]
  0x000001d87f3c9500 JavaThread "LocalFile Deleter"          daemon [_thread_blocked, id=14688, stack(0x0000003521300000,0x0000003521400000) (1024K)]
  0x000001d87f3c7ac0 JavaThread "LocalFile Deleter"          daemon [_thread_blocked, id=5612, stack(0x0000003521400000,0x0000003521500000) (1024K)]
  0x000001d8001ac8c0 JavaThread "LocalFile Deleter"          daemon [_thread_blocked, id=3992, stack(0x0000003521500000,0x0000003521600000) (1024K)]
  0x000001d8001aae80 JavaThread "LocalFile Deleter"          daemon [_thread_blocked, id=14572, stack(0x0000003521600000,0x0000003521700000) (1024K)]
  0x000001d8001ac230 JavaThread "LocalFile Deleter"          daemon [_thread_blocked, id=3048, stack(0x0000003521700000,0x0000003521800000) (1024K)]
  0x000001d8001acf50 JavaThread "LocalFile Deleter"          daemon [_thread_blocked, id=14680, stack(0x0000003521800000,0x0000003521900000) (1024K)]
  0x000001d873fd9410 JavaThread "C2 CompilerThread1"         daemon [_thread_in_native, id=4616, stack(0x000000351a300000,0x000000351a400000) (1024K)]
  0x000001d8001abba0 JavaThread "Connection worker"                 [_thread_in_native, id=3756, stack(0x000000351a100000,0x000000351a200000) (1024K)]
Total: 84

Other Threads:
  0x000001d8133a1b40 VMThread "VM Thread"                           [id=13248, stack(0x000000351a700000,0x000000351a800000) (1024K)]
  0x000001d81318ca00 WatcherThread "VM Periodic Task Thread"        [id=14868, stack(0x000000351a600000,0x000000351a700000) (1024K)]
  0x000001d81331d8c0 WorkerThread "GC Thread#0"                     [id=13508, stack(0x000000351a500000,0x000000351a600000) (1024K)]
  0x000001d8720ce290 WorkerThread "GC Thread#1"                     [id=18716, stack(0x000000351b500000,0x000000351b600000) (1024K)]
  0x000001d87237f970 WorkerThread "GC Thread#2"                     [id=16864, stack(0x000000351b600000,0x000000351b700000) (1024K)]
  0x000001d87237fd20 WorkerThread "GC Thread#3"                     [id=19684, stack(0x000000351b700000,0x000000351b800000) (1024K)]
  0x000001d872495fd0 WorkerThread "GC Thread#4"                     [id=17360, stack(0x000000351b800000,0x000000351b900000) (1024K)]
  0x000001d872496380 WorkerThread "GC Thread#5"                     [id=14728, stack(0x000000351b900000,0x000000351ba00000) (1024K)]
  0x000001d872496b40 WorkerThread "GC Thread#6"                     [id=17008, stack(0x000000351ba00000,0x000000351bb00000) (1024K)]
  0x000001d872567030 WorkerThread "GC Thread#7"                     [id=8140, stack(0x000000351bb00000,0x000000351bc00000) (1024K)]
  0x000001d872aa8ba0 WorkerThread "GC Thread#8"                     [id=21488, stack(0x000000351be00000,0x000000351bf00000) (1024K)]
  0x000001d872a970d0 WorkerThread "GC Thread#9"                     [id=18420, stack(0x000000351bf00000,0x000000351c000000) (1024K)]
  0x000001d872a97480 WorkerThread "GC Thread#10"                    [id=26496, stack(0x000000351c000000,0x000000351c100000) (1024K)]
  0x000001d873070510 WorkerThread "GC Thread#11"                    [id=13772, stack(0x000000351c700000,0x000000351c800000) (1024K)]
  0x000001d873071780 WorkerThread "GC Thread#12"                    [id=28244, stack(0x000000351c800000,0x000000351c900000) (1024K)]
  0x000001d8730713d0 WorkerThread "GC Thread#13"                    [id=3272, stack(0x000000351cb00000,0x000000351cc00000) (1024K)]
  0x000001d873071020 WorkerThread "GC Thread#14"                    [id=26404, stack(0x000000351cc00000,0x000000351cd00000) (1024K)]
Total: 17

Threads with active compile tasks:
C2 CompilerThread0  212696 12281       4       jdk.internal.reflect.ClassFileAssembler::emitConstantPoolUTF8 (50 bytes)
C1 CompilerThread0  212696 12310       3       java.util.AbstractList::hashCode (46 bytes)
C2 CompilerThread1  212696 12295   !   4       java.io.ObjectInputStream$BlockDataInputStream::readUTFSpan (502 bytes)
Total: 3

VM state: not at safepoint (normal execution)

VM Mutex/Monitor currently owned by a thread: None

Heap address: 0x0000000080000000, size: 2048 MB, Compressed Oops mode: 32-bit

CDS archive(s) mapped at: [0x000001d82a000000-0x000001d82aba0000-0x000001d82aba0000), size 12189696, SharedBaseAddress: 0x000001d82a000000, ArchiveRelocationMode: 1.
Compressed class space mapped at: 0x000001d82b000000-0x000001d86b000000, reserved size: 1073741824
Narrow klass base: 0x000001d82a000000, Narrow klass shift: 0, Narrow klass range: 0x100000000

GC Precious Log:
 CardTable entry size: 512
 CPUs: 20 total, 20 available
 Memory: 7911M
 Large Page Support: Disabled
 NUMA Support: Disabled
 Compressed Oops: Enabled (32-bit)
 Alignments: Space 512K, Generation 512K, Heap 2M
 Heap Min Capacity: 100M
 Heap Initial Capacity: 100M
 Heap Max Capacity: 2G
 Pre-touch: Disabled
 Parallel Workers: 15

Heap:
 PSYoungGen      total 3072K, used 1784K [0x00000000d5580000, 0x00000000d5e00000, 0x0000000100000000)
  eden space 2560K, 55% used [0x00000000d5580000,0x00000000d56e60c8,0x00000000d5800000)
  from space 512K, 68% used [0x00000000d5d80000,0x00000000d5dd8000,0x00000000d5e00000)
  to   space 512K, 0% used [0x00000000d5d00000,0x00000000d5d00000,0x00000000d5d80000)
 ParOldGen       total 241664K, used 241311K [0x0000000080000000, 0x000000008ec00000, 0x00000000d5580000)
  object space 241664K, 99% used [0x0000000080000000,0x000000008eba7cf0,0x000000008ec00000)
 Metaspace       used 78171K, committed 79808K, reserved 1179648K
  class space    used 9389K, committed 10112K, reserved 1048576K

Card table byte_map: [0x000001d812ca0000,0x000001d8130b0000] _byte_map_base: 0x000001d8128a0000

Marking Bits: (ParMarkBitMap*) 0x00007ffbbf1e3450
 Begin Bits: [0x000001d8257b0000, 0x000001d8277b0000)
 End Bits:   [0x000001d8277b0000, 0x000001d8297b0000)

Polling page: 0x000001d811190000

Metaspace:

Usage:
  Non-class:     67.17 MB used.
      Class:      9.17 MB used.
       Both:     76.34 MB used.

Virtual space:
  Non-class space:      128.00 MB reserved,      68.06 MB ( 53%) committed,  2 nodes.
      Class space:        1.00 GB reserved,       9.88 MB ( <1%) committed,  1 nodes.
             Both:        1.12 GB reserved,      77.94 MB (  7%) committed. 

Chunk freelists:
   Non-Class:  11.81 MB
       Class:  6.18 MB
        Both:  17.99 MB

MaxMetaspaceSize: unlimited
CompressedClassSpaceSize: 1.00 GB
Initial GC threshold: 21.00 MB
Current GC threshold: 97.31 MB
CDS: on
 - commit_granule_bytes: 65536.
 - commit_granule_words: 8192.
 - virtual_space_node_default_size: 8388608.
 - enlarge_chunks_in_place: 1.
 - use_allocation_guard: 0.


Internal statistics:

num_allocs_failed_limit: 11.
num_arena_births: 1382.
num_arena_deaths: 44.
num_vsnodes_births: 3.
num_vsnodes_deaths: 0.
num_space_committed: 1247.
num_space_uncommitted: 0.
num_chunks_returned_to_freelist: 68.
num_chunks_taken_from_freelist: 4708.
num_chunk_merges: 16.
num_chunk_splits: 2984.
num_chunks_enlarged: 1850.
num_inconsistent_stats: 0.

CodeHeap 'non-profiled nmethods': size=119168Kb used=9168Kb max_used=9168Kb free=109999Kb
 bounds [0x000001d81e0a0000, 0x000001d81e9a0000, 0x000001d825500000]
CodeHeap 'profiled nmethods': size=119104Kb used=23424Kb max_used=23424Kb free=95679Kb
 bounds [0x000001d816500000, 0x000001d817bf0000, 0x000001d81d950000]
CodeHeap 'non-nmethods': size=7488Kb used=1455Kb max_used=3188Kb free=6032Kb
 bounds [0x000001d81d950000, 0x000001d81dcc0000, 0x000001d81e0a0000]
CodeCache: size=245760Kb, used=34047Kb, max_used=35780Kb, free=211710Kb
 total_blobs=12241, nmethods=11471, adapters=675, full_count=0
Compilation: enabled, stopped_count=0, restarted_count=0

Compilation events (20 events):
Event: 208.579 Thread 0x000001d873fda1b0 12284       1       java.io.ObjectStreamField::setOffset (6 bytes)
Event: 208.579 Thread 0x000001d873fda1b0 nmethod 12284 0x000001d81e992090 code [0x000001d81e992220, 0x000001d81e9922e8]
Event: 208.580 Thread 0x000001d8133bae60 12286       3       java.io.ObjectInputStream$FieldValues::defaultSetFieldValues (39 bytes)
Event: 208.580 Thread 0x000001d8133bae60 nmethod 12286 0x000001d817bd4410 code [0x000001d817bd45e0, 0x000001d817bd4930]
Event: 208.581 Thread 0x000001d873fd9ae0 12288       3       org.gradle.internal.serialize.ExceptionPlaceholder$3::transform (80 bytes)
Event: 208.581 Thread 0x000001d873fd9ae0 nmethod 12288 0x000001d817bd4b10 code [0x000001d817bd4d40, 0x000001d817bd5578]
Event: 208.582 Thread 0x000001d873fd9410 nmethod 12280 0x000001d81e992390 code [0x000001d81e992560, 0x000001d81e9929f8]
Event: 208.582 Thread 0x000001d873fd9410 12287       4       java.io.ObjectInputStream$BlockDataInputStream::setBlockDataMode (74 bytes)
Event: 208.582 Thread 0x000001d873fd8d40 12290       1       java.io.ClassCache$CacheRef::getStrong (5 bytes)
Event: 208.583 Thread 0x000001d873fd8d40 nmethod 12290 0x000001d81e992e10 code [0x000001d81e992fa0, 0x000001d81e993068]
Event: 208.583 Thread 0x000001d873fd9410 nmethod 12287 0x000001d81e993110 code [0x000001d81e9932a0, 0x000001d81e993380]
Event: 208.583 Thread 0x000001d873fd9410 12289       4       java.io.ObjectInputStream$PeekInputStream::peek (49 bytes)
Event: 208.584 Thread 0x000001d873fd9410 nmethod 12289 0x000001d81e993410 code [0x000001d81e9935a0, 0x000001d81e993690]
Event: 208.584 Thread 0x000001d873fd9410 12285       4       jdk.internal.reflect.ClassFileAssembler::emitShort (24 bytes)
Event: 210.600 Thread 0x000001d873fd9410 nmethod 12285 0x000001d81e993790 code [0x000001d81e993960, 0x000001d81e993c10]
Event: 210.600 Thread 0x000001d873fd9410 12291       4       java.io.ObjectInputStream$BlockDataInputStream::read (62 bytes)
Event: 210.600 Thread 0x000001d8133bae60 12294   !   3       jdk.internal.reflect.GeneratedSerializationConstructorAccessor25::newInstance (49 bytes)
Event: 210.600 Thread 0x000001d8133bae60 nmethod 12294 0x000001d817bd5790 code [0x000001d817bd5980, 0x000001d817bd5da8]
Event: 210.601 Thread 0x000001d873fd9410 nmethod 12291 0x000001d81e993e90 code [0x000001d81e994040, 0x000001d81e994198]
Event: 210.601 Thread 0x000001d873fd9410 12295   !   4       java.io.ObjectInputStream$BlockDataInputStream::readUTFSpan (502 bytes)

GC Heap History (20 events):
Event: 199.661 GC heap before
{Heap before GC invocations=439 (full 3):
 PSYoungGen      total 3072K, used 3040K [0x00000000d5580000, 0x00000000d5e00000, 0x0000000100000000)
  eden space 2560K, 100% used [0x00000000d5580000,0x00000000d5800000,0x00000000d5800000)
  from space 512K, 93% used [0x00000000d5d00000,0x00000000d5d78000,0x00000000d5d80000)
  to   space 512K, 0% used [0x00000000d5d80000,0x00000000d5d80000,0x00000000d5e00000)
 ParOldGen       total 239616K, used 239551K [0x0000000080000000, 0x000000008ea00000, 0x00000000d5580000)
  object space 239616K, 99% used [0x0000000080000000,0x000000008e9efca8,0x000000008ea00000)
 Metaspace       used 75772K, committed 77376K, reserved 1179648K
  class space    used 9048K, committed 9728K, reserved 1048576K
}
Event: 199.662 GC heap after
{Heap after GC invocations=439 (full 3):
 PSYoungGen      total 3072K, used 448K [0x00000000d5580000, 0x00000000d5e00000, 0x0000000100000000)
  eden space 2560K, 0% used [0x00000000d5580000,0x00000000d5580000,0x00000000d5800000)
  from space 512K, 87% used [0x00000000d5d80000,0x00000000d5df0000,0x00000000d5e00000)
  to   space 512K, 0% used [0x00000000d5d00000,0x00000000d5d00000,0x00000000d5d80000)
 ParOldGen       total 240128K, used 239695K [0x0000000080000000, 0x000000008ea80000, 0x00000000d5580000)
  object space 240128K, 99% used [0x0000000080000000,0x000000008ea13cb8,0x000000008ea80000)
 Metaspace       used 75772K, committed 77376K, reserved 1179648K
  class space    used 9048K, committed 9728K, reserved 1048576K
}
Event: 199.698 GC heap before
{Heap before GC invocations=440 (full 3):
 PSYoungGen      total 3072K, used 3008K [0x00000000d5580000, 0x00000000d5e00000, 0x0000000100000000)
  eden space 2560K, 100% used [0x00000000d5580000,0x00000000d5800000,0x00000000d5800000)
  from space 512K, 87% used [0x00000000d5d80000,0x00000000d5df0000,0x00000000d5e00000)
  to   space 512K, 0% used [0x00000000d5d00000,0x00000000d5d00000,0x00000000d5d80000)
 ParOldGen       total 240128K, used 239695K [0x0000000080000000, 0x000000008ea80000, 0x00000000d5580000)
  object space 240128K, 99% used [0x0000000080000000,0x000000008ea13cb8,0x000000008ea80000)
 Metaspace       used 76002K, committed 77568K, reserved 1179648K
  class space    used 9100K, committed 9792K, reserved 1048576K
}
Event: 199.699 GC heap after
{Heap after GC invocations=440 (full 3):
 PSYoungGen      total 3072K, used 416K [0x00000000d5580000, 0x00000000d5e00000, 0x0000000100000000)
  eden space 2560K, 0% used [0x00000000d5580000,0x00000000d5580000,0x00000000d5800000)
  from space 512K, 81% used [0x00000000d5d00000,0x00000000d5d68000,0x00000000d5d80000)
  to   space 512K, 0% used [0x00000000d5d80000,0x00000000d5d80000,0x00000000d5e00000)
 ParOldGen       total 240128K, used 239846K [0x0000000080000000, 0x000000008ea80000, 0x00000000d5580000)
  object space 240128K, 99% used [0x0000000080000000,0x000000008ea399b8,0x000000008ea80000)
 Metaspace       used 76002K, committed 77568K, reserved 1179648K
  class space    used 9100K, committed 9792K, reserved 1048576K
}
Event: 199.760 GC heap before
{Heap before GC invocations=441 (full 3):
 PSYoungGen      total 3072K, used 2976K [0x00000000d5580000, 0x00000000d5e00000, 0x0000000100000000)
  eden space 2560K, 100% used [0x00000000d5580000,0x00000000d5800000,0x00000000d5800000)
  from space 512K, 81% used [0x00000000d5d00000,0x00000000d5d68000,0x00000000d5d80000)
  to   space 512K, 0% used [0x00000000d5d80000,0x00000000d5d80000,0x00000000d5e00000)
 ParOldGen       total 240128K, used 239846K [0x0000000080000000, 0x000000008ea80000, 0x00000000d5580000)
  object space 240128K, 99% used [0x0000000080000000,0x000000008ea399b8,0x000000008ea80000)
 Metaspace       used 76344K, committed 77952K, reserved 1179648K
  class space    used 9154K, committed 9856K, reserved 1048576K
}
Event: 199.761 GC heap after
{Heap after GC invocations=441 (full 3):
 PSYoungGen      total 3072K, used 480K [0x00000000d5580000, 0x00000000d5e00000, 0x0000000100000000)
  eden space 2560K, 0% used [0x00000000d5580000,0x00000000d5580000,0x00000000d5800000)
  from space 512K, 93% used [0x00000000d5d80000,0x00000000d5df8000,0x00000000d5e00000)
  to   space 512K, 0% used [0x00000000d5d00000,0x00000000d5d00000,0x00000000d5d80000)
 ParOldGen       total 240128K, used 239974K [0x0000000080000000, 0x000000008ea80000, 0x00000000d5580000)
  object space 240128K, 99% used [0x0000000080000000,0x000000008ea599b8,0x000000008ea80000)
 Metaspace       used 76344K, committed 77952K, reserved 1179648K
  class space    used 9154K, committed 9856K, reserved 1048576K
}
Event: 199.798 GC heap before
{Heap before GC invocations=442 (full 3):
 PSYoungGen      total 3072K, used 3040K [0x00000000d5580000, 0x00000000d5e00000, 0x0000000100000000)
  eden space 2560K, 100% used [0x00000000d5580000,0x00000000d5800000,0x00000000d5800000)
  from space 512K, 93% used [0x00000000d5d80000,0x00000000d5df8000,0x00000000d5e00000)
  to   space 512K, 0% used [0x00000000d5d00000,0x00000000d5d00000,0x00000000d5d80000)
 ParOldGen       total 240128K, used 239974K [0x0000000080000000, 0x000000008ea80000, 0x00000000d5580000)
  object space 240128K, 99% used [0x0000000080000000,0x000000008ea599b8,0x000000008ea80000)
 Metaspace       used 76620K, committed 78144K, reserved 1179648K
  class space    used 9204K, committed 9856K, reserved 1048576K
}
Event: 199.799 GC heap after
{Heap after GC invocations=442 (full 3):
 PSYoungGen      total 3072K, used 448K [0x00000000d5580000, 0x00000000d5e00000, 0x0000000100000000)
  eden space 2560K, 0% used [0x00000000d5580000,0x00000000d5580000,0x00000000d5800000)
  from space 512K, 87% used [0x00000000d5d00000,0x00000000d5d70000,0x00000000d5d80000)
  to   space 512K, 0% used [0x00000000d5d80000,0x00000000d5d80000,0x00000000d5e00000)
 ParOldGen       total 240128K, used 240102K [0x0000000080000000, 0x000000008ea80000, 0x00000000d5580000)
  object space 240128K, 99% used [0x0000000080000000,0x000000008ea799b8,0x000000008ea80000)
 Metaspace       used 76620K, committed 78144K, reserved 1179648K
  class space    used 9204K, committed 9856K, reserved 1048576K
}
Event: 199.872 GC heap before
{Heap before GC invocations=443 (full 3):
 PSYoungGen      total 3072K, used 3008K [0x00000000d5580000, 0x00000000d5e00000, 0x0000000100000000)
  eden space 2560K, 100% used [0x00000000d5580000,0x00000000d5800000,0x00000000d5800000)
  from space 512K, 87% used [0x00000000d5d00000,0x00000000d5d70000,0x00000000d5d80000)
  to   space 512K, 0% used [0x00000000d5d80000,0x00000000d5d80000,0x00000000d5e00000)
 ParOldGen       total 240128K, used 240102K [0x0000000080000000, 0x000000008ea80000, 0x00000000d5580000)
  object space 240128K, 99% used [0x0000000080000000,0x000000008ea799b8,0x000000008ea80000)
 Metaspace       used 76937K, committed 78528K, reserved 1179648K
  class space    used 9245K, committed 9920K, reserved 1048576K
}
Event: 199.872 GC heap after
{Heap after GC invocations=443 (full 3):
 PSYoungGen      total 3072K, used 480K [0x00000000d5580000, 0x00000000d5e00000, 0x0000000100000000)
  eden space 2560K, 0% used [0x00000000d5580000,0x00000000d5580000,0x00000000d5800000)
  from space 512K, 93% used [0x00000000d5d80000,0x00000000d5df8000,0x00000000d5e00000)
  to   space 512K, 0% used [0x00000000d5d00000,0x00000000d5d00000,0x00000000d5d80000)
 ParOldGen       total 240640K, used 240230K [0x0000000080000000, 0x000000008eb00000, 0x00000000d5580000)
  object space 240640K, 99% used [0x0000000080000000,0x000000008ea999b8,0x000000008eb00000)
 Metaspace       used 76937K, committed 78528K, reserved 1179648K
  class space    used 9245K, committed 9920K, reserved 1048576K
}
Event: 200.032 GC heap before
{Heap before GC invocations=444 (full 3):
 PSYoungGen      total 3072K, used 3034K [0x00000000d5580000, 0x00000000d5e00000, 0x0000000100000000)
  eden space 2560K, 99% used [0x00000000d5580000,0x00000000d57fe900,0x00000000d5800000)
  from space 512K, 93% used [0x00000000d5d80000,0x00000000d5df8000,0x00000000d5e00000)
  to   space 512K, 0% used [0x00000000d5d00000,0x00000000d5d00000,0x00000000d5d80000)
 ParOldGen       total 240640K, used 240230K [0x0000000080000000, 0x000000008eb00000, 0x00000000d5580000)
  object space 240640K, 99% used [0x0000000080000000,0x000000008ea999b8,0x000000008eb00000)
 Metaspace       used 77005K, committed 78592K, reserved 1179648K
  class space    used 9256K, committed 9920K, reserved 1048576K
}
Event: 200.034 GC heap after
{Heap after GC invocations=444 (full 3):
 PSYoungGen      total 3072K, used 448K [0x00000000d5580000, 0x00000000d5e00000, 0x0000000100000000)
  eden space 2560K, 0% used [0x00000000d5580000,0x00000000d5580000,0x00000000d5800000)
  from space 512K, 87% used [0x00000000d5d00000,0x00000000d5d70000,0x00000000d5d80000)
  to   space 512K, 0% used [0x00000000d5d80000,0x00000000d5d80000,0x00000000d5e00000)
 ParOldGen       total 240640K, used 240350K [0x0000000080000000, 0x000000008eb00000, 0x00000000d5580000)
  object space 240640K, 99% used [0x0000000080000000,0x000000008eab79b8,0x000000008eb00000)
 Metaspace       used 77005K, committed 78592K, reserved 1179648K
  class space    used 9256K, committed 9920K, reserved 1048576K
}
Event: 202.246 GC heap before
{Heap before GC invocations=445 (full 3):
 PSYoungGen      total 3072K, used 3008K [0x00000000d5580000, 0x00000000d5e00000, 0x0000000100000000)
  eden space 2560K, 100% used [0x00000000d5580000,0x00000000d5800000,0x00000000d5800000)
  from space 512K, 87% used [0x00000000d5d00000,0x00000000d5d70000,0x00000000d5d80000)
  to   space 512K, 0% used [0x00000000d5d80000,0x00000000d5d80000,0x00000000d5e00000)
 ParOldGen       total 240640K, used 240350K [0x0000000080000000, 0x000000008eb00000, 0x00000000d5580000)
  object space 240640K, 99% used [0x0000000080000000,0x000000008eab79b8,0x000000008eb00000)
 Metaspace       used 77115K, committed 78656K, reserved 1179648K
  class space    used 9267K, committed 9920K, reserved 1048576K
}
Event: 202.248 GC heap after
{Heap after GC invocations=445 (full 3):
 PSYoungGen      total 3072K, used 448K [0x00000000d5580000, 0x00000000d5e00000, 0x0000000100000000)
  eden space 2560K, 0% used [0x00000000d5580000,0x00000000d5580000,0x00000000d5800000)
  from space 512K, 87% used [0x00000000d5d80000,0x00000000d5df0000,0x00000000d5e00000)
  to   space 512K, 0% used [0x00000000d5d00000,0x00000000d5d00000,0x00000000d5d80000)
 ParOldGen       total 240640K, used 240454K [0x0000000080000000, 0x000000008eb00000, 0x00000000d5580000)
  object space 240640K, 99% used [0x0000000080000000,0x000000008ead19b8,0x000000008eb00000)
 Metaspace       used 77115K, committed 78656K, reserved 1179648K
  class space    used 9267K, committed 9920K, reserved 1048576K
}
Event: 203.412 GC heap before
{Heap before GC invocations=446 (full 3):
 PSYoungGen      total 3072K, used 3008K [0x00000000d5580000, 0x00000000d5e00000, 0x0000000100000000)
  eden space 2560K, 100% used [0x00000000d5580000,0x00000000d5800000,0x00000000d5800000)
  from space 512K, 87% used [0x00000000d5d80000,0x00000000d5df0000,0x00000000d5e00000)
  to   space 512K, 0% used [0x00000000d5d00000,0x00000000d5d00000,0x00000000d5d80000)
 ParOldGen       total 240640K, used 240454K [0x0000000080000000, 0x000000008eb00000, 0x00000000d5580000)
  object space 240640K, 99% used [0x0000000080000000,0x000000008ead19b8,0x000000008eb00000)
 Metaspace       used 77346K, committed 78912K, reserved 1179648K
  class space    used 9298K, committed 9984K, reserved 1048576K
}
Event: 203.413 GC heap after
{Heap after GC invocations=446 (full 3):
 PSYoungGen      total 3072K, used 480K [0x00000000d5580000, 0x00000000d5e00000, 0x0000000100000000)
  eden space 2560K, 0% used [0x00000000d5580000,0x00000000d5580000,0x00000000d5800000)
  from space 512K, 93% used [0x00000000d5d00000,0x00000000d5d78000,0x00000000d5d80000)
  to   space 512K, 0% used [0x00000000d5d80000,0x00000000d5d80000,0x00000000d5e00000)
 ParOldGen       total 240640K, used 240590K [0x0000000080000000, 0x000000008eb00000, 0x00000000d5580000)
  object space 240640K, 99% used [0x0000000080000000,0x000000008eaf39b8,0x000000008eb00000)
 Metaspace       used 77346K, committed 78912K, reserved 1179648K
  class space    used 9298K, committed 9984K, reserved 1048576K
}
Event: 206.466 GC heap before
{Heap before GC invocations=447 (full 3):
 PSYoungGen      total 3072K, used 3040K [0x00000000d5580000, 0x00000000d5e00000, 0x0000000100000000)
  eden space 2560K, 100% used [0x00000000d5580000,0x00000000d5800000,0x00000000d5800000)
  from space 512K, 93% used [0x00000000d5d00000,0x00000000d5d78000,0x00000000d5d80000)
  to   space 512K, 0% used [0x00000000d5d80000,0x00000000d5d80000,0x00000000d5e00000)
 ParOldGen       total 240640K, used 240590K [0x0000000080000000, 0x000000008eb00000, 0x00000000d5580000)
  object space 240640K, 99% used [0x0000000080000000,0x000000008eaf39b8,0x000000008eb00000)
 Metaspace       used 77605K, committed 79232K, reserved 1179648K
  class space    used 9339K, committed 10048K, reserved 1048576K
}
Event: 207.474 GC heap after
{Heap after GC invocations=447 (full 3):
 PSYoungGen      total 3072K, used 416K [0x00000000d5580000, 0x00000000d5e00000, 0x0000000100000000)
  eden space 2560K, 0% used [0x00000000d5580000,0x00000000d5580000,0x00000000d5800000)
  from space 512K, 81% used [0x00000000d5d80000,0x00000000d5de8000,0x00000000d5e00000)
  to   space 512K, 0% used [0x00000000d5d00000,0x00000000d5d00000,0x00000000d5d80000)
 ParOldGen       total 241152K, used 240774K [0x0000000080000000, 0x000000008eb80000, 0x00000000d5580000)
  object space 241152K, 99% used [0x0000000080000000,0x000000008eb219b8,0x000000008eb80000)
 Metaspace       used 77605K, committed 79232K, reserved 1179648K
  class space    used 9339K, committed 10048K, reserved 1048576K
}
Event: 208.534 GC heap before
{Heap before GC invocations=448 (full 3):
 PSYoungGen      total 3072K, used 2975K [0x00000000d5580000, 0x00000000d5e00000, 0x0000000100000000)
  eden space 2560K, 99% used [0x00000000d5580000,0x00000000d57fffc8,0x00000000d5800000)
  from space 512K, 81% used [0x00000000d5d80000,0x00000000d5de8000,0x00000000d5e00000)
  to   space 512K, 0% used [0x00000000d5d00000,0x00000000d5d00000,0x00000000d5d80000)
 ParOldGen       total 241152K, used 240774K [0x0000000080000000, 0x000000008eb80000, 0x00000000d5580000)
  object space 241152K, 99% used [0x0000000080000000,0x000000008eb219b8,0x000000008eb80000)
 Metaspace       used 77808K, committed 79424K, reserved 1179648K
  class space    used 9358K, committed 10048K, reserved 1048576K
}
Event: 208.535 GC heap after
{Heap after GC invocations=448 (full 3):
 PSYoungGen      total 3072K, used 512K [0x00000000d5580000, 0x00000000d5e00000, 0x0000000100000000)
  eden space 2560K, 0% used [0x00000000d5580000,0x00000000d5580000,0x00000000d5800000)
  from space 512K, 100% used [0x00000000d5d00000,0x00000000d5d80000,0x00000000d5d80000)
  to   space 512K, 0% used [0x00000000d5d80000,0x00000000d5d80000,0x00000000d5e00000)
 ParOldGen       total 241152K, used 241018K [0x0000000080000000, 0x000000008eb80000, 0x00000000d5580000)
  object space 241152K, 99% used [0x0000000080000000,0x000000008eb5eb08,0x000000008eb80000)
 Metaspace       used 77808K, committed 79424K, reserved 1179648K
  class space    used 9358K, committed 10048K, reserved 1048576K
}

Dll operation events (16 events):
Event: 0.403 Loaded shared library c:\Users\jibri\.antigravity\extensions\redhat.java-1.54.0-win32-x64\jre\21.0.10-win32-x86_64\bin\java.dll
Event: 0.452 Loaded shared library c:\Users\jibri\.antigravity\extensions\redhat.java-1.54.0-win32-x64\jre\21.0.10-win32-x86_64\bin\zip.dll
Event: 0.471 Loaded shared library C:\Users\jibri\.antigravity\extensions\redhat.java-1.54.0-win32-x64\jre\21.0.10-win32-x86_64\bin\instrument.dll
Event: 0.615 Loaded shared library C:\Users\jibri\.antigravity\extensions\redhat.java-1.54.0-win32-x64\jre\21.0.10-win32-x86_64\bin\net.dll
Event: 0.700 Loaded shared library C:\Users\jibri\.antigravity\extensions\redhat.java-1.54.0-win32-x64\jre\21.0.10-win32-x86_64\bin\nio.dll
Event: 0.703 Loaded shared library C:\Users\jibri\.antigravity\extensions\redhat.java-1.54.0-win32-x64\jre\21.0.10-win32-x86_64\bin\zip.dll
Event: 0.718 Loaded shared library C:\Users\jibri\.antigravity\extensions\redhat.java-1.54.0-win32-x64\jre\21.0.10-win32-x86_64\bin\jimage.dll
Event: 0.815 Loaded shared library c:\Users\jibri\.antigravity\extensions\redhat.java-1.54.0-win32-x64\jre\21.0.10-win32-x86_64\bin\verify.dll
Event: 14.266 Loaded shared library C:\Users\jibri\AppData\Roaming\Antigravity\User\globalStorage\redhat.java\1.54.0\config_win\org.eclipse.equinox.launcher\org.eclipse.equinox.launcher.win32.win32.x86_64_1.3.0.v20260203-2149\eclipse_11919.dll
Event: 25.675 Loaded shared library C:\Users\jibri\AppData\Local\Temp\jna-101119098\jna1333493881952583335.dll
Event: 48.003 Loaded shared library C:\Users\jibri\.gradle\native\1def1411415f61bf3af743bc5b6707747c0891f09f0c88961ee8f79bc544acac\windows-amd64\native-platform.dll
Event: 59.719 Loaded shared library C:\Users\jibri\.antigravity\extensions\redhat.java-1.54.0-win32-x64\jre\21.0.10-win32-x86_64\bin\management.dll
Event: 59.770 Loaded shared library C:\Users\jibri\.antigravity\extensions\redhat.java-1.54.0-win32-x64\jre\21.0.10-win32-x86_64\bin\management_ext.dll
Event: 60.342 Loaded shared library C:\Users\jibri\.antigravity\extensions\redhat.java-1.54.0-win32-x64\jre\21.0.10-win32-x86_64\bin\sunmscapi.dll
Event: 60.505 Loaded shared library C:\Users\jibri\.antigravity\extensions\redhat.java-1.54.0-win32-x64\jre\21.0.10-win32-x86_64\bin\extnet.dll
Event: 187.028 Loaded shared library C:\Users\jibri\.gradle\native\c067742578af261105cb4f569cf0c3c89f3d7b1fecec35dd04571415982c5e48\windows-amd64\native-platform.dll

Deoptimization events (20 events):
Event: 206.461 Thread 0x000001d8001ad5e0 Uncommon trap: trap_request=0xffffff76 fr.pc=0x000001d81e805610 relative=0x0000000000000450
Event: 206.461 Thread 0x000001d8001ad5e0 Uncommon trap: reason=predicate action=maybe_recompile pc=0x000001d81e805610 method=java.util.TimSort.binarySort([Ljava/lang/Object;IIILjava/util/Comparator;)V @ 34 c2
Event: 206.461 Thread 0x000001d8001ad5e0 DEOPT PACKING pc=0x000001d81e805610 sp=0x000000351a1fd2a0
Event: 206.461 Thread 0x000001d8001ad5e0 DEOPT UNPACKING pc=0x000001d81d9a3aa2 sp=0x000000351a1fd268 mode 2
Event: 208.573 Thread 0x000001d8001ad5e0 Uncommon trap: trap_request=0xffffffde fr.pc=0x000001d81e545f18 relative=0x0000000000000718
Event: 208.573 Thread 0x000001d8001ad5e0 Uncommon trap: reason=class_check action=maybe_recompile pc=0x000001d81e545f18 method=java.lang.ClassLoader.getPackage(Ljava/lang/String;)Ljava/lang/Package; @ 22 c2
Event: 208.573 Thread 0x000001d8001ad5e0 DEOPT PACKING pc=0x000001d81e545f18 sp=0x000000351a1fce80
Event: 208.573 Thread 0x000001d8001ad5e0 DEOPT UNPACKING pc=0x000001d81d9a3aa2 sp=0x000000351a1fce40 mode 2
Event: 208.573 Thread 0x000001d8001ad5e0 Uncommon trap: trap_request=0xffffffde fr.pc=0x000001d81e545f18 relative=0x0000000000000718
Event: 208.573 Thread 0x000001d8001ad5e0 Uncommon trap: reason=class_check action=maybe_recompile pc=0x000001d81e545f18 method=java.lang.ClassLoader.getPackage(Ljava/lang/String;)Ljava/lang/Package; @ 22 c2
Event: 208.573 Thread 0x000001d8001ad5e0 DEOPT PACKING pc=0x000001d81e545f18 sp=0x000000351a1fce10
Event: 208.573 Thread 0x000001d8001ad5e0 DEOPT UNPACKING pc=0x000001d81d9a3aa2 sp=0x000000351a1fcdd0 mode 2
Event: 208.573 Thread 0x000001d8001ad5e0 Uncommon trap: trap_request=0xffffffde fr.pc=0x000001d81e545f18 relative=0x0000000000000718
Event: 208.573 Thread 0x000001d8001ad5e0 Uncommon trap: reason=class_check action=maybe_recompile pc=0x000001d81e545f18 method=java.lang.ClassLoader.getPackage(Ljava/lang/String;)Ljava/lang/Package; @ 22 c2
Event: 208.573 Thread 0x000001d8001ad5e0 DEOPT PACKING pc=0x000001d81e545f18 sp=0x000000351a1fcd30
Event: 208.573 Thread 0x000001d8001ad5e0 DEOPT UNPACKING pc=0x000001d81d9a3aa2 sp=0x000000351a1fccf0 mode 2
Event: 208.573 Thread 0x000001d8001ad5e0 Uncommon trap: trap_request=0xffffffde fr.pc=0x000001d81e545f18 relative=0x0000000000000718
Event: 208.573 Thread 0x000001d8001ad5e0 Uncommon trap: reason=class_check action=maybe_recompile pc=0x000001d81e545f18 method=java.lang.ClassLoader.getPackage(Ljava/lang/String;)Ljava/lang/Package; @ 22 c2
Event: 208.573 Thread 0x000001d8001ad5e0 DEOPT PACKING pc=0x000001d81e545f18 sp=0x000000351a1fccc0
Event: 208.573 Thread 0x000001d8001ad5e0 DEOPT UNPACKING pc=0x000001d81d9a3aa2 sp=0x000000351a1fcc80 mode 2

Classes loaded (20 events):
Event: 171.411 Loading class java/lang/UnsupportedClassVersionError
Event: 171.413 Loading class java/lang/UnsupportedClassVersionError done
Event: 171.659 Loading class java/util/concurrent/ConcurrentLinkedQueue$Itr
Event: 171.673 Loading class java/util/concurrent/ConcurrentLinkedQueue$Itr done
Event: 171.713 Loading class java/util/LinkedList$LLSpliterator
Event: 171.718 Loading class java/util/LinkedList$LLSpliterator done
Event: 199.528 Loading class java/nio/file/AtomicMoveNotSupportedException
Event: 199.530 Loading class java/nio/file/AtomicMoveNotSupportedException done
Event: 206.456 Loading class java/io/ObjectStreamClass$1
Event: 206.456 Loading class java/io/ObjectStreamClass$1 done
Event: 206.457 Loading class java/io/ObjectStreamClass$MemberSignature
Event: 206.457 Loading class java/io/ObjectStreamClass$MemberSignature done
Event: 206.457 Loading class java/io/ObjectStreamClass$3
Event: 206.457 Loading class java/io/ObjectStreamClass$3 done
Event: 206.457 Loading class java/io/ObjectStreamClass$4
Event: 206.458 Loading class java/io/ObjectStreamClass$4 done
Event: 206.458 Loading class java/io/ObjectStreamClass$5
Event: 206.458 Loading class java/io/ObjectStreamClass$5 done
Event: 207.492 Loading class java/io/ObjectStreamClass$ExceptionInfo
Event: 207.492 Loading class java/io/ObjectStreamClass$ExceptionInfo done

Classes unloaded (20 events):
Event: 26.851 Thread 0x000001d8133a1b40 Unloading class 0x000001d82b1a2800 'java/lang/invoke/LambdaForm$MH+0x000001d82b1a2800'
Event: 26.851 Thread 0x000001d8133a1b40 Unloading class 0x000001d82b1a2400 'java/lang/invoke/LambdaForm$MH+0x000001d82b1a2400'
Event: 26.851 Thread 0x000001d8133a1b40 Unloading class 0x000001d82b1a2000 'java/lang/invoke/LambdaForm$BMH+0x000001d82b1a2000'
Event: 26.851 Thread 0x000001d8133a1b40 Unloading class 0x000001d82b1a1c00 'java/lang/invoke/LambdaForm$DMH+0x000001d82b1a1c00'
Event: 26.851 Thread 0x000001d8133a1b40 Unloading class 0x000001d82b1a0800 'java/lang/invoke/LambdaForm$DMH+0x000001d82b1a0800'
Event: 28.557 Thread 0x000001d8133a1b40 Unloading class 0x000001d82b31a000 'java/lang/invoke/LambdaForm$MH+0x000001d82b31a000'
Event: 28.557 Thread 0x000001d8133a1b40 Unloading class 0x000001d82b319400 'java/lang/invoke/LambdaForm$MH+0x000001d82b319400'
Event: 28.557 Thread 0x000001d8133a1b40 Unloading class 0x000001d82b318c00 'java/lang/invoke/LambdaForm$MH+0x000001d82b318c00'
Event: 28.557 Thread 0x000001d8133a1b40 Unloading class 0x000001d82b318800 'java/lang/invoke/LambdaForm$MH+0x000001d82b318800'
Event: 28.557 Thread 0x000001d8133a1b40 Unloading class 0x000001d82b318000 'java/lang/invoke/LambdaForm$DMH+0x000001d82b318000'
Event: 28.557 Thread 0x000001d8133a1b40 Unloading class 0x000001d82b317400 'java/lang/invoke/LambdaForm$MH+0x000001d82b317400'
Event: 28.557 Thread 0x000001d8133a1b40 Unloading class 0x000001d82b313c00 'java/lang/invoke/LambdaForm$MH+0x000001d82b313c00'
Event: 28.557 Thread 0x000001d8133a1b40 Unloading class 0x000001d82b313000 'java/lang/invoke/LambdaForm$MH+0x000001d82b313000'
Event: 28.557 Thread 0x000001d8133a1b40 Unloading class 0x000001d82b312400 'java/lang/invoke/LambdaForm$MH+0x000001d82b312400'
Event: 28.557 Thread 0x000001d8133a1b40 Unloading class 0x000001d82b311c00 'java/lang/invoke/LambdaForm$MH+0x000001d82b311c00'
Event: 28.557 Thread 0x000001d8133a1b40 Unloading class 0x000001d82b311400 'java/lang/invoke/LambdaForm$MH+0x000001d82b311400'
Event: 28.557 Thread 0x000001d8133a1b40 Unloading class 0x000001d82b310c00 'java/lang/invoke/LambdaForm$MH+0x000001d82b310c00'
Event: 28.557 Thread 0x000001d8133a1b40 Unloading class 0x000001d82b310400 'java/lang/invoke/LambdaForm$MH+0x000001d82b310400'
Event: 28.557 Thread 0x000001d8133a1b40 Unloading class 0x000001d82b310000 'java/lang/invoke/LambdaForm$MH+0x000001d82b310000'
Event: 28.557 Thread 0x000001d8133a1b40 Unloading class 0x000001d82b305800 'java/lang/invoke/LambdaForm$DMH+0x000001d82b305800'

Classes redefined (0 events):
No events

Internal exceptions (20 events):
Event: 83.758 Thread 0x000001d87353f6e0 Exception <a 'sun/nio/fs/WindowsException'{0x00000000d597a5d8}> (0x00000000d597a5d8) 
thrown [s\src\hotspot\share\prims\jni.cpp, line 520]
Event: 83.759 Thread 0x000001d87353f6e0 Exception <a 'sun/nio/fs/WindowsException'{0x00000000d597b6d0}> (0x00000000d597b6d0) 
thrown [s\src\hotspot\share\prims\jni.cpp, line 520]
Event: 83.759 Thread 0x000001d87353f6e0 Exception <a 'sun/nio/fs/WindowsException'{0x00000000d597bd00}> (0x00000000d597bd00) 
thrown [s\src\hotspot\share\prims\jni.cpp, line 520]
Event: 83.759 Thread 0x000001d87353f6e0 Exception <a 'sun/nio/fs/WindowsException'{0x00000000d597cbc0}> (0x00000000d597cbc0) 
thrown [s\src\hotspot\share\prims\jni.cpp, line 520]
Event: 83.760 Thread 0x000001d87353f6e0 Exception <a 'sun/nio/fs/WindowsException'{0x00000000d597d1f0}> (0x00000000d597d1f0) 
thrown [s\src\hotspot\share\prims\jni.cpp, line 520]
Event: 83.760 Thread 0x000001d87353f6e0 Exception <a 'sun/nio/fs/WindowsException'{0x00000000d597db98}> (0x00000000d597db98) 
thrown [s\src\hotspot\share\prims\jni.cpp, line 520]
Event: 83.760 Thread 0x000001d87353f6e0 Exception <a 'sun/nio/fs/WindowsException'{0x00000000d597e1c8}> (0x00000000d597e1c8) 
thrown [s\src\hotspot\share\prims\jni.cpp, line 520]
Event: 199.437 Thread 0x000001d8001ad5e0 Exception <a 'java/lang/NoClassDefFoundError'{0x00000000d5699470}: org/slf4j/impl/StaticMarkerBinder> (0x00000000d5699470) 
thrown [s\src\hotspot\share\classfile\systemDictionary.cpp, line 301]
Event: 199.605 Thread 0x000001d8001ad5e0 Exception <a 'java/lang/NoSuchMethodError'{0x00000000d572f548}: 'java.lang.Object java.lang.invoke.DirectMethodHandle$Holder.invokeVirtual(java.lang.Object, java.lang.Object, java.lang.Object, java.lang.Object, java.lang.Object, java.lang.Object, java.lang.Object, java.lang.Object, java.lang.Object, java.lang.Object, java.lang.Object)'> (0x00000000d572f548) 
thrown [s\src\hotspot\share\interpreter\linkResolver.cpp, line 773]
Event: 206.457 Thread 0x000001d8001ad5e0 Exception <a 'java/lang/NoSuchMethodError'{0x00000000d5788e60}: static Lorg/gradle/tooling/internal/provider/serialization/ClassLoaderDetails;.<clinit>()V> (0x00000000d5788e60) 
thrown [s\src\hotspot\share\prims\jni.cpp, line 1111]
Event: 206.461 Thread 0x000001d8001ad5e0 Exception <a 'java/lang/NoSuchMethodError'{0x00000000d57b1428}: static Lorg/gradle/internal/classloader/ClassLoaderSpec;.<clinit>()V> (0x00000000d57b1428) 
thrown [s\src\hotspot\share\prims\jni.cpp, line 1111]
Event: 206.461 Thread 0x000001d8001ad5e0 Exception <a 'java/lang/NoSuchMethodError'{0x00000000d57c14f8}: static Lorg/gradle/tooling/internal/provider/serialization/WellKnownClassLoaderRegistry$KnownClassLoaderSpec;.<clinit>()V> (0x00000000d57c14f8) 
thrown [s\src\hotspot\share\prims\jni.cpp, line 1111]
Event: 206.464 Thread 0x000001d8001ad5e0 Exception <a 'java/lang/NoSuchMethodError'{0x00000000d57e2f50}: static Lorg/gradle/internal/classloader/ClassLoaderSpec;.<clinit>()V> (0x00000000d57e2f50) 
thrown [s\src\hotspot\share\prims\jni.cpp, line 1111]
Event: 206.465 Thread 0x000001d8001ad5e0 Exception <a 'java/lang/NoSuchMethodError'{0x00000000d57f42f8}: static Lorg/gradle/internal/classloader/VisitableURLClassLoader$Spec;.<clinit>()V> (0x00000000d57f42f8) 
thrown [s\src\hotspot\share\prims\jni.cpp, line 1111]
Event: 207.492 Thread 0x000001d8001ad5e0 Exception <a 'java/lang/NoSuchMethodError'{0x00000000d5691af0}: static [B.<clinit>()V> (0x00000000d5691af0) 
thrown [s\src\hotspot\share\prims\jni.cpp, line 1111]
Event: 208.578 Thread 0x000001d8001ad5e0 Exception <a 'java/lang/NoSuchMethodError'{0x00000000d5706048}: static Lorg/gradle/api/GradleException;.<clinit>()V> (0x00000000d5706048) 
thrown [s\src\hotspot\share\prims\jni.cpp, line 1111]
Event: 208.578 Thread 0x000001d8001ad5e0 Exception <a 'java/lang/NoSuchMethodError'{0x00000000d57073c8}: static Lorg/gradle/api/InvalidUserDataException;.<clinit>()V> (0x00000000d57073c8) 
thrown [s\src\hotspot\share\prims\jni.cpp, line 1111]
Event: 208.578 Thread 0x000001d8001ad5e0 Exception <a 'java/lang/NoSuchMethodError'{0x00000000d5708a40}: static Lorg/gradle/api/plugins/UnknownPluginException;.<clinit>()V> (0x00000000d5708a40) 
thrown [s\src\hotspot\share\prims\jni.cpp, line 1111]
Event: 208.579 Thread 0x000001d8001ad5e0 Exception <a 'java/lang/NoSuchMethodError'{0x00000000d5710e38}: static [Ljava/lang/StackTraceElement;.<clinit>()V> (0x00000000d5710e38) 
thrown [s\src\hotspot\share\prims\jni.cpp, line 1111]
Event: 208.582 Thread 0x000001d8001ad5e0 Exception <a 'java/lang/NoSuchMethodError'{0x00000000d5757e28}: static Lorg/gradle/api/GradleScriptException;.<clinit>()V> (0x00000000d5757e28) 
thrown [s\src\hotspot\share\prims\jni.cpp, line 1111]

ZGC Phase Switch (0 events):
No events

VM Operations (20 events):
Event: 199.872 Executing safepoint VM operation: ParallelGCFailedAllocation (Allocation Failure)
Event: 199.872 Executing safepoint VM operation: ParallelGCFailedAllocation (Allocation Failure) done
Event: 200.032 Executing safepoint VM operation: ParallelGCFailedAllocation (Allocation Failure)
Event: 200.034 Executing safepoint VM operation: ParallelGCFailedAllocation (Allocation Failure) done
Event: 202.246 Executing safepoint VM operation: ParallelGCFailedAllocation (Allocation Failure)
Event: 202.248 Executing safepoint VM operation: ParallelGCFailedAllocation (Allocation Failure) done
Event: 203.249 Executing safepoint VM operation: Cleanup
Event: 203.249 Executing safepoint VM operation: Cleanup done
Event: 203.412 Executing safepoint VM operation: ParallelGCFailedAllocation (Allocation Failure)
Event: 203.413 Executing safepoint VM operation: ParallelGCFailedAllocation (Allocation Failure) done
Event: 204.418 Executing safepoint VM operation: Cleanup
Event: 204.418 Executing safepoint VM operation: Cleanup done
Event: 206.466 Executing safepoint VM operation: ParallelGCFailedAllocation (Allocation Failure)
Event: 207.474 Executing safepoint VM operation: ParallelGCFailedAllocation (Allocation Failure) done
Event: 208.484 Executing safepoint VM operation: Cleanup
Event: 208.515 Executing safepoint VM operation: Cleanup done
Event: 208.534 Executing safepoint VM operation: ParallelGCFailedAllocation (Allocation Failure)
Event: 208.535 Executing safepoint VM operation: ParallelGCFailedAllocation (Allocation Failure) done
Event: 209.542 Executing safepoint VM operation: Cleanup
Event: 210.599 Executing safepoint VM operation: Cleanup done

Memory protections (0 events):
No events

Nmethod flushes (20 events):
Event: 60.043 Thread 0x000001d8133a1b40 flushing  nmethod 0x000001d816fa2f90
Event: 60.043 Thread 0x000001d8133a1b40 flushing  nmethod 0x000001d816fa5190
Event: 60.043 Thread 0x000001d8133a1b40 flushing  nmethod 0x000001d816fa6110
Event: 60.043 Thread 0x000001d8133a1b40 flushing  nmethod 0x000001d816fa7a10
Event: 60.043 Thread 0x000001d8133a1b40 flushing  nmethod 0x000001d816fb7e10
Event: 60.043 Thread 0x000001d8133a1b40 flushing  nmethod 0x000001d816fd5190
Event: 60.043 Thread 0x000001d8133a1b40 flushing  nmethod 0x000001d816fe6210
Event: 60.043 Thread 0x000001d8133a1b40 flushing  nmethod 0x000001d816fe7710
Event: 60.043 Thread 0x000001d8133a1b40 flushing  nmethod 0x000001d816ff6610
Event: 60.043 Thread 0x000001d8133a1b40 flushing  nmethod 0x000001d816ffc410
Event: 60.043 Thread 0x000001d8133a1b40 flushing  nmethod 0x000001d817034710
Event: 60.043 Thread 0x000001d8133a1b40 flushing  nmethod 0x000001d81703f210
Event: 60.043 Thread 0x000001d8133a1b40 flushing  nmethod 0x000001d81705e190
Event: 60.043 Thread 0x000001d8133a1b40 flushing  nmethod 0x000001d817073190
Event: 60.043 Thread 0x000001d8133a1b40 flushing  nmethod 0x000001d817074310
Event: 60.043 Thread 0x000001d8133a1b40 flushing  nmethod 0x000001d817076990
Event: 60.043 Thread 0x000001d8133a1b40 flushing  nmethod 0x000001d817077b10
Event: 60.043 Thread 0x000001d8133a1b40 flushing  nmethod 0x000001d817078810
Event: 60.043 Thread 0x000001d8133a1b40 flushing  nmethod 0x000001d817079510
Event: 60.043 Thread 0x000001d8133a1b40 flushing  nmethod 0x000001d81707ae10

Events (20 events):
Event: 202.288 Thread 0x000001d8001ae300 Thread added: 0x000001d8001ae990
Event: 202.290 Thread 0x000001d8001ae300 Thread added: 0x000001d8001ab510
Event: 202.290 Thread 0x000001d8001ae990 Thread exited: 0x000001d8001ae990
Event: 203.097 Thread 0x000001d87f3c8e70 Thread exited: 0x000001d87f3c8e70
Event: 203.346 Thread 0x000001d8001ae300 Thread exited: 0x000001d8001ae300
Event: 203.346 Thread 0x000001d8001ab510 Thread exited: 0x000001d8001ab510
Event: 203.348 Thread 0x000001d8001adc70 Thread exited: 0x000001d8001adc70
Event: 203.350 Thread 0x000001d8001ad5e0 Thread exited: 0x000001d8001ad5e0
Event: 203.368 Thread 0x000001d87353fd70 Thread added: 0x000001d8001ad5e0
Event: 203.407 Thread 0x000001d8001ad5e0 Thread added: 0x000001d8001ab510
Event: 205.310 Thread 0x000001d8133bae60 Thread added: 0x000001d873fd8d40
Event: 206.324 Thread 0x000001d8133bae60 Thread added: 0x000001d873fd9410
Event: 207.475 Thread 0x000001d873fd9410 Thread exited: 0x000001d873fd9410
Event: 207.483 Thread 0x000001d8001ab510 Thread exited: 0x000001d8001ab510
Event: 207.494 Thread 0x000001d873fd8d40 Thread added: 0x000001d873fd9410
Event: 207.496 Thread 0x000001d8133bae60 Thread added: 0x000001d873fd9ae0
Event: 207.496 Thread 0x000001d8133bae60 Thread added: 0x000001d873fda1b0
Event: 210.600 Thread 0x000001d873fda1b0 Thread exited: 0x000001d873fda1b0
Event: 210.600 Thread 0x000001d873fd8d40 Thread exited: 0x000001d873fd8d40
Event: 210.600 Thread 0x000001d873fd9ae0 Thread exited: 0x000001d873fd9ae0


Dynamic libraries:
0x00007ff64c6e0000 - 0x00007ff64c6ee000 	c:\Users\jibri\.antigravity\extensions\redhat.java-1.54.0-win32-x64\jre\21.0.10-win32-x86_64\bin\java.exe
0x00007ffc90c00000 - 0x00007ffc90e67000 	C:\WINDOWS\SYSTEM32\ntdll.dll
0x00007ffc90280000 - 0x00007ffc90349000 	C:\WINDOWS\System32\KERNEL32.DLL
0x00007ffc8e190000 - 0x00007ffc8e584000 	C:\WINDOWS\System32\KERNELBASE.dll
0x00007ffc8e590000 - 0x00007ffc8e6db000 	C:\WINDOWS\System32\ucrtbase.dll
0x00007ffbbf2d0000 - 0x00007ffbbf2ee000 	c:\Users\jibri\.antigravity\extensions\redhat.java-1.54.0-win32-x64\jre\21.0.10-win32-x86_64\bin\VCRUNTIME140.dll
0x00007ffbbf9e0000 - 0x00007ffbbf9f8000 	c:\Users\jibri\.antigravity\extensions\redhat.java-1.54.0-win32-x64\jre\21.0.10-win32-x86_64\bin\jli.dll
0x00007ffc8e9a0000 - 0x00007ffc8eb65000 	C:\WINDOWS\System32\USER32.dll
0x00007ffc8d650000 - 0x00007ffc8d677000 	C:\WINDOWS\System32\win32u.dll
0x00007ffc90250000 - 0x00007ffc9027b000 	C:\WINDOWS\System32\GDI32.dll
0x00007ffc712d0000 - 0x00007ffc71563000 	C:\WINDOWS\WinSxS\amd64_microsoft.windows.common-controls_6595b64144ccf1df_6.0.26100.8115_none_3e075c82e3354f9c\COMCTL32.dll
0x00007ffc8dfb0000 - 0x00007ffc8e0db000 	C:\WINDOWS\System32\gdi32full.dll
0x00007ffc8eb70000 - 0x00007ffc8ec19000 	C:\WINDOWS\System32\msvcrt.dll
0x00007ffc8e0e0000 - 0x00007ffc8e183000 	C:\WINDOWS\System32\msvcp_win.dll
0x00007ffc90210000 - 0x00007ffc90242000 	C:\WINDOWS\System32\IMM32.DLL
0x00007ffc1bc70000 - 0x00007ffc1bc7c000 	c:\Users\jibri\.antigravity\extensions\redhat.java-1.54.0-win32-x64\jre\21.0.10-win32-x86_64\bin\vcruntime140_1.dll
0x00007ffbbfa40000 - 0x00007ffbbfacd000 	c:\Users\jibri\.antigravity\extensions\redhat.java-1.54.0-win32-x64\jre\21.0.10-win32-x86_64\bin\msvcp140.dll
0x00007ffbbe520000 - 0x00007ffbbf2c1000 	c:\Users\jibri\.antigravity\extensions\redhat.java-1.54.0-win32-x64\jre\21.0.10-win32-x86_64\bin\server\jvm.dll
0x00007ffc8f850000 - 0x00007ffc8f906000 	C:\WINDOWS\System32\ADVAPI32.dll
0x00007ffc8efc0000 - 0x00007ffc8f067000 	C:\WINDOWS\System32\sechost.dll
0x00007ffc90350000 - 0x00007ffc90468000 	C:\WINDOWS\System32\RPCRT4.dll
0x00007ffc8f910000 - 0x00007ffc8f990000 	C:\WINDOWS\System32\WS2_32.dll
0x00007ffc8d330000 - 0x00007ffc8d38e000 	C:\WINDOWS\SYSTEM32\POWRPROF.dll
0x00007ffc86230000 - 0x00007ffc8623b000 	C:\WINDOWS\SYSTEM32\VERSION.dll
0x00007ffc7e7b0000 - 0x00007ffc7e7e6000 	C:\WINDOWS\SYSTEM32\WINMM.dll
0x00007ffc8d310000 - 0x00007ffc8d324000 	C:\WINDOWS\SYSTEM32\UMPDC.dll
0x00007ffc8c190000 - 0x00007ffc8c1ab000 	C:\WINDOWS\SYSTEM32\kernel.appcore.dll
0x00007ffc1bc60000 - 0x00007ffc1bc6a000 	c:\Users\jibri\.antigravity\extensions\redhat.java-1.54.0-win32-x64\jre\21.0.10-win32-x86_64\bin\jimage.dll
0x00007ffc8b4d0000 - 0x00007ffc8b712000 	C:\WINDOWS\SYSTEM32\DBGHELP.DLL
0x00007ffc90470000 - 0x00007ffc907f2000 	C:\WINDOWS\System32\combase.dll
0x00007ffc8f9c0000 - 0x00007ffc8fa98000 	C:\WINDOWS\System32\OLEAUT32.dll
0x00007ffc66ab0000 - 0x00007ffc66aeb000 	C:\WINDOWS\SYSTEM32\dbgcore.DLL
0x00007ffc8e8e0000 - 0x00007ffc8e985000 	C:\WINDOWS\System32\bcryptPrimitives.dll
0x00007ffc1bc50000 - 0x00007ffc1bc5f000 	c:\Users\jibri\.antigravity\extensions\redhat.java-1.54.0-win32-x64\jre\21.0.10-win32-x86_64\bin\instrument.dll
0x00007ffc1bc30000 - 0x00007ffc1bc50000 	c:\Users\jibri\.antigravity\extensions\redhat.java-1.54.0-win32-x64\jre\21.0.10-win32-x86_64\bin\java.dll
0x00007ffc8faa0000 - 0x00007ffc90207000 	C:\WINDOWS\System32\SHELL32.dll
0x00007ffc8e6e0000 - 0x00007ffc8e84a000 	C:\WINDOWS\System32\wintypes.dll
0x00007ffc8d680000 - 0x00007ffc8dee8000 	C:\WINDOWS\System32\windows.storage.dll
0x00007ffc90a90000 - 0x00007ffc90b88000 	C:\WINDOWS\System32\SHCORE.dll
0x00007ffc8ed20000 - 0x00007ffc8ed86000 	C:\WINDOWS\System32\shlwapi.dll
0x00007ffc8d3c0000 - 0x00007ffc8d3e9000 	C:\WINDOWS\SYSTEM32\profapi.dll
0x00007ffbbfa20000 - 0x00007ffbbfa38000 	c:\Users\jibri\.antigravity\extensions\redhat.java-1.54.0-win32-x64\jre\21.0.10-win32-x86_64\bin\zip.dll
0x00007ffbbfa10000 - 0x00007ffbbfa20000 	C:\Users\jibri\.antigravity\extensions\redhat.java-1.54.0-win32-x64\jre\21.0.10-win32-x86_64\bin\net.dll
0x00007ffc865c0000 - 0x00007ffc866ed000 	C:\WINDOWS\SYSTEM32\WINHTTP.dll
0x00007ffc8c7d0000 - 0x00007ffc8c83c000 	C:\WINDOWS\system32\mswsock.dll
0x00007ffbbf420000 - 0x00007ffbbf436000 	C:\Users\jibri\.antigravity\extensions\redhat.java-1.54.0-win32-x64\jre\21.0.10-win32-x86_64\bin\nio.dll
0x00007ffbbfa00000 - 0x00007ffbbfa10000 	c:\Users\jibri\.antigravity\extensions\redhat.java-1.54.0-win32-x64\jre\21.0.10-win32-x86_64\bin\verify.dll
0x00007ffc75560000 - 0x00007ffc755a5000 	C:\Users\jibri\AppData\Roaming\Antigravity\User\globalStorage\redhat.java\1.54.0\config_win\org.eclipse.equinox.launcher\org.eclipse.equinox.launcher.win32.win32.x86_64_1.3.0.v20260203-2149\eclipse_11919.dll
0x00007ffc8ed90000 - 0x00007ffc8ef27000 	C:\WINDOWS\System32\ole32.dll
0x00007ffc8cac0000 - 0x00007ffc8cadb000 	C:\WINDOWS\SYSTEM32\CRYPTSP.dll
0x00007ffc8c1b0000 - 0x00007ffc8c1e9000 	C:\WINDOWS\system32\rsaenh.dll
0x00007ffc8c880000 - 0x00007ffc8c8b3000 	C:\WINDOWS\SYSTEM32\USERENV.dll
0x00007ffc8d3f0000 - 0x00007ffc8d41a000 	C:\WINDOWS\SYSTEM32\bcrypt.dll
0x00007ffc8cab0000 - 0x00007ffc8cabc000 	C:\WINDOWS\SYSTEM32\CRYPTBASE.dll
0x00007ffc8bc50000 - 0x00007ffc8bc82000 	C:\WINDOWS\SYSTEM32\IPHLPAPI.DLL
0x00007ffc8e990000 - 0x00007ffc8e99a000 	C:\WINDOWS\System32\NSI.dll
0x00007ffc68010000 - 0x00007ffc68059000 	C:\Users\jibri\AppData\Local\Temp\jna-101119098\jna1333493881952583335.dll
0x00007ffc8f1d0000 - 0x00007ffc8f1d8000 	C:\WINDOWS\System32\PSAPI.DLL
0x00007ffc863e0000 - 0x00007ffc863fd000 	C:\WINDOWS\SYSTEM32\dhcpcsvc6.DLL
0x00007ffc863b0000 - 0x00007ffc863d5000 	C:\WINDOWS\SYSTEM32\dhcpcsvc.DLL
0x00007ffc67620000 - 0x00007ffc67647000 	C:\Users\jibri\.gradle\native\1def1411415f61bf3af743bc5b6707747c0891f09f0c88961ee8f79bc544acac\windows-amd64\native-platform.dll
0x00007ffc676d0000 - 0x00007ffc676da000 	C:\Users\jibri\.antigravity\extensions\redhat.java-1.54.0-win32-x64\jre\21.0.10-win32-x86_64\bin\management.dll
0x00007ffc676c0000 - 0x00007ffc676cc000 	C:\Users\jibri\.antigravity\extensions\redhat.java-1.54.0-win32-x64\jre\21.0.10-win32-x86_64\bin\management_ext.dll
0x00007ffbbf3f0000 - 0x00007ffbbf3fe000 	C:\Users\jibri\.antigravity\extensions\redhat.java-1.54.0-win32-x64\jre\21.0.10-win32-x86_64\bin\sunmscapi.dll
0x00007ffc8d4d0000 - 0x00007ffc8d647000 	C:\WINDOWS\System32\CRYPT32.dll
0x00007ffc8ccd0000 - 0x00007ffc8cd00000 	C:\WINDOWS\SYSTEM32\ncrypt.dll
0x00007ffc8cc80000 - 0x00007ffc8ccbf000 	C:\WINDOWS\SYSTEM32\NTASN1.dll
0x00007ffc8bcf0000 - 0x00007ffc8be22000 	C:\WINDOWS\SYSTEM32\DNSAPI.dll
0x00007ffc78050000 - 0x00007ffc7805b000 	C:\Windows\System32\rasadhlp.dll
0x00007ffc85c40000 - 0x00007ffc85cc6000 	C:\WINDOWS\System32\fwpuclnt.dll
0x00007ffbbf3e0000 - 0x00007ffbbf3e9000 	C:\Users\jibri\.antigravity\extensions\redhat.java-1.54.0-win32-x64\jre\21.0.10-win32-x86_64\bin\extnet.dll
0x00007ffc50320000 - 0x00007ffc50328000 	C:\WINDOWS\system32\wshunix.dll
0x00007ffc584e0000 - 0x00007ffc58507000 	C:\Users\jibri\.gradle\native\c067742578af261105cb4f569cf0c3c89f3d7b1fecec35dd04571415982c5e48\windows-amd64\native-platform.dll

JVMTI agents:
c:\Users\jibri\.antigravity\extensions\redhat.java-1.54.0-win32-x64\lombok\lombok-1.18.39-4050.jar path:c:\Users\jibri\.antigravity\extensions\redhat.java-1.54.0-win32-x64\jre\21.0.10-win32-x86_64\bin\instrument.dll, loaded, initialized, instrumentlib options:none

dbghelp: loaded successfully - version: 4.0.5 - missing functions: none
symbol engine: initialized successfully - sym options: 0x614 - pdb path: .;c:\Users\jibri\.antigravity\extensions\redhat.java-1.54.0-win32-x64\jre\21.0.10-win32-x86_64\bin;C:\WINDOWS\SYSTEM32;C:\WINDOWS\WinSxS\amd64_microsoft.windows.common-controls_6595b64144ccf1df_6.0.26100.8115_none_3e075c82e3354f9c;c:\Users\jibri\.antigravity\extensions\redhat.java-1.54.0-win32-x64\jre\21.0.10-win32-x86_64\bin\server;C:\Users\jibri\AppData\Roaming\Antigravity\User\globalStorage\redhat.java\1.54.0\config_win\org.eclipse.equinox.launcher\org.eclipse.equinox.launcher.win32.win32.x86_64_1.3.0.v20260203-2149;C:\Users\jibri\AppData\Local\Temp\jna-101119098;C:\Users\jibri\.gradle\native\1def1411415f61bf3af743bc5b6707747c0891f09f0c88961ee8f79bc544acac\windows-amd64;C:\Users\jibri\.gradle\native\c067742578af261105cb4f569cf0c3c89f3d7b1fecec35dd04571415982c5e48\windows-amd64

VM Arguments:
jvm_args: --add-modules=ALL-SYSTEM --add-opens=java.base/java.util=ALL-UNNAMED --add-opens=java.base/java.lang=ALL-UNNAMED --add-opens=java.base/sun.nio.fs=ALL-UNNAMED -Declipse.application=org.eclipse.jdt.ls.core.id1 -Dosgi.bundles.defaultStartLevel=4 -Declipse.product=org.eclipse.jdt.ls.core.product -Djava.import.generatesMetadataFilesAtProjectRoot=false -DDetectVMInstallationsJob.disabled=true -Dfile.encoding=utf8 -XX:+UseParallelGC -XX:GCTimeRatio=4 -XX:AdaptiveSizePolicyWeight=90 -Dsun.zip.disableMemoryMapping=true -Xmx2G -Xms100m -Xlog:disable -javaagent:c:\Users\jibri\.antigravity\extensions\redhat.java-1.54.0-win32-x64\lombok\lombok-1.18.39-4050.jar -XX:+HeapDumpOnOutOfMemoryError -XX:HeapDumpPath=c:\Users\jibri\AppData\Roaming\Antigravity\User\workspaceStorage\500bf14339cd163802a1632d40eb871e\redhat.java -Daether.dependencyCollector.impl=bf 
java_command: c:\Users\jibri\.antigravity\extensions\redhat.java-1.54.0-win32-x64\server\plugins\org.eclipse.equinox.launcher_1.7.100.v20251111-0406.jar -configuration c:\Users\jibri\AppData\Roaming\Antigravity\User\globalStorage\redhat.java\1.54.0\config_win -data c:\Users\jibri\AppData\Roaming\Antigravity\User\workspaceStorage\500bf14339cd163802a1632d40eb871e\redhat.java\jdt_ws --pipe=\\.\pipe\lsp-50f78f3cd959bc6d437c00cd32b9d8c4-sock
java_class_path (initial): c:\Users\jibri\.antigravity\extensions\redhat.java-1.54.0-win32-x64\server\plugins\org.eclipse.equinox.launcher_1.7.100.v20251111-0406.jar
Launcher Type: SUN_STANDARD

[Global flags]
    uintx AdaptiveSizePolicyWeight                 = 90                                        {product} {command line}
     intx CICompilerCount                          = 12                                        {product} {ergonomic}
    uintx GCTimeRatio                              = 4                                         {product} {command line}
     bool HeapDumpOnOutOfMemoryError               = true                                   {manageable} {command line}
    ccstr HeapDumpPath                             = c:\Users\jibri\AppData\Roaming\Antigravity\User\workspaceStorage\500bf14339cd163802a1632d40eb871e\redhat.java         {manageable} {command line}
   size_t InitialHeapSize                          = 104857600                                 {product} {command line}
   size_t MaxHeapSize                              = 2147483648                                {product} {command line}
   size_t MaxNewSize                               = 715653120                                 {product} {ergonomic}
   size_t MinHeapDeltaBytes                        = 524288                                    {product} {ergonomic}
   size_t MinHeapSize                              = 104857600                                 {product} {command line}
   size_t NewSize                                  = 34603008                                  {product} {ergonomic}
    uintx NonNMethodCodeHeapSize                   = 7602480                                {pd product} {ergonomic}
    uintx NonProfiledCodeHeapSize                  = 122027880                              {pd product} {ergonomic}
   size_t OldSize                                  = 70254592                                  {product} {ergonomic}
    uintx ProfiledCodeHeapSize                     = 122027880                              {pd product} {ergonomic}
    uintx ReservedCodeCacheSize                    = 251658240                              {pd product} {ergonomic}
     bool SegmentedCodeCache                       = true                                      {product} {ergonomic}
   size_t SoftMaxHeapSize                          = 2147483648                             {manageable} {ergonomic}
     bool UseCompressedOops                        = true                           {product lp64_product} {ergonomic}
     bool UseLargePagesIndividualAllocation        = false                                  {pd product} {ergonomic}
     bool UseParallelGC                            = true                                      {product} {command line}

Logging:
Log output configuration:
 #0: stdout all=off uptime,level,tags foldmultilines=false
 #1: stderr all=off uptime,level,tags foldmultilines=false

Release file:
JAVA_VERSION="21.0.10" 
MODULES="java.base java.compiler java.datatransfer java.xml java.prefs java.desktop java.instrument java.logging java.management java.security.sasl java.naming java.rmi java.management.rmi java.net.http java.scripting java.security.jgss java.transaction.xa java.sql java.sql.rowset java.xml.crypto java.se java.smartcardio jdk.accessibility jdk.internal.jvmstat jdk.attach jdk.charsets jdk.internal.opt jdk.zipfs jdk.compiler jdk.crypto.ec jdk.crypto.cryptoki jdk.crypto.mscapi jdk.dynalink jdk.internal.ed jdk.editpad jdk.hotspot.agent jdk.httpserver jdk.internal.le jdk.internal.vm.ci jdk.internal.vm.compiler jdk.internal.vm.compiler.management jdk.jartool jdk.javadoc jdk.jcmd jdk.management jdk.management.agent jdk.jconsole jdk.jdeps jdk.jdwp.agent jdk.jdi jdk.jfr jdk.jshell jdk.jsobject jdk.jstatd jdk.localedata jdk.management.jfr jdk.naming.dns jdk.naming.rmi jdk.net jdk.nio.mapmode jdk.random jdk.sctp jdk.security.auth jdk.security.jgss jdk.unsupported jdk.unsupported.desktop jdk.xml.dom" 

Environment Variables:
JAVA_HOME=C:\Program Files\Java\jdk-17
PATH=C:\Program Files\Microsoft\jdk-17.0.16.8-hotspot\bin;C:\ProgramData\Oracle\Java\javapath;C:\Program Files\NVIDIA GPU Computing Toolkit\CUDA\v12.8\bin;C:\Program Files\NVIDIA GPU Computing Toolkit\CUDA\v12.8\libnvvp;C:\Program Files\Common Files\Oracle\Java\javapath;C:\PHP\phpoldversion\;C:\Windows\system32;C:\Windows;C:\Windows\System32\Wbem;C:\Windows\System32\WindowsPowerShell\v1.0\;C:\Windows\System32\OpenSSH\;C:\Program Files (x86)\NVIDIA Corporation\PhysX\Common;C:\Program Files\Microsoft SQL Server\150\Tools\Binn\;C:\Program Files\Microsoft SQL Server\Client SDK\ODBC\170\Tools\Binn\;C:\ProgramData\ComposerSetup\bin;C:\Users\jibri\.config\herd\bin\nvm;C:\Program Files\nodejs;C:\Program Files\Java\jdk-17\bin;C:\xampp\php;C:\WINDOWS\system32;C:\WINDOWS;C:\WINDOWS\System32\Wbem;C:\WINDOWS\System32\WindowsPowerShell\v1.0\;C:\WINDOWS\System32\OpenSSH\;C:\Program Files\nodejs\;C:\Program Files\Git\cmd;C:\Program Files\Git\bin;C:\Users\jibri\AppData\Local\Pub\Cache\bin;C:\Program Files\NVIDIA Corporation\NVIDIA app\NvDLISR;C:\Program Files\heroku\bin;C:\Program Files\NVIDIA Corporation\Nsight Compute 2025.1.1\;C:\ProgramData\chocolatey\bin;C:\Users\jibri\AppData\Local\Programs\Python\Python310\Scripts;C:\Program Files\dotnet\;C:\Program Files (x86)\Windows Kits\10\Windows Performance Toolkit\;C:\Users\jibri\AppData\Local\Android\Sdk\platform-tools;C:\Program Files\Docker\Docker\resources\bin;C:\Program Files\MySQL\MySQL Shell 8.0\bin\;C:\Users\jibri\AppData\Local\Programs\Python\Python310\Scripts\;C:\Users\jibri\AppData\Local\Programs\Python\Python310\;C:\Users\jibri\.config\herd\bin;C:\Users\jibri\AppData\Local\Microsoft\WindowsApps;C:\Users\jibri\AppData\Local\Programs\Microsoft VS Code\bin;C:\Users\jibri\AppData\Roaming\Composer\vendor\bin;C:\flutter\flutter\bin;C:\Users\jibri\AppData\Roaming\npm;C:\Program Files\Git;C:\Users\jibri\AppData\Local\Pub\Cache\bin;C:\Program Files\heroku\bin;C:\Users\jibri\.dotnet\tools;C:\AppServ\Apache24\bin;C:\AppServ\php7;C:\AppServ\MySQL\bin;C:\Users\jibri\AppData\Local\Android\Sdk\build-tools;C:\ProgramData\chocolatey\bin;C:\Program Files\nodejs\;C:\Users\jibri\AppData\Local\Programs\cursor\resources\app\bin;C:\Users\jibri\AppData\Local\Programs\Antigravity\bin
USERNAME=jibri
OS=Windows_NT
PROCESSOR_IDENTIFIER=Intel64 Family 6 Model 191 Stepping 2, GenuineIntel
TMP=C:\Users\jibri\AppData\Local\Temp
TEMP=C:\Users\jibri\AppData\Local\Temp




Periodic native trim disabled

---------------  S Y S T E M  ---------------

OS:
 Windows 11 , 64 bit Build 26100 (10.0.26100.8246)
OS uptime: 0 days 1:02 hours
Hyper-V role detected

CPU: total 20 (initial active 20) (10 cores per cpu, 2 threads per core) family 6 model 191 stepping 2 microcode 0x2c, cx8, cmov, fxsr, ht, mmx, 3dnowpref, sse, sse2, sse3, ssse3, sse4.1, sse4.2, popcnt, lzcnt, tsc, tscinvbit, avx, avx2, aes, erms, clmul, bmi1, bmi2, adx, sha, fma, vzeroupper, clflush, clflushopt, clwb, hv, serialize, rdtscp, rdpid, fsrm, f16c, cet_ibt, cet_ss
Processor Information for processor 0
  Max Mhz: 2500, Current Mhz: 2500, Mhz Limit: 2500
Processor Information for processor 1
  Max Mhz: 2500, Current Mhz: 2500, Mhz Limit: 2500
Processor Information for processor 2
  Max Mhz: 2500, Current Mhz: 2500, Mhz Limit: 2500
Processor Information for processor 3
  Max Mhz: 2500, Current Mhz: 2500, Mhz Limit: 2500
Processor Information for processor 4
  Max Mhz: 2500, Current Mhz: 2500, Mhz Limit: 2500
Processor Information for processor 5
  Max Mhz: 2500, Current Mhz: 2500, Mhz Limit: 2500
Processor Information for processor 6
  Max Mhz: 2500, Current Mhz: 2500, Mhz Limit: 2500
Processor Information for processor 7
  Max Mhz: 2500, Current Mhz: 2500, Mhz Limit: 2500
Processor Information for processor 8
  Max Mhz: 2500, Current Mhz: 2500, Mhz Limit: 2500
Processor Information for processor 9
  Max Mhz: 2500, Current Mhz: 2500, Mhz Limit: 2500
Processor Information for processor 10
  Max Mhz: 2500, Current Mhz: 2500, Mhz Limit: 2500
Processor Information for processor 11
  Max Mhz: 2500, Current Mhz: 2500, Mhz Limit: 2500
Processor Information for processor 12
  Max Mhz: 2500, Current Mhz: 1800, Mhz Limit: 1800
Processor Information for processor 13
  Max Mhz: 2500, Current Mhz: 1800, Mhz Limit: 1800
Processor Information for processor 14
  Max Mhz: 2500, Current Mhz: 1800, Mhz Limit: 1800
Processor Information for processor 15
  Max Mhz: 2500, Current Mhz: 1800, Mhz Limit: 1800
Processor Information for processor 16
  Max Mhz: 2500, Current Mhz: 1800, Mhz Limit: 1800
Processor Information for processor 17
  Max Mhz: 2500, Current Mhz: 1800, Mhz Limit: 1800
Processor Information for processor 18
  Max Mhz: 2500, Current Mhz: 1800, Mhz Limit: 1800
Processor Information for processor 19
  Max Mhz: 2500, Current Mhz: 1800, Mhz Limit: 1800

Memory: 4k page, system-wide physical 7911M (376M free)
TotalPageFile size 32487M (AvailPageFile size 2M)
current process WorkingSet (physical memory assigned to process): 150M, peak: 456M
current process commit charge ("private bytes"): 594M, peak: 594M

vm_info: OpenJDK 64-Bit Server VM (21.0.10+7-LTS) for windows-amd64 JRE (21.0.10+7-LTS), built on 2026-01-20T00:00:00Z by "admin" with MS VC++ 17.12 (VS2022)

END.
