#
# There is insufficient memory for the Java Runtime Environment to continue.
# Native memory allocation (malloc) failed to allocate 1061376 bytes. Error detail: Chunk::new
# Possible reasons:
#   The system is out of physical RAM or swap space
#   This process is running with CompressedOops enabled, and the Java Heap may be blocking the growth of the native heap
# Possible solutions:
#   Reduce memory load on the system
#   Increase physical memory or swap space
#   Check if swap backing store is full
#   Decrease Java heap size (-Xmx/-Xms)
#   Decrease number of Java threads
#   Decrease Java thread stack sizes (-Xss)
#   Set larger code cache with -XX:ReservedCodeCacheSize=
#   JVM is running with Unscaled Compressed Oops mode in which the Java heap is
#     placed in the first 4GB address space. The Java Heap base address is the
#     maximum limit for the native heap growth. Please use -XX:HeapBaseMinAddress
#     to set the Java Heap base and to place the Java Heap above 4GB virtual address.
# This output file may be truncated or incomplete.
#
#  Out of Memory Error (arena.cpp:168), pid=57196, tid=54520
#
# JRE version: OpenJDK Runtime Environment Temurin-21.0.10+7 (21.0.10+7) (build 21.0.10+7-LTS)
# Java VM: OpenJDK 64-Bit Server VM Temurin-21.0.10+7 (21.0.10+7-LTS, mixed mode, sharing, tiered, compressed oops, compressed class ptrs, g1 gc, windows-amd64)
# No core dump will be written. Minidumps are not enabled by default on client versions of Windows
#

---------------  S U M M A R Y ------------

Command Line: --add-opens=java.base/java.lang=ALL-UNNAMED --add-opens=java.base/java.lang.invoke=ALL-UNNAMED --add-opens=java.base/java.util=ALL-UNNAMED --add-opens=java.prefs/java.util.prefs=ALL-UNNAMED --add-exports=jdk.compiler/com.sun.tools.javac.api=ALL-UNNAMED --add-exports=jdk.compiler/com.sun.tools.javac.util=ALL-UNNAMED --add-opens=java.base/java.util=ALL-UNNAMED --add-opens=java.prefs/java.util.prefs=ALL-UNNAMED --add-opens=java.base/java.nio.charset=ALL-UNNAMED --add-opens=java.base/java.net=ALL-UNNAMED --add-opens=java.base/java.util.concurrent=ALL-UNNAMED --add-opens=java.base/java.util.concurrent.atomic=ALL-UNNAMED --add-opens=java.xml/javax.xml.namespace=ALL-UNNAMED -XX:MaxMetaspaceSize=512m -Xmx2048m -Dfile.encoding=UTF-8 -Duser.country=PH -Duser.language=en -Duser.variant -javaagent:C:\Users\jibri\.gradle\wrapper\dists\gradle-9.0.0-bin\d6wjpkvcgsg3oed0qlfss3wgl\gradle-9.0.0\lib\agents\gradle-instrumentation-agent-9.0.0.jar org.gradle.launcher.daemon.bootstrap.GradleDaemon 9.0.0

Host: 13th Gen Intel(R) Core(TM) i5-13500HX, 20 cores, 7G,  Windows 11 , 64 bit Build 26100 (10.0.26100.7920)
Time: Sun Apr  5 12:51:13 2026 Malay Peninsula Standard Time elapsed time: 14.334177 seconds (0d 0h 0m 14s)

---------------  T H R E A D  ---------------

Current thread (0x00000208a10103c0):  JavaThread "C2 CompilerThread0" daemon [_thread_in_native, id=54520, stack(0x000000a099c00000,0x000000a099d00000) (1024K)]


Current CompileTask:
C2:14334 8376 %     4       org.gradle.internal.instantiation.generator.AbstractClassGenerator::inspectType @ 249 (602 bytes)

Stack: [0x000000a099c00000,0x000000a099d00000]
Native frames: (J=compiled Java code, j=interpreted, Vv=VM code, C=native code)
V  [jvm.dll+0x6d7a39]
V  [jvm.dll+0x8b4b26]
V  [jvm.dll+0x8b70de]
V  [jvm.dll+0x8b77c3]
V  [jvm.dll+0x284346]
V  [jvm.dll+0xc66ed]
V  [jvm.dll+0xc6c31]
V  [jvm.dll+0x2fb29e]
V  [jvm.dll+0x5fe884]
V  [jvm.dll+0x255b17]
V  [jvm.dll+0x24df54]
V  [jvm.dll+0x24ba42]
V  [jvm.dll+0x1cb34e]
V  [jvm.dll+0x25b85d]
V  [jvm.dll+0x259dea]
V  [jvm.dll+0x3f857e]
V  [jvm.dll+0x85f59d]
V  [jvm.dll+0x6d626d]
C  [ucrtbase.dll+0x37b0]
C  [KERNEL32.DLL+0x2e8d7]
C  [ntdll.dll+0x8c48c]


---------------  P R O C E S S  ---------------

Threads class SMR info:
_java_thread_list=0x00000208a5849260, length=101, elements={
0x00000208e97d7cc0, 0x00000208ff189410, 0x00000208ff18be80, 0x00000208ff18ea20,
0x00000208ff18f5b0, 0x00000208ff1923b0, 0x00000208ff1931c0, 0x00000208a10103c0,
0x00000208ff1a5690, 0x00000208a10b7b70, 0x00000208a10bc840, 0x00000208a1302b20,
0x00000208a12df7e0, 0x00000208a2a57050, 0x00000208a1d45150, 0x00000208a2b76fb0,
0x00000208a2ce20a0, 0x00000208a2ce2710, 0x00000208a2ce8f00, 0x00000208a2bc1810,
0x00000208a2bc3250, 0x00000208a2bc38e0, 0x00000208a2bc0460, 0x00000208a2bc0af0,
0x00000208a2bc1180, 0x00000208a2bc1ea0, 0x00000208a35d23c0, 0x00000208a35d16a0,
0x00000208a35d2a50, 0x00000208a35d4490, 0x00000208a35d51b0, 0x00000208a35d1d30,
0x00000208a35d5840, 0x00000208a35d5ed0, 0x00000208a35d6560, 0x00000208a35d30e0,
0x00000208a35d7280, 0x00000208a35d3e00, 0x00000208a35d7910, 0x00000208a35d8cc0,
0x00000208a35d7fa0, 0x00000208a35d8630, 0x00000208a62af300, 0x00000208a62b0020,
0x00000208a62af990, 0x00000208a62b06b0, 0x00000208a62b0d40, 0x00000208a62b13d0,
0x00000208a62ae5e0, 0x00000208a62adf50, 0x00000208a62b4850, 0x00000208a62b4ee0,
0x00000208a62b2780, 0x00000208a62b20f0, 0x00000208a62b2e10, 0x00000208a62b1a60,
0x00000208a62b34a0, 0x00000208a62b3b30, 0x00000208a62b41c0, 0x00000208a62b5570,
0x00000208a4755050, 0x00000208a4753ca0, 0x00000208a47549c0, 0x00000208a4754330,
0x00000208a4752260, 0x00000208a4751bd0, 0x00000208a47556e0, 0x00000208a4755d70,
0x00000208a47528f0, 0x00000208a4756400, 0x00000208a4753610, 0x00000208a4752f80,
0x00000208a47584d0, 0x00000208a4757120, 0x00000208a47591f0, 0x00000208a47577b0,
0x00000208a4756a90, 0x00000208a4757e40, 0x00000208a4758b60, 0x00000208a606efb0,
0x00000208a606dc00, 0x00000208a6071080, 0x00000208a60709f0, 0x00000208a6071710,
0x00000208a606e290, 0x00000208a606fcd0, 0x00000208a6070360, 0x00000208a606f640,
0x00000208a6071da0, 0x00000208a606e920, 0x00000208a6073150, 0x00000208a6073e70,
0x00000208a6074500, 0x00000208a6072ac0, 0x00000208a60737e0, 0x00000208a6072430,
0x00000208a6074b90, 0x00000208a6075220, 0x00000208a657eca0, 0x00000208a6581a90,
0x00000208a65827b0
}

Java Threads: ( => current thread )
  0x00000208e97d7cc0 JavaThread "main"                              [_thread_blocked, id=15332, stack(0x000000a098e00000,0x000000a098f00000) (1024K)]
  0x00000208ff189410 JavaThread "Reference Handler"          daemon [_thread_blocked, id=56240, stack(0x000000a099600000,0x000000a099700000) (1024K)]
  0x00000208ff18be80 JavaThread "Finalizer"                  daemon [_thread_blocked, id=56592, stack(0x000000a099700000,0x000000a099800000) (1024K)]
  0x00000208ff18ea20 JavaThread "Signal Dispatcher"          daemon [_thread_blocked, id=55924, stack(0x000000a099800000,0x000000a099900000) (1024K)]
  0x00000208ff18f5b0 JavaThread "Attach Listener"            daemon [_thread_blocked, id=10088, stack(0x000000a099900000,0x000000a099a00000) (1024K)]
  0x00000208ff1923b0 JavaThread "Service Thread"             daemon [_thread_blocked, id=51084, stack(0x000000a099a00000,0x000000a099b00000) (1024K)]
  0x00000208ff1931c0 JavaThread "Monitor Deflation Thread"   daemon [_thread_blocked, id=37364, stack(0x000000a099b00000,0x000000a099c00000) (1024K)]
=>0x00000208a10103c0 JavaThread "C2 CompilerThread0"         daemon [_thread_in_native, id=54520, stack(0x000000a099c00000,0x000000a099d00000) (1024K)]
  0x00000208ff1a5690 JavaThread "C1 CompilerThread0"         daemon [_thread_blocked, id=55244, stack(0x000000a099d00000,0x000000a099e00000) (1024K)]
  0x00000208a10b7b70 JavaThread "C1 CompilerThread1"         daemon [_thread_blocked, id=57328, stack(0x000000a099e00000,0x000000a099f00000) (1024K)]
  0x00000208a10bc840 JavaThread "C1 CompilerThread2"         daemon [_thread_blocked, id=23248, stack(0x000000a099f00000,0x000000a09a000000) (1024K)]
  0x00000208a1302b20 JavaThread "Common-Cleaner"             daemon [_thread_blocked, id=45100, stack(0x000000a09a000000,0x000000a09a100000) (1024K)]
  0x00000208a12df7e0 JavaThread "Notification Thread"        daemon [_thread_blocked, id=54676, stack(0x000000a09a100000,0x000000a09a200000) (1024K)]
  0x00000208a2a57050 JavaThread "Daemon health stats"               [_thread_blocked, id=56312, stack(0x000000a09a800000,0x000000a09a900000) (1024K)]
  0x00000208a1d45150 JavaThread "Incoming local TCP Connector on port 51152"        [_thread_in_native, id=55772, stack(0x000000a09a900000,0x000000a09aa00000) (1024K)]
  0x00000208a2b76fb0 JavaThread "Daemon periodic checks"            [_thread_blocked, id=40560, stack(0x000000a09aa00000,0x000000a09ab00000) (1024K)]
  0x00000208a2ce20a0 JavaThread "Daemon"                            [_thread_blocked, id=55920, stack(0x000000a09ab00000,0x000000a09ac00000) (1024K)]
  0x00000208a2ce2710 JavaThread "Handler for socket connection from /127.0.0.1:51152 to /127.0.0.1:51153"        [_thread_in_native, id=20876, stack(0x000000a09ac00000,0x000000a09ad00000) (1024K)]
  0x00000208a2ce8f00 JavaThread "Cancel handler"                    [_thread_blocked, id=36756, stack(0x000000a09ad00000,0x000000a09ae00000) (1024K)]
  0x00000208a2bc1810 JavaThread "Daemon worker"                     [_thread_in_Java, id=53340, stack(0x000000a09ae00000,0x000000a09af00000) (1024K)]
  0x00000208a2bc3250 JavaThread "Asynchronous log dispatcher for DefaultDaemonConnection: socket connection from /127.0.0.1:51152 to /127.0.0.1:51153"        [_thread_blocked, id=53360, stack(0x000000a09af00000,0x000000a09b000000) (1024K)]
  0x00000208a2bc38e0 JavaThread "Stdin handler"                     [_thread_blocked, id=39500, stack(0x000000a09b000000,0x000000a09b100000) (1024K)]
  0x00000208a2bc0460 JavaThread "Daemon client event forwarder"        [_thread_blocked, id=56620, stack(0x000000a09b100000,0x000000a09b200000) (1024K)]
  0x00000208a2bc0af0 JavaThread "Cache worker for journal cache (C:\Users\jibri\.gradle\caches\journal-1)"        [_thread_blocked, id=25240, stack(0x000000a09b200000,0x000000a09b300000) (1024K)]
  0x00000208a2bc1180 JavaThread "File lock request listener"        [_thread_in_native, id=56632, stack(0x000000a09b300000,0x000000a09b400000) (1024K)]
  0x00000208a2bc1ea0 JavaThread "Cache worker for file hash cache (C:\Users\jibri\.gradle\caches\9.0.0\fileHashes)"        [_thread_blocked, id=53004, stack(0x000000a09b400000,0x000000a09b500000) (1024K)]
  0x00000208a35d23c0 JavaThread "Cache worker for file hash cache (C:\rubi_web\CISC_Capstone\MiscueReading\android\.gradle\9.0.0\fileHashes)"        [_thread_blocked, id=40356, stack(0x000000a09c000000,0x000000a09c100000) (1024K)]
  0x00000208a35d16a0 JavaThread "Cache worker for Build Output Cleanup Cache (C:\rubi_web\CISC_Capstone\MiscueReading\android\.gradle\buildOutputCleanup)"        [_thread_blocked, id=28208, stack(0x000000a09c100000,0x000000a09c200000) (1024K)]
  0x00000208a35d2a50 JavaThread "File watcher server"        daemon [_thread_in_native, id=47788, stack(0x000000a09c200000,0x000000a09c300000) (1024K)]
  0x00000208a35d4490 JavaThread "File watcher consumer"      daemon [_thread_blocked, id=10752, stack(0x000000a09c300000,0x000000a09c400000) (1024K)]
  0x00000208a35d51b0 JavaThread "Cache worker for checksums cache (C:\rubi_web\CISC_Capstone\MiscueReading\android\.gradle\9.0.0\checksums)"        [_thread_blocked, id=57064, stack(0x000000a09c400000,0x000000a09c500000) (1024K)]
  0x00000208a35d1d30 JavaThread "Cache worker for file content cache (C:\Users\jibri\.gradle\caches\9.0.0\fileContent)"        [_thread_blocked, id=48576, stack(0x000000a09c500000,0x000000a09c600000) (1024K)]
  0x00000208a35d5840 JavaThread "Cache worker for cache directory md-supplier (C:\Users\jibri\.gradle\caches\9.0.0\md-supplier)"        [_thread_blocked, id=26264, stack(0x000000a09c600000,0x000000a09c700000) (1024K)]
  0x00000208a35d5ed0 JavaThread "Cache worker for cache directory md-rule (C:\Users\jibri\.gradle\caches\9.0.0\md-rule)"        [_thread_blocked, id=57332, stack(0x000000a09c700000,0x000000a09c800000) (1024K)]
  0x00000208a35d6560 JavaThread "jar transforms"                    [_thread_blocked, id=55484, stack(0x000000a09c800000,0x000000a09c900000) (1024K)]
  0x00000208a35d30e0 JavaThread "Cache worker for Build Output Cleanup Cache (C:\rubi_web\CISC_Capstone\MiscueReading\node_modules\@react-native\gradle-plugin\.gradle\buildOutputCleanup)"        [_thread_blocked, id=55948, stack(0x000000a09c900000,0x000000a09ca00000) (1024K)]
  0x00000208a35d7280 JavaThread "Unconstrained build operations"        [_thread_blocked, id=55448, stack(0x000000a09ca00000,0x000000a09cb00000) (1024K)]
  0x00000208a35d3e00 JavaThread "Unconstrained build operations Thread 2"        [_thread_blocked, id=20024, stack(0x000000a09cb00000,0x000000a09cc00000) (1024K)]
  0x00000208a35d7910 JavaThread "Unconstrained build operations Thread 3"        [_thread_blocked, id=55452, stack(0x000000a09cc00000,0x000000a09cd00000) (1024K)]
  0x00000208a35d8cc0 JavaThread "Unconstrained build operations Thread 4"        [_thread_blocked, id=56484, stack(0x000000a09cd00000,0x000000a09ce00000) (1024K)]
  0x00000208a35d7fa0 JavaThread "Unconstrained build operations Thread 5"        [_thread_blocked, id=35956, stack(0x000000a09ce00000,0x000000a09cf00000) (1024K)]
  0x00000208a35d8630 JavaThread "Unconstrained build operations Thread 6"        [_thread_blocked, id=53432, stack(0x000000a09cf00000,0x000000a09d000000) (1024K)]
  0x00000208a62af300 JavaThread "Unconstrained build operations Thread 7"        [_thread_blocked, id=9340, stack(0x000000a09d000000,0x000000a09d100000) (1024K)]
  0x00000208a62b0020 JavaThread "Unconstrained build operations Thread 8"        [_thread_blocked, id=40004, stack(0x000000a09d100000,0x000000a09d200000) (1024K)]
  0x00000208a62af990 JavaThread "Unconstrained build operations Thread 9"        [_thread_blocked, id=3648, stack(0x000000a09d200000,0x000000a09d300000) (1024K)]
  0x00000208a62b06b0 JavaThread "Unconstrained build operations Thread 10"        [_thread_blocked, id=56204, stack(0x000000a09d300000,0x000000a09d400000) (1024K)]
  0x00000208a62b0d40 JavaThread "Unconstrained build operations Thread 11"        [_thread_blocked, id=55968, stack(0x000000a09d400000,0x000000a09d500000) (1024K)]
  0x00000208a62b13d0 JavaThread "Unconstrained build operations Thread 12"        [_thread_blocked, id=48316, stack(0x000000a09d500000,0x000000a09d600000) (1024K)]
  0x00000208a62ae5e0 JavaThread "Unconstrained build operations Thread 13"        [_thread_blocked, id=15192, stack(0x000000a09d600000,0x000000a09d700000) (1024K)]
  0x00000208a62adf50 JavaThread "Unconstrained build operations Thread 14"        [_thread_blocked, id=55932, stack(0x000000a09d700000,0x000000a09d800000) (1024K)]
  0x00000208a62b4850 JavaThread "Unconstrained build operations Thread 15"        [_thread_blocked, id=55652, stack(0x000000a09d800000,0x000000a09d900000) (1024K)]
  0x00000208a62b4ee0 JavaThread "Unconstrained build operations Thread 16"        [_thread_blocked, id=44900, stack(0x000000a09d900000,0x000000a09da00000) (1024K)]
  0x00000208a62b2780 JavaThread "Unconstrained build operations Thread 17"        [_thread_blocked, id=39008, stack(0x000000a09da00000,0x000000a09db00000) (1024K)]
  0x00000208a62b20f0 JavaThread "Unconstrained build operations Thread 18"        [_thread_blocked, id=52812, stack(0x000000a09db00000,0x000000a09dc00000) (1024K)]
  0x00000208a62b2e10 JavaThread "Unconstrained build operations Thread 19"        [_thread_blocked, id=49616, stack(0x000000a09dc00000,0x000000a09dd00000) (1024K)]
  0x00000208a62b1a60 JavaThread "Unconstrained build operations Thread 20"        [_thread_blocked, id=54080, stack(0x000000a09dd00000,0x000000a09de00000) (1024K)]
  0x00000208a62b34a0 JavaThread "Unconstrained build operations Thread 21"        [_thread_blocked, id=52232, stack(0x000000a09de00000,0x000000a09df00000) (1024K)]
  0x00000208a62b3b30 JavaThread "Unconstrained build operations Thread 22"        [_thread_blocked, id=38064, stack(0x000000a09df00000,0x000000a09e000000) (1024K)]
  0x00000208a62b41c0 JavaThread "Unconstrained build operations Thread 23"        [_thread_blocked, id=31016, stack(0x000000a09e000000,0x000000a09e100000) (1024K)]
  0x00000208a62b5570 JavaThread "Unconstrained build operations Thread 24"        [_thread_blocked, id=53280, stack(0x000000a09e100000,0x000000a09e200000) (1024K)]
  0x00000208a4755050 JavaThread "Unconstrained build operations Thread 25"        [_thread_blocked, id=54288, stack(0x000000a09e200000,0x000000a09e300000) (1024K)]
  0x00000208a4753ca0 JavaThread "Unconstrained build operations Thread 26"        [_thread_blocked, id=34904, stack(0x000000a09e300000,0x000000a09e400000) (1024K)]
  0x00000208a47549c0 JavaThread "Unconstrained build operations Thread 27"        [_thread_blocked, id=44184, stack(0x000000a09e400000,0x000000a09e500000) (1024K)]
  0x00000208a4754330 JavaThread "Unconstrained build operations Thread 28"        [_thread_blocked, id=38208, stack(0x000000a09e500000,0x000000a09e600000) (1024K)]
  0x00000208a4752260 JavaThread "Unconstrained build operations Thread 29"        [_thread_blocked, id=44772, stack(0x000000a09e600000,0x000000a09e700000) (1024K)]
  0x00000208a4751bd0 JavaThread "Unconstrained build operations Thread 30"        [_thread_blocked, id=52540, stack(0x000000a09e700000,0x000000a09e800000) (1024K)]
  0x00000208a47556e0 JavaThread "Unconstrained build operations Thread 31"        [_thread_blocked, id=46528, stack(0x000000a09e800000,0x000000a09e900000) (1024K)]
  0x00000208a4755d70 JavaThread "Unconstrained build operations Thread 32"        [_thread_blocked, id=34432, stack(0x000000a09e900000,0x000000a09ea00000) (1024K)]
  0x00000208a47528f0 JavaThread "Unconstrained build operations Thread 33"        [_thread_blocked, id=54344, stack(0x000000a09ea00000,0x000000a09eb00000) (1024K)]
  0x00000208a4756400 JavaThread "Unconstrained build operations Thread 34"        [_thread_blocked, id=56708, stack(0x000000a09eb00000,0x000000a09ec00000) (1024K)]
  0x00000208a4753610 JavaThread "Unconstrained build operations Thread 35"        [_thread_blocked, id=54260, stack(0x000000a09ec00000,0x000000a09ed00000) (1024K)]
  0x00000208a4752f80 JavaThread "Unconstrained build operations Thread 36"        [_thread_blocked, id=56228, stack(0x000000a09ed00000,0x000000a09ee00000) (1024K)]
  0x00000208a47584d0 JavaThread "Unconstrained build operations Thread 37"        [_thread_blocked, id=53572, stack(0x000000a09ee00000,0x000000a09ef00000) (1024K)]
  0x00000208a4757120 JavaThread "Unconstrained build operations Thread 38"        [_thread_blocked, id=33552, stack(0x000000a09ef00000,0x000000a09f000000) (1024K)]
  0x00000208a47591f0 JavaThread "Unconstrained build operations Thread 39"        [_thread_blocked, id=2548, stack(0x000000a09f000000,0x000000a09f100000) (1024K)]
  0x00000208a47577b0 JavaThread "Unconstrained build operations Thread 40"        [_thread_blocked, id=52884, stack(0x000000a09f100000,0x000000a09f200000) (1024K)]
  0x00000208a4756a90 JavaThread "Unconstrained build operations Thread 41"        [_thread_blocked, id=56224, stack(0x000000a09f200000,0x000000a09f300000) (1024K)]
  0x00000208a4757e40 JavaThread "Unconstrained build operations Thread 42"        [_thread_blocked, id=24232, stack(0x000000a09f300000,0x000000a09f400000) (1024K)]
  0x00000208a4758b60 JavaThread "Unconstrained build operations Thread 43"        [_thread_blocked, id=55044, stack(0x000000a09f400000,0x000000a09f500000) (1024K)]
  0x00000208a606efb0 JavaThread "Unconstrained build operations Thread 44"        [_thread_blocked, id=55796, stack(0x000000a09f500000,0x000000a09f600000) (1024K)]
  0x00000208a606dc00 JavaThread "Unconstrained build operations Thread 45"        [_thread_blocked, id=48928, stack(0x000000a09f600000,0x000000a09f700000) (1024K)]
  0x00000208a6071080 JavaThread "Unconstrained build operations Thread 46"        [_thread_blocked, id=28724, stack(0x000000a09f700000,0x000000a09f800000) (1024K)]
  0x00000208a60709f0 JavaThread "Unconstrained build operations Thread 47"        [_thread_blocked, id=55228, stack(0x000000a09f800000,0x000000a09f900000) (1024K)]
  0x00000208a6071710 JavaThread "Unconstrained build operations Thread 48"        [_thread_blocked, id=42544, stack(0x000000a09f900000,0x000000a09fa00000) (1024K)]
  0x00000208a606e290 JavaThread "Unconstrained build operations Thread 49"        [_thread_blocked, id=56568, stack(0x000000a09fa00000,0x000000a09fb00000) (1024K)]
  0x00000208a606fcd0 JavaThread "Unconstrained build operations Thread 50"        [_thread_blocked, id=57288, stack(0x000000a09fb00000,0x000000a09fc00000) (1024K)]
  0x00000208a6070360 JavaThread "Unconstrained build operations Thread 51"        [_thread_blocked, id=53368, stack(0x000000a09fc00000,0x000000a09fd00000) (1024K)]
  0x00000208a606f640 JavaThread "Unconstrained build operations Thread 52"        [_thread_blocked, id=20016, stack(0x000000a09fd00000,0x000000a09fe00000) (1024K)]
  0x00000208a6071da0 JavaThread "Unconstrained build operations Thread 53"        [_thread_blocked, id=55700, stack(0x000000a09fe00000,0x000000a09ff00000) (1024K)]
  0x00000208a606e920 JavaThread "Unconstrained build operations Thread 54"        [_thread_blocked, id=55696, stack(0x000000a09ff00000,0x000000a0a0000000) (1024K)]
  0x00000208a6073150 JavaThread "Unconstrained build operations Thread 55"        [_thread_blocked, id=51652, stack(0x000000a0a0000000,0x000000a0a0100000) (1024K)]
  0x00000208a6073e70 JavaThread "Unconstrained build operations Thread 56"        [_thread_blocked, id=32964, stack(0x000000a0a0100000,0x000000a0a0200000) (1024K)]
  0x00000208a6074500 JavaThread "Unconstrained build operations Thread 57"        [_thread_blocked, id=11180, stack(0x000000a0a0200000,0x000000a0a0300000) (1024K)]
  0x00000208a6072ac0 JavaThread "Unconstrained build operations Thread 58"        [_thread_blocked, id=55692, stack(0x000000a0a0300000,0x000000a0a0400000) (1024K)]
  0x00000208a60737e0 JavaThread "Unconstrained build operations Thread 59"        [_thread_blocked, id=54192, stack(0x000000a0a0400000,0x000000a0a0500000) (1024K)]
  0x00000208a6072430 JavaThread "Unconstrained build operations Thread 60"        [_thread_blocked, id=12060, stack(0x000000a0a0500000,0x000000a0a0600000) (1024K)]
  0x00000208a6074b90 JavaThread "Unconstrained build operations Thread 61"        [_thread_blocked, id=55688, stack(0x000000a0a0600000,0x000000a0a0700000) (1024K)]
  0x00000208a6075220 JavaThread "Unconstrained build operations Thread 62"        [_thread_blocked, id=31712, stack(0x000000a0a0700000,0x000000a0a0800000) (1024K)]
  0x00000208a657eca0 JavaThread "Unconstrained build operations Thread 63"        [_thread_blocked, id=3632, stack(0x000000a0a0800000,0x000000a0a0900000) (1024K)]
  0x00000208a6581a90 JavaThread "build event listener"              [_thread_blocked, id=44664, stack(0x000000a0a0900000,0x000000a0a0a00000) (1024K)]
  0x00000208a65827b0 JavaThread "Memory manager"                    [_thread_blocked, id=20928, stack(0x000000a0a0a00000,0x000000a0a0b00000) (1024K)]
Total: 101

Other Threads:
  0x00000208ff16b710 VMThread "VM Thread"                           [id=34688, stack(0x000000a099500000,0x000000a099600000) (1024K)]
  0x00000208ff15d060 WatcherThread "VM Periodic Task Thread"        [id=4260, stack(0x000000a099400000,0x000000a099500000) (1024K)]
  0x00000208e9832c30 WorkerThread "GC Thread#0"                     [id=56148, stack(0x000000a098f00000,0x000000a099000000) (1024K)]
  0x00000208a158e9d0 WorkerThread "GC Thread#1"                     [id=30496, stack(0x000000a09a200000,0x000000a09a300000) (1024K)]
  0x00000208a13ec680 WorkerThread "GC Thread#2"                     [id=47232, stack(0x000000a09a300000,0x000000a09a400000) (1024K)]
  0x00000208a1c533b0 WorkerThread "GC Thread#3"                     [id=57284, stack(0x000000a09a400000,0x000000a09a500000) (1024K)]
  0x00000208a1dea390 WorkerThread "GC Thread#4"                     [id=36000, stack(0x000000a09a500000,0x000000a09a600000) (1024K)]
  0x00000208a1d20030 WorkerThread "GC Thread#5"                     [id=43080, stack(0x000000a09a600000,0x000000a09a700000) (1024K)]
  0x00000208a1d203e0 WorkerThread "GC Thread#6"                     [id=1628, stack(0x000000a09a700000,0x000000a09a800000) (1024K)]
  0x00000208a4b58180 WorkerThread "GC Thread#7"                     [id=56944, stack(0x000000a09b500000,0x000000a09b600000) (1024K)]
  0x00000208a4b57a20 WorkerThread "GC Thread#8"                     [id=56780, stack(0x000000a09b600000,0x000000a09b700000) (1024K)]
  0x00000208a4b58c90 WorkerThread "GC Thread#9"                     [id=56476, stack(0x000000a09b700000,0x000000a09b800000) (1024K)]
  0x00000208a4b58530 WorkerThread "GC Thread#10"                    [id=53300, stack(0x000000a09b800000,0x000000a09b900000) (1024K)]
  0x00000208a4b588e0 WorkerThread "GC Thread#11"                    [id=53128, stack(0x000000a09b900000,0x000000a09ba00000) (1024K)]
  0x00000208a4b572c0 WorkerThread "GC Thread#12"                    [id=2408, stack(0x000000a09ba00000,0x000000a09bb00000) (1024K)]
  0x00000208a37176d0 WorkerThread "GC Thread#13"                    [id=56556, stack(0x000000a09bb00000,0x000000a09bc00000) (1024K)]
  0x00000208a3718940 WorkerThread "GC Thread#14"                    [id=33760, stack(0x000000a09bc00000,0x000000a09bd00000) (1024K)]
  0x00000208e9883010 ConcurrentGCThread "G1 Main Marker"            [id=15276, stack(0x000000a099000000,0x000000a099100000) (1024K)]
  0x00000208e98841d0 WorkerThread "G1 Conc#0"                       [id=56084, stack(0x000000a099100000,0x000000a099200000) (1024K)]
  0x00000208a37190a0 WorkerThread "G1 Conc#1"                       [id=55520, stack(0x000000a09bd00000,0x000000a09be00000) (1024K)]
  0x00000208a3717a80 WorkerThread "G1 Conc#2"                       [id=53552, stack(0x000000a09be00000,0x000000a09bf00000) (1024K)]
  0x00000208a371a310 WorkerThread "G1 Conc#3"                       [id=2924, stack(0x000000a09bf00000,0x000000a09c000000) (1024K)]
  0x00000208ff030fd0 ConcurrentGCThread "G1 Refine#0"               [id=29032, stack(0x000000a099200000,0x000000a099300000) (1024K)]
  0x00000208ff032910 ConcurrentGCThread "G1 Service"                [id=54616, stack(0x000000a099300000,0x000000a099400000) (1024K)]
Total: 24

Threads with active compile tasks:
C2 CompilerThread0  14418 8376 %     4       org.gradle.internal.instantiation.generator.AbstractClassGenerator::inspectType @ 249 (602 bytes)
Total: 1

VM state: not at safepoint (normal execution)

VM Mutex/Monitor currently owned by a thread: None

Heap address: 0x0000000080000000, size: 2048 MB, Compressed Oops mode: 32-bit

CDS archive(s) mapped at: [0x0000020882000000-0x0000020882ba0000-0x0000020882ba0000), size 12189696, SharedBaseAddress: 0x0000020882000000, ArchiveRelocationMode: 1.
Compressed class space mapped at: 0x0000020883000000-0x000002089d000000, reserved size: 436207616
Narrow klass base: 0x0000020882000000, Narrow klass shift: 0, Narrow klass range: 0x100000000

GC Precious Log:
 CardTable entry size: 512
 Card Set container configuration: InlinePtr #cards 5 size 8 Array Of Cards #cards 12 size 40 Howl #buckets 4 coarsen threshold 1843 Howl Bitmap #cards 512 size 80 coarsen threshold 460 Card regions per heap region 1 cards per card region 2048
 CPUs: 20 total, 20 available
 Memory: 7911M
 Large Page Support: Disabled
 NUMA Support: Disabled
 Compressed Oops: Enabled (32-bit)
 Heap Region Size: 1M
 Heap Min Capacity: 8M
 Heap Initial Capacity: 124M
 Heap Max Capacity: 2G
 Pre-touch: Disabled
 Parallel Workers: 15
 Concurrent Workers: 4
 Concurrent Refinement Workers: 15
 Periodic GC: Disabled

Heap:
 garbage-first heap   total 121856K, used 100175K [0x0000000080000000, 0x0000000100000000)
  region size 1024K, 44 young (45056K), 4 survivors (4096K)
 Metaspace       used 67740K, committed 69952K, reserved 491520K
  class space    used 10008K, committed 11072K, reserved 425984K

Heap Regions: E=young(eden), S=young(survivor), O=old, HS=humongous(starts), HC=humongous(continues), CS=collection set, F=free, TAMS=top-at-mark-start, PB=parsable bottom
|   0|0x0000000080000000, 0x0000000080100000, 0x0000000080100000|100%|HS|  |TAMS 0x0000000080000000| PB 0x0000000080000000| Complete 
|   1|0x0000000080100000, 0x0000000080200000, 0x0000000080200000|100%|HC|  |TAMS 0x0000000080100000| PB 0x0000000080100000| Complete 
|   2|0x0000000080200000, 0x0000000080300000, 0x0000000080300000|100%|HC|  |TAMS 0x0000000080200000| PB 0x0000000080200000| Complete 
|   3|0x0000000080300000, 0x0000000080400000, 0x0000000080400000|100%| O|  |TAMS 0x0000000080300000| PB 0x0000000080300000| Untracked 
|   4|0x0000000080400000, 0x0000000080500000, 0x0000000080500000|100%| O|  |TAMS 0x0000000080400000| PB 0x0000000080400000| Untracked 
|   5|0x0000000080500000, 0x0000000080600000, 0x0000000080600000|100%| O|  |TAMS 0x0000000080500000| PB 0x0000000080500000| Untracked 
|   6|0x0000000080600000, 0x0000000080700000, 0x0000000080700000|100%|HS|  |TAMS 0x0000000080600000| PB 0x0000000080600000| Complete 
|   7|0x0000000080700000, 0x0000000080800000, 0x0000000080800000|100%| O|  |TAMS 0x0000000080700000| PB 0x0000000080700000| Untracked 
|   8|0x0000000080800000, 0x0000000080900000, 0x0000000080900000|100%| O|  |TAMS 0x0000000080800000| PB 0x0000000080800000| Untracked 
|   9|0x0000000080900000, 0x0000000080a00000, 0x0000000080a00000|100%| O|  |TAMS 0x0000000080900000| PB 0x0000000080900000| Untracked 
|  10|0x0000000080a00000, 0x0000000080b00000, 0x0000000080b00000|100%| O|  |TAMS 0x0000000080a00000| PB 0x0000000080a00000| Untracked 
|  11|0x0000000080b00000, 0x0000000080c00000, 0x0000000080c00000|100%| O|  |TAMS 0x0000000080b00000| PB 0x0000000080b00000| Untracked 
|  12|0x0000000080c00000, 0x0000000080d00000, 0x0000000080d00000|100%| O|  |TAMS 0x0000000080c00000| PB 0x0000000080c00000| Untracked 
|  13|0x0000000080d00000, 0x0000000080e00000, 0x0000000080e00000|100%| O|  |TAMS 0x0000000080d00000| PB 0x0000000080d00000| Untracked 
|  14|0x0000000080e00000, 0x0000000080f00000, 0x0000000080f00000|100%| O|  |TAMS 0x0000000080e00000| PB 0x0000000080e00000| Untracked 
|  15|0x0000000080f00000, 0x0000000081000000, 0x0000000081000000|100%| O|  |TAMS 0x0000000080f00000| PB 0x0000000080f00000| Untracked 
|  16|0x0000000081000000, 0x0000000081100000, 0x0000000081100000|100%| O|  |TAMS 0x0000000081000000| PB 0x0000000081000000| Untracked 
|  17|0x0000000081100000, 0x0000000081200000, 0x0000000081200000|100%| O|  |TAMS 0x0000000081100000| PB 0x0000000081100000| Untracked 
|  18|0x0000000081200000, 0x0000000081300000, 0x0000000081300000|100%| O|  |TAMS 0x0000000081200000| PB 0x0000000081200000| Untracked 
|  19|0x0000000081300000, 0x0000000081400000, 0x0000000081400000|100%| O|  |TAMS 0x0000000081300000| PB 0x0000000081300000| Untracked 
|  20|0x0000000081400000, 0x0000000081500000, 0x0000000081500000|100%| O|  |TAMS 0x0000000081400000| PB 0x0000000081400000| Untracked 
|  21|0x0000000081500000, 0x0000000081600000, 0x0000000081600000|100%| O|  |TAMS 0x0000000081500000| PB 0x0000000081500000| Untracked 
|  22|0x0000000081600000, 0x0000000081700000, 0x0000000081700000|100%| O|  |TAMS 0x0000000081600000| PB 0x0000000081600000| Untracked 
|  23|0x0000000081700000, 0x0000000081800000, 0x0000000081800000|100%| O|  |TAMS 0x0000000081700000| PB 0x0000000081700000| Untracked 
|  24|0x0000000081800000, 0x0000000081900000, 0x0000000081900000|100%| O|  |TAMS 0x0000000081800000| PB 0x0000000081800000| Untracked 
|  25|0x0000000081900000, 0x0000000081a00000, 0x0000000081a00000|100%| O|  |TAMS 0x0000000081900000| PB 0x0000000081900000| Untracked 
|  26|0x0000000081a00000, 0x0000000081b00000, 0x0000000081b00000|100%| O|  |TAMS 0x0000000081a00000| PB 0x0000000081a00000| Untracked 
|  27|0x0000000081b00000, 0x0000000081c00000, 0x0000000081c00000|100%| O|  |TAMS 0x0000000081b00000| PB 0x0000000081b00000| Untracked 
|  28|0x0000000081c00000, 0x0000000081d00000, 0x0000000081d00000|100%| O|  |TAMS 0x0000000081c00000| PB 0x0000000081c00000| Untracked 
|  29|0x0000000081d00000, 0x0000000081e00000, 0x0000000081e00000|100%| O|  |TAMS 0x0000000081d00000| PB 0x0000000081d00000| Untracked 
|  30|0x0000000081e00000, 0x0000000081f00000, 0x0000000081f00000|100%| O|  |TAMS 0x0000000081e00000| PB 0x0000000081e00000| Untracked 
|  31|0x0000000081f00000, 0x0000000082000000, 0x0000000082000000|100%| O|  |TAMS 0x0000000081f00000| PB 0x0000000081f00000| Untracked 
|  32|0x0000000082000000, 0x0000000082100000, 0x0000000082100000|100%| O|  |TAMS 0x0000000082000000| PB 0x0000000082000000| Untracked 
|  33|0x0000000082100000, 0x0000000082200000, 0x0000000082200000|100%| O|  |TAMS 0x0000000082100000| PB 0x0000000082100000| Untracked 
|  34|0x0000000082200000, 0x0000000082200000, 0x0000000082300000|  0%| F|  |TAMS 0x0000000082200000| PB 0x0000000082200000| Untracked 
|  35|0x0000000082300000, 0x0000000082300000, 0x0000000082400000|  0%| F|  |TAMS 0x0000000082300000| PB 0x0000000082300000| Untracked 
|  36|0x0000000082400000, 0x0000000082500000, 0x0000000082500000|100%| O|  |TAMS 0x0000000082400000| PB 0x0000000082400000| Untracked 
|  37|0x0000000082500000, 0x0000000082600000, 0x0000000082600000|100%| O|  |TAMS 0x0000000082500000| PB 0x0000000082500000| Untracked 
|  38|0x0000000082600000, 0x0000000082700000, 0x0000000082700000|100%| O|  |TAMS 0x0000000082600000| PB 0x0000000082600000| Untracked 
|  39|0x0000000082700000, 0x0000000082800000, 0x0000000082800000|100%| O|  |TAMS 0x0000000082700000| PB 0x0000000082700000| Untracked 
|  40|0x0000000082800000, 0x0000000082900000, 0x0000000082900000|100%| O|  |TAMS 0x0000000082800000| PB 0x0000000082800000| Untracked 
|  41|0x0000000082900000, 0x0000000082a00000, 0x0000000082a00000|100%| O|  |TAMS 0x0000000082900000| PB 0x0000000082900000| Untracked 
|  42|0x0000000082a00000, 0x0000000082b00000, 0x0000000082b00000|100%| O|  |TAMS 0x0000000082a00000| PB 0x0000000082a00000| Untracked 
|  43|0x0000000082b00000, 0x0000000082c00000, 0x0000000082c00000|100%| O|  |TAMS 0x0000000082b00000| PB 0x0000000082b00000| Untracked 
|  44|0x0000000082c00000, 0x0000000082d00000, 0x0000000082d00000|100%|HS|  |TAMS 0x0000000082c00000| PB 0x0000000082c00000| Complete 
|  45|0x0000000082d00000, 0x0000000082e00000, 0x0000000082e00000|100%|HC|  |TAMS 0x0000000082d00000| PB 0x0000000082d00000| Complete 
|  46|0x0000000082e00000, 0x0000000082f00000, 0x0000000082f00000|100%|HC|  |TAMS 0x0000000082e00000| PB 0x0000000082e00000| Complete 
|  47|0x0000000082f00000, 0x0000000083000000, 0x0000000083000000|100%|HS|  |TAMS 0x0000000082f00000| PB 0x0000000082f00000| Complete 
|  48|0x0000000083000000, 0x0000000083100000, 0x0000000083100000|100%|HC|  |TAMS 0x0000000083000000| PB 0x0000000083000000| Complete 
|  49|0x0000000083100000, 0x0000000083200000, 0x0000000083200000|100%|HC|  |TAMS 0x0000000083100000| PB 0x0000000083100000| Complete 
|  50|0x0000000083200000, 0x0000000083300000, 0x0000000083300000|100%| O|  |TAMS 0x0000000083200000| PB 0x0000000083200000| Untracked 
|  51|0x0000000083300000, 0x0000000083376988, 0x0000000083400000| 46%| O|  |TAMS 0x0000000083300000| PB 0x0000000083300000| Untracked 
|  52|0x0000000083400000, 0x0000000083400000, 0x0000000083500000|  0%| F|  |TAMS 0x0000000083400000| PB 0x0000000083400000| Untracked 
|  53|0x0000000083500000, 0x0000000083500000, 0x0000000083600000|  0%| F|  |TAMS 0x0000000083500000| PB 0x0000000083500000| Untracked 
|  54|0x0000000083600000, 0x0000000083600000, 0x0000000083700000|  0%| F|  |TAMS 0x0000000083600000| PB 0x0000000083600000| Untracked 
|  55|0x0000000083700000, 0x0000000083800000, 0x0000000083800000|100%| O|  |TAMS 0x0000000083700000| PB 0x0000000083700000| Untracked 
|  56|0x0000000083800000, 0x0000000083900000, 0x0000000083900000|100%| O|  |TAMS 0x0000000083800000| PB 0x0000000083800000| Untracked 
|  57|0x0000000083900000, 0x0000000083a00000, 0x0000000083a00000|100%| O|  |TAMS 0x0000000083900000| PB 0x0000000083900000| Untracked 
|  58|0x0000000083a00000, 0x0000000083b00000, 0x0000000083b00000|100%| O|  |TAMS 0x0000000083a00000| PB 0x0000000083a00000| Untracked 
|  59|0x0000000083b00000, 0x0000000083c00000, 0x0000000083c00000|100%| O|  |TAMS 0x0000000083b00000| PB 0x0000000083b00000| Untracked 
|  60|0x0000000083c00000, 0x0000000083c00000, 0x0000000083d00000|  0%| F|  |TAMS 0x0000000083c00000| PB 0x0000000083c00000| Untracked 
|  61|0x0000000083d00000, 0x0000000083d00000, 0x0000000083e00000|  0%| F|  |TAMS 0x0000000083d00000| PB 0x0000000083d00000| Untracked 
|  62|0x0000000083e00000, 0x0000000083e00000, 0x0000000083f00000|  0%| F|  |TAMS 0x0000000083e00000| PB 0x0000000083e00000| Untracked 
|  63|0x0000000083f00000, 0x0000000083f00000, 0x0000000084000000|  0%| F|  |TAMS 0x0000000083f00000| PB 0x0000000083f00000| Untracked 
|  64|0x0000000084000000, 0x0000000084000000, 0x0000000084100000|  0%| F|  |TAMS 0x0000000084000000| PB 0x0000000084000000| Untracked 
|  65|0x0000000084100000, 0x0000000084100000, 0x0000000084200000|  0%| F|  |TAMS 0x0000000084100000| PB 0x0000000084100000| Untracked 
|  66|0x0000000084200000, 0x0000000084200000, 0x0000000084300000|  0%| F|  |TAMS 0x0000000084200000| PB 0x0000000084200000| Untracked 
|  67|0x0000000084300000, 0x0000000084300000, 0x0000000084400000|  0%| F|  |TAMS 0x0000000084300000| PB 0x0000000084300000| Untracked 
|  68|0x0000000084400000, 0x0000000084400000, 0x0000000084500000|  0%| F|  |TAMS 0x0000000084400000| PB 0x0000000084400000| Untracked 
|  69|0x0000000084500000, 0x0000000084500000, 0x0000000084600000|  0%| F|  |TAMS 0x0000000084500000| PB 0x0000000084500000| Untracked 
|  70|0x0000000084600000, 0x000000008465d408, 0x0000000084700000| 36%| S|CS|TAMS 0x0000000084600000| PB 0x0000000084600000| Complete 
|  71|0x0000000084700000, 0x0000000084800000, 0x0000000084800000|100%| S|CS|TAMS 0x0000000084700000| PB 0x0000000084700000| Complete 
|  72|0x0000000084800000, 0x0000000084900000, 0x0000000084900000|100%| S|CS|TAMS 0x0000000084800000| PB 0x0000000084800000| Complete 
|  73|0x0000000084900000, 0x0000000084a00000, 0x0000000084a00000|100%| S|CS|TAMS 0x0000000084900000| PB 0x0000000084900000| Complete 
|  74|0x0000000084a00000, 0x0000000084a00000, 0x0000000084b00000|  0%| F|  |TAMS 0x0000000084a00000| PB 0x0000000084a00000| Untracked 
|  75|0x0000000084b00000, 0x0000000084b00000, 0x0000000084c00000|  0%| F|  |TAMS 0x0000000084b00000| PB 0x0000000084b00000| Untracked 
|  76|0x0000000084c00000, 0x0000000084c00000, 0x0000000084d00000|  0%| F|  |TAMS 0x0000000084c00000| PB 0x0000000084c00000| Untracked 
|  77|0x0000000084d00000, 0x0000000084d00000, 0x0000000084e00000|  0%| F|  |TAMS 0x0000000084d00000| PB 0x0000000084d00000| Untracked 
|  78|0x0000000084e00000, 0x0000000084e80000, 0x0000000084f00000| 50%| E|  |TAMS 0x0000000084e00000| PB 0x0000000084e00000| Complete 
|  79|0x0000000084f00000, 0x0000000085000000, 0x0000000085000000|100%| E|CS|TAMS 0x0000000084f00000| PB 0x0000000084f00000| Complete 
|  80|0x0000000085000000, 0x0000000085100000, 0x0000000085100000|100%| E|CS|TAMS 0x0000000085000000| PB 0x0000000085000000| Complete 
|  81|0x0000000085100000, 0x0000000085200000, 0x0000000085200000|100%| E|CS|TAMS 0x0000000085100000| PB 0x0000000085100000| Complete 
|  82|0x0000000085200000, 0x0000000085300000, 0x0000000085300000|100%| E|CS|TAMS 0x0000000085200000| PB 0x0000000085200000| Complete 
|  83|0x0000000085300000, 0x0000000085400000, 0x0000000085400000|100%| E|CS|TAMS 0x0000000085300000| PB 0x0000000085300000| Complete 
|  84|0x0000000085400000, 0x0000000085500000, 0x0000000085500000|100%| E|CS|TAMS 0x0000000085400000| PB 0x0000000085400000| Complete 
|  85|0x0000000085500000, 0x0000000085600000, 0x0000000085600000|100%| E|CS|TAMS 0x0000000085500000| PB 0x0000000085500000| Complete 
|  86|0x0000000085600000, 0x0000000085700000, 0x0000000085700000|100%| E|CS|TAMS 0x0000000085600000| PB 0x0000000085600000| Complete 
|  87|0x0000000085700000, 0x0000000085800000, 0x0000000085800000|100%| E|CS|TAMS 0x0000000085700000| PB 0x0000000085700000| Complete 
|  88|0x0000000085800000, 0x0000000085900000, 0x0000000085900000|100%| E|CS|TAMS 0x0000000085800000| PB 0x0000000085800000| Complete 
|  89|0x0000000085900000, 0x0000000085a00000, 0x0000000085a00000|100%| E|CS|TAMS 0x0000000085900000| PB 0x0000000085900000| Complete 
|  90|0x0000000085a00000, 0x0000000085b00000, 0x0000000085b00000|100%| E|CS|TAMS 0x0000000085a00000| PB 0x0000000085a00000| Complete 
|  91|0x0000000085b00000, 0x0000000085c00000, 0x0000000085c00000|100%| E|CS|TAMS 0x0000000085b00000| PB 0x0000000085b00000| Complete 
|  92|0x0000000085c00000, 0x0000000085d00000, 0x0000000085d00000|100%| E|CS|TAMS 0x0000000085c00000| PB 0x0000000085c00000| Complete 
|  93|0x0000000085d00000, 0x0000000085e00000, 0x0000000085e00000|100%| E|CS|TAMS 0x0000000085d00000| PB 0x0000000085d00000| Complete 
|  94|0x0000000085e00000, 0x0000000085f00000, 0x0000000085f00000|100%| E|CS|TAMS 0x0000000085e00000| PB 0x0000000085e00000| Complete 
|  95|0x0000000085f00000, 0x0000000086000000, 0x0000000086000000|100%| E|CS|TAMS 0x0000000085f00000| PB 0x0000000085f00000| Complete 
|  96|0x0000000086000000, 0x0000000086100000, 0x0000000086100000|100%| E|CS|TAMS 0x0000000086000000| PB 0x0000000086000000| Complete 
|  97|0x0000000086100000, 0x0000000086200000, 0x0000000086200000|100%| E|CS|TAMS 0x0000000086100000| PB 0x0000000086100000| Complete 
|  98|0x0000000086200000, 0x0000000086300000, 0x0000000086300000|100%| E|CS|TAMS 0x0000000086200000| PB 0x0000000086200000| Complete 
|  99|0x0000000086300000, 0x0000000086400000, 0x0000000086400000|100%| E|CS|TAMS 0x0000000086300000| PB 0x0000000086300000| Complete 
| 100|0x0000000086400000, 0x0000000086500000, 0x0000000086500000|100%| E|CS|TAMS 0x0000000086400000| PB 0x0000000086400000| Complete 
| 101|0x0000000086500000, 0x0000000086600000, 0x0000000086600000|100%| E|CS|TAMS 0x0000000086500000| PB 0x0000000086500000| Complete 
| 102|0x0000000086600000, 0x0000000086700000, 0x0000000086700000|100%| E|CS|TAMS 0x0000000086600000| PB 0x0000000086600000| Complete 
| 103|0x0000000086700000, 0x0000000086800000, 0x0000000086800000|100%| E|CS|TAMS 0x0000000086700000| PB 0x0000000086700000| Complete 
| 104|0x0000000086800000, 0x0000000086900000, 0x0000000086900000|100%| E|CS|TAMS 0x0000000086800000| PB 0x0000000086800000| Complete 
| 105|0x0000000086900000, 0x0000000086a00000, 0x0000000086a00000|100%| E|CS|TAMS 0x0000000086900000| PB 0x0000000086900000| Complete 
| 106|0x0000000086a00000, 0x0000000086b00000, 0x0000000086b00000|100%| E|CS|TAMS 0x0000000086a00000| PB 0x0000000086a00000| Complete 
| 107|0x0000000086b00000, 0x0000000086c00000, 0x0000000086c00000|100%| E|CS|TAMS 0x0000000086b00000| PB 0x0000000086b00000| Complete 
| 108|0x0000000086c00000, 0x0000000086d00000, 0x0000000086d00000|100%| E|CS|TAMS 0x0000000086c00000| PB 0x0000000086c00000| Complete 
| 109|0x0000000086d00000, 0x0000000086e00000, 0x0000000086e00000|100%| E|CS|TAMS 0x0000000086d00000| PB 0x0000000086d00000| Complete 
| 110|0x0000000086e00000, 0x0000000086f00000, 0x0000000086f00000|100%| E|CS|TAMS 0x0000000086e00000| PB 0x0000000086e00000| Complete 
| 111|0x0000000086f00000, 0x0000000087000000, 0x0000000087000000|100%| E|CS|TAMS 0x0000000086f00000| PB 0x0000000086f00000| Complete 
| 112|0x0000000087000000, 0x0000000087100000, 0x0000000087100000|100%| E|CS|TAMS 0x0000000087000000| PB 0x0000000087000000| Complete 
| 113|0x0000000087100000, 0x0000000087200000, 0x0000000087200000|100%| E|CS|TAMS 0x0000000087100000| PB 0x0000000087100000| Complete 
| 114|0x0000000087200000, 0x0000000087300000, 0x0000000087300000|100%| E|CS|TAMS 0x0000000087200000| PB 0x0000000087200000| Complete 
| 115|0x0000000087300000, 0x0000000087400000, 0x0000000087400000|100%| E|CS|TAMS 0x0000000087300000| PB 0x0000000087300000| Complete 
| 123|0x0000000087b00000, 0x0000000087c00000, 0x0000000087c00000|100%| E|CS|TAMS 0x0000000087b00000| PB 0x0000000087b00000| Complete 
|2046|0x00000000ffe00000, 0x00000000fff00000, 0x00000000fff00000|100%| O|  |TAMS 0x00000000ffe00000| PB 0x00000000ffe00000| Untracked 
|2047|0x00000000fff00000, 0x0000000100000000, 0x0000000100000000|100%| E|CS|TAMS 0x00000000fff00000| PB 0x00000000fff00000| Complete 

Card table byte_map: [0x00000208fc880000,0x00000208fcc80000] _byte_map_base: 0x00000208fc480000

Marking Bits: (CMBitMap*) 0x00000208e9833250
 Bits: [0x00000208fcc80000, 0x00000208fec80000)

Polling page: 0x00000208e7870000

Metaspace:

Usage:
  Non-class:     56.39 MB used.
      Class:      9.77 MB used.
       Both:     66.16 MB used.

Virtual space:
  Non-class space:       64.00 MB reserved,      57.50 MB ( 90%) committed,  1 nodes.
      Class space:      416.00 MB reserved,      10.81 MB (  3%) committed,  1 nodes.
             Both:      480.00 MB reserved,      68.31 MB ( 14%) committed. 

Chunk freelists:
   Non-Class:  5.61 MB
       Class:  5.03 MB
        Both:  10.64 MB

MaxMetaspaceSize: 512.00 MB
CompressedClassSpaceSize: 416.00 MB
Initial GC threshold: 21.00 MB
Current GC threshold: 102.62 MB
CDS: on
 - commit_granule_bytes: 65536.
 - commit_granule_words: 8192.
 - virtual_space_node_default_size: 8388608.
 - enlarge_chunks_in_place: 1.
 - use_allocation_guard: 0.


Internal statistics:

num_allocs_failed_limit: 9.
num_arena_births: 3946.
num_arena_deaths: 0.
num_vsnodes_births: 2.
num_vsnodes_deaths: 0.
num_space_committed: 1093.
num_space_uncommitted: 0.
num_chunks_returned_to_freelist: 9.
num_chunks_taken_from_freelist: 7292.
num_chunk_merges: 3.
num_chunk_splits: 4729.
num_chunks_enlarged: 2897.
num_inconsistent_stats: 0.

CodeHeap 'non-profiled nmethods': size=119168Kb used=3638Kb max_used=3772Kb free=115529Kb
 bounds [0x00000208f4570000, 0x00000208f4920000, 0x00000208fb9d0000]
CodeHeap 'profiled nmethods': size=119104Kb used=14197Kb max_used=14197Kb free=104906Kb
 bounds [0x00000208ec9d0000, 0x00000208ed7c0000, 0x00000208f3e20000]
CodeHeap 'non-nmethods': size=7488Kb used=3075Kb max_used=3113Kb free=4412Kb
 bounds [0x00000208f3e20000, 0x00000208f4140000, 0x00000208f4570000]
CodeCache: size=245760Kb, used=20910Kb, max_used=21082Kb, free=224847Kb
 total_blobs=8273, nmethods=7458, adapters=717, full_count=0
Compilation: enabled, stopped_count=0, restarted_count=0

Compilation events (20 events):
Event: 13.324 Thread 0x00000208ff1a5690 8410       3       org.gradle.internal.reflect.annotations.impl.AbstractHasAnnotationMetadata::collectAnnotationsByType (55 bytes)
Event: 13.324 Thread 0x00000208a10bc840 nmethod 8404 0x00000208ecf1e390 code [0x00000208ecf1e5c0, 0x00000208ecf1eda8]
Event: 13.324 Thread 0x00000208a10bc840 8412       3       org.gradle.internal.reflect.annotations.impl.DefaultTypeAnnotationMetadataStore$PropertyAnnotationMetadataBuilder::resolveAnnotations (125 bytes)
Event: 13.324 Thread 0x00000208ff1a5690 nmethod 8410 0x00000208ecf1d090 code [0x00000208ecf1d320, 0x00000208ecf1e008]
Event: 13.324 Thread 0x00000208ff1a5690 8415       3       sun.reflect.annotation.AnnotationInvocationHandler::hashCodeImpl (69 bytes)
Event: 13.324 Thread 0x00000208ff1a5690 nmethod 8415 0x00000208ecf1c290 code [0x00000208ecf1c4e0, 0x00000208ecf1cdd8]
Event: 13.325 Thread 0x00000208ff1a5690 8405       3       org.gradle.internal.reflect.annotations.impl.DefaultTypeAnnotationMetadataStore$$Lambda/0x00000208836c1f70::apply (24 bytes)
Event: 13.325 Thread 0x00000208a10bc840 nmethod 8412 0x00000208ed790110 code [0x00000208ed7904c0, 0x00000208ed791e08]
Event: 13.325 Thread 0x00000208ff1a5690 nmethod 8405 0x00000208ecf1bd90 code [0x00000208ecf1bf40, 0x00000208ecf1c198]
Event: 13.325 Thread 0x00000208a10bc840 8406       3       org.gradle.internal.reflect.annotations.impl.DefaultTypeAnnotationMetadataStore::lambda$getOrCreatePropertyBuilder$3 (12 bytes)
Event: 13.325 Thread 0x00000208ff1a5690 8407       3       org.gradle.internal.reflect.annotations.impl.DefaultTypeAnnotationMetadataStore$PropertyAnnotationMetadataBuilder::<init> (19 bytes)
Event: 13.325 Thread 0x00000208a10bc840 nmethod 8406 0x00000208ecf1b710 code [0x00000208ecf1b8e0, 0x00000208ecf1bc28]
Event: 13.325 Thread 0x00000208ff1a5690 nmethod 8407 0x00000208ecf1b090 code [0x00000208ecf1b240, 0x00000208ecf1b4b0]
Event: 13.325 Thread 0x00000208a10bc840 8416       3       com.google.common.collect.SingletonImmutableBiMap::forEach (21 bytes)
Event: 13.325 Thread 0x00000208ff1a5690 8408       3       com.google.common.collect.ImmutableSortedSet$Builder::add (79 bytes)
Event: 13.325 Thread 0x00000208a10bc840 nmethod 8416 0x00000208ed792610 code [0x00000208ed7927e0, 0x00000208ed792c38]
Event: 13.325 Thread 0x00000208a10bc840 8409       3       org.gradle.internal.reflect.annotations.impl.AbstractHasAnnotationMetadata::<init> (39 bytes)
Event: 13.326 Thread 0x00000208ff1a5690 nmethod 8408 0x00000208ed792d90 code [0x00000208ed792fe0, 0x00000208ed793860]
Event: 13.326 Thread 0x00000208ff1a5690 8411       3       org.gradle.internal.reflect.annotations.impl.DefaultTypeAnnotationMetadataStore$PropertyAnnotationMetadataBuilder::build (20 bytes)
Event: 14.331 Thread 0x00000208a10b7b70 nmethod 8396 0x00000208ed793b90 code [0x00000208ed794360, 0x00000208ed799ab0]

GC Heap History (20 events):
Event: 8.018 GC heap before
{Heap before GC invocations=12 (full 0):
 garbage-first heap   total 86016K, used 73615K [0x0000000080000000, 0x0000000100000000)
  region size 1024K, 43 young (44032K), 5 survivors (5120K)
 Metaspace       used 44908K, committed 46656K, reserved 491520K
  class space    used 6680K, committed 7488K, reserved 425984K
}
Event: 8.022 GC heap after
{Heap after GC invocations=13 (full 0):
 garbage-first heap   total 86016K, used 36492K [0x0000000080000000, 0x0000000100000000)
  region size 1024K, 4 young (4096K), 4 survivors (4096K)
 Metaspace       used 44908K, committed 46656K, reserved 491520K
  class space    used 6680K, committed 7488K, reserved 425984K
}
Event: 8.700 GC heap before
{Heap before GC invocations=13 (full 0):
 garbage-first heap   total 86016K, used 74380K [0x0000000080000000, 0x0000000100000000)
  region size 1024K, 41 young (41984K), 4 survivors (4096K)
 Metaspace       used 49092K, committed 50944K, reserved 491520K
  class space    used 7255K, committed 8128K, reserved 425984K
}
Event: 8.704 GC heap after
{Heap after GC invocations=14 (full 0):
 garbage-first heap   total 86016K, used 38919K [0x0000000080000000, 0x0000000100000000)
  region size 1024K, 6 young (6144K), 6 survivors (6144K)
 Metaspace       used 49092K, committed 50944K, reserved 491520K
  class space    used 7255K, committed 8128K, reserved 425984K
}
Event: 9.401 GC heap before
{Heap before GC invocations=14 (full 0):
 garbage-first heap   total 86016K, used 75783K [0x0000000080000000, 0x0000000100000000)
  region size 1024K, 42 young (43008K), 6 survivors (6144K)
 Metaspace       used 53249K, committed 55168K, reserved 491520K
  class space    used 7924K, committed 8832K, reserved 425984K
}
Event: 9.405 GC heap after
{Heap after GC invocations=15 (full 0):
 garbage-first heap   total 86016K, used 41596K [0x0000000080000000, 0x0000000100000000)
  region size 1024K, 6 young (6144K), 6 survivors (6144K)
 Metaspace       used 53249K, committed 55168K, reserved 491520K
  class space    used 7924K, committed 8832K, reserved 425984K
}
Event: 10.050 GC heap before
{Heap before GC invocations=15 (full 0):
 garbage-first heap   total 86016K, used 75388K [0x0000000080000000, 0x0000000100000000)
  region size 1024K, 40 young (40960K), 6 survivors (6144K)
 Metaspace       used 54632K, committed 56512K, reserved 491520K
  class space    used 8061K, committed 8960K, reserved 425984K
}
Event: 10.057 GC heap after
{Heap after GC invocations=16 (full 0):
 garbage-first heap   total 88064K, used 46140K [0x0000000080000000, 0x0000000100000000)
  region size 1024K, 5 young (5120K), 5 survivors (5120K)
 Metaspace       used 54632K, committed 56512K, reserved 491520K
  class space    used 8061K, committed 8960K, reserved 425984K
}
Event: 10.276 GC heap before
{Heap before GC invocations=16 (full 0):
 garbage-first heap   total 88064K, used 59452K [0x0000000080000000, 0x0000000100000000)
  region size 1024K, 19 young (19456K), 5 survivors (5120K)
 Metaspace       used 55067K, committed 56960K, reserved 491520K
  class space    used 8113K, committed 9024K, reserved 425984K
}
Event: 10.279 GC heap after
{Heap after GC invocations=17 (full 0):
 garbage-first heap   total 88064K, used 49115K [0x0000000080000000, 0x0000000100000000)
  region size 1024K, 4 young (4096K), 4 survivors (4096K)
 Metaspace       used 55067K, committed 56960K, reserved 491520K
  class space    used 8113K, committed 9024K, reserved 425984K
}
Event: 10.870 GC heap before
{Heap before GC invocations=18 (full 0):
 garbage-first heap   total 89088K, used 80859K [0x0000000080000000, 0x0000000100000000)
  region size 1024K, 30 young (30720K), 4 survivors (4096K)
 Metaspace       used 56845K, committed 58816K, reserved 491520K
  class space    used 8365K, committed 9280K, reserved 425984K
}
Event: 10.873 GC heap after
{Heap after GC invocations=19 (full 0):
 garbage-first heap   total 89088K, used 57888K [0x0000000080000000, 0x0000000100000000)
  region size 1024K, 4 young (4096K), 4 survivors (4096K)
 Metaspace       used 56845K, committed 58816K, reserved 491520K
  class space    used 8365K, committed 9280K, reserved 425984K
}
Event: 11.280 GC heap before
{Heap before GC invocations=19 (full 0):
 garbage-first heap   total 89088K, used 79392K [0x0000000080000000, 0x0000000100000000)
  region size 1024K, 25 young (25600K), 4 survivors (4096K)
 Metaspace       used 59390K, committed 61440K, reserved 491520K
  class space    used 8714K, committed 9728K, reserved 425984K
}
Event: 11.285 GC heap after
{Heap after GC invocations=20 (full 0):
 garbage-first heap   total 89088K, used 57766K [0x0000000080000000, 0x0000000100000000)
  region size 1024K, 2 young (2048K), 2 survivors (2048K)
 Metaspace       used 59390K, committed 61440K, reserved 491520K
  class space    used 8714K, committed 9728K, reserved 425984K
}
Event: 11.610 GC heap before
{Heap before GC invocations=20 (full 0):
 garbage-first heap   total 89088K, used 79270K [0x0000000080000000, 0x0000000100000000)
  region size 1024K, 23 young (23552K), 2 survivors (2048K)
 Metaspace       used 60806K, committed 62912K, reserved 491520K
  class space    used 8899K, committed 9920K, reserved 425984K
}
Event: 11.613 GC heap after
{Heap after GC invocations=21 (full 0):
 garbage-first heap   total 89088K, used 59004K [0x0000000080000000, 0x0000000100000000)
  region size 1024K, 3 young (3072K), 3 survivors (3072K)
 Metaspace       used 60806K, committed 62912K, reserved 491520K
  class space    used 8899K, committed 9920K, reserved 425984K
}
Event: 11.918 GC heap before
{Heap before GC invocations=22 (full 0):
 garbage-first heap   total 101376K, used 80508K [0x0000000080000000, 0x0000000100000000)
  region size 1024K, 24 young (24576K), 3 survivors (3072K)
 Metaspace       used 62458K, committed 64448K, reserved 491520K
  class space    used 9155K, committed 10112K, reserved 425984K
}
Event: 11.921 GC heap after
{Heap after GC invocations=23 (full 0):
 garbage-first heap   total 121856K, used 59614K [0x0000000080000000, 0x0000000100000000)
  region size 1024K, 3 young (3072K), 3 survivors (3072K)
 Metaspace       used 62458K, committed 64448K, reserved 491520K
  class space    used 9155K, committed 10112K, reserved 425984K
}
Event: 12.649 GC heap before
{Heap before GC invocations=23 (full 0):
 garbage-first heap   total 121856K, used 101598K [0x0000000080000000, 0x0000000100000000)
  region size 1024K, 44 young (45056K), 3 survivors (3072K)
 Metaspace       used 65394K, committed 67520K, reserved 491520K
  class space    used 9645K, committed 10688K, reserved 425984K
}
Event: 12.654 GC heap after
{Heap after GC invocations=24 (full 0):
 garbage-first heap   total 121856K, used 60239K [0x0000000080000000, 0x0000000100000000)
  region size 1024K, 4 young (4096K), 4 survivors (4096K)
 Metaspace       used 65394K, committed 67520K, reserved 491520K
  class space    used 9645K, committed 10688K, reserved 425984K
}

Dll operation events (14 events):
Event: 0.013 Loaded shared library C:\Users\jibri\.antigravity\extensions\redhat.java-1.53.0-win32-x64\jre\21.0.10-win32-x86_64\bin\java.dll
Event: 0.063 Loaded shared library C:\Users\jibri\.antigravity\extensions\redhat.java-1.53.0-win32-x64\jre\21.0.10-win32-x86_64\bin\zip.dll
Event: 0.087 Loaded shared library C:\Users\jibri\.antigravity\extensions\redhat.java-1.53.0-win32-x64\jre\21.0.10-win32-x86_64\bin\instrument.dll
Event: 0.093 Loaded shared library C:\Users\jibri\.antigravity\extensions\redhat.java-1.53.0-win32-x64\jre\21.0.10-win32-x86_64\bin\net.dll
Event: 0.097 Loaded shared library C:\Users\jibri\.antigravity\extensions\redhat.java-1.53.0-win32-x64\jre\21.0.10-win32-x86_64\bin\nio.dll
Event: 0.101 Loaded shared library C:\Users\jibri\.antigravity\extensions\redhat.java-1.53.0-win32-x64\jre\21.0.10-win32-x86_64\bin\zip.dll
Event: 0.547 Loaded shared library C:\Users\jibri\.antigravity\extensions\redhat.java-1.53.0-win32-x64\jre\21.0.10-win32-x86_64\bin\jimage.dll
Event: 0.807 Loaded shared library C:\Users\jibri\.antigravity\extensions\redhat.java-1.53.0-win32-x64\jre\21.0.10-win32-x86_64\bin\verify.dll
Event: 0.840 Loaded shared library C:\Users\jibri\.gradle\native\1def1411415f61bf3af743bc5b6707747c0891f09f0c88961ee8f79bc544acac\windows-amd64\native-platform.dll
Event: 0.855 Loaded shared library C:\Users\jibri\.gradle\native\0.2.8\x86_64-windows-gnu\gradle-fileevents.dll
Event: 2.134 Loaded shared library C:\Users\jibri\.antigravity\extensions\redhat.java-1.53.0-win32-x64\jre\21.0.10-win32-x86_64\bin\management.dll
Event: 2.138 Loaded shared library C:\Users\jibri\.antigravity\extensions\redhat.java-1.53.0-win32-x64\jre\21.0.10-win32-x86_64\bin\management_ext.dll
Event: 2.295 Loaded shared library C:\Users\jibri\.antigravity\extensions\redhat.java-1.53.0-win32-x64\jre\21.0.10-win32-x86_64\bin\extnet.dll
Event: 2.610 Loaded shared library C:\Users\jibri\.antigravity\extensions\redhat.java-1.53.0-win32-x64\jre\21.0.10-win32-x86_64\bin\sunmscapi.dll

Deoptimization events (20 events):
Event: 11.907 Thread 0x00000208a2bc1810 Uncommon trap: trap_request=0xffffff45 fr.pc=0x00000208f45af11c relative=0x0000000000000e5c
Event: 11.907 Thread 0x00000208a2bc1810 Uncommon trap: reason=unstable_if action=reinterpret pc=0x00000208f45af11c method=java.util.Properties$LineReader.readLine()I @ 249 c2
Event: 11.907 Thread 0x00000208a2bc1810 DEOPT PACKING pc=0x00000208f45af11c sp=0x000000a09aef24a0
Event: 11.907 Thread 0x00000208a2bc1810 DEOPT UNPACKING pc=0x00000208f3e74422 sp=0x000000a09aef2450 mode 2
Event: 11.915 Thread 0x00000208a2bc1810 Uncommon trap: trap_request=0xffffff45 fr.pc=0x00000208f4592224 relative=0x00000000000002c4
Event: 11.915 Thread 0x00000208a2bc1810 Uncommon trap: reason=unstable_if action=reinterpret pc=0x00000208f4592224 method=java.io.WinNTFileSystem.prefixLength(Ljava/lang/String;)I @ 42 c2
Event: 11.915 Thread 0x00000208a2bc1810 DEOPT PACKING pc=0x00000208f4592224 sp=0x000000a09aef2a60
Event: 11.915 Thread 0x00000208a2bc1810 DEOPT UNPACKING pc=0x00000208f3e74422 sp=0x000000a09aef29e8 mode 2
Event: 12.560 Thread 0x00000208a2b76fb0 DEOPT PACKING pc=0x00000208ed18bda9 sp=0x000000a09aafe3d0
Event: 12.560 Thread 0x00000208a2b76fb0 DEOPT UNPACKING pc=0x00000208f3e74bc2 sp=0x000000a09aafd910 mode 0
Event: 13.063 Thread 0x00000208a2bc1810 DEOPT PACKING pc=0x00000208ecee2739 sp=0x000000a09aef39e0
Event: 13.063 Thread 0x00000208a2bc1810 DEOPT UNPACKING pc=0x00000208f3e74bc2 sp=0x000000a09aef2ee0 mode 0
Event: 13.075 Thread 0x00000208a2bc1810 Uncommon trap: trap_request=0xffffff45 fr.pc=0x00000208f48d2538 relative=0x0000000000002218
Event: 13.075 Thread 0x00000208a2bc1810 Uncommon trap: reason=unstable_if action=reinterpret pc=0x00000208f48d2538 method=sun.net.www.protocol.jar.Handler.parseURL(Ljava/net/URL;Ljava/lang/String;II)V @ 116 c2
Event: 13.075 Thread 0x00000208a2bc1810 DEOPT PACKING pc=0x00000208f48d2538 sp=0x000000a09aef57d0
Event: 13.075 Thread 0x00000208a2bc1810 DEOPT UNPACKING pc=0x00000208f3e74422 sp=0x000000a09aef5770 mode 2
Event: 13.231 Thread 0x00000208a2bc1810 Uncommon trap: trap_request=0xfffffff4 fr.pc=0x00000208f4702f14 relative=0x0000000000000074
Event: 13.231 Thread 0x00000208a2bc1810 Uncommon trap: reason=null_check action=make_not_entrant pc=0x00000208f4702f14 method=java.lang.Class.isAnnotation()Z @ 1 c2
Event: 13.231 Thread 0x00000208a2bc1810 DEOPT PACKING pc=0x00000208f4702f14 sp=0x000000a09aef2df0
Event: 13.231 Thread 0x00000208a2bc1810 DEOPT UNPACKING pc=0x00000208f3e74422 sp=0x000000a09aef2d80 mode 2

Classes loaded (20 events):
Event: 11.913 Loading class javax/xml/parsers/FactoryFinder
Event: 11.913 Loading class javax/xml/parsers/FactoryFinder done
Event: 11.913 Loading class javax/xml/parsers/FactoryFinder$1
Event: 11.913 Loading class javax/xml/parsers/FactoryFinder$1 done
Event: 11.914 Loading class com/sun/org/apache/xerces/internal/jaxp/DocumentBuilderFactoryImpl
Event: 11.914 Loading class com/sun/org/apache/xerces/internal/jaxp/DocumentBuilderFactoryImpl done
Event: 11.951 Loading class java/util/regex/Pattern$SliceI
Event: 11.951 Loading class java/util/regex/Pattern$SliceI done
Event: 12.108 Loading class java/beans/PropertyChangeListener
Event: 12.108 Loading class java/beans/PropertyChangeListener done
Event: 12.550 Loading class java/util/concurrent/LinkedBlockingDeque$Itr
Event: 12.551 Loading class java/util/concurrent/LinkedBlockingDeque$AbstractItr
Event: 12.551 Loading class java/util/concurrent/LinkedBlockingDeque$AbstractItr done
Event: 12.551 Loading class java/util/concurrent/LinkedBlockingDeque$Itr done
Event: 13.169 Loading class java/util/stream/ReduceOps$5
Event: 13.169 Loading class java/util/stream/ReduceOps$5 done
Event: 13.169 Loading class java/util/stream/ReduceOps$CountingSink$OfRef
Event: 13.169 Loading class java/util/stream/ReduceOps$CountingSink
Event: 13.170 Loading class java/util/stream/ReduceOps$CountingSink done
Event: 13.170 Loading class java/util/stream/ReduceOps$CountingSink$OfRef done

Classes unloaded (0 events):
No events

Classes redefined (0 events):
No events

Internal exceptions (20 events):
Event: 10.916 Thread 0x00000208a2bc1810 Exception <a 'java/lang/IncompatibleClassChangeError'{0x0000000087be9c38}: Found class java.lang.Object, but interface was expected> (0x0000000087be9c38) 
thrown [s\src\hotspot\share\interpreter\linkResolver.cpp, line 840]
Event: 11.153 Thread 0x00000208a2bc1810 Exception <a 'java/lang/NoSuchMethodError'{0x000000008481b308}: static Ljava/lang/Object;.<clinit>()V> (0x000000008481b308) 
thrown [s\src\hotspot\share\prims\jni.cpp, line 1111]
Event: 11.170 Thread 0x00000208a2bc1810 Exception <a 'java/lang/NoSuchMethodError'{0x0000000084740f00}: static Lorg/jetbrains/kotlin/gradle/plugin/statistics/MetricContainer;.<clinit>()V> (0x0000000084740f00) 
thrown [s\src\hotspot\share\prims\jni.cpp, line 1111]
Event: 11.917 Thread 0x00000208a2bc1810 Exception <a 'java/lang/NoSuchMethodError'{0x0000000084dd6450}: 'java.lang.Object java.lang.invoke.DirectMethodHandle$Holder.newInvokeSpecial(java.lang.Object, java.lang.Object, java.lang.Object, java.lang.Object, java.lang.Object, java.lang.Object, java.lang.Object, java.lang.Object, java.lang.Object, java.lang.Object, java.lang.Object, java.lang.Object, java.lang.Object, java.lang.Object, java.lang.Object, java.lang.Object)'> (0x0000000084dd6450) 
thrown [s\src\hotspot\share\interpreter\linkResolver.cpp,
Event: 11.917 Thread 0x00000208a2bc1810 Exception <a 'java/lang/NoSuchMethodError'{0x0000000084ddd660}: 'java.lang.Object java.lang.invoke.DirectMethodHandle$Holder.invokeSpecial(java.lang.Object, java.lang.Object, java.lang.Object, java.lang.Object, java.lang.Object, java.lang.Object, java.lang.Object, java.lang.Object, java.lang.Object, java.lang.Object, java.lang.Object, java.lang.Object, java.lang.Object, java.lang.Object, java.lang.Object, java.lang.Object, java.lang.Object)'> (0x0000000084ddd660) 
thrown [s\src\hotspot\share\interpreter\li
Event: 11.917 Thread 0x00000208a2bc1810 Exception <a 'java/lang/NoSuchMethodError'{0x0000000084de3a50}: 'java.lang.Object java.lang.invoke.DelegatingMethodHandle$Holder.reinvoke_L(java.lang.Object, java.lang.Object, java.lang.Object, java.lang.Object, java.lang.Object, java.lang.Object, java.lang.Object, java.lang.Object, java.lang.Object, java.lang.Object, java.lang.Object, java.lang.Object, java.lang.Object, java.lang.Object, java.lang.Object, java.lang.Object)'> (0x0000000084de3a50) 
thrown [s\src\hotspot\share\interpreter\linkResolver.cpp, l
Event: 11.982 Thread 0x00000208a2bc1810 Exception <a 'java/lang/NoSuchMethodError'{0x00000000872d5d30}: 'void java.lang.invoke.DirectMethodHandle$Holder.invokeVirtual(java.lang.Object, java.lang.Object)'> (0x00000000872d5d30) 
thrown [s\src\hotspot\share\interpreter\linkResolver.cpp, line 773]
Event: 12.330 Thread 0x00000208a2bc1810 Exception <a 'java/lang/NoSuchMethodError'{0x0000000085d48828}: 'java.lang.Object java.lang.invoke.DirectMethodHandle$Holder.newInvokeSpecial(java.lang.Object, java.lang.Object, java.lang.Object, java.lang.Object, java.lang.Object, java.lang.Object, java.lang.Object, java.lang.Object, java.lang.Object, java.lang.Object, java.lang.Object, java.lang.Object, java.lang.Object, java.lang.Object, java.lang.Object, java.lang.Object, java.lang.Object, java.lang.Object, java.lang.Object, java.lang.Object, java.lang
Event: 12.783 Thread 0x00000208a2bc1810 Exception <a 'java/lang/ClassNotFoundException'{0x00000000870381a0}: org/jetbrains/kotlin/gradle/targets/js/npm/DefaultNpmDependencyExtensionBeanInfo> (0x00000000870381a0) 
thrown [s\src\hotspot\share\classfile\systemDictionary.cpp, line 312]
Event: 12.785 Thread 0x00000208a2bc1810 Exception <a 'java/lang/ClassNotFoundException'{0x000000008704c6c0}: org/jetbrains/kotlin/gradle/targets/js/npm/DefaultNpmDependencyExtensionCustomizer> (0x000000008704c6c0) 
thrown [s\src\hotspot\share\classfile\systemDictionary.cpp, line 312]
Event: 12.793 Thread 0x00000208a2bc1810 Exception <a 'java/lang/ClassNotFoundException'{0x00000000870e4158}: org/jetbrains/kotlin/gradle/targets/js/npm/NpmDependencyExtensionKt$defaultNpmDependencyDelegate$1BeanInfo> (0x00000000870e4158) 
thrown [s\src\hotspot\share\classfile\systemDictionary.cpp, line 312]
Event: 12.793 Thread 0x00000208a2bc1810 Exception <a 'java/lang/ClassNotFoundException'{0x00000000870f8968}: org/jetbrains/kotlin/gradle/targets/js/npm/NpmDependencyExtensionDelegateBeanInfo> (0x00000000870f8968) 
thrown [s\src\hotspot\share\classfile\systemDictionary.cpp, line 312]
Event: 12.794 Thread 0x00000208a2bc1810 Exception <a 'java/lang/ClassNotFoundException'{0x0000000086f0d160}: org/jetbrains/kotlin/gradle/targets/js/npm/NpmDependencyExtensionDelegateCustomizer> (0x0000000086f0d160) 
thrown [s\src\hotspot\share\classfile\systemDictionary.cpp, line 312]
Event: 12.796 Thread 0x00000208a2bc1810 Exception <a 'java/lang/ClassNotFoundException'{0x0000000086f4a800}: org/jetbrains/kotlin/gradle/targets/js/npm/NpmDependencyExtensionKt$defaultNpmDependencyDelegate$1Customizer> (0x0000000086f4a800) 
thrown [s\src\hotspot\share\classfile\systemDictionary.cpp, line 312]
Event: 12.799 Thread 0x00000208a2bc1810 Exception <a 'java/lang/ClassNotFoundException'{0x0000000086f8f9d8}: org/jetbrains/kotlin/gradle/targets/js/npm/DefaultDevNpmDependencyExtensionBeanInfo> (0x0000000086f8f9d8) 
thrown [s\src\hotspot\share\classfile\systemDictionary.cpp, line 312]
Event: 12.800 Thread 0x00000208a2bc1810 Exception <a 'java/lang/ClassNotFoundException'{0x0000000086fa3f50}: org/jetbrains/kotlin/gradle/targets/js/npm/DefaultDevNpmDependencyExtensionCustomizer> (0x0000000086fa3f50) 
thrown [s\src\hotspot\share\classfile\systemDictionary.cpp, line 312]
Event: 12.808 Thread 0x00000208a2bc1810 Exception <a 'java/lang/ClassNotFoundException'{0x0000000086ff24e8}: org/jetbrains/kotlin/gradle/targets/js/npm/DefaultPeerNpmDependencyExtensionBeanInfo> (0x0000000086ff24e8) 
thrown [s\src\hotspot\share\classfile\systemDictionary.cpp, line 312]
Event: 12.809 Thread 0x00000208a2bc1810 Exception <a 'java/lang/ClassNotFoundException'{0x0000000086e06dc8}: org/jetbrains/kotlin/gradle/targets/js/npm/DefaultPeerNpmDependencyExtensionCustomizer> (0x0000000086e06dc8) 
thrown [s\src\hotspot\share\classfile\systemDictionary.cpp, line 312]
Event: 12.813 Thread 0x00000208a2bc1810 Exception <a 'java/lang/ClassNotFoundException'{0x0000000086e58c30}: org/jetbrains/kotlin/gradle/targets/js/npm/DefaultPeerNpmDependencyExtension$delegate$1BeanInfo> (0x0000000086e58c30) 
thrown [s\src\hotspot\share\classfile\systemDictionary.cpp, line 312]
Event: 12.814 Thread 0x00000208a2bc1810 Exception <a 'java/lang/ClassNotFoundException'{0x0000000086e6d3e0}: org/jetbrains/kotlin/gradle/targets/js/npm/DefaultPeerNpmDependencyExtension$delegate$1Customizer> (0x0000000086e6d3e0) 
thrown [s\src\hotspot\share\classfile\systemDictionary.cpp, line 312]

ZGC Phase Switch (0 events):
No events

VM Operations (20 events):
Event: 11.285 Executing safepoint VM operation: G1CollectForAllocation (G1 Evacuation Pause) done
Event: 11.610 Executing safepoint VM operation: G1CollectForAllocation (G1 Evacuation Pause)
Event: 11.613 Executing safepoint VM operation: G1CollectForAllocation (G1 Evacuation Pause) done
Event: 11.634 Executing safepoint VM operation: G1PauseRemark
Event: 11.640 Executing safepoint VM operation: G1PauseRemark done
Event: 11.649 Executing safepoint VM operation: G1PauseCleanup
Event: 11.650 Executing safepoint VM operation: G1PauseCleanup done
Event: 11.918 Executing safepoint VM operation: G1CollectForAllocation (G1 Evacuation Pause)
Event: 11.921 Executing safepoint VM operation: G1CollectForAllocation (G1 Evacuation Pause) done
Event: 11.931 Executing non-safepoint VM operation: HandshakeAllThreads (Deoptimize)
Event: 11.931 Executing non-safepoint VM operation: HandshakeAllThreads (Deoptimize) done
Event: 12.036 Executing non-safepoint VM operation: HandshakeAllThreads (Deoptimize)
Event: 12.036 Executing non-safepoint VM operation: HandshakeAllThreads (Deoptimize) done
Event: 12.559 Executing safepoint VM operation: ICBufferFull
Event: 12.559 Executing safepoint VM operation: ICBufferFull done
Event: 12.595 Executing non-safepoint VM operation: HandshakeAllThreads (Deoptimize)
Event: 12.595 Executing non-safepoint VM operation: HandshakeAllThreads (Deoptimize) done
Event: 12.649 Executing safepoint VM operation: G1CollectForAllocation (G1 Evacuation Pause)
Event: 12.654 Executing safepoint VM operation: G1CollectForAllocation (G1 Evacuation Pause) done
Event: 13.655 Executing safepoint VM operation: Cleanup

Memory protections (0 events):
No events

Nmethod flushes (20 events):
Event: 11.639 Thread 0x00000208ff16b710 flushing  nmethod 0x00000208eca4ab10
Event: 11.639 Thread 0x00000208ff16b710 flushing  nmethod 0x00000208eca4b590
Event: 11.639 Thread 0x00000208ff16b710 flushing  nmethod 0x00000208eca52d90
Event: 11.639 Thread 0x00000208ff16b710 flushing  nmethod 0x00000208eca53210
Event: 11.639 Thread 0x00000208ff16b710 flushing  nmethod 0x00000208eca53690
Event: 11.639 Thread 0x00000208ff16b710 flushing  nmethod 0x00000208eca54890
Event: 11.639 Thread 0x00000208ff16b710 flushing  nmethod 0x00000208ecabf410
Event: 11.639 Thread 0x00000208ff16b710 flushing  nmethod 0x00000208ecabf810
Event: 11.639 Thread 0x00000208ff16b710 flushing  nmethod 0x00000208ecac2b90
Event: 11.639 Thread 0x00000208ff16b710 flushing  nmethod 0x00000208ecac3a10
Event: 11.639 Thread 0x00000208ff16b710 flushing  nmethod 0x00000208ecb03490
Event: 11.639 Thread 0x00000208ff16b710 flushing  nmethod 0x00000208ecb03910
Event: 11.639 Thread 0x00000208ff16b710 flushing  nmethod 0x00000208ecb05390
Event: 11.639 Thread 0x00000208ff16b710 flushing  nmethod 0x00000208ed0d4d10
Event: 11.639 Thread 0x00000208ff16b710 flushing  nmethod 0x00000208ed0d5510
Event: 11.639 Thread 0x00000208ff16b710 flushing  nmethod 0x00000208ed0f3590
Event: 11.639 Thread 0x00000208ff16b710 flushing  nmethod 0x00000208ed0f5010
Event: 11.639 Thread 0x00000208ff16b710 flushing  nmethod 0x00000208ed125f90
Event: 11.639 Thread 0x00000208ff16b710 flushing  nmethod 0x00000208ed126290
Event: 11.639 Thread 0x00000208ff16b710 flushing  nmethod 0x00000208ed126c90

Events (20 events):
Event: 9.892 Thread 0x00000208a2bc1810 Thread added: 0x00000208a6071080
Event: 9.893 Thread 0x00000208a2bc1810 Thread added: 0x00000208a60709f0
Event: 9.893 Thread 0x00000208a2bc1810 Thread added: 0x00000208a6071710
Event: 9.893 Thread 0x00000208a2bc1810 Thread added: 0x00000208a606e290
Event: 9.894 Thread 0x00000208a2bc1810 Thread added: 0x00000208a606fcd0
Event: 9.894 Thread 0x00000208a2bc1810 Thread added: 0x00000208a6070360
Event: 9.894 Thread 0x00000208a2bc1810 Thread added: 0x00000208a606f640
Event: 9.895 Thread 0x00000208a2bc1810 Thread added: 0x00000208a6071da0
Event: 9.896 Thread 0x00000208a2bc1810 Thread added: 0x00000208a606e920
Event: 9.896 Thread 0x00000208a2bc1810 Thread added: 0x00000208a6073150
Event: 9.897 Thread 0x00000208a2bc1810 Thread added: 0x00000208a6073e70
Event: 9.897 Thread 0x00000208a2bc1810 Thread added: 0x00000208a6074500
Event: 9.898 Thread 0x00000208a2bc1810 Thread added: 0x00000208a6072ac0
Event: 9.899 Thread 0x00000208a2bc1810 Thread added: 0x00000208a60737e0
Event: 9.900 Thread 0x00000208a2bc1810 Thread added: 0x00000208a6072430
Event: 9.901 Thread 0x00000208a2bc1810 Thread added: 0x00000208a6074b90
Event: 9.904 Thread 0x00000208a2bc1810 Thread added: 0x00000208a6075220
Event: 9.905 Thread 0x00000208a2bc1810 Thread added: 0x00000208a657eca0
Event: 11.205 Thread 0x00000208a2bc1810 Thread added: 0x00000208a6581a90
Event: 11.975 Thread 0x00000208a2bc1810 Thread added: 0x00000208a65827b0


Dynamic libraries:
0x00007ff6bb590000 - 0x00007ff6bb59e000 	C:\Users\jibri\.antigravity\extensions\redhat.java-1.53.0-win32-x64\jre\21.0.10-win32-x86_64\bin\java.exe
0x00007ffbb9320000 - 0x00007ffbb9587000 	C:\WINDOWS\SYSTEM32\ntdll.dll
0x00007ffb6e780000 - 0x00007ffb6e7a0000 	C:\Program Files\Avast Software\Avast\aswhook.dll
0x00007ffbb7e80000 - 0x00007ffbb7f49000 	C:\WINDOWS\System32\KERNEL32.DLL
0x00007ffbb5d30000 - 0x00007ffbb6121000 	C:\WINDOWS\System32\KERNELBASE.dll
0x00007ffbb6c70000 - 0x00007ffbb6dbb000 	C:\WINDOWS\System32\ucrtbase.dll
0x00007ffbae150000 - 0x00007ffbae168000 	C:\Users\jibri\.antigravity\extensions\redhat.java-1.53.0-win32-x64\jre\21.0.10-win32-x86_64\bin\jli.dll
0x00007ffbb71e0000 - 0x00007ffbb73a5000 	C:\WINDOWS\System32\USER32.dll
0x00007ffbb6fe0000 - 0x00007ffbb7007000 	C:\WINDOWS\System32\win32u.dll
0x00007ffbb8800000 - 0x00007ffbb882b000 	C:\WINDOWS\System32\GDI32.dll
0x00007ffbb5c00000 - 0x00007ffbb5d2b000 	C:\WINDOWS\System32\gdi32full.dll
0x00007ffbb6f30000 - 0x00007ffbb6fd3000 	C:\WINDOWS\System32\msvcp_win.dll
0x00007ffba97d0000 - 0x00007ffba97ee000 	C:\Users\jibri\.antigravity\extensions\redhat.java-1.53.0-win32-x64\jre\21.0.10-win32-x86_64\bin\VCRUNTIME140.dll
0x00007ffb89180000 - 0x00007ffb89413000 	C:\WINDOWS\WinSxS\amd64_microsoft.windows.common-controls_6595b64144ccf1df_6.0.26100.8037_none_3e092faae333b53b\COMCTL32.dll
0x00007ffbb8830000 - 0x00007ffbb88d9000 	C:\WINDOWS\System32\msvcrt.dll
0x00007ffbb8a80000 - 0x00007ffbb8ab1000 	C:\WINDOWS\System32\IMM32.DLL
0x00007ffbab070000 - 0x00007ffbab07c000 	C:\Users\jibri\.antigravity\extensions\redhat.java-1.53.0-win32-x64\jre\21.0.10-win32-x86_64\bin\vcruntime140_1.dll
0x00007ffb284f0000 - 0x00007ffb2857d000 	C:\Users\jibri\.antigravity\extensions\redhat.java-1.53.0-win32-x64\jre\21.0.10-win32-x86_64\bin\msvcp140.dll
0x00007ffac0d20000 - 0x00007ffac1ac1000 	C:\Users\jibri\.antigravity\extensions\redhat.java-1.53.0-win32-x64\jre\21.0.10-win32-x86_64\bin\server\jvm.dll
0x00007ffbb7dc0000 - 0x00007ffbb7e7b000 	C:\WINDOWS\System32\ADVAPI32.dll
0x00007ffbb8ea0000 - 0x00007ffbb8f47000 	C:\WINDOWS\System32\sechost.dll
0x00007ffbb7490000 - 0x00007ffbb75a8000 	C:\WINDOWS\System32\RPCRT4.dll
0x00007ffbb7f50000 - 0x00007ffbb7fc4000 	C:\WINDOWS\System32\WS2_32.dll
0x00007ffbb5a60000 - 0x00007ffbb5abe000 	C:\WINDOWS\SYSTEM32\POWRPROF.dll
0x00007ffba55f0000 - 0x00007ffba5625000 	C:\WINDOWS\SYSTEM32\WINMM.dll
0x00007ffbada20000 - 0x00007ffbada2b000 	C:\WINDOWS\SYSTEM32\VERSION.dll
0x00007ffbb5a40000 - 0x00007ffbb5a54000 	C:\WINDOWS\SYSTEM32\UMPDC.dll
0x00007ffbb4960000 - 0x00007ffbb497b000 	C:\WINDOWS\SYSTEM32\kernel.appcore.dll
0x00007ffbab000000 - 0x00007ffbab00a000 	C:\Users\jibri\.antigravity\extensions\redhat.java-1.53.0-win32-x64\jre\21.0.10-win32-x86_64\bin\jimage.dll
0x00007ffbb38d0000 - 0x00007ffbb3b12000 	C:\WINDOWS\SYSTEM32\DBGHELP.DLL
0x00007ffbb8f50000 - 0x00007ffbb92d2000 	C:\WINDOWS\System32\combase.dll
0x00007ffbb75b0000 - 0x00007ffbb7687000 	C:\WINDOWS\System32\OLEAUT32.dll
0x00007ffba6740000 - 0x00007ffba677b000 	C:\WINDOWS\SYSTEM32\dbgcore.DLL
0x00007ffbb7010000 - 0x00007ffbb70b5000 	C:\WINDOWS\System32\bcryptPrimitives.dll
0x00007ffb9b0d0000 - 0x00007ffb9b0df000 	C:\Users\jibri\.antigravity\extensions\redhat.java-1.53.0-win32-x64\jre\21.0.10-win32-x86_64\bin\instrument.dll
0x00007ffb7c9b0000 - 0x00007ffb7c9d0000 	C:\Users\jibri\.antigravity\extensions\redhat.java-1.53.0-win32-x64\jre\21.0.10-win32-x86_64\bin\java.dll
0x00007ffbb8090000 - 0x00007ffbb87ef000 	C:\WINDOWS\System32\SHELL32.dll
0x00007ffbb6dc0000 - 0x00007ffbb6f2a000 	C:\WINDOWS\System32\wintypes.dll
0x00007ffbb6400000 - 0x00007ffbb6c64000 	C:\WINDOWS\System32\windows.storage.dll
0x00007ffbb8b20000 - 0x00007ffbb8c17000 	C:\WINDOWS\System32\SHCORE.dll
0x00007ffbb7b20000 - 0x00007ffbb7b87000 	C:\WINDOWS\System32\shlwapi.dll
0x00007ffbb5b20000 - 0x00007ffbb5b49000 	C:\WINDOWS\SYSTEM32\profapi.dll
0x00007ffbab150000 - 0x00007ffbab168000 	C:\Users\jibri\.antigravity\extensions\redhat.java-1.53.0-win32-x64\jre\21.0.10-win32-x86_64\bin\zip.dll
0x00007ffbab0a0000 - 0x00007ffbab0b0000 	C:\Users\jibri\.antigravity\extensions\redhat.java-1.53.0-win32-x64\jre\21.0.10-win32-x86_64\bin\net.dll
0x00007ffbadd30000 - 0x00007ffbade57000 	C:\WINDOWS\SYSTEM32\WINHTTP.dll
0x00007ffbb4ee0000 - 0x00007ffbb4f4b000 	C:\WINDOWS\system32\mswsock.dll
0x00007ffbab080000 - 0x00007ffbab096000 	C:\Users\jibri\.antigravity\extensions\redhat.java-1.53.0-win32-x64\jre\21.0.10-win32-x86_64\bin\nio.dll
0x00007ffbae180000 - 0x00007ffbae190000 	C:\Users\jibri\.antigravity\extensions\redhat.java-1.53.0-win32-x64\jre\21.0.10-win32-x86_64\bin\verify.dll
0x00007ffbab0c0000 - 0x00007ffbab0e7000 	C:\Users\jibri\.gradle\native\1def1411415f61bf3af743bc5b6707747c0891f09f0c88961ee8f79bc544acac\windows-amd64\native-platform.dll
0x00007ffb4d480000 - 0x00007ffb4d4f7000 	C:\Users\jibri\.gradle\native\0.2.8\x86_64-windows-gnu\gradle-fileevents.dll
0x00007ffbae170000 - 0x00007ffbae17a000 	C:\Users\jibri\.antigravity\extensions\redhat.java-1.53.0-win32-x64\jre\21.0.10-win32-x86_64\bin\management.dll
0x00007ffbab140000 - 0x00007ffbab14c000 	C:\Users\jibri\.antigravity\extensions\redhat.java-1.53.0-win32-x64\jre\21.0.10-win32-x86_64\bin\management_ext.dll
0x00007ffbb7470000 - 0x00007ffbb7478000 	C:\WINDOWS\System32\PSAPI.DLL
0x00007ffbb4390000 - 0x00007ffbb43c3000 	C:\WINDOWS\SYSTEM32\IPHLPAPI.DLL
0x00007ffbb71d0000 - 0x00007ffbb71da000 	C:\WINDOWS\System32\NSI.dll
0x00007ffbab180000 - 0x00007ffbab189000 	C:\Users\jibri\.antigravity\extensions\redhat.java-1.53.0-win32-x64\jre\21.0.10-win32-x86_64\bin\extnet.dll
0x00007ffbb51e0000 - 0x00007ffbb51fb000 	C:\WINDOWS\SYSTEM32\CRYPTSP.dll
0x00007ffbb48c0000 - 0x00007ffbb48f9000 	C:\WINDOWS\system32\rsaenh.dll
0x00007ffbb4fb0000 - 0x00007ffbb4fe2000 	C:\WINDOWS\SYSTEM32\USERENV.dll
0x00007ffbb5af0000 - 0x00007ffbb5b1a000 	C:\WINDOWS\SYSTEM32\bcrypt.dll
0x00007ffbb5200000 - 0x00007ffbb520c000 	C:\WINDOWS\SYSTEM32\CRYPTBASE.dll
0x00007ffbab190000 - 0x00007ffbab19e000 	C:\Users\jibri\.antigravity\extensions\redhat.java-1.53.0-win32-x64\jre\21.0.10-win32-x86_64\bin\sunmscapi.dll
0x00007ffbb6280000 - 0x00007ffbb63f7000 	C:\WINDOWS\System32\CRYPT32.dll
0x00007ffbb5400000 - 0x00007ffbb5430000 	C:\WINDOWS\SYSTEM32\ncrypt.dll
0x00007ffbb53b0000 - 0x00007ffbb53ef000 	C:\WINDOWS\SYSTEM32\NTASN1.dll
0x00007ffb89640000 - 0x00007ffb89648000 	C:\WINDOWS\system32\wshunix.dll

JVMTI agents:
C:\Users\jibri\.gradle\wrapper\dists\gradle-9.0.0-bin\d6wjpkvcgsg3oed0qlfss3wgl\gradle-9.0.0\lib\agents\gradle-instrumentation-agent-9.0.0.jar path:C:\Users\jibri\.antigravity\extensions\redhat.java-1.53.0-win32-x64\jre\21.0.10-win32-x86_64\bin\instrument.dll, loaded, initialized, instrumentlib options:none

dbghelp: loaded successfully - version: 4.0.5 - missing functions: none
symbol engine: initialized successfully - sym options: 0x614 - pdb path: .;C:\Users\jibri\.antigravity\extensions\redhat.java-1.53.0-win32-x64\jre\21.0.10-win32-x86_64\bin;C:\WINDOWS\SYSTEM32;C:\Program Files\Avast Software\Avast;C:\WINDOWS\WinSxS\amd64_microsoft.windows.common-controls_6595b64144ccf1df_6.0.26100.8037_none_3e092faae333b53b;C:\Users\jibri\.antigravity\extensions\redhat.java-1.53.0-win32-x64\jre\21.0.10-win32-x86_64\bin\server;C:\Users\jibri\.gradle\native\1def1411415f61bf3af743bc5b6707747c0891f09f0c88961ee8f79bc544acac\windows-amd64;C:\Users\jibri\.gradle\native\0.2.8\x86_64-windows-gnu

VM Arguments:
jvm_args: --add-opens=java.base/java.lang=ALL-UNNAMED --add-opens=java.base/java.lang.invoke=ALL-UNNAMED --add-opens=java.base/java.util=ALL-UNNAMED --add-opens=java.prefs/java.util.prefs=ALL-UNNAMED --add-exports=jdk.compiler/com.sun.tools.javac.api=ALL-UNNAMED --add-exports=jdk.compiler/com.sun.tools.javac.util=ALL-UNNAMED --add-opens=java.base/java.util=ALL-UNNAMED --add-opens=java.prefs/java.util.prefs=ALL-UNNAMED --add-opens=java.base/java.nio.charset=ALL-UNNAMED --add-opens=java.base/java.net=ALL-UNNAMED --add-opens=java.base/java.util.concurrent=ALL-UNNAMED --add-opens=java.base/java.util.concurrent.atomic=ALL-UNNAMED --add-opens=java.xml/javax.xml.namespace=ALL-UNNAMED -XX:MaxMetaspaceSize=512m -Xmx2048m -Dfile.encoding=UTF-8 -Duser.country=PH -Duser.language=en -Duser.variant -javaagent:C:\Users\jibri\.gradle\wrapper\dists\gradle-9.0.0-bin\d6wjpkvcgsg3oed0qlfss3wgl\gradle-9.0.0\lib\agents\gradle-instrumentation-agent-9.0.0.jar 
java_command: org.gradle.launcher.daemon.bootstrap.GradleDaemon 9.0.0
java_class_path (initial): C:\Users\jibri\.gradle\wrapper\dists\gradle-9.0.0-bin\d6wjpkvcgsg3oed0qlfss3wgl\gradle-9.0.0\lib\gradle-daemon-main-9.0.0.jar
Launcher Type: SUN_STANDARD

[Global flags]
     intx CICompilerCount                          = 12                                        {product} {ergonomic}
   size_t CompressedClassSpaceSize                 = 436207616                                 {product} {ergonomic}
     uint ConcGCThreads                            = 4                                         {product} {ergonomic}
     uint G1ConcRefinementThreads                  = 15                                        {product} {ergonomic}
   size_t G1HeapRegionSize                         = 1048576                                   {product} {ergonomic}
    uintx GCDrainStackTargetSize                   = 64                                        {product} {ergonomic}
   size_t InitialHeapSize                          = 130023424                                 {product} {ergonomic}
   size_t MarkStackSize                            = 4194304                                   {product} {ergonomic}
   size_t MaxHeapSize                              = 2147483648                                {product} {command line}
   size_t MaxMetaspaceSize                         = 536870912                                 {product} {command line}
   size_t MaxNewSize                               = 1287651328                                {product} {ergonomic}
   size_t MinHeapDeltaBytes                        = 1048576                                   {product} {ergonomic}
   size_t MinHeapSize                              = 8388608                                   {product} {ergonomic}
    uintx NonNMethodCodeHeapSize                   = 7602480                                {pd product} {ergonomic}
    uintx NonProfiledCodeHeapSize                  = 122027880                              {pd product} {ergonomic}
    uintx ProfiledCodeHeapSize                     = 122027880                              {pd product} {ergonomic}
    uintx ReservedCodeCacheSize                    = 251658240                              {pd product} {ergonomic}
     bool SegmentedCodeCache                       = true                                      {product} {ergonomic}
   size_t SoftMaxHeapSize                          = 2147483648                             {manageable} {ergonomic}
     bool UseCompressedOops                        = true                           {product lp64_product} {ergonomic}
     bool UseG1GC                                  = true                                      {product} {ergonomic}
     bool UseLargePagesIndividualAllocation        = false                                  {pd product} {ergonomic}

Logging:
Log output configuration:
 #0: stdout all=warning uptime,level,tags foldmultilines=false
 #1: stderr all=off uptime,level,tags foldmultilines=false

Release file:
JAVA_VERSION="21.0.10" 
MODULES="java.base java.compiler java.datatransfer java.xml java.prefs java.desktop java.instrument java.logging java.management java.security.sasl java.naming java.rmi java.management.rmi java.net.http java.scripting java.security.jgss java.transaction.xa java.sql java.sql.rowset java.xml.crypto java.se java.smartcardio jdk.accessibility jdk.internal.jvmstat jdk.attach jdk.charsets jdk.internal.opt jdk.zipfs jdk.compiler jdk.crypto.ec jdk.crypto.cryptoki jdk.crypto.mscapi jdk.dynalink jdk.internal.ed jdk.editpad jdk.hotspot.agent jdk.httpserver jdk.internal.le jdk.internal.vm.ci jdk.internal.vm.compiler jdk.internal.vm.compiler.management jdk.jartool jdk.javadoc jdk.jcmd jdk.management jdk.management.agent jdk.jconsole jdk.jdeps jdk.jdwp.agent jdk.jdi jdk.jfr jdk.jshell jdk.jsobject jdk.jstatd jdk.localedata jdk.management.jfr jdk.naming.dns jdk.naming.rmi jdk.net jdk.nio.mapmode jdk.random jdk.sctp jdk.security.auth jdk.security.jgss jdk.unsupported jdk.unsupported.desktop jdk.xml.dom" 

Environment Variables:
JAVA_HOME=C:\Program Files\Java\jdk-17
PATH=C:\Program Files\Microsoft\jdk-17.0.16.8-hotspot\bin;C:\ProgramData\Oracle\Java\javapath;C:\Program Files\NVIDIA GPU Computing Toolkit\CUDA\v12.8\bin;C:\Program Files\NVIDIA GPU Computing Toolkit\CUDA\v12.8\libnvvp;C:\Program Files\Common Files\Oracle\Java\javapath;C:\PHP\phpoldversion\;C:\Windows\system32;C:\Windows;C:\Windows\System32\Wbem;C:\Windows\System32\WindowsPowerShell\v1.0\;C:\Windows\System32\OpenSSH\;C:\Program Files (x86)\NVIDIA Corporation\PhysX\Common;C:\Program Files\Microsoft SQL Server\150\Tools\Binn\;C:\Program Files\Microsoft SQL Server\Client SDK\ODBC\170\Tools\Binn\;C:\ProgramData\ComposerSetup\bin;C:\Users\jibri\.config\herd\bin\nvm;C:\Program Files\nodejs;C:\Program Files\Java\jdk-17\bin;C:\xampp\php;C:\WINDOWS\system32;C:\WINDOWS;C:\WINDOWS\System32\Wbem;C:\WINDOWS\System32\WindowsPowerShell\v1.0\;C:\WINDOWS\System32\OpenSSH\;C:\Program Files\nodejs\;C:\Program Files\Git\cmd;C:\Program Files\Git\bin;C:\Users\jibri\AppData\Local\Pub\Cache\bin;C:\Program Files\NVIDIA Corporation\NVIDIA app\NvDLISR;C:\Program Files\heroku\bin;C:\Program Files\NVIDIA Corporation\Nsight Compute 2025.1.1\;C:\ProgramData\chocolatey\bin;C:\Users\jibri\AppData\Local\Programs\Python\Python310\Scripts;C:\Program Files\dotnet\;C:\Program Files (x86)\Windows Kits\10\Windows Performance Toolkit\;C:\Users\jibri\AppData\Local\Android\Sdk\platform-tools;C:\Program Files\Docker\Docker\resources\bin;C:\Program Files\MySQL\MySQL Shell 8.0\bin\;C:\Users\jibri\AppData\Local\Programs\Python\Python310\Scripts\;C:\Users\jibri\AppData\Local\Programs\Python\Python310\;C:\Users\jibri\.config\herd\bin;C:\Users\jibri\AppData\Local\Microsoft\WindowsApps;C:\Users\jibri\AppData\Local\Programs\Microsoft VS Code\bin;C:\Users\jibri\AppData\Roaming\Composer\vendor\bin;C:\flutter\flutter\bin;C:\Users\jibri\AppData\Roaming\npm;C:\Program Files\Git;C:\Users\jibri\AppData\Local\Pub\Cache\bin;C:\Program Files\heroku\bin;C:\Users\jibri\.dotnet\tools;C:\AppServ\Apache24\bin;C:\AppServ\php7;C:\AppServ\MySQL\bin;C:\Users\jibri\AppData\Local\Android\Sdk\build-tools;C:\ProgramData\chocolatey\bin;C:\Program Files\nodejs\;C:\Users\jibri\AppData\Local\Programs\cursor\resources\app\bin;C:\Users\jibri\AppData\Local\Programs\Antigravity\bin
USERNAME=jibri
OS=Windows_NT
PROCESSOR_IDENTIFIER=Intel64 Family 6 Model 191 Stepping 2, GenuineIntel
TMP=C:\Users\jibri\AppData\Local\Temp
TEMP=C:\Users\jibri\AppData\Local\Temp




Periodic native trim disabled

---------------  S Y S T E M  ---------------

OS:
 Windows 11 , 64 bit Build 26100 (10.0.26100.7920)
OS uptime: 3 days 20:57 hours
Hyper-V role detected

CPU: total 20 (initial active 20) (10 cores per cpu, 2 threads per core) family 6 model 191 stepping 2 microcode 0x2c, cx8, cmov, fxsr, ht, mmx, 3dnowpref, sse, sse2, sse3, ssse3, sse4.1, sse4.2, popcnt, lzcnt, tsc, tscinvbit, avx, avx2, aes, erms, clmul, bmi1, bmi2, adx, sha, fma, vzeroupper, clflush, clflushopt, clwb, hv, serialize, rdtscp, rdpid, fsrm, f16c, cet_ibt, cet_ss
Processor Information for processor 0
  Max Mhz: 2500, Current Mhz: 2500, Mhz Limit: 2500
Processor Information for processor 1
  Max Mhz: 2500, Current Mhz: 2500, Mhz Limit: 2500
Processor Information for processor 2
  Max Mhz: 2500, Current Mhz: 2500, Mhz Limit: 2500
Processor Information for processor 3
  Max Mhz: 2500, Current Mhz: 2500, Mhz Limit: 2500
Processor Information for processor 4
  Max Mhz: 2500, Current Mhz: 2500, Mhz Limit: 2500
Processor Information for processor 5
  Max Mhz: 2500, Current Mhz: 2500, Mhz Limit: 2500
Processor Information for processor 6
  Max Mhz: 2500, Current Mhz: 2500, Mhz Limit: 2500
Processor Information for processor 7
  Max Mhz: 2500, Current Mhz: 2500, Mhz Limit: 2500
Processor Information for processor 8
  Max Mhz: 2500, Current Mhz: 2500, Mhz Limit: 2500
Processor Information for processor 9
  Max Mhz: 2500, Current Mhz: 2500, Mhz Limit: 2500
Processor Information for processor 10
  Max Mhz: 2500, Current Mhz: 2500, Mhz Limit: 2500
Processor Information for processor 11
  Max Mhz: 2500, Current Mhz: 2500, Mhz Limit: 2500
Processor Information for processor 12
  Max Mhz: 2500, Current Mhz: 1800, Mhz Limit: 1800
Processor Information for processor 13
  Max Mhz: 2500, Current Mhz: 1800, Mhz Limit: 1800
Processor Information for processor 14
  Max Mhz: 2500, Current Mhz: 1800, Mhz Limit: 1800
Processor Information for processor 15
  Max Mhz: 2500, Current Mhz: 1800, Mhz Limit: 1800
Processor Information for processor 16
  Max Mhz: 2500, Current Mhz: 1800, Mhz Limit: 1800
Processor Information for processor 17
  Max Mhz: 2500, Current Mhz: 1800, Mhz Limit: 1800
Processor Information for processor 18
  Max Mhz: 2500, Current Mhz: 1800, Mhz Limit: 1800
Processor Information for processor 19
  Max Mhz: 2500, Current Mhz: 1800, Mhz Limit: 1800

Memory: 4k page, system-wide physical 7911M (296M free)
TotalPageFile size 32487M (AvailPageFile size 0M)
current process WorkingSet (physical memory assigned to process): 313M, peak: 326M
current process commit charge ("private bytes"): 388M, peak: 391M

vm_info: OpenJDK 64-Bit Server VM (21.0.10+7-LTS) for windows-amd64 JRE (21.0.10+7-LTS), built on 2026-01-20T00:00:00Z by "admin" with MS VC++ 17.12 (VS2022)

END.
