#
# There is insufficient memory for the Java Runtime Environment to continue.
# Native memory allocation (malloc) failed to allocate 1368064 bytes. Error detail: Chunk::new
# Possible reasons:
#   The system is out of physical RAM or swap space
#   This process is running with CompressedOops enabled, and the Java Heap may be blocking the growth of the native heap
# Possible solutions:
#   Reduce memory load on the system
#   Increase physical memory or swap space
#   Check if swap backing store is full
#   Decrease Java heap size (-Xmx/-Xms)
#   Decrease number of Java threads
#   Decrease Java thread stack sizes (-Xss)
#   Set larger code cache with -XX:ReservedCodeCacheSize=
#   JVM is running with Unscaled Compressed Oops mode in which the Java heap is
#     placed in the first 4GB address space. The Java Heap base address is the
#     maximum limit for the native heap growth. Please use -XX:HeapBaseMinAddress
#     to set the Java Heap base and to place the Java Heap above 4GB virtual address.
# This output file may be truncated or incomplete.
#
#  Out of Memory Error (arena.cpp:168), pid=25984, tid=31796
#
# JRE version: OpenJDK Runtime Environment Temurin-21.0.10+7 (21.0.10+7) (build 21.0.10+7-LTS)
# Java VM: OpenJDK 64-Bit Server VM Temurin-21.0.10+7 (21.0.10+7-LTS, mixed mode, sharing, tiered, compressed oops, compressed class ptrs, parallel gc, windows-amd64)
# No core dump will be written. Minidumps are not enabled by default on client versions of Windows
#

---------------  S U M M A R Y ------------

Command Line: --add-modules=ALL-SYSTEM --add-opens=java.base/java.util=ALL-UNNAMED --add-opens=java.base/java.lang=ALL-UNNAMED --add-opens=java.base/sun.nio.fs=ALL-UNNAMED -Declipse.application=org.eclipse.jdt.ls.core.id1 -Dosgi.bundles.defaultStartLevel=4 -Declipse.product=org.eclipse.jdt.ls.core.product -Djava.import.generatesMetadataFilesAtProjectRoot=false -DDetectVMInstallationsJob.disabled=true -Dfile.encoding=utf8 -XX:+UseParallelGC -XX:GCTimeRatio=4 -XX:AdaptiveSizePolicyWeight=90 -Dsun.zip.disableMemoryMapping=true -Xmx2G -Xms100m -Xlog:disable -javaagent:c:\Users\jibri\.vscode\extensions\redhat.java-1.54.0-win32-x64\lombok\lombok-1.18.39-4050.jar -XX:+HeapDumpOnOutOfMemoryError -XX:HeapDumpPath=c:\Users\jibri\AppData\Roaming\Code\User\workspaceStorage\8b75b7c593fc459511d45e689933c160\redhat.java -Daether.dependencyCollector.impl=bf c:\Users\jibri\.vscode\extensions\redhat.java-1.54.0-win32-x64\server\plugins\org.eclipse.equinox.launcher_1.7.100.v20251111-0406.jar -configuration c:\Users\jibri\AppData\Roaming\Code\User\globalStorage\redhat.java\1.54.0\config_win -data c:\Users\jibri\AppData\Roaming\Code\User\workspaceStorage\8b75b7c593fc459511d45e689933c160\redhat.java\jdt_ws --pipe=\\.\pipe\lsp-06512e153432b3ed2e2c255af44f215c-sock

Host: 13th Gen Intel(R) Core(TM) i5-13500HX, 15 cores, 7G,  Windows 11 , 64 bit Build 26100 (10.0.26100.8328)
Time: Sun May 24 12:22:54 2026 Malay Peninsula Standard Time elapsed time: 39.967244 seconds (0d 0h 0m 39s)

---------------  T H R E A D  ---------------

Current thread (0x0000017ab2cfad60):  JavaThread "C2 CompilerThread0" daemon [_thread_in_native, id=31796, stack(0x00000001f5100000,0x00000001f5200000) (1024K)]


Current CompileTask:
C2:39967 10656 % !   4       org.eclipse.jdt.internal.core.JarPackageFragmentRoot::computeChildren @ 247 (606 bytes)

Stack: [0x00000001f5100000,0x00000001f5200000]
Native frames: (J=compiled Java code, j=interpreted, Vv=VM code, C=native code)
V  [jvm.dll+0x6d7a39]
V  [jvm.dll+0x8b4b26]
V  [jvm.dll+0x8b70de]
V  [jvm.dll+0x8b77c3]
V  [jvm.dll+0x284346]
V  [jvm.dll+0xc66ed]
V  [jvm.dll+0xc6c31]
V  [jvm.dll+0x3bec3b]
V  [jvm.dll+0x38b162]
V  [jvm.dll+0x38a5aa]
V  [jvm.dll+0x24c560]
V  [jvm.dll+0x24bb40]
V  [jvm.dll+0x1cb34e]
V  [jvm.dll+0x25b85d]
V  [jvm.dll+0x259dea]
V  [jvm.dll+0x3f857e]
V  [jvm.dll+0x85f59d]
V  [jvm.dll+0x6d626d]
C  [ucrtbase.dll+0x37b0]
C  [KERNEL32.DLL+0x2e957]
C  [ntdll.dll+0x427c]


---------------  P R O C E S S  ---------------

Threads class SMR info:
_java_thread_list=0x0000017b15b02a20, length=63, elements={
0x0000017ab2c422e0, 0x0000017ab2ce4400, 0x0000017ac943dce0, 0x0000017ab2ced8a0,
0x0000017ab2cf07c0, 0x0000017ab2cf1fe0, 0x0000017ab2cf3930, 0x0000017ab2cfad60,
0x0000017ab2cfd680, 0x0000017b0bace380, 0x0000017b0bc1d7b0, 0x0000017b118100c0,
0x0000017b0bc6b150, 0x0000017b11185280, 0x0000017b110f5100, 0x0000017b0ba32240,
0x0000017b11a11f90, 0x0000017b11c3f6c0, 0x0000017b0ba78b40, 0x0000017b11b0af70,
0x0000017b11b0bc90, 0x0000017b11b0b600, 0x0000017b12a6e0e0, 0x0000017b12a70840,
0x0000017b12a6fb20, 0x0000017b12a6e770, 0x0000017b12a6ee00, 0x0000017b12a701b0,
0x0000017b12a70ed0, 0x0000017b12a6da50, 0x0000017b12a71560, 0x0000017b12a71bf0,
0x0000017b12a72280, 0x0000017b12a72910, 0x0000017b12a6f490, 0x0000017b12a72fa0,
0x0000017b12a73630, 0x0000017b12a74350, 0x0000017b12a749e0, 0x0000017b12a73cc0,
0x0000017b125d4ed0, 0x0000017b125d1a50, 0x0000017b125d3490, 0x0000017b125d5560,
0x0000017b125d41b0, 0x0000017b125d2e00, 0x0000017b125d3b20, 0x0000017b125d7630,
0x0000017b125d7cc0, 0x0000017b125d6910, 0x0000017b125d6fa0, 0x0000017b125d9070,
0x0000017b125d89e0, 0x0000017b125d8350, 0x0000017b125d6280, 0x0000017b11fefca0,
0x0000017b11feceb0, 0x0000017b11fee8f0, 0x0000017b11ff0330, 0x0000017b11ff09c0,
0x0000017b11fed540, 0x0000017b1377c2b0, 0x0000017b11fedbd0
}

Java Threads: ( => current thread )
  0x0000017ab2c422e0 JavaThread "main"                              [_thread_blocked, id=28044, stack(0x00000001f4700000,0x00000001f4800000) (1024K)]
  0x0000017ab2ce4400 JavaThread "Reference Handler"          daemon [_thread_blocked, id=31312, stack(0x00000001f4b00000,0x00000001f4c00000) (1024K)]
  0x0000017ac943dce0 JavaThread "Finalizer"                  daemon [_thread_blocked, id=34068, stack(0x00000001f4c00000,0x00000001f4d00000) (1024K)]
  0x0000017ab2ced8a0 JavaThread "Signal Dispatcher"          daemon [_thread_blocked, id=15040, stack(0x00000001f4d00000,0x00000001f4e00000) (1024K)]
  0x0000017ab2cf07c0 JavaThread "Attach Listener"            daemon [_thread_blocked, id=2256, stack(0x00000001f4e00000,0x00000001f4f00000) (1024K)]
  0x0000017ab2cf1fe0 JavaThread "Service Thread"             daemon [_thread_blocked, id=32436, stack(0x00000001f4f00000,0x00000001f5000000) (1024K)]
  0x0000017ab2cf3930 JavaThread "Monitor Deflation Thread"   daemon [_thread_blocked, id=13856, stack(0x00000001f5000000,0x00000001f5100000) (1024K)]
=>0x0000017ab2cfad60 JavaThread "C2 CompilerThread0"         daemon [_thread_in_native, id=31796, stack(0x00000001f5100000,0x00000001f5200000) (1024K)]
  0x0000017ab2cfd680 JavaThread "C1 CompilerThread0"         daemon [_thread_blocked, id=34808, stack(0x00000001f5200000,0x00000001f5300000) (1024K)]
  0x0000017b0bace380 JavaThread "Common-Cleaner"             daemon [_thread_blocked, id=4504, stack(0x00000001f5400000,0x00000001f5500000) (1024K)]
  0x0000017b0bc1d7b0 JavaThread "Notification Thread"        daemon [_thread_blocked, id=17712, stack(0x00000001f5500000,0x00000001f5600000) (1024K)]
  0x0000017b118100c0 JavaThread "Active Thread: Equinox Container: d9dd1a5b-a5a0-4fcd-86e9-107fcc20daa8"        [_thread_blocked, id=28988, stack(0x00000001f5c00000,0x00000001f5d00000) (1024K)]
  0x0000017b0bc6b150 JavaThread "Refresh Thread: Equinox Container: d9dd1a5b-a5a0-4fcd-86e9-107fcc20daa8" daemon [_thread_blocked, id=18296, stack(0x00000001f5d00000,0x00000001f5e00000) (1024K)]
  0x0000017b11185280 JavaThread "Framework Event Dispatcher: Equinox Container: d9dd1a5b-a5a0-4fcd-86e9-107fcc20daa8" daemon [_thread_blocked, id=33864, stack(0x00000001f5e00000,0x00000001f5f00000) (1024K)]
  0x0000017b110f5100 JavaThread "Start Level: Equinox Container: d9dd1a5b-a5a0-4fcd-86e9-107fcc20daa8" daemon [_thread_blocked, id=33268, stack(0x00000001f5f00000,0x00000001f6000000) (1024K)]
  0x0000017b0ba32240 JavaThread "Bundle File Closer"         daemon [_thread_blocked, id=34556, stack(0x00000001f6400000,0x00000001f6500000) (1024K)]
  0x0000017b11a11f90 JavaThread "SCR Component Actor"        daemon [_thread_blocked, id=10680, stack(0x00000001f6300000,0x00000001f6400000) (1024K)]
  0x0000017b11c3f6c0 JavaThread "Worker-JM"                         [_thread_blocked, id=29504, stack(0x00000001f6700000,0x00000001f6800000) (1024K)]
  0x0000017b0ba78b40 JavaThread "JNA Cleaner"                daemon [_thread_blocked, id=33536, stack(0x00000001f6500000,0x00000001f6600000) (1024K)]
  0x0000017b11b0af70 JavaThread "Worker-0: Initialize workspace"        [_thread_blocked, id=34364, stack(0x00000001f6600000,0x00000001f6700000) (1024K)]
  0x0000017b11b0bc90 JavaThread "Worker-1: Refreshing workspace"        [_thread_in_native, id=448, stack(0x00000001f6900000,0x00000001f6a00000) (1024K)]
  0x0000017b11b0b600 JavaThread "Worker-2"                          [_thread_blocked, id=27864, stack(0x00000001f6b00000,0x00000001f6c00000) (1024K)]
  0x0000017b12a6e0e0 JavaThread "Java indexing"              daemon [_thread_blocked, id=16932, stack(0x00000001f6c00000,0x00000001f6d00000) (1024K)]
  0x0000017b12a70840 JavaThread "Worker-3"                          [_thread_blocked, id=28936, stack(0x00000001f6d00000,0x00000001f6e00000) (1024K)]
  0x0000017b12a6fb20 JavaThread "Worker-4"                          [_thread_blocked, id=25596, stack(0x00000001f7000000,0x00000001f7100000) (1024K)]
  0x0000017b12a6e770 JavaThread "Worker-5"                          [_thread_blocked, id=24564, stack(0x00000001f7100000,0x00000001f7200000) (1024K)]
  0x0000017b12a6ee00 JavaThread "Worker-6: Updating workspace"        [_thread_blocked, id=32572, stack(0x00000001f7200000,0x00000001f7300000) (1024K)]
  0x0000017b12a701b0 JavaThread "Thread-1"                   daemon [_thread_in_native, id=19012, stack(0x00000001f7300000,0x00000001f7400000) (1024K)]
  0x0000017b12a70ed0 JavaThread "Thread-2"                   daemon [_thread_in_native, id=25244, stack(0x00000001f7400000,0x00000001f7500000) (1024K)]
  0x0000017b12a6da50 JavaThread "Thread-3"                   daemon [_thread_in_native, id=24952, stack(0x00000001f7500000,0x00000001f7600000) (1024K)]
  0x0000017b12a71560 JavaThread "Thread-4"                   daemon [_thread_in_native, id=23896, stack(0x00000001f7600000,0x00000001f7700000) (1024K)]
  0x0000017b12a71bf0 JavaThread "Thread-5"                   daemon [_thread_in_native, id=10324, stack(0x00000001f7700000,0x00000001f7800000) (1024K)]
  0x0000017b12a72280 JavaThread "Thread-6"                   daemon [_thread_in_native, id=23668, stack(0x00000001f7800000,0x00000001f7900000) (1024K)]
  0x0000017b12a72910 JavaThread "Thread-7"                   daemon [_thread_in_native, id=29648, stack(0x00000001f7900000,0x00000001f7a00000) (1024K)]
  0x0000017b12a6f490 JavaThread "Thread-8"                   daemon [_thread_in_native, id=15148, stack(0x00000001f7a00000,0x00000001f7b00000) (1024K)]
  0x0000017b12a72fa0 JavaThread "Thread-9"                   daemon [_thread_in_native, id=24260, stack(0x00000001f7b00000,0x00000001f7c00000) (1024K)]
  0x0000017b12a73630 JavaThread "Thread-10"                  daemon [_thread_in_native, id=16436, stack(0x00000001f7c00000,0x00000001f7d00000) (1024K)]
  0x0000017b12a74350 JavaThread "Thread-11"                  daemon [_thread_in_native, id=12084, stack(0x00000001f7d00000,0x00000001f7e00000) (1024K)]
  0x0000017b12a749e0 JavaThread "Thread-12"                  daemon [_thread_in_native, id=29532, stack(0x00000001f7e00000,0x00000001f7f00000) (1024K)]
  0x0000017b12a73cc0 JavaThread "Thread-13"                  daemon [_thread_in_native, id=6760, stack(0x00000001f7f00000,0x00000001f8000000) (1024K)]
  0x0000017b125d4ed0 JavaThread "Thread-14"                  daemon [_thread_in_native, id=34080, stack(0x00000001f8000000,0x00000001f8100000) (1024K)]
  0x0000017b125d1a50 JavaThread "Thread-15"                  daemon [_thread_in_native, id=29608, stack(0x00000001f8100000,0x00000001f8200000) (1024K)]
  0x0000017b125d3490 JavaThread "Thread-16"                  daemon [_thread_in_native, id=26092, stack(0x00000001f8200000,0x00000001f8300000) (1024K)]
  0x0000017b125d5560 JavaThread "pool-2-thread-1"                   [_thread_blocked, id=31432, stack(0x00000001f8300000,0x00000001f8400000) (1024K)]
  0x0000017b125d41b0 JavaThread "WorkspaceEventsHandler"            [_thread_blocked, id=25660, stack(0x00000001f8400000,0x00000001f8500000) (1024K)]
  0x0000017b125d2e00 JavaThread "pool-1-thread-1"                   [_thread_blocked, id=13108, stack(0x00000001f8500000,0x00000001f8600000) (1024K)]
  0x0000017b125d3b20 JavaThread "ForkJoinPool.commonPool-worker-1" daemon [_thread_blocked, id=21048, stack(0x00000001f8600000,0x00000001f8700000) (1024K)]
  0x0000017b125d7630 JavaThread "ForkJoinPool.commonPool-worker-2" daemon [_thread_blocked, id=31316, stack(0x00000001f8700000,0x00000001f8800000) (1024K)]
  0x0000017b125d7cc0 JavaThread "ForkJoinPool.commonPool-worker-3" daemon [_thread_blocked, id=1264, stack(0x00000001f8800000,0x00000001f8900000) (1024K)]
  0x0000017b125d6910 JavaThread "ForkJoinPool.commonPool-worker-4" daemon [_thread_blocked, id=23064, stack(0x00000001f8900000,0x00000001f8a00000) (1024K)]
  0x0000017b125d6fa0 JavaThread "ForkJoinPool.commonPool-worker-5" daemon [_thread_blocked, id=10784, stack(0x00000001f8a00000,0x00000001f8b00000) (1024K)]
  0x0000017b125d9070 JavaThread "ForkJoinPool.commonPool-worker-6" daemon [_thread_blocked, id=30420, stack(0x00000001f8b00000,0x00000001f8c00000) (1024K)]
  0x0000017b125d89e0 JavaThread "ForkJoinPool.commonPool-worker-7" daemon [_thread_blocked, id=31120, stack(0x00000001f8c00000,0x00000001f8d00000) (1024K)]
  0x0000017b125d8350 JavaThread "ForkJoinPool.commonPool-worker-8" daemon [_thread_blocked, id=27148, stack(0x00000001f8d00000,0x00000001f8e00000) (1024K)]
  0x0000017b125d6280 JavaThread "ForkJoinPool.commonPool-worker-9" daemon [_thread_blocked, id=14988, stack(0x00000001f8e00000,0x00000001f8f00000) (1024K)]
  0x0000017b11fefca0 JavaThread "ForkJoinPool.commonPool-worker-10" daemon [_thread_blocked, id=15136, stack(0x00000001f8f00000,0x00000001f9000000) (1024K)]
  0x0000017b11feceb0 JavaThread "ForkJoinPool.commonPool-worker-11" daemon [_thread_blocked, id=26032, stack(0x00000001f9000000,0x00000001f9100000) (1024K)]
  0x0000017b11fee8f0 JavaThread "ForkJoinPool.commonPool-worker-12" daemon [_thread_blocked, id=33452, stack(0x00000001f9100000,0x00000001f9200000) (1024K)]
  0x0000017b11ff0330 JavaThread "ForkJoinPool.commonPool-worker-13" daemon [_thread_blocked, id=23492, stack(0x00000001f9200000,0x00000001f9300000) (1024K)]
  0x0000017b11ff09c0 JavaThread "ForkJoinPool.commonPool-worker-14" daemon [_thread_blocked, id=5644, stack(0x00000001f9300000,0x00000001f9400000) (1024K)]
  0x0000017b11fed540 JavaThread "Timer-0"                           [_thread_blocked, id=23032, stack(0x00000001f9500000,0x00000001f9600000) (1024K)]
  0x0000017b1377c2b0 JavaThread "C2 CompilerThread1"         daemon [_thread_in_native, id=15024, stack(0x00000001f6a00000,0x00000001f6b00000) (1024K)]
  0x0000017b11fedbd0 JavaThread "Connection worker"                 [_thread_in_native, id=29060, stack(0x00000001f9400000,0x00000001f9500000) (1024K)]
Total: 63

Other Threads:
  0x0000017ac94248a0 VMThread "VM Thread"                           [id=27568, stack(0x00000001f4a00000,0x00000001f4b00000) (1024K)]
  0x0000017ac931ba00 WatcherThread "VM Periodic Task Thread"        [id=31616, stack(0x00000001f4900000,0x00000001f4a00000) (1024K)]
  0x0000017ab2c608d0 WorkerThread "GC Thread#0"                     [id=29568, stack(0x00000001f4800000,0x00000001f4900000) (1024K)]
  0x0000017b112423d0 WorkerThread "GC Thread#1"                     [id=25500, stack(0x00000001f5600000,0x00000001f5700000) (1024K)]
  0x0000017b115d0700 WorkerThread "GC Thread#2"                     [id=33192, stack(0x00000001f5700000,0x00000001f5800000) (1024K)]
  0x0000017b115d0ab0 WorkerThread "GC Thread#3"                     [id=28164, stack(0x00000001f5800000,0x00000001f5900000) (1024K)]
  0x0000017b115d0e60 WorkerThread "GC Thread#4"                     [id=29672, stack(0x00000001f5900000,0x00000001f5a00000) (1024K)]
  0x0000017b115d1210 WorkerThread "GC Thread#5"                     [id=22248, stack(0x00000001f5a00000,0x00000001f5b00000) (1024K)]
  0x0000017b1132ebf0 WorkerThread "GC Thread#6"                     [id=1616, stack(0x00000001f5b00000,0x00000001f5c00000) (1024K)]
  0x0000017b0b8e4fe0 WorkerThread "GC Thread#7"                     [id=31360, stack(0x00000001f5300000,0x00000001f5400000) (1024K)]
  0x0000017b117f8ff0 WorkerThread "GC Thread#8"                     [id=30784, stack(0x00000001f6000000,0x00000001f6100000) (1024K)]
  0x0000017b11a1ecd0 WorkerThread "GC Thread#9"                     [id=31012, stack(0x00000001f6100000,0x00000001f6200000) (1024K)]
  0x0000017b1107d1a0 WorkerThread "GC Thread#10"                    [id=18368, stack(0x00000001f6200000,0x00000001f6300000) (1024K)]
  0x0000017b11e42a80 WorkerThread "GC Thread#11"                    [id=15804, stack(0x00000001f6800000,0x00000001f6900000) (1024K)]
Total: 14

Threads with active compile tasks:
C2 CompilerThread0  41022 10656 % !   4       org.eclipse.jdt.internal.core.JarPackageFragmentRoot::computeChildren @ 247 (606 bytes)
C2 CompilerThread1  41022 10714       4       org.eclipse.jdt.internal.compiler.classfmt.ModuleInfo::readModuleAttribute (1166 bytes)
Total: 2

VM state: not at safepoint (normal execution)

VM Mutex/Monitor currently owned by a thread: None

Heap address: 0x0000000080000000, size: 2048 MB, Compressed Oops mode: 32-bit

CDS archive(s) mapped at: [0x0000017aca000000-0x0000017acaba0000-0x0000017acaba0000), size 12189696, SharedBaseAddress: 0x0000017aca000000, ArchiveRelocationMode: 1.
Compressed class space mapped at: 0x0000017acb000000-0x0000017b0b000000, reserved size: 1073741824
Narrow klass base: 0x0000017aca000000, Narrow klass shift: 0, Narrow klass range: 0x100000000

GC Precious Log:
 CardTable entry size: 512
 CPUs: 15 total, 15 available
 Memory: 7911M
 Large Page Support: Disabled
 NUMA Support: Disabled
 Compressed Oops: Enabled (32-bit)
 Alignments: Space 512K, Generation 512K, Heap 2M
 Heap Min Capacity: 100M
 Heap Initial Capacity: 100M
 Heap Max Capacity: 2G
 Pre-touch: Disabled
 Parallel Workers: 12

Heap:
 PSYoungGen      total 11264K, used 5662K [0x00000000d5580000, 0x00000000d6280000, 0x0000000100000000)
  eden space 10240K, 50% used [0x00000000d5580000,0x00000000d5a97b90,0x00000000d5f80000)
  from space 1024K, 43% used [0x00000000d5f80000,0x00000000d5ff0000,0x00000000d6080000)
  to   space 512K, 0% used [0x00000000d6200000,0x00000000d6200000,0x00000000d6280000)
 ParOldGen       total 192000K, used 191839K [0x0000000080000000, 0x000000008bb80000, 0x00000000d5580000)
  object space 192000K, 99% used [0x0000000080000000,0x000000008bb57f98,0x000000008bb80000)
 Metaspace       used 68628K, committed 70080K, reserved 1114112K
  class space    used 8146K, committed 8768K, reserved 1048576K

Card table byte_map: [0x0000017ab24f0000,0x0000017ab2900000] _byte_map_base: 0x0000017ab20f0000

Marking Bits: (ParMarkBitMap*) 0x00007ff8343b3450
 Begin Bits: [0x0000017ac4e40000, 0x0000017ac6e40000)
 End Bits:   [0x0000017ac6e40000, 0x0000017ac8e40000)

Polling page: 0x0000017ab0a10000

Metaspace:

Usage:
  Non-class:     59.06 MB used.
      Class:      7.96 MB used.
       Both:     67.02 MB used.

Virtual space:
  Non-class space:       64.00 MB reserved,      59.88 MB ( 94%) committed,  1 nodes.
      Class space:        1.00 GB reserved,       8.56 MB ( <1%) committed,  1 nodes.
             Both:        1.06 GB reserved,      68.44 MB (  6%) committed. 

Chunk freelists:
   Non-Class:  4.17 MB
       Class:  7.39 MB
        Both:  11.56 MB

MaxMetaspaceSize: unlimited
CompressedClassSpaceSize: 1.00 GB
Initial GC threshold: 21.00 MB
Current GC threshold: 97.31 MB
CDS: on
 - commit_granule_bytes: 65536.
 - commit_granule_words: 8192.
 - virtual_space_node_default_size: 8388608.
 - enlarge_chunks_in_place: 1.
 - use_allocation_guard: 0.


Internal statistics:

num_allocs_failed_limit: 9.
num_arena_births: 1140.
num_arena_deaths: 22.
num_vsnodes_births: 2.
num_vsnodes_deaths: 0.
num_space_committed: 1095.
num_space_uncommitted: 0.
num_chunks_returned_to_freelist: 35.
num_chunks_taken_from_freelist: 4020.
num_chunk_merges: 15.
num_chunk_splits: 2547.
num_chunks_enlarged: 1552.
num_inconsistent_stats: 0.

CodeHeap 'non-profiled nmethods': size=120000Kb used=7228Kb max_used=7228Kb free=112771Kb
 bounds [0x0000017abd910000, 0x0000017abe020000, 0x0000017ac4e40000]
CodeHeap 'profiled nmethods': size=120000Kb used=19952Kb max_used=19952Kb free=100047Kb
 bounds [0x0000017ab5e40000, 0x0000017ab71c0000, 0x0000017abd370000]
CodeHeap 'non-nmethods': size=5760Kb used=1442Kb max_used=1515Kb free=4317Kb
 bounds [0x0000017abd370000, 0x0000017abd5e0000, 0x0000017abd910000]
CodeCache: size=245760Kb, used=28622Kb, max_used=28695Kb, free=217135Kb
 total_blobs=10619, nmethods=9867, adapters=658, full_count=0
Compilation: enabled, stopped_count=0, restarted_count=0

Compilation events (20 events):
Event: 38.875 Thread 0x0000017ab2cfd680 10729   !   3       org.eclipse.jdt.internal.core.JavaProjectElementInfo::newNameLookup (405 bytes)
Event: 38.876 Thread 0x0000017ab2cfd680 nmethod 10729 0x0000017ab71a0490 code [0x0000017ab71a0880, 0x0000017ab71a28e8]
Event: 38.888 Thread 0x0000017b1377c2b0 nmethod 10707 0x0000017abe017a10 code [0x0000017abe017e00, 0x0000017abe01a778]
Event: 38.888 Thread 0x0000017b1377c2b0 10712  s    4       org.eclipse.jdt.internal.core.JavaModelManager::getInfo (39 bytes)
Event: 38.889 Thread 0x0000017ab2cfd680 10731       2       java.lang.String::split (242 bytes)
Event: 38.890 Thread 0x0000017ab2cfd680 nmethod 10731 0x0000017ab71a3510 code [0x0000017ab71a37a0, 0x0000017ab71a44d0]
Event: 38.894 Thread 0x0000017b1377c2b0 nmethod 10712 0x0000017abe01ba10 code [0x0000017abe01bc20, 0x0000017abe01c5c8]
Event: 38.894 Thread 0x0000017b1377c2b0 10715   !   4       org.eclipse.jdt.internal.core.Openable::exists (119 bytes)
Event: 38.895 Thread 0x0000017ab2cfd680 10734       2       org.eclipse.jdt.internal.core.JarPackageFragmentRoot$$Lambda/0x0000017acb4ec000::apply (8 bytes)
Event: 38.895 Thread 0x0000017ab2cfd680 nmethod 10734 0x0000017ab71a4f10 code [0x0000017ab71a50c0, 0x0000017ab71a5298]
Event: 38.895 Thread 0x0000017ab2cfd680 10735       2       java.util.ImmutableCollections$ListN::toArray (48 bytes)
Event: 38.895 Thread 0x0000017ab2cfd680 nmethod 10735 0x0000017ab71a5390 code [0x0000017ab71a5560, 0x0000017ab71a58c0]
Event: 38.905 Thread 0x0000017b1377c2b0 nmethod 10715 0x0000017abe01cb90 code [0x0000017abe01cde0, 0x0000017abe01d968]
Event: 38.905 Thread 0x0000017b1377c2b0 10716       4       org.eclipse.jdt.internal.core.util.HashtableOfArrayToObject::get (69 bytes)
Event: 38.914 Thread 0x0000017b1377c2b0 nmethod 10716 0x0000017abe01e190 code [0x0000017abe01e380, 0x0000017abe01ea18]
Event: 38.914 Thread 0x0000017b1377c2b0 10714       4       org.eclipse.jdt.internal.compiler.classfmt.ModuleInfo::readModuleAttribute (1166 bytes)
Event: 38.942 Thread 0x0000017ab2cfd680 10737       1       org.eclipse.jdt.internal.core.PackageFragmentRoot::isArchive (2 bytes)
Event: 38.942 Thread 0x0000017ab2cfd680 nmethod 10737 0x0000017abe01ee90 code [0x0000017abe01f020, 0x0000017abe01f0e8]
Event: 38.945 Thread 0x0000017ab2cfd680 10738   !   3       org.eclipse.jdt.internal.core.ClassFile::getJarBinaryTypeInfo (323 bytes)
Event: 38.950 Thread 0x0000017ab2cfd680 nmethod 10738 0x0000017ab71a5a10 code [0x0000017ab71a63c0, 0x0000017ab71acb58]

GC Heap History (20 events):
Event: 38.685 GC heap after
{Heap after GC invocations=211 (full 3):
 PSYoungGen      total 10752K, used 448K [0x00000000d5580000, 0x00000000d6100000, 0x0000000100000000)
  eden space 10240K, 0% used [0x00000000d5580000,0x00000000d5580000,0x00000000d5f80000)
  from space 512K, 87% used [0x00000000d6080000,0x00000000d60f0000,0x00000000d6100000)
  to   space 512K, 0% used [0x00000000d6000000,0x00000000d6000000,0x00000000d6080000)
 ParOldGen       total 182784K, used 182454K [0x0000000080000000, 0x000000008b280000, 0x00000000d5580000)
  object space 182784K, 99% used [0x0000000080000000,0x000000008b22d960,0x000000008b280000)
 Metaspace       used 68568K, committed 70016K, reserved 1114112K
  class space    used 8145K, committed 8768K, reserved 1048576K
}
Event: 38.734 GC heap before
{Heap before GC invocations=212 (full 3):
 PSYoungGen      total 10752K, used 10688K [0x00000000d5580000, 0x00000000d6100000, 0x0000000100000000)
  eden space 10240K, 100% used [0x00000000d5580000,0x00000000d5f80000,0x00000000d5f80000)
  from space 512K, 87% used [0x00000000d6080000,0x00000000d60f0000,0x00000000d6100000)
  to   space 512K, 0% used [0x00000000d6000000,0x00000000d6000000,0x00000000d6080000)
 ParOldGen       total 182784K, used 182454K [0x0000000080000000, 0x000000008b280000, 0x00000000d5580000)
  object space 182784K, 99% used [0x0000000080000000,0x000000008b22d960,0x000000008b280000)
 Metaspace       used 68577K, committed 70016K, reserved 1114112K
  class space    used 8145K, committed 8768K, reserved 1048576K
}
Event: 38.734 GC heap after
{Heap after GC invocations=212 (full 3):
 PSYoungGen      total 10752K, used 320K [0x00000000d5580000, 0x00000000d6100000, 0x0000000100000000)
  eden space 10240K, 0% used [0x00000000d5580000,0x00000000d5580000,0x00000000d5f80000)
  from space 512K, 62% used [0x00000000d6000000,0x00000000d6050000,0x00000000d6080000)
  to   space 512K, 0% used [0x00000000d6080000,0x00000000d6080000,0x00000000d6100000)
 ParOldGen       total 182784K, used 182574K [0x0000000080000000, 0x000000008b280000, 0x00000000d5580000)
  object space 182784K, 99% used [0x0000000080000000,0x000000008b24b960,0x000000008b280000)
 Metaspace       used 68577K, committed 70016K, reserved 1114112K
  class space    used 8145K, committed 8768K, reserved 1048576K
}
Event: 38.774 GC heap before
{Heap before GC invocations=213 (full 3):
 PSYoungGen      total 10752K, used 10560K [0x00000000d5580000, 0x00000000d6100000, 0x0000000100000000)
  eden space 10240K, 100% used [0x00000000d5580000,0x00000000d5f80000,0x00000000d5f80000)
  from space 512K, 62% used [0x00000000d6000000,0x00000000d6050000,0x00000000d6080000)
  to   space 512K, 0% used [0x00000000d6080000,0x00000000d6080000,0x00000000d6100000)
 ParOldGen       total 182784K, used 182574K [0x0000000080000000, 0x000000008b280000, 0x00000000d5580000)
  object space 182784K, 99% used [0x0000000080000000,0x000000008b24b960,0x000000008b280000)
 Metaspace       used 68590K, committed 70016K, reserved 1114112K
  class space    used 8145K, committed 8768K, reserved 1048576K
}
Event: 38.775 GC heap after
{Heap after GC invocations=213 (full 3):
 PSYoungGen      total 10752K, used 506K [0x00000000d5580000, 0x00000000d6180000, 0x0000000100000000)
  eden space 10240K, 0% used [0x00000000d5580000,0x00000000d5580000,0x00000000d5f80000)
  from space 512K, 98% used [0x00000000d6080000,0x00000000d60feb20,0x00000000d6100000)
  to   space 1024K, 0% used [0x00000000d5f80000,0x00000000d5f80000,0x00000000d6080000)
 ParOldGen       total 183296K, used 182824K [0x0000000080000000, 0x000000008b300000, 0x00000000d5580000)
  object space 183296K, 99% used [0x0000000080000000,0x000000008b28a308,0x000000008b300000)
 Metaspace       used 68590K, committed 70016K, reserved 1114112K
  class space    used 8145K, committed 8768K, reserved 1048576K
}
Event: 38.786 GC heap before
{Heap before GC invocations=214 (full 3):
 PSYoungGen      total 10752K, used 10746K [0x00000000d5580000, 0x00000000d6180000, 0x0000000100000000)
  eden space 10240K, 100% used [0x00000000d5580000,0x00000000d5f80000,0x00000000d5f80000)
  from space 512K, 98% used [0x00000000d6080000,0x00000000d60feb20,0x00000000d6100000)
  to   space 1024K, 0% used [0x00000000d5f80000,0x00000000d5f80000,0x00000000d6080000)
 ParOldGen       total 183296K, used 182824K [0x0000000080000000, 0x000000008b300000, 0x00000000d5580000)
  object space 183296K, 99% used [0x0000000080000000,0x000000008b28a308,0x000000008b300000)
 Metaspace       used 68590K, committed 70016K, reserved 1114112K
  class space    used 8145K, committed 8768K, reserved 1048576K
}
Event: 38.787 GC heap after
{Heap after GC invocations=214 (full 3):
 PSYoungGen      total 11264K, used 288K [0x00000000d5580000, 0x00000000d6100000, 0x0000000100000000)
  eden space 10240K, 0% used [0x00000000d5580000,0x00000000d5580000,0x00000000d5f80000)
  from space 1024K, 28% used [0x00000000d5f80000,0x00000000d5fc8000,0x00000000d6080000)
  to   space 512K, 0% used [0x00000000d6080000,0x00000000d6080000,0x00000000d6100000)
 ParOldGen       total 183808K, used 183339K [0x0000000080000000, 0x000000008b380000, 0x00000000d5580000)
  object space 183808K, 99% used [0x0000000080000000,0x000000008b30ae28,0x000000008b380000)
 Metaspace       used 68590K, committed 70016K, reserved 1114112K
  class space    used 8145K, committed 8768K, reserved 1048576K
}
Event: 38.796 GC heap before
{Heap before GC invocations=215 (full 3):
 PSYoungGen      total 11264K, used 10528K [0x00000000d5580000, 0x00000000d6100000, 0x0000000100000000)
  eden space 10240K, 100% used [0x00000000d5580000,0x00000000d5f80000,0x00000000d5f80000)
  from space 1024K, 28% used [0x00000000d5f80000,0x00000000d5fc8000,0x00000000d6080000)
  to   space 512K, 0% used [0x00000000d6080000,0x00000000d6080000,0x00000000d6100000)
 ParOldGen       total 183808K, used 183339K [0x0000000080000000, 0x000000008b380000, 0x00000000d5580000)
  object space 183808K, 99% used [0x0000000080000000,0x000000008b30ae28,0x000000008b380000)
 Metaspace       used 68593K, committed 70016K, reserved 1114112K
  class space    used 8145K, committed 8768K, reserved 1048576K
}
Event: 38.799 GC heap after
{Heap after GC invocations=215 (full 3):
 PSYoungGen      total 10752K, used 384K [0x00000000d5580000, 0x00000000d6100000, 0x0000000100000000)
  eden space 10240K, 0% used [0x00000000d5580000,0x00000000d5580000,0x00000000d5f80000)
  from space 512K, 75% used [0x00000000d6080000,0x00000000d60e0000,0x00000000d6100000)
  to   space 512K, 0% used [0x00000000d6000000,0x00000000d6000000,0x00000000d6080000)
 ParOldGen       total 189952K, used 189618K [0x0000000080000000, 0x000000008b980000, 0x00000000d5580000)
  object space 189952K, 99% used [0x0000000080000000,0x000000008b92c8d8,0x000000008b980000)
 Metaspace       used 68593K, committed 70016K, reserved 1114112K
  class space    used 8145K, committed 8768K, reserved 1048576K
}
Event: 38.828 GC heap before
{Heap before GC invocations=216 (full 3):
 PSYoungGen      total 10752K, used 10624K [0x00000000d5580000, 0x00000000d6100000, 0x0000000100000000)
  eden space 10240K, 100% used [0x00000000d5580000,0x00000000d5f80000,0x00000000d5f80000)
  from space 512K, 75% used [0x00000000d6080000,0x00000000d60e0000,0x00000000d6100000)
  to   space 512K, 0% used [0x00000000d6000000,0x00000000d6000000,0x00000000d6080000)
 ParOldGen       total 189952K, used 189618K [0x0000000080000000, 0x000000008b980000, 0x00000000d5580000)
  object space 189952K, 99% used [0x0000000080000000,0x000000008b92c8d8,0x000000008b980000)
 Metaspace       used 68593K, committed 70016K, reserved 1114112K
  class space    used 8145K, committed 8768K, reserved 1048576K
}
Event: 38.829 GC heap after
{Heap after GC invocations=216 (full 3):
 PSYoungGen      total 10752K, used 352K [0x00000000d5580000, 0x00000000d6100000, 0x0000000100000000)
  eden space 10240K, 0% used [0x00000000d5580000,0x00000000d5580000,0x00000000d5f80000)
  from space 512K, 68% used [0x00000000d6000000,0x00000000d6058000,0x00000000d6080000)
  to   space 512K, 0% used [0x00000000d6080000,0x00000000d6080000,0x00000000d6100000)
 ParOldGen       total 189952K, used 189746K [0x0000000080000000, 0x000000008b980000, 0x00000000d5580000)
  object space 189952K, 99% used [0x0000000080000000,0x000000008b94c8d8,0x000000008b980000)
 Metaspace       used 68593K, committed 70016K, reserved 1114112K
  class space    used 8145K, committed 8768K, reserved 1048576K
}
Event: 38.844 GC heap before
{Heap before GC invocations=217 (full 3):
 PSYoungGen      total 10752K, used 10592K [0x00000000d5580000, 0x00000000d6100000, 0x0000000100000000)
  eden space 10240K, 100% used [0x00000000d5580000,0x00000000d5f80000,0x00000000d5f80000)
  from space 512K, 68% used [0x00000000d6000000,0x00000000d6058000,0x00000000d6080000)
  to   space 512K, 0% used [0x00000000d6080000,0x00000000d6080000,0x00000000d6100000)
 ParOldGen       total 189952K, used 189746K [0x0000000080000000, 0x000000008b980000, 0x00000000d5580000)
  object space 189952K, 99% used [0x0000000080000000,0x000000008b94c8d8,0x000000008b980000)
 Metaspace       used 68593K, committed 70016K, reserved 1114112K
  class space    used 8145K, committed 8768K, reserved 1048576K
}
Event: 38.845 GC heap after
{Heap after GC invocations=217 (full 3):
 PSYoungGen      total 10752K, used 384K [0x00000000d5580000, 0x00000000d6100000, 0x0000000100000000)
  eden space 10240K, 0% used [0x00000000d5580000,0x00000000d5580000,0x00000000d5f80000)
  from space 512K, 75% used [0x00000000d6080000,0x00000000d60e0000,0x00000000d6100000)
  to   space 512K, 0% used [0x00000000d6000000,0x00000000d6000000,0x00000000d6080000)
 ParOldGen       total 189952K, used 189914K [0x0000000080000000, 0x000000008b980000, 0x00000000d5580000)
  object space 189952K, 99% used [0x0000000080000000,0x000000008b9768d8,0x000000008b980000)
 Metaspace       used 68593K, committed 70016K, reserved 1114112K
  class space    used 8145K, committed 8768K, reserved 1048576K
}
Event: 38.900 GC heap before
{Heap before GC invocations=218 (full 3):
 PSYoungGen      total 10752K, used 10624K [0x00000000d5580000, 0x00000000d6100000, 0x0000000100000000)
  eden space 10240K, 100% used [0x00000000d5580000,0x00000000d5f80000,0x00000000d5f80000)
  from space 512K, 75% used [0x00000000d6080000,0x00000000d60e0000,0x00000000d6100000)
  to   space 512K, 0% used [0x00000000d6000000,0x00000000d6000000,0x00000000d6080000)
 ParOldGen       total 189952K, used 189914K [0x0000000080000000, 0x000000008b980000, 0x00000000d5580000)
  object space 189952K, 99% used [0x0000000080000000,0x000000008b9768d8,0x000000008b980000)
 Metaspace       used 68606K, committed 70080K, reserved 1114112K
  class space    used 8145K, committed 8768K, reserved 1048576K
}
Event: 38.901 GC heap after
{Heap after GC invocations=218 (full 3):
 PSYoungGen      total 10752K, used 512K [0x00000000d5580000, 0x00000000d6280000, 0x0000000100000000)
  eden space 10240K, 0% used [0x00000000d5580000,0x00000000d5580000,0x00000000d5f80000)
  from space 512K, 100% used [0x00000000d6000000,0x00000000d6080000,0x00000000d6080000)
  to   space 1536K, 0% used [0x00000000d6100000,0x00000000d6100000,0x00000000d6280000)
 ParOldGen       total 190464K, used 190406K [0x0000000080000000, 0x000000008ba00000, 0x00000000d5580000)
  object space 190464K, 99% used [0x0000000080000000,0x000000008b9f1b50,0x000000008ba00000)
 Metaspace       used 68606K, committed 70080K, reserved 1114112K
  class space    used 8145K, committed 8768K, reserved 1048576K
}
Event: 38.915 GC heap before
{Heap before GC invocations=219 (full 3):
 PSYoungGen      total 10752K, used 10752K [0x00000000d5580000, 0x00000000d6280000, 0x0000000100000000)
  eden space 10240K, 100% used [0x00000000d5580000,0x00000000d5f80000,0x00000000d5f80000)
  from space 512K, 100% used [0x00000000d6000000,0x00000000d6080000,0x00000000d6080000)
  to   space 1536K, 0% used [0x00000000d6100000,0x00000000d6100000,0x00000000d6280000)
 ParOldGen       total 190464K, used 190406K [0x0000000080000000, 0x000000008ba00000, 0x00000000d5580000)
  object space 190464K, 99% used [0x0000000080000000,0x000000008b9f1b50,0x000000008ba00000)
 Metaspace       used 68606K, committed 70080K, reserved 1114112K
  class space    used 8145K, committed 8768K, reserved 1048576K
}
Event: 38.916 GC heap after
{Heap after GC invocations=219 (full 3):
 PSYoungGen      total 10752K, used 288K [0x00000000d5580000, 0x00000000d6180000, 0x0000000100000000)
  eden space 10240K, 0% used [0x00000000d5580000,0x00000000d5580000,0x00000000d5f80000)
  from space 512K, 56% used [0x00000000d6100000,0x00000000d6148000,0x00000000d6180000)
  to   space 1024K, 0% used [0x00000000d5f80000,0x00000000d5f80000,0x00000000d6080000)
 ParOldGen       total 190976K, used 190860K [0x0000000080000000, 0x000000008ba80000, 0x00000000d5580000)
  object space 190976K, 99% used [0x0000000080000000,0x000000008ba632f8,0x000000008ba80000)
 Metaspace       used 68606K, committed 70080K, reserved 1114112K
  class space    used 8145K, committed 8768K, reserved 1048576K
}
Event: 38.955 GC heap before
{Heap before GC invocations=220 (full 3):
 PSYoungGen      total 10752K, used 10528K [0x00000000d5580000, 0x00000000d6180000, 0x0000000100000000)
  eden space 10240K, 100% used [0x00000000d5580000,0x00000000d5f80000,0x00000000d5f80000)
  from space 512K, 56% used [0x00000000d6100000,0x00000000d6148000,0x00000000d6180000)
  to   space 1024K, 0% used [0x00000000d5f80000,0x00000000d5f80000,0x00000000d6080000)
 ParOldGen       total 190976K, used 190860K [0x0000000080000000, 0x000000008ba80000, 0x00000000d5580000)
  object space 190976K, 99% used [0x0000000080000000,0x000000008ba632f8,0x000000008ba80000)
 Metaspace       used 68614K, committed 70080K, reserved 1114112K
  class space    used 8145K, committed 8768K, reserved 1048576K
}
Event: 38.956 GC heap after
{Heap after GC invocations=220 (full 3):
 PSYoungGen      total 11264K, used 752K [0x00000000d5580000, 0x00000000d6180000, 0x0000000100000000)
  eden space 10240K, 0% used [0x00000000d5580000,0x00000000d5580000,0x00000000d5f80000)
  from space 1024K, 73% used [0x00000000d5f80000,0x00000000d603c1f8,0x00000000d6080000)
  to   space 1024K, 0% used [0x00000000d6080000,0x00000000d6080000,0x00000000d6180000)
 ParOldGen       total 191488K, used 191052K [0x0000000080000000, 0x000000008bb00000, 0x00000000d5580000)
  object space 191488K, 99% used [0x0000000080000000,0x000000008ba932f8,0x000000008bb00000)
 Metaspace       used 68614K, committed 70080K, reserved 1114112K
  class space    used 8145K, committed 8768K, reserved 1048576K
}
Event: 38.969 GC heap before
{Heap before GC invocations=221 (full 3):
 PSYoungGen      total 11264K, used 10992K [0x00000000d5580000, 0x00000000d6180000, 0x0000000100000000)
  eden space 10240K, 100% used [0x00000000d5580000,0x00000000d5f80000,0x00000000d5f80000)
  from space 1024K, 73% used [0x00000000d5f80000,0x00000000d603c1f8,0x00000000d6080000)
  to   space 1024K, 0% used [0x00000000d6080000,0x00000000d6080000,0x00000000d6180000)
 ParOldGen       total 191488K, used 191052K [0x0000000080000000, 0x000000008bb00000, 0x00000000d5580000)
  object space 191488K, 99% used [0x0000000080000000,0x000000008ba932f8,0x000000008bb00000)
 Metaspace       used 68614K, committed 70080K, reserved 1114112K
  class space    used 8145K, committed 8768K, reserved 1048576K
}

Dll operation events (16 events):
Event: 0.013 Loaded shared library c:\Users\jibri\.vscode\extensions\redhat.java-1.54.0-win32-x64\jre\21.0.10-win32-x86_64\bin\java.dll
Event: 0.061 Loaded shared library c:\Users\jibri\.vscode\extensions\redhat.java-1.54.0-win32-x64\jre\21.0.10-win32-x86_64\bin\zip.dll
Event: 0.079 Loaded shared library C:\Users\jibri\.vscode\extensions\redhat.java-1.54.0-win32-x64\jre\21.0.10-win32-x86_64\bin\instrument.dll
Event: 0.083 Loaded shared library C:\Users\jibri\.vscode\extensions\redhat.java-1.54.0-win32-x64\jre\21.0.10-win32-x86_64\bin\net.dll
Event: 0.087 Loaded shared library C:\Users\jibri\.vscode\extensions\redhat.java-1.54.0-win32-x64\jre\21.0.10-win32-x86_64\bin\nio.dll
Event: 0.090 Loaded shared library C:\Users\jibri\.vscode\extensions\redhat.java-1.54.0-win32-x64\jre\21.0.10-win32-x86_64\bin\zip.dll
Event: 0.105 Loaded shared library C:\Users\jibri\.vscode\extensions\redhat.java-1.54.0-win32-x64\jre\21.0.10-win32-x86_64\bin\jimage.dll
Event: 0.192 Loaded shared library c:\Users\jibri\.vscode\extensions\redhat.java-1.54.0-win32-x64\jre\21.0.10-win32-x86_64\bin\verify.dll
Event: 9.397 Loaded shared library C:\Users\jibri\AppData\Roaming\Code\User\globalStorage\redhat.java\1.54.0\config_win\org.eclipse.equinox.launcher\org.eclipse.equinox.launcher.win32.win32.x86_64_1.3.0.v20260203-2149\eclipse_11919.dll
Event: 17.313 Loaded shared library C:\Users\jibri\AppData\Local\Temp\jna-101119098\jna1480117466563643586.dll
Event: 26.246 Loaded shared library C:\Users\jibri\.gradle\native\1def1411415f61bf3af743bc5b6707747c0891f09f0c88961ee8f79bc544acac\windows-amd64\native-platform.dll
Event: 27.685 Loaded shared library C:\Users\jibri\.vscode\extensions\redhat.java-1.54.0-win32-x64\jre\21.0.10-win32-x86_64\bin\management.dll
Event: 27.691 Loaded shared library C:\Users\jibri\.vscode\extensions\redhat.java-1.54.0-win32-x64\jre\21.0.10-win32-x86_64\bin\management_ext.dll
Event: 28.091 Loaded shared library C:\Users\jibri\.vscode\extensions\redhat.java-1.54.0-win32-x64\jre\21.0.10-win32-x86_64\bin\sunmscapi.dll
Event: 28.181 Loaded shared library C:\Users\jibri\.vscode\extensions\redhat.java-1.54.0-win32-x64\jre\21.0.10-win32-x86_64\bin\extnet.dll
Event: 36.276 Loaded shared library C:\Users\jibri\.gradle\native\c067742578af261105cb4f569cf0c3c89f3d7b1fecec35dd04571415982c5e48\windows-amd64\native-platform.dll

Deoptimization events (20 events):
Event: 38.874 Thread 0x0000017b11feceb0 DEOPT PACKING pc=0x0000017ab717a022 sp=0x00000001f90fddd0
Event: 38.874 Thread 0x0000017b11feceb0 DEOPT UNPACKING pc=0x0000017abd3c4242 sp=0x00000001f90fd348 mode 0
Event: 38.875 Thread 0x0000017b11feceb0 DEOPT PACKING pc=0x0000017ab6f1af38 sp=0x00000001f90fe940
Event: 38.875 Thread 0x0000017b11feceb0 DEOPT UNPACKING pc=0x0000017abd3c4242 sp=0x00000001f90fde00 mode 0
Event: 38.882 Thread 0x0000017b11feceb0 DEOPT PACKING pc=0x0000017ab717a022 sp=0x00000001f90fded0
Event: 38.882 Thread 0x0000017b11feceb0 DEOPT UNPACKING pc=0x0000017abd3c4242 sp=0x00000001f90fd448 mode 0
Event: 38.887 Thread 0x0000017b11feceb0 DEOPT PACKING pc=0x0000017ab717a022 sp=0x00000001f90fded0
Event: 38.887 Thread 0x0000017b11feceb0 DEOPT UNPACKING pc=0x0000017abd3c4242 sp=0x00000001f90fd448 mode 0
Event: 38.940 Thread 0x0000017b11feceb0 Uncommon trap: trap_request=0xffffffde fr.pc=0x0000017abe01a174 relative=0x0000000000002374
Event: 38.940 Thread 0x0000017b11feceb0 Uncommon trap: reason=class_check action=maybe_recompile pc=0x0000017abe01a174 method=org.eclipse.jdt.internal.core.JavaModelCache.getInfo(Lorg/eclipse/jdt/core/IJavaElement;)Lorg/eclipse/jdt/internal/compiler/env/IElementInfo; @ 118 c2
Event: 38.940 Thread 0x0000017b11feceb0 DEOPT PACKING pc=0x0000017abe01a174 sp=0x00000001f90fe190
Event: 38.940 Thread 0x0000017b11feceb0 DEOPT UNPACKING pc=0x0000017abd3c3aa2 sp=0x00000001f90fe188 mode 2
Event: 38.946 Thread 0x0000017b11feceb0 Uncommon trap: trap_request=0xffffffde fr.pc=0x0000017abe01a154 relative=0x0000000000002354
Event: 38.946 Thread 0x0000017b11feceb0 Uncommon trap: reason=class_check action=maybe_recompile pc=0x0000017abe01a154 method=org.eclipse.jdt.internal.core.JavaModelCache.getInfo(Lorg/eclipse/jdt/core/IJavaElement;)Lorg/eclipse/jdt/internal/compiler/env/IElementInfo; @ 91 c2
Event: 38.946 Thread 0x0000017b11feceb0 DEOPT PACKING pc=0x0000017abe01a154 sp=0x00000001f90fdf80
Event: 38.946 Thread 0x0000017b11feceb0 DEOPT UNPACKING pc=0x0000017abd3c3aa2 sp=0x00000001f90fdf68 mode 2
Event: 38.946 Thread 0x0000017b11feceb0 Uncommon trap: trap_request=0xffffffde fr.pc=0x0000017abe01a154 relative=0x0000000000002354
Event: 38.946 Thread 0x0000017b11feceb0 Uncommon trap: reason=class_check action=maybe_recompile pc=0x0000017abe01a154 method=org.eclipse.jdt.internal.core.JavaModelCache.getInfo(Lorg/eclipse/jdt/core/IJavaElement;)Lorg/eclipse/jdt/internal/compiler/env/IElementInfo; @ 91 c2
Event: 38.946 Thread 0x0000017b11feceb0 DEOPT PACKING pc=0x0000017abe01a154 sp=0x00000001f90fdf80
Event: 38.946 Thread 0x0000017b11feceb0 DEOPT UNPACKING pc=0x0000017abd3c3aa2 sp=0x00000001f90fdf68 mode 2

Classes loaded (20 events):
Event: 32.852 Loading class java/lang/ProcessBuilder
Event: 32.853 Loading class java/lang/ProcessBuilder done
Event: 32.855 Loading class java/lang/ProcessImpl
Event: 32.855 Loading class java/lang/ProcessImpl done
Event: 32.866 Loading class java/lang/ProcessImpl$2
Event: 32.866 Loading class java/lang/ProcessImpl$2 done
Event: 32.866 Loading class java/lang/Process$PipeInputStream
Event: 32.866 Loading class java/lang/Process$PipeInputStream done
Event: 32.870 Loading class java/lang/ProcessBuilder$NullInputStream
Event: 32.870 Loading class java/lang/ProcessBuilder$NullInputStream done
Event: 32.870 Loading class jdk/internal/event/ProcessStartEvent
Event: 32.870 Loading class jdk/internal/event/ProcessStartEvent done
Event: 32.873 Loading class java/util/Scanner
Event: 32.874 Loading class java/util/Scanner done
Event: 32.875 Loading class java/util/Scanner$PatternLRUCache
Event: 32.875 Loading class java/util/Scanner$PatternLRUCache done
Event: 35.635 Loading class java/util/regex/Matcher$ImmutableMatchResult
Event: 35.635 Loading class java/util/regex/Matcher$ImmutableMatchResult done
Event: 35.639 Loading class java/util/concurrent/ConcurrentLinkedQueue$Itr
Event: 35.639 Loading class java/util/concurrent/ConcurrentLinkedQueue$Itr done

Classes unloaded (11 events):
Event: 19.308 Thread 0x0000017ac94248a0 Unloading class 0x0000017acb1aec00 'java/lang/invoke/LambdaForm$MH+0x0000017acb1aec00'
Event: 19.308 Thread 0x0000017ac94248a0 Unloading class 0x0000017acb1ae800 'java/lang/invoke/LambdaForm$MH+0x0000017acb1ae800'
Event: 19.308 Thread 0x0000017ac94248a0 Unloading class 0x0000017acb1ae400 'java/lang/invoke/LambdaForm$MH+0x0000017acb1ae400'
Event: 19.308 Thread 0x0000017ac94248a0 Unloading class 0x0000017acb1ae000 'java/lang/invoke/LambdaForm$MH+0x0000017acb1ae000'
Event: 19.308 Thread 0x0000017ac94248a0 Unloading class 0x0000017acb1adc00 'java/lang/invoke/LambdaForm$BMH+0x0000017acb1adc00'
Event: 19.308 Thread 0x0000017ac94248a0 Unloading class 0x0000017acb1ad800 'java/lang/invoke/LambdaForm$DMH+0x0000017acb1ad800'
Event: 19.308 Thread 0x0000017ac94248a0 Unloading class 0x0000017acb1ac400 'java/lang/invoke/LambdaForm$DMH+0x0000017acb1ac400'
Event: 20.662 Thread 0x0000017ac94248a0 Unloading class 0x0000017acb339800 'java/lang/invoke/LambdaForm$MH+0x0000017acb339800'
Event: 20.662 Thread 0x0000017ac94248a0 Unloading class 0x0000017acb338c00 'java/lang/invoke/LambdaForm$MH+0x0000017acb338c00'
Event: 20.662 Thread 0x0000017ac94248a0 Unloading class 0x0000017acb338800 'java/lang/invoke/LambdaForm$MH+0x0000017acb338800'
Event: 20.662 Thread 0x0000017ac94248a0 Unloading class 0x0000017acb338000 'java/lang/invoke/LambdaForm$DMH+0x0000017acb338000'

Classes redefined (0 events):
No events

Internal exceptions (20 events):
Event: 32.721 Thread 0x0000017b11b0bc90 Exception <a 'sun/nio/fs/WindowsException'{0x00000000d5a4eef0}> (0x00000000d5a4eef0) 
thrown [s\src\hotspot\share\prims\jni.cpp, line 520]
Event: 32.722 Thread 0x0000017b11b0bc90 Exception <a 'sun/nio/fs/WindowsException'{0x00000000d5a58820}> (0x00000000d5a58820) 
thrown [s\src\hotspot\share\prims\jni.cpp, line 520]
Event: 32.722 Thread 0x0000017b11b0bc90 Exception <a 'sun/nio/fs/WindowsException'{0x00000000d5a59100}> (0x00000000d5a59100) 
thrown [s\src\hotspot\share\prims\jni.cpp, line 520]
Event: 32.746 Thread 0x0000017b11fee8f0 Exception <a 'sun/nio/fs/WindowsException'{0x00000000d56b2fd0}> (0x00000000d56b2fd0) 
thrown [s\src\hotspot\share\prims\jni.cpp, line 520]
Event: 32.746 Thread 0x0000017b11fee8f0 Exception <a 'sun/nio/fs/WindowsException'{0x00000000d56b38b0}> (0x00000000d56b38b0) 
thrown [s\src\hotspot\share\prims\jni.cpp, line 520]
Event: 32.749 Thread 0x0000017b11fee8f0 Exception <a 'sun/nio/fs/WindowsException'{0x00000000d5580550}> (0x00000000d5580550) 
thrown [s\src\hotspot\share\prims\jni.cpp, line 520]
Event: 32.749 Thread 0x0000017b11fee8f0 Exception <a 'sun/nio/fs/WindowsException'{0x00000000d5580e30}> (0x00000000d5580e30) 
thrown [s\src\hotspot\share\prims\jni.cpp, line 520]
Event: 32.750 Thread 0x0000017b11fee8f0 Exception <a 'sun/nio/fs/WindowsException'{0x00000000d5582d68}> (0x00000000d5582d68) 
thrown [s\src\hotspot\share\prims\jni.cpp, line 520]
Event: 32.750 Thread 0x0000017b11fee8f0 Exception <a 'sun/nio/fs/WindowsException'{0x00000000d5583648}> (0x00000000d5583648) 
thrown [s\src\hotspot\share\prims\jni.cpp, line 520]
Event: 32.865 Thread 0x0000017b11ff1d70 Exception <a 'java/lang/NoSuchMethodError'{0x00000000d5858f18}: 'void java.lang.invoke.DirectMethodHandle$Holder.invokeStatic(java.lang.Object, long)'> (0x00000000d5858f18) 
thrown [s\src\hotspot\share\interpreter\linkResolver.cpp, line 773]
Event: 33.338 Thread 0x0000017b11feceb0 Implicit null exception at 0x0000017abdecbe4b to 0x0000017abdecc828
Event: 33.338 Thread 0x0000017b11feceb0 Implicit null exception at 0x0000017abdf31e06 to 0x0000017abdf3250c
Event: 33.349 Thread 0x0000017b11fee8f0 Exception <a 'sun/nio/fs/WindowsException'{0x00000000d577c198}> (0x00000000d577c198) 
thrown [s\src\hotspot\share\prims\jni.cpp, line 520]
Event: 33.349 Thread 0x0000017b11fee8f0 Exception <a 'sun/nio/fs/WindowsException'{0x00000000d577ca78}> (0x00000000d577ca78) 
thrown [s\src\hotspot\share\prims\jni.cpp, line 520]
Event: 33.350 Thread 0x0000017b11fee8f0 Exception <a 'sun/nio/fs/WindowsException'{0x00000000d577d7f0}> (0x00000000d577d7f0) 
thrown [s\src\hotspot\share\prims\jni.cpp, line 520]
Event: 33.350 Thread 0x0000017b11fee8f0 Exception <a 'sun/nio/fs/WindowsException'{0x00000000d577e0d0}> (0x00000000d577e0d0) 
thrown [s\src\hotspot\share\prims\jni.cpp, line 520]
Event: 33.352 Thread 0x0000017b11fee8f0 Exception <a 'sun/nio/fs/WindowsException'{0x00000000d577f7c8}> (0x00000000d577f7c8) 
thrown [s\src\hotspot\share\prims\jni.cpp, line 520]
Event: 33.352 Thread 0x0000017b11fee8f0 Exception <a 'sun/nio/fs/WindowsException'{0x00000000d57800a8}> (0x00000000d57800a8) 
thrown [s\src\hotspot\share\prims\jni.cpp, line 520]
Event: 34.840 Thread 0x0000017b11feceb0 Implicit null exception at 0x0000017abdf0a4ed to 0x0000017abdf0d11c
Event: 35.640 Thread 0x0000017b11feceb0 Implicit null exception at 0x0000017abdec84a8 to 0x0000017abdec8d68

ZGC Phase Switch (0 events):
No events

VM Operations (20 events):
Event: 38.685 Executing safepoint VM operation: ParallelGCFailedAllocation (Allocation Failure) done
Event: 38.734 Executing safepoint VM operation: ParallelGCFailedAllocation (Allocation Failure)
Event: 38.734 Executing safepoint VM operation: ParallelGCFailedAllocation (Allocation Failure) done
Event: 38.774 Executing safepoint VM operation: ParallelGCFailedAllocation (Allocation Failure)
Event: 38.775 Executing safepoint VM operation: ParallelGCFailedAllocation (Allocation Failure) done
Event: 38.786 Executing safepoint VM operation: ParallelGCFailedAllocation (Allocation Failure)
Event: 38.787 Executing safepoint VM operation: ParallelGCFailedAllocation (Allocation Failure) done
Event: 38.796 Executing safepoint VM operation: ParallelGCFailedAllocation (Allocation Failure)
Event: 38.799 Executing safepoint VM operation: ParallelGCFailedAllocation (Allocation Failure) done
Event: 38.828 Executing safepoint VM operation: ParallelGCFailedAllocation (Allocation Failure)
Event: 38.829 Executing safepoint VM operation: ParallelGCFailedAllocation (Allocation Failure) done
Event: 38.844 Executing safepoint VM operation: ParallelGCFailedAllocation (Allocation Failure)
Event: 38.845 Executing safepoint VM operation: ParallelGCFailedAllocation (Allocation Failure) done
Event: 38.900 Executing safepoint VM operation: ParallelGCFailedAllocation (Allocation Failure)
Event: 38.901 Executing safepoint VM operation: ParallelGCFailedAllocation (Allocation Failure) done
Event: 38.915 Executing safepoint VM operation: ParallelGCFailedAllocation (Allocation Failure)
Event: 38.916 Executing safepoint VM operation: ParallelGCFailedAllocation (Allocation Failure) done
Event: 38.955 Executing safepoint VM operation: ParallelGCFailedAllocation (Allocation Failure)
Event: 38.956 Executing safepoint VM operation: ParallelGCFailedAllocation (Allocation Failure) done
Event: 38.968 Executing safepoint VM operation: ParallelGCFailedAllocation (Allocation Failure)

Memory protections (0 events):
No events

Nmethod flushes (20 events):
Event: 27.969 Thread 0x0000017ac94248a0 flushing  nmethod 0x0000017ab67e3190
Event: 27.969 Thread 0x0000017ac94248a0 flushing  nmethod 0x0000017ab67ea310
Event: 27.969 Thread 0x0000017ac94248a0 flushing  nmethod 0x0000017ab67ed510
Event: 27.969 Thread 0x0000017ac94248a0 flushing  nmethod 0x0000017ab67f0f10
Event: 27.969 Thread 0x0000017ac94248a0 flushing  nmethod 0x0000017ab67fcd90
Event: 27.969 Thread 0x0000017ac94248a0 flushing  nmethod 0x0000017ab6815b10
Event: 27.969 Thread 0x0000017ac94248a0 flushing  nmethod 0x0000017ab6818290
Event: 27.969 Thread 0x0000017ac94248a0 flushing  nmethod 0x0000017ab6818890
Event: 27.969 Thread 0x0000017ac94248a0 flushing  nmethod 0x0000017ab6819110
Event: 27.969 Thread 0x0000017ac94248a0 flushing  nmethod 0x0000017ab681ac10
Event: 27.969 Thread 0x0000017ac94248a0 flushing  nmethod 0x0000017ab685f690
Event: 27.969 Thread 0x0000017ac94248a0 flushing  nmethod 0x0000017ab6862110
Event: 27.969 Thread 0x0000017ac94248a0 flushing  nmethod 0x0000017ab6878510
Event: 27.969 Thread 0x0000017ac94248a0 flushing  nmethod 0x0000017ab6887010
Event: 27.969 Thread 0x0000017ac94248a0 flushing  nmethod 0x0000017ab68b4290
Event: 27.969 Thread 0x0000017ac94248a0 flushing  nmethod 0x0000017ab68b4f90
Event: 27.969 Thread 0x0000017ac94248a0 flushing  nmethod 0x0000017ab68b6210
Event: 27.969 Thread 0x0000017ac94248a0 flushing  nmethod 0x0000017ab68b6610
Event: 27.969 Thread 0x0000017ac94248a0 flushing  nmethod 0x0000017ab68b7b10
Event: 27.969 Thread 0x0000017ac94248a0 flushing osr nmethod 0x0000017ab68c9d90

Events (20 events):
Event: 29.970 Thread 0x0000017b12a70840 Thread added: 0x0000017b11fedbd0
Event: 29.971 Thread 0x0000017b11fedbd0 Thread exited: 0x0000017b11fedbd0
Event: 30.121 Thread 0x0000017b1377bbe0 Thread exited: 0x0000017b1377bbe0
Event: 30.121 Thread 0x0000017b12a70840 Thread added: 0x0000017b11fedbd0
Event: 30.121 Thread 0x0000017b11fedbd0 Thread exited: 0x0000017b11fedbd0
Event: 30.567 Thread 0x0000017b11feef80 Thread exited: 0x0000017b11feef80
Event: 30.574 Thread 0x0000017ab2cfad60 Thread added: 0x0000017b1377c2b0
Event: 31.003 Thread 0x0000017b11b0af70 Thread added: 0x0000017b11fedbd0
Event: 31.295 Thread 0x0000017b11fedbd0 Thread added: 0x0000017b11fee260
Event: 32.567 Thread 0x0000017ab2cfd680 Thread added: 0x0000017b1e4d1270
Event: 32.852 Thread 0x0000017b11fedbd0 Thread added: 0x0000017b11ff1d70
Event: 32.871 Thread 0x0000017b11ff1d70 Thread added: 0x0000017b11ff2400
Event: 32.872 Thread 0x0000017b11ff2400 Thread exited: 0x0000017b11ff2400
Event: 32.872 Thread 0x0000017b11ff1d70 Thread added: 0x0000017b11ff2400
Event: 34.536 Thread 0x0000017b1e4d1270 Thread exited: 0x0000017b1e4d1270
Event: 35.637 Thread 0x0000017b11ff1d70 Thread exited: 0x0000017b11ff1d70
Event: 35.637 Thread 0x0000017b11ff2400 Thread exited: 0x0000017b11ff2400
Event: 35.639 Thread 0x0000017b11fee260 Thread exited: 0x0000017b11fee260
Event: 35.641 Thread 0x0000017b11fedbd0 Thread exited: 0x0000017b11fedbd0
Event: 35.658 Thread 0x0000017b11b0af70 Thread added: 0x0000017b11fedbd0


Dynamic libraries:
0x00007ff6aa770000 - 0x00007ff6aa77e000 	c:\Users\jibri\.vscode\extensions\redhat.java-1.54.0-win32-x64\jre\21.0.10-win32-x86_64\bin\java.exe
0x00007ff911840000 - 0x00007ff911aa7000 	C:\WINDOWS\SYSTEM32\ntdll.dll
0x00007ff90f650000 - 0x00007ff90f719000 	C:\WINDOWS\System32\KERNEL32.DLL
0x00007ff90e2a0000 - 0x00007ff90e697000 	C:\WINDOWS\System32\KERNELBASE.dll
0x00007ff90f330000 - 0x00007ff90f47b000 	C:\WINDOWS\System32\ucrtbase.dll
0x00007ff8d4d20000 - 0x00007ff8d4d3e000 	c:\Users\jibri\.vscode\extensions\redhat.java-1.54.0-win32-x64\jre\21.0.10-win32-x86_64\bin\VCRUNTIME140.dll
0x00007ff8d4310000 - 0x00007ff8d4328000 	c:\Users\jibri\.vscode\extensions\redhat.java-1.54.0-win32-x64\jre\21.0.10-win32-x86_64\bin\jli.dll
0x00007ff8e9210000 - 0x00007ff8e94a2000 	C:\WINDOWS\WinSxS\amd64_microsoft.windows.common-controls_6595b64144ccf1df_6.0.26100.8457_none_3e0b2faee331e92d\COMCTL32.dll
0x00007ff90f8b0000 - 0x00007ff90f959000 	C:\WINDOWS\System32\msvcrt.dll
0x00007ff910d80000 - 0x00007ff910dab000 	C:\WINDOWS\System32\GDI32.dll
0x00007ff90e270000 - 0x00007ff90e297000 	C:\WINDOWS\System32\win32u.dll
0x00007ff90f080000 - 0x00007ff90f1ac000 	C:\WINDOWS\System32\gdi32full.dll
0x00007ff90f510000 - 0x00007ff90f5b3000 	C:\WINDOWS\System32\msvcp_win.dll
0x00007ff911570000 - 0x00007ff911736000 	C:\WINDOWS\System32\USER32.dll
0x00007ff90f7f0000 - 0x00007ff90f822000 	C:\WINDOWS\System32\IMM32.DLL
0x00007ff8d5a30000 - 0x00007ff8d5a3c000 	c:\Users\jibri\.vscode\extensions\redhat.java-1.54.0-win32-x64\jre\21.0.10-win32-x86_64\bin\vcruntime140_1.dll
0x00007ff8b95a0000 - 0x00007ff8b962d000 	c:\Users\jibri\.vscode\extensions\redhat.java-1.54.0-win32-x64\jre\21.0.10-win32-x86_64\bin\msvcp140.dll
0x00007ff8336f0000 - 0x00007ff834491000 	c:\Users\jibri\.vscode\extensions\redhat.java-1.54.0-win32-x64\jre\21.0.10-win32-x86_64\bin\server\jvm.dll
0x00007ff911740000 - 0x00007ff9117f6000 	C:\WINDOWS\System32\ADVAPI32.dll
0x00007ff910520000 - 0x00007ff9105c7000 	C:\WINDOWS\System32\sechost.dll
0x00007ff9105d0000 - 0x00007ff9106e8000 	C:\WINDOWS\System32\RPCRT4.dll
0x00007ff90f5c0000 - 0x00007ff90f640000 	C:\WINDOWS\System32\WS2_32.dll
0x00007ff90e0d0000 - 0x00007ff90e12e000 	C:\WINDOWS\SYSTEM32\POWRPROF.dll
0x00007ff900920000 - 0x00007ff900956000 	C:\WINDOWS\SYSTEM32\WINMM.dll
0x00007ff905dd0000 - 0x00007ff905ddb000 	C:\WINDOWS\SYSTEM32\VERSION.dll
0x00007ff90e0b0000 - 0x00007ff90e0c4000 	C:\WINDOWS\SYSTEM32\UMPDC.dll
0x00007ff90cfd0000 - 0x00007ff90cfeb000 	C:\WINDOWS\SYSTEM32\kernel.appcore.dll
0x00007ff8d5070000 - 0x00007ff8d507a000 	c:\Users\jibri\.vscode\extensions\redhat.java-1.54.0-win32-x64\jre\21.0.10-win32-x86_64\bin\jimage.dll
0x00007ff90bfa0000 - 0x00007ff90c1e2000 	C:\WINDOWS\SYSTEM32\DBGHELP.DLL
0x00007ff90fc40000 - 0x00007ff90ffc3000 	C:\WINDOWS\System32\combase.dll
0x00007ff9101a0000 - 0x00007ff910279000 	C:\WINDOWS\System32\OLEAUT32.dll
0x00007ff8e3840000 - 0x00007ff8e387b000 	C:\WINDOWS\SYSTEM32\dbgcore.DLL
0x00007ff90ef10000 - 0x00007ff90efb8000 	C:\WINDOWS\System32\bcryptPrimitives.dll
0x00007ff8d32f0000 - 0x00007ff8d32ff000 	c:\Users\jibri\.vscode\extensions\redhat.java-1.54.0-win32-x64\jre\21.0.10-win32-x86_64\bin\instrument.dll
0x00007ff8d4210000 - 0x00007ff8d4230000 	c:\Users\jibri\.vscode\extensions\redhat.java-1.54.0-win32-x64\jre\21.0.10-win32-x86_64\bin\java.dll
0x00007ff910db0000 - 0x00007ff91151e000 	C:\WINDOWS\System32\SHELL32.dll
0x00007ff90e6a0000 - 0x00007ff90ef0c000 	C:\WINDOWS\System32\windows.storage.dll
0x00007ff90fb40000 - 0x00007ff90fc36000 	C:\WINDOWS\System32\SHCORE.dll
0x00007ff90ffd0000 - 0x00007ff910036000 	C:\WINDOWS\System32\shlwapi.dll
0x00007ff90e190000 - 0x00007ff90e1b9000 	C:\WINDOWS\SYSTEM32\profapi.dll
0x00007ff8d3300000 - 0x00007ff8d3318000 	c:\Users\jibri\.vscode\extensions\redhat.java-1.54.0-win32-x64\jre\21.0.10-win32-x86_64\bin\zip.dll
0x00007ff8d4d10000 - 0x00007ff8d4d20000 	C:\Users\jibri\.vscode\extensions\redhat.java-1.54.0-win32-x64\jre\21.0.10-win32-x86_64\bin\net.dll
0x00007ff906160000 - 0x00007ff906289000 	C:\WINDOWS\SYSTEM32\WINHTTP.dll
0x00007ff90d570000 - 0x00007ff90d5dc000 	C:\WINDOWS\system32\mswsock.dll
0x00007ff8d1c60000 - 0x00007ff8d1c76000 	C:\Users\jibri\.vscode\extensions\redhat.java-1.54.0-win32-x64\jre\21.0.10-win32-x86_64\bin\nio.dll
0x00007ff8d1be0000 - 0x00007ff8d1bf0000 	c:\Users\jibri\.vscode\extensions\redhat.java-1.54.0-win32-x64\jre\21.0.10-win32-x86_64\bin\verify.dll
0x00007ff8d4330000 - 0x00007ff8d4375000 	C:\Users\jibri\AppData\Roaming\Code\User\globalStorage\redhat.java\1.54.0\config_win\org.eclipse.equinox.launcher\org.eclipse.equinox.launcher.win32.win32.x86_64_1.3.0.v20260203-2149\eclipse_11919.dll
0x00007ff9106f0000 - 0x00007ff910887000 	C:\WINDOWS\System32\ole32.dll
0x00007ff90d850000 - 0x00007ff90d86b000 	C:\WINDOWS\SYSTEM32\CRYPTSP.dll
0x00007ff90cf30000 - 0x00007ff90cf69000 	C:\WINDOWS\system32\rsaenh.dll
0x00007ff90d620000 - 0x00007ff90d653000 	C:\WINDOWS\SYSTEM32\USERENV.dll
0x00007ff90e160000 - 0x00007ff90e18a000 	C:\WINDOWS\SYSTEM32\bcrypt.dll
0x00007ff90d870000 - 0x00007ff90d87c000 	C:\WINDOWS\SYSTEM32\CRYPTBASE.dll
0x00007ff90ca00000 - 0x00007ff90ca32000 	C:\WINDOWS\SYSTEM32\IPHLPAPI.DLL
0x00007ff90f880000 - 0x00007ff90f88a000 	C:\WINDOWS\System32\NSI.dll
0x00007ff8bdc10000 - 0x00007ff8bdc59000 	C:\Users\jibri\AppData\Local\Temp\jna-101119098\jna1480117466563643586.dll
0x00007ff90f720000 - 0x00007ff90f728000 	C:\WINDOWS\System32\PSAPI.DLL
0x00007ff906340000 - 0x00007ff90635d000 	C:\WINDOWS\SYSTEM32\dhcpcsvc6.DLL
0x00007ff906130000 - 0x00007ff906155000 	C:\WINDOWS\SYSTEM32\dhcpcsvc.DLL
0x00007ff8d6140000 - 0x00007ff8d6167000 	C:\Users\jibri\.gradle\native\1def1411415f61bf3af743bc5b6707747c0891f09f0c88961ee8f79bc544acac\windows-amd64\native-platform.dll
0x00007ff90ae10000 - 0x00007ff90ae1a000 	C:\Users\jibri\.vscode\extensions\redhat.java-1.54.0-win32-x64\jre\21.0.10-win32-x86_64\bin\management.dll
0x00007ff8cefc0000 - 0x00007ff8cefcc000 	C:\Users\jibri\.vscode\extensions\redhat.java-1.54.0-win32-x64\jre\21.0.10-win32-x86_64\bin\management_ext.dll
0x00007ff8d4710000 - 0x00007ff8d471e000 	C:\Users\jibri\.vscode\extensions\redhat.java-1.54.0-win32-x64\jre\21.0.10-win32-x86_64\bin\sunmscapi.dll
0x00007ff90f1b0000 - 0x00007ff90f328000 	C:\WINDOWS\System32\CRYPT32.dll
0x00007ff90da70000 - 0x00007ff90daa0000 	C:\WINDOWS\SYSTEM32\ncrypt.dll
0x00007ff90da20000 - 0x00007ff90da5f000 	C:\WINDOWS\SYSTEM32\NTASN1.dll
0x00007ff90caa0000 - 0x00007ff90cbd2000 	C:\WINDOWS\SYSTEM32\DNSAPI.dll
0x00007ff905880000 - 0x00007ff90588b000 	C:\Windows\System32\rasadhlp.dll
0x00007ff905350000 - 0x00007ff9053d6000 	C:\WINDOWS\System32\fwpuclnt.dll
0x00007ff8d4300000 - 0x00007ff8d4309000 	C:\Users\jibri\.vscode\extensions\redhat.java-1.54.0-win32-x64\jre\21.0.10-win32-x86_64\bin\extnet.dll
0x00007ff8c5ac0000 - 0x00007ff8c5ae7000 	C:\Users\jibri\.gradle\native\c067742578af261105cb4f569cf0c3c89f3d7b1fecec35dd04571415982c5e48\windows-amd64\native-platform.dll

JVMTI agents:
c:\Users\jibri\.vscode\extensions\redhat.java-1.54.0-win32-x64\lombok\lombok-1.18.39-4050.jar path:c:\Users\jibri\.vscode\extensions\redhat.java-1.54.0-win32-x64\jre\21.0.10-win32-x86_64\bin\instrument.dll, loaded, initialized, instrumentlib options:none

dbghelp: loaded successfully - version: 4.0.5 - missing functions: none
symbol engine: initialized successfully - sym options: 0x614 - pdb path: .;c:\Users\jibri\.vscode\extensions\redhat.java-1.54.0-win32-x64\jre\21.0.10-win32-x86_64\bin;C:\WINDOWS\SYSTEM32;C:\WINDOWS\WinSxS\amd64_microsoft.windows.common-controls_6595b64144ccf1df_6.0.26100.8457_none_3e0b2faee331e92d;c:\Users\jibri\.vscode\extensions\redhat.java-1.54.0-win32-x64\jre\21.0.10-win32-x86_64\bin\server;C:\Users\jibri\AppData\Roaming\Code\User\globalStorage\redhat.java\1.54.0\config_win\org.eclipse.equinox.launcher\org.eclipse.equinox.launcher.win32.win32.x86_64_1.3.0.v20260203-2149;C:\Users\jibri\AppData\Local\Temp\jna-101119098;C:\Users\jibri\.gradle\native\1def1411415f61bf3af743bc5b6707747c0891f09f0c88961ee8f79bc544acac\windows-amd64;C:\Users\jibri\.gradle\native\c067742578af261105cb4f569cf0c3c89f3d7b1fecec35dd04571415982c5e48\windows-amd64

VM Arguments:
jvm_args: --add-modules=ALL-SYSTEM --add-opens=java.base/java.util=ALL-UNNAMED --add-opens=java.base/java.lang=ALL-UNNAMED --add-opens=java.base/sun.nio.fs=ALL-UNNAMED -Declipse.application=org.eclipse.jdt.ls.core.id1 -Dosgi.bundles.defaultStartLevel=4 -Declipse.product=org.eclipse.jdt.ls.core.product -Djava.import.generatesMetadataFilesAtProjectRoot=false -DDetectVMInstallationsJob.disabled=true -Dfile.encoding=utf8 -XX:+UseParallelGC -XX:GCTimeRatio=4 -XX:AdaptiveSizePolicyWeight=90 -Dsun.zip.disableMemoryMapping=true -Xmx2G -Xms100m -Xlog:disable -javaagent:c:\Users\jibri\.vscode\extensions\redhat.java-1.54.0-win32-x64\lombok\lombok-1.18.39-4050.jar -XX:+HeapDumpOnOutOfMemoryError -XX:HeapDumpPath=c:\Users\jibri\AppData\Roaming\Code\User\workspaceStorage\8b75b7c593fc459511d45e689933c160\redhat.java -Daether.dependencyCollector.impl=bf 
java_command: c:\Users\jibri\.vscode\extensions\redhat.java-1.54.0-win32-x64\server\plugins\org.eclipse.equinox.launcher_1.7.100.v20251111-0406.jar -configuration c:\Users\jibri\AppData\Roaming\Code\User\globalStorage\redhat.java\1.54.0\config_win -data c:\Users\jibri\AppData\Roaming\Code\User\workspaceStorage\8b75b7c593fc459511d45e689933c160\redhat.java\jdt_ws --pipe=\\.\pipe\lsp-06512e153432b3ed2e2c255af44f215c-sock
java_class_path (initial): c:\Users\jibri\.vscode\extensions\redhat.java-1.54.0-win32-x64\server\plugins\org.eclipse.equinox.launcher_1.7.100.v20251111-0406.jar
Launcher Type: SUN_STANDARD

[Global flags]
    uintx AdaptiveSizePolicyWeight                 = 90                                        {product} {command line}
     intx CICompilerCount                          = 4                                         {product} {ergonomic}
    uintx GCTimeRatio                              = 4                                         {product} {command line}
     bool HeapDumpOnOutOfMemoryError               = true                                   {manageable} {command line}
    ccstr HeapDumpPath                             = c:\Users\jibri\AppData\Roaming\Code\User\workspaceStorage\8b75b7c593fc459511d45e689933c160\redhat.java         {manageable} {command line}
   size_t InitialHeapSize                          = 104857600                                 {product} {command line}
   size_t MaxHeapSize                              = 2147483648                                {product} {command line}
   size_t MaxNewSize                               = 715653120                                 {product} {ergonomic}
   size_t MinHeapDeltaBytes                        = 524288                                    {product} {ergonomic}
   size_t MinHeapSize                              = 104857600                                 {product} {command line}
   size_t NewSize                                  = 34603008                                  {product} {ergonomic}
    uintx NonNMethodCodeHeapSize                   = 5839372                                {pd product} {ergonomic}
    uintx NonProfiledCodeHeapSize                  = 122909434                              {pd product} {ergonomic}
   size_t OldSize                                  = 70254592                                  {product} {ergonomic}
    uintx ProfiledCodeHeapSize                     = 122909434                              {pd product} {ergonomic}
    uintx ReservedCodeCacheSize                    = 251658240                              {pd product} {ergonomic}
     bool SegmentedCodeCache                       = true                                      {product} {ergonomic}
   size_t SoftMaxHeapSize                          = 2147483648                             {manageable} {ergonomic}
     bool UseCompressedOops                        = true                           {product lp64_product} {ergonomic}
     bool UseLargePagesIndividualAllocation        = false                                  {pd product} {ergonomic}
     bool UseParallelGC                            = true                                      {product} {command line}

Logging:
Log output configuration:
 #0: stdout all=off uptime,level,tags foldmultilines=false
 #1: stderr all=off uptime,level,tags foldmultilines=false

Release file:
JAVA_VERSION="21.0.10" 
MODULES="java.base java.compiler java.datatransfer java.xml java.prefs java.desktop java.instrument java.logging java.management java.security.sasl java.naming java.rmi java.management.rmi java.net.http java.scripting java.security.jgss java.transaction.xa java.sql java.sql.rowset java.xml.crypto java.se java.smartcardio jdk.accessibility jdk.internal.jvmstat jdk.attach jdk.charsets jdk.internal.opt jdk.zipfs jdk.compiler jdk.crypto.ec jdk.crypto.cryptoki jdk.crypto.mscapi jdk.dynalink jdk.internal.ed jdk.editpad jdk.hotspot.agent jdk.httpserver jdk.internal.le jdk.internal.vm.ci jdk.internal.vm.compiler jdk.internal.vm.compiler.management jdk.jartool jdk.javadoc jdk.jcmd jdk.management jdk.management.agent jdk.jconsole jdk.jdeps jdk.jdwp.agent jdk.jdi jdk.jfr jdk.jshell jdk.jsobject jdk.jstatd jdk.localedata jdk.management.jfr jdk.naming.dns jdk.naming.rmi jdk.net jdk.nio.mapmode jdk.random jdk.sctp jdk.security.auth jdk.security.jgss jdk.unsupported jdk.unsupported.desktop jdk.xml.dom" 

Environment Variables:
JAVA_HOME=C:\Program Files\Java\jdk-17
PATH=C:\Program Files\Microsoft\jdk-17.0.16.8-hotspot\bin;C:\ProgramData\Oracle\Java\javapath;C:\Program Files\NVIDIA GPU Computing Toolkit\CUDA\v12.8\bin;C:\Program Files\NVIDIA GPU Computing Toolkit\CUDA\v12.8\libnvvp;C:\Program Files\Common Files\Oracle\Java\javapath;C:\PHP\;C:\Windows\system32;C:\Windows;C:\Windows\System32\Wbem;C:\Windows\System32\WindowsPowerShell\v1.0\;C:\Windows\System32\OpenSSH\;C:\Program Files (x86)\NVIDIA Corporation\PhysX\Common;C:\Program Files\Microsoft SQL Server\150\Tools\Binn\;C:\Program Files\Microsoft SQL Server\Client SDK\ODBC\170\Tools\Binn\;C:\ProgramData\ComposerSetup\bin;C:\Users\jibri\.config\herd\bin\nvm;C:\Program Files\nodejs;C:\Program Files\Java\jdk-17\bin;C:\xampp\php;C:\WINDOWS\system32;C:\WINDOWS;C:\WINDOWS\System32\Wbem;C:\WINDOWS\System32\WindowsPowerShell\v1.0\;C:\WINDOWS\System32\OpenSSH\;C:\Program Files\nodejs\;C:\Program Files\Git\cmd;C:\Program Files\Git\bin;C:\Users\jibri\AppData\Local\Pub\Cache\bin;C:\Program Files\NVIDIA Corporation\NVIDIA app\NvDLISR;C:\Program Files\heroku\bin;C:\Program Files\NVIDIA Corporation\Nsight Compute 2025.1.1\;C:\ProgramData\chocolatey\bin;C:\Users\jibri\AppData\Local\Programs\Python\Python310\Scripts;C:\Program Files\dotnet\;C:\Program Files (x86)\Windows Kits\10\Windows Performance Toolkit\;C:\Users\jibri\AppData\Local\Android\Sdk\platform-tools;C:\Program Files\Docker\Docker\resources\bin;C:\PHP\phpoldversion\;C:\Program Files\MySQL\MySQL Shell 8.0\bin\;C:\Users\jibri\AppData\Local\Programs\Python\Python310\Scripts\;C:\Users\jibri\AppData\Local\Programs\Python\Python310\;C:\Users\jibri\.config\herd\bin;C:\Users\jibri\AppData\Local\Microsoft\WindowsApps;C:\Users\jibri\AppData\Local\Programs\Microsoft VS Code\bin;C:\Users\jibri\AppData\Roaming\Composer\vendor\bin;C:\flutter\flutter\bin;C:\Users\jibri\AppData\Roaming\npm;C:\Program Files\Git;C:\Users\jibri\AppData\Local\Pub\Cache\bin;C:\Program Files\heroku\bin;C:\Users\jibri\.dotnet\tools;C:\AppServ\Apache24\bin;C:\AppServ\php7;C:\AppServ\MySQL\bin;C:\Users\jibri\AppData\Local\Android\Sdk\build-tools;C:\ProgramData\chocolatey\bin;C:\Program Files\nodejs\;C:\Users\jibri\AppData\Local\Programs\cursor\resources\app\bin;C:\Users\jibri\AppData\Local\Programs\Antigravity IDE\bin
USERNAME=jibri
OS=Windows_NT
PROCESSOR_IDENTIFIER=Intel64 Family 6 Model 191 Stepping 2, GenuineIntel
TMP=C:\Users\jibri\AppData\Local\Temp
TEMP=C:\Users\jibri\AppData\Local\Temp




Periodic native trim disabled

---------------  S Y S T E M  ---------------

OS:
 Windows 11 , 64 bit Build 26100 (10.0.26100.8328)
OS uptime: 0 days 9:22 hours
Hyper-V role detected

CPU: total 15 (initial active 15) (10 cores per cpu, 2 threads per core) family 6 model 191 stepping 2 microcode 0x2c, cx8, cmov, fxsr, ht, mmx, 3dnowpref, sse, sse2, sse3, ssse3, sse4.1, sse4.2, popcnt, lzcnt, tsc, tscinvbit, avx, avx2, aes, erms, clmul, bmi1, bmi2, adx, sha, fma, vzeroupper, clflush, clflushopt, clwb, hv, serialize, rdtscp, rdpid, fsrm, f16c, cet_ibt, cet_ss
Processor Information for processor 0
  Max Mhz: 2500, Current Mhz: 2500, Mhz Limit: 2500
Processor Information for processor 1
  Max Mhz: 2500, Current Mhz: 2500, Mhz Limit: 2500
Processor Information for processor 2
  Max Mhz: 2500, Current Mhz: 2500, Mhz Limit: 2500
Processor Information for processor 3
  Max Mhz: 2500, Current Mhz: 2500, Mhz Limit: 2500
Processor Information for processor 4
  Max Mhz: 2500, Current Mhz: 2500, Mhz Limit: 2500
Processor Information for processor 5
  Max Mhz: 2500, Current Mhz: 2500, Mhz Limit: 2500
Processor Information for processor 6
  Max Mhz: 2500, Current Mhz: 2500, Mhz Limit: 2500
Processor Information for processor 7
  Max Mhz: 2500, Current Mhz: 2500, Mhz Limit: 2500
Processor Information for processor 8
  Max Mhz: 2500, Current Mhz: 2500, Mhz Limit: 2500
Processor Information for processor 9
  Max Mhz: 2500, Current Mhz: 2500, Mhz Limit: 2500
Processor Information for processor 10
  Max Mhz: 2500, Current Mhz: 2500, Mhz Limit: 2500
Processor Information for processor 11
  Max Mhz: 2500, Current Mhz: 2500, Mhz Limit: 2500
Processor Information for processor 12
  Max Mhz: 2688, Current Mhz: 2688, Mhz Limit: 2688
Processor Information for processor 13
  Max Mhz: 2688, Current Mhz: 2688, Mhz Limit: 2688
Processor Information for processor 14
  Max Mhz: 2688, Current Mhz: 2688, Mhz Limit: 2688

Memory: 4k page, system-wide physical 7911M (509M free)
TotalPageFile size 32487M (AvailPageFile size 7M)
current process WorkingSet (physical memory assigned to process): 435M, peak: 436M
current process commit charge ("private bytes"): 529M, peak: 530M

vm_info: OpenJDK 64-Bit Server VM (21.0.10+7-LTS) for windows-amd64 JRE (21.0.10+7-LTS), built on 2026-01-20T00:00:00Z by "admin" with MS VC++ 17.12 (VS2022)

END.
