#
# There is insufficient memory for the Java Runtime Environment to continue.
# Native memory allocation (malloc) failed to allocate 32744 bytes for ChunkPool::allocate
# Possible reasons:
#   The system is out of physical RAM or swap space
#   The process is running with CompressedOops enabled, and the Java Heap may be blocking the growth of the native heap
# Possible solutions:
#   Reduce memory load on the system
#   Increase physical memory or swap space
#   Check if swap backing store is full
#   Decrease Java heap size (-Xmx/-Xms)
#   Decrease number of Java threads
#   Decrease Java thread stack sizes (-Xss)
#   Set larger code cache with -XX:ReservedCodeCacheSize=
#   JVM is running with Unscaled Compressed Oops mode in which the Java heap is
#     placed in the first 4GB address space. The Java Heap base address is the
#     maximum limit for the native heap growth. Please use -XX:HeapBaseMinAddress
#     to set the Java Heap base and to place the Java Heap above 4GB virtual address.
# This output file may be truncated or incomplete.
#
#  Out of Memory Error (arena.cpp:78), pid=35156, tid=13812
#
# JRE version: Java(TM) SE Runtime Environment (17.0.14+8) (build 17.0.14+8-LTS-191)
# Java VM: Java HotSpot(TM) 64-Bit Server VM (17.0.14+8-LTS-191, mixed mode, sharing, tiered, compressed oops, compressed class ptrs, g1 gc, windows-amd64)
# No core dump will be written. Minidumps are not enabled by default on client versions of Windows
#

---------------  S U M M A R Y ------------

Command Line: -Xmx64m -Xms64m -Dorg.gradle.appname=gradlew C:\rubi_web\CISC_Capstone\MiscueReading\android\\gradle\wrapper\gradle-wrapper.jar app:installDebug -PreactNativeDevServerPort=8081

Host: 13th Gen Intel(R) Core(TM) i5-13500HX, 20 cores, 7G,  Windows 11 , 64 bit Build 26100 (10.0.26100.7705)
Time: Wed Mar  4 12:43:22 2026 Malay Peninsula Standard Time elapsed time: 522.683313 seconds (0d 0h 8m 42s)

---------------  T H R E A D  ---------------

Current thread (0x0000022b0b15e650):  JavaThread "C2 CompilerThread0" daemon [_thread_in_native, id=13812, stack(0x000000c6b0a00000,0x000000c6b0b00000)]


Current CompileTask:
C2: 522683 2137       4       org.gradle.internal.logging.console.BuildStatusRenderer::renderNow (43 bytes)

Stack: [0x000000c6b0a00000,0x000000c6b0b00000]
Native frames: (J=compiled Java code, j=interpreted, Vv=VM code, C=native code)
V  [jvm.dll+0x67a38a]
V  [jvm.dll+0x7da7ed]
V  [jvm.dll+0x7dc133]
V  [jvm.dll+0x7dc7a3]
V  [jvm.dll+0x24517f]
V  [jvm.dll+0xab9a4]
V  [jvm.dll+0xabd3c]
V  [jvm.dll+0xab884]
V  [jvm.dll+0x7c46ac]
V  [jvm.dll+0x21de53]
V  [jvm.dll+0x69d70a]
V  [jvm.dll+0x217fe4]
V  [jvm.dll+0x215c65]
V  [jvm.dll+0x1a2950]
V  [jvm.dll+0x22620b]
V  [jvm.dll+0x2243ab]
V  [jvm.dll+0x790bbc]
V  [jvm.dll+0x78b04a]
V  [jvm.dll+0x679275]
C  [ucrtbase.dll+0x37b0]
C  [KERNEL32.DLL+0x2e8d7]
C  [ntdll.dll+0x8c40c]


---------------  P R O C E S S  ---------------

Threads class SMR info:
_java_thread_list=0x0000022b104b1790, length=13, elements={
0x0000022aaf90c550, 0x0000022b0b135c60, 0x0000022b0b136820, 0x0000022b0b14d720,
0x0000022b0b1500f0, 0x0000022b0b150ab0, 0x0000022b0b151470, 0x0000022b0b15e650,
0x0000022b0b165570, 0x0000022b0b165f70, 0x0000022b0b335d70, 0x0000022b0b337630,
0x0000022b10305250
}

Java Threads: ( => current thread )
  0x0000022aaf90c550 JavaThread "main" [_thread_in_native, id=2556, stack(0x000000c6afd00000,0x000000c6afe00000)]
  0x0000022b0b135c60 JavaThread "Reference Handler" daemon [_thread_blocked, id=19708, stack(0x000000c6b0400000,0x000000c6b0500000)]
  0x0000022b0b136820 JavaThread "Finalizer" daemon [_thread_blocked, id=1484, stack(0x000000c6b0500000,0x000000c6b0600000)]
  0x0000022b0b14d720 JavaThread "Signal Dispatcher" daemon [_thread_blocked, id=14484, stack(0x000000c6b0600000,0x000000c6b0700000)]
  0x0000022b0b1500f0 JavaThread "Attach Listener" daemon [_thread_blocked, id=27316, stack(0x000000c6b0700000,0x000000c6b0800000)]
  0x0000022b0b150ab0 JavaThread "Service Thread" daemon [_thread_blocked, id=6212, stack(0x000000c6b0800000,0x000000c6b0900000)]
  0x0000022b0b151470 JavaThread "Monitor Deflation Thread" daemon [_thread_blocked, id=15192, stack(0x000000c6b0900000,0x000000c6b0a00000)]
=>0x0000022b0b15e650 JavaThread "C2 CompilerThread0" daemon [_thread_in_native, id=13812, stack(0x000000c6b0a00000,0x000000c6b0b00000)]
  0x0000022b0b165570 JavaThread "C1 CompilerThread0" daemon [_thread_blocked, id=27096, stack(0x000000c6b0b00000,0x000000c6b0c00000)]
  0x0000022b0b165f70 JavaThread "Sweeper thread" daemon [_thread_blocked, id=25192, stack(0x000000c6b0c00000,0x000000c6b0d00000)]
  0x0000022b0b335d70 JavaThread "Notification Thread" daemon [_thread_blocked, id=30768, stack(0x000000c6b1000000,0x000000c6b1100000)]
  0x0000022b0b337630 JavaThread "Common-Cleaner" daemon [_thread_blocked, id=592, stack(0x000000c6b1200000,0x000000c6b1300000)]
  0x0000022b10305250 JavaThread "pool-1-thread-1" [_thread_blocked, id=37844, stack(0x000000c6b1700000,0x000000c6b1800000)]

Other Threads:
  0x0000022b0b12e190 VMThread "VM Thread" [stack: 0x000000c6b0300000,0x000000c6b0400000] [id=26884]
  0x0000022aaf9775f0 WatcherThread [stack: 0x000000c6b1100000,0x000000c6b1200000] [id=15824]
  0x0000022aaf92fdd0 GCTaskThread "GC Thread#0" [stack: 0x000000c6afe00000,0x000000c6aff00000] [id=23928]
  0x0000022b0b7de060 GCTaskThread "GC Thread#1" [stack: 0x000000c6b1400000,0x000000c6b1500000] [id=35528]
  0x0000022b0b594e40 GCTaskThread "GC Thread#2" [stack: 0x000000c6b1500000,0x000000c6b1600000] [id=29312]
  0x0000022b0b7f1770 GCTaskThread "GC Thread#3" [stack: 0x000000c6b1600000,0x000000c6b1700000] [id=24044]
  0x0000022b105bdc40 GCTaskThread "GC Thread#4" [stack: 0x000000c6b1300000,0x000000c6b1400000] [id=23408]
  0x0000022b105145f0 GCTaskThread "GC Thread#5" [stack: 0x000000c6b1800000,0x000000c6b1900000] [id=28316]
  0x0000022b105150c0 GCTaskThread "GC Thread#6" [stack: 0x000000c6b1900000,0x000000c6b1a00000] [id=8980]
  0x0000022b10515380 GCTaskThread "GC Thread#7" [stack: 0x000000c6b1a00000,0x000000c6b1b00000] [id=8992]
  0x0000022aaf931520 ConcurrentGCThread "G1 Main Marker" [stack: 0x000000c6aff00000,0x000000c6b0000000] [id=10232]
  0x0000022aaf932c00 ConcurrentGCThread "G1 Conc#0" [stack: 0x000000c6b0000000,0x000000c6b0100000] [id=13124]
  0x0000022aaf9beeb0 ConcurrentGCThread "G1 Refine#0" [stack: 0x000000c6b0100000,0x000000c6b0200000] [id=20108]
  0x0000022aaf9bf780 ConcurrentGCThread "G1 Service" [stack: 0x000000c6b0200000,0x000000c6b0300000] [id=25880]

Threads with active compile tasks:
C2 CompilerThread0   522717 2137       4       org.gradle.internal.logging.console.BuildStatusRenderer::renderNow (43 bytes)

VM state: not at safepoint (normal execution)

VM Mutex/Monitor currently owned by a thread: None

Heap address: 0x00000000fc000000, size: 64 MB, Compressed Oops mode: 32-bit

CDS archive(s) mapped at: [0x0000022aca000000-0x0000022acabd0000-0x0000022acabd0000), size 12386304, SharedBaseAddress: 0x0000022aca000000, ArchiveRelocationMode: 1.
Compressed class space mapped at: 0x0000022acb000000-0x0000022b0b000000, reserved size: 1073741824
Narrow klass base: 0x0000022aca000000, Narrow klass shift: 0, Narrow klass range: 0x100000000

GC Precious Log:
 CPUs: 20 total, 20 available
 Memory: 7911M
 Large Page Support: Disabled
 NUMA Support: Disabled
 Compressed Oops: Enabled (32-bit)
 Heap Region Size: 1M
 Heap Min Capacity: 64M
 Heap Initial Capacity: 64M
 Heap Max Capacity: 64M
 Pre-touch: Disabled
 Parallel Workers: 15
 Concurrent Workers: 4
 Concurrent Refinement Workers: 15
 Periodic GC: Disabled

Heap:
 garbage-first heap   total 65536K, used 25383K [0x00000000fc000000, 0x0000000100000000)
  region size 1024K, 19 young (19456K), 4 survivors (4096K)
 Metaspace       used 9659K, committed 9856K, reserved 1114112K
  class space    used 1249K, committed 1344K, reserved 1048576K

Heap Regions: E=young(eden), S=young(survivor), O=old, HS=humongous(starts), HC=humongous(continues), CS=collection set, F=free, OA=open archive, CA=closed archive, TAMS=top-at-mark-start (previous, next)
|   0|0x00000000fc000000, 0x00000000fc100000, 0x00000000fc100000|100%|HS|  |TAMS 0x00000000fc000000, 0x00000000fc000000| Complete 
|   1|0x00000000fc100000, 0x00000000fc200000, 0x00000000fc200000|100%|HC|  |TAMS 0x00000000fc100000, 0x00000000fc100000| Complete 
|   2|0x00000000fc200000, 0x00000000fc300000, 0x00000000fc300000|100%|HC|  |TAMS 0x00000000fc200000, 0x00000000fc200000| Complete 
|   3|0x00000000fc300000, 0x00000000fc400000, 0x00000000fc400000|100%| O|  |TAMS 0x00000000fc300000, 0x00000000fc300000| Untracked 
|   4|0x00000000fc400000, 0x00000000fc500000, 0x00000000fc500000|100%| O|  |TAMS 0x00000000fc400000, 0x00000000fc400000| Untracked 
|   5|0x00000000fc500000, 0x00000000fc600000, 0x00000000fc600000|100%| O|  |TAMS 0x00000000fc500000, 0x00000000fc500000| Untracked 
|   6|0x00000000fc600000, 0x00000000fc6c9c00, 0x00000000fc700000| 78%| O|  |TAMS 0x00000000fc600000, 0x00000000fc600000| Untracked 
|   7|0x00000000fc700000, 0x00000000fc700000, 0x00000000fc800000|  0%| F|  |TAMS 0x00000000fc700000, 0x00000000fc700000| Untracked 
|   8|0x00000000fc800000, 0x00000000fc800000, 0x00000000fc900000|  0%| F|  |TAMS 0x00000000fc800000, 0x00000000fc800000| Untracked 
|   9|0x00000000fc900000, 0x00000000fc900000, 0x00000000fca00000|  0%| F|  |TAMS 0x00000000fc900000, 0x00000000fc900000| Untracked 
|  10|0x00000000fca00000, 0x00000000fca00000, 0x00000000fcb00000|  0%| F|  |TAMS 0x00000000fca00000, 0x00000000fca00000| Untracked 
|  11|0x00000000fcb00000, 0x00000000fcb00000, 0x00000000fcc00000|  0%| F|  |TAMS 0x00000000fcb00000, 0x00000000fcb00000| Untracked 
|  12|0x00000000fcc00000, 0x00000000fcc00000, 0x00000000fcd00000|  0%| F|  |TAMS 0x00000000fcc00000, 0x00000000fcc00000| Untracked 
|  13|0x00000000fcd00000, 0x00000000fcd00000, 0x00000000fce00000|  0%| F|  |TAMS 0x00000000fcd00000, 0x00000000fcd00000| Untracked 
|  14|0x00000000fce00000, 0x00000000fce00000, 0x00000000fcf00000|  0%| F|  |TAMS 0x00000000fce00000, 0x00000000fce00000| Untracked 
|  15|0x00000000fcf00000, 0x00000000fcf00000, 0x00000000fd000000|  0%| F|  |TAMS 0x00000000fcf00000, 0x00000000fcf00000| Untracked 
|  16|0x00000000fd000000, 0x00000000fd000000, 0x00000000fd100000|  0%| F|  |TAMS 0x00000000fd000000, 0x00000000fd000000| Untracked 
|  17|0x00000000fd100000, 0x00000000fd100000, 0x00000000fd200000|  0%| F|  |TAMS 0x00000000fd100000, 0x00000000fd100000| Untracked 
|  18|0x00000000fd200000, 0x00000000fd200000, 0x00000000fd300000|  0%| F|  |TAMS 0x00000000fd200000, 0x00000000fd200000| Untracked 
|  19|0x00000000fd300000, 0x00000000fd300000, 0x00000000fd400000|  0%| F|  |TAMS 0x00000000fd300000, 0x00000000fd300000| Untracked 
|  20|0x00000000fd400000, 0x00000000fd400000, 0x00000000fd500000|  0%| F|  |TAMS 0x00000000fd400000, 0x00000000fd400000| Untracked 
|  21|0x00000000fd500000, 0x00000000fd500000, 0x00000000fd600000|  0%| F|  |TAMS 0x00000000fd500000, 0x00000000fd500000| Untracked 
|  22|0x00000000fd600000, 0x00000000fd600000, 0x00000000fd700000|  0%| F|  |TAMS 0x00000000fd600000, 0x00000000fd600000| Untracked 
|  23|0x00000000fd700000, 0x00000000fd700000, 0x00000000fd800000|  0%| F|  |TAMS 0x00000000fd700000, 0x00000000fd700000| Untracked 
|  24|0x00000000fd800000, 0x00000000fd800000, 0x00000000fd900000|  0%| F|  |TAMS 0x00000000fd800000, 0x00000000fd800000| Untracked 
|  25|0x00000000fd900000, 0x00000000fd900000, 0x00000000fda00000|  0%| F|  |TAMS 0x00000000fd900000, 0x00000000fd900000| Untracked 
|  26|0x00000000fda00000, 0x00000000fda00000, 0x00000000fdb00000|  0%| F|  |TAMS 0x00000000fda00000, 0x00000000fda00000| Untracked 
|  27|0x00000000fdb00000, 0x00000000fdb00000, 0x00000000fdc00000|  0%| F|  |TAMS 0x00000000fdb00000, 0x00000000fdb00000| Untracked 
|  28|0x00000000fdc00000, 0x00000000fdd00000, 0x00000000fdd00000|100%| S|CS|TAMS 0x00000000fdc00000, 0x00000000fdc00000| Complete 
|  29|0x00000000fdd00000, 0x00000000fde00000, 0x00000000fde00000|100%| S|CS|TAMS 0x00000000fdd00000, 0x00000000fdd00000| Complete 
|  30|0x00000000fde00000, 0x00000000fdf00000, 0x00000000fdf00000|100%| S|CS|TAMS 0x00000000fde00000, 0x00000000fde00000| Complete 
|  31|0x00000000fdf00000, 0x00000000fe000000, 0x00000000fe000000|100%| S|CS|TAMS 0x00000000fdf00000, 0x00000000fdf00000| Complete 
|  32|0x00000000fe000000, 0x00000000fe000000, 0x00000000fe100000|  0%| F|  |TAMS 0x00000000fe000000, 0x00000000fe000000| Untracked 
|  33|0x00000000fe100000, 0x00000000fe100000, 0x00000000fe200000|  0%| F|  |TAMS 0x00000000fe100000, 0x00000000fe100000| Untracked 
|  34|0x00000000fe200000, 0x00000000fe200000, 0x00000000fe300000|  0%| F|  |TAMS 0x00000000fe200000, 0x00000000fe200000| Untracked 
|  35|0x00000000fe300000, 0x00000000fe300000, 0x00000000fe400000|  0%| F|  |TAMS 0x00000000fe300000, 0x00000000fe300000| Untracked 
|  36|0x00000000fe400000, 0x00000000fe400000, 0x00000000fe500000|  0%| F|  |TAMS 0x00000000fe400000, 0x00000000fe400000| Untracked 
|  37|0x00000000fe500000, 0x00000000fe500000, 0x00000000fe600000|  0%| F|  |TAMS 0x00000000fe500000, 0x00000000fe500000| Untracked 
|  38|0x00000000fe600000, 0x00000000fe600000, 0x00000000fe700000|  0%| F|  |TAMS 0x00000000fe600000, 0x00000000fe600000| Untracked 
|  39|0x00000000fe700000, 0x00000000fe700000, 0x00000000fe800000|  0%| F|  |TAMS 0x00000000fe700000, 0x00000000fe700000| Untracked 
|  40|0x00000000fe800000, 0x00000000fe800000, 0x00000000fe900000|  0%| F|  |TAMS 0x00000000fe800000, 0x00000000fe800000| Untracked 
|  41|0x00000000fe900000, 0x00000000fe900000, 0x00000000fea00000|  0%| F|  |TAMS 0x00000000fe900000, 0x00000000fe900000| Untracked 
|  42|0x00000000fea00000, 0x00000000fea00000, 0x00000000feb00000|  0%| F|  |TAMS 0x00000000fea00000, 0x00000000fea00000| Untracked 
|  43|0x00000000feb00000, 0x00000000feb00000, 0x00000000fec00000|  0%| F|  |TAMS 0x00000000feb00000, 0x00000000feb00000| Untracked 
|  44|0x00000000fec00000, 0x00000000fec00000, 0x00000000fed00000|  0%| F|  |TAMS 0x00000000fec00000, 0x00000000fec00000| Untracked 
|  45|0x00000000fed00000, 0x00000000fed00000, 0x00000000fee00000|  0%| F|  |TAMS 0x00000000fed00000, 0x00000000fed00000| Untracked 
|  46|0x00000000fee00000, 0x00000000fee00000, 0x00000000fef00000|  0%| F|  |TAMS 0x00000000fee00000, 0x00000000fee00000| Untracked 
|  47|0x00000000fef00000, 0x00000000fef00000, 0x00000000ff000000|  0%| F|  |TAMS 0x00000000fef00000, 0x00000000fef00000| Untracked 
|  48|0x00000000ff000000, 0x00000000ff000000, 0x00000000ff100000|  0%| F|  |TAMS 0x00000000ff000000, 0x00000000ff000000| Untracked 
|  49|0x00000000ff100000, 0x00000000ff196ac8, 0x00000000ff200000| 58%| E|  |TAMS 0x00000000ff100000, 0x00000000ff100000| Complete 
|  50|0x00000000ff200000, 0x00000000ff300000, 0x00000000ff300000|100%| E|CS|TAMS 0x00000000ff200000, 0x00000000ff200000| Complete 
|  51|0x00000000ff300000, 0x00000000ff400000, 0x00000000ff400000|100%| E|CS|TAMS 0x00000000ff300000, 0x00000000ff300000| Complete 
|  52|0x00000000ff400000, 0x00000000ff500000, 0x00000000ff500000|100%| E|CS|TAMS 0x00000000ff400000, 0x00000000ff400000| Complete 
|  53|0x00000000ff500000, 0x00000000ff600000, 0x00000000ff600000|100%| E|CS|TAMS 0x00000000ff500000, 0x00000000ff500000| Complete 
|  54|0x00000000ff600000, 0x00000000ff700000, 0x00000000ff700000|100%| E|CS|TAMS 0x00000000ff600000, 0x00000000ff600000| Complete 
|  55|0x00000000ff700000, 0x00000000ff800000, 0x00000000ff800000|100%| E|CS|TAMS 0x00000000ff700000, 0x00000000ff700000| Complete 
|  56|0x00000000ff800000, 0x00000000ff900000, 0x00000000ff900000|100%| E|CS|TAMS 0x00000000ff800000, 0x00000000ff800000| Complete 
|  57|0x00000000ff900000, 0x00000000ffa00000, 0x00000000ffa00000|100%| E|CS|TAMS 0x00000000ff900000, 0x00000000ff900000| Complete 
|  58|0x00000000ffa00000, 0x00000000ffb00000, 0x00000000ffb00000|100%| E|CS|TAMS 0x00000000ffa00000, 0x00000000ffa00000| Complete 
|  59|0x00000000ffb00000, 0x00000000ffc00000, 0x00000000ffc00000|100%| E|CS|TAMS 0x00000000ffb00000, 0x00000000ffb00000| Complete 
|  60|0x00000000ffc00000, 0x00000000ffd00000, 0x00000000ffd00000|100%| E|CS|TAMS 0x00000000ffc00000, 0x00000000ffc00000| Complete 
|  61|0x00000000ffd00000, 0x00000000ffe00000, 0x00000000ffe00000|100%| E|CS|TAMS 0x00000000ffd00000, 0x00000000ffd00000| Complete 
|  62|0x00000000ffe00000, 0x00000000fff00000, 0x00000000fff00000|100%| E|CS|TAMS 0x00000000ffe00000, 0x00000000ffe00000| Complete 
|  63|0x00000000fff00000, 0x0000000100000000, 0x0000000100000000|100%| E|CS|TAMS 0x00000000fff00000, 0x00000000fff00000| Complete 

Card table byte_map: [0x0000022aaf800000,0x0000022aaf820000] _byte_map_base: 0x0000022aaf020000

Marking Bits (Prev, Next): (CMBitMap*) 0x0000022aaf9303f0, (CMBitMap*) 0x0000022aaf930430
 Prev Bits: [0x0000022ac6c80000, 0x0000022ac6d80000)
 Next Bits: [0x0000022ac6d80000, 0x0000022ac6e80000)

Polling page: 0x0000022aad7d0000

Metaspace:

Usage:
  Non-class:      8.21 MB used.
      Class:      1.22 MB used.
       Both:      9.43 MB used.

Virtual space:
  Non-class space:       64.00 MB reserved,       8.31 MB ( 13%) committed,  1 nodes.
      Class space:        1.00 GB reserved,       1.31 MB ( <1%) committed,  1 nodes.
             Both:        1.06 GB reserved,       9.62 MB ( <1%) committed. 

Chunk freelists:
   Non-Class:  7.62 MB
       Class:  14.51 MB
        Both:  22.14 MB

MaxMetaspaceSize: unlimited
CompressedClassSpaceSize: 1.00 GB
Initial GC threshold: 21.00 MB
Current GC threshold: 21.00 MB
CDS: on
MetaspaceReclaimPolicy: balanced
 - commit_granule_bytes: 65536.
 - commit_granule_words: 8192.
 - virtual_space_node_default_size: 8388608.
 - enlarge_chunks_in_place: 1.
 - new_chunks_are_fully_committed: 0.
 - uncommit_free_chunks: 1.
 - use_allocation_guard: 0.
 - handle_deallocations: 1.


Internal statistics:

num_allocs_failed_limit: 0.
num_arena_births: 72.
num_arena_deaths: 0.
num_vsnodes_births: 2.
num_vsnodes_deaths: 0.
num_space_committed: 154.
num_space_uncommitted: 0.
num_chunks_returned_to_freelist: 0.
num_chunks_taken_from_freelist: 331.
num_chunk_merges: 0.
num_chunk_splits: 219.
num_chunks_enlarged: 184.
num_inconsistent_stats: 0.

CodeHeap 'non-profiled nmethods': size=119168Kb used=1015Kb max_used=1015Kb free=118152Kb
 bounds [0x0000022abed80000, 0x0000022abeff0000, 0x0000022ac61e0000]
CodeHeap 'profiled nmethods': size=119104Kb used=4021Kb max_used=4021Kb free=115083Kb
 bounds [0x0000022ab71e0000, 0x0000022ab75d0000, 0x0000022abe630000]
CodeHeap 'non-nmethods': size=7488Kb used=1172Kb max_used=2872Kb free=6315Kb
 bounds [0x0000022abe630000, 0x0000022abe900000, 0x0000022abed80000]
 total_blobs=2602 nmethods=2136 adapters=378
 compilation: enabled
              stopped_count=0, restarted_count=0
 full_count=0

Compilation events (20 events):
Event: 416.321 Thread 0x0000022b0b15e650 nmethod 2127 0x0000022abee72b90 code [0x0000022abee73000, 0x0000022abee773c0]
Event: 426.587 Thread 0x0000022b0b165570 2128       3       com.google.common.base.Predicates$InstanceOfPredicate::<init> (6 bytes)
Event: 426.587 Thread 0x0000022b0b165570 nmethod 2128 0x0000022ab75cc710 code [0x0000022ab75cc8e0, 0x0000022ab75ccc68]
Event: 426.587 Thread 0x0000022b0b165570 2129       3       com.google.common.base.Predicates$InstanceOfPredicate::<init> (16 bytes)
Event: 426.588 Thread 0x0000022b0b165570 nmethod 2129 0x0000022ab75cce10 code [0x0000022ab75ccfc0, 0x0000022ab75cd2e8]
Event: 449.681 Thread 0x0000022b0b15e650 2130       4       java.util.concurrent.TimeUnit::toMillis (69 bytes)
Event: 449.682 Thread 0x0000022b0b15e650 nmethod 2130 0x0000022abee7a910 code [0x0000022abee7aa80, 0x0000022abee7ab78]
Event: 479.883 Thread 0x0000022b0b15e650 2131  s    4       java.io.BufferedOutputStream::flush (12 bytes)
Event: 479.887 Thread 0x0000022b0b15e650 nmethod 2131 0x0000022abee7ac10 code [0x0000022abee7ada0, 0x0000022abee7b0e8]
Event: 503.192 Thread 0x0000022b0b15e650 2132       4       java.io.OutputStreamWriter::append (6 bytes)
Event: 503.204 Thread 0x0000022b0b15e650 nmethod 2132 0x0000022abee7b310 code [0x0000022abee7b4e0, 0x0000022abee7bd78]
Event: 503.204 Thread 0x0000022b0b15e650 2133       4       sun.nio.cs.StreamEncoder::write (37 bytes)
Event: 503.207 Thread 0x0000022b0b15e650 nmethod 2133 0x0000022abee7c290 code [0x0000022abee7c440, 0x0000022abee7cc58]
Event: 508.386 Thread 0x0000022b0b15e650 2134       4       java.lang.StringLatin1::trim (76 bytes)
Event: 508.392 Thread 0x0000022b0b15e650 nmethod 2134 0x0000022abee7d110 code [0x0000022abee7d2a0, 0x0000022abee7d3c8]
Event: 512.294 Thread 0x0000022b0b15e650 2135       4       java.util.concurrent.locks.LockSupport::parkNanos (29 bytes)
Event: 512.297 Thread 0x0000022b0b15e650 nmethod 2135 0x0000022abee7d510 code [0x0000022abee7d6a0, 0x0000022abee7d888]
Event: 517.094 Thread 0x0000022b0b15e650 2136       4       java.util.concurrent.locks.AbstractQueuedSynchronizer$Node::getAndUnsetStatus (14 bytes)
Event: 517.096 Thread 0x0000022b0b15e650 nmethod 2136 0x0000022abee7d990 code [0x0000022abee7db00, 0x0000022abee7dbb8]
Event: 518.592 Thread 0x0000022b0b15e650 2137       4       org.gradle.internal.logging.console.BuildStatusRenderer::renderNow (43 bytes)

GC Heap History (4 events):
Event: 0.373 GC heap before
{Heap before GC invocations=0 (full 0):
 garbage-first heap   total 65536K, used 22528K [0x00000000fc000000, 0x0000000100000000)
  region size 1024K, 23 young (23552K), 0 survivors (0K)
 Metaspace       used 1703K, committed 1856K, reserved 1114112K
  class space    used 155K, committed 192K, reserved 1048576K
}
Event: 0.376 GC heap after
{Heap after GC invocations=1 (full 0):
 garbage-first heap   total 65536K, used 1984K [0x00000000fc000000, 0x0000000100000000)
  region size 1024K, 2 young (2048K), 2 survivors (2048K)
 Metaspace       used 1703K, committed 1856K, reserved 1114112K
  class space    used 155K, committed 192K, reserved 1048576K
}
Event: 1.047 GC heap before
{Heap before GC invocations=1 (full 0):
 garbage-first heap   total 65536K, used 34752K [0x00000000fc000000, 0x0000000100000000)
  region size 1024K, 32 young (32768K), 2 survivors (2048K)
 Metaspace       used 7483K, committed 7616K, reserved 1114112K
  class space    used 1011K, committed 1088K, reserved 1048576K
}
Event: 1.051 GC heap after
{Heap after GC invocations=2 (full 0):
 garbage-first heap   total 65536K, used 11047K [0x00000000fc000000, 0x0000000100000000)
  region size 1024K, 4 young (4096K), 4 survivors (4096K)
 Metaspace       used 7483K, committed 7616K, reserved 1114112K
  class space    used 1011K, committed 1088K, reserved 1048576K
}

Deoptimization events (20 events):
Event: 1.225 Thread 0x0000022aaf90c550 Uncommon trap: trap_request=0xffffffde fr.pc=0x0000022abedc1d54 relative=0x00000000000000b4
Event: 1.225 Thread 0x0000022aaf90c550 Uncommon trap: reason=class_check action=maybe_recompile pc=0x0000022abedc1d54 method=java.util.AbstractList$Itr.next()Ljava/lang/Object; @ 14 c2
Event: 1.225 Thread 0x0000022aaf90c550 DEOPT PACKING pc=0x0000022abedc1d54 sp=0x000000c6afdfc4b0
Event: 1.225 Thread 0x0000022aaf90c550 DEOPT UNPACKING pc=0x0000022abe6823a3 sp=0x000000c6afdfc448 mode 2
Event: 1.238 Thread 0x0000022aaf90c550 Uncommon trap: trap_request=0xffffffde fr.pc=0x0000022abedc19f4 relative=0x0000000000000074
Event: 1.238 Thread 0x0000022aaf90c550 Uncommon trap: reason=class_check action=maybe_recompile pc=0x0000022abedc19f4 method=java.util.AbstractList$Itr.hasNext()Z @ 8 c2
Event: 1.238 Thread 0x0000022aaf90c550 DEOPT PACKING pc=0x0000022abedc19f4 sp=0x000000c6afdfd4f0
Event: 1.238 Thread 0x0000022aaf90c550 DEOPT UNPACKING pc=0x0000022abe6823a3 sp=0x000000c6afdfd488 mode 2
Event: 1.295 Thread 0x0000022b10305250 Uncommon trap: trap_request=0xffffffde fr.pc=0x0000022abedc1d54 relative=0x00000000000000b4
Event: 1.295 Thread 0x0000022b10305250 Uncommon trap: reason=class_check action=maybe_recompile pc=0x0000022abedc1d54 method=java.util.AbstractList$Itr.next()Ljava/lang/Object; @ 14 c2
Event: 1.295 Thread 0x0000022b10305250 DEOPT PACKING pc=0x0000022abedc1d54 sp=0x000000c6b17fea60
Event: 1.295 Thread 0x0000022b10305250 DEOPT UNPACKING pc=0x0000022abe6823a3 sp=0x000000c6b17fe9f8 mode 2
Event: 10.189 Thread 0x0000022b10305250 DEOPT PACKING pc=0x0000022ab7491ec9 sp=0x000000c6b17fd840
Event: 10.189 Thread 0x0000022b10305250 DEOPT UNPACKING pc=0x0000022abe682b43 sp=0x000000c6b17fcd50 mode 0
Event: 37.395 Thread 0x0000022b10305250 Uncommon trap: trap_request=0xffffff45 fr.pc=0x0000022abee36c98 relative=0x0000000000000518
Event: 37.395 Thread 0x0000022b10305250 Uncommon trap: reason=unstable_if action=reinterpret pc=0x0000022abee36c98 method=org.gradle.internal.logging.text.AbstractLineChoppingStyledTextOutput$2.execute(Lorg/gradle/internal/logging/text/AbstractLineChoppingStyledTextOutput$StateContext;)V @ 34 c
Event: 37.395 Thread 0x0000022b10305250 DEOPT PACKING pc=0x0000022abee36c98 sp=0x000000c6b17fe960
Event: 37.395 Thread 0x0000022b10305250 DEOPT UNPACKING pc=0x0000022abe6823a3 sp=0x000000c6b17fe7e8 mode 2
Event: 405.893 Thread 0x0000022b10305250 DEOPT PACKING pc=0x0000022ab74f8483 sp=0x000000c6b17fe6e0
Event: 405.893 Thread 0x0000022b10305250 DEOPT UNPACKING pc=0x0000022abe682b43 sp=0x000000c6b17fdb50 mode 0

Classes unloaded (0 events):
No events

Classes redefined (0 events):
No events

Internal exceptions (19 events):
Event: 0.132 Thread 0x0000022aaf90c550 Exception <a 'java/lang/NoSuchMethodError'{0x00000000ffb014c0}: 'int java.lang.invoke.DirectMethodHandle$Holder.invokeStaticInit(java.lang.Object, java.lang.Object)'> (0x00000000ffb014c0) 
thrown [s\open\src\hotspot\share\interpreter\linkResolver.cpp, line 759]
Event: 0.649 Thread 0x0000022aaf90c550 Exception <a 'java/lang/NoSuchMethodError'{0x00000000ff33c730}: 'int java.lang.invoke.DirectMethodHandle$Holder.invokeStatic(java.lang.Object, java.lang.Object, int)'> (0x00000000ff33c730) 
thrown [s\open\src\hotspot\share\interpreter\linkResolver.cpp, line 759]
Event: 0.704 Thread 0x0000022aaf90c550 Exception <a 'java/lang/NoSuchMethodError'{0x00000000ff0e4b00}: 'java.lang.Object java.lang.invoke.DirectMethodHandle$Holder.invokeStaticInit(java.lang.Object)'> (0x00000000ff0e4b00) 
thrown [s\open\src\hotspot\share\interpreter\linkResolver.cpp, line 759]
Event: 0.713 Thread 0x0000022aaf90c550 Exception <a 'java/lang/NoSuchMethodError'{0x00000000ff0ff7c8}: 'int java.lang.invoke.DirectMethodHandle$Holder.invokeSpecial(java.lang.Object, java.lang.Object, java.lang.Object)'> (0x00000000ff0ff7c8) 
thrown [s\open\src\hotspot\share\interpreter\linkResolver.cpp, line 759]
Event: 0.719 Thread 0x0000022aaf90c550 Exception <a 'java/lang/NoSuchMethodError'{0x00000000fef3cea8}: 'void java.lang.invoke.DirectMethodHandle$Holder.invokeStatic(java.lang.Object, java.lang.Object)'> (0x00000000fef3cea8) 
thrown [s\open\src\hotspot\share\interpreter\linkResolver.cpp, line 759]
Event: 0.721 Thread 0x0000022aaf90c550 Implicit null exception at 0x0000022abede7d8a to 0x0000022abede82c0
Event: 0.750 Thread 0x0000022aaf90c550 Exception <a 'java/lang/NoSuchMethodError'{0x00000000feeebc58}: 'java.lang.Object java.lang.invoke.Invokers$Holder.invoker(java.lang.Object, java.lang.Object, java.lang.Object)'> (0x00000000feeebc58) 
thrown [s\open\src\hotspot\share\interpreter\linkResolver.cpp, line 759]
Event: 0.751 Thread 0x0000022aaf90c550 Exception <a 'java/lang/NoSuchMethodError'{0x00000000feef4db0}: 'java.lang.Object java.lang.invoke.DirectMethodHandle$Holder.invokeStatic(java.lang.Object, java.lang.Object, int)'> (0x00000000feef4db0) 
thrown [s\open\src\hotspot\share\interpreter\linkResolver.cpp, line 759]
Event: 0.751 Thread 0x0000022aaf90c550 Exception <a 'java/lang/NoSuchMethodError'{0x00000000fed00ff8}: 'void java.lang.invoke.DelegatingMethodHandle$Holder.delegate(java.lang.Object, java.lang.Object, int, java.lang.Object)'> (0x00000000fed00ff8) 
thrown [s\open\src\hotspot\share\interpreter\linkResolver.cpp, line 759]
Event: 0.753 Thread 0x0000022aaf90c550 Exception <a 'java/lang/NoSuchMethodError'{0x00000000fed14640}: 'java.lang.Object java.lang.invoke.Invokers$Holder.invokeExact_MT(java.lang.Object, java.lang.Object, java.lang.Object, java.lang.Object)'> (0x00000000fed14640) 
thrown [s\open\src\hotspot\share\interpreter\linkResolver.cpp, line 759]
Event: 0.755 Thread 0x0000022aaf90c550 Exception <a 'java/lang/NoSuchMethodError'{0x00000000fed3a1e8}: 'java.lang.Object java.lang.invoke.DirectMethodHandle$Holder.invokeVirtual(java.lang.Object, java.lang.Object, java.lang.Object)'> (0x00000000fed3a1e8) 
thrown [s\open\src\hotspot\share\interpreter\linkResolver.cpp, line 759]
Event: 0.829 Thread 0x0000022aaf90c550 Exception <a 'java/lang/NoSuchMethodError'{0x00000000fe9079f0}: 'java.lang.Object java.lang.invoke.DirectMethodHandle$Holder.newInvokeSpecial(java.lang.Object, java.lang.Object, java.lang.Object, java.lang.Object, java.lang.Object)'> (0x00000000fe9079f0) 
thrown [s\open\src\hotspot\share\interpreter\linkResolver.cpp, line 759]
Event: 0.849 Thread 0x0000022aaf90c550 Exception <a 'java/lang/NoSuchMethodError'{0x00000000fe63b6f8}: 'void java.lang.invoke.DirectMethodHandle$Holder.invokeSpecial(java.lang.Object, java.lang.Object, java.lang.Object)'> (0x00000000fe63b6f8) 
thrown [s\open\src\hotspot\share\interpreter\linkResolver.cpp, line 759]
Event: 0.850 Thread 0x0000022aaf90c550 Implicit null exception at 0x0000022abedcbc0f to 0x0000022abedcc13c
Event: 1.003 Thread 0x0000022aaf90c550 Exception <a 'java/lang/NoSuchMethodError'{0x00000000fe4562f0}: 'void java.lang.invoke.DirectMethodHandle$Holder.invokeStatic(java.lang.Object, java.lang.Object, java.lang.Object)'> (0x00000000fe4562f0) 
thrown [s\open\src\hotspot\share\interpreter\linkResolver.cpp, line 759]
Event: 1.061 Thread 0x0000022aaf90c550 Exception <a 'java/lang/NoSuchMethodError'{0x00000000fffe4510}: 'java.lang.Object java.lang.invoke.DirectMethodHandle$Holder.invokeStaticInit(java.lang.Object, int, int, int, int)'> (0x00000000fffe4510) 
thrown [s\open\src\hotspot\share\interpreter\linkResolver.cpp, line 759]
Event: 1.161 Thread 0x0000022aaf90c550 Exception <a 'java/lang/NoSuchMethodError'{0x00000000ffd28eb8}: 'java.lang.Object java.lang.invoke.DirectMethodHandle$Holder.invokeStaticInit(java.lang.Object, java.lang.Object, int, int, int, int)'> (0x00000000ffd28eb8) 
thrown [s\open\src\hotspot\share\interpreter\linkResolver.cpp, line 759]
Event: 1.177 Thread 0x0000022aaf90c550 Implicit null exception at 0x0000022abedca7d5 to 0x0000022abedcad94
Event: 1.179 Thread 0x0000022aaf90c550 Implicit null exception at 0x0000022abedc9c52 to 0x0000022abedca218

VM Operations (20 events):
Event: 221.774 Executing VM operation: Cleanup
Event: 221.774 Executing VM operation: Cleanup done
Event: 270.307 Executing VM operation: Cleanup
Event: 270.307 Executing VM operation: Cleanup done
Event: 272.330 Executing VM operation: Cleanup
Event: 272.330 Executing VM operation: Cleanup done
Event: 276.368 Executing VM operation: Cleanup
Event: 276.368 Executing VM operation: Cleanup done
Event: 338.014 Executing VM operation: Cleanup
Event: 338.015 Executing VM operation: Cleanup done
Event: 405.659 Executing VM operation: Cleanup
Event: 405.660 Executing VM operation: Cleanup done
Event: 407.682 Executing VM operation: Cleanup
Event: 407.684 Executing VM operation: Cleanup done
Event: 480.394 Executing VM operation: Cleanup
Event: 480.394 Executing VM operation: Cleanup done
Event: 481.400 Executing VM operation: Cleanup
Event: 481.400 Executing VM operation: Cleanup done
Event: 503.594 Executing VM operation: Cleanup
Event: 503.595 Executing VM operation: Cleanup done

Events (20 events):
Event: 19.205 loading class sun/util/logging/internal/LoggingProviderImpl$JULWrapper
Event: 19.205 loading class sun/util/logging/PlatformLogger$ConfigurableBridge$LoggerConfiguration
Event: 19.205 loading class sun/util/logging/PlatformLogger$ConfigurableBridge$LoggerConfiguration done
Event: 19.205 loading class sun/util/logging/internal/LoggingProviderImpl$JULWrapper done
Event: 19.205 loading class java/io/ObjectInputFilter
Event: 19.205 loading class java/io/ObjectInputFilter done
Event: 19.206 loading class java/io/ObjectInputFilter$Config$BuiltinFilterFactory
Event: 19.206 loading class java/io/ObjectInputFilter$Config$BuiltinFilterFactory done
Event: 19.206 loading class jdk/internal/access/JavaObjectInputFilterAccess
Event: 19.206 loading class jdk/internal/access/JavaObjectInputFilterAccess done
Event: 19.206 loading class java/lang/System$Logger$Level
Event: 19.207 loading class java/lang/System$Logger$Level done
Event: 19.207 loading class java/io/Bits
Event: 19.207 loading class java/io/Bits done
Event: 39.082 Thread 0x0000022b0b629cf0 Thread added: 0x0000022b0b629cf0
Event: 39.191 Thread 0x0000022b104c4630 Thread added: 0x0000022b104c4630
Event: 39.191 Thread 0x0000022b104c4b50 Thread added: 0x0000022b104c4b50
Event: 39.694 Thread 0x0000022b104c4b50 Thread exited: 0x0000022b104c4b50
Event: 39.694 Thread 0x0000022b0b629cf0 Thread exited: 0x0000022b0b629cf0
Event: 39.694 Thread 0x0000022b104c4630 Thread exited: 0x0000022b104c4630


Dynamic libraries:
0x00007ff64e350000 - 0x00007ff64e360000 	C:\Program Files\Java\jdk-17\bin\java.exe
0x00007ff833d60000 - 0x00007ff833fc8000 	C:\WINDOWS\SYSTEM32\ntdll.dll
0x00007fffe9c50000 - 0x00007fffe9c70000 	C:\Program Files\Avast Software\Avast\aswhook.dll
0x00007ff832f60000 - 0x00007ff833029000 	C:\WINDOWS\System32\KERNEL32.DLL
0x00007ff8314e0000 - 0x00007ff8318d1000 	C:\WINDOWS\System32\KERNELBASE.dll
0x00007ff830830000 - 0x00007ff83097b000 	C:\WINDOWS\System32\ucrtbase.dll
0x00007ff818820000 - 0x00007ff81883b000 	C:\Program Files\Java\jdk-17\bin\VCRUNTIME140.dll
0x00007ff829b00000 - 0x00007ff829b19000 	C:\Program Files\Java\jdk-17\bin\jli.dll
0x00007ff833260000 - 0x00007ff833314000 	C:\WINDOWS\System32\ADVAPI32.dll
0x00007ff833990000 - 0x00007ff833a39000 	C:\WINDOWS\System32\msvcrt.dll
0x00007ff833c10000 - 0x00007ff833cb6000 	C:\WINDOWS\System32\sechost.dll
0x00007ff833140000 - 0x00007ff833258000 	C:\WINDOWS\System32\RPCRT4.dll
0x00007ff833a40000 - 0x00007ff833c06000 	C:\WINDOWS\System32\USER32.dll
0x00007ff831ad0000 - 0x00007ff831af7000 	C:\WINDOWS\System32\win32u.dll
0x00007ff814c90000 - 0x00007ff814f23000 	C:\WINDOWS\WinSxS\amd64_microsoft.windows.common-controls_6595b64144ccf1df_6.0.26100.7824_none_3e0870b2e3345462\COMCTL32.dll
0x00007ff832930000 - 0x00007ff83295b000 	C:\WINDOWS\System32\GDI32.dll
0x00007ff8319a0000 - 0x00007ff831acb000 	C:\WINDOWS\System32\gdi32full.dll
0x00007ff8306d0000 - 0x00007ff830773000 	C:\WINDOWS\System32\msvcp_win.dll
0x00007ff829110000 - 0x00007ff82911b000 	C:\WINDOWS\SYSTEM32\VERSION.dll
0x00007ff833cc0000 - 0x00007ff833cf1000 	C:\WINDOWS\System32\IMM32.DLL
0x00007ff829af0000 - 0x00007ff829afc000 	C:\Program Files\Java\jdk-17\bin\vcruntime140_1.dll
0x00007ff8106b0000 - 0x00007ff81073e000 	C:\Program Files\Java\jdk-17\bin\msvcp140.dll
0x00007fff71580000 - 0x00007fff72161000 	C:\Program Files\Java\jdk-17\bin\server\jvm.dll
0x00007ff832430000 - 0x00007ff832438000 	C:\WINDOWS\System32\PSAPI.DLL
0x00007ff821d10000 - 0x00007ff821d1a000 	C:\WINDOWS\SYSTEM32\WSOCK32.dll
0x00007ff832ed0000 - 0x00007ff832f44000 	C:\WINDOWS\System32\WS2_32.dll
0x00007ff821360000 - 0x00007ff821395000 	C:\WINDOWS\SYSTEM32\WINMM.dll
0x00007ff82f3b0000 - 0x00007ff82f3cb000 	C:\WINDOWS\SYSTEM32\kernel.appcore.dll
0x00007ff818810000 - 0x00007ff81881a000 	C:\Program Files\Java\jdk-17\bin\jimage.dll
0x00007ff82e630000 - 0x00007ff82e872000 	C:\WINDOWS\SYSTEM32\DBGHELP.DLL
0x00007ff833600000 - 0x00007ff833986000 	C:\WINDOWS\System32\combase.dll
0x00007ff832960000 - 0x00007ff832a37000 	C:\WINDOWS\System32\OLEAUT32.dll
0x00007ff821f30000 - 0x00007ff821f6b000 	C:\WINDOWS\SYSTEM32\dbgcore.DLL
0x00007ff830780000 - 0x00007ff830825000 	C:\WINDOWS\System32\bcryptPrimitives.dll
0x00007ff810560000 - 0x00007ff810585000 	C:\Program Files\Java\jdk-17\bin\java.dll
0x00007fffa31d0000 - 0x00007fffa32a7000 	C:\Program Files\Java\jdk-17\bin\jsvml.dll
0x00007ff831b00000 - 0x00007ff832252000 	C:\WINDOWS\System32\SHELL32.dll
0x00007ff831370000 - 0x00007ff8314da000 	C:\WINDOWS\System32\wintypes.dll
0x00007ff830b00000 - 0x00007ff831363000 	C:\WINDOWS\System32\windows.storage.dll
0x00007ff8334d0000 - 0x00007ff8335c6000 	C:\WINDOWS\System32\SHCORE.dll
0x00007ff8324a0000 - 0x00007ff832507000 	C:\WINDOWS\System32\shlwapi.dll
0x00007ff830560000 - 0x00007ff830589000 	C:\WINDOWS\SYSTEM32\profapi.dll
0x00007ff810690000 - 0x00007ff8106a9000 	C:\Program Files\Java\jdk-17\bin\net.dll
0x00007ff829d70000 - 0x00007ff829e97000 	C:\WINDOWS\SYSTEM32\WINHTTP.dll
0x00007ff82f930000 - 0x00007ff82f99b000 	C:\WINDOWS\system32\mswsock.dll
0x00007ff801f90000 - 0x00007ff801fa6000 	C:\Program Files\Java\jdk-17\bin\nio.dll
0x00007ffffb920000 - 0x00007ffffb938000 	C:\Program Files\Java\jdk-17\bin\zip.dll
0x00007ff810550000 - 0x00007ff81055a000 	C:\Program Files\Java\jdk-17\bin\management.dll
0x00007ff8022b0000 - 0x00007ff8022bb000 	C:\Program Files\Java\jdk-17\bin\management_ext.dll
0x00007ff802220000 - 0x00007ff802230000 	C:\Program Files\Java\jdk-17\bin\verify.dll
0x00007fffe33c0000 - 0x00007fffe33e7000 	C:\Users\jibri\.gradle\native\1def1411415f61bf3af743bc5b6707747c0891f09f0c88961ee8f79bc544acac\windows-amd64\native-platform.dll
0x00007ff805310000 - 0x00007ff80531a000 	C:\Users\jibri\.gradle\native\jansi\1.18\windows64\jansi.dll
0x00007ff82edf0000 - 0x00007ff82ee24000 	C:\WINDOWS\SYSTEM32\IPHLPAPI.DLL
0x00007ff8334c0000 - 0x00007ff8334ca000 	C:\WINDOWS\System32\NSI.dll
0x00007ff8297d0000 - 0x00007ff8297ee000 	C:\WINDOWS\SYSTEM32\dhcpcsvc6.DLL
0x00007ff8297a0000 - 0x00007ff8297c3000 	C:\WINDOWS\SYSTEM32\dhcpcsvc.DLL
0x00007ff82ee90000 - 0x00007ff82efbc000 	C:\WINDOWS\SYSTEM32\DNSAPI.dll
0x00007ff82fc20000 - 0x00007ff82fc3b000 	C:\WINDOWS\SYSTEM32\CRYPTSP.dll
0x00007ff82f310000 - 0x00007ff82f349000 	C:\WINDOWS\system32\rsaenh.dll
0x00007ff82fa00000 - 0x00007ff82fa2b000 	C:\WINDOWS\SYSTEM32\USERENV.dll
0x00007ff830530000 - 0x00007ff83055a000 	C:\WINDOWS\SYSTEM32\bcrypt.dll
0x00007ff82fc40000 - 0x00007ff82fc4c000 	C:\WINDOWS\SYSTEM32\CRYPTBASE.dll
0x00007ff829660000 - 0x00007ff82966e000 	C:\Program Files\Java\jdk-17\bin\sunmscapi.dll
0x00007ff830980000 - 0x00007ff830af7000 	C:\WINDOWS\System32\CRYPT32.dll
0x00007ff82fe40000 - 0x00007ff82fe70000 	C:\WINDOWS\SYSTEM32\ncrypt.dll
0x00007ff82fdf0000 - 0x00007ff82fe2f000 	C:\WINDOWS\SYSTEM32\NTASN1.dll
0x00007ffff1fa0000 - 0x00007ffff1fa8000 	C:\WINDOWS\system32\wshunix.dll

dbghelp: loaded successfully - version: 4.0.5 - missing functions: none
symbol engine: initialized successfully - sym options: 0x614 - pdb path: .;C:\Program Files\Java\jdk-17\bin;C:\WINDOWS\SYSTEM32;C:\Program Files\Avast Software\Avast;C:\WINDOWS\WinSxS\amd64_microsoft.windows.common-controls_6595b64144ccf1df_6.0.26100.7824_none_3e0870b2e3345462;C:\Program Files\Java\jdk-17\bin\server;C:\Users\jibri\.gradle\native\1def1411415f61bf3af743bc5b6707747c0891f09f0c88961ee8f79bc544acac\windows-amd64;C:\Users\jibri\.gradle\native\jansi\1.18\windows64

VM Arguments:
jvm_args: -Xmx64m -Xms64m -Dorg.gradle.appname=gradlew 
java_command: C:\rubi_web\CISC_Capstone\MiscueReading\android\\gradle\wrapper\gradle-wrapper.jar app:installDebug -PreactNativeDevServerPort=8081
java_class_path (initial): C:\rubi_web\CISC_Capstone\MiscueReading\android\\gradle\wrapper\gradle-wrapper.jar
Launcher Type: SUN_STANDARD

[Global flags]
     intx CICompilerCount                          = 12                                        {product} {ergonomic}
     uint ConcGCThreads                            = 4                                         {product} {ergonomic}
     uint G1ConcRefinementThreads                  = 15                                        {product} {ergonomic}
   size_t G1HeapRegionSize                         = 1048576                                   {product} {ergonomic}
    uintx GCDrainStackTargetSize                   = 64                                        {product} {ergonomic}
   size_t InitialHeapSize                          = 67108864                                  {product} {command line}
   size_t MarkStackSize                            = 4194304                                   {product} {ergonomic}
   size_t MaxHeapSize                              = 67108864                                  {product} {command line}
   size_t MaxNewSize                               = 39845888                                  {product} {ergonomic}
   size_t MinHeapDeltaBytes                        = 1048576                                   {product} {ergonomic}
   size_t MinHeapSize                              = 67108864                                  {product} {command line}
    uintx NonNMethodCodeHeapSize                   = 7602480                                {pd product} {ergonomic}
    uintx NonProfiledCodeHeapSize                  = 122027880                              {pd product} {ergonomic}
    uintx ProfiledCodeHeapSize                     = 122027880                              {pd product} {ergonomic}
    uintx ReservedCodeCacheSize                    = 251658240                              {pd product} {ergonomic}
     bool SegmentedCodeCache                       = true                                      {product} {ergonomic}
   size_t SoftMaxHeapSize                          = 67108864                               {manageable} {ergonomic}
     bool UseCompressedClassPointers               = true                           {product lp64_product} {ergonomic}
     bool UseCompressedOops                        = true                           {product lp64_product} {ergonomic}
     bool UseG1GC                                  = true                                      {product} {ergonomic}
     bool UseLargePagesIndividualAllocation        = false                                  {pd product} {ergonomic}

Logging:
Log output configuration:
 #0: stdout all=warning uptime,level,tags
 #1: stderr all=off uptime,level,tags

Environment Variables:
JAVA_HOME=C:\Program Files\Java\jdk-17
PATH=C:\rubi_web\CISC_Capstone\MiscueReading\node_modules\.bin;C:\rubi_web\CISC_Capstone\node_modules\.bin;C:\rubi_web\node_modules\.bin;C:\node_modules\.bin;C:\Users\jibri\CONFIG~1\herd\bin\nvm\v22.9.0\node_modules\npm\node_modules\@npmcli\run-script\lib\node-gyp-bin;C:\Program Files\Microsoft\jdk-17.0.16.8-hotspot\bin;C:\ProgramData\Oracle\Java\javapath;C:\Program Files\NVIDIA GPU Computing Toolkit\CUDA\v12.8\bin;C:\Program Files\NVIDIA GPU Computing Toolkit\CUDA\v12.8\libnvvp;C:\Program Files\Common Files\Oracle\Java\javapath;C:\PHP\phpoldversion\;C:\Windows\system32;C:\Windows;C:\Windows\System32\Wbem;C:\Windows\System32\WindowsPowerShell\v1.0\;C:\Windows\System32\OpenSSH\;C:\Program Files (x86)\NVIDIA Corporation\PhysX\Common;C:\Program Files\Microsoft SQL Server\150\Tools\Binn\;C:\Program Files\Microsoft SQL Server\Client SDK\ODBC\170\Tools\Binn\;C:\ProgramData\ComposerSetup\bin;C:\Users\jibri\.config\herd\bin\nvm;C:\Program Files\nodejs;C:\Program Files\Java\jdk-17\bin;C:\xampp\php;C:\WINDOWS\system32;C:\WINDOWS;C:\WINDOWS\System32\Wbem;C:\WINDOWS\System32\WindowsPowerShell\v1.0\;C:\WINDOWS\System32\OpenSSH\;C:\Program Files\nodejs\;C:\Program Files\Git\cmd;C:\Program Files\Git\bin;C:\Users\jibri\AppData\Local\Pub\Cache\bin;C:\Program Files\NVIDIA Corporation\NVIDIA app\NvDLISR;C:\Program Files\heroku\bin;C:\Program Files\NVIDIA Corporation\Nsight Compute 2025.1.1\;C:\ProgramData\chocolatey\bin;C:\Users\jibri\AppData\Local\Programs\Python\Python310\Scripts;C:\Program Files\dotnet\;C:\Program Files (x86)\Windows Kits\10\Windows Performance Toolkit\;C:\Users\jibri\AppData\Local\Android\Sdk\platform-tools;C:\Program Files\Docker\Docker\resources\bin;C:\Program Files\MySQL\MySQL Shell 8.0\bin\;C:\Users\jibri\AppData\Local\Programs\Python\Python310\Scripts\;C:\Users\jibri\AppData\Local\Programs\Python\Python310\;C:\Users\jibri\.config\herd\bin;C:\Users\jibri\AppData\Local\Microsoft\WindowsApps;C:\Users\jibri\AppData\Local\Programs\Microsoft VS Code\bin;C:\Users\jibri
USERNAME=jibri
LANG=en_US.UTF-8
OS=Windows_NT
PROCESSOR_IDENTIFIER=Intel64 Family 6 Model 191 Stepping 2, GenuineIntel



---------------  S Y S T E M  ---------------

OS:
 Windows 11 , 64 bit Build 26100 (10.0.26100.7705)
OS uptime: 0 days 18:13 hours
Hyper-V role detected

CPU: total 20 (initial active 20) (10 cores per cpu, 2 threads per core) family 6 model 191 stepping 2 microcode 0x2c, cx8, cmov, fxsr, ht, mmx, 3dnowpref, sse, sse2, sse3, ssse3, sse4.1, sse4.2, popcnt, lzcnt, tsc, tscinvbit, avx, avx2, aes, erms, clmul, bmi1, bmi2, adx, sha, fma, vzeroupper, clflush, clflushopt, clwb, hv

Memory: 4k page, system-wide physical 7911M (296M free)
TotalPageFile size 32487M (AvailPageFile size 2M)
current process WorkingSet (physical memory assigned to process): 25M, peak: 110M
current process commit charge ("private bytes"): 187M, peak: 200M

vm_info: Java HotSpot(TM) 64-Bit Server VM (17.0.14+8-LTS-191) for windows-amd64 JRE (17.0.14+8-LTS-191), built on Dec  3 2024 11:07:59 by "mach5one" with MS VC++ 17.6 (VS2022)

END.
