#
# There is insufficient memory for the Java Runtime Environment to continue.
# Native memory allocation (malloc) failed to allocate 131088 bytes for Chunk::new
# Possible reasons:
#   The system is out of physical RAM or swap space
#   The process is running with CompressedOops enabled, and the Java Heap may be blocking the growth of the native heap
# Possible solutions:
#   Reduce memory load on the system
#   Increase physical memory or swap space
#   Check if swap backing store is full
#   Decrease Java heap size (-Xmx/-Xms)
#   Decrease number of Java threads
#   Set larger code cache with -XX:ReservedCodeCacheSize=
#   JVM is running with Unscaled Compressed Oops mode in which the Java heap is
#     placed in the first 4GB address space. The Java Heap base address is the
#     maximum limit for the native heap growth. Please use -XX:HeapBaseMinAddress
#     to set the Java Heap base and to place the Java Heap above 4GB virtual address.
# This output file may be truncated or incomplete.
#
#  Out of Memory Error (arena.cpp:189), pid=31976, tid=33232
#
# JRE version: Java(TM) SE Runtime Environment (17.0.14+8) (build 17.0.14+8-LTS-191)
# Java VM: Java HotSpot(TM) 64-Bit Server VM (17.0.14+8-LTS-191, mixed mode, sharing, tiered, compressed oops, compressed class ptrs, g1 gc, windows-amd64)
# No core dump will be written. Minidumps are not enabled by default on client versions of Windows
#

---------------  S U M M A R Y ------------

Command Line: -Xmx64m -Xms64m -Dorg.gradle.appname=gradlew C:\rubi_web\CISC_Capstone\MiscueReading\android\\gradle\wrapper\gradle-wrapper.jar app:installDebug -PreactNativeDevServerPort=8081

Host: 13th Gen Intel(R) Core(TM) i5-13500HX, 20 cores, 7G,  Windows 11 , 64 bit Build 26100 (10.0.26100.7920)
Time: Sun Mar 22 22:24:18 2026 Malay Peninsula Standard Time elapsed time: 262.157250 seconds (0d 0h 4m 22s)

---------------  T H R E A D  ---------------

Current thread (0x000002015d1c2be0):  JavaThread "C2 CompilerThread0" daemon [_thread_in_native, id=33232, stack(0x00000071c5700000,0x00000071c5800000)]


Current CompileTask:
C2: 262165 2160       4       org.gradle.internal.logging.sink.GroupingProgressLogEventGenerator::onOutput (108 bytes)

Stack: [0x00000071c5700000,0x00000071c5800000]
Native frames: (J=compiled Java code, j=interpreted, Vv=VM code, C=native code)
V  [jvm.dll+0x67a38a]
V  [jvm.dll+0x7da7ed]
V  [jvm.dll+0x7dc133]
V  [jvm.dll+0x7dc7a3]
V  [jvm.dll+0x24517f]
V  [jvm.dll+0xab773]
V  [jvm.dll+0xabd3c]
V  [jvm.dll+0xab884]
V  [jvm.dll+0x65918c]
V  [jvm.dll+0x21dd99]
V  [jvm.dll+0x69d661]
V  [jvm.dll+0x215a95]
V  [jvm.dll+0x1a2950]
V  [jvm.dll+0x22620b]
V  [jvm.dll+0x2243ab]
V  [jvm.dll+0x790bbc]
V  [jvm.dll+0x78b04a]
V  [jvm.dll+0x679275]
C  [ucrtbase.dll+0x37b0]
C  [KERNEL32.DLL+0x2e8d7]
C  [ntdll.dll+0x8c48c]


---------------  P R O C E S S  ---------------

Threads class SMR info:
_java_thread_list=0x00000201a35c08a0, length=13, elements={
0x0000020140dc3290, 0x000002015d1987e0, 0x000002015d19b1b0, 0x000002015d1b1960,
0x000002015d1b2230, 0x000002015d1b4c00, 0x000002015d1b55c0, 0x000002015d1c2be0,
0x000002015d1c65c0, 0x000002015d1c6ed0, 0x000002015d46cb10, 0x000002015d4715d0,
0x00000201a3700e50
}

Java Threads: ( => current thread )
  0x0000020140dc3290 JavaThread "main" [_thread_in_native, id=33188, stack(0x00000071c4a00000,0x00000071c4b00000)]
  0x000002015d1987e0 JavaThread "Reference Handler" daemon [_thread_blocked, id=34452, stack(0x00000071c5100000,0x00000071c5200000)]
  0x000002015d19b1b0 JavaThread "Finalizer" daemon [_thread_blocked, id=26044, stack(0x00000071c5200000,0x00000071c5300000)]
  0x000002015d1b1960 JavaThread "Signal Dispatcher" daemon [_thread_blocked, id=27572, stack(0x00000071c5300000,0x00000071c5400000)]
  0x000002015d1b2230 JavaThread "Attach Listener" daemon [_thread_blocked, id=22804, stack(0x00000071c5400000,0x00000071c5500000)]
  0x000002015d1b4c00 JavaThread "Service Thread" daemon [_thread_blocked, id=9944, stack(0x00000071c5500000,0x00000071c5600000)]
  0x000002015d1b55c0 JavaThread "Monitor Deflation Thread" daemon [_thread_blocked, id=29892, stack(0x00000071c5600000,0x00000071c5700000)]
=>0x000002015d1c2be0 JavaThread "C2 CompilerThread0" daemon [_thread_in_native, id=33232, stack(0x00000071c5700000,0x00000071c5800000)]
  0x000002015d1c65c0 JavaThread "C1 CompilerThread0" daemon [_thread_blocked, id=30344, stack(0x00000071c5800000,0x00000071c5900000)]
  0x000002015d1c6ed0 JavaThread "Sweeper thread" daemon [_thread_blocked, id=16744, stack(0x00000071c5900000,0x00000071c5a00000)]
  0x000002015d46cb10 JavaThread "Notification Thread" daemon [_thread_blocked, id=6212, stack(0x00000071c5c00000,0x00000071c5d00000)]
  0x000002015d4715d0 JavaThread "Common-Cleaner" daemon [_thread_blocked, id=3376, stack(0x00000071c5e00000,0x00000071c5f00000)]
  0x00000201a3700e50 JavaThread "pool-1-thread-1" [_thread_blocked, id=16616, stack(0x00000071c6300000,0x00000071c6400000)]

Other Threads:
  0x000002015d191d20 VMThread "VM Thread" [stack: 0x00000071c5000000,0x00000071c5100000] [id=2976]
  0x0000020140e3a980 WatcherThread [stack: 0x00000071c5d00000,0x00000071c5e00000] [id=5780]
  0x0000020140de5090 GCTaskThread "GC Thread#0" [stack: 0x00000071c4b00000,0x00000071c4c00000] [id=2216]
  0x000002015d76e940 GCTaskThread "GC Thread#1" [stack: 0x00000071c6000000,0x00000071c6100000] [id=32240]
  0x000002015d802850 GCTaskThread "GC Thread#2" [stack: 0x00000071c6100000,0x00000071c6200000] [id=7364]
  0x000002015d671520 GCTaskThread "GC Thread#3" [stack: 0x00000071c6200000,0x00000071c6300000] [id=9516]
  0x00000201a3f15ad0 GCTaskThread "GC Thread#4" [stack: 0x00000071c5f00000,0x00000071c6000000] [id=31380]
  0x00000201a3f165d0 GCTaskThread "GC Thread#5" [stack: 0x00000071c6400000,0x00000071c6500000] [id=20752]
  0x00000201a3f15550 GCTaskThread "GC Thread#6" [stack: 0x00000071c6500000,0x00000071c6600000] [id=27608]
  0x00000201a3f15d90 GCTaskThread "GC Thread#7" [stack: 0x00000071c6600000,0x00000071c6700000] [id=8712]
  0x0000020140de7d20 ConcurrentGCThread "G1 Main Marker" [stack: 0x00000071c4c00000,0x00000071c4d00000] [id=32940]
  0x0000020140de8730 ConcurrentGCThread "G1 Conc#0" [stack: 0x00000071c4d00000,0x00000071c4e00000] [id=34456]
  0x0000020140e769d0 ConcurrentGCThread "G1 Refine#0" [stack: 0x00000071c4e00000,0x00000071c4f00000] [id=14944]
  0x0000020140e782b0 ConcurrentGCThread "G1 Service" [stack: 0x00000071c4f00000,0x00000071c5000000] [id=34584]

Threads with active compile tasks:
C2 CompilerThread0   263036 2160       4       org.gradle.internal.logging.sink.GroupingProgressLogEventGenerator::onOutput (108 bytes)

VM state: not at safepoint (normal execution)

VM Mutex/Monitor currently owned by a thread: None

Heap address: 0x00000000fc000000, size: 64 MB, Compressed Oops mode: 32-bit

CDS archive(s) mapped at: [0x000002015e000000-0x000002015ebd0000-0x000002015ebd0000), size 12386304, SharedBaseAddress: 0x000002015e000000, ArchiveRelocationMode: 1.
Compressed class space mapped at: 0x000002015f000000-0x000002019f000000, reserved size: 1073741824
Narrow klass base: 0x000002015e000000, Narrow klass shift: 0, Narrow klass range: 0x100000000

GC Precious Log:
 CPUs: 20 total, 20 available
 Memory: 7911M
 Large Page Support: Disabled
 NUMA Support: Disabled
 Compressed Oops: Enabled (32-bit)
 Heap Region Size: 1M
 Heap Min Capacity: 64M
 Heap Initial Capacity: 64M
 Heap Max Capacity: 64M
 Pre-touch: Disabled
 Parallel Workers: 15
 Concurrent Workers: 4
 Concurrent Refinement Workers: 15
 Periodic GC: Disabled

Heap:
 garbage-first heap   total 65536K, used 26142K [0x00000000fc000000, 0x0000000100000000)
  region size 1024K, 20 young (20480K), 4 survivors (4096K)
 Metaspace       used 9663K, committed 9856K, reserved 1114112K
  class space    used 1247K, committed 1344K, reserved 1048576K

Heap Regions: E=young(eden), S=young(survivor), O=old, HS=humongous(starts), HC=humongous(continues), CS=collection set, F=free, OA=open archive, CA=closed archive, TAMS=top-at-mark-start (previous, next)
|   0|0x00000000fc000000, 0x00000000fc100000, 0x00000000fc100000|100%|HS|  |TAMS 0x00000000fc000000, 0x00000000fc000000| Complete 
|   1|0x00000000fc100000, 0x00000000fc200000, 0x00000000fc200000|100%|HC|  |TAMS 0x00000000fc100000, 0x00000000fc100000| Complete 
|   2|0x00000000fc200000, 0x00000000fc300000, 0x00000000fc300000|100%|HC|  |TAMS 0x00000000fc200000, 0x00000000fc200000| Complete 
|   3|0x00000000fc300000, 0x00000000fc400000, 0x00000000fc400000|100%| O|  |TAMS 0x00000000fc300000, 0x00000000fc300000| Untracked 
|   4|0x00000000fc400000, 0x00000000fc500000, 0x00000000fc500000|100%| O|  |TAMS 0x00000000fc400000, 0x00000000fc400000| Untracked 
|   5|0x00000000fc500000, 0x00000000fc600000, 0x00000000fc600000|100%| O|  |TAMS 0x00000000fc500000, 0x00000000fc500000| Untracked 
|   6|0x00000000fc600000, 0x00000000fc687a00, 0x00000000fc700000| 52%| O|  |TAMS 0x00000000fc600000, 0x00000000fc600000| Untracked 
|   7|0x00000000fc700000, 0x00000000fc700000, 0x00000000fc800000|  0%| F|  |TAMS 0x00000000fc700000, 0x00000000fc700000| Untracked 
|   8|0x00000000fc800000, 0x00000000fc800000, 0x00000000fc900000|  0%| F|  |TAMS 0x00000000fc800000, 0x00000000fc800000| Untracked 
|   9|0x00000000fc900000, 0x00000000fc900000, 0x00000000fca00000|  0%| F|  |TAMS 0x00000000fc900000, 0x00000000fc900000| Untracked 
|  10|0x00000000fca00000, 0x00000000fca00000, 0x00000000fcb00000|  0%| F|  |TAMS 0x00000000fca00000, 0x00000000fca00000| Untracked 
|  11|0x00000000fcb00000, 0x00000000fcb00000, 0x00000000fcc00000|  0%| F|  |TAMS 0x00000000fcb00000, 0x00000000fcb00000| Untracked 
|  12|0x00000000fcc00000, 0x00000000fcc00000, 0x00000000fcd00000|  0%| F|  |TAMS 0x00000000fcc00000, 0x00000000fcc00000| Untracked 
|  13|0x00000000fcd00000, 0x00000000fcd00000, 0x00000000fce00000|  0%| F|  |TAMS 0x00000000fcd00000, 0x00000000fcd00000| Untracked 
|  14|0x00000000fce00000, 0x00000000fce00000, 0x00000000fcf00000|  0%| F|  |TAMS 0x00000000fce00000, 0x00000000fce00000| Untracked 
|  15|0x00000000fcf00000, 0x00000000fcf00000, 0x00000000fd000000|  0%| F|  |TAMS 0x00000000fcf00000, 0x00000000fcf00000| Untracked 
|  16|0x00000000fd000000, 0x00000000fd000000, 0x00000000fd100000|  0%| F|  |TAMS 0x00000000fd000000, 0x00000000fd000000| Untracked 
|  17|0x00000000fd100000, 0x00000000fd100000, 0x00000000fd200000|  0%| F|  |TAMS 0x00000000fd100000, 0x00000000fd100000| Untracked 
|  18|0x00000000fd200000, 0x00000000fd200000, 0x00000000fd300000|  0%| F|  |TAMS 0x00000000fd200000, 0x00000000fd200000| Untracked 
|  19|0x00000000fd300000, 0x00000000fd300000, 0x00000000fd400000|  0%| F|  |TAMS 0x00000000fd300000, 0x00000000fd300000| Untracked 
|  20|0x00000000fd400000, 0x00000000fd400000, 0x00000000fd500000|  0%| F|  |TAMS 0x00000000fd400000, 0x00000000fd400000| Untracked 
|  21|0x00000000fd500000, 0x00000000fd500000, 0x00000000fd600000|  0%| F|  |TAMS 0x00000000fd500000, 0x00000000fd500000| Untracked 
|  22|0x00000000fd600000, 0x00000000fd600000, 0x00000000fd700000|  0%| F|  |TAMS 0x00000000fd600000, 0x00000000fd600000| Untracked 
|  23|0x00000000fd700000, 0x00000000fd700000, 0x00000000fd800000|  0%| F|  |TAMS 0x00000000fd700000, 0x00000000fd700000| Untracked 
|  24|0x00000000fd800000, 0x00000000fd800000, 0x00000000fd900000|  0%| F|  |TAMS 0x00000000fd800000, 0x00000000fd800000| Untracked 
|  25|0x00000000fd900000, 0x00000000fd900000, 0x00000000fda00000|  0%| F|  |TAMS 0x00000000fd900000, 0x00000000fd900000| Untracked 
|  26|0x00000000fda00000, 0x00000000fda00000, 0x00000000fdb00000|  0%| F|  |TAMS 0x00000000fda00000, 0x00000000fda00000| Untracked 
|  27|0x00000000fdb00000, 0x00000000fdb00000, 0x00000000fdc00000|  0%| F|  |TAMS 0x00000000fdb00000, 0x00000000fdb00000| Untracked 
|  28|0x00000000fdc00000, 0x00000000fdd00000, 0x00000000fdd00000|100%| S|CS|TAMS 0x00000000fdc00000, 0x00000000fdc00000| Complete 
|  29|0x00000000fdd00000, 0x00000000fde00000, 0x00000000fde00000|100%| S|CS|TAMS 0x00000000fdd00000, 0x00000000fdd00000| Complete 
|  30|0x00000000fde00000, 0x00000000fdf00000, 0x00000000fdf00000|100%| S|CS|TAMS 0x00000000fde00000, 0x00000000fde00000| Complete 
|  31|0x00000000fdf00000, 0x00000000fe000000, 0x00000000fe000000|100%| S|CS|TAMS 0x00000000fdf00000, 0x00000000fdf00000| Complete 
|  32|0x00000000fe000000, 0x00000000fe000000, 0x00000000fe100000|  0%| F|  |TAMS 0x00000000fe000000, 0x00000000fe000000| Untracked 
|  33|0x00000000fe100000, 0x00000000fe100000, 0x00000000fe200000|  0%| F|  |TAMS 0x00000000fe100000, 0x00000000fe100000| Untracked 
|  34|0x00000000fe200000, 0x00000000fe200000, 0x00000000fe300000|  0%| F|  |TAMS 0x00000000fe200000, 0x00000000fe200000| Untracked 
|  35|0x00000000fe300000, 0x00000000fe300000, 0x00000000fe400000|  0%| F|  |TAMS 0x00000000fe300000, 0x00000000fe300000| Untracked 
|  36|0x00000000fe400000, 0x00000000fe400000, 0x00000000fe500000|  0%| F|  |TAMS 0x00000000fe400000, 0x00000000fe400000| Untracked 
|  37|0x00000000fe500000, 0x00000000fe500000, 0x00000000fe600000|  0%| F|  |TAMS 0x00000000fe500000, 0x00000000fe500000| Untracked 
|  38|0x00000000fe600000, 0x00000000fe600000, 0x00000000fe700000|  0%| F|  |TAMS 0x00000000fe600000, 0x00000000fe600000| Untracked 
|  39|0x00000000fe700000, 0x00000000fe700000, 0x00000000fe800000|  0%| F|  |TAMS 0x00000000fe700000, 0x00000000fe700000| Untracked 
|  40|0x00000000fe800000, 0x00000000fe800000, 0x00000000fe900000|  0%| F|  |TAMS 0x00000000fe800000, 0x00000000fe800000| Untracked 
|  41|0x00000000fe900000, 0x00000000fe900000, 0x00000000fea00000|  0%| F|  |TAMS 0x00000000fe900000, 0x00000000fe900000| Untracked 
|  42|0x00000000fea00000, 0x00000000fea00000, 0x00000000feb00000|  0%| F|  |TAMS 0x00000000fea00000, 0x00000000fea00000| Untracked 
|  43|0x00000000feb00000, 0x00000000feb00000, 0x00000000fec00000|  0%| F|  |TAMS 0x00000000feb00000, 0x00000000feb00000| Untracked 
|  44|0x00000000fec00000, 0x00000000fec00000, 0x00000000fed00000|  0%| F|  |TAMS 0x00000000fec00000, 0x00000000fec00000| Untracked 
|  45|0x00000000fed00000, 0x00000000fed00000, 0x00000000fee00000|  0%| F|  |TAMS 0x00000000fed00000, 0x00000000fed00000| Untracked 
|  46|0x00000000fee00000, 0x00000000fee00000, 0x00000000fef00000|  0%| F|  |TAMS 0x00000000fee00000, 0x00000000fee00000| Untracked 
|  47|0x00000000fef00000, 0x00000000fef00000, 0x00000000ff000000|  0%| F|  |TAMS 0x00000000fef00000, 0x00000000fef00000| Untracked 
|  48|0x00000000ff000000, 0x00000000ff0c4578, 0x00000000ff100000| 76%| E|  |TAMS 0x00000000ff000000, 0x00000000ff000000| Complete 
|  49|0x00000000ff100000, 0x00000000ff200000, 0x00000000ff200000|100%| E|CS|TAMS 0x00000000ff100000, 0x00000000ff100000| Complete 
|  50|0x00000000ff200000, 0x00000000ff300000, 0x00000000ff300000|100%| E|CS|TAMS 0x00000000ff200000, 0x00000000ff200000| Complete 
|  51|0x00000000ff300000, 0x00000000ff400000, 0x00000000ff400000|100%| E|CS|TAMS 0x00000000ff300000, 0x00000000ff300000| Complete 
|  52|0x00000000ff400000, 0x00000000ff500000, 0x00000000ff500000|100%| E|CS|TAMS 0x00000000ff400000, 0x00000000ff400000| Complete 
|  53|0x00000000ff500000, 0x00000000ff600000, 0x00000000ff600000|100%| E|CS|TAMS 0x00000000ff500000, 0x00000000ff500000| Complete 
|  54|0x00000000ff600000, 0x00000000ff700000, 0x00000000ff700000|100%| E|CS|TAMS 0x00000000ff600000, 0x00000000ff600000| Complete 
|  55|0x00000000ff700000, 0x00000000ff800000, 0x00000000ff800000|100%| E|CS|TAMS 0x00000000ff700000, 0x00000000ff700000| Complete 
|  56|0x00000000ff800000, 0x00000000ff900000, 0x00000000ff900000|100%| E|CS|TAMS 0x00000000ff800000, 0x00000000ff800000| Complete 
|  57|0x00000000ff900000, 0x00000000ffa00000, 0x00000000ffa00000|100%| E|CS|TAMS 0x00000000ff900000, 0x00000000ff900000| Complete 
|  58|0x00000000ffa00000, 0x00000000ffb00000, 0x00000000ffb00000|100%| E|CS|TAMS 0x00000000ffa00000, 0x00000000ffa00000| Complete 
|  59|0x00000000ffb00000, 0x00000000ffc00000, 0x00000000ffc00000|100%| E|CS|TAMS 0x00000000ffb00000, 0x00000000ffb00000| Complete 
|  60|0x00000000ffc00000, 0x00000000ffd00000, 0x00000000ffd00000|100%| E|CS|TAMS 0x00000000ffc00000, 0x00000000ffc00000| Complete 
|  61|0x00000000ffd00000, 0x00000000ffe00000, 0x00000000ffe00000|100%| E|CS|TAMS 0x00000000ffd00000, 0x00000000ffd00000| Complete 
|  62|0x00000000ffe00000, 0x00000000fff00000, 0x00000000fff00000|100%| E|CS|TAMS 0x00000000ffe00000, 0x00000000ffe00000| Complete 
|  63|0x00000000fff00000, 0x0000000100000000, 0x0000000100000000|100%| E|CS|TAMS 0x00000000fff00000, 0x00000000fff00000| Complete 

Card table byte_map: [0x0000020140e80000,0x0000020140ea0000] _byte_map_base: 0x00000201406a0000

Marking Bits (Prev, Next): (CMBitMap*) 0x0000020140de56b0, (CMBitMap*) 0x0000020140de56f0
 Prev Bits: [0x0000020159e60000, 0x0000020159f60000)
 Next Bits: [0x0000020159f60000, 0x000002015a060000)

Polling page: 0x0000020140a40000

Metaspace:

Usage:
  Non-class:      8.22 MB used.
      Class:      1.22 MB used.
       Both:      9.44 MB used.

Virtual space:
  Non-class space:       64.00 MB reserved,       8.31 MB ( 13%) committed,  1 nodes.
      Class space:        1.00 GB reserved,       1.31 MB ( <1%) committed,  1 nodes.
             Both:        1.06 GB reserved,       9.62 MB ( <1%) committed. 

Chunk freelists:
   Non-Class:  7.62 MB
       Class:  14.51 MB
        Both:  22.14 MB

MaxMetaspaceSize: unlimited
CompressedClassSpaceSize: 1.00 GB
Initial GC threshold: 21.00 MB
Current GC threshold: 21.00 MB
CDS: on
MetaspaceReclaimPolicy: balanced
 - commit_granule_bytes: 65536.
 - commit_granule_words: 8192.
 - virtual_space_node_default_size: 8388608.
 - enlarge_chunks_in_place: 1.
 - new_chunks_are_fully_committed: 0.
 - uncommit_free_chunks: 1.
 - use_allocation_guard: 0.
 - handle_deallocations: 1.


Internal statistics:

num_allocs_failed_limit: 0.
num_arena_births: 72.
num_arena_deaths: 0.
num_vsnodes_births: 2.
num_vsnodes_deaths: 0.
num_space_committed: 154.
num_space_uncommitted: 0.
num_chunks_returned_to_freelist: 0.
num_chunks_taken_from_freelist: 334.
num_chunk_merges: 0.
num_chunk_splits: 217.
num_chunks_enlarged: 183.
num_inconsistent_stats: 0.

CodeHeap 'non-profiled nmethods': size=119168Kb used=957Kb max_used=957Kb free=118210Kb
 bounds [0x0000020151800000, 0x0000020151a70000, 0x0000020158c60000]
CodeHeap 'profiled nmethods': size=119104Kb used=4079Kb max_used=4079Kb free=115024Kb
 bounds [0x0000020149c60000, 0x000002014a060000, 0x00000201510b0000]
CodeHeap 'non-nmethods': size=7488Kb used=1171Kb max_used=2314Kb free=6316Kb
 bounds [0x00000201510b0000, 0x0000020151320000, 0x0000020151800000]
 total_blobs=2617 nmethods=2156 adapters=373
 compilation: enabled
              stopped_count=0, restarted_count=0
 full_count=0

Compilation events (20 events):
Event: 194.369 Thread 0x000002015d1c2be0 nmethod 2150 0x00000201518dfc10 code [0x00000201518dfda0, 0x00000201518e0198]
Event: 204.076 Thread 0x000002015d1c2be0 2151       4       org.gradle.internal.logging.sink.GroupingProgressLogEventGenerator::onUpdateNow (54 bytes)
Event: 204.125 Thread 0x000002015d1c2be0 nmethod 2151 0x00000201518e0310 code [0x00000201518e04e0, 0x00000201518e0888]
Event: 204.998 Thread 0x000002015d1c65c0 2152       3       java.io.FilterInputStream::<init> (10 bytes)
Event: 205.001 Thread 0x000002015d1c65c0 nmethod 2152 0x000002014a05ac10 code [0x000002014a05adc0, 0x000002014a05aff8]
Event: 207.961 Thread 0x000002015d1c2be0 2153       4       java.lang.Thread::interrupted (23 bytes)
Event: 207.961 Thread 0x000002015d1c2be0 nmethod 2153 0x00000201518e0e10 code [0x00000201518e0f80, 0x00000201518e0ff8]
Event: 215.462 Thread 0x000002015d1c2be0 2154       4       org.gradle.internal.logging.console.WorkInProgressRenderer::renderNow (351 bytes)
Event: 216.095 Thread 0x000002015d1c2be0 nmethod 2154 0x00000201518e1110 code [0x00000201518e1620, 0x00000201518e6840]
Event: 216.451 Thread 0x000002015d1c65c0 2155       3       com.google.common.base.Predicates$InstanceOfPredicate::<init> (6 bytes)
Event: 216.453 Thread 0x000002015d1c65c0 nmethod 2155 0x000002014a05b110 code [0x000002014a05b2e0, 0x000002014a05b668]
Event: 216.453 Thread 0x000002015d1c65c0 2156       3       com.google.common.base.Predicates$InstanceOfPredicate::<init> (16 bytes)
Event: 216.454 Thread 0x000002015d1c65c0 nmethod 2156 0x000002014a05b810 code [0x000002014a05b9c0, 0x000002014a05bce8]
Event: 227.065 Thread 0x000002015d1c2be0 2157       4       org.gradle.internal.logging.console.MultiLineBuildProgressArea::redraw (203 bytes)
Event: 227.198 Thread 0x000002015d1c2be0 nmethod 2157 0x00000201518eab10 code [0x00000201518eaea0, 0x00000201518ec458]
Event: 244.955 Thread 0x000002015d1c2be0 2158   !   4       org.gradle.internal.logging.console.ThrottlingOutputEventListener::onOutput (85 bytes)
Event: 245.660 Thread 0x000002015d1c2be0 nmethod 2158 0x00000201518edd90 code [0x00000201518edfa0, 0x00000201518eea98]
Event: 245.663 Thread 0x000002015d1c2be0 2159       4       java.util.ArrayList::remove (26 bytes)
Event: 245.671 Thread 0x000002015d1c2be0 nmethod 2159 0x00000201518ef190 code [0x00000201518ef320, 0x00000201518ef558]
Event: 257.600 Thread 0x000002015d1c2be0 2160       4       org.gradle.internal.logging.sink.GroupingProgressLogEventGenerator::onOutput (108 bytes)

GC Heap History (4 events):
Event: 0.593 GC heap before
{Heap before GC invocations=0 (full 0):
 garbage-first heap   total 65536K, used 23552K [0x00000000fc000000, 0x0000000100000000)
  region size 1024K, 23 young (23552K), 0 survivors (0K)
 Metaspace       used 1750K, committed 1856K, reserved 1114112K
  class space    used 157K, committed 192K, reserved 1048576K
}
Event: 0.596 GC heap after
{Heap after GC invocations=1 (full 0):
 garbage-first heap   total 65536K, used 1984K [0x00000000fc000000, 0x0000000100000000)
  region size 1024K, 2 young (2048K), 2 survivors (2048K)
 Metaspace       used 1750K, committed 1856K, reserved 1114112K
  class space    used 157K, committed 192K, reserved 1048576K
}
Event: 1.464 GC heap before
{Heap before GC invocations=1 (full 0):
 garbage-first heap   total 65536K, used 34752K [0x00000000fc000000, 0x0000000100000000)
  region size 1024K, 32 young (32768K), 2 survivors (2048K)
 Metaspace       used 7544K, committed 7680K, reserved 1114112K
  class space    used 1023K, committed 1088K, reserved 1048576K
}
Event: 1.469 GC heap after
{Heap after GC invocations=2 (full 0):
 garbage-first heap   total 65536K, used 10782K [0x00000000fc000000, 0x0000000100000000)
  region size 1024K, 4 young (4096K), 4 survivors (4096K)
 Metaspace       used 7544K, committed 7680K, reserved 1114112K
  class space    used 1023K, committed 1088K, reserved 1048576K
}

Deoptimization events (20 events):
Event: 1.711 Thread 0x0000020140dc3290 DEOPT PACKING pc=0x000002015183b874 sp=0x00000071c4afd3c0
Event: 1.711 Thread 0x0000020140dc3290 DEOPT UNPACKING pc=0x00000201511023a3 sp=0x00000071c4afd358 mode 2
Event: 1.764 Thread 0x00000201a3700e50 Uncommon trap: trap_request=0xffffffde fr.pc=0x000002015183bbd4 relative=0x00000000000000b4
Event: 1.764 Thread 0x00000201a3700e50 Uncommon trap: reason=class_check action=maybe_recompile pc=0x000002015183bbd4 method=java.util.AbstractList$Itr.next()Ljava/lang/Object; @ 14 c2
Event: 1.764 Thread 0x00000201a3700e50 DEOPT PACKING pc=0x000002015183bbd4 sp=0x00000071c63feee0
Event: 1.764 Thread 0x00000201a3700e50 DEOPT UNPACKING pc=0x00000201511023a3 sp=0x00000071c63fee78 mode 2
Event: 17.468 Thread 0x0000020140dc3290 DEOPT PACKING pc=0x0000020149f6c03c sp=0x00000071c4afd640
Event: 17.468 Thread 0x0000020140dc3290 DEOPT UNPACKING pc=0x0000020151102b43 sp=0x00000071c4afcab8 mode 0
Event: 56.674 Thread 0x00000201a3700e50 Uncommon trap: trap_request=0xffffff45 fr.pc=0x00000201518b8898 relative=0x0000000000000518
Event: 56.675 Thread 0x00000201a3700e50 Uncommon trap: reason=unstable_if action=reinterpret pc=0x00000201518b8898 method=org.gradle.internal.logging.text.AbstractLineChoppingStyledTextOutput$2.execute(Lorg/gradle/internal/logging/text/AbstractLineChoppingStyledTextOutput$StateContext;)V @ 34 c
Event: 56.675 Thread 0x00000201a3700e50 DEOPT PACKING pc=0x00000201518b8898 sp=0x00000071c63fed50
Event: 56.675 Thread 0x00000201a3700e50 DEOPT UNPACKING pc=0x00000201511023a3 sp=0x00000071c63febd8 mode 2
Event: 123.963 Thread 0x00000201a3700e50 DEOPT PACKING pc=0x0000020149f7e483 sp=0x00000071c63fead0
Event: 123.964 Thread 0x00000201a3700e50 DEOPT UNPACKING pc=0x0000020151102b43 sp=0x00000071c63fdf40 mode 0
Event: 164.576 Thread 0x00000201a3700e50 DEOPT PACKING pc=0x0000020149fc0a74 sp=0x00000071c63fed50
Event: 164.579 Thread 0x00000201a3700e50 DEOPT UNPACKING pc=0x0000020151102b43 sp=0x00000071c63fe220 mode 0
Event: 164.587 Thread 0x00000201a3700e50 DEOPT PACKING pc=0x0000020149fc0a74 sp=0x00000071c63feb80
Event: 164.587 Thread 0x00000201a3700e50 DEOPT UNPACKING pc=0x0000020151102b43 sp=0x00000071c63fe050 mode 0
Event: 164.609 Thread 0x00000201a3700e50 DEOPT PACKING pc=0x0000020149fc0a74 sp=0x00000071c63fed50
Event: 164.609 Thread 0x00000201a3700e50 DEOPT UNPACKING pc=0x0000020151102b43 sp=0x00000071c63fe220 mode 0

Classes unloaded (0 events):
No events

Classes redefined (0 events):
No events

Internal exceptions (19 events):
Event: 0.241 Thread 0x0000020140dc3290 Exception <a 'java/lang/NoSuchMethodError'{0x00000000ffc8bf90}: 'int java.lang.invoke.DirectMethodHandle$Holder.invokeStaticInit(java.lang.Object, java.lang.Object)'> (0x00000000ffc8bf90) 
thrown [s\open\src\hotspot\share\interpreter\linkResolver.cpp, line 759]
Event: 0.901 Thread 0x0000020140dc3290 Exception <a 'java/lang/NoSuchMethodError'{0x00000000ff49f130}: 'int java.lang.invoke.DirectMethodHandle$Holder.invokeStatic(java.lang.Object, java.lang.Object, int)'> (0x00000000ff49f130) 
thrown [s\open\src\hotspot\share\interpreter\linkResolver.cpp, line 759]
Event: 1.033 Thread 0x0000020140dc3290 Exception <a 'java/lang/NoSuchMethodError'{0x00000000ff0b7778}: 'java.lang.Object java.lang.invoke.DirectMethodHandle$Holder.invokeStaticInit(java.lang.Object)'> (0x00000000ff0b7778) 
thrown [s\open\src\hotspot\share\interpreter\linkResolver.cpp, line 759]
Event: 1.053 Thread 0x0000020140dc3290 Exception <a 'java/lang/NoSuchMethodError'{0x00000000ff0d2440}: 'int java.lang.invoke.DirectMethodHandle$Holder.invokeSpecial(java.lang.Object, java.lang.Object, java.lang.Object)'> (0x00000000ff0d2440) 
thrown [s\open\src\hotspot\share\interpreter\linkResolver.cpp, line 759]
Event: 1.062 Thread 0x0000020140dc3290 Exception <a 'java/lang/NoSuchMethodError'{0x00000000fef0fac0}: 'void java.lang.invoke.DirectMethodHandle$Holder.invokeStatic(java.lang.Object, java.lang.Object)'> (0x00000000fef0fac0) 
thrown [s\open\src\hotspot\share\interpreter\linkResolver.cpp, line 759]
Event: 1.064 Thread 0x0000020140dc3290 Implicit null exception at 0x000002015187280a to 0x0000020151872d40
Event: 1.107 Thread 0x0000020140dc3290 Exception <a 'java/lang/NoSuchMethodError'{0x00000000feebedf0}: 'java.lang.Object java.lang.invoke.Invokers$Holder.invoker(java.lang.Object, java.lang.Object, java.lang.Object)'> (0x00000000feebedf0) 
thrown [s\open\src\hotspot\share\interpreter\linkResolver.cpp, line 759]
Event: 1.108 Thread 0x0000020140dc3290 Exception <a 'java/lang/NoSuchMethodError'{0x00000000feec7f48}: 'java.lang.Object java.lang.invoke.DirectMethodHandle$Holder.invokeStatic(java.lang.Object, java.lang.Object, int)'> (0x00000000feec7f48) 
thrown [s\open\src\hotspot\share\interpreter\linkResolver.cpp, line 759]
Event: 1.109 Thread 0x0000020140dc3290 Exception <a 'java/lang/NoSuchMethodError'{0x00000000feed3c38}: 'void java.lang.invoke.DelegatingMethodHandle$Holder.delegate(java.lang.Object, java.lang.Object, int, java.lang.Object)'> (0x00000000feed3c38) 
thrown [s\open\src\hotspot\share\interpreter\linkResolver.cpp, line 759]
Event: 1.111 Thread 0x0000020140dc3290 Exception <a 'java/lang/NoSuchMethodError'{0x00000000feee7280}: 'java.lang.Object java.lang.invoke.Invokers$Holder.invokeExact_MT(java.lang.Object, java.lang.Object, java.lang.Object, java.lang.Object)'> (0x00000000feee7280) 
thrown [s\open\src\hotspot\share\interpreter\linkResolver.cpp, line 759]
Event: 1.117 Thread 0x0000020140dc3290 Exception <a 'java/lang/NoSuchMethodError'{0x00000000fed169f0}: 'java.lang.Object java.lang.invoke.DirectMethodHandle$Holder.invokeVirtual(java.lang.Object, java.lang.Object, java.lang.Object)'> (0x00000000fed169f0) 
thrown [s\open\src\hotspot\share\interpreter\linkResolver.cpp, line 759]
Event: 1.185 Thread 0x0000020140dc3290 Exception <a 'java/lang/NoSuchMethodError'{0x00000000fead9930}: 'java.lang.Object java.lang.invoke.DirectMethodHandle$Holder.newInvokeSpecial(java.lang.Object, java.lang.Object, java.lang.Object, java.lang.Object, java.lang.Object)'> (0x00000000fead9930) 
thrown [s\open\src\hotspot\share\interpreter\linkResolver.cpp, line 759]
Event: 1.208 Thread 0x0000020140dc3290 Exception <a 'java/lang/NoSuchMethodError'{0x00000000fe60dfa0}: 'void java.lang.invoke.DirectMethodHandle$Holder.invokeSpecial(java.lang.Object, java.lang.Object, java.lang.Object)'> (0x00000000fe60dfa0) 
thrown [s\open\src\hotspot\share\interpreter\linkResolver.cpp, line 759]
Event: 1.210 Thread 0x0000020140dc3290 Implicit null exception at 0x0000020151848e0f to 0x000002015184933c
Event: 1.393 Thread 0x0000020140dc3290 Exception <a 'java/lang/NoSuchMethodError'{0x00000000fe428bc8}: 'void java.lang.invoke.DirectMethodHandle$Holder.invokeStatic(java.lang.Object, java.lang.Object, java.lang.Object)'> (0x00000000fe428bc8) 
thrown [s\open\src\hotspot\share\interpreter\linkResolver.cpp, line 759]
Event: 1.480 Thread 0x0000020140dc3290 Exception <a 'java/lang/NoSuchMethodError'{0x00000000fff8fb10}: 'java.lang.Object java.lang.invoke.DirectMethodHandle$Holder.invokeStaticInit(java.lang.Object, int, int, int, int)'> (0x00000000fff8fb10) 
thrown [s\open\src\hotspot\share\interpreter\linkResolver.cpp, line 759]
Event: 1.618 Thread 0x0000020140dc3290 Exception <a 'java/lang/NoSuchMethodError'{0x00000000ffed24d8}: 'java.lang.Object java.lang.invoke.DirectMethodHandle$Holder.invokeStaticInit(java.lang.Object, java.lang.Object, int, int, int, int)'> (0x00000000ffed24d8) 
thrown [s\open\src\hotspot\share\interpreter\linkResolver.cpp, line 759]
Event: 1.635 Thread 0x0000020140dc3290 Implicit null exception at 0x0000020151846a72 to 0x0000020151847048
Event: 1.636 Thread 0x0000020140dc3290 Implicit null exception at 0x000002015184f9f2 to 0x000002015184ffd8

VM Operations (20 events):
Event: 164.875 Executing VM operation: Cleanup
Event: 164.877 Executing VM operation: Cleanup done
Event: 171.945 Executing VM operation: Cleanup
Event: 171.947 Executing VM operation: Cleanup done
Event: 180.019 Executing VM operation: Cleanup
Event: 180.019 Executing VM operation: Cleanup done
Event: 180.629 Executing VM operation: HandshakeAllThreads
Event: 180.630 Executing VM operation: HandshakeAllThreads done
Event: 181.641 Executing VM operation: Cleanup
Event: 181.641 Executing VM operation: Cleanup done
Event: 183.669 Executing VM operation: Cleanup
Event: 183.671 Executing VM operation: Cleanup done
Event: 193.765 Executing VM operation: Cleanup
Event: 193.765 Executing VM operation: Cleanup done
Event: 194.778 Executing VM operation: Cleanup
Event: 194.778 Executing VM operation: Cleanup done
Event: 205.878 Executing VM operation: Cleanup
Event: 205.879 Executing VM operation: Cleanup done
Event: 228.089 Executing VM operation: Cleanup
Event: 228.093 Executing VM operation: Cleanup done

Events (20 events):
Event: 56.365 loading class jdk/internal/logger/LazyLoggers$LazyLoggerFactories
Event: 56.365 loading class jdk/internal/logger/LazyLoggers$LazyLoggerFactories done
Event: 56.400 loading class jdk/internal/logger/LoggerFinderLoader
Event: 56.409 loading class jdk/internal/logger/LoggerFinderLoader done
Event: 56.486 loading class jdk/internal/logger/LoggerFinderLoader$TemporaryLoggerFinder
Event: 56.489 loading class jdk/internal/logger/LoggerFinderLoader$TemporaryLoggerFinder done
Event: 56.534 loading class sun/util/logging/internal/LoggingProviderImpl$JULWrapper
Event: 56.539 loading class sun/util/logging/PlatformLogger$ConfigurableBridge$LoggerConfiguration
Event: 56.540 loading class sun/util/logging/PlatformLogger$ConfigurableBridge$LoggerConfiguration done
Event: 56.542 loading class sun/util/logging/internal/LoggingProviderImpl$JULWrapper done
Event: 56.544 loading class java/io/ObjectInputFilter
Event: 56.545 loading class java/io/ObjectInputFilter done
Event: 56.553 loading class java/io/ObjectInputFilter$Config$BuiltinFilterFactory
Event: 56.555 loading class java/io/ObjectInputFilter$Config$BuiltinFilterFactory done
Event: 56.556 loading class jdk/internal/access/JavaObjectInputFilterAccess
Event: 56.556 loading class jdk/internal/access/JavaObjectInputFilterAccess done
Event: 56.558 loading class java/lang/System$Logger$Level
Event: 56.562 loading class java/lang/System$Logger$Level done
Event: 56.567 loading class java/io/Bits
Event: 56.567 loading class java/io/Bits done


Dynamic libraries:
0x00007ff641b30000 - 0x00007ff641b40000 	C:\Program Files\Java\jdk-17\bin\java.exe
0x00007ffe5faa0000 - 0x00007ffe5fd07000 	C:\WINDOWS\SYSTEM32\ntdll.dll
0x00007ffe0e6a0000 - 0x00007ffe0e6c0000 	C:\Program Files\Avast Software\Avast\aswhook.dll
0x00007ffe5ec00000 - 0x00007ffe5ecc9000 	C:\WINDOWS\System32\KERNEL32.DLL
0x00007ffe5ceb0000 - 0x00007ffe5d2a1000 	C:\WINDOWS\System32\KERNELBASE.dll
0x00007ffe5cd30000 - 0x00007ffe5ce7b000 	C:\WINDOWS\System32\ucrtbase.dll
0x00007ffe55260000 - 0x00007ffe55279000 	C:\Program Files\Java\jdk-17\bin\jli.dll
0x00007ffe5f770000 - 0x00007ffe5f82b000 	C:\WINDOWS\System32\ADVAPI32.dll
0x00007ffe5d970000 - 0x00007ffe5da19000 	C:\WINDOWS\System32\msvcrt.dll
0x00007ffe5eef0000 - 0x00007ffe5ef97000 	C:\WINDOWS\System32\sechost.dll
0x00007ffe5f180000 - 0x00007ffe5f298000 	C:\WINDOWS\System32\RPCRT4.dll
0x00007ffe5ea30000 - 0x00007ffe5ebf5000 	C:\WINDOWS\System32\USER32.dll
0x00007ffe5ce80000 - 0x00007ffe5cea7000 	C:\WINDOWS\System32\win32u.dll
0x00007ffe5d940000 - 0x00007ffe5d96b000 	C:\WINDOWS\System32\GDI32.dll
0x00007ffe2d7c0000 - 0x00007ffe2da53000 	C:\WINDOWS\WinSxS\amd64_microsoft.windows.common-controls_6595b64144ccf1df_6.0.26100.8037_none_3e092faae333b53b\COMCTL32.dll
0x00007ffe5d2b0000 - 0x00007ffe5d3db000 	C:\WINDOWS\System32\gdi32full.dll
0x00007ffe5d790000 - 0x00007ffe5d833000 	C:\WINDOWS\System32\msvcp_win.dll
0x00007ffe551e0000 - 0x00007ffe551fb000 	C:\Program Files\Java\jdk-17\bin\VCRUNTIME140.dll
0x00007ffe54ae0000 - 0x00007ffe54aeb000 	C:\WINDOWS\SYSTEM32\VERSION.dll
0x00007ffe5d8f0000 - 0x00007ffe5d921000 	C:\WINDOWS\System32\IMM32.DLL
0x00007ffe59780000 - 0x00007ffe5978c000 	C:\Program Files\Java\jdk-17\bin\vcruntime140_1.dll
0x00007ffe51d90000 - 0x00007ffe51e1e000 	C:\Program Files\Java\jdk-17\bin\msvcp140.dll
0x00007ffdc1400000 - 0x00007ffdc1fe1000 	C:\Program Files\Java\jdk-17\bin\server\jvm.dll
0x00007ffe5d870000 - 0x00007ffe5d878000 	C:\WINDOWS\System32\PSAPI.DLL
0x00007ffe47120000 - 0x00007ffe47155000 	C:\WINDOWS\SYSTEM32\WINMM.dll
0x00007ffe3fc90000 - 0x00007ffe3fc9a000 	C:\WINDOWS\SYSTEM32\WSOCK32.dll
0x00007ffe5dfb0000 - 0x00007ffe5e024000 	C:\WINDOWS\System32\WS2_32.dll
0x00007ffe5b0e0000 - 0x00007ffe5b0fb000 	C:\WINDOWS\SYSTEM32\kernel.appcore.dll
0x00007ffe56c10000 - 0x00007ffe56c1a000 	C:\Program Files\Java\jdk-17\bin\jimage.dll
0x00007ffe5a390000 - 0x00007ffe5a5d2000 	C:\WINDOWS\SYSTEM32\DBGHELP.DLL
0x00007ffe5f2a0000 - 0x00007ffe5f622000 	C:\WINDOWS\System32\combase.dll
0x00007ffe5e030000 - 0x00007ffe5e107000 	C:\WINDOWS\System32\OLEAUT32.dll
0x00007ffe462e0000 - 0x00007ffe4631b000 	C:\WINDOWS\SYSTEM32\dbgcore.DLL
0x00007ffe5cc80000 - 0x00007ffe5cd25000 	C:\WINDOWS\System32\bcryptPrimitives.dll
0x00007ffe551b0000 - 0x00007ffe551d5000 	C:\Program Files\Java\jdk-17\bin\java.dll
0x00007ffe51cb0000 - 0x00007ffe51d87000 	C:\Program Files\Java\jdk-17\bin\jsvml.dll
0x00007ffe5e110000 - 0x00007ffe5e86f000 	C:\WINDOWS\System32\SHELL32.dll
0x00007ffe5d620000 - 0x00007ffe5d78a000 	C:\WINDOWS\System32\wintypes.dll
0x00007ffe5c410000 - 0x00007ffe5cc74000 	C:\WINDOWS\System32\windows.storage.dll
0x00007ffe5f900000 - 0x00007ffe5f9f7000 	C:\WINDOWS\System32\SHCORE.dll
0x00007ffe5d880000 - 0x00007ffe5d8e7000 	C:\WINDOWS\System32\shlwapi.dll
0x00007ffe5c2a0000 - 0x00007ffe5c2c9000 	C:\WINDOWS\SYSTEM32\profapi.dll
0x00007ffe55190000 - 0x00007ffe551a9000 	C:\Program Files\Java\jdk-17\bin\net.dll
0x00007ffe552d0000 - 0x00007ffe553f7000 	C:\WINDOWS\SYSTEM32\WINHTTP.dll
0x00007ffe5b680000 - 0x00007ffe5b6eb000 	C:\WINDOWS\system32\mswsock.dll
0x00007ffe55170000 - 0x00007ffe55186000 	C:\Program Files\Java\jdk-17\bin\nio.dll
0x00007ffe54f30000 - 0x00007ffe54f48000 	C:\Program Files\Java\jdk-17\bin\zip.dll
0x00007ffe56bf0000 - 0x00007ffe56bfa000 	C:\Program Files\Java\jdk-17\bin\management.dll
0x00007ffe55f70000 - 0x00007ffe55f7b000 	C:\Program Files\Java\jdk-17\bin\management_ext.dll
0x00007ffe55400000 - 0x00007ffe55410000 	C:\Program Files\Java\jdk-17\bin\verify.dll
0x00007ffe10170000 - 0x00007ffe10197000 	C:\Users\jibri\.gradle\native\1def1411415f61bf3af743bc5b6707747c0891f09f0c88961ee8f79bc544acac\windows-amd64\native-platform.dll
0x00007ffe50400000 - 0x00007ffe5040a000 	C:\Users\jibri\.gradle\native\jansi\1.18\windows64\jansi.dll
0x00007ffe5ab10000 - 0x00007ffe5ab43000 	C:\WINDOWS\SYSTEM32\IPHLPAPI.DLL
0x00007ffe5ee30000 - 0x00007ffe5ee3a000 	C:\WINDOWS\System32\NSI.dll
0x00007ffe55560000 - 0x00007ffe5557d000 	C:\WINDOWS\SYSTEM32\dhcpcsvc6.DLL
0x00007ffe55530000 - 0x00007ffe55553000 	C:\WINDOWS\SYSTEM32\dhcpcsvc.DLL
0x00007ffe5abb0000 - 0x00007ffe5acda000 	C:\WINDOWS\SYSTEM32\DNSAPI.dll
0x00007ffe5b960000 - 0x00007ffe5b97b000 	C:\WINDOWS\SYSTEM32\CRYPTSP.dll
0x00007ffe5b040000 - 0x00007ffe5b079000 	C:\WINDOWS\system32\rsaenh.dll
0x00007ffe5b730000 - 0x00007ffe5b762000 	C:\WINDOWS\SYSTEM32\USERENV.dll
0x00007ffe5c270000 - 0x00007ffe5c29a000 	C:\WINDOWS\SYSTEM32\bcrypt.dll
0x00007ffe5b980000 - 0x00007ffe5b98c000 	C:\WINDOWS\SYSTEM32\CRYPTBASE.dll
0x00007ffe54f20000 - 0x00007ffe54f2e000 	C:\Program Files\Java\jdk-17\bin\sunmscapi.dll
0x00007ffe5d4a0000 - 0x00007ffe5d617000 	C:\WINDOWS\System32\CRYPT32.dll
0x00007ffe5bb80000 - 0x00007ffe5bbb0000 	C:\WINDOWS\SYSTEM32\ncrypt.dll
0x00007ffe5bb30000 - 0x00007ffe5bb6f000 	C:\WINDOWS\SYSTEM32\NTASN1.dll
0x00007ffe0d300000 - 0x00007ffe0d308000 	C:\WINDOWS\system32\wshunix.dll

dbghelp: loaded successfully - version: 4.0.5 - missing functions: none
symbol engine: initialized successfully - sym options: 0x614 - pdb path: .;C:\Program Files\Java\jdk-17\bin;C:\WINDOWS\SYSTEM32;C:\Program Files\Avast Software\Avast;C:\WINDOWS\WinSxS\amd64_microsoft.windows.common-controls_6595b64144ccf1df_6.0.26100.8037_none_3e092faae333b53b;C:\Program Files\Java\jdk-17\bin\server;C:\Users\jibri\.gradle\native\1def1411415f61bf3af743bc5b6707747c0891f09f0c88961ee8f79bc544acac\windows-amd64;C:\Users\jibri\.gradle\native\jansi\1.18\windows64

VM Arguments:
jvm_args: -Xmx64m -Xms64m -Dorg.gradle.appname=gradlew 
java_command: C:\rubi_web\CISC_Capstone\MiscueReading\android\\gradle\wrapper\gradle-wrapper.jar app:installDebug -PreactNativeDevServerPort=8081
java_class_path (initial): C:\rubi_web\CISC_Capstone\MiscueReading\android\\gradle\wrapper\gradle-wrapper.jar
Launcher Type: SUN_STANDARD

[Global flags]
     intx CICompilerCount                          = 12                                        {product} {ergonomic}
     uint ConcGCThreads                            = 4                                         {product} {ergonomic}
     uint G1ConcRefinementThreads                  = 15                                        {product} {ergonomic}
   size_t G1HeapRegionSize                         = 1048576                                   {product} {ergonomic}
    uintx GCDrainStackTargetSize                   = 64                                        {product} {ergonomic}
   size_t InitialHeapSize                          = 67108864                                  {product} {command line}
   size_t MarkStackSize                            = 4194304                                   {product} {ergonomic}
   size_t MaxHeapSize                              = 67108864                                  {product} {command line}
   size_t MaxNewSize                               = 39845888                                  {product} {ergonomic}
   size_t MinHeapDeltaBytes                        = 1048576                                   {product} {ergonomic}
   size_t MinHeapSize                              = 67108864                                  {product} {command line}
    uintx NonNMethodCodeHeapSize                   = 7602480                                {pd product} {ergonomic}
    uintx NonProfiledCodeHeapSize                  = 122027880                              {pd product} {ergonomic}
    uintx ProfiledCodeHeapSize                     = 122027880                              {pd product} {ergonomic}
    uintx ReservedCodeCacheSize                    = 251658240                              {pd product} {ergonomic}
     bool SegmentedCodeCache                       = true                                      {product} {ergonomic}
   size_t SoftMaxHeapSize                          = 67108864                               {manageable} {ergonomic}
     bool UseCompressedClassPointers               = true                           {product lp64_product} {ergonomic}
     bool UseCompressedOops                        = true                           {product lp64_product} {ergonomic}
     bool UseG1GC                                  = true                                      {product} {ergonomic}
     bool UseLargePagesIndividualAllocation        = false                                  {pd product} {ergonomic}

Logging:
Log output configuration:
 #0: stdout all=warning uptime,level,tags
 #1: stderr all=off uptime,level,tags

Environment Variables:
JAVA_HOME=C:\Program Files\Java\jdk-17
PATH=C:\rubi_web\CISC_Capstone\MiscueReading\node_modules\.bin;C:\rubi_web\CISC_Capstone\node_modules\.bin;C:\rubi_web\node_modules\.bin;C:\node_modules\.bin;C:\Users\jibri\CONFIG~1\herd\bin\nvm\v22.9.0\node_modules\npm\node_modules\@npmcli\run-script\lib\node-gyp-bin;C:\Users\jibri\bin;C:\Program Files\Git\mingw64\bin;C:\Program Files\Git\usr\local\bin;C:\Program Files\Git\usr\bin;C:\Program Files\Git\usr\bin;C:\Program Files\Git\mingw64\bin;C:\Program Files\Git\usr\bin;C:\Users\jibri\bin;C:\Program Files\Microsoft\jdk-17.0.16.8-hotspot\bin;C:\ProgramData\Oracle\Java\javapath;C:\Program Files\NVIDIA GPU Computing Toolkit\CUDA\v12.8\bin;C:\Program Files\NVIDIA GPU Computing Toolkit\CUDA\v12.8\libnvvp;C:\Program Files\Common Files\Oracle\Java\javapath;C:\PHP\phpoldversion;C:\Windows\system32;C:\Windows;C:\Windows\System32\Wbem;C:\Windows\System32\WindowsPowerShell\v1.0;C:\Windows\System32\OpenSSH;C:\Program Files (x86)\NVIDIA Corporation\PhysX\Common;C:\Program Files\Microsoft SQL Server\150\Tools\Binn;C:\Program Files\Microsoft SQL Server\Client SDK\ODBC\170\Tools\Binn;C:\ProgramData\ComposerSetup\bin;C:\Users\jibri\.config\herd\bin\nvm;C:\Program Files\nodejs;C:\Program Files\Java\jdk-17\bin;C:\xampp\php;C:\WINDOWS\system32;C:\WINDOWS;C:\WINDOWS\System32\Wbem;C:\WINDOWS\System32\WindowsPowerShell\v1.0;C:\WINDOWS\System32\OpenSSH;C:\Program Files\nodejs;C:\Program Files\Git\cmd;C:\Program Files\Git\usr\bin;C:\Users\jibri\AppData\Local\Pub\Cache\bin;C:\Program Files\NVIDIA Corporation\NVIDIA app\NvDLISR;C:\Program Files\heroku\bin;C:\Program Files\NVIDIA Corporation\Nsight Compute 2025.1.1;C:\ProgramData\chocolatey\bin;C:\Users\jibri\AppData\Local\Programs\Python\Python310\Scripts;C:\Program Files\dotnet;C:\Program Files (x86)\Windows Kits\10\Windows Performance Toolkit;C:\Users\jibri\AppData\Local\Android\Sdk\platform-tools;C:\Program Files\Docker\Docker\resources\bin;C:\Program Files\MySQL\MySQL Shell 8.0\bin;C:\Users\jibri\AppData\Local\Programs\Python\Python310\Scri
USERNAME=jibri
SHELL=C:\Program Files\Git\usr\bin\bash.exe
DISPLAY=needs-to-be-defined
LANG=en_US.UTF-8
OS=Windows_NT
PROCESSOR_IDENTIFIER=Intel64 Family 6 Model 191 Stepping 2, GenuineIntel



---------------  S Y S T E M  ---------------

OS:
 Windows 11 , 64 bit Build 26100 (10.0.26100.7920)
OS uptime: 0 days 11:31 hours
Hyper-V role detected

CPU: total 20 (initial active 20) (10 cores per cpu, 2 threads per core) family 6 model 191 stepping 2 microcode 0x2c, cx8, cmov, fxsr, ht, mmx, 3dnowpref, sse, sse2, sse3, ssse3, sse4.1, sse4.2, popcnt, lzcnt, tsc, tscinvbit, avx, avx2, aes, erms, clmul, bmi1, bmi2, adx, sha, fma, vzeroupper, clflush, clflushopt, clwb, hv

Memory: 4k page, system-wide physical 7911M (632M free)
TotalPageFile size 32487M (AvailPageFile size 34M)
current process WorkingSet (physical memory assigned to process): 15M, peak: 120M
current process commit charge ("private bytes"): 183M, peak: 200M

vm_info: Java HotSpot(TM) 64-Bit Server VM (17.0.14+8-LTS-191) for windows-amd64 JRE (17.0.14+8-LTS-191), built on Dec  3 2024 11:07:59 by "mach5one" with MS VC++ 17.6 (VS2022)

END.
