#
# There is insufficient memory for the Java Runtime Environment to continue.
# Native memory allocation (malloc) failed to allocate 264176 bytes for Chunk::new
# Possible reasons:
#   The system is out of physical RAM or swap space
#   The process is running with CompressedOops enabled, and the Java Heap may be blocking the growth of the native heap
# Possible solutions:
#   Reduce memory load on the system
#   Increase physical memory or swap space
#   Check if swap backing store is full
#   Decrease Java heap size (-Xmx/-Xms)
#   Decrease number of Java threads
#   Decrease Java thread stack sizes (-Xss)
#   Set larger code cache with -XX:ReservedCodeCacheSize=
#   JVM is running with Unscaled Compressed Oops mode in which the Java heap is
#     placed in the first 4GB address space. The Java Heap base address is the
#     maximum limit for the native heap growth. Please use -XX:HeapBaseMinAddress
#     to set the Java Heap base and to place the Java Heap above 4GB virtual address.
# This output file may be truncated or incomplete.
#
#  Out of Memory Error (arena.cpp:189), pid=15320, tid=28244
#
# JRE version: Java(TM) SE Runtime Environment (17.0.14+8) (build 17.0.14+8-LTS-191)
# Java VM: Java HotSpot(TM) 64-Bit Server VM (17.0.14+8-LTS-191, mixed mode, sharing, tiered, compressed oops, compressed class ptrs, g1 gc, windows-amd64)
# No core dump will be written. Minidumps are not enabled by default on client versions of Windows
#

---------------  S U M M A R Y ------------

Command Line: -Xmx64m -Xms64m -Dorg.gradle.appname=gradlew C:\rubi_web\CISC_Capstone\MiscueReading\android\\gradle\wrapper\gradle-wrapper.jar app:installDebug -PreactNativeDevServerPort=8081

Host: 13th Gen Intel(R) Core(TM) i5-13500HX, 20 cores, 7G,  Windows 11 , 64 bit Build 26100 (10.0.26100.8246)
Time: Tue May  5 12:43:29 2026 Malay Peninsula Standard Time elapsed time: 251.476204 seconds (0d 0h 4m 11s)

---------------  T H R E A D  ---------------

Current thread (0x000001c23ceb3e50):  JavaThread "C2 CompilerThread0" daemon [_thread_in_native, id=28244, stack(0x0000003f30f00000,0x0000003f31000000)]


Current CompileTask:
C2: 251477 2094       4       org.fusesource.jansi.Ansi::flushAttributes (94 bytes)

Stack: [0x0000003f30f00000,0x0000003f31000000]
Native frames: (J=compiled Java code, j=interpreted, Vv=VM code, C=native code)
V  [jvm.dll+0x67a38a]
V  [jvm.dll+0x7da7ed]
V  [jvm.dll+0x7dc133]
V  [jvm.dll+0x7dc7a3]
V  [jvm.dll+0x24517f]
V  [jvm.dll+0xab773]
V  [jvm.dll+0xabd3c]
V  [jvm.dll+0x2aa61f]
V  [jvm.dll+0x582209]
V  [jvm.dll+0x21f522]
V  [jvm.dll+0x21f91f]
V  [jvm.dll+0x218ba0]
V  [jvm.dll+0x215c65]
V  [jvm.dll+0x1a2950]
V  [jvm.dll+0x22620b]
V  [jvm.dll+0x2243ab]
V  [jvm.dll+0x790bbc]
V  [jvm.dll+0x78b04a]
V  [jvm.dll+0x679275]
C  [ucrtbase.dll+0x37b0]
C  [KERNEL32.DLL+0x2e8d7]
C  [ntdll.dll+0x8c3fc]


---------------  P R O C E S S  ---------------

Threads class SMR info:
_java_thread_list=0x000001c27f244090, length=13, elements={
0x000001c2227d0920, 0x000001c23ce91fc0, 0x000001c23ce949a0, 0x000001c23cea8df0,
0x000001c23cea96c0, 0x000001c23ceabfa0, 0x000001c23ceae880, 0x000001c23ceb3e50,
0x000001c23ceb6820, 0x000001c23cec1150, 0x000001c27e2047b0, 0x000001c27e219f30,
0x000001c27eff1030
}

Java Threads: ( => current thread )
  0x000001c2227d0920 JavaThread "main" [_thread_in_native, id=35720, stack(0x0000003f30200000,0x0000003f30300000)]
  0x000001c23ce91fc0 JavaThread "Reference Handler" daemon [_thread_blocked, id=34396, stack(0x0000003f30900000,0x0000003f30a00000)]
  0x000001c23ce949a0 JavaThread "Finalizer" daemon [_thread_blocked, id=35524, stack(0x0000003f30a00000,0x0000003f30b00000)]
  0x000001c23cea8df0 JavaThread "Signal Dispatcher" daemon [_thread_blocked, id=21280, stack(0x0000003f30b00000,0x0000003f30c00000)]
  0x000001c23cea96c0 JavaThread "Attach Listener" daemon [_thread_blocked, id=28740, stack(0x0000003f30c00000,0x0000003f30d00000)]
  0x000001c23ceabfa0 JavaThread "Service Thread" daemon [_thread_blocked, id=15696, stack(0x0000003f30d00000,0x0000003f30e00000)]
  0x000001c23ceae880 JavaThread "Monitor Deflation Thread" daemon [_thread_blocked, id=13500, stack(0x0000003f30e00000,0x0000003f30f00000)]
=>0x000001c23ceb3e50 JavaThread "C2 CompilerThread0" daemon [_thread_in_native, id=28244, stack(0x0000003f30f00000,0x0000003f31000000)]
  0x000001c23ceb6820 JavaThread "C1 CompilerThread0" daemon [_thread_blocked, id=28504, stack(0x0000003f31000000,0x0000003f31100000)]
  0x000001c23cec1150 JavaThread "Sweeper thread" daemon [_thread_blocked, id=19416, stack(0x0000003f31100000,0x0000003f31200000)]
  0x000001c27e2047b0 JavaThread "Notification Thread" daemon [_thread_blocked, id=27044, stack(0x0000003f31300000,0x0000003f31400000)]
  0x000001c27e219f30 JavaThread "Common-Cleaner" daemon [_thread_blocked, id=14364, stack(0x0000003f31500000,0x0000003f31600000)]
  0x000001c27eff1030 JavaThread "pool-1-thread-1" [_thread_blocked, id=32692, stack(0x0000003f31c00000,0x0000003f31d00000)]

Other Threads:
  0x000001c23ce835e0 VMThread "VM Thread" [stack: 0x0000003f30800000,0x0000003f30900000] [id=35676]
  0x000001c27e218ae0 WatcherThread [stack: 0x0000003f31400000,0x0000003f31500000] [id=22316]
  0x000001c2227f13c0 GCTaskThread "GC Thread#0" [stack: 0x0000003f30300000,0x0000003f30400000] [id=35632]
  0x000001c27e5840f0 GCTaskThread "GC Thread#1" [stack: 0x0000003f31700000,0x0000003f31800000] [id=16132]
  0x000001c27e784130 GCTaskThread "GC Thread#2" [stack: 0x0000003f31800000,0x0000003f31900000] [id=35228]
  0x000001c27e7843f0 GCTaskThread "GC Thread#3" [stack: 0x0000003f31900000,0x0000003f31a00000] [id=22476]
  0x000001c27f29c120 GCTaskThread "GC Thread#4" [stack: 0x0000003f31600000,0x0000003f31700000] [id=14768]
  0x000001c27ed96aa0 GCTaskThread "GC Thread#5" [stack: 0x0000003f31d00000,0x0000003f31e00000] [id=9368]
  0x000001c27ee8bcb0 GCTaskThread "GC Thread#6" [stack: 0x0000003f31e00000,0x0000003f31f00000] [id=14432]
  0x000001c27ef34990 GCTaskThread "GC Thread#7" [stack: 0x0000003f31f00000,0x0000003f32000000] [id=24696]
  0x000001c2227f2a20 ConcurrentGCThread "G1 Main Marker" [stack: 0x0000003f30400000,0x0000003f30500000] [id=13676]
  0x000001c2227f4010 ConcurrentGCThread "G1 Conc#0" [stack: 0x0000003f30500000,0x0000003f30600000] [id=13960]
  0x000001c22287d290 ConcurrentGCThread "G1 Refine#0" [stack: 0x0000003f30600000,0x0000003f30700000] [id=36228]
  0x000001c22287ea80 ConcurrentGCThread "G1 Service" [stack: 0x0000003f30700000,0x0000003f30800000] [id=37196]

Threads with active compile tasks:
C2 CompilerThread0   251573 2094       4       org.fusesource.jansi.Ansi::flushAttributes (94 bytes)

VM state: not at safepoint (normal execution)

VM Mutex/Monitor currently owned by a thread: None

Heap address: 0x00000000fc000000, size: 64 MB, Compressed Oops mode: 32-bit

CDS archive(s) mapped at: [0x000001c23d000000-0x000001c23dbd0000-0x000001c23dbd0000), size 12386304, SharedBaseAddress: 0x000001c23d000000, ArchiveRelocationMode: 1.
Compressed class space mapped at: 0x000001c23e000000-0x000001c27e000000, reserved size: 1073741824
Narrow klass base: 0x000001c23d000000, Narrow klass shift: 0, Narrow klass range: 0x100000000

GC Precious Log:
 CPUs: 20 total, 20 available
 Memory: 7911M
 Large Page Support: Disabled
 NUMA Support: Disabled
 Compressed Oops: Enabled (32-bit)
 Heap Region Size: 1M
 Heap Min Capacity: 64M
 Heap Initial Capacity: 64M
 Heap Max Capacity: 64M
 Pre-touch: Disabled
 Parallel Workers: 15
 Concurrent Workers: 4
 Concurrent Refinement Workers: 15
 Periodic GC: Disabled

Heap:
 garbage-first heap   total 65536K, used 21046K [0x00000000fc000000, 0x0000000100000000)
  region size 1024K, 15 young (15360K), 4 survivors (4096K)
 Metaspace       used 9435K, committed 9664K, reserved 1114112K
  class space    used 1223K, committed 1344K, reserved 1048576K

Heap Regions: E=young(eden), S=young(survivor), O=old, HS=humongous(starts), HC=humongous(continues), CS=collection set, F=free, OA=open archive, CA=closed archive, TAMS=top-at-mark-start (previous, next)
|   0|0x00000000fc000000, 0x00000000fc100000, 0x00000000fc100000|100%|HS|  |TAMS 0x00000000fc000000, 0x00000000fc000000| Complete 
|   1|0x00000000fc100000, 0x00000000fc200000, 0x00000000fc200000|100%|HC|  |TAMS 0x00000000fc100000, 0x00000000fc100000| Complete 
|   2|0x00000000fc200000, 0x00000000fc300000, 0x00000000fc300000|100%|HC|  |TAMS 0x00000000fc200000, 0x00000000fc200000| Complete 
|   3|0x00000000fc300000, 0x00000000fc400000, 0x00000000fc400000|100%| O|  |TAMS 0x00000000fc300000, 0x00000000fc300000| Untracked 
|   4|0x00000000fc400000, 0x00000000fc500000, 0x00000000fc500000|100%| O|  |TAMS 0x00000000fc400000, 0x00000000fc400000| Untracked 
|   5|0x00000000fc500000, 0x00000000fc600000, 0x00000000fc600000|100%| O|  |TAMS 0x00000000fc500000, 0x00000000fc500000| Untracked 
|   6|0x00000000fc600000, 0x00000000fc68da00, 0x00000000fc700000| 55%| O|  |TAMS 0x00000000fc600000, 0x00000000fc600000| Untracked 
|   7|0x00000000fc700000, 0x00000000fc700000, 0x00000000fc800000|  0%| F|  |TAMS 0x00000000fc700000, 0x00000000fc700000| Untracked 
|   8|0x00000000fc800000, 0x00000000fc800000, 0x00000000fc900000|  0%| F|  |TAMS 0x00000000fc800000, 0x00000000fc800000| Untracked 
|   9|0x00000000fc900000, 0x00000000fc900000, 0x00000000fca00000|  0%| F|  |TAMS 0x00000000fc900000, 0x00000000fc900000| Untracked 
|  10|0x00000000fca00000, 0x00000000fca00000, 0x00000000fcb00000|  0%| F|  |TAMS 0x00000000fca00000, 0x00000000fca00000| Untracked 
|  11|0x00000000fcb00000, 0x00000000fcb00000, 0x00000000fcc00000|  0%| F|  |TAMS 0x00000000fcb00000, 0x00000000fcb00000| Untracked 
|  12|0x00000000fcc00000, 0x00000000fcc00000, 0x00000000fcd00000|  0%| F|  |TAMS 0x00000000fcc00000, 0x00000000fcc00000| Untracked 
|  13|0x00000000fcd00000, 0x00000000fcd00000, 0x00000000fce00000|  0%| F|  |TAMS 0x00000000fcd00000, 0x00000000fcd00000| Untracked 
|  14|0x00000000fce00000, 0x00000000fce00000, 0x00000000fcf00000|  0%| F|  |TAMS 0x00000000fce00000, 0x00000000fce00000| Untracked 
|  15|0x00000000fcf00000, 0x00000000fcf00000, 0x00000000fd000000|  0%| F|  |TAMS 0x00000000fcf00000, 0x00000000fcf00000| Untracked 
|  16|0x00000000fd000000, 0x00000000fd000000, 0x00000000fd100000|  0%| F|  |TAMS 0x00000000fd000000, 0x00000000fd000000| Untracked 
|  17|0x00000000fd100000, 0x00000000fd100000, 0x00000000fd200000|  0%| F|  |TAMS 0x00000000fd100000, 0x00000000fd100000| Untracked 
|  18|0x00000000fd200000, 0x00000000fd200000, 0x00000000fd300000|  0%| F|  |TAMS 0x00000000fd200000, 0x00000000fd200000| Untracked 
|  19|0x00000000fd300000, 0x00000000fd300000, 0x00000000fd400000|  0%| F|  |TAMS 0x00000000fd300000, 0x00000000fd300000| Untracked 
|  20|0x00000000fd400000, 0x00000000fd400000, 0x00000000fd500000|  0%| F|  |TAMS 0x00000000fd400000, 0x00000000fd400000| Untracked 
|  21|0x00000000fd500000, 0x00000000fd500000, 0x00000000fd600000|  0%| F|  |TAMS 0x00000000fd500000, 0x00000000fd500000| Untracked 
|  22|0x00000000fd600000, 0x00000000fd600000, 0x00000000fd700000|  0%| F|  |TAMS 0x00000000fd600000, 0x00000000fd600000| Untracked 
|  23|0x00000000fd700000, 0x00000000fd700000, 0x00000000fd800000|  0%| F|  |TAMS 0x00000000fd700000, 0x00000000fd700000| Untracked 
|  24|0x00000000fd800000, 0x00000000fd800000, 0x00000000fd900000|  0%| F|  |TAMS 0x00000000fd800000, 0x00000000fd800000| Untracked 
|  25|0x00000000fd900000, 0x00000000fd900000, 0x00000000fda00000|  0%| F|  |TAMS 0x00000000fd900000, 0x00000000fd900000| Untracked 
|  26|0x00000000fda00000, 0x00000000fda00000, 0x00000000fdb00000|  0%| F|  |TAMS 0x00000000fda00000, 0x00000000fda00000| Untracked 
|  27|0x00000000fdb00000, 0x00000000fdb00000, 0x00000000fdc00000|  0%| F|  |TAMS 0x00000000fdb00000, 0x00000000fdb00000| Untracked 
|  28|0x00000000fdc00000, 0x00000000fdd00000, 0x00000000fdd00000|100%| S|CS|TAMS 0x00000000fdc00000, 0x00000000fdc00000| Complete 
|  29|0x00000000fdd00000, 0x00000000fde00000, 0x00000000fde00000|100%| S|CS|TAMS 0x00000000fdd00000, 0x00000000fdd00000| Complete 
|  30|0x00000000fde00000, 0x00000000fdf00000, 0x00000000fdf00000|100%| S|CS|TAMS 0x00000000fde00000, 0x00000000fde00000| Complete 
|  31|0x00000000fdf00000, 0x00000000fe000000, 0x00000000fe000000|100%| S|CS|TAMS 0x00000000fdf00000, 0x00000000fdf00000| Complete 
|  32|0x00000000fe000000, 0x00000000fe000000, 0x00000000fe100000|  0%| F|  |TAMS 0x00000000fe000000, 0x00000000fe000000| Untracked 
|  33|0x00000000fe100000, 0x00000000fe100000, 0x00000000fe200000|  0%| F|  |TAMS 0x00000000fe100000, 0x00000000fe100000| Untracked 
|  34|0x00000000fe200000, 0x00000000fe200000, 0x00000000fe300000|  0%| F|  |TAMS 0x00000000fe200000, 0x00000000fe200000| Untracked 
|  35|0x00000000fe300000, 0x00000000fe300000, 0x00000000fe400000|  0%| F|  |TAMS 0x00000000fe300000, 0x00000000fe300000| Untracked 
|  36|0x00000000fe400000, 0x00000000fe400000, 0x00000000fe500000|  0%| F|  |TAMS 0x00000000fe400000, 0x00000000fe400000| Untracked 
|  37|0x00000000fe500000, 0x00000000fe500000, 0x00000000fe600000|  0%| F|  |TAMS 0x00000000fe500000, 0x00000000fe500000| Untracked 
|  38|0x00000000fe600000, 0x00000000fe600000, 0x00000000fe700000|  0%| F|  |TAMS 0x00000000fe600000, 0x00000000fe600000| Untracked 
|  39|0x00000000fe700000, 0x00000000fe700000, 0x00000000fe800000|  0%| F|  |TAMS 0x00000000fe700000, 0x00000000fe700000| Untracked 
|  40|0x00000000fe800000, 0x00000000fe800000, 0x00000000fe900000|  0%| F|  |TAMS 0x00000000fe800000, 0x00000000fe800000| Untracked 
|  41|0x00000000fe900000, 0x00000000fe900000, 0x00000000fea00000|  0%| F|  |TAMS 0x00000000fe900000, 0x00000000fe900000| Untracked 
|  42|0x00000000fea00000, 0x00000000fea00000, 0x00000000feb00000|  0%| F|  |TAMS 0x00000000fea00000, 0x00000000fea00000| Untracked 
|  43|0x00000000feb00000, 0x00000000feb00000, 0x00000000fec00000|  0%| F|  |TAMS 0x00000000feb00000, 0x00000000feb00000| Untracked 
|  44|0x00000000fec00000, 0x00000000fec00000, 0x00000000fed00000|  0%| F|  |TAMS 0x00000000fec00000, 0x00000000fec00000| Untracked 
|  45|0x00000000fed00000, 0x00000000fed00000, 0x00000000fee00000|  0%| F|  |TAMS 0x00000000fed00000, 0x00000000fed00000| Untracked 
|  46|0x00000000fee00000, 0x00000000fee00000, 0x00000000fef00000|  0%| F|  |TAMS 0x00000000fee00000, 0x00000000fee00000| Untracked 
|  47|0x00000000fef00000, 0x00000000fef00000, 0x00000000ff000000|  0%| F|  |TAMS 0x00000000fef00000, 0x00000000fef00000| Untracked 
|  48|0x00000000ff000000, 0x00000000ff000000, 0x00000000ff100000|  0%| F|  |TAMS 0x00000000ff000000, 0x00000000ff000000| Untracked 
|  49|0x00000000ff100000, 0x00000000ff100000, 0x00000000ff200000|  0%| F|  |TAMS 0x00000000ff100000, 0x00000000ff100000| Untracked 
|  50|0x00000000ff200000, 0x00000000ff200000, 0x00000000ff300000|  0%| F|  |TAMS 0x00000000ff200000, 0x00000000ff200000| Untracked 
|  51|0x00000000ff300000, 0x00000000ff300000, 0x00000000ff400000|  0%| F|  |TAMS 0x00000000ff300000, 0x00000000ff300000| Untracked 
|  52|0x00000000ff400000, 0x00000000ff400000, 0x00000000ff500000|  0%| F|  |TAMS 0x00000000ff400000, 0x00000000ff400000| Untracked 
|  53|0x00000000ff500000, 0x00000000ff549f18, 0x00000000ff600000| 28%| E|  |TAMS 0x00000000ff500000, 0x00000000ff500000| Complete 
|  54|0x00000000ff600000, 0x00000000ff700000, 0x00000000ff700000|100%| E|CS|TAMS 0x00000000ff600000, 0x00000000ff600000| Complete 
|  55|0x00000000ff700000, 0x00000000ff800000, 0x00000000ff800000|100%| E|CS|TAMS 0x00000000ff700000, 0x00000000ff700000| Complete 
|  56|0x00000000ff800000, 0x00000000ff900000, 0x00000000ff900000|100%| E|CS|TAMS 0x00000000ff800000, 0x00000000ff800000| Complete 
|  57|0x00000000ff900000, 0x00000000ffa00000, 0x00000000ffa00000|100%| E|CS|TAMS 0x00000000ff900000, 0x00000000ff900000| Complete 
|  58|0x00000000ffa00000, 0x00000000ffb00000, 0x00000000ffb00000|100%| E|CS|TAMS 0x00000000ffa00000, 0x00000000ffa00000| Complete 
|  59|0x00000000ffb00000, 0x00000000ffc00000, 0x00000000ffc00000|100%| E|CS|TAMS 0x00000000ffb00000, 0x00000000ffb00000| Complete 
|  60|0x00000000ffc00000, 0x00000000ffd00000, 0x00000000ffd00000|100%| E|CS|TAMS 0x00000000ffc00000, 0x00000000ffc00000| Complete 
|  61|0x00000000ffd00000, 0x00000000ffe00000, 0x00000000ffe00000|100%| E|CS|TAMS 0x00000000ffd00000, 0x00000000ffd00000| Complete 
|  62|0x00000000ffe00000, 0x00000000fff00000, 0x00000000fff00000|100%| E|CS|TAMS 0x00000000ffe00000, 0x00000000ffe00000| Complete 
|  63|0x00000000fff00000, 0x0000000100000000, 0x0000000100000000|100%| E|CS|TAMS 0x00000000fff00000, 0x00000000fff00000| Complete 

Card table byte_map: [0x000001c220770000,0x000001c220790000] _byte_map_base: 0x000001c21ff90000

Marking Bits (Prev, Next): (CMBitMap*) 0x000001c2227f18f0, (CMBitMap*) 0x000001c2227f1930
 Prev Bits: [0x000001c239b40000, 0x000001c239c40000)
 Next Bits: [0x000001c239c40000, 0x000001c239d40000)

Polling page: 0x000001c2203a0000

Metaspace:

Usage:
  Non-class:      8.02 MB used.
      Class:      1.19 MB used.
       Both:      9.21 MB used.

Virtual space:
  Non-class space:       64.00 MB reserved,       8.12 MB ( 13%) committed,  1 nodes.
      Class space:        1.00 GB reserved,       1.31 MB ( <1%) committed,  1 nodes.
             Both:        1.06 GB reserved,       9.44 MB ( <1%) committed. 

Chunk freelists:
   Non-Class:  7.66 MB
       Class:  14.52 MB
        Both:  22.17 MB

MaxMetaspaceSize: unlimited
CompressedClassSpaceSize: 1.00 GB
Initial GC threshold: 21.00 MB
Current GC threshold: 21.00 MB
CDS: on
MetaspaceReclaimPolicy: balanced
 - commit_granule_bytes: 65536.
 - commit_granule_words: 8192.
 - virtual_space_node_default_size: 8388608.
 - enlarge_chunks_in_place: 1.
 - new_chunks_are_fully_committed: 0.
 - uncommit_free_chunks: 1.
 - use_allocation_guard: 0.
 - handle_deallocations: 1.


Internal statistics:

num_allocs_failed_limit: 0.
num_arena_births: 70.
num_arena_deaths: 0.
num_vsnodes_births: 2.
num_vsnodes_deaths: 0.
num_space_committed: 151.
num_space_uncommitted: 0.
num_chunks_returned_to_freelist: 0.
num_chunks_taken_from_freelist: 328.
num_chunk_merges: 0.
num_chunk_splits: 214.
num_chunks_enlarged: 182.
num_inconsistent_stats: 0.

CodeHeap 'non-profiled nmethods': size=119168Kb used=848Kb max_used=848Kb free=118319Kb
 bounds [0x000001c231c40000, 0x000001c231eb0000, 0x000001c2390a0000]
CodeHeap 'profiled nmethods': size=119104Kb used=3959Kb max_used=3959Kb free=115144Kb
 bounds [0x000001c22a0a0000, 0x000001c22a480000, 0x000001c2314f0000]
CodeHeap 'non-nmethods': size=7488Kb used=1171Kb max_used=2877Kb free=6316Kb
 bounds [0x000001c2314f0000, 0x000001c2317d0000, 0x000001c231c40000]
 total_blobs=2540 nmethods=2079 adapters=373
 compilation: enabled
              stopped_count=0, restarted_count=0
 full_count=0

Compilation events (20 events):
Event: 215.787 Thread 0x000001c23ceb3e50 nmethod 2084 0x000001c231d04910 code [0x000001c231d04ec0, 0x000001c231d0b738]
Event: 219.961 Thread 0x000001c23ceb6820 2085       3       org.gradle.internal.logging.console.DefaultColorMap$CompositeColor::on (40 bytes)
Event: 219.975 Thread 0x000001c23ceb6820 nmethod 2085 0x000001c22a478c10 code [0x000001c22a478e00, 0x000001c22a4793f8]
Event: 219.975 Thread 0x000001c23ceb6820 2087       3       org.gradle.internal.logging.console.DefaultColorMap$CompositeColor::off (43 bytes)
Event: 219.982 Thread 0x000001c23ceb6820 nmethod 2087 0x000001c22a479590 code [0x000001c22a479780, 0x000001c22a479da8]
Event: 219.982 Thread 0x000001c23ceb6820 2086       3       org.gradle.internal.logging.console.DefaultColorMap$ForegroundColor::on (10 bytes)
Event: 219.987 Thread 0x000001c23ceb6820 nmethod 2086 0x000001c22a479f90 code [0x000001c22a47a180, 0x000001c22a47a7d8]
Event: 219.987 Thread 0x000001c23ceb6820 2088       3       com.google.common.collect.Lists::reverse (59 bytes)
Event: 220.000 Thread 0x000001c23ceb6820 nmethod 2088 0x000001c22a47aa90 code [0x000001c22a47ad60, 0x000001c22a47c1a8]
Event: 220.000 Thread 0x000001c23ceb6820 2089       3       com.google.common.collect.Lists$RandomAccessReverseList::<init> (6 bytes)
Event: 220.000 Thread 0x000001c23ceb6820 nmethod 2089 0x000001c22a47c610 code [0x000001c22a47c800, 0x000001c22a47cd68]
Event: 220.000 Thread 0x000001c23ceb6820 2090       3       com.google.common.collect.Lists$ReverseList::<init> (16 bytes)
Event: 220.001 Thread 0x000001c23ceb6820 nmethod 2090 0x000001c22a47cf10 code [0x000001c22a47d0e0, 0x000001c22a47d5e8]
Event: 220.001 Thread 0x000001c23ceb6820 2091       3       com.google.common.collect.Lists$ReverseList::iterator (5 bytes)
Event: 220.001 Thread 0x000001c23ceb6820 nmethod 2091 0x000001c22a47d790 code [0x000001c22a47d940, 0x000001c22a47dbe8]
Event: 221.919 Thread 0x000001c23ceb3e50 2092       4       java.lang.Integer::valueOf (32 bytes)
Event: 222.245 Thread 0x000001c23ceb3e50 nmethod 2092 0x000001c231d10b90 code [0x000001c231d10d20, 0x000001c231d10df8]
Event: 229.189 Thread 0x000001c23ceb3e50 2093       4       org.gradle.internal.logging.console.MultiLineBuildProgressArea::redraw (203 bytes)
Event: 229.259 Thread 0x000001c23ceb3e50 nmethod 2093 0x000001c231d10e90 code [0x000001c231d11220, 0x000001c231d129b8]
Event: 248.359 Thread 0x000001c23ceb3e50 2094       4       org.fusesource.jansi.Ansi::flushAttributes (94 bytes)

GC Heap History (4 events):
Event: 0.539 GC heap before
{Heap before GC invocations=0 (full 0):
 garbage-first heap   total 65536K, used 22528K [0x00000000fc000000, 0x0000000100000000)
  region size 1024K, 23 young (23552K), 0 survivors (0K)
 Metaspace       used 1757K, committed 1856K, reserved 1114112K
  class space    used 157K, committed 192K, reserved 1048576K
}
Event: 0.543 GC heap after
{Heap after GC invocations=1 (full 0):
 garbage-first heap   total 65536K, used 1984K [0x00000000fc000000, 0x0000000100000000)
  region size 1024K, 2 young (2048K), 2 survivors (2048K)
 Metaspace       used 1757K, committed 1856K, reserved 1114112K
  class space    used 157K, committed 192K, reserved 1048576K
}
Event: 1.176 GC heap before
{Heap before GC invocations=1 (full 0):
 garbage-first heap   total 65536K, used 35776K [0x00000000fc000000, 0x0000000100000000)
  region size 1024K, 32 young (32768K), 2 survivors (2048K)
 Metaspace       used 7607K, committed 7744K, reserved 1114112K
  class space    used 1033K, committed 1088K, reserved 1048576K
}
Event: 1.181 GC heap after
{Heap after GC invocations=2 (full 0):
 garbage-first heap   total 65536K, used 10806K [0x00000000fc000000, 0x0000000100000000)
  region size 1024K, 4 young (4096K), 4 survivors (4096K)
 Metaspace       used 7607K, committed 7744K, reserved 1114112K
  class space    used 1033K, committed 1088K, reserved 1048576K
}

Deoptimization events (20 events):
Event: 1.297 Thread 0x000001c2227d0920 Uncommon trap: trap_request=0xffffffde fr.pc=0x000001c231c7c774 relative=0x0000000000000074
Event: 1.297 Thread 0x000001c2227d0920 Uncommon trap: reason=class_check action=maybe_recompile pc=0x000001c231c7c774 method=java.util.AbstractList$Itr.hasNext()Z @ 8 c2
Event: 1.297 Thread 0x000001c2227d0920 DEOPT PACKING pc=0x000001c231c7c774 sp=0x0000003f302fc170
Event: 1.297 Thread 0x000001c2227d0920 DEOPT UNPACKING pc=0x000001c2315423a3 sp=0x0000003f302fc108 mode 2
Event: 1.297 Thread 0x000001c2227d0920 Uncommon trap: trap_request=0xffffffde fr.pc=0x000001c231c7cad4 relative=0x00000000000000b4
Event: 1.297 Thread 0x000001c2227d0920 Uncommon trap: reason=class_check action=maybe_recompile pc=0x000001c231c7cad4 method=java.util.AbstractList$Itr.next()Ljava/lang/Object; @ 14 c2
Event: 1.297 Thread 0x000001c2227d0920 DEOPT PACKING pc=0x000001c231c7cad4 sp=0x0000003f302fc160
Event: 1.297 Thread 0x000001c2227d0920 DEOPT UNPACKING pc=0x000001c2315423a3 sp=0x0000003f302fc0f8 mode 2
Event: 1.304 Thread 0x000001c2227d0920 Uncommon trap: trap_request=0xffffff45 fr.pc=0x000001c231cda11c relative=0x000000000000015c
Event: 1.304 Thread 0x000001c2227d0920 Uncommon trap: reason=unstable_if action=reinterpret pc=0x000001c231cda11c method=java.lang.invoke.VarHandle.checkExactAccessMode(Ljava/lang/invoke/VarHandle$AccessDescriptor;)V @ 4 c2
Event: 1.304 Thread 0x000001c2227d0920 DEOPT PACKING pc=0x000001c231cda11c sp=0x0000003f302fd0c0
Event: 1.304 Thread 0x000001c2227d0920 DEOPT UNPACKING pc=0x000001c2315423a3 sp=0x0000003f302fd000 mode 2
Event: 1.309 Thread 0x000001c2227d0920 Uncommon trap: trap_request=0xffffffde fr.pc=0x000001c231c7c774 relative=0x0000000000000074
Event: 1.309 Thread 0x000001c2227d0920 Uncommon trap: reason=class_check action=maybe_recompile pc=0x000001c231c7c774 method=java.util.AbstractList$Itr.hasNext()Z @ 8 c2
Event: 1.309 Thread 0x000001c2227d0920 DEOPT PACKING pc=0x000001c231c7c774 sp=0x0000003f302fd1a0
Event: 1.309 Thread 0x000001c2227d0920 DEOPT UNPACKING pc=0x000001c2315423a3 sp=0x0000003f302fd138 mode 2
Event: 4.651 Thread 0x000001c27eff1030 Uncommon trap: trap_request=0xffffffde fr.pc=0x000001c231c7cad4 relative=0x00000000000000b4
Event: 4.651 Thread 0x000001c27eff1030 Uncommon trap: reason=class_check action=maybe_recompile pc=0x000001c231c7cad4 method=java.util.AbstractList$Itr.next()Ljava/lang/Object; @ 14 c2
Event: 4.651 Thread 0x000001c27eff1030 DEOPT PACKING pc=0x000001c231c7cad4 sp=0x0000003f31cfea30
Event: 4.651 Thread 0x000001c27eff1030 DEOPT UNPACKING pc=0x000001c2315423a3 sp=0x0000003f31cfe9c8 mode 2

Classes unloaded (0 events):
No events

Classes redefined (0 events):
No events

Internal exceptions (20 events):
Event: 0.259 Thread 0x000001c2227d0920 Exception <a 'java/lang/NoSuchMethodError'{0x00000000ffc02500}: 'int java.lang.invoke.DirectMethodHandle$Holder.invokeStaticInit(java.lang.Object, java.lang.Object)'> (0x00000000ffc02500) 
thrown [s\open\src\hotspot\share\interpreter\linkResolver.cpp, line 759]
Event: 0.804 Thread 0x000001c2227d0920 Exception <a 'java/lang/NoSuchMethodError'{0x00000000ff4a1698}: 'int java.lang.invoke.DirectMethodHandle$Holder.invokeStatic(java.lang.Object, java.lang.Object, int)'> (0x00000000ff4a1698) 
thrown [s\open\src\hotspot\share\interpreter\linkResolver.cpp, line 759]
Event: 0.875 Thread 0x000001c2227d0920 Exception <a 'java/lang/NoSuchMethodError'{0x00000000ff04a2d0}: 'java.lang.Object java.lang.invoke.DirectMethodHandle$Holder.invokeStaticInit(java.lang.Object)'> (0x00000000ff04a2d0) 
thrown [s\open\src\hotspot\share\interpreter\linkResolver.cpp, line 759]
Event: 0.887 Thread 0x000001c2227d0920 Exception <a 'java/lang/NoSuchMethodError'{0x00000000ff064f98}: 'int java.lang.invoke.DirectMethodHandle$Holder.invokeSpecial(java.lang.Object, java.lang.Object, java.lang.Object)'> (0x00000000ff064f98) 
thrown [s\open\src\hotspot\share\interpreter\linkResolver.cpp, line 759]
Event: 0.891 Thread 0x000001c2227d0920 Exception <a 'java/lang/NoSuchMethodError'{0x00000000ff0a3150}: 'void java.lang.invoke.DirectMethodHandle$Holder.invokeStatic(java.lang.Object, java.lang.Object)'> (0x00000000ff0a3150) 
thrown [s\open\src\hotspot\share\interpreter\linkResolver.cpp, line 759]
Event: 0.892 Thread 0x000001c2227d0920 Implicit null exception at 0x000001c231caf40a to 0x000001c231caf940
Event: 0.918 Thread 0x000001c2227d0920 Exception <a 'java/lang/NoSuchMethodError'{0x00000000fee50c58}: 'java.lang.Object java.lang.invoke.Invokers$Holder.invoker(java.lang.Object, java.lang.Object, java.lang.Object)'> (0x00000000fee50c58) 
thrown [s\open\src\hotspot\share\interpreter\linkResolver.cpp, line 759]
Event: 0.919 Thread 0x000001c2227d0920 Exception <a 'java/lang/NoSuchMethodError'{0x00000000fee59db0}: 'java.lang.Object java.lang.invoke.DirectMethodHandle$Holder.invokeStatic(java.lang.Object, java.lang.Object, int)'> (0x00000000fee59db0) 
thrown [s\open\src\hotspot\share\interpreter\linkResolver.cpp, line 759]
Event: 0.920 Thread 0x000001c2227d0920 Exception <a 'java/lang/NoSuchMethodError'{0x00000000fee65aa0}: 'void java.lang.invoke.DelegatingMethodHandle$Holder.delegate(java.lang.Object, java.lang.Object, int, java.lang.Object)'> (0x00000000fee65aa0) 
thrown [s\open\src\hotspot\share\interpreter\linkResolver.cpp, line 759]
Event: 0.921 Thread 0x000001c2227d0920 Exception <a 'java/lang/NoSuchMethodError'{0x00000000fee790e8}: 'java.lang.Object java.lang.invoke.Invokers$Holder.invokeExact_MT(java.lang.Object, java.lang.Object, java.lang.Object, java.lang.Object)'> (0x00000000fee790e8) 
thrown [s\open\src\hotspot\share\interpreter\linkResolver.cpp, line 759]
Event: 0.926 Thread 0x000001c2227d0920 Exception <a 'java/lang/NoSuchMethodError'{0x00000000feea8b90}: 'java.lang.Object java.lang.invoke.DirectMethodHandle$Holder.invokeVirtual(java.lang.Object, java.lang.Object, java.lang.Object)'> (0x00000000feea8b90) 
thrown [s\open\src\hotspot\share\interpreter\linkResolver.cpp, line 759]
Event: 0.971 Thread 0x000001c2227d0920 Exception <a 'java/lang/NoSuchMethodError'{0x00000000fea69638}: 'java.lang.Object java.lang.invoke.DirectMethodHandle$Holder.newInvokeSpecial(java.lang.Object, java.lang.Object, java.lang.Object, java.lang.Object, java.lang.Object)'> (0x00000000fea69638) 
thrown [s\open\src\hotspot\share\interpreter\linkResolver.cpp, line 759]
Event: 0.985 Thread 0x000001c2227d0920 Exception <a 'java/lang/NoSuchMethodError'{0x00000000fe9a0cd0}: 'void java.lang.invoke.DirectMethodHandle$Holder.invokeSpecial(java.lang.Object, java.lang.Object, java.lang.Object)'> (0x00000000fe9a0cd0) 
thrown [s\open\src\hotspot\share\interpreter\linkResolver.cpp, line 759]
Event: 0.987 Thread 0x000001c2227d0920 Implicit null exception at 0x000001c231c8b68f to 0x000001c231c8bbbc
Event: 0.992 Thread 0x000001c2227d0920 Implicit null exception at 0x000001c231c7220f to 0x000001c231c72289
Event: 1.124 Thread 0x000001c2227d0920 Exception <a 'java/lang/NoSuchMethodError'{0x00000000fe5bbe38}: 'void java.lang.invoke.DirectMethodHandle$Holder.invokeStatic(java.lang.Object, java.lang.Object, java.lang.Object)'> (0x00000000fe5bbe38) 
thrown [s\open\src\hotspot\share\interpreter\linkResolver.cpp, line 759]
Event: 1.187 Thread 0x000001c2227d0920 Exception <a 'java/lang/NoSuchMethodError'{0x00000000fff46ab0}: 'java.lang.Object java.lang.invoke.DirectMethodHandle$Holder.invokeStaticInit(java.lang.Object, int, int, int, int)'> (0x00000000fff46ab0) 
thrown [s\open\src\hotspot\share\interpreter\linkResolver.cpp, line 759]
Event: 1.245 Thread 0x000001c2227d0920 Exception <a 'java/lang/NoSuchMethodError'{0x00000000ffe8caa8}: 'java.lang.Object java.lang.invoke.DirectMethodHandle$Holder.invokeStaticInit(java.lang.Object, java.lang.Object, int, int, int, int)'> (0x00000000ffe8caa8) 
thrown [s\open\src\hotspot\share\interpreter\linkResolver.cpp, line 759]
Event: 1.257 Thread 0x000001c2227d0920 Implicit null exception at 0x000001c231c8a6f2 to 0x000001c231c8acc8
Event: 1.259 Thread 0x000001c2227d0920 Implicit null exception at 0x000001c231c923f2 to 0x000001c231c929d8

VM Operations (20 events):
Event: 128.269 Executing VM operation: Cleanup
Event: 128.269 Executing VM operation: Cleanup done
Event: 131.288 Executing VM operation: Cleanup
Event: 131.288 Executing VM operation: Cleanup done
Event: 152.492 Executing VM operation: Cleanup
Event: 152.503 Executing VM operation: Cleanup done
Event: 157.547 Executing VM operation: Cleanup
Event: 157.547 Executing VM operation: Cleanup done
Event: 190.856 Executing VM operation: Cleanup
Event: 190.859 Executing VM operation: Cleanup done
Event: 204.993 Executing VM operation: Cleanup
Event: 204.993 Executing VM operation: Cleanup done
Event: 211.058 Executing VM operation: Cleanup
Event: 211.059 Executing VM operation: Cleanup done
Event: 213.075 Executing VM operation: Cleanup
Event: 213.075 Executing VM operation: Cleanup done
Event: 221.142 Executing VM operation: Cleanup
Event: 221.147 Executing VM operation: Cleanup done
Event: 230.236 Executing VM operation: Cleanup
Event: 230.244 Executing VM operation: Cleanup done

Events (20 events):
Event: 1.309 loading class java/nio/channels/spi/AbstractSelector$1
Event: 1.310 loading class java/nio/channels/spi/AbstractSelector$1 done
Event: 1.422 loading class java/util/concurrent/Executors$FinalizableDelegatedExecutorService
Event: 1.422 loading class java/util/concurrent/Executors$FinalizableDelegatedExecutorService done
Event: 1.759 Thread 0x000001c27f481710 Thread exited: 0x000001c27f481710
Event: 1.852 Thread 0x000001c27ed09010 Thread exited: 0x000001c27ed09010
Event: 1.852 Thread 0x000001c23ce70010 Thread exited: 0x000001c23ce70010
Event: 1.852 Thread 0x000001c27ed09530 Thread exited: 0x000001c27ed09530
Event: 4.651 loading class java/util/AbstractList$ListItr
Event: 4.651 loading class java/util/AbstractList$ListItr done
Event: 24.256 loading class java/util/ArrayList$ListItr
Event: 24.257 loading class java/util/ArrayList$ListItr done
Event: 26.353 Thread 0x000001c23cf36490 Thread added: 0x000001c23cf36490
Event: 26.354 Thread 0x000001c23cf36d80 Thread added: 0x000001c23cf36d80
Event: 26.354 Thread 0x000001c27f1d4bb0 Thread added: 0x000001c27f1d4bb0
Event: 27.159 Thread 0x000001c27f1d4bb0 Thread exited: 0x000001c27f1d4bb0
Event: 27.453 Thread 0x000001c23cf36d80 Thread exited: 0x000001c23cf36d80
Event: 28.417 Thread 0x000001c23cf36490 Thread exited: 0x000001c23cf36490
Event: 39.262 Thread 0x000001c27ed95590 Thread added: 0x000001c27ed95590
Event: 42.163 Thread 0x000001c27ed95590 Thread exited: 0x000001c27ed95590


Dynamic libraries:
0x00007ff6993a0000 - 0x00007ff6993b0000 	C:\Program Files\Java\jdk-17\bin\java.exe
0x00007ff961580000 - 0x00007ff9617e7000 	C:\WINDOWS\SYSTEM32\ntdll.dll
0x00007ff960eb0000 - 0x00007ff960f79000 	C:\WINDOWS\System32\KERNEL32.DLL
0x00007ff95ee60000 - 0x00007ff95f254000 	C:\WINDOWS\System32\KERNELBASE.dll
0x00007ff95ed10000 - 0x00007ff95ee5b000 	C:\WINDOWS\System32\ucrtbase.dll
0x00007ff957600000 - 0x00007ff957619000 	C:\Program Files\Java\jdk-17\bin\jli.dll
0x00007ff9575e0000 - 0x00007ff9575fb000 	C:\Program Files\Java\jdk-17\bin\VCRUNTIME140.dll
0x00007ff95fd10000 - 0x00007ff95fdc6000 	C:\WINDOWS\System32\ADVAPI32.dll
0x00007ff95f510000 - 0x00007ff95f5b9000 	C:\WINDOWS\System32\msvcrt.dll
0x00007ff9612f0000 - 0x00007ff961397000 	C:\WINDOWS\System32\sechost.dll
0x00007ff95ffd0000 - 0x00007ff9600e8000 	C:\WINDOWS\System32\RPCRT4.dll
0x00007ff95f7b0000 - 0x00007ff95f975000 	C:\WINDOWS\System32\USER32.dll
0x00007ff95ece0000 - 0x00007ff95ed07000 	C:\WINDOWS\System32\win32u.dll
0x00007ff960580000 - 0x00007ff9605ab000 	C:\WINDOWS\System32\GDI32.dll
0x00007ff95ebb0000 - 0x00007ff95ecdb000 	C:\WINDOWS\System32\gdi32full.dll
0x00007ff93a180000 - 0x00007ff93a413000 	C:\WINDOWS\WinSxS\amd64_microsoft.windows.common-controls_6595b64144ccf1df_6.0.26100.8115_none_3e075c82e3354f9c\COMCTL32.dll
0x00007ff95f260000 - 0x00007ff95f303000 	C:\WINDOWS\System32\msvcp_win.dll
0x00007ff956fe0000 - 0x00007ff956feb000 	C:\WINDOWS\SYSTEM32\VERSION.dll
0x00007ff9613a0000 - 0x00007ff9613d2000 	C:\WINDOWS\System32\IMM32.DLL
0x00007ff9575d0000 - 0x00007ff9575dc000 	C:\Program Files\Java\jdk-17\bin\vcruntime140_1.dll
0x00007ff957540000 - 0x00007ff9575ce000 	C:\Program Files\Java\jdk-17\bin\msvcp140.dll
0x00007ff8b36b0000 - 0x00007ff8b4291000 	C:\Program Files\Java\jdk-17\bin\server\jvm.dll
0x00007ff960f80000 - 0x00007ff960f88000 	C:\WINDOWS\System32\PSAPI.DLL
0x00007ff92bae0000 - 0x00007ff92baea000 	C:\WINDOWS\SYSTEM32\WSOCK32.dll
0x00007ff948a80000 - 0x00007ff948ab6000 	C:\WINDOWS\SYSTEM32\WINMM.dll
0x00007ff9614b0000 - 0x00007ff961530000 	C:\WINDOWS\System32\WS2_32.dll
0x00007ff95cb10000 - 0x00007ff95cb2b000 	C:\WINDOWS\SYSTEM32\kernel.appcore.dll
0x00007ff9542e0000 - 0x00007ff9542ea000 	C:\Program Files\Java\jdk-17\bin\jimage.dll
0x00007ff95be10000 - 0x00007ff95c052000 	C:\WINDOWS\SYSTEM32\DBGHELP.DLL
0x00007ff95f980000 - 0x00007ff95fd02000 	C:\WINDOWS\System32\combase.dll
0x00007ff9605b0000 - 0x00007ff960688000 	C:\WINDOWS\System32\OLEAUT32.dll
0x00007ff932a30000 - 0x00007ff932a6b000 	C:\WINDOWS\SYSTEM32\dbgcore.DLL
0x00007ff95e750000 - 0x00007ff95e7f5000 	C:\WINDOWS\System32\bcryptPrimitives.dll
0x00007ff94fc20000 - 0x00007ff94fc45000 	C:\Program Files\Java\jdk-17\bin\java.dll
0x00007ff916850000 - 0x00007ff916927000 	C:\Program Files\Java\jdk-17\bin\jsvml.dll
0x00007ff960740000 - 0x00007ff960ea7000 	C:\WINDOWS\System32\SHELL32.dll
0x00007ff95e800000 - 0x00007ff95e96a000 	C:\WINDOWS\System32\wintypes.dll
0x00007ff95dee0000 - 0x00007ff95e748000 	C:\WINDOWS\System32\windows.storage.dll
0x00007ff95f410000 - 0x00007ff95f508000 	C:\WINDOWS\System32\SHCORE.dll
0x00007ff961280000 - 0x00007ff9612e6000 	C:\WINDOWS\System32\shlwapi.dll
0x00007ff95dd70000 - 0x00007ff95dd99000 	C:\WINDOWS\SYSTEM32\profapi.dll
0x00007ff952640000 - 0x00007ff952659000 	C:\Program Files\Java\jdk-17\bin\net.dll
0x00007ff956e80000 - 0x00007ff956fad000 	C:\WINDOWS\SYSTEM32\WINHTTP.dll
0x00007ff95d130000 - 0x00007ff95d19c000 	C:\WINDOWS\system32\mswsock.dll
0x00007ff94fe60000 - 0x00007ff94fe76000 	C:\Program Files\Java\jdk-17\bin\nio.dll
0x00007ff94fc90000 - 0x00007ff94fca8000 	C:\Program Files\Java\jdk-17\bin\zip.dll
0x00007ff950240000 - 0x00007ff95024a000 	C:\Program Files\Java\jdk-17\bin\management.dll
0x00007ff94fc10000 - 0x00007ff94fc1b000 	C:\Program Files\Java\jdk-17\bin\management_ext.dll
0x00007ff94fc00000 - 0x00007ff94fc10000 	C:\Program Files\Java\jdk-17\bin\verify.dll
0x00007ff8a37d0000 - 0x00007ff8a37f7000 	C:\Users\jibri\.gradle\native\1def1411415f61bf3af743bc5b6707747c0891f09f0c88961ee8f79bc544acac\windows-amd64\native-platform.dll
0x00007ff923ad0000 - 0x00007ff923ada000 	C:\Users\jibri\.gradle\native\jansi\1.18\windows64\jansi.dll
0x00007ff95c580000 - 0x00007ff95c5b2000 	C:\WINDOWS\SYSTEM32\IPHLPAPI.DLL
0x00007ff95ffc0000 - 0x00007ff95ffca000 	C:\WINDOWS\System32\NSI.dll
0x00007ff957020000 - 0x00007ff95703d000 	C:\WINDOWS\SYSTEM32\dhcpcsvc6.DLL
0x00007ff956ff0000 - 0x00007ff957015000 	C:\WINDOWS\SYSTEM32\dhcpcsvc.DLL
0x00007ff95c670000 - 0x00007ff95c7a2000 	C:\WINDOWS\SYSTEM32\DNSAPI.dll
0x00007ff95d430000 - 0x00007ff95d44b000 	C:\WINDOWS\SYSTEM32\CRYPTSP.dll
0x00007ff95cb30000 - 0x00007ff95cb69000 	C:\WINDOWS\system32\rsaenh.dll
0x00007ff95d200000 - 0x00007ff95d233000 	C:\WINDOWS\SYSTEM32\USERENV.dll
0x00007ff95dd40000 - 0x00007ff95dd6a000 	C:\WINDOWS\SYSTEM32\bcrypt.dll
0x00007ff95d450000 - 0x00007ff95d45c000 	C:\WINDOWS\SYSTEM32\CRYPTBASE.dll
0x00007ff94fbf0000 - 0x00007ff94fbfe000 	C:\Program Files\Java\jdk-17\bin\sunmscapi.dll
0x00007ff95e970000 - 0x00007ff95eae7000 	C:\WINDOWS\System32\CRYPT32.dll
0x00007ff95d650000 - 0x00007ff95d680000 	C:\WINDOWS\SYSTEM32\ncrypt.dll
0x00007ff95d600000 - 0x00007ff95d63f000 	C:\WINDOWS\SYSTEM32\NTASN1.dll
0x00007ff9329b0000 - 0x00007ff9329b8000 	C:\WINDOWS\system32\wshunix.dll

dbghelp: loaded successfully - version: 4.0.5 - missing functions: none
symbol engine: initialized successfully - sym options: 0x614 - pdb path: .;C:\Program Files\Java\jdk-17\bin;C:\WINDOWS\SYSTEM32;C:\WINDOWS\WinSxS\amd64_microsoft.windows.common-controls_6595b64144ccf1df_6.0.26100.8115_none_3e075c82e3354f9c;C:\Program Files\Java\jdk-17\bin\server;C:\Users\jibri\.gradle\native\1def1411415f61bf3af743bc5b6707747c0891f09f0c88961ee8f79bc544acac\windows-amd64;C:\Users\jibri\.gradle\native\jansi\1.18\windows64

VM Arguments:
jvm_args: -Xmx64m -Xms64m -Dorg.gradle.appname=gradlew 
java_command: C:\rubi_web\CISC_Capstone\MiscueReading\android\\gradle\wrapper\gradle-wrapper.jar app:installDebug -PreactNativeDevServerPort=8081
java_class_path (initial): C:\rubi_web\CISC_Capstone\MiscueReading\android\\gradle\wrapper\gradle-wrapper.jar
Launcher Type: SUN_STANDARD

[Global flags]
     intx CICompilerCount                          = 12                                        {product} {ergonomic}
     uint ConcGCThreads                            = 4                                         {product} {ergonomic}
     uint G1ConcRefinementThreads                  = 15                                        {product} {ergonomic}
   size_t G1HeapRegionSize                         = 1048576                                   {product} {ergonomic}
    uintx GCDrainStackTargetSize                   = 64                                        {product} {ergonomic}
   size_t InitialHeapSize                          = 67108864                                  {product} {command line}
   size_t MarkStackSize                            = 4194304                                   {product} {ergonomic}
   size_t MaxHeapSize                              = 67108864                                  {product} {command line}
   size_t MaxNewSize                               = 39845888                                  {product} {ergonomic}
   size_t MinHeapDeltaBytes                        = 1048576                                   {product} {ergonomic}
   size_t MinHeapSize                              = 67108864                                  {product} {command line}
    uintx NonNMethodCodeHeapSize                   = 7602480                                {pd product} {ergonomic}
    uintx NonProfiledCodeHeapSize                  = 122027880                              {pd product} {ergonomic}
    uintx ProfiledCodeHeapSize                     = 122027880                              {pd product} {ergonomic}
    uintx ReservedCodeCacheSize                    = 251658240                              {pd product} {ergonomic}
     bool SegmentedCodeCache                       = true                                      {product} {ergonomic}
   size_t SoftMaxHeapSize                          = 67108864                               {manageable} {ergonomic}
     bool UseCompressedClassPointers               = true                           {product lp64_product} {ergonomic}
     bool UseCompressedOops                        = true                           {product lp64_product} {ergonomic}
     bool UseG1GC                                  = true                                      {product} {ergonomic}
     bool UseLargePagesIndividualAllocation        = false                                  {pd product} {ergonomic}

Logging:
Log output configuration:
 #0: stdout all=warning uptime,level,tags
 #1: stderr all=off uptime,level,tags

Environment Variables:
JAVA_HOME=C:\Program Files\Java\jdk-17
PATH=C:\rubi_web\CISC_Capstone\MiscueReading\node_modules\.bin;C:\rubi_web\CISC_Capstone\node_modules\.bin;C:\rubi_web\node_modules\.bin;C:\node_modules\.bin;C:\Users\jibri\CONFIG~1\herd\bin\nvm\v22.9.0\node_modules\npm\node_modules\@npmcli\run-script\lib\node-gyp-bin;C:\Users\jibri\bin;C:\Program Files\Git\mingw64\bin;C:\Program Files\Git\usr\local\bin;C:\Program Files\Git\usr\bin;C:\Program Files\Git\usr\bin;C:\Program Files\Git\mingw64\bin;C:\Program Files\Git\usr\bin;C:\Users\jibri\bin;C:\Program Files\Microsoft\jdk-17.0.16.8-hotspot\bin;C:\ProgramData\Oracle\Java\javapath;C:\Program Files\NVIDIA GPU Computing Toolkit\CUDA\v12.8\bin;C:\Program Files\NVIDIA GPU Computing Toolkit\CUDA\v12.8\libnvvp;C:\Program Files\Common Files\Oracle\Java\javapath;C:\PHP\phpoldversion;C:\Windows\system32;C:\Windows;C:\Windows\System32\Wbem;C:\Windows\System32\WindowsPowerShell\v1.0;C:\Windows\System32\OpenSSH;C:\Program Files (x86)\NVIDIA Corporation\PhysX\Common;C:\Program Files\Microsoft SQL Server\150\Tools\Binn;C:\Program Files\Microsoft SQL Server\Client SDK\ODBC\170\Tools\Binn;C:\ProgramData\ComposerSetup\bin;C:\Users\jibri\.config\herd\bin\nvm;C:\Program Files\nodejs;C:\Program Files\Java\jdk-17\bin;C:\xampp\php;C:\WINDOWS\system32;C:\WINDOWS;C:\WINDOWS\System32\Wbem;C:\WINDOWS\System32\WindowsPowerShell\v1.0;C:\WINDOWS\System32\OpenSSH;C:\Program Files\nodejs;C:\Program Files\Git\cmd;C:\Program Files\Git\usr\bin;C:\Users\jibri\AppData\Local\Pub\Cache\bin;C:\Program Files\NVIDIA Corporation\NVIDIA app\NvDLISR;C:\Program Files\heroku\bin;C:\Program Files\NVIDIA Corporation\Nsight Compute 2025.1.1;C:\ProgramData\chocolatey\bin;C:\Users\jibri\AppData\Local\Programs\Python\Python310\Scripts;C:\Program Files\dotnet;C:\Program Files (x86)\Windows Kits\10\Windows Performance Toolkit;C:\Users\jibri\AppData\Local\Android\Sdk\platform-tools;C:\Program Files\Docker\Docker\resources\bin;C:\Program Files\MySQL\MySQL Shell 8.0\bin;C:\Users\jibri\AppData\Local\Programs\Python\Python310\Scri
USERNAME=jibri
SHELL=C:\Program Files\Git\usr\bin\bash.exe
DISPLAY=needs-to-be-defined
LANG=en_US.UTF-8
OS=Windows_NT
PROCESSOR_IDENTIFIER=Intel64 Family 6 Model 191 Stepping 2, GenuineIntel



---------------  S Y S T E M  ---------------

OS:
 Windows 11 , 64 bit Build 26100 (10.0.26100.8246)
OS uptime: 0 days 4:07 hours
Hyper-V role detected

CPU: total 20 (initial active 20) (10 cores per cpu, 2 threads per core) family 6 model 191 stepping 2 microcode 0x2c, cx8, cmov, fxsr, ht, mmx, 3dnowpref, sse, sse2, sse3, ssse3, sse4.1, sse4.2, popcnt, lzcnt, tsc, tscinvbit, avx, avx2, aes, erms, clmul, bmi1, bmi2, adx, sha, fma, vzeroupper, clflush, clflushopt, clwb, hv

Memory: 4k page, system-wide physical 7911M (420M free)
TotalPageFile size 32487M (AvailPageFile size 0M)
current process WorkingSet (physical memory assigned to process): 16M, peak: 109M
current process commit charge ("private bytes"): 182M, peak: 202M

vm_info: Java HotSpot(TM) 64-Bit Server VM (17.0.14+8-LTS-191) for windows-amd64 JRE (17.0.14+8-LTS-191), built on Dec  3 2024 11:07:59 by "mach5one" with MS VC++ 17.6 (VS2022)

END.
