#
# There is insufficient memory for the Java Runtime Environment to continue.
# Native memory allocation (mmap) failed to map 67108864 bytes for G1 virtual space
# Possible reasons:
#   The system is out of physical RAM or swap space
#   The process is running with CompressedOops enabled, and the Java Heap may be blocking the growth of the native heap
# Possible solutions:
#   Reduce memory load on the system
#   Increase physical memory or swap space
#   Check if swap backing store is full
#   Decrease Java heap size (-Xmx/-Xms)
#   Decrease number of Java threads
#   Decrease Java thread stack sizes (-Xss)
#   Set larger code cache with -XX:ReservedCodeCacheSize=
#   JVM is running with Unscaled Compressed Oops mode in which the Java heap is
#     placed in the first 4GB address space. The Java Heap base address is the
#     maximum limit for the native heap growth. Please use -XX:HeapBaseMinAddress
#     to set the Java Heap base and to place the Java Heap above 4GB virtual address.
# This output file may be truncated or incomplete.
#
#  Out of Memory Error (os_windows.cpp:3551), pid=27128, tid=20816
#
# JRE version:  (17.0.14+8) (build )
# Java VM: Java HotSpot(TM) 64-Bit Server VM (17.0.14+8-LTS-191, mixed mode, sharing, tiered, compressed oops, compressed class ptrs, g1 gc, windows-amd64)
# No core dump will be written. Minidumps are not enabled by default on client versions of Windows
#

---------------  S U M M A R Y ------------

Command Line: -Xmx64m -Xms64m -Dorg.gradle.appname=gradlew C:\rubi_web\CISC_Capstone\MiscueReading\android\\gradle\wrapper\gradle-wrapper.jar app:installDebug -PreactNativeDevServerPort=8081

Host: 13th Gen Intel(R) Core(TM) i5-13500HX, 20 cores, 7G,  Windows 11 , 64 bit Build 26100 (10.0.26100.7920)
Time: Mon Mar 16 19:51:47 2026 Malay Peninsula Standard Time elapsed time: 2.061906 seconds (0d 0h 0m 2s)

---------------  T H R E A D  ---------------

Current thread (0x000001780c4887f0):  JavaThread "Unknown thread" [_thread_in_vm, id=20816, stack(0x00000058ad400000,0x00000058ad500000)]

Stack: [0x00000058ad400000,0x00000058ad500000]
Native frames: (J=compiled Java code, j=interpreted, Vv=VM code, C=native code)
V  [jvm.dll+0x67a38a]
V  [jvm.dll+0x7da7ed]
V  [jvm.dll+0x7dc133]
V  [jvm.dll+0x7dc7a3]
V  [jvm.dll+0x24517f]
V  [jvm.dll+0x6773b9]
V  [jvm.dll+0x66c062]
V  [jvm.dll+0x302096]
V  [jvm.dll+0x309636]
V  [jvm.dll+0x359f8e]
V  [jvm.dll+0x35a1bf]
V  [jvm.dll+0x2d9168]
V  [jvm.dll+0x2da0d4]
V  [jvm.dll+0x7acf71]
V  [jvm.dll+0x3677f1]
V  [jvm.dll+0x78bdf9]
V  [jvm.dll+0x3ecbaf]
V  [jvm.dll+0x3ee7e1]
C  [jli.dll+0x5297]
C  [ucrtbase.dll+0x37b0]
C  [KERNEL32.DLL+0x2e8d7]
C  [ntdll.dll+0x8c48c]


---------------  P R O C E S S  ---------------

Threads class SMR info:
_java_thread_list=0x00007ffe8e998a18, length=0, elements={
}

Java Threads: ( => current thread )

Other Threads:
  0x000001780c4a72e0 GCTaskThread "GC Thread#0" [stack: 0x00000058ad500000,0x00000058ad600000] [id=20836]
  0x000001780c4a9f80 ConcurrentGCThread "G1 Main Marker" [stack: 0x00000058ad600000,0x00000058ad700000] [id=16960]
  0x000001780c4aa990 ConcurrentGCThread "G1 Conc#0" [stack: 0x00000058ad700000,0x00000058ad800000] [id=21612]

[error occurred during error reporting (printing all threads), id 0xc0000005, EXCEPTION_ACCESS_VIOLATION (0xc0000005) at pc=0x00007ffe8e1c9c57]

VM state: not at safepoint (not fully initialized)

VM Mutex/Monitor currently owned by a thread:  ([mutex/lock_event])
[0x000001780c4877f0] Heap_lock - owner thread: 0x000001780c4887f0

Heap address: 0x00000000fc000000, size: 64 MB, Compressed Oops mode: 32-bit

CDS archive(s) mapped at: [0x0000000000000000-0x0000000000000000-0x0000000000000000), size 0, SharedBaseAddress: 0x0000000800000000, ArchiveRelocationMode: 1.
Narrow klass base: 0x0000000000000000, Narrow klass shift: 0, Narrow klass range: 0x0

GC Precious Log:
<Empty>

Heap:
 garbage-first heap   total 0K, used 0K [0x00000000fc000000, 0x0000000100000000)
  region size 1024K, 0 young (0K), 0 survivors (0K)

[error occurred during error reporting (printing heap information), id 0xc0000005, EXCEPTION_ACCESS_VIOLATION (0xc0000005) at pc=0x00007ffe8e5b3b79]

GC Heap History (0 events):
No events

Deoptimization events (0 events):
No events

Classes unloaded (0 events):
No events

Classes redefined (0 events):
No events

Internal exceptions (0 events):
No events

VM Operations (0 events):
No events

Events (1 events):
Event: 0.023 Loaded shared library C:\Program Files\Java\jdk-17\bin\java.dll


Dynamic libraries:
0x00007ff7f7360000 - 0x00007ff7f7370000 	C:\Program Files\Java\jdk-17\bin\java.exe
0x00007fff10940000 - 0x00007fff10ba7000 	C:\WINDOWS\SYSTEM32\ntdll.dll
0x00007ffecbca0000 - 0x00007ffecbcc0000 	C:\Program Files\Avast Software\Avast\aswhook.dll
0x00007fff0fc10000 - 0x00007fff0fcd9000 	C:\WINDOWS\System32\KERNEL32.DLL
0x00007fff0d800000 - 0x00007fff0dbf1000 	C:\WINDOWS\System32\KERNELBASE.dll
0x00007fff0d680000 - 0x00007fff0d7cb000 	C:\WINDOWS\System32\ucrtbase.dll
0x00007ffef2b50000 - 0x00007ffef2b69000 	C:\Program Files\Java\jdk-17\bin\jli.dll
0x00007fff0f950000 - 0x00007fff0fa0b000 	C:\WINDOWS\System32\ADVAPI32.dll
0x00007fff10770000 - 0x00007fff10819000 	C:\WINDOWS\System32\msvcrt.dll
0x00007fff0fa30000 - 0x00007fff0fad7000 	C:\WINDOWS\System32\sechost.dll
0x00007fff0faf0000 - 0x00007fff0fc08000 	C:\WINDOWS\System32\RPCRT4.dll
0x00007fff0ffc0000 - 0x00007fff10185000 	C:\WINDOWS\System32\USER32.dll
0x00007ffef2580000 - 0x00007ffef259b000 	C:\Program Files\Java\jdk-17\bin\VCRUNTIME140.dll
0x00007fff0d7d0000 - 0x00007fff0d7f7000 	C:\WINDOWS\System32\win32u.dll
0x00007ffee8a60000 - 0x00007ffee8cf3000 	C:\WINDOWS\WinSxS\amd64_microsoft.windows.common-controls_6595b64144ccf1df_6.0.26100.8037_none_3e092faae333b53b\COMCTL32.dll
0x00007fff0ec60000 - 0x00007fff0ec8b000 	C:\WINDOWS\System32\GDI32.dll
0x00007fff0e5b0000 - 0x00007fff0e6db000 	C:\WINDOWS\System32\gdi32full.dll
0x00007fff0e500000 - 0x00007fff0e5a3000 	C:\WINDOWS\System32\msvcp_win.dll
0x00007fff05da0000 - 0x00007fff05dab000 	C:\WINDOWS\SYSTEM32\VERSION.dll
0x00007fff108a0000 - 0x00007fff108d1000 	C:\WINDOWS\System32\IMM32.DLL
0x00007fff07050000 - 0x00007fff0705c000 	C:\Program Files\Java\jdk-17\bin\vcruntime140_1.dll
0x00007ffeb05c0000 - 0x00007ffeb064e000 	C:\Program Files\Java\jdk-17\bin\msvcp140.dll
0x00007ffe8dee0000 - 0x00007ffe8eac1000 	C:\Program Files\Java\jdk-17\bin\server\jvm.dll
0x00007fff108f0000 - 0x00007fff108f8000 	C:\WINDOWS\System32\PSAPI.DLL
0x00007ffefe540000 - 0x00007ffefe575000 	C:\WINDOWS\SYSTEM32\WINMM.dll
0x00007ffef4b10000 - 0x00007ffef4b1a000 	C:\WINDOWS\SYSTEM32\WSOCK32.dll
0x00007fff10190000 - 0x00007fff10204000 	C:\WINDOWS\System32\WS2_32.dll
0x00007fff0bf70000 - 0x00007fff0bf8b000 	C:\WINDOWS\SYSTEM32\kernel.appcore.dll
0x00007ffef2b40000 - 0x00007ffef2b4a000 	C:\Program Files\Java\jdk-17\bin\jimage.dll
0x00007fff0b3b0000 - 0x00007fff0b5f2000 	C:\WINDOWS\SYSTEM32\DBGHELP.DLL
0x00007fff103e0000 - 0x00007fff10762000 	C:\WINDOWS\System32\combase.dll
0x00007fff0e9f0000 - 0x00007fff0eac7000 	C:\WINDOWS\System32\OLEAUT32.dll
0x00007ffefebe0000 - 0x00007ffefec1b000 	C:\WINDOWS\SYSTEM32\dbgcore.DLL
0x00007fff0d2e0000 - 0x00007fff0d385000 	C:\WINDOWS\System32\bcryptPrimitives.dll
0x00007ffee3600000 - 0x00007ffee3625000 	C:\Program Files\Java\jdk-17\bin\java.dll

dbghelp: loaded successfully - version: 4.0.5 - missing functions: none
symbol engine: initialized successfully - sym options: 0x614 - pdb path: .;C:\Program Files\Java\jdk-17\bin;C:\WINDOWS\SYSTEM32;C:\Program Files\Avast Software\Avast;C:\WINDOWS\WinSxS\amd64_microsoft.windows.common-controls_6595b64144ccf1df_6.0.26100.8037_none_3e092faae333b53b;C:\Program Files\Java\jdk-17\bin\server

VM Arguments:
jvm_args: -Xmx64m -Xms64m -Dorg.gradle.appname=gradlew 
java_command: C:\rubi_web\CISC_Capstone\MiscueReading\android\\gradle\wrapper\gradle-wrapper.jar app:installDebug -PreactNativeDevServerPort=8081
java_class_path (initial): C:\rubi_web\CISC_Capstone\MiscueReading\android\\gradle\wrapper\gradle-wrapper.jar
Launcher Type: SUN_STANDARD

[Global flags]
     intx CICompilerCount                          = 12                                        {product} {ergonomic}
     uint ConcGCThreads                            = 4                                         {product} {ergonomic}
     uint G1ConcRefinementThreads                  = 15                                        {product} {ergonomic}
   size_t G1HeapRegionSize                         = 1048576                                   {product} {ergonomic}
    uintx GCDrainStackTargetSize                   = 64                                        {product} {ergonomic}
   size_t InitialHeapSize                          = 67108864                                  {product} {command line}
   size_t MarkStackSize                            = 4194304                                   {product} {ergonomic}
   size_t MaxHeapSize                              = 67108864                                  {product} {command line}
   size_t MinHeapDeltaBytes                        = 1048576                                   {product} {ergonomic}
   size_t MinHeapSize                              = 67108864                                  {product} {command line}
    uintx NonNMethodCodeHeapSize                   = 7602480                                {pd product} {ergonomic}
    uintx NonProfiledCodeHeapSize                  = 122027880                              {pd product} {ergonomic}
    uintx ProfiledCodeHeapSize                     = 122027880                              {pd product} {ergonomic}
    uintx ReservedCodeCacheSize                    = 251658240                              {pd product} {ergonomic}
     bool SegmentedCodeCache                       = true                                      {product} {ergonomic}
   size_t SoftMaxHeapSize                          = 67108864                               {manageable} {ergonomic}
     bool UseCompressedClassPointers               = true                           {product lp64_product} {ergonomic}
     bool UseCompressedOops                        = true                           {product lp64_product} {ergonomic}
     bool UseG1GC                                  = true                                      {product} {ergonomic}
     bool UseLargePagesIndividualAllocation        = false                                  {pd product} {ergonomic}

Logging:
Log output configuration:
 #0: stdout all=warning uptime,level,tags
 #1: stderr all=off uptime,level,tags

Environment Variables:
JAVA_HOME=C:\Program Files\Java\jdk-17
PATH=C:\rubi_web\CISC_Capstone\MiscueReading\node_modules\.bin;C:\rubi_web\CISC_Capstone\node_modules\.bin;C:\rubi_web\node_modules\.bin;C:\node_modules\.bin;C:\Users\jibri\CONFIG~1\herd\bin\nvm\v22.9.0\node_modules\npm\node_modules\@npmcli\run-script\lib\node-gyp-bin;C:\Users\jibri\bin;C:\Program Files\Git\mingw64\bin;C:\Program Files\Git\usr\local\bin;C:\Program Files\Git\usr\bin;C:\Program Files\Git\usr\bin;C:\Program Files\Git\mingw64\bin;C:\Program Files\Git\usr\bin;C:\Users\jibri\bin;C:\Program Files\Microsoft\jdk-17.0.16.8-hotspot\bin;C:\ProgramData\Oracle\Java\javapath;C:\Program Files\NVIDIA GPU Computing Toolkit\CUDA\v12.8\bin;C:\Program Files\NVIDIA GPU Computing Toolkit\CUDA\v12.8\libnvvp;C:\Program Files\Common Files\Oracle\Java\javapath;C:\PHP\phpoldversion;C:\Windows\system32;C:\Windows;C:\Windows\System32\Wbem;C:\Windows\System32\WindowsPowerShell\v1.0;C:\Windows\System32\OpenSSH;C:\Program Files (x86)\NVIDIA Corporation\PhysX\Common;C:\Program Files\Microsoft SQL Server\150\Tools\Binn;C:\Program Files\Microsoft SQL Server\Client SDK\ODBC\170\Tools\Binn;C:\ProgramData\ComposerSetup\bin;C:\Users\jibri\.config\herd\bin\nvm;C:\Program Files\nodejs;C:\Program Files\Java\jdk-17\bin;C:\xampp\php;C:\WINDOWS\system32;C:\WINDOWS;C:\WINDOWS\System32\Wbem;C:\WINDOWS\System32\WindowsPowerShell\v1.0;C:\WINDOWS\System32\OpenSSH;C:\Program Files\nodejs;C:\Program Files\Git\cmd;C:\Program Files\Git\usr\bin;C:\Users\jibri\AppData\Local\Pub\Cache\bin;C:\Program Files\NVIDIA Corporation\NVIDIA app\NvDLISR;C:\Program Files\heroku\bin;C:\Program Files\NVIDIA Corporation\Nsight Compute 2025.1.1;C:\ProgramData\chocolatey\bin;C:\Users\jibri\AppData\Local\Programs\Python\Python310\Scripts;C:\Program Files\dotnet;C:\Program Files (x86)\Windows Kits\10\Windows Performance Toolkit;C:\Users\jibri\AppData\Local\Android\Sdk\platform-tools;C:\Program Files\Docker\Docker\resources\bin;C:\Program Files\MySQL\MySQL Shell 8.0\bin;C:\Users\jibri\AppData\Local\Programs\Python\Python310\Scri
USERNAME=jibri
SHELL=C:\Program Files\Git\usr\bin\bash.exe
DISPLAY=needs-to-be-defined
LANG=en_US.UTF-8
OS=Windows_NT
PROCESSOR_IDENTIFIER=Intel64 Family 6 Model 191 Stepping 2, GenuineIntel



---------------  S Y S T E M  ---------------

OS:
 Windows 11 , 64 bit Build 26100 (10.0.26100.7920)
OS uptime: 0 days 2:25 hours
Hyper-V role detected

CPU: total 20 (initial active 20) (10 cores per cpu, 2 threads per core) family 6 model 191 stepping 2 microcode 0x2c, cx8, cmov, fxsr, ht, mmx, 3dnowpref, sse, sse2, sse3, ssse3, sse4.1, sse4.2, popcnt, lzcnt, tsc, tscinvbit, avx, avx2, aes, erms, clmul, bmi1, bmi2, adx, sha, fma, vzeroupper, clflush, clflushopt, clwb, hv

Memory: 4k page, system-wide physical 7911M (674M free)
TotalPageFile size 32487M (AvailPageFile size 70M)
current process WorkingSet (physical memory assigned to process): 12M, peak: 12M
current process commit charge ("private bytes"): 74M, peak: 138M

vm_info: Java HotSpot(TM) 64-Bit Server VM (17.0.14+8-LTS-191) for windows-amd64 JRE (17.0.14+8-LTS-191), built on Dec  3 2024 11:07:59 by "mach5one" with MS VC++ 17.6 (VS2022)

END.
